Using GPU
Args in experiment:
[1mBasic Config[0m
  Task Name:          long_term_forecast  Is Training:        1                   
  Model ID:           LBsat_electricity_DLinear_5760_s2023Model:              DLinear             

[1mData Loader[0m
  Data:               custom              Root Path:          ./dataset/electricity/
  Data Path:          electricity.csv     Features:           M                   
  Target:             OT                  Freq:               h                   
  Checkpoints:        ./checkpoints/      

[1mForecasting Task[0m
  Seq Len:            5760                Label Len:          48                  
  Pred Len:           96                  Seasonal Patterns:  Monthly             
  Inverse:            0                   

[1mModel Parameters[0m
  Top k:              5                   Num Kernels:        6                   
  Enc In:             321                 Dec In:             321                 
  C Out:              321                 d model:            512                 
  n heads:            8                   e layers:           3                   
  d layers:           1                   d FF:               512                 
  Moving Avg:         25                  Factor:             3                   
  Distil:             1                   Dropout:            0.1                 
  Embed:              timeF               Activation:         gelu                

[1mRun Parameters[0m
  Num Workers:        2                   Itr:                1                   
  Train Epochs:       10                  Batch Size:         16                  
  Patience:           3                   Learning Rate:      0.0005              
  Des:                Exp                 Loss:               MSE                 
  Lradj:              type1               Use Amp:            0                   

[1mGPU[0m
  Use GPU:            1                   GPU:                0                   
  Use Multi GPU:      0                   Devices:            0,1,2,3             

[1mDe-stationary Projector Params[0m
  P Hidden Dims:      128, 128            P Hidden Layers:    2                   

Use GPU: cuda:0
🚀 Lazy Loading: DLinear ...
>>>>>>>start training : long_term_forecast_LBsat_electricity_DLinear_5760_s2023_DLinear_custom_ftM_sl5760_ll48_pl96_dm512_nh8_el3_dl1_df512_expand2_dc4_fc3_ebtimeF_dtTrue_Exp_0>>>>>>>>>>>>>>>>>>>>>>>>>>
train 12557
val 2537
test 5165
	iters: 100, epoch: 1 | loss: 0.1496650
	speed: 0.1289s/iter; left time: 999.2136s
	iters: 200, epoch: 1 | loss: 0.1300612
	speed: 0.1080s/iter; left time: 826.3620s
	iters: 300, epoch: 1 | loss: 0.2605800
	speed: 0.1082s/iter; left time: 817.2053s
	iters: 400, epoch: 1 | loss: 0.1600982
	speed: 0.1106s/iter; left time: 823.7768s
	iters: 500, epoch: 1 | loss: 0.1306661
	speed: 0.1066s/iter; left time: 783.5819s
	iters: 600, epoch: 1 | loss: 0.1953122
	speed: 0.1108s/iter; left time: 803.1229s
	iters: 700, epoch: 1 | loss: 0.1613303
	speed: 0.1115s/iter; left time: 797.1658s
Epoch: 1 cost time: 86.34931111335754
Epoch: 1, Steps: 785 | Train Loss: 0.1743009 Vali Loss: 0.1542797 Test Loss: 0.1668933
Validation loss decreased (inf --> 0.154280).  Saving model ...
Updating learning rate to 0.0005
	iters: 100, epoch: 2 | loss: 0.1490850
	speed: 0.7573s/iter; left time: 5275.4245s
	iters: 200, epoch: 2 | loss: 0.2205530
	speed: 0.1094s/iter; left time: 751.4795s
	iters: 300, epoch: 2 | loss: 0.1430888
	speed: 0.1057s/iter; left time: 715.4410s
	iters: 400, epoch: 2 | loss: 0.1518097
	speed: 0.1066s/iter; left time: 710.6129s
	iters: 500, epoch: 2 | loss: 0.1404553
	speed: 0.1055s/iter; left time: 692.7333s
	iters: 600, epoch: 2 | loss: 0.1346297
	speed: 0.1056s/iter; left time: 683.0079s
	iters: 700, epoch: 2 | loss: 0.1619019
	speed: 0.1083s/iter; left time: 689.5636s
Epoch: 2 cost time: 84.91744422912598
Epoch: 2, Steps: 785 | Train Loss: 0.1603482 Vali Loss: 0.1557992 Test Loss: 0.1747355
EarlyStopping counter: 1 out of 3
Updating learning rate to 0.00025
	iters: 100, epoch: 3 | loss: 0.1677493
	speed: 0.7545s/iter; left time: 4663.7359s
	iters: 200, epoch: 3 | loss: 0.1183141
	speed: 0.1101s/iter; left time: 669.7307s
	iters: 300, epoch: 3 | loss: 0.1195522
	speed: 0.1109s/iter; left time: 663.0094s
	iters: 400, epoch: 3 | loss: 0.1195783
	speed: 0.1123s/iter; left time: 660.2298s
	iters: 500, epoch: 3 | loss: 0.1297874
	speed: 0.1136s/iter; left time: 656.9545s
	iters: 600, epoch: 3 | loss: 0.1351412
	speed: 0.1138s/iter; left time: 646.6638s
	iters: 700, epoch: 3 | loss: 0.1154182
	speed: 0.1135s/iter; left time: 633.5805s
Epoch: 3 cost time: 88.51629948616028
Epoch: 3, Steps: 785 | Train Loss: 0.1387320 Vali Loss: 0.1273122 Test Loss: 0.1470263
Validation loss decreased (0.154280 --> 0.127312).  Saving model ...
Updating learning rate to 0.000125
	iters: 100, epoch: 4 | loss: 0.1338200
	speed: 0.7421s/iter; left time: 4004.3282s
	iters: 200, epoch: 4 | loss: 0.1189209
	speed: 0.1040s/iter; left time: 550.7609s
	iters: 300, epoch: 4 | loss: 0.1379270
	speed: 0.1038s/iter; left time: 539.3950s
	iters: 400, epoch: 4 | loss: 0.1220649
	speed: 0.1036s/iter; left time: 528.0042s
	iters: 500, epoch: 4 | loss: 0.1234429
	speed: 0.1034s/iter; left time: 516.8097s
	iters: 600, epoch: 4 | loss: 0.1257989
	speed: 0.1036s/iter; left time: 507.2196s
	iters: 700, epoch: 4 | loss: 0.1095467
	speed: 0.1033s/iter; left time: 495.6308s
Epoch: 4 cost time: 81.76200270652771
Epoch: 4, Steps: 785 | Train Loss: 0.1314391 Vali Loss: 0.1202137 Test Loss: 0.1417216
Validation loss decreased (0.127312 --> 0.120214).  Saving model ...
Updating learning rate to 6.25e-05
	iters: 100, epoch: 5 | loss: 0.1382360
	speed: 0.7146s/iter; left time: 3295.0504s
	iters: 200, epoch: 5 | loss: 0.1114836
	speed: 0.1048s/iter; left time: 472.6144s
	iters: 300, epoch: 5 | loss: 0.1391380
	speed: 0.1065s/iter; left time: 469.9442s
	iters: 400, epoch: 5 | loss: 0.1168606
	speed: 0.1049s/iter; left time: 452.1868s
	iters: 500, epoch: 5 | loss: 0.1180839
	speed: 0.1053s/iter; left time: 443.2367s
	iters: 600, epoch: 5 | loss: 0.1060399
	speed: 0.1049s/iter; left time: 431.2643s
	iters: 700, epoch: 5 | loss: 0.1126400
	speed: 0.1054s/iter; left time: 422.6454s
Epoch: 5 cost time: 83.45549130439758
Epoch: 5, Steps: 785 | Train Loss: 0.1280342 Vali Loss: 0.1136993 Test Loss: 0.1340340
Validation loss decreased (0.120214 --> 0.113699).  Saving model ...
Updating learning rate to 3.125e-05
	iters: 100, epoch: 6 | loss: 0.1219334
	speed: 0.6977s/iter; left time: 2669.5461s
	iters: 200, epoch: 6 | loss: 0.1410807
	speed: 0.1023s/iter; left time: 381.0433s
	iters: 300, epoch: 6 | loss: 0.1580946
	speed: 0.1024s/iter; left time: 371.4435s
	iters: 400, epoch: 6 | loss: 0.1104643
	speed: 0.1038s/iter; left time: 366.1011s
	iters: 500, epoch: 6 | loss: 0.1033452
	speed: 0.1036s/iter; left time: 354.7825s
	iters: 600, epoch: 6 | loss: 0.1428685
	speed: 0.1029s/iter; left time: 342.3964s
	iters: 700, epoch: 6 | loss: 0.1381423
	speed: 0.1025s/iter; left time: 330.5679s
Epoch: 6 cost time: 81.03682684898376
Epoch: 6, Steps: 785 | Train Loss: 0.1261147 Vali Loss: 0.1104570 Test Loss: 0.1312309
Validation loss decreased (0.113699 --> 0.110457).  Saving model ...
Updating learning rate to 1.5625e-05
	iters: 100, epoch: 7 | loss: 0.1140638
	speed: 0.7018s/iter; left time: 2134.3257s
	iters: 200, epoch: 7 | loss: 0.1077320
	speed: 0.1050s/iter; left time: 308.8173s
	iters: 300, epoch: 7 | loss: 0.1312695
	speed: 0.1055s/iter; left time: 299.7625s
	iters: 400, epoch: 7 | loss: 0.1884506
	speed: 0.1056s/iter; left time: 289.5597s
	iters: 500, epoch: 7 | loss: 0.1502749
	speed: 0.1046s/iter; left time: 276.2885s
	iters: 600, epoch: 7 | loss: 0.1574343
	speed: 0.1052s/iter; left time: 267.4208s
	iters: 700, epoch: 7 | loss: 0.1172443
	speed: 0.1045s/iter; left time: 255.1257s
Epoch: 7 cost time: 82.77641916275024
Epoch: 7, Steps: 785 | Train Loss: 0.1251353 Vali Loss: 0.1106512 Test Loss: 0.1311261
EarlyStopping counter: 1 out of 3
Updating learning rate to 7.8125e-06
	iters: 100, epoch: 8 | loss: 0.1099543
	speed: 0.6820s/iter; left time: 1538.5323s
	iters: 200, epoch: 8 | loss: 0.1071797
	speed: 0.1000s/iter; left time: 215.7013s
	iters: 300, epoch: 8 | loss: 0.1620587
	speed: 0.1002s/iter; left time: 206.0675s
	iters: 400, epoch: 8 | loss: 0.1374874
	speed: 0.1003s/iter; left time: 196.2538s
	iters: 500, epoch: 8 | loss: 0.0987526
	speed: 0.1001s/iter; left time: 185.7218s
	iters: 600, epoch: 8 | loss: 0.1377212
	speed: 0.1001s/iter; left time: 175.7762s
	iters: 700, epoch: 8 | loss: 0.1098642
	speed: 0.1001s/iter; left time: 165.7055s
Epoch: 8 cost time: 79.03068375587463
Epoch: 8, Steps: 785 | Train Loss: 0.1246265 Vali Loss: 0.1095371 Test Loss: 0.1300089
Validation loss decreased (0.110457 --> 0.109537).  Saving model ...
Updating learning rate to 3.90625e-06
	iters: 100, epoch: 9 | loss: 0.0991233
	speed: 0.6598s/iter; left time: 970.5101s
	iters: 200, epoch: 9 | loss: 0.1356847
	speed: 0.0999s/iter; left time: 136.9133s
	iters: 300, epoch: 9 | loss: 0.1403403
	speed: 0.0996s/iter; left time: 126.6491s
	iters: 400, epoch: 9 | loss: 0.1065300
	speed: 0.0998s/iter; left time: 116.8285s
	iters: 500, epoch: 9 | loss: 0.1129792
	speed: 0.0994s/iter; left time: 106.4814s
	iters: 600, epoch: 9 | loss: 0.1277298
	speed: 0.0993s/iter; left time: 96.3757s
	iters: 700, epoch: 9 | loss: 0.1402164
	speed: 0.0991s/iter; left time: 86.2893s
Epoch: 9 cost time: 78.29478740692139
Epoch: 9, Steps: 785 | Train Loss: 0.1242971 Vali Loss: 0.1091052 Test Loss: 0.1299982
Validation loss decreased (0.109537 --> 0.109105).  Saving model ...
Updating learning rate to 1.953125e-06
	iters: 100, epoch: 10 | loss: 0.1374374
	speed: 0.6596s/iter; left time: 452.4996s
	iters: 200, epoch: 10 | loss: 0.1287535
	speed: 0.0991s/iter; left time: 58.0636s
	iters: 300, epoch: 10 | loss: 0.1094933
	speed: 0.0991s/iter; left time: 48.1662s
	iters: 400, epoch: 10 | loss: 0.1125102
	speed: 0.0993s/iter; left time: 38.3341s
	iters: 500, epoch: 10 | loss: 0.1379516
	speed: 0.1000s/iter; left time: 28.5864s
	iters: 600, epoch: 10 | loss: 0.1099068
	speed: 0.0993s/iter; left time: 18.4627s
	iters: 700, epoch: 10 | loss: 0.0953695
	speed: 0.0988s/iter; left time: 8.4975s
Epoch: 10 cost time: 78.26411414146423
Epoch: 10, Steps: 785 | Train Loss: 0.1241121 Vali Loss: 0.1086985 Test Loss: 0.1293806
Validation loss decreased (0.109105 --> 0.108699).  Saving model ...
Updating learning rate to 9.765625e-07
>>>>>>>testing : long_term_forecast_LBsat_electricity_DLinear_5760_s2023_DLinear_custom_ftM_sl5760_ll48_pl96_dm512_nh8_el3_dl1_df512_expand2_dc4_fc3_ebtimeF_dtTrue_Exp_0<<<<<<<<<<<<<<<<<<<<<<<<<<<<<<<<<
test 5165
test shape: (5165, 96, 321) (5165, 96, 321)
test shape: (5165, 96, 321) (5165, 96, 321)
mse:0.12935705482959747, mae:0.22842063009738922, dtw:Not calculated
