Using GPU
Args in experiment:
[1mBasic Config[0m
  Task Name:          long_term_forecast  Is Training:        1                   
  Model ID:           LBsat_electricity_DLinear_2880_s2021Model:              DLinear             

[1mData Loader[0m
  Data:               custom              Root Path:          ./dataset/electricity/
  Data Path:          electricity.csv     Features:           M                   
  Target:             OT                  Freq:               h                   
  Checkpoints:        ./checkpoints/      

[1mForecasting Task[0m
  Seq Len:            2880                Label Len:          48                  
  Pred Len:           96                  Seasonal Patterns:  Monthly             
  Inverse:            0                   

[1mModel Parameters[0m
  Top k:              5                   Num Kernels:        6                   
  Enc In:             321                 Dec In:             321                 
  C Out:              321                 d model:            512                 
  n heads:            8                   e layers:           3                   
  d layers:           1                   d FF:               512                 
  Moving Avg:         25                  Factor:             3                   
  Distil:             1                   Dropout:            0.1                 
  Embed:              timeF               Activation:         gelu                

[1mRun Parameters[0m
  Num Workers:        2                   Itr:                1                   
  Train Epochs:       10                  Batch Size:         16                  
  Patience:           3                   Learning Rate:      0.0005              
  Des:                Exp                 Loss:               MSE                 
  Lradj:              type1               Use Amp:            0                   

[1mGPU[0m
  Use GPU:            1                   GPU:                0                   
  Use Multi GPU:      0                   Devices:            0,1,2,3             

[1mDe-stationary Projector Params[0m
  P Hidden Dims:      128, 128            P Hidden Layers:    2                   

Use GPU: cuda:0
🚀 Lazy Loading: DLinear ...
>>>>>>>start training : long_term_forecast_LBsat_electricity_DLinear_2880_s2021_DLinear_custom_ftM_sl2880_ll48_pl96_dm512_nh8_el3_dl1_df512_expand2_dc4_fc3_ebtimeF_dtTrue_Exp_0>>>>>>>>>>>>>>>>>>>>>>>>>>
train window subsample: keep 12557/15437 windows (max_train_windows=12557)
train 12557
val 2537
test 5165
	iters: 100, epoch: 1 | loss: 0.1370167
	speed: 0.0682s/iter; left time: 528.8773s
	iters: 200, epoch: 1 | loss: 0.1326430
	speed: 0.0512s/iter; left time: 391.7802s
	iters: 300, epoch: 1 | loss: 0.1622658
	speed: 0.0507s/iter; left time: 382.9612s
	iters: 400, epoch: 1 | loss: 0.1476464
	speed: 0.0509s/iter; left time: 378.9513s
	iters: 500, epoch: 1 | loss: 0.1825581
	speed: 0.0509s/iter; left time: 374.4477s
	iters: 600, epoch: 1 | loss: 0.1142543
	speed: 0.0507s/iter; left time: 367.7002s
	iters: 700, epoch: 1 | loss: 0.1374776
	speed: 0.0505s/iter; left time: 361.4225s
Epoch: 1 cost time: 40.289411783218384
Epoch: 1, Steps: 785 | Train Loss: 0.1560175 Vali Loss: 0.1275857 Test Loss: 0.1478896
Validation loss decreased (inf --> 0.127586).  Saving model ...
Updating learning rate to 0.0005
	iters: 100, epoch: 2 | loss: 0.1406504
	speed: 0.3342s/iter; left time: 2327.8150s
	iters: 200, epoch: 2 | loss: 0.1876369
	speed: 0.0492s/iter; left time: 337.8004s
	iters: 300, epoch: 2 | loss: 0.1558994
	speed: 0.0498s/iter; left time: 337.0350s
	iters: 400, epoch: 2 | loss: 0.1784879
	speed: 0.0492s/iter; left time: 328.1992s
	iters: 500, epoch: 2 | loss: 0.1278322
	speed: 0.0489s/iter; left time: 321.3233s
	iters: 600, epoch: 2 | loss: 0.1449531
	speed: 0.0490s/iter; left time: 316.8160s
	iters: 700, epoch: 2 | loss: 0.1244278
	speed: 0.0489s/iter; left time: 311.3046s
Epoch: 2 cost time: 38.82999801635742
Epoch: 2, Steps: 785 | Train Loss: 0.1440264 Vali Loss: 0.1261642 Test Loss: 0.1459838
Validation loss decreased (0.127586 --> 0.126164).  Saving model ...
Updating learning rate to 0.00025
	iters: 100, epoch: 3 | loss: 0.1521169
	speed: 0.3462s/iter; left time: 2139.5802s
	iters: 200, epoch: 3 | loss: 0.1430427
	speed: 0.0511s/iter; left time: 310.7352s
	iters: 300, epoch: 3 | loss: 0.1240927
	speed: 0.0510s/iter; left time: 305.0450s
	iters: 400, epoch: 3 | loss: 0.1350515
	speed: 0.0509s/iter; left time: 299.1447s
	iters: 500, epoch: 3 | loss: 0.1400872
	speed: 0.0509s/iter; left time: 294.4153s
	iters: 600, epoch: 3 | loss: 0.1529396
	speed: 0.0505s/iter; left time: 286.7897s
	iters: 700, epoch: 3 | loss: 0.1191043
	speed: 0.0508s/iter; left time: 283.5766s
Epoch: 3 cost time: 40.08369016647339
Epoch: 3, Steps: 785 | Train Loss: 0.1334689 Vali Loss: 0.1174604 Test Loss: 0.1364439
Validation loss decreased (0.126164 --> 0.117460).  Saving model ...
Updating learning rate to 0.000125
	iters: 100, epoch: 4 | loss: 0.1380226
	speed: 0.3426s/iter; left time: 1848.4170s
	iters: 200, epoch: 4 | loss: 0.1458523
	speed: 0.0505s/iter; left time: 267.6682s
	iters: 300, epoch: 4 | loss: 0.1281929
	speed: 0.0505s/iter; left time: 262.6035s
	iters: 400, epoch: 4 | loss: 0.1493585
	speed: 0.0499s/iter; left time: 254.3068s
	iters: 500, epoch: 4 | loss: 0.1218149
	speed: 0.0502s/iter; left time: 250.8281s
	iters: 600, epoch: 4 | loss: 0.1195489
	speed: 0.0505s/iter; left time: 247.2779s
	iters: 700, epoch: 4 | loss: 0.1055449
	speed: 0.0506s/iter; left time: 242.8973s
Epoch: 4 cost time: 39.767560958862305
Epoch: 4, Steps: 785 | Train Loss: 0.1301682 Vali Loss: 0.1136053 Test Loss: 0.1336665
Validation loss decreased (0.117460 --> 0.113605).  Saving model ...
Updating learning rate to 6.25e-05
	iters: 100, epoch: 5 | loss: 0.1381361
	speed: 0.3381s/iter; left time: 1558.9856s
	iters: 200, epoch: 5 | loss: 0.1246200
	speed: 0.0516s/iter; left time: 232.9575s
	iters: 300, epoch: 5 | loss: 0.1611341
	speed: 0.0513s/iter; left time: 226.3997s
	iters: 400, epoch: 5 | loss: 0.1216908
	speed: 0.0522s/iter; left time: 224.8769s
	iters: 500, epoch: 5 | loss: 0.1613595
	speed: 0.0518s/iter; left time: 218.0407s
	iters: 600, epoch: 5 | loss: 0.1580554
	speed: 0.0515s/iter; left time: 211.8816s
	iters: 700, epoch: 5 | loss: 0.1004559
	speed: 0.0535s/iter; left time: 214.5992s
Epoch: 5 cost time: 40.8013014793396
Epoch: 5, Steps: 785 | Train Loss: 0.1280665 Vali Loss: 0.1135171 Test Loss: 0.1328073
Validation loss decreased (0.113605 --> 0.113517).  Saving model ...
Updating learning rate to 3.125e-05
	iters: 100, epoch: 6 | loss: 0.1146986
	speed: 0.3503s/iter; left time: 1340.3969s
	iters: 200, epoch: 6 | loss: 0.1048282
	speed: 0.0515s/iter; left time: 191.8941s
	iters: 300, epoch: 6 | loss: 0.1308406
	speed: 0.0511s/iter; left time: 185.3995s
	iters: 400, epoch: 6 | loss: 0.1286913
	speed: 0.0516s/iter; left time: 181.9696s
	iters: 500, epoch: 6 | loss: 0.1305380
	speed: 0.0542s/iter; left time: 185.6737s
	iters: 600, epoch: 6 | loss: 0.1126114
	speed: 0.0546s/iter; left time: 181.7197s
	iters: 700, epoch: 6 | loss: 0.1519985
	speed: 0.0524s/iter; left time: 169.1017s
Epoch: 6 cost time: 41.31644082069397
Epoch: 6, Steps: 785 | Train Loss: 0.1272086 Vali Loss: 0.1117979 Test Loss: 0.1309949
Validation loss decreased (0.113517 --> 0.111798).  Saving model ...
Updating learning rate to 1.5625e-05
	iters: 100, epoch: 7 | loss: 0.0999580
	speed: 0.3552s/iter; left time: 1080.1678s
	iters: 200, epoch: 7 | loss: 0.1435571
	speed: 0.0524s/iter; left time: 154.2109s
	iters: 300, epoch: 7 | loss: 0.1274700
	speed: 0.0531s/iter; left time: 150.8997s
	iters: 400, epoch: 7 | loss: 0.1155711
	speed: 0.0509s/iter; left time: 139.5175s
	iters: 500, epoch: 7 | loss: 0.1576761
	speed: 0.0531s/iter; left time: 140.3574s
	iters: 600, epoch: 7 | loss: 0.1302020
	speed: 0.0546s/iter; left time: 138.8034s
	iters: 700, epoch: 7 | loss: 0.1303689
	speed: 0.0538s/iter; left time: 131.3039s
Epoch: 7 cost time: 41.95614004135132
Epoch: 7, Steps: 785 | Train Loss: 0.1265346 Vali Loss: 0.1097662 Test Loss: 0.1294701
Validation loss decreased (0.111798 --> 0.109766).  Saving model ...
Updating learning rate to 7.8125e-06
	iters: 100, epoch: 8 | loss: 0.1203570
	speed: 0.3622s/iter; left time: 817.1844s
	iters: 200, epoch: 8 | loss: 0.1773216
	speed: 0.0522s/iter; left time: 112.5433s
	iters: 300, epoch: 8 | loss: 0.1371969
	speed: 0.0518s/iter; left time: 106.3985s
	iters: 400, epoch: 8 | loss: 0.1027167
	speed: 0.0509s/iter; left time: 99.4671s
	iters: 500, epoch: 8 | loss: 0.0970889
	speed: 0.0536s/iter; left time: 99.4099s
	iters: 600, epoch: 8 | loss: 0.1211708
	speed: 0.0539s/iter; left time: 94.6782s
	iters: 700, epoch: 8 | loss: 0.1221004
	speed: 0.0528s/iter; left time: 87.4680s
Epoch: 8 cost time: 41.41531229019165
Epoch: 8, Steps: 785 | Train Loss: 0.1262119 Vali Loss: 0.1095355 Test Loss: 0.1292511
Validation loss decreased (0.109766 --> 0.109535).  Saving model ...
Updating learning rate to 3.90625e-06
	iters: 100, epoch: 9 | loss: 0.1363936
	speed: 0.3553s/iter; left time: 522.6989s
	iters: 200, epoch: 9 | loss: 0.1171505
	speed: 0.0519s/iter; left time: 71.1179s
	iters: 300, epoch: 9 | loss: 0.1050784
	speed: 0.0519s/iter; left time: 65.9641s
	iters: 400, epoch: 9 | loss: 0.1461393
	speed: 0.0523s/iter; left time: 61.2036s
	iters: 500, epoch: 9 | loss: 0.0988004
	speed: 0.0518s/iter; left time: 55.5038s
	iters: 600, epoch: 9 | loss: 0.1110877
	speed: 0.0527s/iter; left time: 51.2165s
	iters: 700, epoch: 9 | loss: 0.1627540
	speed: 0.0527s/iter; left time: 45.9305s
Epoch: 9 cost time: 41.32074046134949
Epoch: 9, Steps: 785 | Train Loss: 0.1260161 Vali Loss: 0.1098201 Test Loss: 0.1294215
EarlyStopping counter: 1 out of 3
Updating learning rate to 1.953125e-06
	iters: 100, epoch: 10 | loss: 0.1650220
	speed: 0.3500s/iter; left time: 240.1246s
	iters: 200, epoch: 10 | loss: 0.1145223
	speed: 0.0516s/iter; left time: 30.2288s
	iters: 300, epoch: 10 | loss: 0.0982459
	speed: 0.0513s/iter; left time: 24.9130s
	iters: 400, epoch: 10 | loss: 0.1137334
	speed: 0.0531s/iter; left time: 20.4782s
	iters: 500, epoch: 10 | loss: 0.1611631
	speed: 0.0518s/iter; left time: 14.8101s
	iters: 600, epoch: 10 | loss: 0.1281731
	speed: 0.0518s/iter; left time: 9.6347s
	iters: 700, epoch: 10 | loss: 0.1013189
	speed: 0.0515s/iter; left time: 4.4247s
Epoch: 10 cost time: 40.814523458480835
Epoch: 10, Steps: 785 | Train Loss: 0.1259422 Vali Loss: 0.1091603 Test Loss: 0.1289862
Validation loss decreased (0.109535 --> 0.109160).  Saving model ...
Updating learning rate to 9.765625e-07
>>>>>>>testing : long_term_forecast_LBsat_electricity_DLinear_2880_s2021_DLinear_custom_ftM_sl2880_ll48_pl96_dm512_nh8_el3_dl1_df512_expand2_dc4_fc3_ebtimeF_dtTrue_Exp_0<<<<<<<<<<<<<<<<<<<<<<<<<<<<<<<<<
test 5165
test shape: (5165, 96, 321) (5165, 96, 321)
test shape: (5165, 96, 321) (5165, 96, 321)
mse:0.1289668083190918, mae:0.2264442890882492, dtw:Not calculated
