Using GPU
Args in experiment:
[1mBasic Config[0m
  Task Name:          long_term_forecast  Is Training:        1                   
  Model ID:           LBsat_traffic_DLinear_5760_s2022Model:              DLinear             

[1mData Loader[0m
  Data:               custom              Root Path:          ./dataset/traffic/  
  Data Path:          traffic.csv         Features:           M                   
  Target:             OT                  Freq:               h                   
  Checkpoints:        ./checkpoints/      

[1mForecasting Task[0m
  Seq Len:            5760                Label Len:          48                  
  Pred Len:           96                  Seasonal Patterns:  Monthly             
  Inverse:            0                   

[1mModel Parameters[0m
  Top k:              5                   Num Kernels:        6                   
  Enc In:             862                 Dec In:             862                 
  C Out:              862                 d model:            512                 
  n heads:            8                   e layers:           3                   
  d layers:           1                   d FF:               512                 
  Moving Avg:         25                  Factor:             3                   
  Distil:             1                   Dropout:            0.1                 
  Embed:              timeF               Activation:         gelu                

[1mRun Parameters[0m
  Num Workers:        2                   Itr:                1                   
  Train Epochs:       10                  Batch Size:         16                  
  Patience:           3                   Learning Rate:      0.0005              
  Des:                Exp                 Loss:               MSE                 
  Lradj:              type1               Use Amp:            0                   

[1mGPU[0m
  Use GPU:            1                   GPU:                0                   
  Use Multi GPU:      0                   Devices:            0,1,2,3             

[1mDe-stationary Projector Params[0m
  P Hidden Dims:      128, 128            P Hidden Layers:    2                   

Use GPU: cuda:0
🚀 Lazy Loading: DLinear ...
>>>>>>>start training : long_term_forecast_LBsat_traffic_DLinear_5760_s2022_DLinear_custom_ftM_sl5760_ll48_pl96_dm512_nh8_el3_dl1_df512_expand2_dc4_fc3_ebtimeF_dtTrue_Exp_0>>>>>>>>>>>>>>>>>>>>>>>>>>
train 6425
val 1661
test 3413
	iters: 100, epoch: 1 | loss: 0.2915047
	speed: 0.3509s/iter; left time: 1376.0599s
	iters: 200, epoch: 1 | loss: 0.2730545
	speed: 0.3237s/iter; left time: 1236.9508s
	iters: 300, epoch: 1 | loss: 0.2879535
	speed: 0.3532s/iter; left time: 1314.3782s
	iters: 400, epoch: 1 | loss: 0.2892598
	speed: 0.3480s/iter; left time: 1260.1254s
Epoch: 1 cost time: 137.02067875862122
Epoch: 1, Steps: 402 | Train Loss: 0.3111703 Vali Loss: 0.3836282 Test Loss: 0.4437676
Validation loss decreased (inf --> 0.383628).  Saving model ...
Updating learning rate to 0.0005
	iters: 100, epoch: 2 | loss: 0.2651240
	speed: 1.5426s/iter; left time: 5428.5772s
	iters: 200, epoch: 2 | loss: 0.2994287
	speed: 0.4004s/iter; left time: 1368.9595s
	iters: 300, epoch: 2 | loss: 0.3212132
	speed: 0.3905s/iter; left time: 1296.1585s
	iters: 400, epoch: 2 | loss: 0.2989665
	speed: 0.3942s/iter; left time: 1268.7897s
Epoch: 2 cost time: 158.21424841880798
Epoch: 2, Steps: 402 | Train Loss: 0.2850828 Vali Loss: 0.3858215 Test Loss: 0.4479789
EarlyStopping counter: 1 out of 3
Updating learning rate to 0.00025
	iters: 100, epoch: 3 | loss: 0.2523206
	speed: 1.6754s/iter; left time: 5222.2963s
	iters: 200, epoch: 3 | loss: 0.2698352
	speed: 0.3954s/iter; left time: 1192.8403s
	iters: 300, epoch: 3 | loss: 0.2706183
	speed: 0.3945s/iter; left time: 1150.8472s
	iters: 400, epoch: 3 | loss: 0.2374450
	speed: 0.3920s/iter; left time: 1104.2642s
Epoch: 3 cost time: 158.9040982723236
Epoch: 3, Steps: 402 | Train Loss: 0.2493479 Vali Loss: 0.3493061 Test Loss: 0.4053123
Validation loss decreased (0.383628 --> 0.349306).  Saving model ...
Updating learning rate to 0.000125
	iters: 100, epoch: 4 | loss: 0.2321262
	speed: 1.6544s/iter; left time: 4491.7738s
	iters: 200, epoch: 4 | loss: 0.2314182
	speed: 0.3569s/iter; left time: 933.2244s
	iters: 300, epoch: 4 | loss: 0.2644548
	speed: 0.3559s/iter; left time: 895.0687s
	iters: 400, epoch: 4 | loss: 0.2708579
	speed: 0.3539s/iter; left time: 854.6975s
Epoch: 4 cost time: 145.31806111335754
Epoch: 4, Steps: 402 | Train Loss: 0.2391048 Vali Loss: 0.3348940 Test Loss: 0.3884351
Validation loss decreased (0.349306 --> 0.334894).  Saving model ...
Updating learning rate to 6.25e-05
	iters: 100, epoch: 5 | loss: 0.2539272
	speed: 1.7260s/iter; left time: 3992.1830s
	iters: 200, epoch: 5 | loss: 0.2117814
	speed: 0.3823s/iter; left time: 846.0906s
	iters: 300, epoch: 5 | loss: 0.2426974
	speed: 0.3919s/iter; left time: 828.0975s
	iters: 400, epoch: 5 | loss: 0.2538104
	speed: 0.4089s/iter; left time: 823.1858s
Epoch: 5 cost time: 159.96134662628174
Epoch: 5, Steps: 402 | Train Loss: 0.2345679 Vali Loss: 0.3314305 Test Loss: 0.3844338
Validation loss decreased (0.334894 --> 0.331430).  Saving model ...
Updating learning rate to 3.125e-05
	iters: 100, epoch: 6 | loss: 0.1999700
	speed: 1.7255s/iter; left time: 3297.4333s
	iters: 200, epoch: 6 | loss: 0.2616382
	speed: 0.4080s/iter; left time: 738.9777s
	iters: 300, epoch: 6 | loss: 0.2404247
	speed: 0.3975s/iter; left time: 680.1637s
	iters: 400, epoch: 6 | loss: 0.2140072
	speed: 0.4243s/iter; left time: 683.5348s
Epoch: 6 cost time: 163.69794464111328
Epoch: 6, Steps: 402 | Train Loss: 0.2322791 Vali Loss: 0.3298571 Test Loss: 0.3824816
Validation loss decreased (0.331430 --> 0.329857).  Saving model ...
Updating learning rate to 1.5625e-05
	iters: 100, epoch: 7 | loss: 0.2028542
	speed: 1.7499s/iter; left time: 2640.5968s
	iters: 200, epoch: 7 | loss: 0.2608136
	speed: 0.4001s/iter; left time: 563.6880s
	iters: 300, epoch: 7 | loss: 0.2368834
	speed: 0.4050s/iter; left time: 530.0884s
	iters: 400, epoch: 7 | loss: 0.2522396
	speed: 0.3880s/iter; left time: 469.1261s
Epoch: 7 cost time: 163.90413641929626
Epoch: 7, Steps: 402 | Train Loss: 0.2310569 Vali Loss: 0.3286671 Test Loss: 0.3806268
Validation loss decreased (0.329857 --> 0.328667).  Saving model ...
Updating learning rate to 7.8125e-06
	iters: 100, epoch: 8 | loss: 0.2151336
	speed: 1.6597s/iter; left time: 1837.3106s
	iters: 200, epoch: 8 | loss: 0.2424590
	speed: 0.4308s/iter; left time: 433.7931s
	iters: 300, epoch: 8 | loss: 0.2334436
	speed: 0.4022s/iter; left time: 364.8163s
	iters: 400, epoch: 8 | loss: 0.2635393
	speed: 0.3899s/iter; left time: 314.6506s
Epoch: 8 cost time: 164.06563639640808
Epoch: 8, Steps: 402 | Train Loss: 0.2303814 Vali Loss: 0.3285864 Test Loss: 0.3803432
Validation loss decreased (0.328667 --> 0.328586).  Saving model ...
Updating learning rate to 3.90625e-06
	iters: 100, epoch: 9 | loss: 0.2304165
	speed: 1.7562s/iter; left time: 1238.1182s
	iters: 200, epoch: 9 | loss: 0.2257578
	speed: 0.3227s/iter; left time: 195.2223s
	iters: 300, epoch: 9 | loss: 0.2090805
	speed: 0.3756s/iter; left time: 189.7006s
	iters: 400, epoch: 9 | loss: 0.2488809
	speed: 0.4386s/iter; left time: 177.6498s
Epoch: 9 cost time: 155.36967396736145
Epoch: 9, Steps: 402 | Train Loss: 0.2300586 Vali Loss: 0.3289330 Test Loss: 0.3797525
EarlyStopping counter: 1 out of 3
Updating learning rate to 1.953125e-06
	iters: 100, epoch: 10 | loss: 0.2407399
	speed: 1.7681s/iter; left time: 535.7435s
	iters: 200, epoch: 10 | loss: 0.2301990
	speed: 0.3235s/iter; left time: 65.6801s
	iters: 300, epoch: 10 | loss: 0.2244910
	speed: 0.3256s/iter; left time: 33.5380s
	iters: 400, epoch: 10 | loss: 0.2111136
	speed: 0.3200s/iter; left time: 0.9599s
Epoch: 10 cost time: 131.29881739616394
Epoch: 10, Steps: 402 | Train Loss: 0.2298209 Vali Loss: 0.3284242 Test Loss: 0.3795557
Validation loss decreased (0.328586 --> 0.328424).  Saving model ...
Updating learning rate to 9.765625e-07
>>>>>>>testing : long_term_forecast_LBsat_traffic_DLinear_5760_s2022_DLinear_custom_ftM_sl5760_ll48_pl96_dm512_nh8_el3_dl1_df512_expand2_dc4_fc3_ebtimeF_dtTrue_Exp_0<<<<<<<<<<<<<<<<<<<<<<<<<<<<<<<<<
test 3413
test shape: (3413, 96, 862) (3413, 96, 862)
test shape: (3413, 96, 862) (3413, 96, 862)
mse:0.37983590364456177, mae:0.27599889039993286, dtw:Not calculated
