Using GPU
Args in experiment:
[1mBasic Config[0m
  Task Name:          long_term_forecast  Is Training:        1                   
  Model ID:           LBv2_electricity_PatchTST_2880_s2023Model:              PatchTST            

[1mData Loader[0m
  Data:               custom              Root Path:          ./dataset/electricity/
  Data Path:          electricity.csv     Features:           M                   
  Target:             OT                  Freq:               h                   
  Checkpoints:        ./checkpoints/      

[1mForecasting Task[0m
  Seq Len:            2880                Label Len:          48                  
  Pred Len:           96                  Seasonal Patterns:  Monthly             
  Inverse:            0                   

[1mModel Parameters[0m
  Top k:              5                   Num Kernels:        6                   
  Enc In:             321                 Dec In:             321                 
  C Out:              321                 d model:            512                 
  n heads:            8                   e layers:           2                   
  d layers:           1                   d FF:               2048                
  Moving Avg:         25                  Factor:             3                   
  Distil:             1                   Dropout:            0.1                 
  Embed:              timeF               Activation:         gelu                

[1mRun Parameters[0m
  Num Workers:        2                   Itr:                1                   
  Train Epochs:       10                  Batch Size:         4                   
  Patience:           3                   Learning Rate:      0.0001              
  Des:                Exp                 Loss:               MSE                 
  Lradj:              type1               Use Amp:            0                   

[1mGPU[0m
  Use GPU:            1                   GPU:                0                   
  Use Multi GPU:      0                   Devices:            0,1,2,3             

[1mDe-stationary Projector Params[0m
  P Hidden Dims:      128, 128            P Hidden Layers:    2                   

Use GPU: cuda:0
🚀 Lazy Loading: PatchTST ...
>>>>>>>start training : long_term_forecast_LBv2_electricity_PatchTST_2880_s2023_PatchTST_custom_ftM_sl2880_ll48_pl96_dm512_nh8_el2_dl1_df2048_expand2_dc4_fc3_ebtimeF_dtTrue_Exp_0>>>>>>>>>>>>>>>>>>>>>>>>>>
train 15437
val 2537
test 5165
	iters: 100, epoch: 1 | loss: 0.6608213
	speed: 0.9740s/iter; left time: 37498.9789s
	iters: 200, epoch: 1 | loss: 0.6354067
	speed: 0.9620s/iter; left time: 36941.7122s
	iters: 300, epoch: 1 | loss: 0.5284578
	speed: 0.9622s/iter; left time: 36853.4162s
	iters: 400, epoch: 1 | loss: 0.4656264
	speed: 0.9622s/iter; left time: 36757.9534s
	iters: 500, epoch: 1 | loss: 0.3790703
	speed: 0.9622s/iter; left time: 36659.9334s
	iters: 600, epoch: 1 | loss: 0.4164686
	speed: 0.9622s/iter; left time: 36566.0602s
	iters: 700, epoch: 1 | loss: 0.4445198
	speed: 0.9623s/iter; left time: 36470.4629s
	iters: 800, epoch: 1 | loss: 0.4487311
	speed: 0.9621s/iter; left time: 36369.6060s
	iters: 900, epoch: 1 | loss: 0.3641030
	speed: 0.9621s/iter; left time: 36273.9626s
	iters: 1000, epoch: 1 | loss: 0.4464519
	speed: 0.9623s/iter; left time: 36183.5903s
	iters: 1100, epoch: 1 | loss: 0.3798068
	speed: 0.9623s/iter; left time: 36088.9899s
	iters: 1200, epoch: 1 | loss: 0.2943991
	speed: 0.9625s/iter; left time: 35998.0527s
	iters: 1300, epoch: 1 | loss: 0.3258093
	speed: 0.9623s/iter; left time: 35895.2723s
	iters: 1400, epoch: 1 | loss: 0.3258948
	speed: 0.9623s/iter; left time: 35798.1201s
	iters: 1500, epoch: 1 | loss: 0.2996658
	speed: 0.9623s/iter; left time: 35704.0254s
	iters: 1600, epoch: 1 | loss: 0.2275988
	speed: 0.9624s/iter; left time: 35610.7484s
	iters: 1700, epoch: 1 | loss: 0.2314827
	speed: 0.9623s/iter; left time: 35510.7799s
	iters: 1800, epoch: 1 | loss: 0.2429535
	speed: 0.9623s/iter; left time: 35414.0180s
	iters: 1900, epoch: 1 | loss: 0.2110572
	speed: 0.9624s/iter; left time: 35321.5136s
	iters: 2000, epoch: 1 | loss: 0.2494141
	speed: 0.9625s/iter; left time: 35226.8837s
	iters: 2100, epoch: 1 | loss: 0.2655822
	speed: 0.9624s/iter; left time: 35130.1463s
	iters: 2200, epoch: 1 | loss: 0.2641929
	speed: 0.9626s/iter; left time: 35038.9434s
	iters: 2300, epoch: 1 | loss: 0.3141685
	speed: 0.9625s/iter; left time: 34939.9568s
	iters: 2400, epoch: 1 | loss: 0.2292552
	speed: 0.9625s/iter; left time: 34844.0686s
	iters: 2500, epoch: 1 | loss: 0.2491553
	speed: 0.9626s/iter; left time: 34749.5400s
	iters: 2600, epoch: 1 | loss: 0.2185092
	speed: 0.9627s/iter; left time: 34657.0108s
	iters: 2700, epoch: 1 | loss: 0.2041723
	speed: 0.9625s/iter; left time: 34555.6083s
	iters: 2800, epoch: 1 | loss: 0.2364609
	speed: 0.9627s/iter; left time: 34464.3428s
	iters: 2900, epoch: 1 | loss: 0.2498792
	speed: 0.9625s/iter; left time: 34362.9992s
	iters: 3000, epoch: 1 | loss: 0.2392926
	speed: 0.9626s/iter; left time: 34267.9139s
	iters: 3100, epoch: 1 | loss: 0.2269080
	speed: 0.9626s/iter; left time: 34172.1548s
	iters: 3200, epoch: 1 | loss: 0.2208112
	speed: 0.9626s/iter; left time: 34076.2035s
	iters: 3300, epoch: 1 | loss: 0.2129430
	speed: 0.9626s/iter; left time: 33979.7836s
	iters: 3400, epoch: 1 | loss: 0.3469214
	speed: 0.9625s/iter; left time: 33881.6131s
	iters: 3500, epoch: 1 | loss: 0.2428066
	speed: 0.9625s/iter; left time: 33786.3558s
	iters: 3600, epoch: 1 | loss: 0.2381604
	speed: 0.9626s/iter; left time: 33690.6348s
	iters: 3700, epoch: 1 | loss: 0.2327932
	speed: 0.9626s/iter; left time: 33596.5826s
	iters: 3800, epoch: 1 | loss: 0.3617660
	speed: 0.9626s/iter; left time: 33500.7896s
Epoch: 1 cost time: 3714.5383586883545
Epoch: 1, Steps: 3860 | Train Loss: 0.3845020 Vali Loss: 0.1248414 Test Loss: 0.1454402
Validation loss decreased (inf --> 0.124841).  Saving model ...
Updating learning rate to 0.0001
	iters: 100, epoch: 2 | loss: 0.2699223
	speed: 7.5418s/iter; left time: 261255.0820s
	iters: 200, epoch: 2 | loss: 0.2311287
	speed: 0.9623s/iter; left time: 33240.4802s
	iters: 300, epoch: 2 | loss: 0.2414103
	speed: 0.9623s/iter; left time: 33143.7238s
	iters: 400, epoch: 2 | loss: 0.2734883
	speed: 0.9625s/iter; left time: 33052.9895s
	iters: 500, epoch: 2 | loss: 0.2784399
	speed: 0.9625s/iter; left time: 32957.9258s
	iters: 600, epoch: 2 | loss: 0.2811972
	speed: 0.9626s/iter; left time: 32862.6855s
	iters: 700, epoch: 2 | loss: 0.2390400
	speed: 0.9626s/iter; left time: 32767.7227s
	iters: 800, epoch: 2 | loss: 0.2625320
	speed: 0.9625s/iter; left time: 32666.9857s
	iters: 900, epoch: 2 | loss: 0.3102407
	speed: 0.9626s/iter; left time: 32573.6720s
	iters: 1000, epoch: 2 | loss: 0.3080033
	speed: 0.9625s/iter; left time: 32474.1978s
	iters: 1100, epoch: 2 | loss: 0.2741596
	speed: 0.9624s/iter; left time: 32377.6600s
	iters: 1200, epoch: 2 | loss: 0.2328067
	speed: 0.9624s/iter; left time: 32278.5993s
	iters: 1300, epoch: 2 | loss: 0.2651423
	speed: 0.9625s/iter; left time: 32185.7259s
	iters: 1400, epoch: 2 | loss: 0.2614117
	speed: 0.9624s/iter; left time: 32089.0074s
	iters: 1500, epoch: 2 | loss: 0.2628144
	speed: 0.9624s/iter; left time: 31991.1365s
	iters: 1600, epoch: 2 | loss: 0.2759379
	speed: 0.9625s/iter; left time: 31896.5854s
	iters: 1700, epoch: 2 | loss: 0.3950768
	speed: 0.9623s/iter; left time: 31794.7064s
	iters: 1800, epoch: 2 | loss: 0.2495728
	speed: 0.9625s/iter; left time: 31705.6422s
	iters: 1900, epoch: 2 | loss: 0.2622055
	speed: 0.9625s/iter; left time: 31608.6123s
	iters: 2000, epoch: 2 | loss: 0.2494836
	speed: 0.9625s/iter; left time: 31514.2024s
	iters: 2100, epoch: 2 | loss: 0.3158582
	speed: 0.9626s/iter; left time: 31421.1819s
	iters: 2200, epoch: 2 | loss: 0.2531504
	speed: 0.9625s/iter; left time: 31322.0958s
	iters: 2300, epoch: 2 | loss: 0.2679218
	speed: 0.9626s/iter; left time: 31228.4923s
	iters: 2400, epoch: 2 | loss: 0.2506005
	speed: 0.9625s/iter; left time: 31129.3602s
	iters: 2500, epoch: 2 | loss: 0.2514961
	speed: 0.9626s/iter; left time: 31035.0281s
	iters: 2600, epoch: 2 | loss: 0.2812898
	speed: 0.9626s/iter; left time: 30938.8824s
	iters: 2700, epoch: 2 | loss: 0.2462478
	speed: 0.9624s/iter; left time: 30837.6132s
	iters: 2800, epoch: 2 | loss: 0.3072913
	speed: 0.9625s/iter; left time: 30744.6721s
	iters: 2900, epoch: 2 | loss: 0.2807049
	speed: 0.9623s/iter; left time: 30641.3108s
	iters: 3000, epoch: 2 | loss: 0.3129402
	speed: 0.9624s/iter; left time: 30549.0276s
	iters: 3100, epoch: 2 | loss: 0.4092446
	speed: 0.9625s/iter; left time: 30455.3696s
	iters: 3200, epoch: 2 | loss: 0.3030805
	speed: 0.9626s/iter; left time: 30359.9170s
	iters: 3300, epoch: 2 | loss: 0.3338465
	speed: 0.9625s/iter; left time: 30262.2984s
	iters: 3400, epoch: 2 | loss: 0.2658560
	speed: 0.9625s/iter; left time: 30166.2453s
	iters: 3500, epoch: 2 | loss: 0.2679376
	speed: 0.9626s/iter; left time: 30073.9167s
	iters: 3600, epoch: 2 | loss: 0.2682737
	speed: 0.9624s/iter; left time: 29971.5497s
	iters: 3700, epoch: 2 | loss: 0.3096055
	speed: 0.9625s/iter; left time: 29875.4924s
	iters: 3800, epoch: 2 | loss: 0.2964586
	speed: 0.9626s/iter; left time: 29783.9752s
Epoch: 2 cost time: 3714.466334104538
Epoch: 2, Steps: 3860 | Train Loss: 0.2795046 Vali Loss: 0.1558989 Test Loss: 0.1477596
EarlyStopping counter: 1 out of 3
Updating learning rate to 5e-05
	iters: 100, epoch: 3 | loss: 0.2020671
	speed: 7.5408s/iter; left time: 232113.5135s
	iters: 200, epoch: 3 | loss: 0.2570511
	speed: 0.9625s/iter; left time: 29530.0798s
	iters: 300, epoch: 3 | loss: 0.2127375
	speed: 0.9625s/iter; left time: 29432.9665s
	iters: 400, epoch: 3 | loss: 0.2250775
	speed: 0.9624s/iter; left time: 29333.6865s
	iters: 500, epoch: 3 | loss: 0.2425219
	speed: 0.9624s/iter; left time: 29238.2156s
	iters: 600, epoch: 3 | loss: 0.1972197
	speed: 0.9624s/iter; left time: 29143.7343s
	iters: 700, epoch: 3 | loss: 0.2283113
	speed: 0.9625s/iter; left time: 29049.9743s
	iters: 800, epoch: 3 | loss: 0.2159058
	speed: 0.9625s/iter; left time: 28952.5340s
	iters: 900, epoch: 3 | loss: 0.2777396
	speed: 0.9625s/iter; left time: 28857.9340s
	iters: 1000, epoch: 3 | loss: 0.2216852
	speed: 0.9624s/iter; left time: 28756.0204s
	iters: 1100, epoch: 3 | loss: 0.2098879
	speed: 0.9623s/iter; left time: 28657.9900s
	iters: 1200, epoch: 3 | loss: 0.2644148
	speed: 0.9625s/iter; left time: 28567.9629s
	iters: 1300, epoch: 3 | loss: 0.2264920
	speed: 0.9624s/iter; left time: 28469.9031s
	iters: 1400, epoch: 3 | loss: 0.1892637
	speed: 0.9624s/iter; left time: 28371.4496s
	iters: 1500, epoch: 3 | loss: 0.1946196
	speed: 0.9624s/iter; left time: 28276.9433s
	iters: 1600, epoch: 3 | loss: 0.4441937
	speed: 0.9624s/iter; left time: 28179.4336s
	iters: 1700, epoch: 3 | loss: 0.2527668
	speed: 0.9624s/iter; left time: 28082.8925s
	iters: 1800, epoch: 3 | loss: 0.3112777
	speed: 0.9625s/iter; left time: 27991.6499s
	iters: 1900, epoch: 3 | loss: 0.2298696
	speed: 0.9625s/iter; left time: 27892.9854s
	iters: 2000, epoch: 3 | loss: 0.2155190
	speed: 0.9625s/iter; left time: 27799.1812s
	iters: 2100, epoch: 3 | loss: 0.2075046
	speed: 0.9626s/iter; left time: 27703.4027s
	iters: 2200, epoch: 3 | loss: 0.2258178
	speed: 0.9623s/iter; left time: 27601.0638s
	iters: 2300, epoch: 3 | loss: 0.3166614
	speed: 0.9626s/iter; left time: 27512.0771s
	iters: 2400, epoch: 3 | loss: 0.2129271
	speed: 0.9625s/iter; left time: 27413.9981s
	iters: 2500, epoch: 3 | loss: 0.2706076
	speed: 0.9625s/iter; left time: 27317.1002s
	iters: 2600, epoch: 3 | loss: 0.2164690
	speed: 0.9625s/iter; left time: 27220.3254s
	iters: 2700, epoch: 3 | loss: 0.2639129
	speed: 0.9624s/iter; left time: 27120.3804s
	iters: 2800, epoch: 3 | loss: 0.2333541
	speed: 0.9625s/iter; left time: 27026.9096s
	iters: 2900, epoch: 3 | loss: 0.2315862
	speed: 0.9624s/iter; left time: 26929.5679s
	iters: 3000, epoch: 3 | loss: 0.2186308
	speed: 0.9625s/iter; left time: 26835.1269s
	iters: 3100, epoch: 3 | loss: 0.2044636
	speed: 0.9626s/iter; left time: 26742.2508s
	iters: 3200, epoch: 3 | loss: 0.1921146
	speed: 0.9624s/iter; left time: 26640.4737s
	iters: 3300, epoch: 3 | loss: 0.2873325
	speed: 0.9625s/iter; left time: 26547.4672s
	iters: 3400, epoch: 3 | loss: 0.2320673
	speed: 0.9624s/iter; left time: 26446.7445s
	iters: 3500, epoch: 3 | loss: 0.2434607
	speed: 0.9622s/iter; left time: 26344.9288s
	iters: 3600, epoch: 3 | loss: 0.2034831
	speed: 0.9623s/iter; left time: 26251.9045s
	iters: 3700, epoch: 3 | loss: 0.2169713
	speed: 0.9623s/iter; left time: 26156.9207s
	iters: 3800, epoch: 3 | loss: 0.2863056
	speed: 0.9622s/iter; left time: 26056.3798s
Epoch: 3 cost time: 3714.211409807205
Epoch: 3, Steps: 3860 | Train Loss: 0.2357285 Vali Loss: 0.1733211 Test Loss: 0.1572335
EarlyStopping counter: 2 out of 3
Updating learning rate to 2.5e-05
	iters: 100, epoch: 4 | loss: 0.1991185
	speed: 7.5372s/iter; left time: 202908.9379s
	iters: 200, epoch: 4 | loss: 0.2166788
	speed: 0.9622s/iter; left time: 25807.1941s
	iters: 300, epoch: 4 | loss: 0.2204339
	speed: 0.9624s/iter; left time: 25716.3085s
	iters: 400, epoch: 4 | loss: 0.2128094
	speed: 0.9624s/iter; left time: 25619.7821s
	iters: 500, epoch: 4 | loss: 0.1647335
	speed: 0.9624s/iter; left time: 25522.9663s
	iters: 600, epoch: 4 | loss: 0.2836307
	speed: 0.9623s/iter; left time: 25425.5209s
	iters: 700, epoch: 4 | loss: 0.2389272
	speed: 0.9624s/iter; left time: 25330.0667s
	iters: 800, epoch: 4 | loss: 0.2338426
	speed: 0.9623s/iter; left time: 25233.2216s
	iters: 900, epoch: 4 | loss: 0.1948091
	speed: 0.9623s/iter; left time: 25135.6249s
	iters: 1000, epoch: 4 | loss: 0.1611880
	speed: 0.9623s/iter; left time: 25038.9780s
	iters: 1100, epoch: 4 | loss: 0.2067073
	speed: 0.9623s/iter; left time: 24943.9234s
	iters: 1200, epoch: 4 | loss: 0.2731866
	speed: 0.9624s/iter; left time: 24849.0815s
	iters: 1300, epoch: 4 | loss: 0.2722418
	speed: 0.9624s/iter; left time: 24753.1021s
	iters: 1400, epoch: 4 | loss: 0.1932053
	speed: 0.9623s/iter; left time: 24655.5409s
	iters: 1500, epoch: 4 | loss: 0.2789375
	speed: 0.9623s/iter; left time: 24559.5047s
	iters: 1600, epoch: 4 | loss: 0.2188853
	speed: 0.9622s/iter; left time: 24460.5142s
	iters: 1700, epoch: 4 | loss: 0.1858719
	speed: 0.9624s/iter; left time: 24368.0418s
	iters: 1800, epoch: 4 | loss: 0.1883956
	speed: 0.9623s/iter; left time: 24271.4238s
	iters: 1900, epoch: 4 | loss: 0.2365854
	speed: 0.9624s/iter; left time: 24175.6374s
	iters: 2000, epoch: 4 | loss: 0.2148334
	speed: 0.9624s/iter; left time: 24079.7760s
	iters: 2100, epoch: 4 | loss: 0.1880543
	speed: 0.9623s/iter; left time: 23982.3521s
	iters: 2200, epoch: 4 | loss: 0.1951202
	speed: 0.9622s/iter; left time: 23883.7020s
	iters: 2300, epoch: 4 | loss: 0.2491266
	speed: 0.9623s/iter; left time: 23788.5118s
	iters: 2400, epoch: 4 | loss: 0.2352597
	speed: 0.9622s/iter; left time: 23689.6045s
	iters: 2500, epoch: 4 | loss: 0.1880428
	speed: 0.9623s/iter; left time: 23596.6718s
	iters: 2600, epoch: 4 | loss: 0.2201737
	speed: 0.9623s/iter; left time: 23500.3671s
	iters: 2700, epoch: 4 | loss: 0.2199347
	speed: 0.9623s/iter; left time: 23403.3192s
	iters: 2800, epoch: 4 | loss: 0.2225764
	speed: 0.9623s/iter; left time: 23306.9972s
	iters: 2900, epoch: 4 | loss: 0.1646116
	speed: 0.9624s/iter; left time: 23213.6237s
	iters: 3000, epoch: 4 | loss: 0.2160954
	speed: 0.9624s/iter; left time: 23116.8633s
	iters: 3100, epoch: 4 | loss: 0.1834157
	speed: 0.9622s/iter; left time: 23017.9210s
	iters: 3200, epoch: 4 | loss: 0.2619391
	speed: 0.9622s/iter; left time: 22921.3012s
	iters: 3300, epoch: 4 | loss: 0.1881742
	speed: 0.9623s/iter; left time: 22827.2263s
	iters: 3400, epoch: 4 | loss: 0.1876776
	speed: 0.9623s/iter; left time: 22731.4971s
	iters: 3500, epoch: 4 | loss: 0.2050226
	speed: 0.9624s/iter; left time: 22635.5147s
	iters: 3600, epoch: 4 | loss: 0.2246234
	speed: 0.9624s/iter; left time: 22539.5005s
	iters: 3700, epoch: 4 | loss: 0.2100224
	speed: 0.9623s/iter; left time: 22441.3288s
	iters: 3800, epoch: 4 | loss: 0.1786968
	speed: 0.9623s/iter; left time: 22346.6573s
Epoch: 4 cost time: 3713.765478372574
Epoch: 4, Steps: 3860 | Train Loss: 0.2159860 Vali Loss: 0.1969339 Test Loss: 0.1619460
EarlyStopping counter: 3 out of 3
Early stopping
>>>>>>>testing : long_term_forecast_LBv2_electricity_PatchTST_2880_s2023_PatchTST_custom_ftM_sl2880_ll48_pl96_dm512_nh8_el2_dl1_df2048_expand2_dc4_fc3_ebtimeF_dtTrue_Exp_0<<<<<<<<<<<<<<<<<<<<<<<<<<<<<<<<<
test 5165
test shape: (5165, 96, 321) (5165, 96, 321)
test shape: (5165, 96, 321) (5165, 96, 321)
mse:0.14540667831897736, mae:0.254908949136734, dtw:Not calculated
