Using GPU
Args in experiment:
[1mBasic Config[0m
  Task Name:          long_term_forecast  Is Training:        1                   
  Model ID:           LBv2_traffic_PatchTST_2880_s2022Model:              PatchTST            

[1mData Loader[0m
  Data:               custom              Root Path:          ./dataset/traffic/  
  Data Path:          traffic.csv         Features:           M                   
  Target:             OT                  Freq:               h                   
  Checkpoints:        ./checkpoints/      

[1mForecasting Task[0m
  Seq Len:            2880                Label Len:          48                  
  Pred Len:           96                  Seasonal Patterns:  Monthly             
  Inverse:            0                   

[1mModel Parameters[0m
  Top k:              5                   Num Kernels:        6                   
  Enc In:             862                 Dec In:             862                 
  C Out:              862                 d model:            512                 
  n heads:            8                   e layers:           2                   
  d layers:           1                   d FF:               512                 
  Moving Avg:         25                  Factor:             3                   
  Distil:             1                   Dropout:            0.1                 
  Embed:              timeF               Activation:         gelu                

[1mRun Parameters[0m
  Num Workers:        2                   Itr:                1                   
  Train Epochs:       10                  Batch Size:         2                   
  Patience:           3                   Learning Rate:      0.0001              
  Des:                Exp                 Loss:               MSE                 
  Lradj:              type1               Use Amp:            0                   

[1mGPU[0m
  Use GPU:            1                   GPU:                0                   
  Use Multi GPU:      0                   Devices:            0,1,2,3             

[1mDe-stationary Projector Params[0m
  P Hidden Dims:      128, 128            P Hidden Layers:    2                   

Use GPU: cuda:0
🚀 Lazy Loading: PatchTST ...
>>>>>>>start training : long_term_forecast_LBv2_traffic_PatchTST_2880_s2022_PatchTST_custom_ftM_sl2880_ll48_pl96_dm512_nh8_el2_dl1_df512_expand2_dc4_fc3_ebtimeF_dtTrue_Exp_0>>>>>>>>>>>>>>>>>>>>>>>>>>
train 9305
val 1661
test 3413
	iters: 100, epoch: 1 | loss: 0.8365301
	speed: 1.0922s/iter; left time: 50710.0478s
	iters: 200, epoch: 1 | loss: 0.9205940
	speed: 1.0816s/iter; left time: 50110.5793s
	iters: 300, epoch: 1 | loss: 0.6918281
	speed: 1.0815s/iter; left time: 49996.6114s
	iters: 400, epoch: 1 | loss: 0.6180567
	speed: 1.0815s/iter; left time: 49891.7744s
	iters: 500, epoch: 1 | loss: 0.6881094
	speed: 1.0816s/iter; left time: 49788.0146s
	iters: 600, epoch: 1 | loss: 0.5578018
	speed: 1.0814s/iter; left time: 49669.4653s
	iters: 700, epoch: 1 | loss: 0.6315026
	speed: 1.0813s/iter; left time: 49558.6191s
	iters: 800, epoch: 1 | loss: 0.4616065
	speed: 1.0815s/iter; left time: 49457.1449s
	iters: 900, epoch: 1 | loss: 0.4663270
	speed: 1.0815s/iter; left time: 49350.2795s
	iters: 1000, epoch: 1 | loss: 0.4563717
	speed: 1.0819s/iter; left time: 49258.9992s
	iters: 1100, epoch: 1 | loss: 0.4072601
	speed: 1.0815s/iter; left time: 49134.2216s
	iters: 1200, epoch: 1 | loss: 0.3834636
	speed: 1.0815s/iter; left time: 49024.6325s
	iters: 1300, epoch: 1 | loss: 0.3360568
	speed: 1.0815s/iter; left time: 48915.2509s
	iters: 1400, epoch: 1 | loss: 0.3865338
	speed: 1.0815s/iter; left time: 48807.2290s
	iters: 1500, epoch: 1 | loss: 0.3088755
	speed: 1.0814s/iter; left time: 48696.4029s
	iters: 1600, epoch: 1 | loss: 0.3312317
	speed: 1.0818s/iter; left time: 48605.3860s
	iters: 1700, epoch: 1 | loss: 0.3036605
	speed: 1.0816s/iter; left time: 48491.2366s
	iters: 1800, epoch: 1 | loss: 0.3609311
	speed: 1.0816s/iter; left time: 48382.0768s
	iters: 1900, epoch: 1 | loss: 0.3486876
	speed: 1.0815s/iter; left time: 48268.4916s
	iters: 2000, epoch: 1 | loss: 0.3251334
	speed: 1.0817s/iter; left time: 48168.2181s
	iters: 2100, epoch: 1 | loss: 0.3473721
	speed: 1.0817s/iter; left time: 48059.5672s
	iters: 2200, epoch: 1 | loss: 0.3259565
	speed: 1.0818s/iter; left time: 47958.3618s
	iters: 2300, epoch: 1 | loss: 0.4112401
	speed: 1.0819s/iter; left time: 47852.4091s
	iters: 2400, epoch: 1 | loss: 0.4046360
	speed: 1.0818s/iter; left time: 47742.1030s
	iters: 2500, epoch: 1 | loss: 0.4176356
	speed: 1.0818s/iter; left time: 47631.4214s
	iters: 2600, epoch: 1 | loss: 0.3549387
	speed: 1.0816s/iter; left time: 47515.4779s
	iters: 2700, epoch: 1 | loss: 0.2940452
	speed: 1.0816s/iter; left time: 47407.4018s
	iters: 2800, epoch: 1 | loss: 0.3274997
	speed: 1.0820s/iter; left time: 47317.0835s
	iters: 2900, epoch: 1 | loss: 0.4098699
	speed: 1.0818s/iter; left time: 47202.0753s
	iters: 3000, epoch: 1 | loss: 0.3775117
	speed: 1.0815s/iter; left time: 47078.2365s
	iters: 3100, epoch: 1 | loss: 0.3762661
	speed: 1.0818s/iter; left time: 46981.6741s
	iters: 3200, epoch: 1 | loss: 0.3931082
	speed: 1.0818s/iter; left time: 46873.3761s
	iters: 3300, epoch: 1 | loss: 0.3476640
	speed: 1.0821s/iter; left time: 46779.2395s
	iters: 3400, epoch: 1 | loss: 0.3755075
	speed: 1.0819s/iter; left time: 46663.4730s
	iters: 3500, epoch: 1 | loss: 0.3488913
	speed: 1.0818s/iter; left time: 46550.4159s
	iters: 3600, epoch: 1 | loss: 0.4049582
	speed: 1.0819s/iter; left time: 46447.8660s
	iters: 3700, epoch: 1 | loss: 0.3142973
	speed: 1.0818s/iter; left time: 46333.6087s
	iters: 3800, epoch: 1 | loss: 0.3327542
	speed: 1.0819s/iter; left time: 46228.6716s
	iters: 3900, epoch: 1 | loss: 0.4505516
	speed: 1.0818s/iter; left time: 46118.9109s
	iters: 4000, epoch: 1 | loss: 0.3523997
	speed: 1.0817s/iter; left time: 46005.9454s
	iters: 4100, epoch: 1 | loss: 0.3748070
	speed: 1.0816s/iter; left time: 45893.9772s
	iters: 4200, epoch: 1 | loss: 0.3942025
	speed: 1.0818s/iter; left time: 45793.3302s
	iters: 4300, epoch: 1 | loss: 0.4125672
	speed: 1.0818s/iter; left time: 45686.8569s
	iters: 4400, epoch: 1 | loss: 0.4009230
	speed: 1.0818s/iter; left time: 45576.0545s
	iters: 4500, epoch: 1 | loss: 0.4056984
	speed: 1.0819s/iter; left time: 45473.4096s
	iters: 4600, epoch: 1 | loss: 0.4803153
	speed: 1.0818s/iter; left time: 45362.6633s
Epoch: 1 cost time: 5032.781516551971
Epoch: 1, Steps: 4653 | Train Loss: 0.5312066 Vali Loss: 0.3310140 Test Loss: 0.3916382
Validation loss decreased (inf --> 0.331014).  Saving model ...
Updating learning rate to 0.0001
	iters: 100, epoch: 2 | loss: 0.3951907
	speed: 10.5828s/iter; left time: 442128.2349s
	iters: 200, epoch: 2 | loss: 0.3407546
	speed: 1.0820s/iter; left time: 45094.1850s
	iters: 300, epoch: 2 | loss: 0.3632738
	speed: 1.0820s/iter; left time: 44985.5905s
	iters: 400, epoch: 2 | loss: 0.4062783
	speed: 1.0820s/iter; left time: 44879.8052s
	iters: 500, epoch: 2 | loss: 0.3946976
	speed: 1.0820s/iter; left time: 44770.4578s
	iters: 600, epoch: 2 | loss: 0.3640933
	speed: 1.0820s/iter; left time: 44661.4587s
	iters: 700, epoch: 2 | loss: 0.3396456
	speed: 1.0817s/iter; left time: 44540.3863s
	iters: 800, epoch: 2 | loss: 0.3487021
	speed: 1.0818s/iter; left time: 44436.6066s
	iters: 900, epoch: 2 | loss: 0.4416619
	speed: 1.0817s/iter; left time: 44325.7153s
	iters: 1000, epoch: 2 | loss: 0.5217945
	speed: 1.0818s/iter; left time: 44220.2387s
	iters: 1100, epoch: 2 | loss: 0.3442773
	speed: 1.0817s/iter; left time: 44111.2728s
	iters: 1200, epoch: 2 | loss: 0.3817910
	speed: 1.0819s/iter; left time: 44007.6278s
	iters: 1300, epoch: 2 | loss: 0.4035743
	speed: 1.0819s/iter; left time: 43901.8496s
	iters: 1400, epoch: 2 | loss: 0.3496661
	speed: 1.0819s/iter; left time: 43791.6527s
	iters: 1500, epoch: 2 | loss: 0.3875594
	speed: 1.0819s/iter; left time: 43686.9254s
	iters: 1600, epoch: 2 | loss: 0.5138931
	speed: 1.0820s/iter; left time: 43581.7192s
	iters: 1700, epoch: 2 | loss: 0.4174365
	speed: 1.0820s/iter; left time: 43472.7239s
	iters: 1800, epoch: 2 | loss: 0.3977023
	speed: 1.0818s/iter; left time: 43356.9770s
	iters: 1900, epoch: 2 | loss: 0.3927424
	speed: 1.0818s/iter; left time: 43247.9646s
	iters: 2000, epoch: 2 | loss: 0.4057242
	speed: 1.0820s/iter; left time: 43146.8414s
	iters: 2100, epoch: 2 | loss: 0.5218697
	speed: 1.0818s/iter; left time: 43032.9368s
	iters: 2200, epoch: 2 | loss: 0.3320197
	speed: 1.0818s/iter; left time: 42924.4141s
	iters: 2300, epoch: 2 | loss: 0.3670117
	speed: 1.0820s/iter; left time: 42823.2046s
	iters: 2400, epoch: 2 | loss: 0.3508000
	speed: 1.0820s/iter; left time: 42715.4456s
	iters: 2500, epoch: 2 | loss: 0.4118938
	speed: 1.0819s/iter; left time: 42604.5293s
	iters: 2600, epoch: 2 | loss: 0.4603054
	speed: 1.0821s/iter; left time: 42502.1990s
	iters: 2700, epoch: 2 | loss: 0.3550899
	speed: 1.0819s/iter; left time: 42386.1147s
	iters: 2800, epoch: 2 | loss: 0.4185601
	speed: 1.0818s/iter; left time: 42275.9123s
	iters: 2900, epoch: 2 | loss: 0.3736621
	speed: 1.0817s/iter; left time: 42162.1623s
	iters: 3000, epoch: 2 | loss: 0.3822864
	speed: 1.0818s/iter; left time: 42059.5672s
	iters: 3100, epoch: 2 | loss: 0.4245448
	speed: 1.0817s/iter; left time: 41947.7172s
	iters: 3200, epoch: 2 | loss: 0.3728150
	speed: 1.0820s/iter; left time: 41848.4442s
	iters: 3300, epoch: 2 | loss: 0.5449437
	speed: 1.0818s/iter; left time: 41734.7798s
	iters: 3400, epoch: 2 | loss: 0.4041005
	speed: 1.0819s/iter; left time: 41628.7420s
	iters: 3500, epoch: 2 | loss: 0.4746909
	speed: 1.0819s/iter; left time: 41520.3460s
	iters: 3600, epoch: 2 | loss: 0.4143366
	speed: 1.0820s/iter; left time: 41418.0431s
	iters: 3700, epoch: 2 | loss: 0.3739336
	speed: 1.0817s/iter; left time: 41296.8288s
	iters: 3800, epoch: 2 | loss: 0.3934166
	speed: 1.0818s/iter; left time: 41191.3744s
	iters: 3900, epoch: 2 | loss: 0.3564701
	speed: 1.0818s/iter; left time: 41083.9471s
	iters: 4000, epoch: 2 | loss: 0.5083098
	speed: 1.0816s/iter; left time: 40967.7356s
	iters: 4100, epoch: 2 | loss: 0.3189178
	speed: 1.0818s/iter; left time: 40869.5976s
	iters: 4200, epoch: 2 | loss: 0.3489425
	speed: 1.0818s/iter; left time: 40759.0163s
	iters: 4300, epoch: 2 | loss: 0.3802443
	speed: 1.0818s/iter; left time: 40653.3098s
	iters: 4400, epoch: 2 | loss: 0.3904691
	speed: 1.0818s/iter; left time: 40543.5067s
	iters: 4500, epoch: 2 | loss: 0.3786509
	speed: 1.0818s/iter; left time: 40437.1180s
	iters: 4600, epoch: 2 | loss: 0.4153277
	speed: 1.0818s/iter; left time: 40327.4474s
Epoch: 2 cost time: 5033.148029088974
Epoch: 2, Steps: 4653 | Train Loss: 0.3954909 Vali Loss: 0.3258736 Test Loss: 0.3853539
Validation loss decreased (0.331014 --> 0.325874).  Saving model ...
Updating learning rate to 5e-05
	iters: 100, epoch: 3 | loss: 0.3188640
	speed: 10.5793s/iter; left time: 392756.6405s
	iters: 200, epoch: 3 | loss: 0.3865911
	speed: 1.0818s/iter; left time: 40053.7918s
	iters: 300, epoch: 3 | loss: 0.3355029
	speed: 1.0819s/iter; left time: 39948.3278s
	iters: 400, epoch: 3 | loss: 0.3853603
	speed: 1.0819s/iter; left time: 39839.5712s
	iters: 500, epoch: 3 | loss: 0.2772451
	speed: 1.0820s/iter; left time: 39734.7472s
	iters: 600, epoch: 3 | loss: 0.6363019
	speed: 1.0817s/iter; left time: 39618.7632s
	iters: 700, epoch: 3 | loss: 0.2527914
	speed: 1.0817s/iter; left time: 39508.1034s
	iters: 800, epoch: 3 | loss: 0.3106930
	speed: 1.0816s/iter; left time: 39399.0881s
	iters: 900, epoch: 3 | loss: 0.3810007
	speed: 1.0818s/iter; left time: 39294.8850s
	iters: 1000, epoch: 3 | loss: 0.4595295
	speed: 1.0819s/iter; left time: 39192.3008s
	iters: 1100, epoch: 3 | loss: 0.3173100
	speed: 1.0819s/iter; left time: 39083.0335s
	iters: 1200, epoch: 3 | loss: 0.3156016
	speed: 1.0819s/iter; left time: 38974.3404s
	iters: 1300, epoch: 3 | loss: 0.2901987
	speed: 1.0818s/iter; left time: 38864.5203s
	iters: 1400, epoch: 3 | loss: 0.4096461
	speed: 1.0819s/iter; left time: 38758.5104s
	iters: 1500, epoch: 3 | loss: 0.3186196
	speed: 1.0819s/iter; left time: 38651.2255s
	iters: 1600, epoch: 3 | loss: 0.2735226
	speed: 1.0819s/iter; left time: 38542.0706s
	iters: 1700, epoch: 3 | loss: 0.2978556
	speed: 1.0819s/iter; left time: 38434.9349s
	iters: 1800, epoch: 3 | loss: 0.3429497
	speed: 1.0816s/iter; left time: 38316.9022s
	iters: 1900, epoch: 3 | loss: 0.2798072
	speed: 1.0818s/iter; left time: 38214.4389s
	iters: 2000, epoch: 3 | loss: 0.3054408
	speed: 1.0818s/iter; left time: 38107.2093s
	iters: 2100, epoch: 3 | loss: 0.3345633
	speed: 1.0819s/iter; left time: 38001.1671s
	iters: 2200, epoch: 3 | loss: 0.3283973
	speed: 1.0819s/iter; left time: 37892.3132s
	iters: 2300, epoch: 3 | loss: 0.2963925
	speed: 1.0819s/iter; left time: 37785.8339s
	iters: 2400, epoch: 3 | loss: 0.2984869
	speed: 1.0820s/iter; left time: 37680.0040s
	iters: 2500, epoch: 3 | loss: 0.3060749
	speed: 1.0819s/iter; left time: 37568.0021s
	iters: 2600, epoch: 3 | loss: 0.3304308
	speed: 1.0820s/iter; left time: 37464.3463s
	iters: 2700, epoch: 3 | loss: 0.3480352
	speed: 1.0818s/iter; left time: 37350.7962s
	iters: 2800, epoch: 3 | loss: 0.2741197
	speed: 1.0819s/iter; left time: 37243.8208s
	iters: 2900, epoch: 3 | loss: 0.3010666
	speed: 1.0816s/iter; left time: 37125.6994s
	iters: 3000, epoch: 3 | loss: 0.3986185
	speed: 1.0813s/iter; left time: 37007.8637s
	iters: 3100, epoch: 3 | loss: 0.3524165
	speed: 1.0803s/iter; left time: 36863.7891s
	iters: 3200, epoch: 3 | loss: 0.2753245
	speed: 1.0816s/iter; left time: 36801.6123s
	iters: 3300, epoch: 3 | loss: 0.2817194
	speed: 1.0817s/iter; left time: 36695.3298s
	iters: 3400, epoch: 3 | loss: 0.3273726
	speed: 1.0817s/iter; left time: 36588.4946s
	iters: 3500, epoch: 3 | loss: 0.4236583
	speed: 1.0815s/iter; left time: 36472.6637s
	iters: 3600, epoch: 3 | loss: 0.3006239
	speed: 1.0816s/iter; left time: 36367.6313s
	iters: 3700, epoch: 3 | loss: 0.2935385
	speed: 1.0818s/iter; left time: 36268.9464s
	iters: 3800, epoch: 3 | loss: 0.3358539
	speed: 1.0818s/iter; left time: 36160.5369s
	iters: 3900, epoch: 3 | loss: 0.2844475
	speed: 1.0817s/iter; left time: 36048.4124s
	iters: 4000, epoch: 3 | loss: 0.3770421
	speed: 1.0817s/iter; left time: 35939.5099s
	iters: 4100, epoch: 3 | loss: 0.3519388
	speed: 1.0816s/iter; left time: 35826.7970s
	iters: 4200, epoch: 3 | loss: 0.2619163
	speed: 1.0817s/iter; left time: 35722.9932s
	iters: 4300, epoch: 3 | loss: 0.3156898
	speed: 1.0817s/iter; left time: 35613.7621s
	iters: 4400, epoch: 3 | loss: 0.3529975
	speed: 1.0816s/iter; left time: 35504.0965s
	iters: 4500, epoch: 3 | loss: 0.3978638
	speed: 1.0817s/iter; left time: 35397.5811s
	iters: 4600, epoch: 3 | loss: 0.2707008
	speed: 1.0816s/iter; left time: 35287.6523s
Epoch: 3 cost time: 5032.533972263336
Epoch: 3, Steps: 4653 | Train Loss: 0.3392139 Vali Loss: 0.3206842 Test Loss: 0.3720590
Validation loss decreased (0.325874 --> 0.320684).  Saving model ...
Updating learning rate to 2.5e-05
	iters: 100, epoch: 4 | loss: 0.2744856
	speed: 10.5779s/iter; left time: 343484.3312s
	iters: 200, epoch: 4 | loss: 0.2677065
	speed: 1.0817s/iter; left time: 35016.1729s
	iters: 300, epoch: 4 | loss: 0.2441432
	speed: 1.0818s/iter; left time: 34911.1494s
	iters: 400, epoch: 4 | loss: 0.3155018
	speed: 1.0817s/iter; left time: 34799.4758s
	iters: 500, epoch: 4 | loss: 0.3845569
	speed: 1.0819s/iter; left time: 34697.8123s
	iters: 600, epoch: 4 | loss: 0.2777641
	speed: 1.0817s/iter; left time: 34585.5575s
	iters: 700, epoch: 4 | loss: 0.2520525
	speed: 1.0818s/iter; left time: 34478.8650s
	iters: 800, epoch: 4 | loss: 0.2952407
	speed: 1.0817s/iter; left time: 34367.6025s
	iters: 900, epoch: 4 | loss: 0.2921240
	speed: 1.0818s/iter; left time: 34262.3013s
	iters: 1000, epoch: 4 | loss: 0.2930163
	speed: 1.0818s/iter; left time: 34155.4675s
	iters: 1100, epoch: 4 | loss: 0.2645573
	speed: 1.0818s/iter; left time: 34047.7368s
	iters: 1200, epoch: 4 | loss: 0.2929979
	speed: 1.0819s/iter; left time: 33939.9414s
	iters: 1300, epoch: 4 | loss: 0.2696705
	speed: 1.0819s/iter; left time: 33833.4175s
	iters: 1400, epoch: 4 | loss: 0.2160738
	speed: 1.0818s/iter; left time: 33722.7706s
	iters: 1500, epoch: 4 | loss: 0.3655332
	speed: 1.0818s/iter; left time: 33612.9940s
	iters: 1600, epoch: 4 | loss: 0.3503116
	speed: 1.0818s/iter; left time: 33506.3687s
	iters: 1700, epoch: 4 | loss: 0.3296916
	speed: 1.0819s/iter; left time: 33400.7996s
	iters: 1800, epoch: 4 | loss: 0.3220739
	speed: 1.0819s/iter; left time: 33292.8121s
	iters: 1900, epoch: 4 | loss: 0.3311324
	speed: 1.0818s/iter; left time: 33182.4516s
	iters: 2000, epoch: 4 | loss: 0.2750598
	speed: 1.0818s/iter; left time: 33073.1014s
	iters: 2100, epoch: 4 | loss: 0.2416210
	speed: 1.0819s/iter; left time: 32968.4337s
	iters: 2200, epoch: 4 | loss: 0.2811966
	speed: 1.0818s/iter; left time: 32857.1205s
	iters: 2300, epoch: 4 | loss: 0.5177791
	speed: 1.0819s/iter; left time: 32750.1471s
	iters: 2400, epoch: 4 | loss: 0.3386665
	speed: 1.0819s/iter; left time: 32641.8101s
	iters: 2500, epoch: 4 | loss: 0.2387311
	speed: 1.0820s/iter; left time: 32537.7152s
	iters: 2600, epoch: 4 | loss: 0.2772353
	speed: 1.0819s/iter; left time: 32426.4453s
	iters: 2700, epoch: 4 | loss: 0.2595856
	speed: 1.0820s/iter; left time: 32322.9818s
	iters: 2800, epoch: 4 | loss: 0.3060488
	speed: 1.0821s/iter; left time: 32217.0118s
	iters: 2900, epoch: 4 | loss: 0.3027948
	speed: 1.0822s/iter; left time: 32109.9218s
	iters: 3000, epoch: 4 | loss: 0.2202553
	speed: 1.0819s/iter; left time: 31995.0941s
	iters: 3100, epoch: 4 | loss: 0.3360311
	speed: 1.0820s/iter; left time: 31887.9945s
	iters: 3200, epoch: 4 | loss: 0.2561527
	speed: 1.0820s/iter; left time: 31781.0808s
	iters: 3300, epoch: 4 | loss: 0.2824834
	speed: 1.0821s/iter; left time: 31673.9156s
	iters: 3400, epoch: 4 | loss: 0.3983780
	speed: 1.0820s/iter; left time: 31564.0258s
	iters: 3500, epoch: 4 | loss: 0.3203827
	speed: 1.0819s/iter; left time: 31454.1555s
	iters: 3600, epoch: 4 | loss: 0.2798676
	speed: 1.0820s/iter; left time: 31349.1311s
	iters: 3700, epoch: 4 | loss: 0.2781364
	speed: 1.0820s/iter; left time: 31239.6785s
	iters: 3800, epoch: 4 | loss: 0.3085628
	speed: 1.0821s/iter; left time: 31133.0406s
	iters: 3900, epoch: 4 | loss: 0.3927336
	speed: 1.0821s/iter; left time: 31027.0873s
	iters: 4000, epoch: 4 | loss: 0.3382955
	speed: 1.0821s/iter; left time: 30917.3653s
	iters: 4100, epoch: 4 | loss: 0.3342442
	speed: 1.0820s/iter; left time: 30806.7743s
	iters: 4200, epoch: 4 | loss: 0.3198226
	speed: 1.0820s/iter; left time: 30698.8984s
	iters: 4300, epoch: 4 | loss: 0.2494264
	speed: 1.0821s/iter; left time: 30592.7812s
	iters: 4400, epoch: 4 | loss: 0.2687346
	speed: 1.0821s/iter; left time: 30484.6524s
	iters: 4500, epoch: 4 | loss: 0.2554380
	speed: 1.0821s/iter; left time: 30375.9923s
	iters: 4600, epoch: 4 | loss: 0.2382104
	speed: 1.0820s/iter; left time: 30266.1561s
Epoch: 4 cost time: 5033.417526483536
Epoch: 4, Steps: 4653 | Train Loss: 0.3115334 Vali Loss: 0.3146278 Test Loss: 0.3638795
Validation loss decreased (0.320684 --> 0.314628).  Saving model ...
Updating learning rate to 1.25e-05
	iters: 100, epoch: 5 | loss: 0.3921837
	speed: 10.5777s/iter; left time: 294260.0982s
	iters: 200, epoch: 5 | loss: 0.2594073
	speed: 1.0820s/iter; left time: 29991.4170s
	iters: 300, epoch: 5 | loss: 0.2814203
	speed: 1.0822s/iter; left time: 29888.6341s
	iters: 400, epoch: 5 | loss: 0.2997236
	speed: 1.0821s/iter; left time: 29779.0813s
	iters: 500, epoch: 5 | loss: 0.2569866
	speed: 1.0820s/iter; left time: 29668.3387s
	iters: 600, epoch: 5 | loss: 0.3928762
	speed: 1.0822s/iter; left time: 29563.2852s
	iters: 700, epoch: 5 | loss: 0.2641857
	speed: 1.0821s/iter; left time: 29453.8048s
	iters: 800, epoch: 5 | loss: 0.2513086
	speed: 1.0823s/iter; left time: 29351.0592s
	iters: 900, epoch: 5 | loss: 0.3584985
	speed: 1.0822s/iter; left time: 29241.2888s
	iters: 1000, epoch: 5 | loss: 0.3035655
	speed: 1.0820s/iter; left time: 29127.3982s
	iters: 1100, epoch: 5 | loss: 0.2730044
	speed: 1.0822s/iter; left time: 29022.6707s
	iters: 1200, epoch: 5 | loss: 0.3281487
	speed: 1.0821s/iter; left time: 28913.4551s
	iters: 1300, epoch: 5 | loss: 0.2836138
	speed: 1.0822s/iter; left time: 28807.7698s
	iters: 1400, epoch: 5 | loss: 0.3470960
	speed: 1.0822s/iter; left time: 28698.1679s
	iters: 1500, epoch: 5 | loss: 0.2697235
	speed: 1.0822s/iter; left time: 28591.4560s
	iters: 1600, epoch: 5 | loss: 0.2553965
	speed: 1.0823s/iter; left time: 28484.3109s
	iters: 1700, epoch: 5 | loss: 0.3151556
	speed: 1.0822s/iter; left time: 28375.4552s
	iters: 1800, epoch: 5 | loss: 0.2832536
	speed: 1.0822s/iter; left time: 28267.1896s
	iters: 1900, epoch: 5 | loss: 0.3843186
	speed: 1.0822s/iter; left time: 28157.5506s
	iters: 2000, epoch: 5 | loss: 0.2544895
	speed: 1.0822s/iter; left time: 28050.3951s
	iters: 2100, epoch: 5 | loss: 0.2952931
	speed: 1.0822s/iter; left time: 27942.5933s
	iters: 2200, epoch: 5 | loss: 0.2415135
	speed: 1.0823s/iter; left time: 27836.8275s
	iters: 2300, epoch: 5 | loss: 0.3138110
	speed: 1.0822s/iter; left time: 27724.5905s
	iters: 2400, epoch: 5 | loss: 0.2743184
	speed: 1.0822s/iter; left time: 27616.5893s
	iters: 2500, epoch: 5 | loss: 0.3856312
	speed: 1.0824s/iter; left time: 27512.6681s
	iters: 2600, epoch: 5 | loss: 0.3907175
	speed: 1.0823s/iter; left time: 27402.7951s
	iters: 2700, epoch: 5 | loss: 0.5918972
	speed: 1.0824s/iter; left time: 27296.4257s
	iters: 2800, epoch: 5 | loss: 0.2638106
	speed: 1.0823s/iter; left time: 27187.0354s
	iters: 2900, epoch: 5 | loss: 0.2721141
	speed: 1.0822s/iter; left time: 27076.2293s
	iters: 3000, epoch: 5 | loss: 0.3133105
	speed: 1.0822s/iter; left time: 26966.9969s
	iters: 3100, epoch: 5 | loss: 0.2818153
	speed: 1.0825s/iter; left time: 26865.4521s
	iters: 3200, epoch: 5 | loss: 0.2630572
	speed: 1.0823s/iter; left time: 26753.1601s
	iters: 3300, epoch: 5 | loss: 0.2553932
	speed: 1.0824s/iter; left time: 26646.4607s
	iters: 3400, epoch: 5 | loss: 0.2123773
	speed: 1.0823s/iter; left time: 26536.5769s
	iters: 3500, epoch: 5 | loss: 0.2840385
	speed: 1.0822s/iter; left time: 26426.4004s
	iters: 3600, epoch: 5 | loss: 0.2850161
	speed: 1.0823s/iter; left time: 26320.0751s
	iters: 3700, epoch: 5 | loss: 0.2326783
	speed: 1.0824s/iter; left time: 26214.2713s
	iters: 3800, epoch: 5 | loss: 0.3101851
	speed: 1.0824s/iter; left time: 26105.2226s
	iters: 3900, epoch: 5 | loss: 0.3203259
	speed: 1.0825s/iter; left time: 26000.0724s
	iters: 4000, epoch: 5 | loss: 0.2765341
	speed: 1.0825s/iter; left time: 25891.9375s
	iters: 4100, epoch: 5 | loss: 0.3037966
	speed: 1.0824s/iter; left time: 25780.7621s
	iters: 4200, epoch: 5 | loss: 0.2507601
	speed: 1.0815s/iter; left time: 25653.0915s
	iters: 4300, epoch: 5 | loss: 0.3208989
	speed: 1.0811s/iter; left time: 25534.1084s
	iters: 4400, epoch: 5 | loss: 0.2686909
	speed: 1.0803s/iter; left time: 25407.9325s
	iters: 4500, epoch: 5 | loss: 0.3246903
	speed: 1.0796s/iter; left time: 25282.9731s
	iters: 4600, epoch: 5 | loss: 0.2967014
	speed: 1.0796s/iter; left time: 25175.2441s
Epoch: 5 cost time: 5033.887790441513
Epoch: 5, Steps: 4653 | Train Loss: 0.3000445 Vali Loss: 0.3160651 Test Loss: 0.3642148
EarlyStopping counter: 1 out of 3
Updating learning rate to 6.25e-06
	iters: 100, epoch: 6 | loss: 0.2404696
	speed: 10.5636s/iter; left time: 244716.8847s
	iters: 200, epoch: 6 | loss: 0.2450594
	speed: 1.0796s/iter; left time: 24901.6296s
	iters: 300, epoch: 6 | loss: 0.3013212
	speed: 1.0795s/iter; left time: 24790.8831s
	iters: 400, epoch: 6 | loss: 0.2956205
	speed: 1.0795s/iter; left time: 24684.3389s
	iters: 500, epoch: 6 | loss: 0.2029060
	speed: 1.0797s/iter; left time: 24581.5402s
	iters: 600, epoch: 6 | loss: 0.3136921
	speed: 1.0798s/iter; left time: 24474.6173s
	iters: 700, epoch: 6 | loss: 0.3048741
	speed: 1.0799s/iter; left time: 24368.0743s
	iters: 800, epoch: 6 | loss: 0.2803920
	speed: 1.0798s/iter; left time: 24258.4321s
	iters: 900, epoch: 6 | loss: 0.3221233
	speed: 1.0798s/iter; left time: 24151.6817s
	iters: 1000, epoch: 6 | loss: 0.2105544
	speed: 1.0794s/iter; left time: 24034.5206s
	iters: 1100, epoch: 6 | loss: 0.3197757
	speed: 1.0794s/iter; left time: 23926.8766s
	iters: 1200, epoch: 6 | loss: 0.3140857
	speed: 1.0795s/iter; left time: 23820.0081s
	iters: 1300, epoch: 6 | loss: 0.2928970
	speed: 1.0797s/iter; left time: 23717.5206s
	iters: 1400, epoch: 6 | loss: 0.2510738
	speed: 1.0799s/iter; left time: 23612.2463s
	iters: 1500, epoch: 6 | loss: 0.2671748
	speed: 1.0798s/iter; left time: 23501.8397s
	iters: 1600, epoch: 6 | loss: 0.3084204
	speed: 1.0799s/iter; left time: 23397.8098s
	iters: 1700, epoch: 6 | loss: 0.3142175
	speed: 1.0798s/iter; left time: 23287.5581s
	iters: 1800, epoch: 6 | loss: 0.2985621
	speed: 1.0799s/iter; left time: 23181.2516s
	iters: 1900, epoch: 6 | loss: 0.3188496
	speed: 1.0799s/iter; left time: 23073.6354s
	iters: 2000, epoch: 6 | loss: 0.2552021
	speed: 1.0797s/iter; left time: 22959.8656s
	iters: 2100, epoch: 6 | loss: 0.3229294
	speed: 1.0796s/iter; left time: 22851.3330s
	iters: 2200, epoch: 6 | loss: 0.3309912
	speed: 1.0796s/iter; left time: 22742.7819s
	iters: 2300, epoch: 6 | loss: 0.3352767
	speed: 1.0798s/iter; left time: 22639.2567s
	iters: 2400, epoch: 6 | loss: 0.4964776
	speed: 1.0799s/iter; left time: 22532.7241s
	iters: 2500, epoch: 6 | loss: 0.2793882
	speed: 1.0793s/iter; left time: 22411.7317s
	iters: 2600, epoch: 6 | loss: 0.3158124
	speed: 1.0793s/iter; left time: 22304.7577s
	iters: 2700, epoch: 6 | loss: 0.2875219
	speed: 1.0795s/iter; left time: 22200.8394s
	iters: 2800, epoch: 6 | loss: 0.2959519
	speed: 1.0797s/iter; left time: 22096.1998s
	iters: 2900, epoch: 6 | loss: 0.2356797
	speed: 1.0800s/iter; left time: 21994.7856s
	iters: 3000, epoch: 6 | loss: 0.2340434
	speed: 1.0800s/iter; left time: 21888.2647s
	iters: 3100, epoch: 6 | loss: 0.3094306
	speed: 1.0795s/iter; left time: 21770.1943s
	iters: 3200, epoch: 6 | loss: 0.3794735
	speed: 1.0796s/iter; left time: 21662.4270s
	iters: 3300, epoch: 6 | loss: 0.2507733
	speed: 1.0795s/iter; left time: 21553.0892s
	iters: 3400, epoch: 6 | loss: 0.2397785
	speed: 1.0798s/iter; left time: 21450.7761s
	iters: 3500, epoch: 6 | loss: 0.2677164
	speed: 1.0801s/iter; left time: 21348.4185s
	iters: 3600, epoch: 6 | loss: 0.3543713
	speed: 1.0797s/iter; left time: 21234.3346s
	iters: 3700, epoch: 6 | loss: 0.3195626
	speed: 1.0794s/iter; left time: 21119.8656s
	iters: 3800, epoch: 6 | loss: 0.3128249
	speed: 1.0796s/iter; left time: 21014.9183s
	iters: 3900, epoch: 6 | loss: 0.2431827
	speed: 1.0797s/iter; left time: 20908.7980s
	iters: 4000, epoch: 6 | loss: 0.2615516
	speed: 1.0798s/iter; left time: 20803.6420s
	iters: 4100, epoch: 6 | loss: 0.2456053
	speed: 1.0799s/iter; left time: 20696.8680s
	iters: 4200, epoch: 6 | loss: 0.2479766
	speed: 1.0799s/iter; left time: 20589.3000s
	iters: 4300, epoch: 6 | loss: 0.2523352
	speed: 1.0799s/iter; left time: 20481.4647s
	iters: 4400, epoch: 6 | loss: 0.3131557
	speed: 1.0799s/iter; left time: 20372.7727s
	iters: 4500, epoch: 6 | loss: 0.2951065
	speed: 1.0800s/iter; left time: 20266.7602s
	iters: 4600, epoch: 6 | loss: 0.2669072
	speed: 1.0799s/iter; left time: 20157.7941s
Epoch: 6 cost time: 5023.149545431137
Epoch: 6, Steps: 4653 | Train Loss: 0.2948030 Vali Loss: 0.3132320 Test Loss: 0.3623546
Validation loss decreased (0.314628 --> 0.313232).  Saving model ...
Updating learning rate to 3.125e-06
	iters: 100, epoch: 7 | loss: 0.2910503
	speed: 10.5593s/iter; left time: 195485.1230s
	iters: 200, epoch: 7 | loss: 0.2552550
	speed: 1.0799s/iter; left time: 19883.6385s
	iters: 300, epoch: 7 | loss: 0.2889580
	speed: 1.0797s/iter; left time: 19772.7032s
	iters: 400, epoch: 7 | loss: 0.2685719
	speed: 1.0800s/iter; left time: 19669.3548s
	iters: 500, epoch: 7 | loss: 0.3586378
	speed: 1.0799s/iter; left time: 19559.9346s
	iters: 600, epoch: 7 | loss: 0.2370282
	speed: 1.0797s/iter; left time: 19448.1699s
	iters: 700, epoch: 7 | loss: 0.3146546
	speed: 1.0798s/iter; left time: 19342.0389s
	iters: 800, epoch: 7 | loss: 0.3085633
	speed: 1.0798s/iter; left time: 19235.3076s
	iters: 900, epoch: 7 | loss: 0.2312447
	speed: 1.0796s/iter; left time: 19123.7897s
	iters: 1000, epoch: 7 | loss: 0.2937689
	speed: 1.0797s/iter; left time: 19016.5569s
	iters: 1100, epoch: 7 | loss: 0.3174121
	speed: 1.0798s/iter; left time: 18910.6248s
	iters: 1200, epoch: 7 | loss: 0.2569207
	speed: 1.0799s/iter; left time: 18803.9443s
	iters: 1300, epoch: 7 | loss: 0.2670065
	speed: 1.0797s/iter; left time: 18692.0187s
	iters: 1400, epoch: 7 | loss: 0.3663765
	speed: 1.0798s/iter; left time: 18587.0053s
	iters: 1500, epoch: 7 | loss: 0.2937495
	speed: 1.0799s/iter; left time: 18480.8519s
	iters: 1600, epoch: 7 | loss: 0.2461513
	speed: 1.0800s/iter; left time: 18374.4693s
	iters: 1700, epoch: 7 | loss: 0.3285514
	speed: 1.0798s/iter; left time: 18261.8492s
	iters: 1800, epoch: 7 | loss: 0.2643325
	speed: 1.0798s/iter; left time: 18155.4395s
	iters: 1900, epoch: 7 | loss: 0.2972847
	speed: 1.0797s/iter; left time: 18045.5740s
	iters: 2000, epoch: 7 | loss: 0.3691582
	speed: 1.0795s/iter; left time: 17933.8258s
	iters: 2100, epoch: 7 | loss: 0.3634924
	speed: 1.0796s/iter; left time: 17827.5970s
	iters: 2200, epoch: 7 | loss: 0.2697385
	speed: 1.0799s/iter; left time: 17723.7875s
	iters: 2300, epoch: 7 | loss: 0.2384185
	speed: 1.0799s/iter; left time: 17616.3543s
	iters: 2400, epoch: 7 | loss: 0.2337172
	speed: 1.0800s/iter; left time: 17509.7891s
	iters: 2500, epoch: 7 | loss: 0.2867136
	speed: 1.0796s/iter; left time: 17396.3297s
	iters: 2600, epoch: 7 | loss: 0.4461956
	speed: 1.0796s/iter; left time: 17288.3802s
	iters: 2700, epoch: 7 | loss: 0.2530840
	speed: 1.0799s/iter; left time: 17184.1868s
	iters: 2800, epoch: 7 | loss: 0.3774034
	speed: 1.0799s/iter; left time: 17076.6155s
	iters: 2900, epoch: 7 | loss: 0.2958605
	speed: 1.0797s/iter; left time: 16965.8058s
	iters: 3000, epoch: 7 | loss: 0.3394562
	speed: 1.0793s/iter; left time: 16851.5966s
	iters: 3100, epoch: 7 | loss: 0.2367826
	speed: 1.0795s/iter; left time: 16746.4053s
	iters: 3200, epoch: 7 | loss: 0.2930830
	speed: 1.0798s/iter; left time: 16643.2856s
	iters: 3300, epoch: 7 | loss: 0.2482870
	speed: 1.0800s/iter; left time: 16537.8686s
	iters: 3400, epoch: 7 | loss: 0.2910996
	speed: 1.0800s/iter; left time: 16430.2481s
	iters: 3500, epoch: 7 | loss: 0.3387322
	speed: 1.0795s/iter; left time: 16314.5436s
	iters: 3600, epoch: 7 | loss: 0.2750120
	speed: 1.0795s/iter; left time: 16206.0677s
	iters: 3700, epoch: 7 | loss: 0.2802450
	speed: 1.0797s/iter; left time: 16101.9457s
	iters: 3800, epoch: 7 | loss: 0.2640278
	speed: 1.0799s/iter; left time: 15995.9562s
	iters: 3900, epoch: 7 | loss: 0.2868684
	speed: 1.0798s/iter; left time: 15887.2977s
	iters: 4000, epoch: 7 | loss: 0.3621064
	speed: 1.0798s/iter; left time: 15779.3621s
	iters: 4100, epoch: 7 | loss: 0.2261340
	speed: 1.0798s/iter; left time: 15670.5406s
	iters: 4200, epoch: 7 | loss: 0.3044519
	speed: 1.0797s/iter; left time: 15562.0035s
	iters: 4300, epoch: 7 | loss: 0.3294424
	speed: 1.0798s/iter; left time: 15455.6066s
	iters: 4400, epoch: 7 | loss: 0.3969147
	speed: 1.0799s/iter; left time: 15348.5507s
	iters: 4500, epoch: 7 | loss: 0.3295399
	speed: 1.0800s/iter; left time: 15241.6628s
	iters: 4600, epoch: 7 | loss: 0.2690054
	speed: 1.0799s/iter; left time: 15133.1805s
Epoch: 7 cost time: 5023.472095966339
Epoch: 7, Steps: 4653 | Train Loss: 0.2921749 Vali Loss: 0.3130568 Test Loss: 0.3631488
Validation loss decreased (0.313232 --> 0.313057).  Saving model ...
Updating learning rate to 1.5625e-06
	iters: 100, epoch: 8 | loss: 0.2816951
	speed: 10.5676s/iter; left time: 146467.1619s
	iters: 200, epoch: 8 | loss: 0.2945880
	speed: 1.0797s/iter; left time: 14857.2423s
	iters: 300, epoch: 8 | loss: 0.2872832
	speed: 1.0796s/iter; left time: 14747.4165s
	iters: 400, epoch: 8 | loss: 0.3006323
	speed: 1.0796s/iter; left time: 14639.1618s
	iters: 500, epoch: 8 | loss: 0.3051670
	speed: 1.0794s/iter; left time: 14529.2422s
	iters: 600, epoch: 8 | loss: 0.2694581
	speed: 1.0795s/iter; left time: 14422.2701s
	iters: 700, epoch: 8 | loss: 0.2856774
	speed: 1.0793s/iter; left time: 14310.9263s
	iters: 800, epoch: 8 | loss: 0.4105537
	speed: 1.0794s/iter; left time: 14204.5490s
	iters: 900, epoch: 8 | loss: 0.2742496
	speed: 1.0795s/iter; left time: 14097.8632s
	iters: 1000, epoch: 8 | loss: 0.2727004
	speed: 1.0795s/iter; left time: 13990.2888s
	iters: 1100, epoch: 8 | loss: 0.2435821
	speed: 1.0796s/iter; left time: 13883.3794s
	iters: 1200, epoch: 8 | loss: 0.2762962
	speed: 1.0796s/iter; left time: 13776.0526s
	iters: 1300, epoch: 8 | loss: 0.2529582
	speed: 1.0794s/iter; left time: 13664.5743s
	iters: 1400, epoch: 8 | loss: 0.2907567
	speed: 1.0796s/iter; left time: 13559.5985s
	iters: 1500, epoch: 8 | loss: 0.2281085
	speed: 1.0797s/iter; left time: 13452.9481s
	iters: 1600, epoch: 8 | loss: 0.3291692
	speed: 1.0798s/iter; left time: 13346.6015s
	iters: 1700, epoch: 8 | loss: 0.2556536
	speed: 1.0794s/iter; left time: 13233.3058s
	iters: 1800, epoch: 8 | loss: 0.1974007
	speed: 1.0793s/iter; left time: 13124.7055s
	iters: 1900, epoch: 8 | loss: 0.2605121
	speed: 1.0794s/iter; left time: 13017.5878s
	iters: 2000, epoch: 8 | loss: 0.2374232
	speed: 1.0792s/iter; left time: 12907.6550s
	iters: 2100, epoch: 8 | loss: 0.2634204
	speed: 1.0792s/iter; left time: 12799.4175s
	iters: 2200, epoch: 8 | loss: 0.2879483
	speed: 1.0793s/iter; left time: 12692.3509s
	iters: 2300, epoch: 8 | loss: 0.3006107
	speed: 1.0796s/iter; left time: 12588.1321s
	iters: 2400, epoch: 8 | loss: 0.3686238
	speed: 1.0796s/iter; left time: 12479.9223s
	iters: 2500, epoch: 8 | loss: 0.2614809
	speed: 1.0795s/iter; left time: 12371.5720s
	iters: 2600, epoch: 8 | loss: 0.2327584
	speed: 1.0797s/iter; left time: 12264.9881s
	iters: 2700, epoch: 8 | loss: 0.2468074
	speed: 1.0793s/iter; left time: 12152.5392s
	iters: 2800, epoch: 8 | loss: 0.2511554
	speed: 1.0794s/iter; left time: 12045.6235s
	iters: 2900, epoch: 8 | loss: 0.2575322
	speed: 1.0795s/iter; left time: 11939.0839s
	iters: 3000, epoch: 8 | loss: 0.3233898
	speed: 1.0796s/iter; left time: 11832.4376s
	iters: 3100, epoch: 8 | loss: 0.2546028
	speed: 1.0796s/iter; left time: 11724.1963s
	iters: 3200, epoch: 8 | loss: 0.2313018
	speed: 1.0794s/iter; left time: 11614.7039s
	iters: 3300, epoch: 8 | loss: 0.3397755
	speed: 1.0795s/iter; left time: 11507.4414s
	iters: 3400, epoch: 8 | loss: 0.4019836
	speed: 1.0797s/iter; left time: 11401.8589s
	iters: 3500, epoch: 8 | loss: 0.2688591
	speed: 1.0796s/iter; left time: 11292.1974s
	iters: 3600, epoch: 8 | loss: 0.3261241
	speed: 1.0795s/iter; left time: 11183.4119s
	iters: 3700, epoch: 8 | loss: 0.2824250
	speed: 1.0794s/iter; left time: 11074.2068s
	iters: 3800, epoch: 8 | loss: 0.2672663
	speed: 1.0793s/iter; left time: 10966.1640s
	iters: 3900, epoch: 8 | loss: 0.3448550
	speed: 1.0796s/iter; left time: 10860.6449s
	iters: 4000, epoch: 8 | loss: 0.3463227
	speed: 1.0796s/iter; left time: 10752.9326s
	iters: 4100, epoch: 8 | loss: 0.2634166
	speed: 1.0796s/iter; left time: 10644.9514s
	iters: 4200, epoch: 8 | loss: 0.2506602
	speed: 1.0795s/iter; left time: 10536.3087s
	iters: 4300, epoch: 8 | loss: 0.2601072
	speed: 1.0794s/iter; left time: 10427.4098s
	iters: 4400, epoch: 8 | loss: 0.2729544
	speed: 1.0792s/iter; left time: 10317.0880s
	iters: 4500, epoch: 8 | loss: 0.3598216
	speed: 1.0792s/iter; left time: 10209.0564s
	iters: 4600, epoch: 8 | loss: 0.3462547
	speed: 1.0793s/iter; left time: 10102.2786s
Epoch: 8 cost time: 5022.095526456833
Epoch: 8, Steps: 4653 | Train Loss: 0.2907735 Vali Loss: 0.3104647 Test Loss: 0.3605008
Validation loss decreased (0.313057 --> 0.310465).  Saving model ...
Updating learning rate to 7.8125e-07
	iters: 100, epoch: 9 | loss: 0.2971731
	speed: 10.5612s/iter; left time: 97237.2840s
	iters: 200, epoch: 9 | loss: 0.3243679
	speed: 1.0787s/iter; left time: 9823.4958s
	iters: 300, epoch: 9 | loss: 0.2559930
	speed: 1.0777s/iter; left time: 9707.0577s
	iters: 400, epoch: 9 | loss: 0.3132264
	speed: 1.0774s/iter; left time: 9596.8178s
	iters: 500, epoch: 9 | loss: 0.2989325
	speed: 1.0777s/iter; left time: 9491.5018s
	iters: 600, epoch: 9 | loss: 0.3105591
	speed: 1.0777s/iter; left time: 9383.6198s
	iters: 700, epoch: 9 | loss: 0.2809247
	speed: 1.0777s/iter; left time: 9275.8432s
	iters: 800, epoch: 9 | loss: 0.2789361
	speed: 1.0776s/iter; left time: 9167.4346s
	iters: 900, epoch: 9 | loss: 0.2952692
	speed: 1.0777s/iter; left time: 9060.1913s
	iters: 1000, epoch: 9 | loss: 0.2212839
	speed: 1.0777s/iter; left time: 8952.6078s
	iters: 1100, epoch: 9 | loss: 0.2297797
	speed: 1.0776s/iter; left time: 8843.8460s
	iters: 1200, epoch: 9 | loss: 0.2674964
	speed: 1.0777s/iter; left time: 8736.6543s
	iters: 1300, epoch: 9 | loss: 0.2626384
	speed: 1.0776s/iter; left time: 8628.2147s
	iters: 1400, epoch: 9 | loss: 0.2891217
	speed: 1.0775s/iter; left time: 8519.8584s
	iters: 1500, epoch: 9 | loss: 0.2942440
	speed: 1.0777s/iter; left time: 8413.2276s
	iters: 1600, epoch: 9 | loss: 0.2691736
	speed: 1.0777s/iter; left time: 8305.7375s
	iters: 1700, epoch: 9 | loss: 0.2642175
	speed: 1.0777s/iter; left time: 8197.7419s
	iters: 1800, epoch: 9 | loss: 0.2598153
	speed: 1.0776s/iter; left time: 8089.5138s
	iters: 1900, epoch: 9 | loss: 0.2364888
	speed: 1.0773s/iter; left time: 7979.8321s
	iters: 2000, epoch: 9 | loss: 0.3052994
	speed: 1.0775s/iter; left time: 7873.1838s
	iters: 2100, epoch: 9 | loss: 0.2740526
	speed: 1.0775s/iter; left time: 7765.8173s
	iters: 2200, epoch: 9 | loss: 0.3153108
	speed: 1.0777s/iter; left time: 7659.0187s
	iters: 2300, epoch: 9 | loss: 0.3401628
	speed: 1.0776s/iter; left time: 7550.7213s
	iters: 2400, epoch: 9 | loss: 0.2456870
	speed: 1.0774s/iter; left time: 7441.7927s
	iters: 2500, epoch: 9 | loss: 0.2279126
	speed: 1.0776s/iter; left time: 7335.5238s
	iters: 2600, epoch: 9 | loss: 0.2586287
	speed: 1.0777s/iter; left time: 7227.8081s
	iters: 2700, epoch: 9 | loss: 0.2385935
	speed: 1.0777s/iter; left time: 7120.0851s
	iters: 2800, epoch: 9 | loss: 0.3856661
	speed: 1.0776s/iter; left time: 7011.8420s
	iters: 2900, epoch: 9 | loss: 0.3252218
	speed: 1.0777s/iter; left time: 6904.6165s
	iters: 3000, epoch: 9 | loss: 0.2658882
	speed: 1.0777s/iter; left time: 6797.1393s
	iters: 3100, epoch: 9 | loss: 0.3018352
	speed: 1.0777s/iter; left time: 6689.1728s
	iters: 3200, epoch: 9 | loss: 0.3100122
	speed: 1.0776s/iter; left time: 6580.8385s
	iters: 3300, epoch: 9 | loss: 0.2290063
	speed: 1.0777s/iter; left time: 6473.9271s
	iters: 3400, epoch: 9 | loss: 0.2823945
	speed: 1.0776s/iter; left time: 6365.4243s
	iters: 3500, epoch: 9 | loss: 0.3308947
	speed: 1.0777s/iter; left time: 6258.3774s
	iters: 3600, epoch: 9 | loss: 0.3158843
	speed: 1.0776s/iter; left time: 6149.5967s
	iters: 3700, epoch: 9 | loss: 0.3549872
	speed: 1.0777s/iter; left time: 6042.5988s
	iters: 3800, epoch: 9 | loss: 0.3591304
	speed: 1.0776s/iter; left time: 5934.6097s
	iters: 3900, epoch: 9 | loss: 0.2597891
	speed: 1.0776s/iter; left time: 5826.5464s
	iters: 4000, epoch: 9 | loss: 0.2242139
	speed: 1.0778s/iter; left time: 5719.7733s
	iters: 4100, epoch: 9 | loss: 0.2438396
	speed: 1.0777s/iter; left time: 5611.7858s
	iters: 4200, epoch: 9 | loss: 0.3676375
	speed: 1.0776s/iter; left time: 5503.4874s
	iters: 4300, epoch: 9 | loss: 0.2506002
	speed: 1.0777s/iter; left time: 5395.8257s
	iters: 4400, epoch: 9 | loss: 0.2261276
	speed: 1.0775s/iter; left time: 5287.4978s
	iters: 4500, epoch: 9 | loss: 0.4114965
	speed: 1.0776s/iter; left time: 5180.0137s
	iters: 4600, epoch: 9 | loss: 0.3293952
	speed: 1.0777s/iter; left time: 5072.7789s
Epoch: 9 cost time: 5013.756497859955
Epoch: 9, Steps: 4653 | Train Loss: 0.2901215 Vali Loss: 0.3122140 Test Loss: 0.3624361
EarlyStopping counter: 1 out of 3
Updating learning rate to 3.90625e-07
	iters: 100, epoch: 10 | loss: 0.3754662
	speed: 10.5298s/iter; left time: 47952.6318s
	iters: 200, epoch: 10 | loss: 0.2570572
	speed: 1.0775s/iter; left time: 4799.2428s
	iters: 300, epoch: 10 | loss: 0.3188920
	speed: 1.0778s/iter; left time: 4692.6446s
	iters: 400, epoch: 10 | loss: 0.2191750
	speed: 1.0777s/iter; left time: 4584.5735s
	iters: 500, epoch: 10 | loss: 0.2827213
	speed: 1.0776s/iter; left time: 4476.3514s
	iters: 600, epoch: 10 | loss: 0.2576594
	speed: 1.0776s/iter; left time: 4368.4763s
	iters: 700, epoch: 10 | loss: 0.3594101
	speed: 1.0775s/iter; left time: 4260.6229s
	iters: 800, epoch: 10 | loss: 0.3866786
	speed: 1.0778s/iter; left time: 4153.7683s
	iters: 900, epoch: 10 | loss: 0.2512011
	speed: 1.0779s/iter; left time: 4046.3397s
	iters: 1000, epoch: 10 | loss: 0.4063793
	speed: 1.0775s/iter; left time: 3937.1659s
	iters: 1100, epoch: 10 | loss: 0.2371304
	speed: 1.0775s/iter; left time: 3829.5619s
	iters: 1200, epoch: 10 | loss: 0.3298867
	speed: 1.0776s/iter; left time: 3722.0840s
	iters: 1300, epoch: 10 | loss: 0.3009859
	speed: 1.0775s/iter; left time: 3614.0239s
	iters: 1400, epoch: 10 | loss: 0.3440484
	speed: 1.0775s/iter; left time: 3506.2327s
	iters: 1500, epoch: 10 | loss: 0.2927434
	speed: 1.0775s/iter; left time: 3398.4070s
	iters: 1600, epoch: 10 | loss: 0.2744041
	speed: 1.0775s/iter; left time: 3290.5490s
	iters: 1700, epoch: 10 | loss: 0.3077757
	speed: 1.0775s/iter; left time: 3183.0713s
	iters: 1800, epoch: 10 | loss: 0.3314726
	speed: 1.0775s/iter; left time: 3075.3111s
	iters: 1900, epoch: 10 | loss: 0.2680968
	speed: 1.0776s/iter; left time: 2967.8450s
	iters: 2000, epoch: 10 | loss: 0.2562820
	speed: 1.0774s/iter; left time: 2859.3573s
	iters: 2100, epoch: 10 | loss: 0.2793614
	speed: 1.0775s/iter; left time: 2751.8282s
	iters: 2200, epoch: 10 | loss: 0.2751175
	speed: 1.0775s/iter; left time: 2644.2089s
	iters: 2300, epoch: 10 | loss: 0.2991019
	speed: 1.0775s/iter; left time: 2536.5232s
	iters: 2400, epoch: 10 | loss: 0.3498249
	speed: 1.0776s/iter; left time: 2428.9394s
	iters: 2500, epoch: 10 | loss: 0.2405399
	speed: 1.0776s/iter; left time: 2321.1684s
	iters: 2600, epoch: 10 | loss: 0.3372656
	speed: 1.0776s/iter; left time: 2213.3949s
	iters: 2700, epoch: 10 | loss: 0.3427859
	speed: 1.0776s/iter; left time: 2105.7281s
	iters: 2800, epoch: 10 | loss: 0.2441401
	speed: 1.0776s/iter; left time: 1997.8494s
	iters: 2900, epoch: 10 | loss: 0.2397574
	speed: 1.0776s/iter; left time: 1890.1363s
	iters: 3000, epoch: 10 | loss: 0.2853800
	speed: 1.0775s/iter; left time: 1782.2637s
	iters: 3100, epoch: 10 | loss: 0.3141674
	speed: 1.0776s/iter; left time: 1674.6418s
	iters: 3200, epoch: 10 | loss: 0.2649343
	speed: 1.0775s/iter; left time: 1566.6310s
	iters: 3300, epoch: 10 | loss: 0.3503850
	speed: 1.0776s/iter; left time: 1459.0686s
	iters: 3400, epoch: 10 | loss: 0.2829460
	speed: 1.0774s/iter; left time: 1351.1178s
	iters: 3500, epoch: 10 | loss: 0.2658123
	speed: 1.0775s/iter; left time: 1243.4811s
	iters: 3600, epoch: 10 | loss: 0.2882346
	speed: 1.0775s/iter; left time: 1135.7119s
	iters: 3700, epoch: 10 | loss: 0.4240146
	speed: 1.0776s/iter; left time: 1028.0409s
	iters: 3800, epoch: 10 | loss: 0.2254959
	speed: 1.0775s/iter; left time: 920.1905s
	iters: 3900, epoch: 10 | loss: 0.1960430
	speed: 1.0776s/iter; left time: 812.5129s
	iters: 4000, epoch: 10 | loss: 0.3173243
	speed: 1.0775s/iter; left time: 704.6725s
	iters: 4100, epoch: 10 | loss: 0.3007268
	speed: 1.0776s/iter; left time: 596.9707s
	iters: 4200, epoch: 10 | loss: 0.2782137
	speed: 1.0775s/iter; left time: 489.1929s
	iters: 4300, epoch: 10 | loss: 0.3165296
	speed: 1.0776s/iter; left time: 381.4573s
	iters: 4400, epoch: 10 | loss: 0.3239719
	speed: 1.0776s/iter; left time: 273.6999s
	iters: 4500, epoch: 10 | loss: 0.3200148
	speed: 1.0776s/iter; left time: 165.9530s
	iters: 4600, epoch: 10 | loss: 0.2604001
	speed: 1.0776s/iter; left time: 58.1909s
Epoch: 10 cost time: 5013.165908336639
Epoch: 10, Steps: 4653 | Train Loss: 0.2897925 Vali Loss: 0.3119156 Test Loss: 0.3624578
EarlyStopping counter: 2 out of 3
Updating learning rate to 1.953125e-07
>>>>>>>testing : long_term_forecast_LBv2_traffic_PatchTST_2880_s2022_PatchTST_custom_ftM_sl2880_ll48_pl96_dm512_nh8_el2_dl1_df512_expand2_dc4_fc3_ebtimeF_dtTrue_Exp_0<<<<<<<<<<<<<<<<<<<<<<<<<<<<<<<<<
test 3413
test shape: (3413, 96, 862) (3413, 96, 862)
test shape: (3413, 96, 862) (3413, 96, 862)
mse:0.36053574085235596, mae:0.25748756527900696, dtw:Not calculated
