Using GPU
Args in experiment:
[1mBasic Config[0m
  Task Name:          long_term_forecast  Is Training:        1                   
  Model ID:           LBctrl_exchange_rate_720Model:              iTransformer        

[1mData Loader[0m
  Data:               custom              Root Path:          ./dataset/exchange_rate/
  Data Path:          exchange_rate.csv   Features:           M                   
  Target:             OT                  Freq:               h                   
  Checkpoints:        ./checkpoints/      

[1mForecasting Task[0m
  Seq Len:            720                 Label Len:          48                  
  Pred Len:           96                  Seasonal Patterns:  Monthly             
  Inverse:            0                   

[1mModel Parameters[0m
  Top k:              5                   Num Kernels:        6                   
  Enc In:             8                   Dec In:             8                   
  C Out:              8                   d model:            128                 
  n heads:            8                   e layers:           2                   
  d layers:           1                   d FF:               128                 
  Moving Avg:         25                  Factor:             3                   
  Distil:             1                   Dropout:            0.1                 
  Embed:              timeF               Activation:         gelu                

[1mRun Parameters[0m
  Num Workers:        10                  Itr:                1                   
  Train Epochs:       10                  Batch Size:         32                  
  Patience:           3                   Learning Rate:      0.0001              
  Des:                Exp                 Loss:               MSE                 
  Lradj:              type1               Use Amp:            0                   

[1mGPU[0m
  Use GPU:            1                   GPU:                0                   
  Use Multi GPU:      0                   Devices:            0,1,2,3             

[1mDe-stationary Projector Params[0m
  P Hidden Dims:      128, 128            P Hidden Layers:    2                   

Use GPU: cuda:0
🚀 Lazy Loading: iTransformer ...
>>>>>>>start training : long_term_forecast_LBctrl_exchange_rate_720_iTransformer_custom_ftM_sl720_ll48_pl96_dm128_nh8_el2_dl1_df128_expand2_dc4_fc3_ebtimeF_dtTrue_Exp_0>>>>>>>>>>>>>>>>>>>>>>>>>>
train window subsample: keep 2336/4496 windows (max_train_windows=2336)
train 2336
val 665
test 1422
Epoch: 1 cost time: 22.82084608078003
Epoch: 1, Steps: 73 | Train Loss: 0.4308969 Vali Loss: 0.2454130 Test Loss: 0.2161428
Validation loss decreased (inf --> 0.245413).  Saving model ...
Updating learning rate to 0.0001
Epoch: 2 cost time: 36.36371731758118
Epoch: 2, Steps: 73 | Train Loss: 0.2257362 Vali Loss: 0.1876803 Test Loss: 0.1451907
Validation loss decreased (0.245413 --> 0.187680).  Saving model ...
Updating learning rate to 5e-05
Epoch: 3 cost time: 37.592731952667236
Epoch: 3, Steps: 73 | Train Loss: 0.1738693 Vali Loss: 0.1860608 Test Loss: 0.1345867
Validation loss decreased (0.187680 --> 0.186061).  Saving model ...
Updating learning rate to 2.5e-05
Epoch: 4 cost time: 40.26040315628052
Epoch: 4, Steps: 73 | Train Loss: 0.1585334 Vali Loss: 0.1846882 Test Loss: 0.1303431
Validation loss decreased (0.186061 --> 0.184688).  Saving model ...
Updating learning rate to 1.25e-05
Epoch: 5 cost time: 37.31542348861694
Epoch: 5, Steps: 73 | Train Loss: 0.1528559 Vali Loss: 0.1784437 Test Loss: 0.1286524
Validation loss decreased (0.184688 --> 0.178444).  Saving model ...
Updating learning rate to 6.25e-06
Epoch: 6 cost time: 37.632466316223145
Epoch: 6, Steps: 73 | Train Loss: 0.1501517 Vali Loss: 0.1732710 Test Loss: 0.1263853
Validation loss decreased (0.178444 --> 0.173271).  Saving model ...
Updating learning rate to 3.125e-06
Epoch: 7 cost time: 37.285189390182495
Epoch: 7, Steps: 73 | Train Loss: 0.1482576 Vali Loss: 0.1754377 Test Loss: 0.1266577
EarlyStopping counter: 1 out of 3
Updating learning rate to 1.5625e-06
Epoch: 8 cost time: 36.552082777023315
Epoch: 8, Steps: 73 | Train Loss: 0.1479565 Vali Loss: 0.1748441 Test Loss: 0.1261967
EarlyStopping counter: 2 out of 3
Updating learning rate to 7.8125e-07
Epoch: 9 cost time: 36.160666942596436
Epoch: 9, Steps: 73 | Train Loss: 0.1474029 Vali Loss: 0.1760486 Test Loss: 0.1264154
EarlyStopping counter: 3 out of 3
Early stopping
>>>>>>>testing : long_term_forecast_LBctrl_exchange_rate_720_iTransformer_custom_ftM_sl720_ll48_pl96_dm128_nh8_el2_dl1_df128_expand2_dc4_fc3_ebtimeF_dtTrue_Exp_0<<<<<<<<<<<<<<<<<<<<<<<<<<<<<<<<<
test 1422
test shape: (1422, 96, 8) (1422, 96, 8)
test shape: (1422, 96, 8) (1422, 96, 8)
mse:0.1254577934741974, mae:0.2592800557613373, dtw:Not calculated
