Using GPU
Args in experiment:
[1mBasic Config[0m
  Task Name:          long_term_forecast  Is Training:        1                   
  Model ID:           LBctrl_weather_1440 Model:              iTransformer        

[1mData Loader[0m
  Data:               custom              Root Path:          ./dataset/weather/  
  Data Path:          weather.csv         Features:           M                   
  Target:             OT                  Freq:               h                   
  Checkpoints:        ./checkpoints/      

[1mForecasting Task[0m
  Seq Len:            1440                Label Len:          48                  
  Pred Len:           96                  Seasonal Patterns:  Monthly             
  Inverse:            0                   

[1mModel Parameters[0m
  Top k:              5                   Num Kernels:        6                   
  Enc In:             21                  Dec In:             21                  
  C Out:              21                  d model:            512                 
  n heads:            8                   e layers:           3                   
  d layers:           1                   d FF:               512                 
  Moving Avg:         25                  Factor:             3                   
  Distil:             1                   Dropout:            0.1                 
  Embed:              timeF               Activation:         gelu                

[1mRun Parameters[0m
  Num Workers:        10                  Itr:                1                   
  Train Epochs:       10                  Batch Size:         32                  
  Patience:           3                   Learning Rate:      0.0001              
  Des:                Exp                 Loss:               MSE                 
  Lradj:              type1               Use Amp:            0                   

[1mGPU[0m
  Use GPU:            1                   GPU:                0                   
  Use Multi GPU:      0                   Devices:            0,1,2,3             

[1mDe-stationary Projector Params[0m
  P Hidden Dims:      128, 128            P Hidden Layers:    2                   

Use GPU: cuda:0
🚀 Lazy Loading: iTransformer ...
>>>>>>>start training : long_term_forecast_LBctrl_weather_1440_iTransformer_custom_ftM_sl1440_ll48_pl96_dm512_nh8_el3_dl1_df512_expand2_dc4_fc3_ebtimeF_dtTrue_Exp_0>>>>>>>>>>>>>>>>>>>>>>>>>>
train window subsample: keep 33912/35352 windows (max_train_windows=33912)
train 33912
val 5175
test 10444
	iters: 100, epoch: 1 | loss: 0.3405936
	speed: 0.4678s/iter; left time: 4912.2385s
	iters: 200, epoch: 1 | loss: 0.3255711
	speed: 0.5123s/iter; left time: 5328.3411s
	iters: 300, epoch: 1 | loss: 0.2735294
	speed: 0.5153s/iter; left time: 5308.0372s
	iters: 400, epoch: 1 | loss: 0.2458430
	speed: 0.5112s/iter; left time: 5214.8308s
	iters: 500, epoch: 1 | loss: 0.2165625
	speed: 0.5208s/iter; left time: 5260.4678s
	iters: 600, epoch: 1 | loss: 0.2525271
	speed: 0.5181s/iter; left time: 5181.5703s
	iters: 700, epoch: 1 | loss: 0.3802429
	speed: 0.5211s/iter; left time: 5159.7856s
	iters: 800, epoch: 1 | loss: 1.1473894
	speed: 0.5232s/iter; left time: 5127.7244s
	iters: 900, epoch: 1 | loss: 0.2346632
	speed: 0.5022s/iter; left time: 4871.9752s
	iters: 1000, epoch: 1 | loss: 0.3366340
	speed: 0.4968s/iter; left time: 4769.8214s
Epoch: 1 cost time: 536.6050996780396
Epoch: 1, Steps: 1060 | Train Loss: 0.3812927 Vali Loss: 0.4454849 Test Loss: 0.1987179
Validation loss decreased (inf --> 0.445485).  Saving model ...
Updating learning rate to 0.0001
	iters: 100, epoch: 2 | loss: 1.1732055
	speed: 4.6713s/iter; left time: 44101.5105s
	iters: 200, epoch: 2 | loss: 0.1528860
	speed: 0.3827s/iter; left time: 3574.4339s
	iters: 300, epoch: 2 | loss: 1.2642045
	speed: 0.3733s/iter; left time: 3449.5634s
	iters: 400, epoch: 2 | loss: 0.1799700
	speed: 0.3677s/iter; left time: 3360.7835s
	iters: 500, epoch: 2 | loss: 0.1868509
	speed: 0.3563s/iter; left time: 3221.2507s
	iters: 600, epoch: 2 | loss: 0.1532081
	speed: 0.3408s/iter; left time: 3047.1022s
	iters: 700, epoch: 2 | loss: 0.1426505
	speed: 0.3357s/iter; left time: 2967.5871s
	iters: 800, epoch: 2 | loss: 0.2384730
	speed: 0.3496s/iter; left time: 3055.9771s
	iters: 900, epoch: 2 | loss: 0.1437178
	speed: 0.3445s/iter; left time: 2977.0076s
	iters: 1000, epoch: 2 | loss: 0.2113955
	speed: 0.3268s/iter; left time: 2791.4308s
Epoch: 2 cost time: 375.19254970550537
Epoch: 2, Steps: 1060 | Train Loss: 0.2969860 Vali Loss: 0.4461907 Test Loss: 0.2012661
EarlyStopping counter: 1 out of 3
Updating learning rate to 5e-05
	iters: 100, epoch: 3 | loss: 0.1243018
	speed: 3.5454s/iter; left time: 29714.0004s
	iters: 200, epoch: 3 | loss: 0.1889824
	speed: 0.3251s/iter; left time: 2692.1814s
	iters: 300, epoch: 3 | loss: 0.1890568
	speed: 0.3098s/iter; left time: 2534.7659s
	iters: 400, epoch: 3 | loss: 0.1263636
	speed: 0.3087s/iter; left time: 2494.7133s
	iters: 500, epoch: 3 | loss: 0.1461924
	speed: 0.3142s/iter; left time: 2507.2985s
	iters: 600, epoch: 3 | loss: 0.4179288
	speed: 0.3092s/iter; left time: 2437.1426s
	iters: 700, epoch: 3 | loss: 0.1438028
	speed: 0.3181s/iter; left time: 2474.9083s
	iters: 800, epoch: 3 | loss: 0.1060470
	speed: 0.3123s/iter; left time: 2398.8474s
	iters: 900, epoch: 3 | loss: 0.2848078
	speed: 0.3190s/iter; left time: 2418.6669s
	iters: 1000, epoch: 3 | loss: 0.1603909
	speed: 0.3124s/iter; left time: 2337.1571s
Epoch: 3 cost time: 333.7381410598755
Epoch: 3, Steps: 1060 | Train Loss: 0.2702724 Vali Loss: 0.4558955 Test Loss: 0.2035468
EarlyStopping counter: 2 out of 3
Updating learning rate to 2.5e-05
	iters: 100, epoch: 4 | loss: 0.1541252
	speed: 3.1802s/iter; left time: 23282.3004s
	iters: 200, epoch: 4 | loss: 0.3171818
	speed: 0.2884s/iter; left time: 2082.6899s
	iters: 300, epoch: 4 | loss: 0.1796596
	speed: 0.2932s/iter; left time: 2087.5719s
	iters: 400, epoch: 4 | loss: 0.1580426
	speed: 0.2685s/iter; left time: 1885.4318s
	iters: 500, epoch: 4 | loss: 0.2118971
	speed: 0.2813s/iter; left time: 1946.6019s
	iters: 600, epoch: 4 | loss: 0.1544023
	speed: 0.2743s/iter; left time: 1871.1976s
	iters: 700, epoch: 4 | loss: 0.1508757
	speed: 0.2673s/iter; left time: 1796.3577s
	iters: 800, epoch: 4 | loss: 0.1568517
	speed: 0.2575s/iter; left time: 1704.7990s
	iters: 900, epoch: 4 | loss: 0.1846202
	speed: 0.2460s/iter; left time: 1604.2554s
	iters: 1000, epoch: 4 | loss: 0.1233631
	speed: 0.2254s/iter; left time: 1447.5548s
Epoch: 4 cost time: 284.77218890190125
Epoch: 4, Steps: 1060 | Train Loss: 0.2604796 Vali Loss: 0.4501288 Test Loss: 0.2029933
EarlyStopping counter: 3 out of 3
Early stopping
>>>>>>>testing : long_term_forecast_LBctrl_weather_1440_iTransformer_custom_ftM_sl1440_ll48_pl96_dm512_nh8_el3_dl1_df512_expand2_dc4_fc3_ebtimeF_dtTrue_Exp_0<<<<<<<<<<<<<<<<<<<<<<<<<<<<<<<<<
test 10444
test shape: (10444, 96, 21) (10444, 96, 21)
test shape: (10444, 96, 21) (10444, 96, 21)
mse:0.1989036351442337, mae:0.25375086069107056, dtw:Not calculated
