Using GPU
Args in experiment:
[1mBasic Config[0m
  Task Name:          long_term_forecast  Is Training:        1                   
  Model ID:           PL_drift_er50_sl2880_s2022Model:              iTransformer        

[1mData Loader[0m
  Data:               custom              Root Path:          ./dataset/power_law/
  Data Path:          drift_er50.csv      Features:           M                   
  Target:             OT                  Freq:               h                   
  Checkpoints:        ./checkpoints/      

[1mForecasting Task[0m
  Seq Len:            2880                Label Len:          48                  
  Pred Len:           96                  Seasonal Patterns:  Monthly             
  Inverse:            0                   

[1mModel Parameters[0m
  Top k:              5                   Num Kernels:        6                   
  Enc In:             4                   Dec In:             4                   
  C Out:              4                   d model:            64                  
  n heads:            8                   e layers:           2                   
  d layers:           1                   d FF:               64                  
  Moving Avg:         25                  Factor:             3                   
  Distil:             1                   Dropout:            0.1                 
  Embed:              timeF               Activation:         gelu                

[1mRun Parameters[0m
  Num Workers:        2                   Itr:                1                   
  Train Epochs:       5                   Batch Size:         64                  
  Patience:           3                   Learning Rate:      0.001               
  Des:                Exp                 Loss:               MSE                 
  Lradj:              type1               Use Amp:            0                   

[1mGPU[0m
  Use GPU:            1                   GPU:                0                   
  Use Multi GPU:      0                   Devices:            0,1,2,3             

[1mDe-stationary Projector Params[0m
  P Hidden Dims:      128, 128            P Hidden Layers:    2                   

Use GPU: cuda:0
🚀 Lazy Loading: iTransformer ...
>>>>>>>start training : long_term_forecast_PL_drift_er50_sl2880_s2022_iTransformer_custom_ftM_sl2880_ll48_pl96_dm64_nh8_el2_dl1_df64_expand2_dc4_fc3_ebtimeF_dtTrue_Exp_0>>>>>>>>>>>>>>>>>>>>>>>>>>
train 14525
val 2405
test 4905
	iters: 100, epoch: 1 | loss: 0.0316910
	speed: 0.0374s/iter; left time: 38.7205s
	iters: 200, epoch: 1 | loss: 0.0224136
	speed: 0.0152s/iter; left time: 14.2394s
Epoch: 1 cost time: 4.048422813415527
Epoch: 1, Steps: 227 | Train Loss: 0.0518453 Vali Loss: 0.0491577 Test Loss: 0.0340337
Validation loss decreased (inf --> 0.049158).  Saving model ...
Updating learning rate to 0.001
	iters: 100, epoch: 2 | loss: 0.0232078
	speed: 0.0362s/iter; left time: 29.3183s
	iters: 200, epoch: 2 | loss: 0.0182619
	speed: 0.0155s/iter; left time: 11.0231s
Epoch: 2 cost time: 3.6116297245025635
Epoch: 2, Steps: 227 | Train Loss: 0.0215853 Vali Loss: 0.0393981 Test Loss: 0.0307623
Validation loss decreased (0.049158 --> 0.039398).  Saving model ...
Updating learning rate to 0.0005
	iters: 100, epoch: 3 | loss: 0.0178610
	speed: 0.0358s/iter; left time: 20.8088s
	iters: 200, epoch: 3 | loss: 0.0168670
	speed: 0.0149s/iter; left time: 7.1940s
Epoch: 3 cost time: 3.5504658222198486
Epoch: 3, Steps: 227 | Train Loss: 0.0177606 Vali Loss: 0.0400593 Test Loss: 0.0312173
EarlyStopping counter: 1 out of 3
Updating learning rate to 0.00025
	iters: 100, epoch: 4 | loss: 0.0162088
	speed: 0.0352s/iter; left time: 12.5104s
	iters: 200, epoch: 4 | loss: 0.0169325
	speed: 0.0145s/iter; left time: 3.7051s
Epoch: 4 cost time: 3.5091614723205566
Epoch: 4, Steps: 227 | Train Loss: 0.0164785 Vali Loss: 0.0400110 Test Loss: 0.0309091
EarlyStopping counter: 2 out of 3
Updating learning rate to 0.000125
	iters: 100, epoch: 5 | loss: 0.0166611
	speed: 0.0340s/iter; left time: 4.3513s
	iters: 200, epoch: 5 | loss: 0.0166423
	speed: 0.0122s/iter; left time: 0.3417s
Epoch: 5 cost time: 3.1105358600616455
Epoch: 5, Steps: 227 | Train Loss: 0.0158224 Vali Loss: 0.0398051 Test Loss: 0.0313142
EarlyStopping counter: 3 out of 3
Early stopping
>>>>>>>testing : long_term_forecast_PL_drift_er50_sl2880_s2022_iTransformer_custom_ftM_sl2880_ll48_pl96_dm64_nh8_el2_dl1_df64_expand2_dc4_fc3_ebtimeF_dtTrue_Exp_0<<<<<<<<<<<<<<<<<<<<<<<<<<<<<<<<<
test 4905
test shape: (4905, 96, 4) (4905, 96, 4)
test shape: (4905, 96, 4) (4905, 96, 4)
mse:0.030824942514300346, mae:0.13612893223762512, dtw:Not calculated
