Using GPU
Args in experiment:
[1mBasic Config[0m
  Task Name:          long_term_forecast  Is Training:        1                   
  Model ID:           PL_drift_er50_sl96_s2022Model:              iTransformer        

[1mData Loader[0m
  Data:               custom              Root Path:          ./dataset/power_law/
  Data Path:          drift_er50.csv      Features:           M                   
  Target:             OT                  Freq:               h                   
  Checkpoints:        ./checkpoints/      

[1mForecasting Task[0m
  Seq Len:            96                  Label Len:          48                  
  Pred Len:           96                  Seasonal Patterns:  Monthly             
  Inverse:            0                   

[1mModel Parameters[0m
  Top k:              5                   Num Kernels:        6                   
  Enc In:             4                   Dec In:             4                   
  C Out:              4                   d model:            64                  
  n heads:            8                   e layers:           2                   
  d layers:           1                   d FF:               64                  
  Moving Avg:         25                  Factor:             3                   
  Distil:             1                   Dropout:            0.1                 
  Embed:              timeF               Activation:         gelu                

[1mRun Parameters[0m
  Num Workers:        2                   Itr:                1                   
  Train Epochs:       5                   Batch Size:         64                  
  Patience:           3                   Learning Rate:      0.001               
  Des:                Exp                 Loss:               MSE                 
  Lradj:              type1               Use Amp:            0                   

[1mGPU[0m
  Use GPU:            1                   GPU:                0                   
  Use Multi GPU:      0                   Devices:            0,1,2,3             

[1mDe-stationary Projector Params[0m
  P Hidden Dims:      128, 128            P Hidden Layers:    2                   

Use GPU: cuda:0
🚀 Lazy Loading: iTransformer ...
>>>>>>>start training : long_term_forecast_PL_drift_er50_sl96_s2022_iTransformer_custom_ftM_sl96_ll48_pl96_dm64_nh8_el2_dl1_df64_expand2_dc4_fc3_ebtimeF_dtTrue_Exp_0>>>>>>>>>>>>>>>>>>>>>>>>>>
train window subsample: keep 14525/17309 windows (max_train_windows=14525)
train 14525
val 2405
test 4905
	iters: 100, epoch: 1 | loss: 0.0260736
	speed: 0.0264s/iter; left time: 27.3083s
	iters: 200, epoch: 1 | loss: 0.0207809
	speed: 0.0071s/iter; left time: 6.6269s
Epoch: 1 cost time: 2.0974628925323486
Epoch: 1, Steps: 227 | Train Loss: 0.0223873 Vali Loss: 0.0239431 Test Loss: 0.0203593
Validation loss decreased (inf --> 0.023943).  Saving model ...
Updating learning rate to 0.001
	iters: 100, epoch: 2 | loss: 0.0225512
	speed: 0.0155s/iter; left time: 12.5690s
	iters: 200, epoch: 2 | loss: 0.0211419
	speed: 0.0076s/iter; left time: 5.4072s
Epoch: 2 cost time: 1.7663567066192627
Epoch: 2, Steps: 227 | Train Loss: 0.0214870 Vali Loss: 0.0241741 Test Loss: 0.0206687
EarlyStopping counter: 1 out of 3
Updating learning rate to 0.0005
	iters: 100, epoch: 3 | loss: 0.0210621
	speed: 0.0158s/iter; left time: 9.2058s
	iters: 200, epoch: 3 | loss: 0.0236750
	speed: 0.0073s/iter; left time: 3.5347s
Epoch: 3 cost time: 1.7597737312316895
Epoch: 3, Steps: 227 | Train Loss: 0.0211760 Vali Loss: 0.0237883 Test Loss: 0.0203606
Validation loss decreased (0.023943 --> 0.023788).  Saving model ...
Updating learning rate to 0.00025
	iters: 100, epoch: 4 | loss: 0.0196356
	speed: 0.0159s/iter; left time: 5.6613s
	iters: 200, epoch: 4 | loss: 0.0211549
	speed: 0.0073s/iter; left time: 1.8603s
Epoch: 4 cost time: 1.7324063777923584
Epoch: 4, Steps: 227 | Train Loss: 0.0209346 Vali Loss: 0.0239010 Test Loss: 0.0203881
EarlyStopping counter: 1 out of 3
Updating learning rate to 0.000125
	iters: 100, epoch: 5 | loss: 0.0195611
	speed: 0.0153s/iter; left time: 1.9540s
	iters: 200, epoch: 5 | loss: 0.0207260
	speed: 0.0072s/iter; left time: 0.2010s
Epoch: 5 cost time: 1.6789686679840088
Epoch: 5, Steps: 227 | Train Loss: 0.0208308 Vali Loss: 0.0237933 Test Loss: 0.0203536
EarlyStopping counter: 2 out of 3
Updating learning rate to 6.25e-05
>>>>>>>testing : long_term_forecast_PL_drift_er50_sl96_s2022_iTransformer_custom_ftM_sl96_ll48_pl96_dm64_nh8_el2_dl1_df64_expand2_dc4_fc3_ebtimeF_dtTrue_Exp_0<<<<<<<<<<<<<<<<<<<<<<<<<<<<<<<<<
test 4905
test shape: (4905, 96, 4) (4905, 96, 4)
test shape: (4905, 96, 4) (4905, 96, 4)
mse:0.02040630765259266, mae:0.107524573802948, dtw:Not calculated
