Using GPU
Args in experiment:
[1mBasic Config[0m
  Task Name:          long_term_forecast  Is Training:        1                   
  Model ID:           PL_drift_er220_sl2880_s2022Model:              iTransformer        

[1mData Loader[0m
  Data:               custom              Root Path:          ./dataset/power_law/
  Data Path:          drift_er220.csv     Features:           M                   
  Target:             OT                  Freq:               h                   
  Checkpoints:        ./checkpoints/      

[1mForecasting Task[0m
  Seq Len:            2880                Label Len:          48                  
  Pred Len:           96                  Seasonal Patterns:  Monthly             
  Inverse:            0                   

[1mModel Parameters[0m
  Top k:              5                   Num Kernels:        6                   
  Enc In:             4                   Dec In:             4                   
  C Out:              4                   d model:            64                  
  n heads:            8                   e layers:           2                   
  d layers:           1                   d FF:               64                  
  Moving Avg:         25                  Factor:             3                   
  Distil:             1                   Dropout:            0.1                 
  Embed:              timeF               Activation:         gelu                

[1mRun Parameters[0m
  Num Workers:        2                   Itr:                1                   
  Train Epochs:       5                   Batch Size:         64                  
  Patience:           3                   Learning Rate:      0.001               
  Des:                Exp                 Loss:               MSE                 
  Lradj:              type1               Use Amp:            0                   

[1mGPU[0m
  Use GPU:            1                   GPU:                0                   
  Use Multi GPU:      0                   Devices:            0,1,2,3             

[1mDe-stationary Projector Params[0m
  P Hidden Dims:      128, 128            P Hidden Layers:    2                   

Use GPU: cuda:0
🚀 Lazy Loading: iTransformer ...
>>>>>>>start training : long_term_forecast_PL_drift_er220_sl2880_s2022_iTransformer_custom_ftM_sl2880_ll48_pl96_dm64_nh8_el2_dl1_df64_expand2_dc4_fc3_ebtimeF_dtTrue_Exp_0>>>>>>>>>>>>>>>>>>>>>>>>>>
train 14525
val 2405
test 4905
	iters: 100, epoch: 1 | loss: 0.1733607
	speed: 0.0338s/iter; left time: 35.0011s
	iters: 200, epoch: 1 | loss: 0.1325471
	speed: 0.0151s/iter; left time: 14.1580s
Epoch: 1 cost time: 3.8259506225585938
Epoch: 1, Steps: 227 | Train Loss: 0.1928983 Vali Loss: 0.1516743 Test Loss: 0.1910314
Validation loss decreased (inf --> 0.151674).  Saving model ...
Updating learning rate to 0.001
	iters: 100, epoch: 2 | loss: 0.1291473
	speed: 0.0359s/iter; left time: 29.0482s
	iters: 200, epoch: 2 | loss: 0.1197415
	speed: 0.0156s/iter; left time: 11.0689s
Epoch: 2 cost time: 3.550408363342285
Epoch: 2, Steps: 227 | Train Loss: 0.1241474 Vali Loss: 0.1539643 Test Loss: 0.1962273
EarlyStopping counter: 1 out of 3
Updating learning rate to 0.0005
	iters: 100, epoch: 3 | loss: 0.1174027
	speed: 0.0349s/iter; left time: 20.3036s
	iters: 200, epoch: 3 | loss: 0.1085642
	speed: 0.0151s/iter; left time: 7.3015s
Epoch: 3 cost time: 3.537083148956299
Epoch: 3, Steps: 227 | Train Loss: 0.1132400 Vali Loss: 0.1564955 Test Loss: 0.1958923
EarlyStopping counter: 2 out of 3
Updating learning rate to 0.00025
	iters: 100, epoch: 4 | loss: 0.1089756
	speed: 0.0344s/iter; left time: 12.2250s
	iters: 200, epoch: 4 | loss: 0.1130675
	speed: 0.0143s/iter; left time: 3.6360s
Epoch: 4 cost time: 3.4707424640655518
Epoch: 4, Steps: 227 | Train Loss: 0.1093548 Vali Loss: 0.1545894 Test Loss: 0.1971469
EarlyStopping counter: 3 out of 3
Early stopping
>>>>>>>testing : long_term_forecast_PL_drift_er220_sl2880_s2022_iTransformer_custom_ftM_sl2880_ll48_pl96_dm64_nh8_el2_dl1_df64_expand2_dc4_fc3_ebtimeF_dtTrue_Exp_0<<<<<<<<<<<<<<<<<<<<<<<<<<<<<<<<<
test 4905
test shape: (4905, 96, 4) (4905, 96, 4)
test shape: (4905, 96, 4) (4905, 96, 4)
mse:0.19105780124664307, mae:0.32383161783218384, dtw:Not calculated
