Using GPU
Args in experiment:
[1mBasic Config[0m
  Task Name:          long_term_forecast  Is Training:        1                   
  Model ID:           PL_drift_er220_sl336_s2022Model:              iTransformer        

[1mData Loader[0m
  Data:               custom              Root Path:          ./dataset/power_law/
  Data Path:          drift_er220.csv     Features:           M                   
  Target:             OT                  Freq:               h                   
  Checkpoints:        ./checkpoints/      

[1mForecasting Task[0m
  Seq Len:            336                 Label Len:          48                  
  Pred Len:           96                  Seasonal Patterns:  Monthly             
  Inverse:            0                   

[1mModel Parameters[0m
  Top k:              5                   Num Kernels:        6                   
  Enc In:             4                   Dec In:             4                   
  C Out:              4                   d model:            64                  
  n heads:            8                   e layers:           2                   
  d layers:           1                   d FF:               64                  
  Moving Avg:         25                  Factor:             3                   
  Distil:             1                   Dropout:            0.1                 
  Embed:              timeF               Activation:         gelu                

[1mRun Parameters[0m
  Num Workers:        2                   Itr:                1                   
  Train Epochs:       5                   Batch Size:         64                  
  Patience:           3                   Learning Rate:      0.001               
  Des:                Exp                 Loss:               MSE                 
  Lradj:              type1               Use Amp:            0                   

[1mGPU[0m
  Use GPU:            1                   GPU:                0                   
  Use Multi GPU:      0                   Devices:            0,1,2,3             

[1mDe-stationary Projector Params[0m
  P Hidden Dims:      128, 128            P Hidden Layers:    2                   

Use GPU: cuda:0
🚀 Lazy Loading: iTransformer ...
>>>>>>>start training : long_term_forecast_PL_drift_er220_sl336_s2022_iTransformer_custom_ftM_sl336_ll48_pl96_dm64_nh8_el2_dl1_df64_expand2_dc4_fc3_ebtimeF_dtTrue_Exp_0>>>>>>>>>>>>>>>>>>>>>>>>>>
train window subsample: keep 14525/17069 windows (max_train_windows=14525)
train 14525
val 2405
test 4905
	iters: 100, epoch: 1 | loss: 0.1271087
	speed: 0.0248s/iter; left time: 25.6472s
	iters: 200, epoch: 1 | loss: 0.1304741
	speed: 0.0068s/iter; left time: 6.3681s
Epoch: 1 cost time: 2.036175489425659
Epoch: 1, Steps: 227 | Train Loss: 0.1450556 Vali Loss: 0.1264592 Test Loss: 0.1405402
Validation loss decreased (inf --> 0.126459).  Saving model ...
Updating learning rate to 0.001
	iters: 100, epoch: 2 | loss: 0.1355393
	speed: 0.0145s/iter; left time: 11.7138s
	iters: 200, epoch: 2 | loss: 0.1272652
	speed: 0.0065s/iter; left time: 4.6185s
Epoch: 2 cost time: 1.5543062686920166
Epoch: 2, Steps: 227 | Train Loss: 0.1330574 Vali Loss: 0.1258606 Test Loss: 0.1440331
Validation loss decreased (0.126459 --> 0.125861).  Saving model ...
Updating learning rate to 0.0005
	iters: 100, epoch: 3 | loss: 0.1258422
	speed: 0.0143s/iter; left time: 8.3442s
	iters: 200, epoch: 3 | loss: 0.1329521
	speed: 0.0070s/iter; left time: 3.3718s
Epoch: 3 cost time: 1.6207859516143799
Epoch: 3, Steps: 227 | Train Loss: 0.1284759 Vali Loss: 0.1277494 Test Loss: 0.1432093
EarlyStopping counter: 1 out of 3
Updating learning rate to 0.00025
	iters: 100, epoch: 4 | loss: 0.1331082
	speed: 0.0141s/iter; left time: 5.0195s
	iters: 200, epoch: 4 | loss: 0.1302482
	speed: 0.0065s/iter; left time: 1.6527s
Epoch: 4 cost time: 1.5532076358795166
Epoch: 4, Steps: 227 | Train Loss: 0.1256897 Vali Loss: 0.1288535 Test Loss: 0.1448138
EarlyStopping counter: 2 out of 3
Updating learning rate to 0.000125
	iters: 100, epoch: 5 | loss: 0.1248022
	speed: 0.0140s/iter; left time: 1.7974s
	iters: 200, epoch: 5 | loss: 0.1159885
	speed: 0.0065s/iter; left time: 0.1813s
Epoch: 5 cost time: 1.5438930988311768
Epoch: 5, Steps: 227 | Train Loss: 0.1241956 Vali Loss: 0.1286987 Test Loss: 0.1464423
EarlyStopping counter: 3 out of 3
Early stopping
>>>>>>>testing : long_term_forecast_PL_drift_er220_sl336_s2022_iTransformer_custom_ftM_sl336_ll48_pl96_dm64_nh8_el2_dl1_df64_expand2_dc4_fc3_ebtimeF_dtTrue_Exp_0<<<<<<<<<<<<<<<<<<<<<<<<<<<<<<<<<
test 4905
test shape: (4905, 96, 4) (4905, 96, 4)
test shape: (4905, 96, 4) (4905, 96, 4)
mse:0.1442236602306366, mae:0.28023698925971985, dtw:Not calculated
