Using GPU
Args in experiment:
[1mBasic Config[0m
  Task Name:          long_term_forecast  Is Training:        1                   
  Model ID:           PL_drift_er220_sl1440_s2022Model:              iTransformer        

[1mData Loader[0m
  Data:               custom              Root Path:          ./dataset/power_law/
  Data Path:          drift_er220.csv     Features:           M                   
  Target:             OT                  Freq:               h                   
  Checkpoints:        ./checkpoints/      

[1mForecasting Task[0m
  Seq Len:            1440                Label Len:          48                  
  Pred Len:           96                  Seasonal Patterns:  Monthly             
  Inverse:            0                   

[1mModel Parameters[0m
  Top k:              5                   Num Kernels:        6                   
  Enc In:             4                   Dec In:             4                   
  C Out:              4                   d model:            64                  
  n heads:            8                   e layers:           2                   
  d layers:           1                   d FF:               64                  
  Moving Avg:         25                  Factor:             3                   
  Distil:             1                   Dropout:            0.1                 
  Embed:              timeF               Activation:         gelu                

[1mRun Parameters[0m
  Num Workers:        2                   Itr:                1                   
  Train Epochs:       5                   Batch Size:         64                  
  Patience:           3                   Learning Rate:      0.001               
  Des:                Exp                 Loss:               MSE                 
  Lradj:              type1               Use Amp:            0                   

[1mGPU[0m
  Use GPU:            1                   GPU:                0                   
  Use Multi GPU:      0                   Devices:            0,1,2,3             

[1mDe-stationary Projector Params[0m
  P Hidden Dims:      128, 128            P Hidden Layers:    2                   

Use GPU: cuda:0
🚀 Lazy Loading: iTransformer ...
>>>>>>>start training : long_term_forecast_PL_drift_er220_sl1440_s2022_iTransformer_custom_ftM_sl1440_ll48_pl96_dm64_nh8_el2_dl1_df64_expand2_dc4_fc3_ebtimeF_dtTrue_Exp_0>>>>>>>>>>>>>>>>>>>>>>>>>>
train window subsample: keep 14525/15965 windows (max_train_windows=14525)
train 14525
val 2405
test 4905
	iters: 100, epoch: 1 | loss: 0.1429726
	speed: 0.0284s/iter; left time: 29.3875s
	iters: 200, epoch: 1 | loss: 0.1249421
	speed: 0.0103s/iter; left time: 9.6863s
Epoch: 1 cost time: 2.809924840927124
Epoch: 1, Steps: 227 | Train Loss: 0.1571324 Vali Loss: 0.1505108 Test Loss: 0.1634477
Validation loss decreased (inf --> 0.150511).  Saving model ...
Updating learning rate to 0.001
	iters: 100, epoch: 2 | loss: 0.1189508
	speed: 0.0227s/iter; left time: 18.3403s
	iters: 200, epoch: 2 | loss: 0.1149907
	speed: 0.0104s/iter; left time: 7.3462s
Epoch: 2 cost time: 2.389470100402832
Epoch: 2, Steps: 227 | Train Loss: 0.1197984 Vali Loss: 0.1554743 Test Loss: 0.1673120
EarlyStopping counter: 1 out of 3
Updating learning rate to 0.0005
	iters: 100, epoch: 3 | loss: 0.1107431
	speed: 0.0220s/iter; left time: 12.8054s
	iters: 200, epoch: 3 | loss: 0.1150004
	speed: 0.0098s/iter; left time: 4.7357s
Epoch: 3 cost time: 2.328886032104492
Epoch: 3, Steps: 227 | Train Loss: 0.1112918 Vali Loss: 0.1529378 Test Loss: 0.1690559
EarlyStopping counter: 2 out of 3
Updating learning rate to 0.00025
	iters: 100, epoch: 4 | loss: 0.1059631
	speed: 0.0224s/iter; left time: 7.9344s
	iters: 200, epoch: 4 | loss: 0.1035214
	speed: 0.0094s/iter; left time: 2.3921s
Epoch: 4 cost time: 2.2714531421661377
Epoch: 4, Steps: 227 | Train Loss: 0.1079645 Vali Loss: 0.1528940 Test Loss: 0.1668364
EarlyStopping counter: 3 out of 3
Early stopping
>>>>>>>testing : long_term_forecast_PL_drift_er220_sl1440_s2022_iTransformer_custom_ftM_sl1440_ll48_pl96_dm64_nh8_el2_dl1_df64_expand2_dc4_fc3_ebtimeF_dtTrue_Exp_0<<<<<<<<<<<<<<<<<<<<<<<<<<<<<<<<<
test 4905
test shape: (4905, 96, 4) (4905, 96, 4)
test shape: (4905, 96, 4) (4905, 96, 4)
mse:0.16357514262199402, mae:0.30002743005752563, dtw:Not calculated
