Using GPU
Args in experiment:
[1mBasic Config[0m
  Task Name:          long_term_forecast  Is Training:        1                   
  Model ID:           PL_drift_er2000_sl336_s2022Model:              iTransformer        

[1mData Loader[0m
  Data:               custom              Root Path:          ./dataset/power_law/
  Data Path:          drift_er2000.csv    Features:           M                   
  Target:             OT                  Freq:               h                   
  Checkpoints:        ./checkpoints/      

[1mForecasting Task[0m
  Seq Len:            336                 Label Len:          48                  
  Pred Len:           96                  Seasonal Patterns:  Monthly             
  Inverse:            0                   

[1mModel Parameters[0m
  Top k:              5                   Num Kernels:        6                   
  Enc In:             4                   Dec In:             4                   
  C Out:              4                   d model:            64                  
  n heads:            8                   e layers:           2                   
  d layers:           1                   d FF:               64                  
  Moving Avg:         25                  Factor:             3                   
  Distil:             1                   Dropout:            0.1                 
  Embed:              timeF               Activation:         gelu                

[1mRun Parameters[0m
  Num Workers:        2                   Itr:                1                   
  Train Epochs:       5                   Batch Size:         64                  
  Patience:           3                   Learning Rate:      0.001               
  Des:                Exp                 Loss:               MSE                 
  Lradj:              type1               Use Amp:            0                   

[1mGPU[0m
  Use GPU:            1                   GPU:                0                   
  Use Multi GPU:      0                   Devices:            0,1,2,3             

[1mDe-stationary Projector Params[0m
  P Hidden Dims:      128, 128            P Hidden Layers:    2                   

Use GPU: cuda:0
🚀 Lazy Loading: iTransformer ...
>>>>>>>start training : long_term_forecast_PL_drift_er2000_sl336_s2022_iTransformer_custom_ftM_sl336_ll48_pl96_dm64_nh8_el2_dl1_df64_expand2_dc4_fc3_ebtimeF_dtTrue_Exp_0>>>>>>>>>>>>>>>>>>>>>>>>>>
train window subsample: keep 14525/17069 windows (max_train_windows=14525)
train 14525
val 2405
test 4905
	iters: 100, epoch: 1 | loss: 0.3061723
	speed: 0.0269s/iter; left time: 27.8988s
	iters: 200, epoch: 1 | loss: 0.2826979
	speed: 0.0079s/iter; left time: 7.4368s
Epoch: 1 cost time: 2.2480733394622803
Epoch: 1, Steps: 227 | Train Loss: 0.3109815 Vali Loss: 0.2795436 Test Loss: 0.2866539
Validation loss decreased (inf --> 0.279544).  Saving model ...
Updating learning rate to 0.001
	iters: 100, epoch: 2 | loss: 0.3029425
	speed: 0.0164s/iter; left time: 13.2959s
	iters: 200, epoch: 2 | loss: 0.2935234
	speed: 0.0078s/iter; left time: 5.5591s
Epoch: 2 cost time: 1.8108761310577393
Epoch: 2, Steps: 227 | Train Loss: 0.2969099 Vali Loss: 0.2794057 Test Loss: 0.2858918
Validation loss decreased (0.279544 --> 0.279406).  Saving model ...
Updating learning rate to 0.0005
	iters: 100, epoch: 3 | loss: 0.2998507
	speed: 0.0163s/iter; left time: 9.4679s
	iters: 200, epoch: 3 | loss: 0.2883025
	speed: 0.0071s/iter; left time: 3.4417s
Epoch: 3 cost time: 1.7147533893585205
Epoch: 3, Steps: 227 | Train Loss: 0.2938928 Vali Loss: 0.2786112 Test Loss: 0.2855002
Validation loss decreased (0.279406 --> 0.278611).  Saving model ...
Updating learning rate to 0.00025
	iters: 100, epoch: 4 | loss: 0.3076134
	speed: 0.0162s/iter; left time: 5.7451s
	iters: 200, epoch: 4 | loss: 0.2897776
	speed: 0.0074s/iter; left time: 1.8929s
Epoch: 4 cost time: 1.7597789764404297
Epoch: 4, Steps: 227 | Train Loss: 0.2925747 Vali Loss: 0.2786203 Test Loss: 0.2855494
EarlyStopping counter: 1 out of 3
Updating learning rate to 0.000125
	iters: 100, epoch: 5 | loss: 0.2963428
	speed: 0.0162s/iter; left time: 2.0763s
	iters: 200, epoch: 5 | loss: 0.3105076
	speed: 0.0076s/iter; left time: 0.2118s
Epoch: 5 cost time: 1.7581884860992432
Epoch: 5, Steps: 227 | Train Loss: 0.2918413 Vali Loss: 0.2782711 Test Loss: 0.2850596
Validation loss decreased (0.278611 --> 0.278271).  Saving model ...
Updating learning rate to 6.25e-05
>>>>>>>testing : long_term_forecast_PL_drift_er2000_sl336_s2022_iTransformer_custom_ftM_sl336_ll48_pl96_dm64_nh8_el2_dl1_df64_expand2_dc4_fc3_ebtimeF_dtTrue_Exp_0<<<<<<<<<<<<<<<<<<<<<<<<<<<<<<<<<
test 4905
test shape: (4905, 96, 4) (4905, 96, 4)
test shape: (4905, 96, 4) (4905, 96, 4)
mse:0.2849976122379303, mae:0.4175644516944885, dtw:Not calculated
