Using GPU
Args in experiment:
[1mBasic Config[0m
  Task Name:          long_term_forecast  Is Training:        1                   
  Model ID:           PL_drift_er220_sl96_s2021Model:              iTransformer        

[1mData Loader[0m
  Data:               custom              Root Path:          ./dataset/power_law/
  Data Path:          drift_er220.csv     Features:           M                   
  Target:             OT                  Freq:               h                   
  Checkpoints:        ./checkpoints/      

[1mForecasting Task[0m
  Seq Len:            96                  Label Len:          48                  
  Pred Len:           96                  Seasonal Patterns:  Monthly             
  Inverse:            0                   

[1mModel Parameters[0m
  Top k:              5                   Num Kernels:        6                   
  Enc In:             4                   Dec In:             4                   
  C Out:              4                   d model:            64                  
  n heads:            8                   e layers:           2                   
  d layers:           1                   d FF:               64                  
  Moving Avg:         25                  Factor:             3                   
  Distil:             1                   Dropout:            0.1                 
  Embed:              timeF               Activation:         gelu                

[1mRun Parameters[0m
  Num Workers:        2                   Itr:                1                   
  Train Epochs:       5                   Batch Size:         64                  
  Patience:           3                   Learning Rate:      0.001               
  Des:                Exp                 Loss:               MSE                 
  Lradj:              type1               Use Amp:            0                   

[1mGPU[0m
  Use GPU:            1                   GPU:                0                   
  Use Multi GPU:      0                   Devices:            0,1,2,3             

[1mDe-stationary Projector Params[0m
  P Hidden Dims:      128, 128            P Hidden Layers:    2                   

Use GPU: cuda:0
🚀 Lazy Loading: iTransformer ...
>>>>>>>start training : long_term_forecast_PL_drift_er220_sl96_s2021_iTransformer_custom_ftM_sl96_ll48_pl96_dm64_nh8_el2_dl1_df64_expand2_dc4_fc3_ebtimeF_dtTrue_Exp_0>>>>>>>>>>>>>>>>>>>>>>>>>>
train window subsample: keep 14525/17309 windows (max_train_windows=14525)
train 14525
val 2405
test 4905
	iters: 100, epoch: 1 | loss: 0.1293626
	speed: 0.0259s/iter; left time: 26.8447s
	iters: 200, epoch: 1 | loss: 0.1366944
	speed: 0.0072s/iter; left time: 6.7055s
Epoch: 1 cost time: 2.078795909881592
Epoch: 1, Steps: 227 | Train Loss: 0.1382681 Vali Loss: 0.1247131 Test Loss: 0.1351500
Validation loss decreased (inf --> 0.124713).  Saving model ...
Updating learning rate to 0.001
	iters: 100, epoch: 2 | loss: 0.1497581
	speed: 0.0158s/iter; left time: 12.8108s
	iters: 200, epoch: 2 | loss: 0.1423977
	speed: 0.0068s/iter; left time: 4.7968s
Epoch: 2 cost time: 1.739522933959961
Epoch: 2, Steps: 227 | Train Loss: 0.1339111 Vali Loss: 0.1245541 Test Loss: 0.1347525
Validation loss decreased (0.124713 --> 0.124554).  Saving model ...
Updating learning rate to 0.0005
	iters: 100, epoch: 3 | loss: 0.1211126
	speed: 0.0159s/iter; left time: 9.2754s
	iters: 200, epoch: 3 | loss: 0.1457919
	speed: 0.0072s/iter; left time: 3.4595s
Epoch: 3 cost time: 1.7294318675994873
Epoch: 3, Steps: 227 | Train Loss: 0.1327568 Vali Loss: 0.1239375 Test Loss: 0.1345042
Validation loss decreased (0.124554 --> 0.123938).  Saving model ...
Updating learning rate to 0.00025
	iters: 100, epoch: 4 | loss: 0.1305843
	speed: 0.0161s/iter; left time: 5.6989s
	iters: 200, epoch: 4 | loss: 0.1326932
	speed: 0.0069s/iter; left time: 1.7703s
Epoch: 4 cost time: 1.7100334167480469
Epoch: 4, Steps: 227 | Train Loss: 0.1321916 Vali Loss: 0.1242687 Test Loss: 0.1344815
EarlyStopping counter: 1 out of 3
Updating learning rate to 0.000125
	iters: 100, epoch: 5 | loss: 0.1368401
	speed: 0.0154s/iter; left time: 1.9767s
	iters: 200, epoch: 5 | loss: 0.1337691
	speed: 0.0070s/iter; left time: 0.1970s
Epoch: 5 cost time: 1.7382004261016846
Epoch: 5, Steps: 227 | Train Loss: 0.1318733 Vali Loss: 0.1239502 Test Loss: 0.1343693
EarlyStopping counter: 2 out of 3
Updating learning rate to 6.25e-05
>>>>>>>testing : long_term_forecast_PL_drift_er220_sl96_s2021_iTransformer_custom_ftM_sl96_ll48_pl96_dm64_nh8_el2_dl1_df64_expand2_dc4_fc3_ebtimeF_dtTrue_Exp_0<<<<<<<<<<<<<<<<<<<<<<<<<<<<<<<<<
test 4905
test shape: (4905, 96, 4) (4905, 96, 4)
test shape: (4905, 96, 4) (4905, 96, 4)
mse:0.13471251726150513, mae:0.27026253938674927, dtw:Not calculated
