Using GPU
Args in experiment:
[1mBasic Config[0m
  Task Name:          long_term_forecast  Is Training:        1                   
  Model ID:           PL_drift_er460_sl1440_s2021Model:              iTransformer        

[1mData Loader[0m
  Data:               custom              Root Path:          ./dataset/power_law/
  Data Path:          drift_er460.csv     Features:           M                   
  Target:             OT                  Freq:               h                   
  Checkpoints:        ./checkpoints/      

[1mForecasting Task[0m
  Seq Len:            1440                Label Len:          48                  
  Pred Len:           96                  Seasonal Patterns:  Monthly             
  Inverse:            0                   

[1mModel Parameters[0m
  Top k:              5                   Num Kernels:        6                   
  Enc In:             4                   Dec In:             4                   
  C Out:              4                   d model:            64                  
  n heads:            8                   e layers:           2                   
  d layers:           1                   d FF:               64                  
  Moving Avg:         25                  Factor:             3                   
  Distil:             1                   Dropout:            0.1                 
  Embed:              timeF               Activation:         gelu                

[1mRun Parameters[0m
  Num Workers:        2                   Itr:                1                   
  Train Epochs:       5                   Batch Size:         64                  
  Patience:           3                   Learning Rate:      0.001               
  Des:                Exp                 Loss:               MSE                 
  Lradj:              type1               Use Amp:            0                   

[1mGPU[0m
  Use GPU:            1                   GPU:                0                   
  Use Multi GPU:      0                   Devices:            0,1,2,3             

[1mDe-stationary Projector Params[0m
  P Hidden Dims:      128, 128            P Hidden Layers:    2                   

Use GPU: cuda:0
🚀 Lazy Loading: iTransformer ...
>>>>>>>start training : long_term_forecast_PL_drift_er460_sl1440_s2021_iTransformer_custom_ftM_sl1440_ll48_pl96_dm64_nh8_el2_dl1_df64_expand2_dc4_fc3_ebtimeF_dtTrue_Exp_0>>>>>>>>>>>>>>>>>>>>>>>>>>
train window subsample: keep 14525/15965 windows (max_train_windows=14525)
train 14525
val 2405
test 4905
	iters: 100, epoch: 1 | loss: 0.1597641
	speed: 0.0288s/iter; left time: 29.8788s
	iters: 200, epoch: 1 | loss: 0.1476838
	speed: 0.0100s/iter; left time: 9.3146s
Epoch: 1 cost time: 2.7518765926361084
Epoch: 1, Steps: 227 | Train Loss: 0.1662802 Vali Loss: 0.1567539 Test Loss: 0.1718030
Validation loss decreased (inf --> 0.156754).  Saving model ...
Updating learning rate to 0.001
	iters: 100, epoch: 2 | loss: 0.1467249
	speed: 0.0227s/iter; left time: 18.3406s
	iters: 200, epoch: 2 | loss: 0.1340945
	speed: 0.0100s/iter; left time: 7.0577s
Epoch: 2 cost time: 2.337592124938965
Epoch: 2, Steps: 227 | Train Loss: 0.1403698 Vali Loss: 0.1595876 Test Loss: 0.1739614
EarlyStopping counter: 1 out of 3
Updating learning rate to 0.0005
	iters: 100, epoch: 3 | loss: 0.1339247
	speed: 0.0226s/iter; left time: 13.1492s
	iters: 200, epoch: 3 | loss: 0.1368039
	speed: 0.0098s/iter; left time: 4.7331s
Epoch: 3 cost time: 2.3224966526031494
Epoch: 3, Steps: 227 | Train Loss: 0.1337448 Vali Loss: 0.1586635 Test Loss: 0.1725309
EarlyStopping counter: 2 out of 3
Updating learning rate to 0.00025
	iters: 100, epoch: 4 | loss: 0.1327149
	speed: 0.0215s/iter; left time: 7.6285s
	iters: 200, epoch: 4 | loss: 0.1318872
	speed: 0.0096s/iter; left time: 2.4498s
Epoch: 4 cost time: 2.254795789718628
Epoch: 4, Steps: 227 | Train Loss: 0.1311498 Vali Loss: 0.1582701 Test Loss: 0.1731012
EarlyStopping counter: 3 out of 3
Early stopping
>>>>>>>testing : long_term_forecast_PL_drift_er460_sl1440_s2021_iTransformer_custom_ftM_sl1440_ll48_pl96_dm64_nh8_el2_dl1_df64_expand2_dc4_fc3_ebtimeF_dtTrue_Exp_0<<<<<<<<<<<<<<<<<<<<<<<<<<<<<<<<<
test 4905
test shape: (4905, 96, 4) (4905, 96, 4)
test shape: (4905, 96, 4) (4905, 96, 4)
mse:0.17141935229301453, mae:0.3054916262626648, dtw:Not calculated
