Using GPU
Args in experiment:
[1mBasic Config[0m
  Task Name:          long_term_forecast  Is Training:        1                   
  Model ID:           PL_drift_er100_sl1440_s2021Model:              iTransformer        

[1mData Loader[0m
  Data:               custom              Root Path:          ./dataset/power_law/
  Data Path:          drift_er100.csv     Features:           M                   
  Target:             OT                  Freq:               h                   
  Checkpoints:        ./checkpoints/      

[1mForecasting Task[0m
  Seq Len:            1440                Label Len:          48                  
  Pred Len:           96                  Seasonal Patterns:  Monthly             
  Inverse:            0                   

[1mModel Parameters[0m
  Top k:              5                   Num Kernels:        6                   
  Enc In:             4                   Dec In:             4                   
  C Out:              4                   d model:            64                  
  n heads:            8                   e layers:           2                   
  d layers:           1                   d FF:               64                  
  Moving Avg:         25                  Factor:             3                   
  Distil:             1                   Dropout:            0.1                 
  Embed:              timeF               Activation:         gelu                

[1mRun Parameters[0m
  Num Workers:        2                   Itr:                1                   
  Train Epochs:       5                   Batch Size:         64                  
  Patience:           3                   Learning Rate:      0.001               
  Des:                Exp                 Loss:               MSE                 
  Lradj:              type1               Use Amp:            0                   

[1mGPU[0m
  Use GPU:            1                   GPU:                0                   
  Use Multi GPU:      0                   Devices:            0,1,2,3             

[1mDe-stationary Projector Params[0m
  P Hidden Dims:      128, 128            P Hidden Layers:    2                   

Use GPU: cuda:0
🚀 Lazy Loading: iTransformer ...
>>>>>>>start training : long_term_forecast_PL_drift_er100_sl1440_s2021_iTransformer_custom_ftM_sl1440_ll48_pl96_dm64_nh8_el2_dl1_df64_expand2_dc4_fc3_ebtimeF_dtTrue_Exp_0>>>>>>>>>>>>>>>>>>>>>>>>>>
train window subsample: keep 14525/15965 windows (max_train_windows=14525)
train 14525
val 2405
test 4905
	iters: 100, epoch: 1 | loss: 0.0345620
	speed: 0.0261s/iter; left time: 27.0704s
	iters: 200, epoch: 1 | loss: 0.0301618
	speed: 0.0090s/iter; left time: 8.4617s
Epoch: 1 cost time: 2.5463147163391113
Epoch: 1, Steps: 227 | Train Loss: 0.0412860 Vali Loss: 0.0431149 Test Loss: 0.0388256
Validation loss decreased (inf --> 0.043115).  Saving model ...
Updating learning rate to 0.001
	iters: 100, epoch: 2 | loss: 0.0269204
	speed: 0.0208s/iter; left time: 16.8261s
	iters: 200, epoch: 2 | loss: 0.0234529
	speed: 0.0094s/iter; left time: 6.6701s
Epoch: 2 cost time: 2.1894209384918213
Epoch: 2, Steps: 227 | Train Loss: 0.0258783 Vali Loss: 0.0462372 Test Loss: 0.0414142
EarlyStopping counter: 1 out of 3
Updating learning rate to 0.0005
	iters: 100, epoch: 3 | loss: 0.0234373
	speed: 0.0213s/iter; left time: 12.4104s
	iters: 200, epoch: 3 | loss: 0.0220418
	speed: 0.0093s/iter; left time: 4.4900s
Epoch: 3 cost time: 2.2790367603302
Epoch: 3, Steps: 227 | Train Loss: 0.0229274 Vali Loss: 0.0486280 Test Loss: 0.0435289
EarlyStopping counter: 2 out of 3
Updating learning rate to 0.00025
	iters: 100, epoch: 4 | loss: 0.0217506
	speed: 0.0209s/iter; left time: 7.4317s
	iters: 200, epoch: 4 | loss: 0.0216309
	speed: 0.0103s/iter; left time: 2.6301s
Epoch: 4 cost time: 2.3614449501037598
Epoch: 4, Steps: 227 | Train Loss: 0.0218980 Vali Loss: 0.0489613 Test Loss: 0.0442853
EarlyStopping counter: 3 out of 3
Early stopping
>>>>>>>testing : long_term_forecast_PL_drift_er100_sl1440_s2021_iTransformer_custom_ftM_sl1440_ll48_pl96_dm64_nh8_el2_dl1_df64_expand2_dc4_fc3_ebtimeF_dtTrue_Exp_0<<<<<<<<<<<<<<<<<<<<<<<<<<<<<<<<<
test 4905
test shape: (4905, 96, 4) (4905, 96, 4)
test shape: (4905, 96, 4) (4905, 96, 4)
mse:0.038763243705034256, mae:0.14649125933647156, dtw:Not calculated
