Using GPU
Args in experiment:
[1mBasic Config[0m
  Task Name:          long_term_forecast  Is Training:        1                   
  Model ID:           PL_drift_er460_sl2880_s2021Model:              iTransformer        

[1mData Loader[0m
  Data:               custom              Root Path:          ./dataset/power_law/
  Data Path:          drift_er460.csv     Features:           M                   
  Target:             OT                  Freq:               h                   
  Checkpoints:        ./checkpoints/      

[1mForecasting Task[0m
  Seq Len:            2880                Label Len:          48                  
  Pred Len:           96                  Seasonal Patterns:  Monthly             
  Inverse:            0                   

[1mModel Parameters[0m
  Top k:              5                   Num Kernels:        6                   
  Enc In:             4                   Dec In:             4                   
  C Out:              4                   d model:            64                  
  n heads:            8                   e layers:           2                   
  d layers:           1                   d FF:               64                  
  Moving Avg:         25                  Factor:             3                   
  Distil:             1                   Dropout:            0.1                 
  Embed:              timeF               Activation:         gelu                

[1mRun Parameters[0m
  Num Workers:        2                   Itr:                1                   
  Train Epochs:       5                   Batch Size:         64                  
  Patience:           3                   Learning Rate:      0.001               
  Des:                Exp                 Loss:               MSE                 
  Lradj:              type1               Use Amp:            0                   

[1mGPU[0m
  Use GPU:            1                   GPU:                0                   
  Use Multi GPU:      0                   Devices:            0,1,2,3             

[1mDe-stationary Projector Params[0m
  P Hidden Dims:      128, 128            P Hidden Layers:    2                   

Use GPU: cuda:0
🚀 Lazy Loading: iTransformer ...
>>>>>>>start training : long_term_forecast_PL_drift_er460_sl2880_s2021_iTransformer_custom_ftM_sl2880_ll48_pl96_dm64_nh8_el2_dl1_df64_expand2_dc4_fc3_ebtimeF_dtTrue_Exp_0>>>>>>>>>>>>>>>>>>>>>>>>>>
train 14525
val 2405
test 4905
	iters: 100, epoch: 1 | loss: 0.1695847
	speed: 0.0330s/iter; left time: 34.1885s
	iters: 200, epoch: 1 | loss: 0.1493996
	speed: 0.0125s/iter; left time: 11.6760s
Epoch: 1 cost time: 3.2654738426208496
Epoch: 1, Steps: 227 | Train Loss: 0.1792987 Vali Loss: 0.1823708 Test Loss: 0.2227096
Validation loss decreased (inf --> 0.182371).  Saving model ...
Updating learning rate to 0.001
	iters: 100, epoch: 2 | loss: 0.1419774
	speed: 0.0313s/iter; left time: 25.3574s
	iters: 200, epoch: 2 | loss: 0.1339910
	speed: 0.0135s/iter; left time: 9.5383s
Epoch: 2 cost time: 3.1581270694732666
Epoch: 2, Steps: 227 | Train Loss: 0.1402494 Vali Loss: 0.1896125 Test Loss: 0.2283723
EarlyStopping counter: 1 out of 3
Updating learning rate to 0.0005
	iters: 100, epoch: 3 | loss: 0.1349863
	speed: 0.0326s/iter; left time: 18.9908s
	iters: 200, epoch: 3 | loss: 0.1308292
	speed: 0.0127s/iter; left time: 6.1376s
Epoch: 3 cost time: 3.1919808387756348
Epoch: 3, Steps: 227 | Train Loss: 0.1336920 Vali Loss: 0.1832076 Test Loss: 0.2199324
EarlyStopping counter: 2 out of 3
Updating learning rate to 0.00025
	iters: 100, epoch: 4 | loss: 0.1336913
	speed: 0.0316s/iter; left time: 11.2212s
	iters: 200, epoch: 4 | loss: 0.1297067
	speed: 0.0136s/iter; left time: 3.4753s
Epoch: 4 cost time: 3.251884698867798
Epoch: 4, Steps: 227 | Train Loss: 0.1311646 Vali Loss: 0.1826825 Test Loss: 0.2302488
EarlyStopping counter: 3 out of 3
Early stopping
>>>>>>>testing : long_term_forecast_PL_drift_er460_sl2880_s2021_iTransformer_custom_ftM_sl2880_ll48_pl96_dm64_nh8_el2_dl1_df64_expand2_dc4_fc3_ebtimeF_dtTrue_Exp_0<<<<<<<<<<<<<<<<<<<<<<<<<<<<<<<<<
test 4905
test shape: (4905, 96, 4) (4905, 96, 4)
test shape: (4905, 96, 4) (4905, 96, 4)
mse:0.22299882769584656, mae:0.3494659960269928, dtw:Not calculated
