Using GPU
Args in experiment:
[1mBasic Config[0m
  Task Name:          long_term_forecast  Is Training:        1                   
  Model ID:           PL_drift_er50_sl1440_s2021Model:              iTransformer        

[1mData Loader[0m
  Data:               custom              Root Path:          ./dataset/power_law/
  Data Path:          drift_er50.csv      Features:           M                   
  Target:             OT                  Freq:               h                   
  Checkpoints:        ./checkpoints/      

[1mForecasting Task[0m
  Seq Len:            1440                Label Len:          48                  
  Pred Len:           96                  Seasonal Patterns:  Monthly             
  Inverse:            0                   

[1mModel Parameters[0m
  Top k:              5                   Num Kernels:        6                   
  Enc In:             4                   Dec In:             4                   
  C Out:              4                   d model:            64                  
  n heads:            8                   e layers:           2                   
  d layers:           1                   d FF:               64                  
  Moving Avg:         25                  Factor:             3                   
  Distil:             1                   Dropout:            0.1                 
  Embed:              timeF               Activation:         gelu                

[1mRun Parameters[0m
  Num Workers:        2                   Itr:                1                   
  Train Epochs:       5                   Batch Size:         64                  
  Patience:           3                   Learning Rate:      0.001               
  Des:                Exp                 Loss:               MSE                 
  Lradj:              type1               Use Amp:            0                   

[1mGPU[0m
  Use GPU:            1                   GPU:                0                   
  Use Multi GPU:      0                   Devices:            0,1,2,3             

[1mDe-stationary Projector Params[0m
  P Hidden Dims:      128, 128            P Hidden Layers:    2                   

Use GPU: cuda:0
🚀 Lazy Loading: iTransformer ...
>>>>>>>start training : long_term_forecast_PL_drift_er50_sl1440_s2021_iTransformer_custom_ftM_sl1440_ll48_pl96_dm64_nh8_el2_dl1_df64_expand2_dc4_fc3_ebtimeF_dtTrue_Exp_0>>>>>>>>>>>>>>>>>>>>>>>>>>
train window subsample: keep 14525/15965 windows (max_train_windows=14525)
train 14525
val 2405
test 4905
	iters: 100, epoch: 1 | loss: 0.0271825
	speed: 0.0259s/iter; left time: 26.8614s
	iters: 200, epoch: 1 | loss: 0.0219900
	speed: 0.0092s/iter; left time: 8.5734s
Epoch: 1 cost time: 2.5214767456054688
Epoch: 1, Steps: 227 | Train Loss: 0.0349244 Vali Loss: 0.0372174 Test Loss: 0.0271637
Validation loss decreased (inf --> 0.037217).  Saving model ...
Updating learning rate to 0.001
	iters: 100, epoch: 2 | loss: 0.0197200
	speed: 0.0212s/iter; left time: 17.1491s
	iters: 200, epoch: 2 | loss: 0.0169216
	speed: 0.0095s/iter; left time: 6.7289s
Epoch: 2 cost time: 2.260570526123047
Epoch: 2, Steps: 227 | Train Loss: 0.0186972 Vali Loss: 0.0368757 Test Loss: 0.0268747
Validation loss decreased (0.037217 --> 0.036876).  Saving model ...
Updating learning rate to 0.0005
	iters: 100, epoch: 3 | loss: 0.0152599
	speed: 0.0210s/iter; left time: 12.2497s
	iters: 200, epoch: 3 | loss: 0.0144771
	speed: 0.0100s/iter; left time: 4.7994s
Epoch: 3 cost time: 2.2966997623443604
Epoch: 3, Steps: 227 | Train Loss: 0.0158176 Vali Loss: 0.0397211 Test Loss: 0.0268683
EarlyStopping counter: 1 out of 3
Updating learning rate to 0.00025
	iters: 100, epoch: 4 | loss: 0.0158344
	speed: 0.0207s/iter; left time: 7.3467s
	iters: 200, epoch: 4 | loss: 0.0144296
	speed: 0.0100s/iter; left time: 2.5611s
Epoch: 4 cost time: 2.2933132648468018
Epoch: 4, Steps: 227 | Train Loss: 0.0147346 Vali Loss: 0.0383619 Test Loss: 0.0264215
EarlyStopping counter: 2 out of 3
Updating learning rate to 0.000125
	iters: 100, epoch: 5 | loss: 0.0152705
	speed: 0.0234s/iter; left time: 2.9994s
	iters: 200, epoch: 5 | loss: 0.0145981
	speed: 0.0107s/iter; left time: 0.2987s
Epoch: 5 cost time: 2.5280487537384033
Epoch: 5, Steps: 227 | Train Loss: 0.0143002 Vali Loss: 0.0373172 Test Loss: 0.0269492
EarlyStopping counter: 3 out of 3
Early stopping
>>>>>>>testing : long_term_forecast_PL_drift_er50_sl1440_s2021_iTransformer_custom_ftM_sl1440_ll48_pl96_dm64_nh8_el2_dl1_df64_expand2_dc4_fc3_ebtimeF_dtTrue_Exp_0<<<<<<<<<<<<<<<<<<<<<<<<<<<<<<<<<
test 4905
test shape: (4905, 96, 4) (4905, 96, 4)
test shape: (4905, 96, 4) (4905, 96, 4)
mse:0.02692144736647606, mae:0.12455831468105316, dtw:Not calculated
