Using GPU
Args in experiment:
[1mBasic Config[0m
  Task Name:          long_term_forecast  Is Training:        1                   
  Model ID:           PL_drift_er960_sl192_s2022Model:              iTransformer        

[1mData Loader[0m
  Data:               custom              Root Path:          ./dataset/power_law/
  Data Path:          drift_er960.csv     Features:           M                   
  Target:             OT                  Freq:               h                   
  Checkpoints:        ./checkpoints/      

[1mForecasting Task[0m
  Seq Len:            192                 Label Len:          48                  
  Pred Len:           96                  Seasonal Patterns:  Monthly             
  Inverse:            0                   

[1mModel Parameters[0m
  Top k:              5                   Num Kernels:        6                   
  Enc In:             4                   Dec In:             4                   
  C Out:              4                   d model:            64                  
  n heads:            8                   e layers:           2                   
  d layers:           1                   d FF:               64                  
  Moving Avg:         25                  Factor:             3                   
  Distil:             1                   Dropout:            0.1                 
  Embed:              timeF               Activation:         gelu                

[1mRun Parameters[0m
  Num Workers:        2                   Itr:                1                   
  Train Epochs:       5                   Batch Size:         64                  
  Patience:           3                   Learning Rate:      0.001               
  Des:                Exp                 Loss:               MSE                 
  Lradj:              type1               Use Amp:            0                   

[1mGPU[0m
  Use GPU:            1                   GPU:                0                   
  Use Multi GPU:      0                   Devices:            0,1,2,3             

[1mDe-stationary Projector Params[0m
  P Hidden Dims:      128, 128            P Hidden Layers:    2                   

Use GPU: cuda:0
🚀 Lazy Loading: iTransformer ...
>>>>>>>start training : long_term_forecast_PL_drift_er960_sl192_s2022_iTransformer_custom_ftM_sl192_ll48_pl96_dm64_nh8_el2_dl1_df64_expand2_dc4_fc3_ebtimeF_dtTrue_Exp_0>>>>>>>>>>>>>>>>>>>>>>>>>>
train window subsample: keep 14525/17213 windows (max_train_windows=14525)
train 14525
val 2405
test 4905
	iters: 100, epoch: 1 | loss: 0.2797545
	speed: 0.0258s/iter; left time: 26.7730s
	iters: 200, epoch: 1 | loss: 0.2815089
	speed: 0.0083s/iter; left time: 7.7636s
Epoch: 1 cost time: 2.3442933559417725
Epoch: 1, Steps: 227 | Train Loss: 0.2826648 Vali Loss: 0.2646641 Test Loss: 0.2722589
Validation loss decreased (inf --> 0.264664).  Saving model ...
Updating learning rate to 0.001
	iters: 100, epoch: 2 | loss: 0.2761942
	speed: 0.0158s/iter; left time: 12.7753s
	iters: 200, epoch: 2 | loss: 0.2760373
	speed: 0.0070s/iter; left time: 4.9969s
Epoch: 2 cost time: 1.7139883041381836
Epoch: 2, Steps: 227 | Train Loss: 0.2718624 Vali Loss: 0.2646898 Test Loss: 0.2710671
EarlyStopping counter: 1 out of 3
Updating learning rate to 0.0005
	iters: 100, epoch: 3 | loss: 0.2740380
	speed: 0.0159s/iter; left time: 9.2284s
	iters: 200, epoch: 3 | loss: 0.2689524
	speed: 0.0069s/iter; left time: 3.3377s
Epoch: 3 cost time: 1.7187855243682861
Epoch: 3, Steps: 227 | Train Loss: 0.2695795 Vali Loss: 0.2650670 Test Loss: 0.2713470
EarlyStopping counter: 2 out of 3
Updating learning rate to 0.00025
	iters: 100, epoch: 4 | loss: 0.2613749
	speed: 0.0147s/iter; left time: 5.2254s
	iters: 200, epoch: 4 | loss: 0.2833514
	speed: 0.0066s/iter; left time: 1.6908s
Epoch: 4 cost time: 1.589562177658081
Epoch: 4, Steps: 227 | Train Loss: 0.2684748 Vali Loss: 0.2642392 Test Loss: 0.2697410
Validation loss decreased (0.264664 --> 0.264239).  Saving model ...
Updating learning rate to 0.000125
	iters: 100, epoch: 5 | loss: 0.2820789
	speed: 0.0148s/iter; left time: 1.8887s
	iters: 200, epoch: 5 | loss: 0.2632172
	speed: 0.0066s/iter; left time: 0.1851s
Epoch: 5 cost time: 1.5921964645385742
Epoch: 5, Steps: 227 | Train Loss: 0.2679842 Vali Loss: 0.2641849 Test Loss: 0.2695284
Validation loss decreased (0.264239 --> 0.264185).  Saving model ...
Updating learning rate to 6.25e-05
>>>>>>>testing : long_term_forecast_PL_drift_er960_sl192_s2022_iTransformer_custom_ftM_sl192_ll48_pl96_dm64_nh8_el2_dl1_df64_expand2_dc4_fc3_ebtimeF_dtTrue_Exp_0<<<<<<<<<<<<<<<<<<<<<<<<<<<<<<<<<
test 4905
test shape: (4905, 96, 4) (4905, 96, 4)
test shape: (4905, 96, 4) (4905, 96, 4)
mse:0.2695816159248352, mae:0.4067321717739105, dtw:Not calculated
