Using GPU
Args in experiment:
[1mBasic Config[0m
  Task Name:          long_term_forecast  Is Training:        1                   
  Model ID:           PL_drift_er100_sl336_s2022Model:              iTransformer        

[1mData Loader[0m
  Data:               custom              Root Path:          ./dataset/power_law/
  Data Path:          drift_er100.csv     Features:           M                   
  Target:             OT                  Freq:               h                   
  Checkpoints:        ./checkpoints/      

[1mForecasting Task[0m
  Seq Len:            336                 Label Len:          48                  
  Pred Len:           96                  Seasonal Patterns:  Monthly             
  Inverse:            0                   

[1mModel Parameters[0m
  Top k:              5                   Num Kernels:        6                   
  Enc In:             4                   Dec In:             4                   
  C Out:              4                   d model:            64                  
  n heads:            8                   e layers:           2                   
  d layers:           1                   d FF:               64                  
  Moving Avg:         25                  Factor:             3                   
  Distil:             1                   Dropout:            0.1                 
  Embed:              timeF               Activation:         gelu                

[1mRun Parameters[0m
  Num Workers:        2                   Itr:                1                   
  Train Epochs:       5                   Batch Size:         64                  
  Patience:           3                   Learning Rate:      0.001               
  Des:                Exp                 Loss:               MSE                 
  Lradj:              type1               Use Amp:            0                   

[1mGPU[0m
  Use GPU:            1                   GPU:                0                   
  Use Multi GPU:      0                   Devices:            0,1,2,3             

[1mDe-stationary Projector Params[0m
  P Hidden Dims:      128, 128            P Hidden Layers:    2                   

Use GPU: cuda:0
🚀 Lazy Loading: iTransformer ...
>>>>>>>start training : long_term_forecast_PL_drift_er100_sl336_s2022_iTransformer_custom_ftM_sl336_ll48_pl96_dm64_nh8_el2_dl1_df64_expand2_dc4_fc3_ebtimeF_dtTrue_Exp_0>>>>>>>>>>>>>>>>>>>>>>>>>>
train window subsample: keep 14525/17069 windows (max_train_windows=14525)
train 14525
val 2405
test 4905
	iters: 100, epoch: 1 | loss: 0.0320375
	speed: 0.0288s/iter; left time: 29.8515s
	iters: 200, epoch: 1 | loss: 0.0300509
	speed: 0.0079s/iter; left time: 7.3513s
Epoch: 1 cost time: 2.3155622482299805
Epoch: 1, Steps: 227 | Train Loss: 0.0328699 Vali Loss: 0.0355446 Test Loss: 0.0343822
Validation loss decreased (inf --> 0.035545).  Saving model ...
Updating learning rate to 0.001
	iters: 100, epoch: 2 | loss: 0.0276035
	speed: 0.0167s/iter; left time: 13.4987s
	iters: 200, epoch: 2 | loss: 0.0282349
	speed: 0.0071s/iter; left time: 5.0320s
Epoch: 2 cost time: 1.7582857608795166
Epoch: 2, Steps: 227 | Train Loss: 0.0286079 Vali Loss: 0.0373008 Test Loss: 0.0365407
EarlyStopping counter: 1 out of 3
Updating learning rate to 0.0005
	iters: 100, epoch: 3 | loss: 0.0263033
	speed: 0.0152s/iter; left time: 8.8517s
	iters: 200, epoch: 3 | loss: 0.0255436
	speed: 0.0066s/iter; left time: 3.1682s
Epoch: 3 cost time: 1.5906479358673096
Epoch: 3, Steps: 227 | Train Loss: 0.0263676 Vali Loss: 0.0386739 Test Loss: 0.0370571
EarlyStopping counter: 2 out of 3
Updating learning rate to 0.00025
	iters: 100, epoch: 4 | loss: 0.0253096
	speed: 0.0143s/iter; left time: 5.0783s
	iters: 200, epoch: 4 | loss: 0.0248875
	speed: 0.0068s/iter; left time: 1.7360s
Epoch: 4 cost time: 1.6012401580810547
Epoch: 4, Steps: 227 | Train Loss: 0.0252571 Vali Loss: 0.0371305 Test Loss: 0.0374610
EarlyStopping counter: 3 out of 3
Early stopping
>>>>>>>testing : long_term_forecast_PL_drift_er100_sl336_s2022_iTransformer_custom_ftM_sl336_ll48_pl96_dm64_nh8_el2_dl1_df64_expand2_dc4_fc3_ebtimeF_dtTrue_Exp_0<<<<<<<<<<<<<<<<<<<<<<<<<<<<<<<<<
test 4905
test shape: (4905, 96, 4) (4905, 96, 4)
test shape: (4905, 96, 4) (4905, 96, 4)
mse:0.0344085693359375, mae:0.13807037472724915, dtw:Not calculated
