Using GPU
Args in experiment:
[1mBasic Config[0m
  Task Name:          long_term_forecast  Is Training:        1                   
  Model ID:           PL_drift_er460_sl2880_s2022Model:              iTransformer        

[1mData Loader[0m
  Data:               custom              Root Path:          ./dataset/power_law/
  Data Path:          drift_er460.csv     Features:           M                   
  Target:             OT                  Freq:               h                   
  Checkpoints:        ./checkpoints/      

[1mForecasting Task[0m
  Seq Len:            2880                Label Len:          48                  
  Pred Len:           96                  Seasonal Patterns:  Monthly             
  Inverse:            0                   

[1mModel Parameters[0m
  Top k:              5                   Num Kernels:        6                   
  Enc In:             4                   Dec In:             4                   
  C Out:              4                   d model:            64                  
  n heads:            8                   e layers:           2                   
  d layers:           1                   d FF:               64                  
  Moving Avg:         25                  Factor:             3                   
  Distil:             1                   Dropout:            0.1                 
  Embed:              timeF               Activation:         gelu                

[1mRun Parameters[0m
  Num Workers:        2                   Itr:                1                   
  Train Epochs:       5                   Batch Size:         64                  
  Patience:           3                   Learning Rate:      0.001               
  Des:                Exp                 Loss:               MSE                 
  Lradj:              type1               Use Amp:            0                   

[1mGPU[0m
  Use GPU:            1                   GPU:                0                   
  Use Multi GPU:      0                   Devices:            0,1,2,3             

[1mDe-stationary Projector Params[0m
  P Hidden Dims:      128, 128            P Hidden Layers:    2                   

Use GPU: cuda:0
🚀 Lazy Loading: iTransformer ...
>>>>>>>start training : long_term_forecast_PL_drift_er460_sl2880_s2022_iTransformer_custom_ftM_sl2880_ll48_pl96_dm64_nh8_el2_dl1_df64_expand2_dc4_fc3_ebtimeF_dtTrue_Exp_0>>>>>>>>>>>>>>>>>>>>>>>>>>
train 14525
val 2405
test 4905
	iters: 100, epoch: 1 | loss: 0.1666793
	speed: 0.0359s/iter; left time: 37.1965s
	iters: 200, epoch: 1 | loss: 0.1513058
	speed: 0.0151s/iter; left time: 14.0902s
Epoch: 1 cost time: 3.8746049404144287
Epoch: 1, Steps: 227 | Train Loss: 0.1833035 Vali Loss: 0.1822028 Test Loss: 0.2318194
Validation loss decreased (inf --> 0.182203).  Saving model ...
Updating learning rate to 0.001
	iters: 100, epoch: 2 | loss: 0.1405875
	speed: 0.0347s/iter; left time: 28.0760s
	iters: 200, epoch: 2 | loss: 0.1400598
	speed: 0.0148s/iter; left time: 10.4769s
Epoch: 2 cost time: 3.464289903640747
Epoch: 2, Steps: 227 | Train Loss: 0.1416847 Vali Loss: 0.1936027 Test Loss: 0.2119925
EarlyStopping counter: 1 out of 3
Updating learning rate to 0.0005
	iters: 100, epoch: 3 | loss: 0.1340291
	speed: 0.0355s/iter; left time: 20.6381s
	iters: 200, epoch: 3 | loss: 0.1363351
	speed: 0.0154s/iter; left time: 7.4029s
Epoch: 3 cost time: 3.6021034717559814
Epoch: 3, Steps: 227 | Train Loss: 0.1342565 Vali Loss: 0.1874843 Test Loss: 0.2080887
EarlyStopping counter: 2 out of 3
Updating learning rate to 0.00025
	iters: 100, epoch: 4 | loss: 0.1345264
	speed: 0.0359s/iter; left time: 12.7424s
	iters: 200, epoch: 4 | loss: 0.1336995
	speed: 0.0140s/iter; left time: 3.5821s
Epoch: 4 cost time: 3.453585386276245
Epoch: 4, Steps: 227 | Train Loss: 0.1315388 Vali Loss: 0.1919817 Test Loss: 0.2085174
EarlyStopping counter: 3 out of 3
Early stopping
>>>>>>>testing : long_term_forecast_PL_drift_er460_sl2880_s2022_iTransformer_custom_ftM_sl2880_ll48_pl96_dm64_nh8_el2_dl1_df64_expand2_dc4_fc3_ebtimeF_dtTrue_Exp_0<<<<<<<<<<<<<<<<<<<<<<<<<<<<<<<<<
test 4905
test shape: (4905, 96, 4) (4905, 96, 4)
test shape: (4905, 96, 4) (4905, 96, 4)
mse:0.23217889666557312, mae:0.3581123650074005, dtw:Not calculated
