Using GPU
Args in experiment:
[1mBasic Config[0m
  Task Name:          long_term_forecast  Is Training:        1                   
  Model ID:           PL_drift_er460_sl336_s2022Model:              iTransformer        

[1mData Loader[0m
  Data:               custom              Root Path:          ./dataset/power_law/
  Data Path:          drift_er460.csv     Features:           M                   
  Target:             OT                  Freq:               h                   
  Checkpoints:        ./checkpoints/      

[1mForecasting Task[0m
  Seq Len:            336                 Label Len:          48                  
  Pred Len:           96                  Seasonal Patterns:  Monthly             
  Inverse:            0                   

[1mModel Parameters[0m
  Top k:              5                   Num Kernels:        6                   
  Enc In:             4                   Dec In:             4                   
  C Out:              4                   d model:            64                  
  n heads:            8                   e layers:           2                   
  d layers:           1                   d FF:               64                  
  Moving Avg:         25                  Factor:             3                   
  Distil:             1                   Dropout:            0.1                 
  Embed:              timeF               Activation:         gelu                

[1mRun Parameters[0m
  Num Workers:        2                   Itr:                1                   
  Train Epochs:       5                   Batch Size:         64                  
  Patience:           3                   Learning Rate:      0.001               
  Des:                Exp                 Loss:               MSE                 
  Lradj:              type1               Use Amp:            0                   

[1mGPU[0m
  Use GPU:            1                   GPU:                0                   
  Use Multi GPU:      0                   Devices:            0,1,2,3             

[1mDe-stationary Projector Params[0m
  P Hidden Dims:      128, 128            P Hidden Layers:    2                   

Use GPU: cuda:0
🚀 Lazy Loading: iTransformer ...
>>>>>>>start training : long_term_forecast_PL_drift_er460_sl336_s2022_iTransformer_custom_ftM_sl336_ll48_pl96_dm64_nh8_el2_dl1_df64_expand2_dc4_fc3_ebtimeF_dtTrue_Exp_0>>>>>>>>>>>>>>>>>>>>>>>>>>
train window subsample: keep 14525/17069 windows (max_train_windows=14525)
train 14525
val 2405
test 4905
	iters: 100, epoch: 1 | loss: 0.1505760
	speed: 0.0255s/iter; left time: 26.4685s
	iters: 200, epoch: 1 | loss: 0.1535854
	speed: 0.0071s/iter; left time: 6.6392s
Epoch: 1 cost time: 2.037760019302368
Epoch: 1, Steps: 227 | Train Loss: 0.1550447 Vali Loss: 0.1504454 Test Loss: 0.1546863
Validation loss decreased (inf --> 0.150445).  Saving model ...
Updating learning rate to 0.001
	iters: 100, epoch: 2 | loss: 0.1387140
	speed: 0.0148s/iter; left time: 11.9935s
	iters: 200, epoch: 2 | loss: 0.1415699
	speed: 0.0067s/iter; left time: 4.7546s
Epoch: 2 cost time: 1.5943379402160645
Epoch: 2, Steps: 227 | Train Loss: 0.1458174 Vali Loss: 0.1490629 Test Loss: 0.1549505
Validation loss decreased (0.150445 --> 0.149063).  Saving model ...
Updating learning rate to 0.0005
	iters: 100, epoch: 3 | loss: 0.1385572
	speed: 0.0155s/iter; left time: 9.0114s
	iters: 200, epoch: 3 | loss: 0.1442308
	speed: 0.0069s/iter; left time: 3.3075s
Epoch: 3 cost time: 1.6897172927856445
Epoch: 3, Steps: 227 | Train Loss: 0.1428684 Vali Loss: 0.1487302 Test Loss: 0.1531100
Validation loss decreased (0.149063 --> 0.148730).  Saving model ...
Updating learning rate to 0.00025
	iters: 100, epoch: 4 | loss: 0.1369061
	speed: 0.0156s/iter; left time: 5.5251s
	iters: 200, epoch: 4 | loss: 0.1432018
	speed: 0.0071s/iter; left time: 1.8154s
Epoch: 4 cost time: 1.7102394104003906
Epoch: 4, Steps: 227 | Train Loss: 0.1412458 Vali Loss: 0.1491643 Test Loss: 0.1533191
EarlyStopping counter: 1 out of 3
Updating learning rate to 0.000125
	iters: 100, epoch: 5 | loss: 0.1437049
	speed: 0.0154s/iter; left time: 1.9675s
	iters: 200, epoch: 5 | loss: 0.1375312
	speed: 0.0068s/iter; left time: 0.1907s
Epoch: 5 cost time: 1.6530742645263672
Epoch: 5, Steps: 227 | Train Loss: 0.1402497 Vali Loss: 0.1498945 Test Loss: 0.1543352
EarlyStopping counter: 2 out of 3
Updating learning rate to 6.25e-05
>>>>>>>testing : long_term_forecast_PL_drift_er460_sl336_s2022_iTransformer_custom_ftM_sl336_ll48_pl96_dm64_nh8_el2_dl1_df64_expand2_dc4_fc3_ebtimeF_dtTrue_Exp_0<<<<<<<<<<<<<<<<<<<<<<<<<<<<<<<<<
test 4905
test shape: (4905, 96, 4) (4905, 96, 4)
test shape: (4905, 96, 4) (4905, 96, 4)
mse:0.15275754034519196, mae:0.28670012950897217, dtw:Not calculated
