Using GPU
Args in experiment:
[1mBasic Config[0m
  Task Name:          long_term_forecast  Is Training:        1                   
  Model ID:           PL_drift_er100_sl2880_s2022Model:              iTransformer        

[1mData Loader[0m
  Data:               custom              Root Path:          ./dataset/power_law/
  Data Path:          drift_er100.csv     Features:           M                   
  Target:             OT                  Freq:               h                   
  Checkpoints:        ./checkpoints/      

[1mForecasting Task[0m
  Seq Len:            2880                Label Len:          48                  
  Pred Len:           96                  Seasonal Patterns:  Monthly             
  Inverse:            0                   

[1mModel Parameters[0m
  Top k:              5                   Num Kernels:        6                   
  Enc In:             4                   Dec In:             4                   
  C Out:              4                   d model:            64                  
  n heads:            8                   e layers:           2                   
  d layers:           1                   d FF:               64                  
  Moving Avg:         25                  Factor:             3                   
  Distil:             1                   Dropout:            0.1                 
  Embed:              timeF               Activation:         gelu                

[1mRun Parameters[0m
  Num Workers:        2                   Itr:                1                   
  Train Epochs:       5                   Batch Size:         64                  
  Patience:           3                   Learning Rate:      0.001               
  Des:                Exp                 Loss:               MSE                 
  Lradj:              type1               Use Amp:            0                   

[1mGPU[0m
  Use GPU:            1                   GPU:                0                   
  Use Multi GPU:      0                   Devices:            0,1,2,3             

[1mDe-stationary Projector Params[0m
  P Hidden Dims:      128, 128            P Hidden Layers:    2                   

Use GPU: cuda:0
🚀 Lazy Loading: iTransformer ...
>>>>>>>start training : long_term_forecast_PL_drift_er100_sl2880_s2022_iTransformer_custom_ftM_sl2880_ll48_pl96_dm64_nh8_el2_dl1_df64_expand2_dc4_fc3_ebtimeF_dtTrue_Exp_0>>>>>>>>>>>>>>>>>>>>>>>>>>
train 14525
val 2405
test 4905
	iters: 100, epoch: 1 | loss: 0.0450776
	speed: 0.0327s/iter; left time: 33.9286s
	iters: 200, epoch: 1 | loss: 0.0319341
	speed: 0.0157s/iter; left time: 14.6797s
Epoch: 1 cost time: 3.9039254188537598
Epoch: 1, Steps: 227 | Train Loss: 0.0600257 Vali Loss: 0.0523382 Test Loss: 0.0452139
Validation loss decreased (inf --> 0.052338).  Saving model ...
Updating learning rate to 0.001
	iters: 100, epoch: 2 | loss: 0.0290366
	speed: 0.0378s/iter; left time: 30.5772s
	iters: 200, epoch: 2 | loss: 0.0270059
	speed: 0.0154s/iter; left time: 10.9346s
Epoch: 2 cost time: 3.709022045135498
Epoch: 2, Steps: 227 | Train Loss: 0.0297093 Vali Loss: 0.0503616 Test Loss: 0.0436809
Validation loss decreased (0.052338 --> 0.050362).  Saving model ...
Updating learning rate to 0.0005
	iters: 100, epoch: 3 | loss: 0.0262192
	speed: 0.0364s/iter; left time: 21.1744s
	iters: 200, epoch: 3 | loss: 0.0243139
	speed: 0.0160s/iter; left time: 7.7211s
Epoch: 3 cost time: 3.750751256942749
Epoch: 3, Steps: 227 | Train Loss: 0.0253630 Vali Loss: 0.0487203 Test Loss: 0.0425071
Validation loss decreased (0.050362 --> 0.048720).  Saving model ...
Updating learning rate to 0.00025
	iters: 100, epoch: 4 | loss: 0.0245474
	speed: 0.0359s/iter; left time: 12.7571s
	iters: 200, epoch: 4 | loss: 0.0250981
	speed: 0.0149s/iter; left time: 3.7885s
Epoch: 4 cost time: 3.5649867057800293
Epoch: 4, Steps: 227 | Train Loss: 0.0239533 Vali Loss: 0.0489185 Test Loss: 0.0416066
EarlyStopping counter: 1 out of 3
Updating learning rate to 0.000125
	iters: 100, epoch: 5 | loss: 0.0242532
	speed: 0.0343s/iter; left time: 4.3891s
	iters: 200, epoch: 5 | loss: 0.0211619
	speed: 0.0124s/iter; left time: 0.3468s
Epoch: 5 cost time: 3.1209540367126465
Epoch: 5, Steps: 227 | Train Loss: 0.0231937 Vali Loss: 0.0483052 Test Loss: 0.0412936
Validation loss decreased (0.048720 --> 0.048305).  Saving model ...
Updating learning rate to 6.25e-05
>>>>>>>testing : long_term_forecast_PL_drift_er100_sl2880_s2022_iTransformer_custom_ftM_sl2880_ll48_pl96_dm64_nh8_el2_dl1_df64_expand2_dc4_fc3_ebtimeF_dtTrue_Exp_0<<<<<<<<<<<<<<<<<<<<<<<<<<<<<<<<<
test 4905
test shape: (4905, 96, 4) (4905, 96, 4)
test shape: (4905, 96, 4) (4905, 96, 4)
mse:0.04116404801607132, mae:0.15379513800144196, dtw:Not calculated
