Using GPU
Args in experiment:
[1mBasic Config[0m
  Task Name:          long_term_forecast  Is Training:        1                   
  Model ID:           PL_drift_er460_sl96_s2022Model:              iTransformer        

[1mData Loader[0m
  Data:               custom              Root Path:          ./dataset/power_law/
  Data Path:          drift_er460.csv     Features:           M                   
  Target:             OT                  Freq:               h                   
  Checkpoints:        ./checkpoints/      

[1mForecasting Task[0m
  Seq Len:            96                  Label Len:          48                  
  Pred Len:           96                  Seasonal Patterns:  Monthly             
  Inverse:            0                   

[1mModel Parameters[0m
  Top k:              5                   Num Kernels:        6                   
  Enc In:             4                   Dec In:             4                   
  C Out:              4                   d model:            64                  
  n heads:            8                   e layers:           2                   
  d layers:           1                   d FF:               64                  
  Moving Avg:         25                  Factor:             3                   
  Distil:             1                   Dropout:            0.1                 
  Embed:              timeF               Activation:         gelu                

[1mRun Parameters[0m
  Num Workers:        2                   Itr:                1                   
  Train Epochs:       5                   Batch Size:         64                  
  Patience:           3                   Learning Rate:      0.001               
  Des:                Exp                 Loss:               MSE                 
  Lradj:              type1               Use Amp:            0                   

[1mGPU[0m
  Use GPU:            1                   GPU:                0                   
  Use Multi GPU:      0                   Devices:            0,1,2,3             

[1mDe-stationary Projector Params[0m
  P Hidden Dims:      128, 128            P Hidden Layers:    2                   

Use GPU: cuda:0
🚀 Lazy Loading: iTransformer ...
>>>>>>>start training : long_term_forecast_PL_drift_er460_sl96_s2022_iTransformer_custom_ftM_sl96_ll48_pl96_dm64_nh8_el2_dl1_df64_expand2_dc4_fc3_ebtimeF_dtTrue_Exp_0>>>>>>>>>>>>>>>>>>>>>>>>>>
train window subsample: keep 14525/17309 windows (max_train_windows=14525)
train 14525
val 2405
test 4905
	iters: 100, epoch: 1 | loss: 0.1572519
	speed: 0.0259s/iter; left time: 26.7809s
	iters: 200, epoch: 1 | loss: 0.1435175
	speed: 0.0074s/iter; left time: 6.9469s
Epoch: 1 cost time: 2.1451995372772217
Epoch: 1, Steps: 227 | Train Loss: 0.1515515 Vali Loss: 0.1459490 Test Loss: 0.1477551
Validation loss decreased (inf --> 0.145949).  Saving model ...
Updating learning rate to 0.001
	iters: 100, epoch: 2 | loss: 0.1385336
	speed: 0.0163s/iter; left time: 13.2046s
	iters: 200, epoch: 2 | loss: 0.1373413
	speed: 0.0071s/iter; left time: 5.0124s
Epoch: 2 cost time: 1.766486644744873
Epoch: 2, Steps: 227 | Train Loss: 0.1466198 Vali Loss: 0.1458592 Test Loss: 0.1476273
Validation loss decreased (0.145949 --> 0.145859).  Saving model ...
Updating learning rate to 0.0005
	iters: 100, epoch: 3 | loss: 0.1526432
	speed: 0.0159s/iter; left time: 9.2506s
	iters: 200, epoch: 3 | loss: 0.1386519
	speed: 0.0070s/iter; left time: 3.3739s
Epoch: 3 cost time: 1.692255973815918
Epoch: 3, Steps: 227 | Train Loss: 0.1456841 Vali Loss: 0.1459937 Test Loss: 0.1478574
EarlyStopping counter: 1 out of 3
Updating learning rate to 0.00025
	iters: 100, epoch: 4 | loss: 0.1450870
	speed: 0.0155s/iter; left time: 5.5201s
	iters: 200, epoch: 4 | loss: 0.1421949
	speed: 0.0072s/iter; left time: 1.8482s
Epoch: 4 cost time: 1.7125399112701416
Epoch: 4, Steps: 227 | Train Loss: 0.1453223 Vali Loss: 0.1454143 Test Loss: 0.1472576
Validation loss decreased (0.145859 --> 0.145414).  Saving model ...
Updating learning rate to 0.000125
	iters: 100, epoch: 5 | loss: 0.1336246
	speed: 0.0156s/iter; left time: 1.9996s
	iters: 200, epoch: 5 | loss: 0.1474924
	speed: 0.0072s/iter; left time: 0.2004s
Epoch: 5 cost time: 1.682096004486084
Epoch: 5, Steps: 227 | Train Loss: 0.1450428 Vali Loss: 0.1452941 Test Loss: 0.1473047
Validation loss decreased (0.145414 --> 0.145294).  Saving model ...
Updating learning rate to 6.25e-05
>>>>>>>testing : long_term_forecast_PL_drift_er460_sl96_s2022_iTransformer_custom_ftM_sl96_ll48_pl96_dm64_nh8_el2_dl1_df64_expand2_dc4_fc3_ebtimeF_dtTrue_Exp_0<<<<<<<<<<<<<<<<<<<<<<<<<<<<<<<<<
test 4905
test shape: (4905, 96, 4) (4905, 96, 4)
test shape: (4905, 96, 4) (4905, 96, 4)
mse:0.14707143604755402, mae:0.28079622983932495, dtw:Not calculated
