Using GPU
Args in experiment:
[1mBasic Config[0m
  Task Name:          long_term_forecast  Is Training:        1                   
  Model ID:           PL_drift_er50_sl96_s2021Model:              iTransformer        

[1mData Loader[0m
  Data:               custom              Root Path:          ./dataset/power_law/
  Data Path:          drift_er50.csv      Features:           M                   
  Target:             OT                  Freq:               h                   
  Checkpoints:        ./checkpoints/      

[1mForecasting Task[0m
  Seq Len:            96                  Label Len:          48                  
  Pred Len:           96                  Seasonal Patterns:  Monthly             
  Inverse:            0                   

[1mModel Parameters[0m
  Top k:              5                   Num Kernels:        6                   
  Enc In:             4                   Dec In:             4                   
  C Out:              4                   d model:            64                  
  n heads:            8                   e layers:           2                   
  d layers:           1                   d FF:               64                  
  Moving Avg:         25                  Factor:             3                   
  Distil:             1                   Dropout:            0.1                 
  Embed:              timeF               Activation:         gelu                

[1mRun Parameters[0m
  Num Workers:        2                   Itr:                1                   
  Train Epochs:       5                   Batch Size:         64                  
  Patience:           3                   Learning Rate:      0.001               
  Des:                Exp                 Loss:               MSE                 
  Lradj:              type1               Use Amp:            0                   

[1mGPU[0m
  Use GPU:            1                   GPU:                0                   
  Use Multi GPU:      0                   Devices:            0,1,2,3             

[1mDe-stationary Projector Params[0m
  P Hidden Dims:      128, 128            P Hidden Layers:    2                   

Use GPU: cuda:0
🚀 Lazy Loading: iTransformer ...
>>>>>>>start training : long_term_forecast_PL_drift_er50_sl96_s2021_iTransformer_custom_ftM_sl96_ll48_pl96_dm64_nh8_el2_dl1_df64_expand2_dc4_fc3_ebtimeF_dtTrue_Exp_0>>>>>>>>>>>>>>>>>>>>>>>>>>
train window subsample: keep 14525/17309 windows (max_train_windows=14525)
train 14525
val 2405
test 4905
	iters: 100, epoch: 1 | loss: 0.0216593
	speed: 0.0260s/iter; left time: 26.9162s
	iters: 200, epoch: 1 | loss: 0.0240711
	speed: 0.0070s/iter; left time: 6.5857s
Epoch: 1 cost time: 2.009779453277588
Epoch: 1, Steps: 227 | Train Loss: 0.0225592 Vali Loss: 0.0238812 Test Loss: 0.0204014
Validation loss decreased (inf --> 0.023881).  Saving model ...
Updating learning rate to 0.001
	iters: 100, epoch: 2 | loss: 0.0211688
	speed: 0.0145s/iter; left time: 11.7690s
	iters: 200, epoch: 2 | loss: 0.0215642
	speed: 0.0066s/iter; left time: 4.6813s
Epoch: 2 cost time: 1.5732145309448242
Epoch: 2, Steps: 227 | Train Loss: 0.0214720 Vali Loss: 0.0237891 Test Loss: 0.0203281
Validation loss decreased (0.023881 --> 0.023789).  Saving model ...
Updating learning rate to 0.0005
	iters: 100, epoch: 3 | loss: 0.0204629
	speed: 0.0147s/iter; left time: 8.5407s
	iters: 200, epoch: 3 | loss: 0.0211494
	speed: 0.0066s/iter; left time: 3.1601s
Epoch: 3 cost time: 1.603076696395874
Epoch: 3, Steps: 227 | Train Loss: 0.0210487 Vali Loss: 0.0239756 Test Loss: 0.0204911
EarlyStopping counter: 1 out of 3
Updating learning rate to 0.00025
	iters: 100, epoch: 4 | loss: 0.0217775
	speed: 0.0144s/iter; left time: 5.1267s
	iters: 200, epoch: 4 | loss: 0.0191471
	speed: 0.0070s/iter; left time: 1.7907s
Epoch: 4 cost time: 1.6351847648620605
Epoch: 4, Steps: 227 | Train Loss: 0.0207566 Vali Loss: 0.0240029 Test Loss: 0.0205872
EarlyStopping counter: 2 out of 3
Updating learning rate to 0.000125
	iters: 100, epoch: 5 | loss: 0.0208001
	speed: 0.0145s/iter; left time: 1.8536s
	iters: 200, epoch: 5 | loss: 0.0198183
	speed: 0.0072s/iter; left time: 0.2007s
Epoch: 5 cost time: 1.6831400394439697
Epoch: 5, Steps: 227 | Train Loss: 0.0206267 Vali Loss: 0.0240009 Test Loss: 0.0206421
EarlyStopping counter: 3 out of 3
Early stopping
>>>>>>>testing : long_term_forecast_PL_drift_er50_sl96_s2021_iTransformer_custom_ftM_sl96_ll48_pl96_dm64_nh8_el2_dl1_df64_expand2_dc4_fc3_ebtimeF_dtTrue_Exp_0<<<<<<<<<<<<<<<<<<<<<<<<<<<<<<<<<
test 4905
test shape: (4905, 96, 4) (4905, 96, 4)
test shape: (4905, 96, 4) (4905, 96, 4)
mse:0.02037358283996582, mae:0.10749352723360062, dtw:Not calculated
