Using GPU
Args in experiment:
[1mBasic Config[0m
  Task Name:          long_term_forecast  Is Training:        1                   
  Model ID:           PL_drift_er100_sl720_s2021Model:              iTransformer        

[1mData Loader[0m
  Data:               custom              Root Path:          ./dataset/power_law/
  Data Path:          drift_er100.csv     Features:           M                   
  Target:             OT                  Freq:               h                   
  Checkpoints:        ./checkpoints/      

[1mForecasting Task[0m
  Seq Len:            720                 Label Len:          48                  
  Pred Len:           96                  Seasonal Patterns:  Monthly             
  Inverse:            0                   

[1mModel Parameters[0m
  Top k:              5                   Num Kernels:        6                   
  Enc In:             4                   Dec In:             4                   
  C Out:              4                   d model:            64                  
  n heads:            8                   e layers:           2                   
  d layers:           1                   d FF:               64                  
  Moving Avg:         25                  Factor:             3                   
  Distil:             1                   Dropout:            0.1                 
  Embed:              timeF               Activation:         gelu                

[1mRun Parameters[0m
  Num Workers:        2                   Itr:                1                   
  Train Epochs:       5                   Batch Size:         64                  
  Patience:           3                   Learning Rate:      0.001               
  Des:                Exp                 Loss:               MSE                 
  Lradj:              type1               Use Amp:            0                   

[1mGPU[0m
  Use GPU:            1                   GPU:                0                   
  Use Multi GPU:      0                   Devices:            0,1,2,3             

[1mDe-stationary Projector Params[0m
  P Hidden Dims:      128, 128            P Hidden Layers:    2                   

Use GPU: cuda:0
🚀 Lazy Loading: iTransformer ...
>>>>>>>start training : long_term_forecast_PL_drift_er100_sl720_s2021_iTransformer_custom_ftM_sl720_ll48_pl96_dm64_nh8_el2_dl1_df64_expand2_dc4_fc3_ebtimeF_dtTrue_Exp_0>>>>>>>>>>>>>>>>>>>>>>>>>>
train window subsample: keep 14525/16685 windows (max_train_windows=14525)
train 14525
val 2405
test 4905
	iters: 100, epoch: 1 | loss: 0.0307313
	speed: 0.0254s/iter; left time: 26.2954s
	iters: 200, epoch: 1 | loss: 0.0295167
	speed: 0.0072s/iter; left time: 6.7413s
Epoch: 1 cost time: 2.0821170806884766
Epoch: 1, Steps: 227 | Train Loss: 0.0355711 Vali Loss: 0.0393078 Test Loss: 0.0380620
Validation loss decreased (inf --> 0.039308).  Saving model ...
Updating learning rate to 0.001
	iters: 100, epoch: 2 | loss: 0.0264961
	speed: 0.0159s/iter; left time: 12.8775s
	iters: 200, epoch: 2 | loss: 0.0249669
	speed: 0.0072s/iter; left time: 5.1385s
Epoch: 2 cost time: 1.7240593433380127
Epoch: 2, Steps: 227 | Train Loss: 0.0263269 Vali Loss: 0.0396884 Test Loss: 0.0395291
EarlyStopping counter: 1 out of 3
Updating learning rate to 0.0005
	iters: 100, epoch: 3 | loss: 0.0248566
	speed: 0.0169s/iter; left time: 9.8486s
	iters: 200, epoch: 3 | loss: 0.0225741
	speed: 0.0078s/iter; left time: 3.7433s
Epoch: 3 cost time: 1.8496787548065186
Epoch: 3, Steps: 227 | Train Loss: 0.0235736 Vali Loss: 0.0416784 Test Loss: 0.0405497
EarlyStopping counter: 2 out of 3
Updating learning rate to 0.00025
	iters: 100, epoch: 4 | loss: 0.0227142
	speed: 0.0165s/iter; left time: 5.8717s
	iters: 200, epoch: 4 | loss: 0.0223905
	speed: 0.0077s/iter; left time: 1.9604s
Epoch: 4 cost time: 1.8257522583007812
Epoch: 4, Steps: 227 | Train Loss: 0.0225091 Vali Loss: 0.0424551 Test Loss: 0.0398816
EarlyStopping counter: 3 out of 3
Early stopping
>>>>>>>testing : long_term_forecast_PL_drift_er100_sl720_s2021_iTransformer_custom_ftM_sl720_ll48_pl96_dm64_nh8_el2_dl1_df64_expand2_dc4_fc3_ebtimeF_dtTrue_Exp_0<<<<<<<<<<<<<<<<<<<<<<<<<<<<<<<<<
test 4905
test shape: (4905, 96, 4) (4905, 96, 4)
test shape: (4905, 96, 4) (4905, 96, 4)
mse:0.03809905797243118, mae:0.14581656455993652, dtw:Not calculated
