Using GPU
Args in experiment:
[1mBasic Config[0m
  Task Name:          long_term_forecast  Is Training:        1                   
  Model ID:           PL_drift_er960_sl336_s2022Model:              iTransformer        

[1mData Loader[0m
  Data:               custom              Root Path:          ./dataset/power_law/
  Data Path:          drift_er960.csv     Features:           M                   
  Target:             OT                  Freq:               h                   
  Checkpoints:        ./checkpoints/      

[1mForecasting Task[0m
  Seq Len:            336                 Label Len:          48                  
  Pred Len:           96                  Seasonal Patterns:  Monthly             
  Inverse:            0                   

[1mModel Parameters[0m
  Top k:              5                   Num Kernels:        6                   
  Enc In:             4                   Dec In:             4                   
  C Out:              4                   d model:            64                  
  n heads:            8                   e layers:           2                   
  d layers:           1                   d FF:               64                  
  Moving Avg:         25                  Factor:             3                   
  Distil:             1                   Dropout:            0.1                 
  Embed:              timeF               Activation:         gelu                

[1mRun Parameters[0m
  Num Workers:        2                   Itr:                1                   
  Train Epochs:       5                   Batch Size:         64                  
  Patience:           3                   Learning Rate:      0.001               
  Des:                Exp                 Loss:               MSE                 
  Lradj:              type1               Use Amp:            0                   

[1mGPU[0m
  Use GPU:            1                   GPU:                0                   
  Use Multi GPU:      0                   Devices:            0,1,2,3             

[1mDe-stationary Projector Params[0m
  P Hidden Dims:      128, 128            P Hidden Layers:    2                   

Use GPU: cuda:0
🚀 Lazy Loading: iTransformer ...
>>>>>>>start training : long_term_forecast_PL_drift_er960_sl336_s2022_iTransformer_custom_ftM_sl336_ll48_pl96_dm64_nh8_el2_dl1_df64_expand2_dc4_fc3_ebtimeF_dtTrue_Exp_0>>>>>>>>>>>>>>>>>>>>>>>>>>
train window subsample: keep 14525/17069 windows (max_train_windows=14525)
train 14525
val 2405
test 4905
	iters: 100, epoch: 1 | loss: 0.2896246
	speed: 0.0247s/iter; left time: 25.6215s
	iters: 200, epoch: 1 | loss: 0.2746632
	speed: 0.0070s/iter; left time: 6.5515s
Epoch: 1 cost time: 2.0118935108184814
Epoch: 1, Steps: 227 | Train Loss: 0.2855307 Vali Loss: 0.2655146 Test Loss: 0.2737739
Validation loss decreased (inf --> 0.265515).  Saving model ...
Updating learning rate to 0.001
	iters: 100, epoch: 2 | loss: 0.2594369
	speed: 0.0145s/iter; left time: 11.6980s
	iters: 200, epoch: 2 | loss: 0.2715800
	speed: 0.0066s/iter; left time: 4.6463s
Epoch: 2 cost time: 1.5626990795135498
Epoch: 2, Steps: 227 | Train Loss: 0.2717287 Vali Loss: 0.2646656 Test Loss: 0.2717194
Validation loss decreased (0.265515 --> 0.264666).  Saving model ...
Updating learning rate to 0.0005
	iters: 100, epoch: 3 | loss: 0.2734825
	speed: 0.0147s/iter; left time: 8.5525s
	iters: 200, epoch: 3 | loss: 0.2741015
	speed: 0.0074s/iter; left time: 3.5896s
Epoch: 3 cost time: 1.7637293338775635
Epoch: 3, Steps: 227 | Train Loss: 0.2683478 Vali Loss: 0.2655131 Test Loss: 0.2721512
EarlyStopping counter: 1 out of 3
Updating learning rate to 0.00025
	iters: 100, epoch: 4 | loss: 0.2688745
	speed: 0.0159s/iter; left time: 5.6533s
	iters: 200, epoch: 4 | loss: 0.2719305
	speed: 0.0070s/iter; left time: 1.7773s
Epoch: 4 cost time: 1.7131483554840088
Epoch: 4, Steps: 227 | Train Loss: 0.2663772 Vali Loss: 0.2651458 Test Loss: 0.2717752
EarlyStopping counter: 2 out of 3
Updating learning rate to 0.000125
	iters: 100, epoch: 5 | loss: 0.2617663
	speed: 0.0148s/iter; left time: 1.8913s
	iters: 200, epoch: 5 | loss: 0.2630002
	speed: 0.0070s/iter; left time: 0.1966s
Epoch: 5 cost time: 1.6753716468811035
Epoch: 5, Steps: 227 | Train Loss: 0.2653521 Vali Loss: 0.2647200 Test Loss: 0.2725581
EarlyStopping counter: 3 out of 3
Early stopping
>>>>>>>testing : long_term_forecast_PL_drift_er960_sl336_s2022_iTransformer_custom_ftM_sl336_ll48_pl96_dm64_nh8_el2_dl1_df64_expand2_dc4_fc3_ebtimeF_dtTrue_Exp_0<<<<<<<<<<<<<<<<<<<<<<<<<<<<<<<<<
test 4905
test shape: (4905, 96, 4) (4905, 96, 4)
test shape: (4905, 96, 4) (4905, 96, 4)
mse:0.27178603410720825, mae:0.40824416279792786, dtw:Not calculated
