Using GPU
Args in experiment:
[1mBasic Config[0m
  Task Name:          long_term_forecast  Is Training:        1                   
  Model ID:           PL_drift_er100_sl336_s2021Model:              iTransformer        

[1mData Loader[0m
  Data:               custom              Root Path:          ./dataset/power_law/
  Data Path:          drift_er100.csv     Features:           M                   
  Target:             OT                  Freq:               h                   
  Checkpoints:        ./checkpoints/      

[1mForecasting Task[0m
  Seq Len:            336                 Label Len:          48                  
  Pred Len:           96                  Seasonal Patterns:  Monthly             
  Inverse:            0                   

[1mModel Parameters[0m
  Top k:              5                   Num Kernels:        6                   
  Enc In:             4                   Dec In:             4                   
  C Out:              4                   d model:            64                  
  n heads:            8                   e layers:           2                   
  d layers:           1                   d FF:               64                  
  Moving Avg:         25                  Factor:             3                   
  Distil:             1                   Dropout:            0.1                 
  Embed:              timeF               Activation:         gelu                

[1mRun Parameters[0m
  Num Workers:        2                   Itr:                1                   
  Train Epochs:       5                   Batch Size:         64                  
  Patience:           3                   Learning Rate:      0.001               
  Des:                Exp                 Loss:               MSE                 
  Lradj:              type1               Use Amp:            0                   

[1mGPU[0m
  Use GPU:            1                   GPU:                0                   
  Use Multi GPU:      0                   Devices:            0,1,2,3             

[1mDe-stationary Projector Params[0m
  P Hidden Dims:      128, 128            P Hidden Layers:    2                   

Use GPU: cuda:0
🚀 Lazy Loading: iTransformer ...
>>>>>>>start training : long_term_forecast_PL_drift_er100_sl336_s2021_iTransformer_custom_ftM_sl336_ll48_pl96_dm64_nh8_el2_dl1_df64_expand2_dc4_fc3_ebtimeF_dtTrue_Exp_0>>>>>>>>>>>>>>>>>>>>>>>>>>
train window subsample: keep 14525/17069 windows (max_train_windows=14525)
train 14525
val 2405
test 4905
	iters: 100, epoch: 1 | loss: 0.0304309
	speed: 0.0277s/iter; left time: 28.7084s
	iters: 200, epoch: 1 | loss: 0.0290373
	speed: 0.0076s/iter; left time: 7.0801s
Epoch: 1 cost time: 2.2753634452819824
Epoch: 1, Steps: 227 | Train Loss: 0.0327562 Vali Loss: 0.0369335 Test Loss: 0.0343478
Validation loss decreased (inf --> 0.036933).  Saving model ...
Updating learning rate to 0.001
	iters: 100, epoch: 2 | loss: 0.0279947
	speed: 0.0165s/iter; left time: 13.3235s
	iters: 200, epoch: 2 | loss: 0.0286780
	speed: 0.0074s/iter; left time: 5.2686s
Epoch: 2 cost time: 1.8075189590454102
Epoch: 2, Steps: 227 | Train Loss: 0.0285944 Vali Loss: 0.0373586 Test Loss: 0.0365358
EarlyStopping counter: 1 out of 3
Updating learning rate to 0.0005
	iters: 100, epoch: 3 | loss: 0.0251878
	speed: 0.0156s/iter; left time: 9.0583s
	iters: 200, epoch: 3 | loss: 0.0260752
	speed: 0.0068s/iter; left time: 3.2585s
Epoch: 3 cost time: 1.6397221088409424
Epoch: 3, Steps: 227 | Train Loss: 0.0265341 Vali Loss: 0.0394612 Test Loss: 0.0371563
EarlyStopping counter: 2 out of 3
Updating learning rate to 0.00025
	iters: 100, epoch: 4 | loss: 0.0242446
	speed: 0.0146s/iter; left time: 5.1897s
	iters: 200, epoch: 4 | loss: 0.0244567
	speed: 0.0068s/iter; left time: 1.7265s
Epoch: 4 cost time: 1.626251459121704
Epoch: 4, Steps: 227 | Train Loss: 0.0254529 Vali Loss: 0.0399913 Test Loss: 0.0380779
EarlyStopping counter: 3 out of 3
Early stopping
>>>>>>>testing : long_term_forecast_PL_drift_er100_sl336_s2021_iTransformer_custom_ftM_sl336_ll48_pl96_dm64_nh8_el2_dl1_df64_expand2_dc4_fc3_ebtimeF_dtTrue_Exp_0<<<<<<<<<<<<<<<<<<<<<<<<<<<<<<<<<
test 4905
test shape: (4905, 96, 4) (4905, 96, 4)
test shape: (4905, 96, 4) (4905, 96, 4)
mse:0.03438565135002136, mae:0.13743890821933746, dtw:Not calculated
