Using GPU
Args in experiment:
[1mBasic Config[0m
  Task Name:          long_term_forecast  Is Training:        1                   
  Model ID:           PL_per_er220_sl336_s2021Model:              iTransformer        

[1mData Loader[0m
  Data:               custom              Root Path:          ./dataset/power_law/
  Data Path:          per_er220.csv       Features:           M                   
  Target:             OT                  Freq:               h                   
  Checkpoints:        ./checkpoints/      

[1mForecasting Task[0m
  Seq Len:            336                 Label Len:          48                  
  Pred Len:           96                  Seasonal Patterns:  Monthly             
  Inverse:            0                   

[1mModel Parameters[0m
  Top k:              5                   Num Kernels:        6                   
  Enc In:             4                   Dec In:             4                   
  C Out:              4                   d model:            64                  
  n heads:            8                   e layers:           2                   
  d layers:           1                   d FF:               64                  
  Moving Avg:         25                  Factor:             3                   
  Distil:             1                   Dropout:            0.1                 
  Embed:              timeF               Activation:         gelu                

[1mRun Parameters[0m
  Num Workers:        2                   Itr:                1                   
  Train Epochs:       5                   Batch Size:         64                  
  Patience:           3                   Learning Rate:      0.001               
  Des:                Exp                 Loss:               MSE                 
  Lradj:              type1               Use Amp:            0                   

[1mGPU[0m
  Use GPU:            1                   GPU:                0                   
  Use Multi GPU:      0                   Devices:            0,1,2,3             

[1mDe-stationary Projector Params[0m
  P Hidden Dims:      128, 128            P Hidden Layers:    2                   

Use GPU: cuda:0
🚀 Lazy Loading: iTransformer ...
>>>>>>>start training : long_term_forecast_PL_per_er220_sl336_s2021_iTransformer_custom_ftM_sl336_ll48_pl96_dm64_nh8_el2_dl1_df64_expand2_dc4_fc3_ebtimeF_dtTrue_Exp_0>>>>>>>>>>>>>>>>>>>>>>>>>>
train window subsample: keep 14525/17069 windows (max_train_windows=14525)
train 14525
val 2405
test 4905
	iters: 100, epoch: 1 | loss: 0.1294322
	speed: 0.0237s/iter; left time: 24.5889s
	iters: 200, epoch: 1 | loss: 0.1330341
	speed: 0.0075s/iter; left time: 6.9813s
Epoch: 1 cost time: 2.0830862522125244
Epoch: 1, Steps: 227 | Train Loss: 0.1481094 Vali Loss: 0.1262599 Test Loss: 0.1361277
Validation loss decreased (inf --> 0.126260).  Saving model ...
Updating learning rate to 0.001
	iters: 100, epoch: 2 | loss: 0.1372299
	speed: 0.0157s/iter; left time: 12.6635s
	iters: 200, epoch: 2 | loss: 0.1264661
	speed: 0.0072s/iter; left time: 5.1303s
Epoch: 2 cost time: 1.714526653289795
Epoch: 2, Steps: 227 | Train Loss: 0.1311322 Vali Loss: 0.1257376 Test Loss: 0.1338792
Validation loss decreased (0.126260 --> 0.125738).  Saving model ...
Updating learning rate to 0.0005
	iters: 100, epoch: 3 | loss: 0.1243173
	speed: 0.0154s/iter; left time: 8.9828s
	iters: 200, epoch: 3 | loss: 0.1327944
	speed: 0.0077s/iter; left time: 3.6895s
Epoch: 3 cost time: 1.7527480125427246
Epoch: 3, Steps: 227 | Train Loss: 0.1271196 Vali Loss: 0.1260394 Test Loss: 0.1356096
EarlyStopping counter: 1 out of 3
Updating learning rate to 0.00025
	iters: 100, epoch: 4 | loss: 0.1316384
	speed: 0.0155s/iter; left time: 5.5009s
	iters: 200, epoch: 4 | loss: 0.1289198
	speed: 0.0073s/iter; left time: 1.8737s
Epoch: 4 cost time: 1.735715389251709
Epoch: 4, Steps: 227 | Train Loss: 0.1249700 Vali Loss: 0.1268939 Test Loss: 0.1340417
EarlyStopping counter: 2 out of 3
Updating learning rate to 0.000125
	iters: 100, epoch: 5 | loss: 0.1271818
	speed: 0.0161s/iter; left time: 2.0600s
	iters: 200, epoch: 5 | loss: 0.1152994
	speed: 0.0089s/iter; left time: 0.2492s
Epoch: 5 cost time: 1.9163818359375
Epoch: 5, Steps: 227 | Train Loss: 0.1240498 Vali Loss: 0.1259300 Test Loss: 0.1345693
EarlyStopping counter: 3 out of 3
Early stopping
>>>>>>>testing : long_term_forecast_PL_per_er220_sl336_s2021_iTransformer_custom_ftM_sl336_ll48_pl96_dm64_nh8_el2_dl1_df64_expand2_dc4_fc3_ebtimeF_dtTrue_Exp_0<<<<<<<<<<<<<<<<<<<<<<<<<<<<<<<<<
test 4905
test shape: (4905, 96, 4) (4905, 96, 4)
test shape: (4905, 96, 4) (4905, 96, 4)
mse:0.13408112525939941, mae:0.26813381910324097, dtw:Not calculated
