Using GPU
Args in experiment:
[1mBasic Config[0m
  Task Name:          long_term_forecast  Is Training:        1                   
  Model ID:           PL_per_er220_sl96_s2022Model:              iTransformer        

[1mData Loader[0m
  Data:               custom              Root Path:          ./dataset/power_law/
  Data Path:          per_er220.csv       Features:           M                   
  Target:             OT                  Freq:               h                   
  Checkpoints:        ./checkpoints/      

[1mForecasting Task[0m
  Seq Len:            96                  Label Len:          48                  
  Pred Len:           96                  Seasonal Patterns:  Monthly             
  Inverse:            0                   

[1mModel Parameters[0m
  Top k:              5                   Num Kernels:        6                   
  Enc In:             4                   Dec In:             4                   
  C Out:              4                   d model:            64                  
  n heads:            8                   e layers:           2                   
  d layers:           1                   d FF:               64                  
  Moving Avg:         25                  Factor:             3                   
  Distil:             1                   Dropout:            0.1                 
  Embed:              timeF               Activation:         gelu                

[1mRun Parameters[0m
  Num Workers:        2                   Itr:                1                   
  Train Epochs:       5                   Batch Size:         64                  
  Patience:           3                   Learning Rate:      0.001               
  Des:                Exp                 Loss:               MSE                 
  Lradj:              type1               Use Amp:            0                   

[1mGPU[0m
  Use GPU:            1                   GPU:                0                   
  Use Multi GPU:      0                   Devices:            0,1,2,3             

[1mDe-stationary Projector Params[0m
  P Hidden Dims:      128, 128            P Hidden Layers:    2                   

Use GPU: cuda:0
🚀 Lazy Loading: iTransformer ...
>>>>>>>start training : long_term_forecast_PL_per_er220_sl96_s2022_iTransformer_custom_ftM_sl96_ll48_pl96_dm64_nh8_el2_dl1_df64_expand2_dc4_fc3_ebtimeF_dtTrue_Exp_0>>>>>>>>>>>>>>>>>>>>>>>>>>
train window subsample: keep 14525/17309 windows (max_train_windows=14525)
train 14525
val 2405
test 4905
	iters: 100, epoch: 1 | loss: 0.1320748
	speed: 0.0265s/iter; left time: 27.4743s
	iters: 200, epoch: 1 | loss: 0.1395076
	speed: 0.0077s/iter; left time: 7.1725s
Epoch: 1 cost time: 2.198664665222168
Epoch: 1, Steps: 227 | Train Loss: 0.1499094 Vali Loss: 0.1314235 Test Loss: 0.1374992
Validation loss decreased (inf --> 0.131423).  Saving model ...
Updating learning rate to 0.001
	iters: 100, epoch: 2 | loss: 0.1424973
	speed: 0.0159s/iter; left time: 12.8604s
	iters: 200, epoch: 2 | loss: 0.1309827
	speed: 0.0070s/iter; left time: 4.9718s
Epoch: 2 cost time: 1.7173686027526855
Epoch: 2, Steps: 227 | Train Loss: 0.1350200 Vali Loss: 0.1304899 Test Loss: 0.1356536
Validation loss decreased (0.131423 --> 0.130490).  Saving model ...
Updating learning rate to 0.0005
	iters: 100, epoch: 3 | loss: 0.1565076
	speed: 0.0148s/iter; left time: 8.6043s
	iters: 200, epoch: 3 | loss: 0.1242626
	speed: 0.0066s/iter; left time: 3.1720s
Epoch: 3 cost time: 1.626300573348999
Epoch: 3, Steps: 227 | Train Loss: 0.1329156 Vali Loss: 0.1301984 Test Loss: 0.1354271
Validation loss decreased (0.130490 --> 0.130198).  Saving model ...
Updating learning rate to 0.00025
	iters: 100, epoch: 4 | loss: 0.1317571
	speed: 0.0142s/iter; left time: 5.0408s
	iters: 200, epoch: 4 | loss: 0.1320423
	speed: 0.0067s/iter; left time: 1.7027s
Epoch: 4 cost time: 1.5883047580718994
Epoch: 4, Steps: 227 | Train Loss: 0.1319615 Vali Loss: 0.1299645 Test Loss: 0.1347560
Validation loss decreased (0.130198 --> 0.129964).  Saving model ...
Updating learning rate to 0.000125
	iters: 100, epoch: 5 | loss: 0.1234759
	speed: 0.0142s/iter; left time: 1.8123s
	iters: 200, epoch: 5 | loss: 0.1286857
	speed: 0.0066s/iter; left time: 0.1846s
Epoch: 5 cost time: 1.572399616241455
Epoch: 5, Steps: 227 | Train Loss: 0.1314449 Vali Loss: 0.1298681 Test Loss: 0.1347338
Validation loss decreased (0.129964 --> 0.129868).  Saving model ...
Updating learning rate to 6.25e-05
>>>>>>>testing : long_term_forecast_PL_per_er220_sl96_s2022_iTransformer_custom_ftM_sl96_ll48_pl96_dm64_nh8_el2_dl1_df64_expand2_dc4_fc3_ebtimeF_dtTrue_Exp_0<<<<<<<<<<<<<<<<<<<<<<<<<<<<<<<<<
test 4905
test shape: (4905, 96, 4) (4905, 96, 4)
test shape: (4905, 96, 4) (4905, 96, 4)
mse:0.13495248556137085, mae:0.2700071930885315, dtw:Not calculated
