Using GPU
Args in experiment:
[1mBasic Config[0m
  Task Name:          long_term_forecast  Is Training:        1                   
  Model ID:           PL_per_er960_sl336_s2021Model:              iTransformer        

[1mData Loader[0m
  Data:               custom              Root Path:          ./dataset/power_law/
  Data Path:          per_er960.csv       Features:           M                   
  Target:             OT                  Freq:               h                   
  Checkpoints:        ./checkpoints/      

[1mForecasting Task[0m
  Seq Len:            336                 Label Len:          48                  
  Pred Len:           96                  Seasonal Patterns:  Monthly             
  Inverse:            0                   

[1mModel Parameters[0m
  Top k:              5                   Num Kernels:        6                   
  Enc In:             4                   Dec In:             4                   
  C Out:              4                   d model:            64                  
  n heads:            8                   e layers:           2                   
  d layers:           1                   d FF:               64                  
  Moving Avg:         25                  Factor:             3                   
  Distil:             1                   Dropout:            0.1                 
  Embed:              timeF               Activation:         gelu                

[1mRun Parameters[0m
  Num Workers:        2                   Itr:                1                   
  Train Epochs:       5                   Batch Size:         64                  
  Patience:           3                   Learning Rate:      0.001               
  Des:                Exp                 Loss:               MSE                 
  Lradj:              type1               Use Amp:            0                   

[1mGPU[0m
  Use GPU:            1                   GPU:                0                   
  Use Multi GPU:      0                   Devices:            0,1,2,3             

[1mDe-stationary Projector Params[0m
  P Hidden Dims:      128, 128            P Hidden Layers:    2                   

Use GPU: cuda:0
🚀 Lazy Loading: iTransformer ...
>>>>>>>start training : long_term_forecast_PL_per_er960_sl336_s2021_iTransformer_custom_ftM_sl336_ll48_pl96_dm64_nh8_el2_dl1_df64_expand2_dc4_fc3_ebtimeF_dtTrue_Exp_0>>>>>>>>>>>>>>>>>>>>>>>>>>
train window subsample: keep 14525/17069 windows (max_train_windows=14525)
train 14525
val 2405
test 4905
	iters: 100, epoch: 1 | loss: 0.1926997
	speed: 0.0270s/iter; left time: 27.9740s
	iters: 200, epoch: 1 | loss: 0.1928506
	speed: 0.0078s/iter; left time: 7.3362s
Epoch: 1 cost time: 2.246488332748413
Epoch: 1, Steps: 227 | Train Loss: 0.2115834 Vali Loss: 0.1812695 Test Loss: 0.1875803
Validation loss decreased (inf --> 0.181270).  Saving model ...
Updating learning rate to 0.001
	iters: 100, epoch: 2 | loss: 0.2039565
	speed: 0.0171s/iter; left time: 13.8136s
	iters: 200, epoch: 2 | loss: 0.1794708
	speed: 0.0077s/iter; left time: 5.4697s
Epoch: 2 cost time: 1.856950044631958
Epoch: 2, Steps: 227 | Train Loss: 0.1911546 Vali Loss: 0.1808339 Test Loss: 0.1865868
Validation loss decreased (0.181270 --> 0.180834).  Saving model ...
Updating learning rate to 0.0005
	iters: 100, epoch: 3 | loss: 0.1872393
	speed: 0.0166s/iter; left time: 9.6774s
	iters: 200, epoch: 3 | loss: 0.1882148
	speed: 0.0075s/iter; left time: 3.6216s
Epoch: 3 cost time: 1.7969396114349365
Epoch: 3, Steps: 227 | Train Loss: 0.1885719 Vali Loss: 0.1804685 Test Loss: 0.1858526
Validation loss decreased (0.180834 --> 0.180468).  Saving model ...
Updating learning rate to 0.00025
	iters: 100, epoch: 4 | loss: 0.1865713
	speed: 0.0166s/iter; left time: 5.8778s
	iters: 200, epoch: 4 | loss: 0.1902196
	speed: 0.0076s/iter; left time: 1.9282s
Epoch: 4 cost time: 1.8279821872711182
Epoch: 4, Steps: 227 | Train Loss: 0.1871145 Vali Loss: 0.1802370 Test Loss: 0.1853322
Validation loss decreased (0.180468 --> 0.180237).  Saving model ...
Updating learning rate to 0.000125
	iters: 100, epoch: 5 | loss: 0.1876979
	speed: 0.0172s/iter; left time: 2.2045s
	iters: 200, epoch: 5 | loss: 0.1928085
	speed: 0.0078s/iter; left time: 0.2178s
Epoch: 5 cost time: 1.8807017803192139
Epoch: 5, Steps: 227 | Train Loss: 0.1863617 Vali Loss: 0.1801130 Test Loss: 0.1849463
Validation loss decreased (0.180237 --> 0.180113).  Saving model ...
Updating learning rate to 6.25e-05
>>>>>>>testing : long_term_forecast_PL_per_er960_sl336_s2021_iTransformer_custom_ftM_sl336_ll48_pl96_dm64_nh8_el2_dl1_df64_expand2_dc4_fc3_ebtimeF_dtTrue_Exp_0<<<<<<<<<<<<<<<<<<<<<<<<<<<<<<<<<
test 4905
test shape: (4905, 96, 4) (4905, 96, 4)
test shape: (4905, 96, 4) (4905, 96, 4)
mse:0.18495118618011475, mae:0.3385421335697174, dtw:Not calculated
