Using GPU
Args in experiment:
[1mBasic Config[0m
  Task Name:          long_term_forecast  Is Training:        1                   
  Model ID:           PL_per_er220_sl720_s2022Model:              iTransformer        

[1mData Loader[0m
  Data:               custom              Root Path:          ./dataset/power_law/
  Data Path:          per_er220.csv       Features:           M                   
  Target:             OT                  Freq:               h                   
  Checkpoints:        ./checkpoints/      

[1mForecasting Task[0m
  Seq Len:            720                 Label Len:          48                  
  Pred Len:           96                  Seasonal Patterns:  Monthly             
  Inverse:            0                   

[1mModel Parameters[0m
  Top k:              5                   Num Kernels:        6                   
  Enc In:             4                   Dec In:             4                   
  C Out:              4                   d model:            64                  
  n heads:            8                   e layers:           2                   
  d layers:           1                   d FF:               64                  
  Moving Avg:         25                  Factor:             3                   
  Distil:             1                   Dropout:            0.1                 
  Embed:              timeF               Activation:         gelu                

[1mRun Parameters[0m
  Num Workers:        2                   Itr:                1                   
  Train Epochs:       5                   Batch Size:         64                  
  Patience:           3                   Learning Rate:      0.001               
  Des:                Exp                 Loss:               MSE                 
  Lradj:              type1               Use Amp:            0                   

[1mGPU[0m
  Use GPU:            1                   GPU:                0                   
  Use Multi GPU:      0                   Devices:            0,1,2,3             

[1mDe-stationary Projector Params[0m
  P Hidden Dims:      128, 128            P Hidden Layers:    2                   

Use GPU: cuda:0
🚀 Lazy Loading: iTransformer ...
>>>>>>>start training : long_term_forecast_PL_per_er220_sl720_s2022_iTransformer_custom_ftM_sl720_ll48_pl96_dm64_nh8_el2_dl1_df64_expand2_dc4_fc3_ebtimeF_dtTrue_Exp_0>>>>>>>>>>>>>>>>>>>>>>>>>>
train window subsample: keep 14525/16685 windows (max_train_windows=14525)
train 14525
val 2405
test 4905
	iters: 100, epoch: 1 | loss: 0.1559292
	speed: 0.0281s/iter; left time: 29.1370s
	iters: 200, epoch: 1 | loss: 0.1249822
	speed: 0.0087s/iter; left time: 8.1832s
Epoch: 1 cost time: 2.5334084033966064
Epoch: 1, Steps: 227 | Train Loss: 0.1540883 Vali Loss: 0.1289465 Test Loss: 0.1369556
Validation loss decreased (inf --> 0.128946).  Saving model ...
Updating learning rate to 0.001
	iters: 100, epoch: 2 | loss: 0.1328283
	speed: 0.0193s/iter; left time: 15.6389s
	iters: 200, epoch: 2 | loss: 0.1329463
	speed: 0.0088s/iter; left time: 6.2733s
Epoch: 2 cost time: 2.077695369720459
Epoch: 2, Steps: 227 | Train Loss: 0.1294940 Vali Loss: 0.1305379 Test Loss: 0.1383902
EarlyStopping counter: 1 out of 3
Updating learning rate to 0.0005
	iters: 100, epoch: 3 | loss: 0.1178161
	speed: 0.0192s/iter; left time: 11.1756s
	iters: 200, epoch: 3 | loss: 0.1195144
	speed: 0.0091s/iter; left time: 4.3932s
Epoch: 3 cost time: 2.1241531372070312
Epoch: 3, Steps: 227 | Train Loss: 0.1230119 Vali Loss: 0.1322442 Test Loss: 0.1400748
EarlyStopping counter: 2 out of 3
Updating learning rate to 0.00025
	iters: 100, epoch: 4 | loss: 0.1297724
	speed: 0.0185s/iter; left time: 6.5788s
	iters: 200, epoch: 4 | loss: 0.1234244
	speed: 0.0083s/iter; left time: 2.1209s
Epoch: 4 cost time: 2.058244466781616
Epoch: 4, Steps: 227 | Train Loss: 0.1192956 Vali Loss: 0.1327178 Test Loss: 0.1398071
EarlyStopping counter: 3 out of 3
Early stopping
>>>>>>>testing : long_term_forecast_PL_per_er220_sl720_s2022_iTransformer_custom_ftM_sl720_ll48_pl96_dm64_nh8_el2_dl1_df64_expand2_dc4_fc3_ebtimeF_dtTrue_Exp_0<<<<<<<<<<<<<<<<<<<<<<<<<<<<<<<<<
test 4905
test shape: (4905, 96, 4) (4905, 96, 4)
test shape: (4905, 96, 4) (4905, 96, 4)
mse:0.1371583640575409, mae:0.27109867334365845, dtw:Not calculated
