Using GPU
Args in experiment:
[1mBasic Config[0m
  Task Name:          long_term_forecast  Is Training:        1                   
  Model ID:           PL_per_er960_sl1440_s2021Model:              iTransformer        

[1mData Loader[0m
  Data:               custom              Root Path:          ./dataset/power_law/
  Data Path:          per_er960.csv       Features:           M                   
  Target:             OT                  Freq:               h                   
  Checkpoints:        ./checkpoints/      

[1mForecasting Task[0m
  Seq Len:            1440                Label Len:          48                  
  Pred Len:           96                  Seasonal Patterns:  Monthly             
  Inverse:            0                   

[1mModel Parameters[0m
  Top k:              5                   Num Kernels:        6                   
  Enc In:             4                   Dec In:             4                   
  C Out:              4                   d model:            64                  
  n heads:            8                   e layers:           2                   
  d layers:           1                   d FF:               64                  
  Moving Avg:         25                  Factor:             3                   
  Distil:             1                   Dropout:            0.1                 
  Embed:              timeF               Activation:         gelu                

[1mRun Parameters[0m
  Num Workers:        2                   Itr:                1                   
  Train Epochs:       5                   Batch Size:         64                  
  Patience:           3                   Learning Rate:      0.001               
  Des:                Exp                 Loss:               MSE                 
  Lradj:              type1               Use Amp:            0                   

[1mGPU[0m
  Use GPU:            1                   GPU:                0                   
  Use Multi GPU:      0                   Devices:            0,1,2,3             

[1mDe-stationary Projector Params[0m
  P Hidden Dims:      128, 128            P Hidden Layers:    2                   

Use GPU: cuda:0
🚀 Lazy Loading: iTransformer ...
>>>>>>>start training : long_term_forecast_PL_per_er960_sl1440_s2021_iTransformer_custom_ftM_sl1440_ll48_pl96_dm64_nh8_el2_dl1_df64_expand2_dc4_fc3_ebtimeF_dtTrue_Exp_0>>>>>>>>>>>>>>>>>>>>>>>>>>
train window subsample: keep 14525/15965 windows (max_train_windows=14525)
train 14525
val 2405
test 4905
	iters: 100, epoch: 1 | loss: 0.2106419
	speed: 0.0310s/iter; left time: 32.1165s
	iters: 200, epoch: 1 | loss: 0.2104716
	speed: 0.0105s/iter; left time: 9.8683s
Epoch: 1 cost time: 2.902757167816162
Epoch: 1, Steps: 227 | Train Loss: 0.2213597 Vali Loss: 0.1841536 Test Loss: 0.1913577
Validation loss decreased (inf --> 0.184154).  Saving model ...
Updating learning rate to 0.001
	iters: 100, epoch: 2 | loss: 0.1967431
	speed: 0.0228s/iter; left time: 18.4523s
	iters: 200, epoch: 2 | loss: 0.1964174
	speed: 0.0103s/iter; left time: 7.2988s
Epoch: 2 cost time: 2.358266830444336
Epoch: 2, Steps: 227 | Train Loss: 0.1928318 Vali Loss: 0.1834006 Test Loss: 0.1903319
Validation loss decreased (0.184154 --> 0.183401).  Saving model ...
Updating learning rate to 0.0005
	iters: 100, epoch: 3 | loss: 0.1880993
	speed: 0.0217s/iter; left time: 12.6516s
	iters: 200, epoch: 3 | loss: 0.1883721
	speed: 0.0094s/iter; left time: 4.5131s
Epoch: 3 cost time: 2.2370450496673584
Epoch: 3, Steps: 227 | Train Loss: 0.1874269 Vali Loss: 0.1843924 Test Loss: 0.1911081
EarlyStopping counter: 1 out of 3
Updating learning rate to 0.00025
	iters: 100, epoch: 4 | loss: 0.1830796
	speed: 0.0209s/iter; left time: 7.4113s
	iters: 200, epoch: 4 | loss: 0.1868215
	speed: 0.0093s/iter; left time: 2.3705s
Epoch: 4 cost time: 2.1497108936309814
Epoch: 4, Steps: 227 | Train Loss: 0.1848526 Vali Loss: 0.1848647 Test Loss: 0.1912462
EarlyStopping counter: 2 out of 3
Updating learning rate to 0.000125
	iters: 100, epoch: 5 | loss: 0.1946033
	speed: 0.0206s/iter; left time: 2.6369s
	iters: 200, epoch: 5 | loss: 0.1775733
	speed: 0.0096s/iter; left time: 0.2692s
Epoch: 5 cost time: 2.1977269649505615
Epoch: 5, Steps: 227 | Train Loss: 0.1832569 Vali Loss: 0.1850315 Test Loss: 0.1917098
EarlyStopping counter: 3 out of 3
Early stopping
>>>>>>>testing : long_term_forecast_PL_per_er960_sl1440_s2021_iTransformer_custom_ftM_sl1440_ll48_pl96_dm64_nh8_el2_dl1_df64_expand2_dc4_fc3_ebtimeF_dtTrue_Exp_0<<<<<<<<<<<<<<<<<<<<<<<<<<<<<<<<<
test 4905
test shape: (4905, 96, 4) (4905, 96, 4)
test shape: (4905, 96, 4) (4905, 96, 4)
mse:0.1903582513332367, mae:0.3432029187679291, dtw:Not calculated
