Using GPU
Args in experiment:
[1mBasic Config[0m
  Task Name:          long_term_forecast  Is Training:        1                   
  Model ID:           PL_per_er960_sl1440_s2022Model:              iTransformer        

[1mData Loader[0m
  Data:               custom              Root Path:          ./dataset/power_law/
  Data Path:          per_er960.csv       Features:           M                   
  Target:             OT                  Freq:               h                   
  Checkpoints:        ./checkpoints/      

[1mForecasting Task[0m
  Seq Len:            1440                Label Len:          48                  
  Pred Len:           96                  Seasonal Patterns:  Monthly             
  Inverse:            0                   

[1mModel Parameters[0m
  Top k:              5                   Num Kernels:        6                   
  Enc In:             4                   Dec In:             4                   
  C Out:              4                   d model:            64                  
  n heads:            8                   e layers:           2                   
  d layers:           1                   d FF:               64                  
  Moving Avg:         25                  Factor:             3                   
  Distil:             1                   Dropout:            0.1                 
  Embed:              timeF               Activation:         gelu                

[1mRun Parameters[0m
  Num Workers:        2                   Itr:                1                   
  Train Epochs:       5                   Batch Size:         64                  
  Patience:           3                   Learning Rate:      0.001               
  Des:                Exp                 Loss:               MSE                 
  Lradj:              type1               Use Amp:            0                   

[1mGPU[0m
  Use GPU:            1                   GPU:                0                   
  Use Multi GPU:      0                   Devices:            0,1,2,3             

[1mDe-stationary Projector Params[0m
  P Hidden Dims:      128, 128            P Hidden Layers:    2                   

Use GPU: cuda:0
🚀 Lazy Loading: iTransformer ...
>>>>>>>start training : long_term_forecast_PL_per_er960_sl1440_s2022_iTransformer_custom_ftM_sl1440_ll48_pl96_dm64_nh8_el2_dl1_df64_expand2_dc4_fc3_ebtimeF_dtTrue_Exp_0>>>>>>>>>>>>>>>>>>>>>>>>>>
train window subsample: keep 14525/15965 windows (max_train_windows=14525)
train 14525
val 2405
test 4905
	iters: 100, epoch: 1 | loss: 0.1996668
	speed: 0.0258s/iter; left time: 26.7702s
	iters: 200, epoch: 1 | loss: 0.1999545
	speed: 0.0099s/iter; left time: 9.2787s
Epoch: 1 cost time: 2.610198497772217
Epoch: 1, Steps: 227 | Train Loss: 0.2219287 Vali Loss: 0.1853429 Test Loss: 0.1918217
Validation loss decreased (inf --> 0.185343).  Saving model ...
Updating learning rate to 0.001
	iters: 100, epoch: 2 | loss: 0.1982331
	speed: 0.0230s/iter; left time: 18.6073s
	iters: 200, epoch: 2 | loss: 0.1880427
	speed: 0.0106s/iter; left time: 7.4934s
Epoch: 2 cost time: 2.4583740234375
Epoch: 2, Steps: 227 | Train Loss: 0.1930517 Vali Loss: 0.1852516 Test Loss: 0.1916928
Validation loss decreased (0.185343 --> 0.185252).  Saving model ...
Updating learning rate to 0.0005
	iters: 100, epoch: 3 | loss: 0.1900063
	speed: 0.0232s/iter; left time: 13.4760s
	iters: 200, epoch: 3 | loss: 0.1881855
	speed: 0.0104s/iter; left time: 5.0181s
Epoch: 3 cost time: 2.4841346740722656
Epoch: 3, Steps: 227 | Train Loss: 0.1878533 Vali Loss: 0.1854136 Test Loss: 0.1908482
EarlyStopping counter: 1 out of 3
Updating learning rate to 0.00025
	iters: 100, epoch: 4 | loss: 0.1865999
	speed: 0.0239s/iter; left time: 8.4708s
	iters: 200, epoch: 4 | loss: 0.1834383
	speed: 0.0105s/iter; left time: 2.6676s
Epoch: 4 cost time: 2.508732795715332
Epoch: 4, Steps: 227 | Train Loss: 0.1849086 Vali Loss: 0.1852525 Test Loss: 0.1916614
EarlyStopping counter: 2 out of 3
Updating learning rate to 0.000125
	iters: 100, epoch: 5 | loss: 0.1838543
	speed: 0.0234s/iter; left time: 2.9936s
	iters: 200, epoch: 5 | loss: 0.1890869
	speed: 0.0109s/iter; left time: 0.3041s
Epoch: 5 cost time: 2.505450963973999
Epoch: 5, Steps: 227 | Train Loss: 0.1835701 Vali Loss: 0.1857105 Test Loss: 0.1920882
EarlyStopping counter: 3 out of 3
Early stopping
>>>>>>>testing : long_term_forecast_PL_per_er960_sl1440_s2022_iTransformer_custom_ftM_sl1440_ll48_pl96_dm64_nh8_el2_dl1_df64_expand2_dc4_fc3_ebtimeF_dtTrue_Exp_0<<<<<<<<<<<<<<<<<<<<<<<<<<<<<<<<<
test 4905
test shape: (4905, 96, 4) (4905, 96, 4)
test shape: (4905, 96, 4) (4905, 96, 4)
mse:0.19170896708965302, mae:0.3445078432559967, dtw:Not calculated
