Using GPU
Args in experiment:
[1mBasic Config[0m
  Task Name:          long_term_forecast  Is Training:        1                   
  Model ID:           PL_per_er220_sl720_s2021Model:              iTransformer        

[1mData Loader[0m
  Data:               custom              Root Path:          ./dataset/power_law/
  Data Path:          per_er220.csv       Features:           M                   
  Target:             OT                  Freq:               h                   
  Checkpoints:        ./checkpoints/      

[1mForecasting Task[0m
  Seq Len:            720                 Label Len:          48                  
  Pred Len:           96                  Seasonal Patterns:  Monthly             
  Inverse:            0                   

[1mModel Parameters[0m
  Top k:              5                   Num Kernels:        6                   
  Enc In:             4                   Dec In:             4                   
  C Out:              4                   d model:            64                  
  n heads:            8                   e layers:           2                   
  d layers:           1                   d FF:               64                  
  Moving Avg:         25                  Factor:             3                   
  Distil:             1                   Dropout:            0.1                 
  Embed:              timeF               Activation:         gelu                

[1mRun Parameters[0m
  Num Workers:        2                   Itr:                1                   
  Train Epochs:       5                   Batch Size:         64                  
  Patience:           3                   Learning Rate:      0.001               
  Des:                Exp                 Loss:               MSE                 
  Lradj:              type1               Use Amp:            0                   

[1mGPU[0m
  Use GPU:            1                   GPU:                0                   
  Use Multi GPU:      0                   Devices:            0,1,2,3             

[1mDe-stationary Projector Params[0m
  P Hidden Dims:      128, 128            P Hidden Layers:    2                   

Use GPU: cuda:0
🚀 Lazy Loading: iTransformer ...
>>>>>>>start training : long_term_forecast_PL_per_er220_sl720_s2021_iTransformer_custom_ftM_sl720_ll48_pl96_dm64_nh8_el2_dl1_df64_expand2_dc4_fc3_ebtimeF_dtTrue_Exp_0>>>>>>>>>>>>>>>>>>>>>>>>>>
train window subsample: keep 14525/16685 windows (max_train_windows=14525)
train 14525
val 2405
test 4905
	iters: 100, epoch: 1 | loss: 0.1273208
	speed: 0.0272s/iter; left time: 28.1426s
	iters: 200, epoch: 1 | loss: 0.1414888
	speed: 0.0082s/iter; left time: 7.6882s
Epoch: 1 cost time: 2.3395001888275146
Epoch: 1, Steps: 227 | Train Loss: 0.1527878 Vali Loss: 0.1287174 Test Loss: 0.1398391
Validation loss decreased (inf --> 0.128717).  Saving model ...
Updating learning rate to 0.001
	iters: 100, epoch: 2 | loss: 0.1298262
	speed: 0.0187s/iter; left time: 15.1063s
	iters: 200, epoch: 2 | loss: 0.1308162
	speed: 0.0086s/iter; left time: 6.0891s
Epoch: 2 cost time: 2.0164248943328857
Epoch: 2, Steps: 227 | Train Loss: 0.1299252 Vali Loss: 0.1301021 Test Loss: 0.1376231
EarlyStopping counter: 1 out of 3
Updating learning rate to 0.0005
	iters: 100, epoch: 3 | loss: 0.1207753
	speed: 0.0200s/iter; left time: 11.6219s
	iters: 200, epoch: 3 | loss: 0.1226512
	speed: 0.0087s/iter; left time: 4.1813s
Epoch: 3 cost time: 2.146231174468994
Epoch: 3, Steps: 227 | Train Loss: 0.1236166 Vali Loss: 0.1314711 Test Loss: 0.1409898
EarlyStopping counter: 2 out of 3
Updating learning rate to 0.00025
	iters: 100, epoch: 4 | loss: 0.1136983
	speed: 0.0184s/iter; left time: 6.5404s
	iters: 200, epoch: 4 | loss: 0.1233621
	speed: 0.0086s/iter; left time: 2.1807s
Epoch: 4 cost time: 2.036261796951294
Epoch: 4, Steps: 227 | Train Loss: 0.1199022 Vali Loss: 0.1306374 Test Loss: 0.1415357
EarlyStopping counter: 3 out of 3
Early stopping
>>>>>>>testing : long_term_forecast_PL_per_er220_sl720_s2021_iTransformer_custom_ftM_sl720_ll48_pl96_dm64_nh8_el2_dl1_df64_expand2_dc4_fc3_ebtimeF_dtTrue_Exp_0<<<<<<<<<<<<<<<<<<<<<<<<<<<<<<<<<
test 4905
test shape: (4905, 96, 4) (4905, 96, 4)
test shape: (4905, 96, 4) (4905, 96, 4)
mse:0.14003944396972656, mae:0.2735140919685364, dtw:Not calculated
