Using GPU
Args in experiment:
[1mBasic Config[0m
  Task Name:          long_term_forecast  Is Training:        1                   
  Model ID:           PL_per_er960_sl2880_s2021Model:              iTransformer        

[1mData Loader[0m
  Data:               custom              Root Path:          ./dataset/power_law/
  Data Path:          per_er960.csv       Features:           M                   
  Target:             OT                  Freq:               h                   
  Checkpoints:        ./checkpoints/      

[1mForecasting Task[0m
  Seq Len:            2880                Label Len:          48                  
  Pred Len:           96                  Seasonal Patterns:  Monthly             
  Inverse:            0                   

[1mModel Parameters[0m
  Top k:              5                   Num Kernels:        6                   
  Enc In:             4                   Dec In:             4                   
  C Out:              4                   d model:            64                  
  n heads:            8                   e layers:           2                   
  d layers:           1                   d FF:               64                  
  Moving Avg:         25                  Factor:             3                   
  Distil:             1                   Dropout:            0.1                 
  Embed:              timeF               Activation:         gelu                

[1mRun Parameters[0m
  Num Workers:        2                   Itr:                1                   
  Train Epochs:       5                   Batch Size:         64                  
  Patience:           3                   Learning Rate:      0.001               
  Des:                Exp                 Loss:               MSE                 
  Lradj:              type1               Use Amp:            0                   

[1mGPU[0m
  Use GPU:            1                   GPU:                0                   
  Use Multi GPU:      0                   Devices:            0,1,2,3             

[1mDe-stationary Projector Params[0m
  P Hidden Dims:      128, 128            P Hidden Layers:    2                   

Use GPU: cuda:0
🚀 Lazy Loading: iTransformer ...
>>>>>>>start training : long_term_forecast_PL_per_er960_sl2880_s2021_iTransformer_custom_ftM_sl2880_ll48_pl96_dm64_nh8_el2_dl1_df64_expand2_dc4_fc3_ebtimeF_dtTrue_Exp_0>>>>>>>>>>>>>>>>>>>>>>>>>>
train 14525
val 2405
test 4905
	iters: 100, epoch: 1 | loss: 0.2072165
	speed: 0.0322s/iter; left time: 33.3608s
	iters: 200, epoch: 1 | loss: 0.1995558
	speed: 0.0125s/iter; left time: 11.6555s
Epoch: 1 cost time: 3.188458204269409
Epoch: 1, Steps: 227 | Train Loss: 0.2392639 Vali Loss: 0.1864820 Test Loss: 0.1955839
Validation loss decreased (inf --> 0.186482).  Saving model ...
Updating learning rate to 0.001
	iters: 100, epoch: 2 | loss: 0.1912540
	speed: 0.0303s/iter; left time: 24.5512s
	iters: 200, epoch: 2 | loss: 0.1966801
	speed: 0.0129s/iter; left time: 9.1428s
Epoch: 2 cost time: 3.158888339996338
Epoch: 2, Steps: 227 | Train Loss: 0.1927170 Vali Loss: 0.1874508 Test Loss: 0.1979726
EarlyStopping counter: 1 out of 3
Updating learning rate to 0.0005
	iters: 100, epoch: 3 | loss: 0.1830287
	speed: 0.0307s/iter; left time: 17.8853s
	iters: 200, epoch: 3 | loss: 0.1792996
	speed: 0.0129s/iter; left time: 6.1983s
Epoch: 3 cost time: 3.163330316543579
Epoch: 3, Steps: 227 | Train Loss: 0.1853193 Vali Loss: 0.1863986 Test Loss: 0.1966342
Validation loss decreased (0.186482 --> 0.186399).  Saving model ...
Updating learning rate to 0.00025
	iters: 100, epoch: 4 | loss: 0.1793329
	speed: 0.0311s/iter; left time: 11.0560s
	iters: 200, epoch: 4 | loss: 0.1857113
	speed: 0.0139s/iter; left time: 3.5517s
Epoch: 4 cost time: 3.256680965423584
Epoch: 4, Steps: 227 | Train Loss: 0.1817775 Vali Loss: 0.1870528 Test Loss: 0.1968786
EarlyStopping counter: 1 out of 3
Updating learning rate to 0.000125
	iters: 100, epoch: 5 | loss: 0.1842405
	speed: 0.0307s/iter; left time: 3.9236s
	iters: 200, epoch: 5 | loss: 0.1815994
	speed: 0.0122s/iter; left time: 0.3410s
Epoch: 5 cost time: 2.969792127609253
Epoch: 5, Steps: 227 | Train Loss: 0.1797987 Vali Loss: 0.1860191 Test Loss: 0.1972765
Validation loss decreased (0.186399 --> 0.186019).  Saving model ...
Updating learning rate to 6.25e-05
>>>>>>>testing : long_term_forecast_PL_per_er960_sl2880_s2021_iTransformer_custom_ftM_sl2880_ll48_pl96_dm64_nh8_el2_dl1_df64_expand2_dc4_fc3_ebtimeF_dtTrue_Exp_0<<<<<<<<<<<<<<<<<<<<<<<<<<<<<<<<<
test 4905
test shape: (4905, 96, 4) (4905, 96, 4)
test shape: (4905, 96, 4) (4905, 96, 4)
mse:0.19717717170715332, mae:0.34960198402404785, dtw:Not calculated
