Using GPU
Args in experiment:
[1mBasic Config[0m
  Task Name:          long_term_forecast  Is Training:        1                   
  Model ID:           PL_drift_er6000_sl720_s2022Model:              iTransformer        

[1mData Loader[0m
  Data:               custom              Root Path:          ./dataset/power_law/
  Data Path:          drift_er6000.csv    Features:           M                   
  Target:             OT                  Freq:               h                   
  Checkpoints:        ./checkpoints/      

[1mForecasting Task[0m
  Seq Len:            720                 Label Len:          48                  
  Pred Len:           96                  Seasonal Patterns:  Monthly             
  Inverse:            0                   

[1mModel Parameters[0m
  Top k:              5                   Num Kernels:        6                   
  Enc In:             4                   Dec In:             4                   
  C Out:              4                   d model:            64                  
  n heads:            8                   e layers:           2                   
  d layers:           1                   d FF:               64                  
  Moving Avg:         25                  Factor:             3                   
  Distil:             1                   Dropout:            0.1                 
  Embed:              timeF               Activation:         gelu                

[1mRun Parameters[0m
  Num Workers:        2                   Itr:                1                   
  Train Epochs:       5                   Batch Size:         64                  
  Patience:           3                   Learning Rate:      0.001               
  Des:                Exp                 Loss:               MSE                 
  Lradj:              type1               Use Amp:            0                   

[1mGPU[0m
  Use GPU:            1                   GPU:                0                   
  Use Multi GPU:      0                   Devices:            0,1,2,3             

[1mDe-stationary Projector Params[0m
  P Hidden Dims:      128, 128            P Hidden Layers:    2                   

Use GPU: cuda:0
🚀 Lazy Loading: iTransformer ...
>>>>>>>start training : long_term_forecast_PL_drift_er6000_sl720_s2022_iTransformer_custom_ftM_sl720_ll48_pl96_dm64_nh8_el2_dl1_df64_expand2_dc4_fc3_ebtimeF_dtTrue_Exp_0>>>>>>>>>>>>>>>>>>>>>>>>>>
train window subsample: keep 14525/16685 windows (max_train_windows=14525)
train 14525
val 2405
test 4905
	iters: 100, epoch: 1 | loss: 1.0136578
	speed: 0.0279s/iter; left time: 28.9402s
	iters: 200, epoch: 1 | loss: 1.0229950
	speed: 0.0092s/iter; left time: 8.5973s
Epoch: 1 cost time: 2.591463565826416
Epoch: 1, Steps: 227 | Train Loss: 1.0282424 Vali Loss: 0.9950144 Test Loss: 0.9963787
Validation loss decreased (inf --> 0.995014).  Saving model ...
Updating learning rate to 0.001
	iters: 100, epoch: 2 | loss: 1.0077050
	speed: 0.0208s/iter; left time: 16.7988s
	iters: 200, epoch: 2 | loss: 1.0086083
	speed: 0.0099s/iter; left time: 6.9846s
Epoch: 2 cost time: 2.290684938430786
Epoch: 2, Steps: 227 | Train Loss: 1.0049019 Vali Loss: 0.9953224 Test Loss: 0.9964240
EarlyStopping counter: 1 out of 3
Updating learning rate to 0.0005
	iters: 100, epoch: 3 | loss: 0.9910183
	speed: 0.0200s/iter; left time: 11.6496s
	iters: 200, epoch: 3 | loss: 1.0125251
	speed: 0.0097s/iter; left time: 4.6828s
Epoch: 3 cost time: 2.248983144760132
Epoch: 3, Steps: 227 | Train Loss: 1.0017584 Vali Loss: 0.9946666 Test Loss: 0.9958538
Validation loss decreased (0.995014 --> 0.994667).  Saving model ...
Updating learning rate to 0.00025
	iters: 100, epoch: 4 | loss: 0.9945042
	speed: 0.0197s/iter; left time: 7.0044s
	iters: 200, epoch: 4 | loss: 0.9860567
	speed: 0.0098s/iter; left time: 2.4888s
Epoch: 4 cost time: 2.254837989807129
Epoch: 4, Steps: 227 | Train Loss: 1.0000266 Vali Loss: 0.9951075 Test Loss: 0.9962671
EarlyStopping counter: 1 out of 3
Updating learning rate to 0.000125
	iters: 100, epoch: 5 | loss: 1.0002680
	speed: 0.0208s/iter; left time: 2.6642s
	iters: 200, epoch: 5 | loss: 1.0130692
	speed: 0.0090s/iter; left time: 0.2533s
Epoch: 5 cost time: 2.1786105632781982
Epoch: 5, Steps: 227 | Train Loss: 0.9989919 Vali Loss: 0.9953579 Test Loss: 0.9963713
EarlyStopping counter: 2 out of 3
Updating learning rate to 6.25e-05
>>>>>>>testing : long_term_forecast_PL_drift_er6000_sl720_s2022_iTransformer_custom_ftM_sl720_ll48_pl96_dm64_nh8_el2_dl1_df64_expand2_dc4_fc3_ebtimeF_dtTrue_Exp_0<<<<<<<<<<<<<<<<<<<<<<<<<<<<<<<<<
test 4905
test shape: (4905, 96, 4) (4905, 96, 4)
test shape: (4905, 96, 4) (4905, 96, 4)
mse:0.9960253238677979, mae:0.7946796417236328, dtw:Not calculated
