Using GPU
Args in experiment:
[1mBasic Config[0m
  Task Name:          long_term_forecast  Is Training:        1                   
  Model ID:           PL_drift_er400_sl2880_s2021Model:              iTransformer        

[1mData Loader[0m
  Data:               custom              Root Path:          ./dataset/power_law/
  Data Path:          drift_er400.csv     Features:           M                   
  Target:             OT                  Freq:               h                   
  Checkpoints:        ./checkpoints/      

[1mForecasting Task[0m
  Seq Len:            2880                Label Len:          48                  
  Pred Len:           96                  Seasonal Patterns:  Monthly             
  Inverse:            0                   

[1mModel Parameters[0m
  Top k:              5                   Num Kernels:        6                   
  Enc In:             4                   Dec In:             4                   
  C Out:              4                   d model:            64                  
  n heads:            8                   e layers:           2                   
  d layers:           1                   d FF:               64                  
  Moving Avg:         25                  Factor:             3                   
  Distil:             1                   Dropout:            0.1                 
  Embed:              timeF               Activation:         gelu                

[1mRun Parameters[0m
  Num Workers:        2                   Itr:                1                   
  Train Epochs:       5                   Batch Size:         64                  
  Patience:           3                   Learning Rate:      0.001               
  Des:                Exp                 Loss:               MSE                 
  Lradj:              type1               Use Amp:            0                   

[1mGPU[0m
  Use GPU:            1                   GPU:                0                   
  Use Multi GPU:      0                   Devices:            0,1,2,3             

[1mDe-stationary Projector Params[0m
  P Hidden Dims:      128, 128            P Hidden Layers:    2                   

Use GPU: cuda:0
🚀 Lazy Loading: iTransformer ...
>>>>>>>start training : long_term_forecast_PL_drift_er400_sl2880_s2021_iTransformer_custom_ftM_sl2880_ll48_pl96_dm64_nh8_el2_dl1_df64_expand2_dc4_fc3_ebtimeF_dtTrue_Exp_0>>>>>>>>>>>>>>>>>>>>>>>>>>
train 14525
val 2405
test 4905
	iters: 100, epoch: 1 | loss: 0.8979229
	speed: 0.0340s/iter; left time: 35.1994s
	iters: 200, epoch: 1 | loss: 0.8956531
	speed: 0.0147s/iter; left time: 13.7945s
Epoch: 1 cost time: 3.7388672828674316
Epoch: 1, Steps: 227 | Train Loss: 0.9159239 Vali Loss: 0.8944911 Test Loss: 0.8913344
Validation loss decreased (inf --> 0.894491).  Saving model ...
Updating learning rate to 0.001
	iters: 100, epoch: 2 | loss: 0.8892087
	speed: 0.0338s/iter; left time: 27.3590s
	iters: 200, epoch: 2 | loss: 0.8873450
	speed: 0.0139s/iter; left time: 9.8718s
Epoch: 2 cost time: 3.296351909637451
Epoch: 2, Steps: 227 | Train Loss: 0.8883232 Vali Loss: 0.8994008 Test Loss: 0.8960144
EarlyStopping counter: 1 out of 3
Updating learning rate to 0.0005
	iters: 100, epoch: 3 | loss: 0.8775004
	speed: 0.0325s/iter; left time: 18.9403s
	iters: 200, epoch: 3 | loss: 0.8684874
	speed: 0.0143s/iter; left time: 6.8763s
Epoch: 3 cost time: 3.2513017654418945
Epoch: 3, Steps: 227 | Train Loss: 0.8790974 Vali Loss: 0.9029958 Test Loss: 0.8967757
EarlyStopping counter: 2 out of 3
Updating learning rate to 0.00025
	iters: 100, epoch: 4 | loss: 0.8777378
	speed: 0.0335s/iter; left time: 11.8847s
	iters: 200, epoch: 4 | loss: 0.8599984
	speed: 0.0137s/iter; left time: 3.4899s
Epoch: 4 cost time: 3.2820005416870117
Epoch: 4, Steps: 227 | Train Loss: 0.8725379 Vali Loss: 0.9091084 Test Loss: 0.9029300
EarlyStopping counter: 3 out of 3
Early stopping
>>>>>>>testing : long_term_forecast_PL_drift_er400_sl2880_s2021_iTransformer_custom_ftM_sl2880_ll48_pl96_dm64_nh8_el2_dl1_df64_expand2_dc4_fc3_ebtimeF_dtTrue_Exp_0<<<<<<<<<<<<<<<<<<<<<<<<<<<<<<<<<
test 4905
test shape: (4905, 96, 4) (4905, 96, 4)
test shape: (4905, 96, 4) (4905, 96, 4)
mse:0.8913909792900085, mae:0.7522921562194824, dtw:Not calculated
