Using GPU
Args in experiment:
[1mBasic Config[0m
  Task Name:          long_term_forecast  Is Training:        1                   
  Model ID:           PL_drift_er400_sl1440_s2022Model:              iTransformer        

[1mData Loader[0m
  Data:               custom              Root Path:          ./dataset/power_law/
  Data Path:          drift_er400.csv     Features:           M                   
  Target:             OT                  Freq:               h                   
  Checkpoints:        ./checkpoints/      

[1mForecasting Task[0m
  Seq Len:            1440                Label Len:          48                  
  Pred Len:           96                  Seasonal Patterns:  Monthly             
  Inverse:            0                   

[1mModel Parameters[0m
  Top k:              5                   Num Kernels:        6                   
  Enc In:             4                   Dec In:             4                   
  C Out:              4                   d model:            64                  
  n heads:            8                   e layers:           2                   
  d layers:           1                   d FF:               64                  
  Moving Avg:         25                  Factor:             3                   
  Distil:             1                   Dropout:            0.1                 
  Embed:              timeF               Activation:         gelu                

[1mRun Parameters[0m
  Num Workers:        2                   Itr:                1                   
  Train Epochs:       5                   Batch Size:         64                  
  Patience:           3                   Learning Rate:      0.001               
  Des:                Exp                 Loss:               MSE                 
  Lradj:              type1               Use Amp:            0                   

[1mGPU[0m
  Use GPU:            1                   GPU:                0                   
  Use Multi GPU:      0                   Devices:            0,1,2,3             

[1mDe-stationary Projector Params[0m
  P Hidden Dims:      128, 128            P Hidden Layers:    2                   

Use GPU: cuda:0
🚀 Lazy Loading: iTransformer ...
>>>>>>>start training : long_term_forecast_PL_drift_er400_sl1440_s2022_iTransformer_custom_ftM_sl1440_ll48_pl96_dm64_nh8_el2_dl1_df64_expand2_dc4_fc3_ebtimeF_dtTrue_Exp_0>>>>>>>>>>>>>>>>>>>>>>>>>>
train window subsample: keep 14525/15965 windows (max_train_windows=14525)
train 14525
val 2405
test 4905
	iters: 100, epoch: 1 | loss: 0.8929819
	speed: 0.0264s/iter; left time: 27.3046s
	iters: 200, epoch: 1 | loss: 0.9093306
	speed: 0.0091s/iter; left time: 8.5349s
Epoch: 1 cost time: 2.509737253189087
Epoch: 1, Steps: 227 | Train Loss: 0.9140018 Vali Loss: 0.8850099 Test Loss: 0.8899507
Validation loss decreased (inf --> 0.885010).  Saving model ...
Updating learning rate to 0.001
	iters: 100, epoch: 2 | loss: 0.8901505
	speed: 0.0213s/iter; left time: 17.2389s
	iters: 200, epoch: 2 | loss: 0.8786168
	speed: 0.0097s/iter; left time: 6.9025s
Epoch: 2 cost time: 2.270949602127075
Epoch: 2, Steps: 227 | Train Loss: 0.8897638 Vali Loss: 0.8887720 Test Loss: 0.8906981
EarlyStopping counter: 1 out of 3
Updating learning rate to 0.0005
	iters: 100, epoch: 3 | loss: 0.8703257
	speed: 0.0224s/iter; left time: 13.0597s
	iters: 200, epoch: 3 | loss: 0.8816182
	speed: 0.0099s/iter; left time: 4.7955s
Epoch: 3 cost time: 2.374796152114868
Epoch: 3, Steps: 227 | Train Loss: 0.8843186 Vali Loss: 0.8886093 Test Loss: 0.8917237
EarlyStopping counter: 2 out of 3
Updating learning rate to 0.00025
	iters: 100, epoch: 4 | loss: 0.8837972
	speed: 0.0222s/iter; left time: 7.8914s
	iters: 200, epoch: 4 | loss: 0.8995101
	speed: 0.0115s/iter; left time: 2.9416s
Epoch: 4 cost time: 2.5586764812469482
Epoch: 4, Steps: 227 | Train Loss: 0.8810066 Vali Loss: 0.8890446 Test Loss: 0.8920978
EarlyStopping counter: 3 out of 3
Early stopping
>>>>>>>testing : long_term_forecast_PL_drift_er400_sl1440_s2022_iTransformer_custom_ftM_sl1440_ll48_pl96_dm64_nh8_el2_dl1_df64_expand2_dc4_fc3_ebtimeF_dtTrue_Exp_0<<<<<<<<<<<<<<<<<<<<<<<<<<<<<<<<<
test 4905
test shape: (4905, 96, 4) (4905, 96, 4)
test shape: (4905, 96, 4) (4905, 96, 4)
mse:0.8900310397148132, mae:0.7516787648200989, dtw:Not calculated
