Using GPU
Args in experiment:
[1mBasic Config[0m
  Task Name:          long_term_forecast  Is Training:        1                   
  Model ID:           PL_drift_er2500_sl192_s2022Model:              iTransformer        

[1mData Loader[0m
  Data:               custom              Root Path:          ./dataset/power_law/
  Data Path:          drift_er2500.csv    Features:           M                   
  Target:             OT                  Freq:               h                   
  Checkpoints:        ./checkpoints/      

[1mForecasting Task[0m
  Seq Len:            192                 Label Len:          48                  
  Pred Len:           96                  Seasonal Patterns:  Monthly             
  Inverse:            0                   

[1mModel Parameters[0m
  Top k:              5                   Num Kernels:        6                   
  Enc In:             4                   Dec In:             4                   
  C Out:              4                   d model:            64                  
  n heads:            8                   e layers:           2                   
  d layers:           1                   d FF:               64                  
  Moving Avg:         25                  Factor:             3                   
  Distil:             1                   Dropout:            0.1                 
  Embed:              timeF               Activation:         gelu                

[1mRun Parameters[0m
  Num Workers:        2                   Itr:                1                   
  Train Epochs:       5                   Batch Size:         64                  
  Patience:           3                   Learning Rate:      0.001               
  Des:                Exp                 Loss:               MSE                 
  Lradj:              type1               Use Amp:            0                   

[1mGPU[0m
  Use GPU:            1                   GPU:                0                   
  Use Multi GPU:      0                   Devices:            0,1,2,3             

[1mDe-stationary Projector Params[0m
  P Hidden Dims:      128, 128            P Hidden Layers:    2                   

Use GPU: cuda:0
🚀 Lazy Loading: iTransformer ...
>>>>>>>start training : long_term_forecast_PL_drift_er2500_sl192_s2022_iTransformer_custom_ftM_sl192_ll48_pl96_dm64_nh8_el2_dl1_df64_expand2_dc4_fc3_ebtimeF_dtTrue_Exp_0>>>>>>>>>>>>>>>>>>>>>>>>>>
train window subsample: keep 14525/17213 windows (max_train_windows=14525)
train 14525
val 2405
test 4905
	iters: 100, epoch: 1 | loss: 0.9867472
	speed: 0.0280s/iter; left time: 29.0299s
	iters: 200, epoch: 1 | loss: 0.9943003
	speed: 0.0079s/iter; left time: 7.4373s
Epoch: 1 cost time: 2.2815513610839844
Epoch: 1, Steps: 227 | Train Loss: 1.0190157 Vali Loss: 0.9900985 Test Loss: 0.9889290
Validation loss decreased (inf --> 0.990098).  Saving model ...
Updating learning rate to 0.001
	iters: 100, epoch: 2 | loss: 1.0007328
	speed: 0.0170s/iter; left time: 13.7745s
	iters: 200, epoch: 2 | loss: 1.0136197
	speed: 0.0077s/iter; left time: 5.4945s
Epoch: 2 cost time: 1.871732234954834
Epoch: 2, Steps: 227 | Train Loss: 0.9975523 Vali Loss: 0.9897133 Test Loss: 0.9882797
Validation loss decreased (0.990098 --> 0.989713).  Saving model ...
Updating learning rate to 0.0005
	iters: 100, epoch: 3 | loss: 0.9954473
	speed: 0.0169s/iter; left time: 9.8546s
	iters: 200, epoch: 3 | loss: 0.9928221
	speed: 0.0079s/iter; left time: 3.8135s
Epoch: 3 cost time: 1.9263808727264404
Epoch: 3, Steps: 227 | Train Loss: 0.9950815 Vali Loss: 0.9892568 Test Loss: 0.9878624
Validation loss decreased (0.989713 --> 0.989257).  Saving model ...
Updating learning rate to 0.00025
	iters: 100, epoch: 4 | loss: 0.9882855
	speed: 0.0173s/iter; left time: 6.1375s
	iters: 200, epoch: 4 | loss: 0.9884256
	speed: 0.0076s/iter; left time: 1.9403s
Epoch: 4 cost time: 1.8721997737884521
Epoch: 4, Steps: 227 | Train Loss: 0.9941566 Vali Loss: 0.9885806 Test Loss: 0.9874130
Validation loss decreased (0.989257 --> 0.988581).  Saving model ...
Updating learning rate to 0.000125
	iters: 100, epoch: 5 | loss: 0.9956715
	speed: 0.0163s/iter; left time: 2.0897s
	iters: 200, epoch: 5 | loss: 0.9959573
	speed: 0.0078s/iter; left time: 0.2184s
Epoch: 5 cost time: 1.8317265510559082
Epoch: 5, Steps: 227 | Train Loss: 0.9937500 Vali Loss: 0.9885666 Test Loss: 0.9871875
Validation loss decreased (0.988581 --> 0.988567).  Saving model ...
Updating learning rate to 6.25e-05
>>>>>>>testing : long_term_forecast_PL_drift_er2500_sl192_s2022_iTransformer_custom_ftM_sl192_ll48_pl96_dm64_nh8_el2_dl1_df64_expand2_dc4_fc3_ebtimeF_dtTrue_Exp_0<<<<<<<<<<<<<<<<<<<<<<<<<<<<<<<<<
test 4905
test shape: (4905, 96, 4) (4905, 96, 4)
test shape: (4905, 96, 4) (4905, 96, 4)
mse:0.9870831370353699, mae:0.7906140089035034, dtw:Not calculated
