Using GPU
Args in experiment:
[1mBasic Config[0m
  Task Name:          long_term_forecast  Is Training:        1                   
  Model ID:           PL_drift_er1000_sl336_s2022Model:              iTransformer        

[1mData Loader[0m
  Data:               custom              Root Path:          ./dataset/power_law/
  Data Path:          drift_er1000.csv    Features:           M                   
  Target:             OT                  Freq:               h                   
  Checkpoints:        ./checkpoints/      

[1mForecasting Task[0m
  Seq Len:            336                 Label Len:          48                  
  Pred Len:           96                  Seasonal Patterns:  Monthly             
  Inverse:            0                   

[1mModel Parameters[0m
  Top k:              5                   Num Kernels:        6                   
  Enc In:             4                   Dec In:             4                   
  C Out:              4                   d model:            64                  
  n heads:            8                   e layers:           2                   
  d layers:           1                   d FF:               64                  
  Moving Avg:         25                  Factor:             3                   
  Distil:             1                   Dropout:            0.1                 
  Embed:              timeF               Activation:         gelu                

[1mRun Parameters[0m
  Num Workers:        2                   Itr:                1                   
  Train Epochs:       5                   Batch Size:         64                  
  Patience:           3                   Learning Rate:      0.001               
  Des:                Exp                 Loss:               MSE                 
  Lradj:              type1               Use Amp:            0                   

[1mGPU[0m
  Use GPU:            1                   GPU:                0                   
  Use Multi GPU:      0                   Devices:            0,1,2,3             

[1mDe-stationary Projector Params[0m
  P Hidden Dims:      128, 128            P Hidden Layers:    2                   

Use GPU: cuda:0
🚀 Lazy Loading: iTransformer ...
>>>>>>>start training : long_term_forecast_PL_drift_er1000_sl336_s2022_iTransformer_custom_ftM_sl336_ll48_pl96_dm64_nh8_el2_dl1_df64_expand2_dc4_fc3_ebtimeF_dtTrue_Exp_0>>>>>>>>>>>>>>>>>>>>>>>>>>
train window subsample: keep 14525/17069 windows (max_train_windows=14525)
train 14525
val 2405
test 4905
	iters: 100, epoch: 1 | loss: 1.0096353
	speed: 0.0267s/iter; left time: 27.6230s
	iters: 200, epoch: 1 | loss: 0.9969847
	speed: 0.0076s/iter; left time: 7.1592s
Epoch: 1 cost time: 2.211454153060913
Epoch: 1, Steps: 227 | Train Loss: 1.0116652 Vali Loss: 0.9872117 Test Loss: 0.9818093
Validation loss decreased (inf --> 0.987212).  Saving model ...
Updating learning rate to 0.001
	iters: 100, epoch: 2 | loss: 0.9860723
	speed: 0.0167s/iter; left time: 13.5254s
	iters: 200, epoch: 2 | loss: 0.9978513
	speed: 0.0076s/iter; left time: 5.4035s
Epoch: 2 cost time: 1.816589593887329
Epoch: 2, Steps: 227 | Train Loss: 0.9903141 Vali Loss: 0.9871743 Test Loss: 0.9817102
Validation loss decreased (0.987212 --> 0.987174).  Saving model ...
Updating learning rate to 0.0005
	iters: 100, epoch: 3 | loss: 0.9865450
	speed: 0.0172s/iter; left time: 10.0293s
	iters: 200, epoch: 3 | loss: 0.9742241
	speed: 0.0078s/iter; left time: 3.7462s
Epoch: 3 cost time: 1.881737470626831
Epoch: 3, Steps: 227 | Train Loss: 0.9874025 Vali Loss: 0.9861907 Test Loss: 0.9807892
Validation loss decreased (0.987174 --> 0.986191).  Saving model ...
Updating learning rate to 0.00025
	iters: 100, epoch: 4 | loss: 0.9981109
	speed: 0.0179s/iter; left time: 6.3612s
	iters: 200, epoch: 4 | loss: 0.9866614
	speed: 0.0082s/iter; left time: 2.0843s
Epoch: 4 cost time: 1.9268288612365723
Epoch: 4, Steps: 227 | Train Loss: 0.9863554 Vali Loss: 0.9859621 Test Loss: 0.9804877
Validation loss decreased (0.986191 --> 0.985962).  Saving model ...
Updating learning rate to 0.000125
	iters: 100, epoch: 5 | loss: 0.9815869
	speed: 0.0182s/iter; left time: 2.3343s
	iters: 200, epoch: 5 | loss: 0.9746736
	speed: 0.0082s/iter; left time: 0.2297s
Epoch: 5 cost time: 2.040759325027466
Epoch: 5, Steps: 227 | Train Loss: 0.9858067 Vali Loss: 0.9856330 Test Loss: 0.9802998
Validation loss decreased (0.985962 --> 0.985633).  Saving model ...
Updating learning rate to 6.25e-05
>>>>>>>testing : long_term_forecast_PL_drift_er1000_sl336_s2022_iTransformer_custom_ftM_sl336_ll48_pl96_dm64_nh8_el2_dl1_df64_expand2_dc4_fc3_ebtimeF_dtTrue_Exp_0<<<<<<<<<<<<<<<<<<<<<<<<<<<<<<<<<
test 4905
test shape: (4905, 96, 4) (4905, 96, 4)
test shape: (4905, 96, 4) (4905, 96, 4)
mse:0.979943573474884, mae:0.7880969047546387, dtw:Not calculated
