Using GPU
Args in experiment:
[1mBasic Config[0m
  Task Name:          long_term_forecast  Is Training:        1                   
  Model ID:           PL_drift_er400_sl96_s2021Model:              iTransformer        

[1mData Loader[0m
  Data:               custom              Root Path:          ./dataset/power_law/
  Data Path:          drift_er400.csv     Features:           M                   
  Target:             OT                  Freq:               h                   
  Checkpoints:        ./checkpoints/      

[1mForecasting Task[0m
  Seq Len:            96                  Label Len:          48                  
  Pred Len:           96                  Seasonal Patterns:  Monthly             
  Inverse:            0                   

[1mModel Parameters[0m
  Top k:              5                   Num Kernels:        6                   
  Enc In:             4                   Dec In:             4                   
  C Out:              4                   d model:            64                  
  n heads:            8                   e layers:           2                   
  d layers:           1                   d FF:               64                  
  Moving Avg:         25                  Factor:             3                   
  Distil:             1                   Dropout:            0.1                 
  Embed:              timeF               Activation:         gelu                

[1mRun Parameters[0m
  Num Workers:        2                   Itr:                1                   
  Train Epochs:       5                   Batch Size:         64                  
  Patience:           3                   Learning Rate:      0.001               
  Des:                Exp                 Loss:               MSE                 
  Lradj:              type1               Use Amp:            0                   

[1mGPU[0m
  Use GPU:            1                   GPU:                0                   
  Use Multi GPU:      0                   Devices:            0,1,2,3             

[1mDe-stationary Projector Params[0m
  P Hidden Dims:      128, 128            P Hidden Layers:    2                   

Use GPU: cuda:0
🚀 Lazy Loading: iTransformer ...
>>>>>>>start training : long_term_forecast_PL_drift_er400_sl96_s2021_iTransformer_custom_ftM_sl96_ll48_pl96_dm64_nh8_el2_dl1_df64_expand2_dc4_fc3_ebtimeF_dtTrue_Exp_0>>>>>>>>>>>>>>>>>>>>>>>>>>
train window subsample: keep 14525/17309 windows (max_train_windows=14525)
train 14525
val 2405
test 4905
	iters: 100, epoch: 1 | loss: 0.9066156
	speed: 0.0263s/iter; left time: 27.2684s
	iters: 200, epoch: 1 | loss: 0.9143533
	speed: 0.0068s/iter; left time: 6.3438s
Epoch: 1 cost time: 2.0411689281463623
Epoch: 1, Steps: 227 | Train Loss: 0.9220708 Vali Loss: 0.8913024 Test Loss: 0.8994174
Validation loss decreased (inf --> 0.891302).  Saving model ...
Updating learning rate to 0.001
	iters: 100, epoch: 2 | loss: 0.9068807
	speed: 0.0153s/iter; left time: 12.3411s
	iters: 200, epoch: 2 | loss: 0.9030382
	speed: 0.0071s/iter; left time: 5.0353s
Epoch: 2 cost time: 1.6900265216827393
Epoch: 2, Steps: 227 | Train Loss: 0.9044140 Vali Loss: 0.8906395 Test Loss: 0.8988406
Validation loss decreased (0.891302 --> 0.890639).  Saving model ...
Updating learning rate to 0.0005
	iters: 100, epoch: 3 | loss: 0.9077115
	speed: 0.0148s/iter; left time: 8.6049s
	iters: 200, epoch: 3 | loss: 0.9037375
	speed: 0.0068s/iter; left time: 3.2700s
Epoch: 3 cost time: 1.619157314300537
Epoch: 3, Steps: 227 | Train Loss: 0.9020311 Vali Loss: 0.8901722 Test Loss: 0.8982710
Validation loss decreased (0.890639 --> 0.890172).  Saving model ...
Updating learning rate to 0.00025
	iters: 100, epoch: 4 | loss: 0.9090483
	speed: 0.0148s/iter; left time: 5.2535s
	iters: 200, epoch: 4 | loss: 0.9062290
	speed: 0.0066s/iter; left time: 1.6829s
Epoch: 4 cost time: 1.6165087223052979
Epoch: 4, Steps: 227 | Train Loss: 0.9009922 Vali Loss: 0.8894615 Test Loss: 0.8976596
Validation loss decreased (0.890172 --> 0.889461).  Saving model ...
Updating learning rate to 0.000125
	iters: 100, epoch: 5 | loss: 0.9046726
	speed: 0.0153s/iter; left time: 1.9559s
	iters: 200, epoch: 5 | loss: 0.8935658
	speed: 0.0071s/iter; left time: 0.1989s
Epoch: 5 cost time: 1.6994497776031494
Epoch: 5, Steps: 227 | Train Loss: 0.9005327 Vali Loss: 0.8892128 Test Loss: 0.8975068
Validation loss decreased (0.889461 --> 0.889213).  Saving model ...
Updating learning rate to 6.25e-05
>>>>>>>testing : long_term_forecast_PL_drift_er400_sl96_s2021_iTransformer_custom_ftM_sl96_ll48_pl96_dm64_nh8_el2_dl1_df64_expand2_dc4_fc3_ebtimeF_dtTrue_Exp_0<<<<<<<<<<<<<<<<<<<<<<<<<<<<<<<<<
test 4905
test shape: (4905, 96, 4) (4905, 96, 4)
test shape: (4905, 96, 4) (4905, 96, 4)
mse:0.8976924419403076, mae:0.7550311088562012, dtw:Not calculated
