Using GPU
Args in experiment:
[1mBasic Config[0m
  Task Name:          long_term_forecast  Is Training:        1                   
  Model ID:           PL_drift_er1000_sl1440_s2022Model:              iTransformer        

[1mData Loader[0m
  Data:               custom              Root Path:          ./dataset/power_law/
  Data Path:          drift_er1000.csv    Features:           M                   
  Target:             OT                  Freq:               h                   
  Checkpoints:        ./checkpoints/      

[1mForecasting Task[0m
  Seq Len:            1440                Label Len:          48                  
  Pred Len:           96                  Seasonal Patterns:  Monthly             
  Inverse:            0                   

[1mModel Parameters[0m
  Top k:              5                   Num Kernels:        6                   
  Enc In:             4                   Dec In:             4                   
  C Out:              4                   d model:            64                  
  n heads:            8                   e layers:           2                   
  d layers:           1                   d FF:               64                  
  Moving Avg:         25                  Factor:             3                   
  Distil:             1                   Dropout:            0.1                 
  Embed:              timeF               Activation:         gelu                

[1mRun Parameters[0m
  Num Workers:        2                   Itr:                1                   
  Train Epochs:       5                   Batch Size:         64                  
  Patience:           3                   Learning Rate:      0.001               
  Des:                Exp                 Loss:               MSE                 
  Lradj:              type1               Use Amp:            0                   

[1mGPU[0m
  Use GPU:            1                   GPU:                0                   
  Use Multi GPU:      0                   Devices:            0,1,2,3             

[1mDe-stationary Projector Params[0m
  P Hidden Dims:      128, 128            P Hidden Layers:    2                   

Use GPU: cuda:0
🚀 Lazy Loading: iTransformer ...
>>>>>>>start training : long_term_forecast_PL_drift_er1000_sl1440_s2022_iTransformer_custom_ftM_sl1440_ll48_pl96_dm64_nh8_el2_dl1_df64_expand2_dc4_fc3_ebtimeF_dtTrue_Exp_0>>>>>>>>>>>>>>>>>>>>>>>>>>
train window subsample: keep 14525/15965 windows (max_train_windows=14525)
train 14525
val 2405
test 4905
	iters: 100, epoch: 1 | loss: 0.9898728
	speed: 0.0280s/iter; left time: 29.0108s
	iters: 200, epoch: 1 | loss: 0.9948587
	speed: 0.0094s/iter; left time: 8.7666s
Epoch: 1 cost time: 2.5436484813690186
Epoch: 1, Steps: 227 | Train Loss: 1.0090096 Vali Loss: 0.9861581 Test Loss: 0.9831918
Validation loss decreased (inf --> 0.986158).  Saving model ...
Updating learning rate to 0.001
	iters: 100, epoch: 2 | loss: 0.9832834
	speed: 0.0212s/iter; left time: 17.1412s
	iters: 200, epoch: 2 | loss: 0.9881102
	speed: 0.0098s/iter; left time: 6.9568s
Epoch: 2 cost time: 2.2878987789154053
Epoch: 2, Steps: 227 | Train Loss: 0.9838271 Vali Loss: 0.9869709 Test Loss: 0.9813127
EarlyStopping counter: 1 out of 3
Updating learning rate to 0.0005
	iters: 100, epoch: 3 | loss: 0.9732739
	speed: 0.0216s/iter; left time: 12.5791s
	iters: 200, epoch: 3 | loss: 0.9628361
	speed: 0.0102s/iter; left time: 4.9386s
Epoch: 3 cost time: 2.325467824935913
Epoch: 3, Steps: 227 | Train Loss: 0.9782141 Vali Loss: 0.9878902 Test Loss: 0.9819339
EarlyStopping counter: 2 out of 3
Updating learning rate to 0.00025
	iters: 100, epoch: 4 | loss: 0.9857419
	speed: 0.0216s/iter; left time: 7.6552s
	iters: 200, epoch: 4 | loss: 0.9847147
	speed: 0.0097s/iter; left time: 2.4710s
Epoch: 4 cost time: 2.2616565227508545
Epoch: 4, Steps: 227 | Train Loss: 0.9747736 Vali Loss: 0.9901022 Test Loss: 0.9835489
EarlyStopping counter: 3 out of 3
Early stopping
>>>>>>>testing : long_term_forecast_PL_drift_er1000_sl1440_s2022_iTransformer_custom_ftM_sl1440_ll48_pl96_dm64_nh8_el2_dl1_df64_expand2_dc4_fc3_ebtimeF_dtTrue_Exp_0<<<<<<<<<<<<<<<<<<<<<<<<<<<<<<<<<
test 4905
test shape: (4905, 96, 4) (4905, 96, 4)
test shape: (4905, 96, 4) (4905, 96, 4)
mse:0.9828166961669922, mae:0.7895700335502625, dtw:Not calculated
