Using GPU
Args in experiment:
[1mBasic Config[0m
  Task Name:          long_term_forecast  Is Training:        1                   
  Model ID:           PL_drift_er1000_sl96_s2021Model:              iTransformer        

[1mData Loader[0m
  Data:               custom              Root Path:          ./dataset/power_law/
  Data Path:          drift_er1000.csv    Features:           M                   
  Target:             OT                  Freq:               h                   
  Checkpoints:        ./checkpoints/      

[1mForecasting Task[0m
  Seq Len:            96                  Label Len:          48                  
  Pred Len:           96                  Seasonal Patterns:  Monthly             
  Inverse:            0                   

[1mModel Parameters[0m
  Top k:              5                   Num Kernels:        6                   
  Enc In:             4                   Dec In:             4                   
  C Out:              4                   d model:            64                  
  n heads:            8                   e layers:           2                   
  d layers:           1                   d FF:               64                  
  Moving Avg:         25                  Factor:             3                   
  Distil:             1                   Dropout:            0.1                 
  Embed:              timeF               Activation:         gelu                

[1mRun Parameters[0m
  Num Workers:        2                   Itr:                1                   
  Train Epochs:       5                   Batch Size:         64                  
  Patience:           3                   Learning Rate:      0.001               
  Des:                Exp                 Loss:               MSE                 
  Lradj:              type1               Use Amp:            0                   

[1mGPU[0m
  Use GPU:            1                   GPU:                0                   
  Use Multi GPU:      0                   Devices:            0,1,2,3             

[1mDe-stationary Projector Params[0m
  P Hidden Dims:      128, 128            P Hidden Layers:    2                   

Use GPU: cuda:0
🚀 Lazy Loading: iTransformer ...
>>>>>>>start training : long_term_forecast_PL_drift_er1000_sl96_s2021_iTransformer_custom_ftM_sl96_ll48_pl96_dm64_nh8_el2_dl1_df64_expand2_dc4_fc3_ebtimeF_dtTrue_Exp_0>>>>>>>>>>>>>>>>>>>>>>>>>>
train window subsample: keep 14525/17309 windows (max_train_windows=14525)
train 14525
val 2405
test 4905
	iters: 100, epoch: 1 | loss: 1.0126828
	speed: 0.0234s/iter; left time: 24.2729s
	iters: 200, epoch: 1 | loss: 1.0022712
	speed: 0.0066s/iter; left time: 6.1864s
Epoch: 1 cost time: 1.9111876487731934
Epoch: 1, Steps: 227 | Train Loss: 1.0207966 Vali Loss: 0.9961258 Test Loss: 0.9921697
Validation loss decreased (inf --> 0.996126).  Saving model ...
Updating learning rate to 0.001
	iters: 100, epoch: 2 | loss: 1.0084069
	speed: 0.0154s/iter; left time: 12.4905s
	iters: 200, epoch: 2 | loss: 0.9922481
	speed: 0.0068s/iter; left time: 4.8184s
Epoch: 2 cost time: 1.6589157581329346
Epoch: 2, Steps: 227 | Train Loss: 1.0010836 Vali Loss: 0.9954626 Test Loss: 0.9914356
Validation loss decreased (0.996126 --> 0.995463).  Saving model ...
Updating learning rate to 0.0005
	iters: 100, epoch: 3 | loss: 0.9897037
	speed: 0.0148s/iter; left time: 8.6003s
	iters: 200, epoch: 3 | loss: 1.0014709
	speed: 0.0068s/iter; left time: 3.2945s
Epoch: 3 cost time: 1.6485645771026611
Epoch: 3, Steps: 227 | Train Loss: 0.9984929 Vali Loss: 0.9947629 Test Loss: 0.9905826
Validation loss decreased (0.995463 --> 0.994763).  Saving model ...
Updating learning rate to 0.00025
	iters: 100, epoch: 4 | loss: 1.0095209
	speed: 0.0154s/iter; left time: 5.4532s
	iters: 200, epoch: 4 | loss: 1.0023937
	speed: 0.0070s/iter; left time: 1.7976s
Epoch: 4 cost time: 1.654235601425171
Epoch: 4, Steps: 227 | Train Loss: 0.9974016 Vali Loss: 0.9944572 Test Loss: 0.9902578
Validation loss decreased (0.994763 --> 0.994457).  Saving model ...
Updating learning rate to 0.000125
	iters: 100, epoch: 5 | loss: 0.9868065
	speed: 0.0145s/iter; left time: 1.8508s
	iters: 200, epoch: 5 | loss: 0.9993776
	speed: 0.0065s/iter; left time: 0.1820s
Epoch: 5 cost time: 1.5648925304412842
Epoch: 5, Steps: 227 | Train Loss: 0.9969059 Vali Loss: 0.9945218 Test Loss: 0.9900318
EarlyStopping counter: 1 out of 3
Updating learning rate to 6.25e-05
>>>>>>>testing : long_term_forecast_PL_drift_er1000_sl96_s2021_iTransformer_custom_ftM_sl96_ll48_pl96_dm64_nh8_el2_dl1_df64_expand2_dc4_fc3_ebtimeF_dtTrue_Exp_0<<<<<<<<<<<<<<<<<<<<<<<<<<<<<<<<<
test 4905
test shape: (4905, 96, 4) (4905, 96, 4)
test shape: (4905, 96, 4) (4905, 96, 4)
mse:0.9898632168769836, mae:0.7921023964881897, dtw:Not calculated
