Using GPU
Args in experiment:
[1mBasic Config[0m
  Task Name:          long_term_forecast  Is Training:        1                   
  Model ID:           PL_drift_er2500_sl192_s2021Model:              iTransformer        

[1mData Loader[0m
  Data:               custom              Root Path:          ./dataset/power_law/
  Data Path:          drift_er2500.csv    Features:           M                   
  Target:             OT                  Freq:               h                   
  Checkpoints:        ./checkpoints/      

[1mForecasting Task[0m
  Seq Len:            192                 Label Len:          48                  
  Pred Len:           96                  Seasonal Patterns:  Monthly             
  Inverse:            0                   

[1mModel Parameters[0m
  Top k:              5                   Num Kernels:        6                   
  Enc In:             4                   Dec In:             4                   
  C Out:              4                   d model:            64                  
  n heads:            8                   e layers:           2                   
  d layers:           1                   d FF:               64                  
  Moving Avg:         25                  Factor:             3                   
  Distil:             1                   Dropout:            0.1                 
  Embed:              timeF               Activation:         gelu                

[1mRun Parameters[0m
  Num Workers:        2                   Itr:                1                   
  Train Epochs:       5                   Batch Size:         64                  
  Patience:           3                   Learning Rate:      0.001               
  Des:                Exp                 Loss:               MSE                 
  Lradj:              type1               Use Amp:            0                   

[1mGPU[0m
  Use GPU:            1                   GPU:                0                   
  Use Multi GPU:      0                   Devices:            0,1,2,3             

[1mDe-stationary Projector Params[0m
  P Hidden Dims:      128, 128            P Hidden Layers:    2                   

Use GPU: cuda:0
🚀 Lazy Loading: iTransformer ...
>>>>>>>start training : long_term_forecast_PL_drift_er2500_sl192_s2021_iTransformer_custom_ftM_sl192_ll48_pl96_dm64_nh8_el2_dl1_df64_expand2_dc4_fc3_ebtimeF_dtTrue_Exp_0>>>>>>>>>>>>>>>>>>>>>>>>>>
train window subsample: keep 14525/17213 windows (max_train_windows=14525)
train 14525
val 2405
test 4905
	iters: 100, epoch: 1 | loss: 1.0007457
	speed: 0.0270s/iter; left time: 27.9834s
	iters: 200, epoch: 1 | loss: 0.9892135
	speed: 0.0072s/iter; left time: 6.7491s
Epoch: 1 cost time: 2.0744354724884033
Epoch: 1, Steps: 227 | Train Loss: 1.0191972 Vali Loss: 0.9901850 Test Loss: 0.9888601
Validation loss decreased (inf --> 0.990185).  Saving model ...
Updating learning rate to 0.001
	iters: 100, epoch: 2 | loss: 0.9843415
	speed: 0.0156s/iter; left time: 12.6291s
	iters: 200, epoch: 2 | loss: 1.0053067
	speed: 0.0073s/iter; left time: 5.1480s
Epoch: 2 cost time: 1.7521023750305176
Epoch: 2, Steps: 227 | Train Loss: 0.9973004 Vali Loss: 0.9894611 Test Loss: 0.9882421
Validation loss decreased (0.990185 --> 0.989461).  Saving model ...
Updating learning rate to 0.0005
	iters: 100, epoch: 3 | loss: 0.9966197
	speed: 0.0165s/iter; left time: 9.6196s
	iters: 200, epoch: 3 | loss: 0.9863999
	speed: 0.0073s/iter; left time: 3.5140s
Epoch: 3 cost time: 1.7538394927978516
Epoch: 3, Steps: 227 | Train Loss: 0.9946349 Vali Loss: 0.9892212 Test Loss: 0.9875768
Validation loss decreased (0.989461 --> 0.989221).  Saving model ...
Updating learning rate to 0.00025
	iters: 100, epoch: 4 | loss: 1.0139639
	speed: 0.0156s/iter; left time: 5.5229s
	iters: 200, epoch: 4 | loss: 1.0073764
	speed: 0.0071s/iter; left time: 1.8095s
Epoch: 4 cost time: 1.6962804794311523
Epoch: 4, Steps: 227 | Train Loss: 0.9938153 Vali Loss: 0.9886895 Test Loss: 0.9873996
Validation loss decreased (0.989221 --> 0.988689).  Saving model ...
Updating learning rate to 0.000125
	iters: 100, epoch: 5 | loss: 0.9923848
	speed: 0.0159s/iter; left time: 2.0304s
	iters: 200, epoch: 5 | loss: 1.0233462
	speed: 0.0071s/iter; left time: 0.1996s
Epoch: 5 cost time: 1.7376008033752441
Epoch: 5, Steps: 227 | Train Loss: 0.9935218 Vali Loss: 0.9885218 Test Loss: 0.9872959
Validation loss decreased (0.988689 --> 0.988522).  Saving model ...
Updating learning rate to 6.25e-05
>>>>>>>testing : long_term_forecast_PL_drift_er2500_sl192_s2021_iTransformer_custom_ftM_sl192_ll48_pl96_dm64_nh8_el2_dl1_df64_expand2_dc4_fc3_ebtimeF_dtTrue_Exp_0<<<<<<<<<<<<<<<<<<<<<<<<<<<<<<<<<
test 4905
test shape: (4905, 96, 4) (4905, 96, 4)
test shape: (4905, 96, 4) (4905, 96, 4)
mse:0.9871933460235596, mae:0.7906504273414612, dtw:Not calculated
