Using GPU
Args in experiment:
[1mBasic Config[0m
  Task Name:          long_term_forecast  Is Training:        1                   
  Model ID:           PL_drift_er150_sl96_s2022Model:              iTransformer        

[1mData Loader[0m
  Data:               custom              Root Path:          ./dataset/power_law/
  Data Path:          drift_er150.csv     Features:           M                   
  Target:             OT                  Freq:               h                   
  Checkpoints:        ./checkpoints/      

[1mForecasting Task[0m
  Seq Len:            96                  Label Len:          48                  
  Pred Len:           96                  Seasonal Patterns:  Monthly             
  Inverse:            0                   

[1mModel Parameters[0m
  Top k:              5                   Num Kernels:        6                   
  Enc In:             4                   Dec In:             4                   
  C Out:              4                   d model:            64                  
  n heads:            8                   e layers:           2                   
  d layers:           1                   d FF:               64                  
  Moving Avg:         25                  Factor:             3                   
  Distil:             1                   Dropout:            0.1                 
  Embed:              timeF               Activation:         gelu                

[1mRun Parameters[0m
  Num Workers:        2                   Itr:                1                   
  Train Epochs:       5                   Batch Size:         64                  
  Patience:           3                   Learning Rate:      0.001               
  Des:                Exp                 Loss:               MSE                 
  Lradj:              type1               Use Amp:            0                   

[1mGPU[0m
  Use GPU:            1                   GPU:                0                   
  Use Multi GPU:      0                   Devices:            0,1,2,3             

[1mDe-stationary Projector Params[0m
  P Hidden Dims:      128, 128            P Hidden Layers:    2                   

Use GPU: cuda:0
🚀 Lazy Loading: iTransformer ...
>>>>>>>start training : long_term_forecast_PL_drift_er150_sl96_s2022_iTransformer_custom_ftM_sl96_ll48_pl96_dm64_nh8_el2_dl1_df64_expand2_dc4_fc3_ebtimeF_dtTrue_Exp_0>>>>>>>>>>>>>>>>>>>>>>>>>>
train window subsample: keep 14525/17309 windows (max_train_windows=14525)
train 14525
val 2405
test 4905
	iters: 100, epoch: 1 | loss: 0.7831068
	speed: 0.0272s/iter; left time: 28.1330s
	iters: 200, epoch: 1 | loss: 0.7824952
	speed: 0.0075s/iter; left time: 6.9877s
Epoch: 1 cost time: 2.186635971069336
Epoch: 1, Steps: 227 | Train Loss: 0.7941670 Vali Loss: 0.7652357 Test Loss: 0.7726497
Validation loss decreased (inf --> 0.765236).  Saving model ...
Updating learning rate to 0.001
	iters: 100, epoch: 2 | loss: 0.7836096
	speed: 0.0158s/iter; left time: 12.7643s
	iters: 200, epoch: 2 | loss: 0.7833114
	speed: 0.0074s/iter; left time: 5.2749s
Epoch: 2 cost time: 1.7613515853881836
Epoch: 2, Steps: 227 | Train Loss: 0.7791019 Vali Loss: 0.7642920 Test Loss: 0.7720637
Validation loss decreased (0.765236 --> 0.764292).  Saving model ...
Updating learning rate to 0.0005
	iters: 100, epoch: 3 | loss: 0.7858788
	speed: 0.0162s/iter; left time: 9.4507s
	iters: 200, epoch: 3 | loss: 0.7796714
	speed: 0.0077s/iter; left time: 3.7160s
Epoch: 3 cost time: 1.8369224071502686
Epoch: 3, Steps: 227 | Train Loss: 0.7771621 Vali Loss: 0.7634632 Test Loss: 0.7711674
Validation loss decreased (0.764292 --> 0.763463).  Saving model ...
Updating learning rate to 0.00025
	iters: 100, epoch: 4 | loss: 0.7671703
	speed: 0.0160s/iter; left time: 5.6663s
	iters: 200, epoch: 4 | loss: 0.7835020
	speed: 0.0076s/iter; left time: 1.9421s
Epoch: 4 cost time: 1.7975444793701172
Epoch: 4, Steps: 227 | Train Loss: 0.7764495 Vali Loss: 0.7628631 Test Loss: 0.7706991
Validation loss decreased (0.763463 --> 0.762863).  Saving model ...
Updating learning rate to 0.000125
	iters: 100, epoch: 5 | loss: 0.7666981
	speed: 0.0162s/iter; left time: 2.0675s
	iters: 200, epoch: 5 | loss: 0.7606559
	speed: 0.0080s/iter; left time: 0.2226s
Epoch: 5 cost time: 1.8389365673065186
Epoch: 5, Steps: 227 | Train Loss: 0.7760497 Vali Loss: 0.7627798 Test Loss: 0.7705902
Validation loss decreased (0.762863 --> 0.762780).  Saving model ...
Updating learning rate to 6.25e-05
>>>>>>>testing : long_term_forecast_PL_drift_er150_sl96_s2022_iTransformer_custom_ftM_sl96_ll48_pl96_dm64_nh8_el2_dl1_df64_expand2_dc4_fc3_ebtimeF_dtTrue_Exp_0<<<<<<<<<<<<<<<<<<<<<<<<<<<<<<<<<
test 4905
test shape: (4905, 96, 4) (4905, 96, 4)
test shape: (4905, 96, 4) (4905, 96, 4)
mse:0.7703053951263428, mae:0.6942088603973389, dtw:Not calculated
