Using GPU
Args in experiment:
[1mBasic Config[0m
  Task Name:          long_term_forecast  Is Training:        1                   
  Model ID:           PL_drift_er6000_sl192_s2022Model:              iTransformer        

[1mData Loader[0m
  Data:               custom              Root Path:          ./dataset/power_law/
  Data Path:          drift_er6000.csv    Features:           M                   
  Target:             OT                  Freq:               h                   
  Checkpoints:        ./checkpoints/      

[1mForecasting Task[0m
  Seq Len:            192                 Label Len:          48                  
  Pred Len:           96                  Seasonal Patterns:  Monthly             
  Inverse:            0                   

[1mModel Parameters[0m
  Top k:              5                   Num Kernels:        6                   
  Enc In:             4                   Dec In:             4                   
  C Out:              4                   d model:            64                  
  n heads:            8                   e layers:           2                   
  d layers:           1                   d FF:               64                  
  Moving Avg:         25                  Factor:             3                   
  Distil:             1                   Dropout:            0.1                 
  Embed:              timeF               Activation:         gelu                

[1mRun Parameters[0m
  Num Workers:        2                   Itr:                1                   
  Train Epochs:       5                   Batch Size:         64                  
  Patience:           3                   Learning Rate:      0.001               
  Des:                Exp                 Loss:               MSE                 
  Lradj:              type1               Use Amp:            0                   

[1mGPU[0m
  Use GPU:            1                   GPU:                0                   
  Use Multi GPU:      0                   Devices:            0,1,2,3             

[1mDe-stationary Projector Params[0m
  P Hidden Dims:      128, 128            P Hidden Layers:    2                   

Use GPU: cuda:0
🚀 Lazy Loading: iTransformer ...
>>>>>>>start training : long_term_forecast_PL_drift_er6000_sl192_s2022_iTransformer_custom_ftM_sl192_ll48_pl96_dm64_nh8_el2_dl1_df64_expand2_dc4_fc3_ebtimeF_dtTrue_Exp_0>>>>>>>>>>>>>>>>>>>>>>>>>>
train window subsample: keep 14525/17213 windows (max_train_windows=14525)
train 14525
val 2405
test 4905
	iters: 100, epoch: 1 | loss: 1.0047553
	speed: 0.0280s/iter; left time: 28.9760s
	iters: 200, epoch: 1 | loss: 1.0099494
	speed: 0.0077s/iter; left time: 7.1945s
Epoch: 1 cost time: 2.1644856929779053
Epoch: 1, Steps: 227 | Train Loss: 1.0327354 Vali Loss: 1.0012300 Test Loss: 1.0017420
Validation loss decreased (inf --> 1.001230).  Saving model ...
Updating learning rate to 0.001
	iters: 100, epoch: 2 | loss: 1.0043048
	speed: 0.0160s/iter; left time: 12.9729s
	iters: 200, epoch: 2 | loss: 1.0282660
	speed: 0.0074s/iter; left time: 5.2666s
Epoch: 2 cost time: 1.7651002407073975
Epoch: 2, Steps: 227 | Train Loss: 1.0108774 Vali Loss: 1.0006934 Test Loss: 1.0010741
Validation loss decreased (1.001230 --> 1.000693).  Saving model ...
Updating learning rate to 0.0005
	iters: 100, epoch: 3 | loss: 1.0174174
	speed: 0.0173s/iter; left time: 10.0625s
	iters: 200, epoch: 3 | loss: 1.0128057
	speed: 0.0076s/iter; left time: 3.6617s
Epoch: 3 cost time: 1.9069733619689941
Epoch: 3, Steps: 227 | Train Loss: 1.0082532 Vali Loss: 1.0001844 Test Loss: 1.0005511
Validation loss decreased (1.000693 --> 1.000184).  Saving model ...
Updating learning rate to 0.00025
	iters: 100, epoch: 4 | loss: 1.0057235
	speed: 0.0168s/iter; left time: 5.9473s
	iters: 200, epoch: 4 | loss: 0.9895114
	speed: 0.0077s/iter; left time: 1.9533s
Epoch: 4 cost time: 1.8538892269134521
Epoch: 4, Steps: 227 | Train Loss: 1.0074341 Vali Loss: 0.9998444 Test Loss: 1.0002432
Validation loss decreased (1.000184 --> 0.999844).  Saving model ...
Updating learning rate to 0.000125
	iters: 100, epoch: 5 | loss: 0.9960899
	speed: 0.0170s/iter; left time: 2.1803s
	iters: 200, epoch: 5 | loss: 0.9985427
	speed: 0.0084s/iter; left time: 0.2356s
Epoch: 5 cost time: 1.9296658039093018
Epoch: 5, Steps: 227 | Train Loss: 1.0069765 Vali Loss: 0.9996493 Test Loss: 1.0000474
Validation loss decreased (0.999844 --> 0.999649).  Saving model ...
Updating learning rate to 6.25e-05
>>>>>>>testing : long_term_forecast_PL_drift_er6000_sl192_s2022_iTransformer_custom_ftM_sl192_ll48_pl96_dm64_nh8_el2_dl1_df64_expand2_dc4_fc3_ebtimeF_dtTrue_Exp_0<<<<<<<<<<<<<<<<<<<<<<<<<<<<<<<<<
test 4905
test shape: (4905, 96, 4) (4905, 96, 4)
test shape: (4905, 96, 4) (4905, 96, 4)
mse:1.00031316280365, mae:0.7960681915283203, dtw:Not calculated
