Using GPU
Args in experiment:
[1mBasic Config[0m
  Task Name:          long_term_forecast  Is Training:        1                   
  Model ID:           PL_per_er2500_sl192_s2022Model:              iTransformer        

[1mData Loader[0m
  Data:               custom              Root Path:          ./dataset/power_law/
  Data Path:          per_er2500.csv      Features:           M                   
  Target:             OT                  Freq:               h                   
  Checkpoints:        ./checkpoints/      

[1mForecasting Task[0m
  Seq Len:            192                 Label Len:          48                  
  Pred Len:           96                  Seasonal Patterns:  Monthly             
  Inverse:            0                   

[1mModel Parameters[0m
  Top k:              5                   Num Kernels:        6                   
  Enc In:             4                   Dec In:             4                   
  C Out:              4                   d model:            64                  
  n heads:            8                   e layers:           2                   
  d layers:           1                   d FF:               64                  
  Moving Avg:         25                  Factor:             3                   
  Distil:             1                   Dropout:            0.1                 
  Embed:              timeF               Activation:         gelu                

[1mRun Parameters[0m
  Num Workers:        2                   Itr:                1                   
  Train Epochs:       5                   Batch Size:         64                  
  Patience:           3                   Learning Rate:      0.001               
  Des:                Exp                 Loss:               MSE                 
  Lradj:              type1               Use Amp:            0                   

[1mGPU[0m
  Use GPU:            1                   GPU:                0                   
  Use Multi GPU:      0                   Devices:            0,1,2,3             

[1mDe-stationary Projector Params[0m
  P Hidden Dims:      128, 128            P Hidden Layers:    2                   

Use GPU: cuda:0
🚀 Lazy Loading: iTransformer ...
>>>>>>>start training : long_term_forecast_PL_per_er2500_sl192_s2022_iTransformer_custom_ftM_sl192_ll48_pl96_dm64_nh8_el2_dl1_df64_expand2_dc4_fc3_ebtimeF_dtTrue_Exp_0>>>>>>>>>>>>>>>>>>>>>>>>>>
train window subsample: keep 14525/17213 windows (max_train_windows=14525)
train 14525
val 2405
test 4905
	iters: 100, epoch: 1 | loss: 0.6291391
	speed: 0.0281s/iter; left time: 29.1122s
	iters: 200, epoch: 1 | loss: 0.6314905
	speed: 0.0077s/iter; left time: 7.2029s
Epoch: 1 cost time: 2.1674416065216064
Epoch: 1, Steps: 227 | Train Loss: 0.6679175 Vali Loss: 0.6269031 Test Loss: 0.6256045
Validation loss decreased (inf --> 0.626903).  Saving model ...
Updating learning rate to 0.001
	iters: 100, epoch: 2 | loss: 0.6342101
	speed: 0.0163s/iter; left time: 13.1991s
	iters: 200, epoch: 2 | loss: 0.6455325
	speed: 0.0079s/iter; left time: 5.6307s
Epoch: 2 cost time: 1.844128131866455
Epoch: 2, Steps: 227 | Train Loss: 0.6345414 Vali Loss: 0.6250044 Test Loss: 0.6239888
Validation loss decreased (0.626903 --> 0.625004).  Saving model ...
Updating learning rate to 0.0005
	iters: 100, epoch: 3 | loss: 0.6320025
	speed: 0.0164s/iter; left time: 9.5197s
	iters: 200, epoch: 3 | loss: 0.6301978
	speed: 0.0081s/iter; left time: 3.8816s
Epoch: 3 cost time: 1.8616509437561035
Epoch: 3, Steps: 227 | Train Loss: 0.6317007 Vali Loss: 0.6238362 Test Loss: 0.6228208
Validation loss decreased (0.625004 --> 0.623836).  Saving model ...
Updating learning rate to 0.00025
	iters: 100, epoch: 4 | loss: 0.6291569
	speed: 0.0165s/iter; left time: 5.8674s
	iters: 200, epoch: 4 | loss: 0.6267497
	speed: 0.0078s/iter; left time: 1.9838s
Epoch: 4 cost time: 1.824188232421875
Epoch: 4, Steps: 227 | Train Loss: 0.6301911 Vali Loss: 0.6230816 Test Loss: 0.6221553
Validation loss decreased (0.623836 --> 0.623082).  Saving model ...
Updating learning rate to 0.000125
	iters: 100, epoch: 5 | loss: 0.6291107
	speed: 0.0164s/iter; left time: 2.1042s
	iters: 200, epoch: 5 | loss: 0.6304758
	speed: 0.0077s/iter; left time: 0.2154s
Epoch: 5 cost time: 1.8108458518981934
Epoch: 5, Steps: 227 | Train Loss: 0.6296573 Vali Loss: 0.6230120 Test Loss: 0.6220711
Validation loss decreased (0.623082 --> 0.623012).  Saving model ...
Updating learning rate to 6.25e-05
>>>>>>>testing : long_term_forecast_PL_per_er2500_sl192_s2022_iTransformer_custom_ftM_sl192_ll48_pl96_dm64_nh8_el2_dl1_df64_expand2_dc4_fc3_ebtimeF_dtTrue_Exp_0<<<<<<<<<<<<<<<<<<<<<<<<<<<<<<<<<
test 4905
test shape: (4905, 96, 4) (4905, 96, 4)
test shape: (4905, 96, 4) (4905, 96, 4)
mse:0.6220029592514038, mae:0.6271728873252869, dtw:Not calculated
