Using GPU
Args in experiment:
[1mBasic Config[0m
  Task Name:          long_term_forecast  Is Training:        1                   
  Model ID:           PL_per_er2500_sl1440_s2022Model:              iTransformer        

[1mData Loader[0m
  Data:               custom              Root Path:          ./dataset/power_law/
  Data Path:          per_er2500.csv      Features:           M                   
  Target:             OT                  Freq:               h                   
  Checkpoints:        ./checkpoints/      

[1mForecasting Task[0m
  Seq Len:            1440                Label Len:          48                  
  Pred Len:           96                  Seasonal Patterns:  Monthly             
  Inverse:            0                   

[1mModel Parameters[0m
  Top k:              5                   Num Kernels:        6                   
  Enc In:             4                   Dec In:             4                   
  C Out:              4                   d model:            64                  
  n heads:            8                   e layers:           2                   
  d layers:           1                   d FF:               64                  
  Moving Avg:         25                  Factor:             3                   
  Distil:             1                   Dropout:            0.1                 
  Embed:              timeF               Activation:         gelu                

[1mRun Parameters[0m
  Num Workers:        2                   Itr:                1                   
  Train Epochs:       5                   Batch Size:         64                  
  Patience:           3                   Learning Rate:      0.001               
  Des:                Exp                 Loss:               MSE                 
  Lradj:              type1               Use Amp:            0                   

[1mGPU[0m
  Use GPU:            1                   GPU:                0                   
  Use Multi GPU:      0                   Devices:            0,1,2,3             

[1mDe-stationary Projector Params[0m
  P Hidden Dims:      128, 128            P Hidden Layers:    2                   

Use GPU: cuda:0
🚀 Lazy Loading: iTransformer ...
>>>>>>>start training : long_term_forecast_PL_per_er2500_sl1440_s2022_iTransformer_custom_ftM_sl1440_ll48_pl96_dm64_nh8_el2_dl1_df64_expand2_dc4_fc3_ebtimeF_dtTrue_Exp_0>>>>>>>>>>>>>>>>>>>>>>>>>>
train window subsample: keep 14525/15965 windows (max_train_windows=14525)
train 14525
val 2405
test 4905
	iters: 100, epoch: 1 | loss: 0.6278924
	speed: 0.0283s/iter; left time: 29.3247s
	iters: 200, epoch: 1 | loss: 0.6248134
	speed: 0.0105s/iter; left time: 9.8009s
Epoch: 1 cost time: 2.848374605178833
Epoch: 1, Steps: 227 | Train Loss: 0.6480056 Vali Loss: 0.6146251 Test Loss: 0.6154793
Validation loss decreased (inf --> 0.614625).  Saving model ...
Updating learning rate to 0.001
	iters: 100, epoch: 2 | loss: 0.6296996
	speed: 0.0230s/iter; left time: 18.5808s
	iters: 200, epoch: 2 | loss: 0.6166427
	speed: 0.0101s/iter; left time: 7.1815s
Epoch: 2 cost time: 2.3711507320404053
Epoch: 2, Steps: 227 | Train Loss: 0.6227516 Vali Loss: 0.6146564 Test Loss: 0.6149681
EarlyStopping counter: 1 out of 3
Updating learning rate to 0.0005
	iters: 100, epoch: 3 | loss: 0.6231053
	speed: 0.0212s/iter; left time: 12.3229s
	iters: 200, epoch: 3 | loss: 0.6180928
	speed: 0.0090s/iter; left time: 4.3384s
Epoch: 3 cost time: 2.2207345962524414
Epoch: 3, Steps: 227 | Train Loss: 0.6195433 Vali Loss: 0.6135563 Test Loss: 0.6138108
Validation loss decreased (0.614625 --> 0.613556).  Saving model ...
Updating learning rate to 0.00025
	iters: 100, epoch: 4 | loss: 0.6117097
	speed: 0.0193s/iter; left time: 6.8562s
	iters: 200, epoch: 4 | loss: 0.6229638
	speed: 0.0087s/iter; left time: 2.2194s
Epoch: 4 cost time: 2.0539209842681885
Epoch: 4, Steps: 227 | Train Loss: 0.6179089 Vali Loss: 0.6132997 Test Loss: 0.6134654
Validation loss decreased (0.613556 --> 0.613300).  Saving model ...
Updating learning rate to 0.000125
	iters: 100, epoch: 5 | loss: 0.6133358
	speed: 0.0191s/iter; left time: 2.4396s
	iters: 200, epoch: 5 | loss: 0.6173762
	speed: 0.0086s/iter; left time: 0.2420s
Epoch: 5 cost time: 2.0483107566833496
Epoch: 5, Steps: 227 | Train Loss: 0.6172080 Vali Loss: 0.6130427 Test Loss: 0.6132979
Validation loss decreased (0.613300 --> 0.613043).  Saving model ...
Updating learning rate to 6.25e-05
>>>>>>>testing : long_term_forecast_PL_per_er2500_sl1440_s2022_iTransformer_custom_ftM_sl1440_ll48_pl96_dm64_nh8_el2_dl1_df64_expand2_dc4_fc3_ebtimeF_dtTrue_Exp_0<<<<<<<<<<<<<<<<<<<<<<<<<<<<<<<<<
test 4905
test shape: (4905, 96, 4) (4905, 96, 4)
test shape: (4905, 96, 4) (4905, 96, 4)
mse:0.6131678819656372, mae:0.6234753131866455, dtw:Not calculated
