Using GPU
Args in experiment:
[1mBasic Config[0m
  Task Name:          long_term_forecast  Is Training:        1                   
  Model ID:           PL_per_er150_sl720_s2021Model:              iTransformer        

[1mData Loader[0m
  Data:               custom              Root Path:          ./dataset/power_law/
  Data Path:          per_er150.csv       Features:           M                   
  Target:             OT                  Freq:               h                   
  Checkpoints:        ./checkpoints/      

[1mForecasting Task[0m
  Seq Len:            720                 Label Len:          48                  
  Pred Len:           96                  Seasonal Patterns:  Monthly             
  Inverse:            0                   

[1mModel Parameters[0m
  Top k:              5                   Num Kernels:        6                   
  Enc In:             4                   Dec In:             4                   
  C Out:              4                   d model:            64                  
  n heads:            8                   e layers:           2                   
  d layers:           1                   d FF:               64                  
  Moving Avg:         25                  Factor:             3                   
  Distil:             1                   Dropout:            0.1                 
  Embed:              timeF               Activation:         gelu                

[1mRun Parameters[0m
  Num Workers:        2                   Itr:                1                   
  Train Epochs:       5                   Batch Size:         64                  
  Patience:           3                   Learning Rate:      0.001               
  Des:                Exp                 Loss:               MSE                 
  Lradj:              type1               Use Amp:            0                   

[1mGPU[0m
  Use GPU:            1                   GPU:                0                   
  Use Multi GPU:      0                   Devices:            0,1,2,3             

[1mDe-stationary Projector Params[0m
  P Hidden Dims:      128, 128            P Hidden Layers:    2                   

Use GPU: cuda:0
🚀 Lazy Loading: iTransformer ...
>>>>>>>start training : long_term_forecast_PL_per_er150_sl720_s2021_iTransformer_custom_ftM_sl720_ll48_pl96_dm64_nh8_el2_dl1_df64_expand2_dc4_fc3_ebtimeF_dtTrue_Exp_0>>>>>>>>>>>>>>>>>>>>>>>>>>
train window subsample: keep 14525/16685 windows (max_train_windows=14525)
train 14525
val 2405
test 4905
	iters: 100, epoch: 1 | loss: 0.5624802
	speed: 0.0258s/iter; left time: 26.6985s
	iters: 200, epoch: 1 | loss: 0.5577195
	speed: 0.0080s/iter; left time: 7.4608s
Epoch: 1 cost time: 2.3132495880126953
Epoch: 1, Steps: 227 | Train Loss: 0.5770972 Vali Loss: 0.5478888 Test Loss: 0.5478123
Validation loss decreased (inf --> 0.547889).  Saving model ...
Updating learning rate to 0.001
	iters: 100, epoch: 2 | loss: 0.5410391
	speed: 0.0179s/iter; left time: 14.4812s
	iters: 200, epoch: 2 | loss: 0.5500137
	speed: 0.0077s/iter; left time: 5.4940s
Epoch: 2 cost time: 1.909376621246338
Epoch: 2, Steps: 227 | Train Loss: 0.5517429 Vali Loss: 0.5427731 Test Loss: 0.5439989
Validation loss decreased (0.547889 --> 0.542773).  Saving model ...
Updating learning rate to 0.0005
	iters: 100, epoch: 3 | loss: 0.5446177
	speed: 0.0175s/iter; left time: 10.1877s
	iters: 200, epoch: 3 | loss: 0.5416744
	speed: 0.0073s/iter; left time: 3.5370s
Epoch: 3 cost time: 1.7970473766326904
Epoch: 3, Steps: 227 | Train Loss: 0.5475680 Vali Loss: 0.5422636 Test Loss: 0.5430377
Validation loss decreased (0.542773 --> 0.542264).  Saving model ...
Updating learning rate to 0.00025
	iters: 100, epoch: 4 | loss: 0.5448670
	speed: 0.0157s/iter; left time: 5.5839s
	iters: 200, epoch: 4 | loss: 0.5520258
	speed: 0.0071s/iter; left time: 1.8177s
Epoch: 4 cost time: 1.6991698741912842
Epoch: 4, Steps: 227 | Train Loss: 0.5462375 Vali Loss: 0.5416252 Test Loss: 0.5424063
Validation loss decreased (0.542264 --> 0.541625).  Saving model ...
Updating learning rate to 0.000125
	iters: 100, epoch: 5 | loss: 0.5442752
	speed: 0.0157s/iter; left time: 2.0106s
	iters: 200, epoch: 5 | loss: 0.5467756
	speed: 0.0071s/iter; left time: 0.1996s
Epoch: 5 cost time: 1.700242280960083
Epoch: 5, Steps: 227 | Train Loss: 0.5455020 Vali Loss: 0.5413487 Test Loss: 0.5422610
Validation loss decreased (0.541625 --> 0.541349).  Saving model ...
Updating learning rate to 6.25e-05
>>>>>>>testing : long_term_forecast_PL_per_er150_sl720_s2021_iTransformer_custom_ftM_sl720_ll48_pl96_dm64_nh8_el2_dl1_df64_expand2_dc4_fc3_ebtimeF_dtTrue_Exp_0<<<<<<<<<<<<<<<<<<<<<<<<<<<<<<<<<
test 4905
test shape: (4905, 96, 4) (4905, 96, 4)
test shape: (4905, 96, 4) (4905, 96, 4)
mse:0.5420973300933838, mae:0.5854154229164124, dtw:Not calculated
