Using GPU
Args in experiment:
[1mBasic Config[0m
  Task Name:          long_term_forecast  Is Training:        1                   
  Model ID:           PL_per_er2500_sl720_s2021Model:              iTransformer        

[1mData Loader[0m
  Data:               custom              Root Path:          ./dataset/power_law/
  Data Path:          per_er2500.csv      Features:           M                   
  Target:             OT                  Freq:               h                   
  Checkpoints:        ./checkpoints/      

[1mForecasting Task[0m
  Seq Len:            720                 Label Len:          48                  
  Pred Len:           96                  Seasonal Patterns:  Monthly             
  Inverse:            0                   

[1mModel Parameters[0m
  Top k:              5                   Num Kernels:        6                   
  Enc In:             4                   Dec In:             4                   
  C Out:              4                   d model:            64                  
  n heads:            8                   e layers:           2                   
  d layers:           1                   d FF:               64                  
  Moving Avg:         25                  Factor:             3                   
  Distil:             1                   Dropout:            0.1                 
  Embed:              timeF               Activation:         gelu                

[1mRun Parameters[0m
  Num Workers:        2                   Itr:                1                   
  Train Epochs:       5                   Batch Size:         64                  
  Patience:           3                   Learning Rate:      0.001               
  Des:                Exp                 Loss:               MSE                 
  Lradj:              type1               Use Amp:            0                   

[1mGPU[0m
  Use GPU:            1                   GPU:                0                   
  Use Multi GPU:      0                   Devices:            0,1,2,3             

[1mDe-stationary Projector Params[0m
  P Hidden Dims:      128, 128            P Hidden Layers:    2                   

Use GPU: cuda:0
🚀 Lazy Loading: iTransformer ...
>>>>>>>start training : long_term_forecast_PL_per_er2500_sl720_s2021_iTransformer_custom_ftM_sl720_ll48_pl96_dm64_nh8_el2_dl1_df64_expand2_dc4_fc3_ebtimeF_dtTrue_Exp_0>>>>>>>>>>>>>>>>>>>>>>>>>>
train window subsample: keep 14525/16685 windows (max_train_windows=14525)
train 14525
val 2405
test 4905
	iters: 100, epoch: 1 | loss: 0.6271088
	speed: 0.0289s/iter; left time: 29.9559s
	iters: 200, epoch: 1 | loss: 0.6190408
	speed: 0.0101s/iter; left time: 9.4638s
Epoch: 1 cost time: 2.7170827388763428
Epoch: 1, Steps: 227 | Train Loss: 0.6508831 Vali Loss: 0.6160496 Test Loss: 0.6172454
Validation loss decreased (inf --> 0.616050).  Saving model ...
Updating learning rate to 0.001
	iters: 100, epoch: 2 | loss: 0.6237663
	speed: 0.0202s/iter; left time: 16.3547s
	iters: 200, epoch: 2 | loss: 0.6159148
	speed: 0.0091s/iter; left time: 6.4445s
Epoch: 2 cost time: 2.137281894683838
Epoch: 2, Steps: 227 | Train Loss: 0.6256650 Vali Loss: 0.6156837 Test Loss: 0.6161206
Validation loss decreased (0.616050 --> 0.615684).  Saving model ...
Updating learning rate to 0.0005
	iters: 100, epoch: 3 | loss: 0.6216183
	speed: 0.0184s/iter; left time: 10.6977s
	iters: 200, epoch: 3 | loss: 0.6228225
	speed: 0.0078s/iter; left time: 3.7392s
Epoch: 3 cost time: 1.8671259880065918
Epoch: 3, Steps: 227 | Train Loss: 0.6226263 Vali Loss: 0.6145263 Test Loss: 0.6151162
Validation loss decreased (0.615684 --> 0.614526).  Saving model ...
Updating learning rate to 0.00025
	iters: 100, epoch: 4 | loss: 0.6163856
	speed: 0.0153s/iter; left time: 5.4489s
	iters: 200, epoch: 4 | loss: 0.6234962
	speed: 0.0070s/iter; left time: 1.7903s
Epoch: 4 cost time: 1.6563353538513184
Epoch: 4, Steps: 227 | Train Loss: 0.6212900 Vali Loss: 0.6143123 Test Loss: 0.6147805
Validation loss decreased (0.614526 --> 0.614312).  Saving model ...
Updating learning rate to 0.000125
	iters: 100, epoch: 5 | loss: 0.6167908
	speed: 0.0154s/iter; left time: 1.9654s
	iters: 200, epoch: 5 | loss: 0.6287568
	speed: 0.0070s/iter; left time: 0.1961s
Epoch: 5 cost time: 1.6590282917022705
Epoch: 5, Steps: 227 | Train Loss: 0.6205941 Vali Loss: 0.6137102 Test Loss: 0.6143209
Validation loss decreased (0.614312 --> 0.613710).  Saving model ...
Updating learning rate to 6.25e-05
>>>>>>>testing : long_term_forecast_PL_per_er2500_sl720_s2021_iTransformer_custom_ftM_sl720_ll48_pl96_dm64_nh8_el2_dl1_df64_expand2_dc4_fc3_ebtimeF_dtTrue_Exp_0<<<<<<<<<<<<<<<<<<<<<<<<<<<<<<<<<
test 4905
test shape: (4905, 96, 4) (4905, 96, 4)
test shape: (4905, 96, 4) (4905, 96, 4)
mse:0.6141579151153564, mae:0.6239288449287415, dtw:Not calculated
