Using GPU
Args in experiment:
[1mBasic Config[0m
  Task Name:          long_term_forecast  Is Training:        1                   
  Model ID:           PL_per_er150_sl1440_s2021Model:              iTransformer        

[1mData Loader[0m
  Data:               custom              Root Path:          ./dataset/power_law/
  Data Path:          per_er150.csv       Features:           M                   
  Target:             OT                  Freq:               h                   
  Checkpoints:        ./checkpoints/      

[1mForecasting Task[0m
  Seq Len:            1440                Label Len:          48                  
  Pred Len:           96                  Seasonal Patterns:  Monthly             
  Inverse:            0                   

[1mModel Parameters[0m
  Top k:              5                   Num Kernels:        6                   
  Enc In:             4                   Dec In:             4                   
  C Out:              4                   d model:            64                  
  n heads:            8                   e layers:           2                   
  d layers:           1                   d FF:               64                  
  Moving Avg:         25                  Factor:             3                   
  Distil:             1                   Dropout:            0.1                 
  Embed:              timeF               Activation:         gelu                

[1mRun Parameters[0m
  Num Workers:        2                   Itr:                1                   
  Train Epochs:       5                   Batch Size:         64                  
  Patience:           3                   Learning Rate:      0.001               
  Des:                Exp                 Loss:               MSE                 
  Lradj:              type1               Use Amp:            0                   

[1mGPU[0m
  Use GPU:            1                   GPU:                0                   
  Use Multi GPU:      0                   Devices:            0,1,2,3             

[1mDe-stationary Projector Params[0m
  P Hidden Dims:      128, 128            P Hidden Layers:    2                   

Use GPU: cuda:0
🚀 Lazy Loading: iTransformer ...
>>>>>>>start training : long_term_forecast_PL_per_er150_sl1440_s2021_iTransformer_custom_ftM_sl1440_ll48_pl96_dm64_nh8_el2_dl1_df64_expand2_dc4_fc3_ebtimeF_dtTrue_Exp_0>>>>>>>>>>>>>>>>>>>>>>>>>>
train window subsample: keep 14525/15965 windows (max_train_windows=14525)
train 14525
val 2405
test 4905
	iters: 100, epoch: 1 | loss: 0.5702634
	speed: 0.0296s/iter; left time: 30.6695s
	iters: 200, epoch: 1 | loss: 0.5556772
	speed: 0.0108s/iter; left time: 10.1319s
Epoch: 1 cost time: 2.945570468902588
Epoch: 1, Steps: 227 | Train Loss: 0.5777884 Vali Loss: 0.5440327 Test Loss: 0.5441711
Validation loss decreased (inf --> 0.544033).  Saving model ...
Updating learning rate to 0.001
	iters: 100, epoch: 2 | loss: 0.5492501
	speed: 0.0247s/iter; left time: 19.9947s
	iters: 200, epoch: 2 | loss: 0.5389513
	speed: 0.0101s/iter; left time: 7.1877s
Epoch: 2 cost time: 2.4570298194885254
Epoch: 2, Steps: 227 | Train Loss: 0.5496739 Vali Loss: 0.5419396 Test Loss: 0.5429920
Validation loss decreased (0.544033 --> 0.541940).  Saving model ...
Updating learning rate to 0.0005
	iters: 100, epoch: 3 | loss: 0.5521984
	speed: 0.0209s/iter; left time: 12.1571s
	iters: 200, epoch: 3 | loss: 0.5463367
	speed: 0.0087s/iter; left time: 4.1725s
Epoch: 3 cost time: 2.1322624683380127
Epoch: 3, Steps: 227 | Train Loss: 0.5457773 Vali Loss: 0.5420416 Test Loss: 0.5425167
EarlyStopping counter: 1 out of 3
Updating learning rate to 0.00025
	iters: 100, epoch: 4 | loss: 0.5495658
	speed: 0.0189s/iter; left time: 6.7091s
	iters: 200, epoch: 4 | loss: 0.5473925
	speed: 0.0085s/iter; left time: 2.1751s
Epoch: 4 cost time: 2.0115365982055664
Epoch: 4, Steps: 227 | Train Loss: 0.5441202 Vali Loss: 0.5416751 Test Loss: 0.5422917
Validation loss decreased (0.541940 --> 0.541675).  Saving model ...
Updating learning rate to 0.000125
	iters: 100, epoch: 5 | loss: 0.5441574
	speed: 0.0191s/iter; left time: 2.4455s
	iters: 200, epoch: 5 | loss: 0.5490000
	speed: 0.0094s/iter; left time: 0.2644s
Epoch: 5 cost time: 2.1509850025177
Epoch: 5, Steps: 227 | Train Loss: 0.5431635 Vali Loss: 0.5416454 Test Loss: 0.5419765
Validation loss decreased (0.541675 --> 0.541645).  Saving model ...
Updating learning rate to 6.25e-05
>>>>>>>testing : long_term_forecast_PL_per_er150_sl1440_s2021_iTransformer_custom_ftM_sl1440_ll48_pl96_dm64_nh8_el2_dl1_df64_expand2_dc4_fc3_ebtimeF_dtTrue_Exp_0<<<<<<<<<<<<<<<<<<<<<<<<<<<<<<<<<
test 4905
test shape: (4905, 96, 4) (4905, 96, 4)
test shape: (4905, 96, 4) (4905, 96, 4)
mse:0.5418146252632141, mae:0.5851232409477234, dtw:Not calculated
