Using GPU
Args in experiment:
[1mBasic Config[0m
  Task Name:          long_term_forecast  Is Training:        1                   
  Model ID:           PL_per_er2500_sl720_s2022Model:              iTransformer        

[1mData Loader[0m
  Data:               custom              Root Path:          ./dataset/power_law/
  Data Path:          per_er2500.csv      Features:           M                   
  Target:             OT                  Freq:               h                   
  Checkpoints:        ./checkpoints/      

[1mForecasting Task[0m
  Seq Len:            720                 Label Len:          48                  
  Pred Len:           96                  Seasonal Patterns:  Monthly             
  Inverse:            0                   

[1mModel Parameters[0m
  Top k:              5                   Num Kernels:        6                   
  Enc In:             4                   Dec In:             4                   
  C Out:              4                   d model:            64                  
  n heads:            8                   e layers:           2                   
  d layers:           1                   d FF:               64                  
  Moving Avg:         25                  Factor:             3                   
  Distil:             1                   Dropout:            0.1                 
  Embed:              timeF               Activation:         gelu                

[1mRun Parameters[0m
  Num Workers:        2                   Itr:                1                   
  Train Epochs:       5                   Batch Size:         64                  
  Patience:           3                   Learning Rate:      0.001               
  Des:                Exp                 Loss:               MSE                 
  Lradj:              type1               Use Amp:            0                   

[1mGPU[0m
  Use GPU:            1                   GPU:                0                   
  Use Multi GPU:      0                   Devices:            0,1,2,3             

[1mDe-stationary Projector Params[0m
  P Hidden Dims:      128, 128            P Hidden Layers:    2                   

Use GPU: cuda:0
🚀 Lazy Loading: iTransformer ...
>>>>>>>start training : long_term_forecast_PL_per_er2500_sl720_s2022_iTransformer_custom_ftM_sl720_ll48_pl96_dm64_nh8_el2_dl1_df64_expand2_dc4_fc3_ebtimeF_dtTrue_Exp_0>>>>>>>>>>>>>>>>>>>>>>>>>>
train window subsample: keep 14525/16685 windows (max_train_windows=14525)
train 14525
val 2405
test 4905
	iters: 100, epoch: 1 | loss: 0.6321146
	speed: 0.0259s/iter; left time: 26.8124s
	iters: 200, epoch: 1 | loss: 0.6373868
	speed: 0.0082s/iter; left time: 7.6910s
Epoch: 1 cost time: 2.3119709491729736
Epoch: 1, Steps: 227 | Train Loss: 0.6538392 Vali Loss: 0.6158739 Test Loss: 0.6169871
Validation loss decreased (inf --> 0.615874).  Saving model ...
Updating learning rate to 0.001
	iters: 100, epoch: 2 | loss: 0.6272695
	speed: 0.0187s/iter; left time: 15.1653s
	iters: 200, epoch: 2 | loss: 0.6285795
	speed: 0.0080s/iter; left time: 5.6694s
Epoch: 2 cost time: 1.9924657344818115
Epoch: 2, Steps: 227 | Train Loss: 0.6255183 Vali Loss: 0.6153864 Test Loss: 0.6163632
Validation loss decreased (0.615874 --> 0.615386).  Saving model ...
Updating learning rate to 0.0005
	iters: 100, epoch: 3 | loss: 0.6110321
	speed: 0.0176s/iter; left time: 10.2514s
	iters: 200, epoch: 3 | loss: 0.6167848
	speed: 0.0072s/iter; left time: 3.4835s
Epoch: 3 cost time: 1.768725872039795
Epoch: 3, Steps: 227 | Train Loss: 0.6224503 Vali Loss: 0.6144209 Test Loss: 0.6149974
Validation loss decreased (0.615386 --> 0.614421).  Saving model ...
Updating learning rate to 0.00025
	iters: 100, epoch: 4 | loss: 0.6249581
	speed: 0.0157s/iter; left time: 5.5604s
	iters: 200, epoch: 4 | loss: 0.6194337
	speed: 0.0071s/iter; left time: 1.8023s
Epoch: 4 cost time: 1.6903033256530762
Epoch: 4, Steps: 227 | Train Loss: 0.6212128 Vali Loss: 0.6141637 Test Loss: 0.6146394
Validation loss decreased (0.614421 --> 0.614164).  Saving model ...
Updating learning rate to 0.000125
	iters: 100, epoch: 5 | loss: 0.6202798
	speed: 0.0155s/iter; left time: 1.9902s
	iters: 200, epoch: 5 | loss: 0.6149405
	speed: 0.0070s/iter; left time: 0.1964s
Epoch: 5 cost time: 1.6808476448059082
Epoch: 5, Steps: 227 | Train Loss: 0.6205762 Vali Loss: 0.6137435 Test Loss: 0.6143122
Validation loss decreased (0.614164 --> 0.613743).  Saving model ...
Updating learning rate to 6.25e-05
>>>>>>>testing : long_term_forecast_PL_per_er2500_sl720_s2022_iTransformer_custom_ftM_sl720_ll48_pl96_dm64_nh8_el2_dl1_df64_expand2_dc4_fc3_ebtimeF_dtTrue_Exp_0<<<<<<<<<<<<<<<<<<<<<<<<<<<<<<<<<
test 4905
test shape: (4905, 96, 4) (4905, 96, 4)
test shape: (4905, 96, 4) (4905, 96, 4)
mse:0.6141484975814819, mae:0.6239502429962158, dtw:Not calculated
