Using GPU
Args in experiment:
[1mBasic Config[0m
  Task Name:          long_term_forecast  Is Training:        1                   
  Model ID:           PL_per_er150_sl96_s2021Model:              iTransformer        

[1mData Loader[0m
  Data:               custom              Root Path:          ./dataset/power_law/
  Data Path:          per_er150.csv       Features:           M                   
  Target:             OT                  Freq:               h                   
  Checkpoints:        ./checkpoints/      

[1mForecasting Task[0m
  Seq Len:            96                  Label Len:          48                  
  Pred Len:           96                  Seasonal Patterns:  Monthly             
  Inverse:            0                   

[1mModel Parameters[0m
  Top k:              5                   Num Kernels:        6                   
  Enc In:             4                   Dec In:             4                   
  C Out:              4                   d model:            64                  
  n heads:            8                   e layers:           2                   
  d layers:           1                   d FF:               64                  
  Moving Avg:         25                  Factor:             3                   
  Distil:             1                   Dropout:            0.1                 
  Embed:              timeF               Activation:         gelu                

[1mRun Parameters[0m
  Num Workers:        2                   Itr:                1                   
  Train Epochs:       5                   Batch Size:         64                  
  Patience:           3                   Learning Rate:      0.001               
  Des:                Exp                 Loss:               MSE                 
  Lradj:              type1               Use Amp:            0                   

[1mGPU[0m
  Use GPU:            1                   GPU:                0                   
  Use Multi GPU:      0                   Devices:            0,1,2,3             

[1mDe-stationary Projector Params[0m
  P Hidden Dims:      128, 128            P Hidden Layers:    2                   

Use GPU: cuda:0
🚀 Lazy Loading: iTransformer ...
>>>>>>>start training : long_term_forecast_PL_per_er150_sl96_s2021_iTransformer_custom_ftM_sl96_ll48_pl96_dm64_nh8_el2_dl1_df64_expand2_dc4_fc3_ebtimeF_dtTrue_Exp_0>>>>>>>>>>>>>>>>>>>>>>>>>>
train window subsample: keep 14525/17309 windows (max_train_windows=14525)
train 14525
val 2405
test 4905
	iters: 100, epoch: 1 | loss: 0.5842621
	speed: 0.0267s/iter; left time: 27.6479s
	iters: 200, epoch: 1 | loss: 0.5686312
	speed: 0.0071s/iter; left time: 6.6855s
Epoch: 1 cost time: 2.088693857192993
Epoch: 1, Steps: 227 | Train Loss: 0.6075845 Vali Loss: 0.5554716 Test Loss: 0.5582624
Validation loss decreased (inf --> 0.555472).  Saving model ...
Updating learning rate to 0.001
	iters: 100, epoch: 2 | loss: 0.5613587
	speed: 0.0158s/iter; left time: 12.7452s
	iters: 200, epoch: 2 | loss: 0.5666585
	speed: 0.0074s/iter; left time: 5.2718s
Epoch: 2 cost time: 1.7656006813049316
Epoch: 2, Steps: 227 | Train Loss: 0.5663010 Vali Loss: 0.5516590 Test Loss: 0.5548349
Validation loss decreased (0.555472 --> 0.551659).  Saving model ...
Updating learning rate to 0.0005
	iters: 100, epoch: 3 | loss: 0.5628411
	speed: 0.0152s/iter; left time: 8.8554s
	iters: 200, epoch: 3 | loss: 0.5548050
	speed: 0.0072s/iter; left time: 3.4695s
Epoch: 3 cost time: 1.6891136169433594
Epoch: 3, Steps: 227 | Train Loss: 0.5615483 Vali Loss: 0.5495271 Test Loss: 0.5529068
Validation loss decreased (0.551659 --> 0.549527).  Saving model ...
Updating learning rate to 0.00025
	iters: 100, epoch: 4 | loss: 0.5531945
	speed: 0.0158s/iter; left time: 5.6250s
	iters: 200, epoch: 4 | loss: 0.5665368
	speed: 0.0076s/iter; left time: 1.9367s
Epoch: 4 cost time: 1.8189208507537842
Epoch: 4, Steps: 227 | Train Loss: 0.5596732 Vali Loss: 0.5490755 Test Loss: 0.5523280
Validation loss decreased (0.549527 --> 0.549076).  Saving model ...
Updating learning rate to 0.000125
	iters: 100, epoch: 5 | loss: 0.5649605
	speed: 0.0156s/iter; left time: 1.9959s
	iters: 200, epoch: 5 | loss: 0.5551363
	speed: 0.0075s/iter; left time: 0.2090s
Epoch: 5 cost time: 1.7116787433624268
Epoch: 5, Steps: 227 | Train Loss: 0.5588892 Vali Loss: 0.5481910 Test Loss: 0.5518511
Validation loss decreased (0.549076 --> 0.548191).  Saving model ...
Updating learning rate to 6.25e-05
>>>>>>>testing : long_term_forecast_PL_per_er150_sl96_s2021_iTransformer_custom_ftM_sl96_ll48_pl96_dm64_nh8_el2_dl1_df64_expand2_dc4_fc3_ebtimeF_dtTrue_Exp_0<<<<<<<<<<<<<<<<<<<<<<<<<<<<<<<<<
test 4905
test shape: (4905, 96, 4) (4905, 96, 4)
test shape: (4905, 96, 4) (4905, 96, 4)
mse:0.5516654849052429, mae:0.5908076167106628, dtw:Not calculated
