Using GPU
Args in experiment:
[1mBasic Config[0m
  Task Name:          long_term_forecast  Is Training:        1                   
  Model ID:           PL_per_er150_sl2880_s2021Model:              iTransformer        

[1mData Loader[0m
  Data:               custom              Root Path:          ./dataset/power_law/
  Data Path:          per_er150.csv       Features:           M                   
  Target:             OT                  Freq:               h                   
  Checkpoints:        ./checkpoints/      

[1mForecasting Task[0m
  Seq Len:            2880                Label Len:          48                  
  Pred Len:           96                  Seasonal Patterns:  Monthly             
  Inverse:            0                   

[1mModel Parameters[0m
  Top k:              5                   Num Kernels:        6                   
  Enc In:             4                   Dec In:             4                   
  C Out:              4                   d model:            64                  
  n heads:            8                   e layers:           2                   
  d layers:           1                   d FF:               64                  
  Moving Avg:         25                  Factor:             3                   
  Distil:             1                   Dropout:            0.1                 
  Embed:              timeF               Activation:         gelu                

[1mRun Parameters[0m
  Num Workers:        2                   Itr:                1                   
  Train Epochs:       5                   Batch Size:         64                  
  Patience:           3                   Learning Rate:      0.001               
  Des:                Exp                 Loss:               MSE                 
  Lradj:              type1               Use Amp:            0                   

[1mGPU[0m
  Use GPU:            1                   GPU:                0                   
  Use Multi GPU:      0                   Devices:            0,1,2,3             

[1mDe-stationary Projector Params[0m
  P Hidden Dims:      128, 128            P Hidden Layers:    2                   

Use GPU: cuda:0
🚀 Lazy Loading: iTransformer ...
>>>>>>>start training : long_term_forecast_PL_per_er150_sl2880_s2021_iTransformer_custom_ftM_sl2880_ll48_pl96_dm64_nh8_el2_dl1_df64_expand2_dc4_fc3_ebtimeF_dtTrue_Exp_0>>>>>>>>>>>>>>>>>>>>>>>>>>
train 14525
val 2405
test 4905
	iters: 100, epoch: 1 | loss: 0.5629593
	speed: 0.0328s/iter; left time: 33.9881s
	iters: 200, epoch: 1 | loss: 0.5414073
	speed: 0.0124s/iter; left time: 11.5698s
Epoch: 1 cost time: 3.31589412689209
Epoch: 1, Steps: 227 | Train Loss: 0.5773567 Vali Loss: 0.5432986 Test Loss: 0.5440135
Validation loss decreased (inf --> 0.543299).  Saving model ...
Updating learning rate to 0.001
	iters: 100, epoch: 2 | loss: 0.5476092
	speed: 0.0315s/iter; left time: 25.4748s
	iters: 200, epoch: 2 | loss: 0.5603642
	speed: 0.0134s/iter; left time: 9.4848s
Epoch: 2 cost time: 3.119823455810547
Epoch: 2, Steps: 227 | Train Loss: 0.5482294 Vali Loss: 0.5434338 Test Loss: 0.5447737
EarlyStopping counter: 1 out of 3
Updating learning rate to 0.0005
	iters: 100, epoch: 3 | loss: 0.5453200
	speed: 0.0321s/iter; left time: 18.6598s
	iters: 200, epoch: 3 | loss: 0.5445465
	speed: 0.0133s/iter; left time: 6.4166s
Epoch: 3 cost time: 3.1572375297546387
Epoch: 3, Steps: 227 | Train Loss: 0.5433601 Vali Loss: 0.5427627 Test Loss: 0.5442415
Validation loss decreased (0.543299 --> 0.542763).  Saving model ...
Updating learning rate to 0.00025
	iters: 100, epoch: 4 | loss: 0.5388095
	speed: 0.0312s/iter; left time: 11.0663s
	iters: 200, epoch: 4 | loss: 0.5447395
	speed: 0.0137s/iter; left time: 3.5023s
Epoch: 4 cost time: 3.1474928855895996
Epoch: 4, Steps: 227 | Train Loss: 0.5410287 Vali Loss: 0.5423099 Test Loss: 0.5441813
Validation loss decreased (0.542763 --> 0.542310).  Saving model ...
Updating learning rate to 0.000125
	iters: 100, epoch: 5 | loss: 0.5369374
	speed: 0.0307s/iter; left time: 3.9337s
	iters: 200, epoch: 5 | loss: 0.5396500
	speed: 0.0117s/iter; left time: 0.3265s
Epoch: 5 cost time: 2.869783401489258
Epoch: 5, Steps: 227 | Train Loss: 0.5396319 Vali Loss: 0.5430925 Test Loss: 0.5446816
EarlyStopping counter: 1 out of 3
Updating learning rate to 6.25e-05
>>>>>>>testing : long_term_forecast_PL_per_er150_sl2880_s2021_iTransformer_custom_ftM_sl2880_ll48_pl96_dm64_nh8_el2_dl1_df64_expand2_dc4_fc3_ebtimeF_dtTrue_Exp_0<<<<<<<<<<<<<<<<<<<<<<<<<<<<<<<<<
test 4905
test shape: (4905, 96, 4) (4905, 96, 4)
test shape: (4905, 96, 4) (4905, 96, 4)
mse:0.5440170764923096, mae:0.5865879654884338, dtw:Not calculated
