Using GPU
Args in experiment:
[1mBasic Config[0m
  Task Name:          long_term_forecast  Is Training:        1                   
  Model ID:           PL_per_er150_sl2880_s2022Model:              iTransformer        

[1mData Loader[0m
  Data:               custom              Root Path:          ./dataset/power_law/
  Data Path:          per_er150.csv       Features:           M                   
  Target:             OT                  Freq:               h                   
  Checkpoints:        ./checkpoints/      

[1mForecasting Task[0m
  Seq Len:            2880                Label Len:          48                  
  Pred Len:           96                  Seasonal Patterns:  Monthly             
  Inverse:            0                   

[1mModel Parameters[0m
  Top k:              5                   Num Kernels:        6                   
  Enc In:             4                   Dec In:             4                   
  C Out:              4                   d model:            64                  
  n heads:            8                   e layers:           2                   
  d layers:           1                   d FF:               64                  
  Moving Avg:         25                  Factor:             3                   
  Distil:             1                   Dropout:            0.1                 
  Embed:              timeF               Activation:         gelu                

[1mRun Parameters[0m
  Num Workers:        2                   Itr:                1                   
  Train Epochs:       5                   Batch Size:         64                  
  Patience:           3                   Learning Rate:      0.001               
  Des:                Exp                 Loss:               MSE                 
  Lradj:              type1               Use Amp:            0                   

[1mGPU[0m
  Use GPU:            1                   GPU:                0                   
  Use Multi GPU:      0                   Devices:            0,1,2,3             

[1mDe-stationary Projector Params[0m
  P Hidden Dims:      128, 128            P Hidden Layers:    2                   

Use GPU: cuda:0
🚀 Lazy Loading: iTransformer ...
>>>>>>>start training : long_term_forecast_PL_per_er150_sl2880_s2022_iTransformer_custom_ftM_sl2880_ll48_pl96_dm64_nh8_el2_dl1_df64_expand2_dc4_fc3_ebtimeF_dtTrue_Exp_0>>>>>>>>>>>>>>>>>>>>>>>>>>
train 14525
val 2405
test 4905
	iters: 100, epoch: 1 | loss: 0.5653187
	speed: 0.0344s/iter; left time: 35.6139s
	iters: 200, epoch: 1 | loss: 0.5498191
	speed: 0.0133s/iter; left time: 12.4226s
Epoch: 1 cost time: 3.615736484527588
Epoch: 1, Steps: 227 | Train Loss: 0.5801748 Vali Loss: 0.5435477 Test Loss: 0.5441048
Validation loss decreased (inf --> 0.543548).  Saving model ...
Updating learning rate to 0.001
	iters: 100, epoch: 2 | loss: 0.5445542
	speed: 0.0327s/iter; left time: 26.4936s
	iters: 200, epoch: 2 | loss: 0.5501966
	speed: 0.0138s/iter; left time: 9.7555s
Epoch: 2 cost time: 3.2622158527374268
Epoch: 2, Steps: 227 | Train Loss: 0.5482706 Vali Loss: 0.5431838 Test Loss: 0.5445534
Validation loss decreased (0.543548 --> 0.543184).  Saving model ...
Updating learning rate to 0.0005
	iters: 100, epoch: 3 | loss: 0.5422065
	speed: 0.0332s/iter; left time: 19.3216s
	iters: 200, epoch: 3 | loss: 0.5540648
	speed: 0.0141s/iter; left time: 6.7755s
Epoch: 3 cost time: 3.3139123916625977
Epoch: 3, Steps: 227 | Train Loss: 0.5434015 Vali Loss: 0.5427351 Test Loss: 0.5447597
Validation loss decreased (0.543184 --> 0.542735).  Saving model ...
Updating learning rate to 0.00025
	iters: 100, epoch: 4 | loss: 0.5387008
	speed: 0.0329s/iter; left time: 11.6828s
	iters: 200, epoch: 4 | loss: 0.5406793
	speed: 0.0137s/iter; left time: 3.4991s
Epoch: 4 cost time: 3.221640110015869
Epoch: 4, Steps: 227 | Train Loss: 0.5412210 Vali Loss: 0.5426535 Test Loss: 0.5440272
Validation loss decreased (0.542735 --> 0.542654).  Saving model ...
Updating learning rate to 0.000125
	iters: 100, epoch: 5 | loss: 0.5448521
	speed: 0.0319s/iter; left time: 4.0785s
	iters: 200, epoch: 5 | loss: 0.5361606
	speed: 0.0116s/iter; left time: 0.3261s
Epoch: 5 cost time: 2.8294267654418945
Epoch: 5, Steps: 227 | Train Loss: 0.5399270 Vali Loss: 0.5426709 Test Loss: 0.5445673
EarlyStopping counter: 1 out of 3
Updating learning rate to 6.25e-05
>>>>>>>testing : long_term_forecast_PL_per_er150_sl2880_s2022_iTransformer_custom_ftM_sl2880_ll48_pl96_dm64_nh8_el2_dl1_df64_expand2_dc4_fc3_ebtimeF_dtTrue_Exp_0<<<<<<<<<<<<<<<<<<<<<<<<<<<<<<<<<
test 4905
test shape: (4905, 96, 4) (4905, 96, 4)
test shape: (4905, 96, 4) (4905, 96, 4)
mse:0.5438745617866516, mae:0.5865623950958252, dtw:Not calculated
