Using GPU
Args in experiment:
[1mBasic Config[0m
  Task Name:          long_term_forecast  Is Training:        1                   
  Model ID:           PL_per_er150_sl96_s2022Model:              iTransformer        

[1mData Loader[0m
  Data:               custom              Root Path:          ./dataset/power_law/
  Data Path:          per_er150.csv       Features:           M                   
  Target:             OT                  Freq:               h                   
  Checkpoints:        ./checkpoints/      

[1mForecasting Task[0m
  Seq Len:            96                  Label Len:          48                  
  Pred Len:           96                  Seasonal Patterns:  Monthly             
  Inverse:            0                   

[1mModel Parameters[0m
  Top k:              5                   Num Kernels:        6                   
  Enc In:             4                   Dec In:             4                   
  C Out:              4                   d model:            64                  
  n heads:            8                   e layers:           2                   
  d layers:           1                   d FF:               64                  
  Moving Avg:         25                  Factor:             3                   
  Distil:             1                   Dropout:            0.1                 
  Embed:              timeF               Activation:         gelu                

[1mRun Parameters[0m
  Num Workers:        2                   Itr:                1                   
  Train Epochs:       5                   Batch Size:         64                  
  Patience:           3                   Learning Rate:      0.001               
  Des:                Exp                 Loss:               MSE                 
  Lradj:              type1               Use Amp:            0                   

[1mGPU[0m
  Use GPU:            1                   GPU:                0                   
  Use Multi GPU:      0                   Devices:            0,1,2,3             

[1mDe-stationary Projector Params[0m
  P Hidden Dims:      128, 128            P Hidden Layers:    2                   

Use GPU: cuda:0
🚀 Lazy Loading: iTransformer ...
>>>>>>>start training : long_term_forecast_PL_per_er150_sl96_s2022_iTransformer_custom_ftM_sl96_ll48_pl96_dm64_nh8_el2_dl1_df64_expand2_dc4_fc3_ebtimeF_dtTrue_Exp_0>>>>>>>>>>>>>>>>>>>>>>>>>>
train window subsample: keep 14525/17309 windows (max_train_windows=14525)
train 14525
val 2405
test 4905
	iters: 100, epoch: 1 | loss: 0.5789430
	speed: 0.0262s/iter; left time: 27.1906s
	iters: 200, epoch: 1 | loss: 0.5761526
	speed: 0.0068s/iter; left time: 6.3640s
Epoch: 1 cost time: 2.062073230743408
Epoch: 1, Steps: 227 | Train Loss: 0.6070201 Vali Loss: 0.5556448 Test Loss: 0.5586968
Validation loss decreased (inf --> 0.555645).  Saving model ...
Updating learning rate to 0.001
	iters: 100, epoch: 2 | loss: 0.5703739
	speed: 0.0162s/iter; left time: 13.1286s
	iters: 200, epoch: 2 | loss: 0.5683277
	speed: 0.0079s/iter; left time: 5.6174s
Epoch: 2 cost time: 1.8311779499053955
Epoch: 2, Steps: 227 | Train Loss: 0.5670706 Vali Loss: 0.5518001 Test Loss: 0.5557635
Validation loss decreased (0.555645 --> 0.551800).  Saving model ...
Updating learning rate to 0.0005
	iters: 100, epoch: 3 | loss: 0.5680293
	speed: 0.0165s/iter; left time: 9.6299s
	iters: 200, epoch: 3 | loss: 0.5662758
	speed: 0.0078s/iter; left time: 3.7601s
Epoch: 3 cost time: 1.8816592693328857
Epoch: 3, Steps: 227 | Train Loss: 0.5619811 Vali Loss: 0.5493521 Test Loss: 0.5534665
Validation loss decreased (0.551800 --> 0.549352).  Saving model ...
Updating learning rate to 0.00025
	iters: 100, epoch: 4 | loss: 0.5580783
	speed: 0.0163s/iter; left time: 5.7765s
	iters: 200, epoch: 4 | loss: 0.5610985
	speed: 0.0078s/iter; left time: 1.9823s
Epoch: 4 cost time: 1.831491470336914
Epoch: 4, Steps: 227 | Train Loss: 0.5601442 Vali Loss: 0.5481779 Test Loss: 0.5525808
Validation loss decreased (0.549352 --> 0.548178).  Saving model ...
Updating learning rate to 0.000125
	iters: 100, epoch: 5 | loss: 0.5531534
	speed: 0.0166s/iter; left time: 2.1206s
	iters: 200, epoch: 5 | loss: 0.5469235
	speed: 0.0080s/iter; left time: 0.2226s
Epoch: 5 cost time: 1.8560471534729004
Epoch: 5, Steps: 227 | Train Loss: 0.5591761 Vali Loss: 0.5478046 Test Loss: 0.5522336
Validation loss decreased (0.548178 --> 0.547805).  Saving model ...
Updating learning rate to 6.25e-05
>>>>>>>testing : long_term_forecast_PL_per_er150_sl96_s2022_iTransformer_custom_ftM_sl96_ll48_pl96_dm64_nh8_el2_dl1_df64_expand2_dc4_fc3_ebtimeF_dtTrue_Exp_0<<<<<<<<<<<<<<<<<<<<<<<<<<<<<<<<<
test 4905
test shape: (4905, 96, 4) (4905, 96, 4)
test shape: (4905, 96, 4) (4905, 96, 4)
mse:0.5520389676094055, mae:0.5910341143608093, dtw:Not calculated
