Using GPU
Args in experiment:
[1mBasic Config[0m
  Task Name:          long_term_forecast  Is Training:        1                   
  Model ID:           PL_per_er2500_sl336_s2021Model:              iTransformer        

[1mData Loader[0m
  Data:               custom              Root Path:          ./dataset/power_law/
  Data Path:          per_er2500.csv      Features:           M                   
  Target:             OT                  Freq:               h                   
  Checkpoints:        ./checkpoints/      

[1mForecasting Task[0m
  Seq Len:            336                 Label Len:          48                  
  Pred Len:           96                  Seasonal Patterns:  Monthly             
  Inverse:            0                   

[1mModel Parameters[0m
  Top k:              5                   Num Kernels:        6                   
  Enc In:             4                   Dec In:             4                   
  C Out:              4                   d model:            64                  
  n heads:            8                   e layers:           2                   
  d layers:           1                   d FF:               64                  
  Moving Avg:         25                  Factor:             3                   
  Distil:             1                   Dropout:            0.1                 
  Embed:              timeF               Activation:         gelu                

[1mRun Parameters[0m
  Num Workers:        2                   Itr:                1                   
  Train Epochs:       5                   Batch Size:         64                  
  Patience:           3                   Learning Rate:      0.001               
  Des:                Exp                 Loss:               MSE                 
  Lradj:              type1               Use Amp:            0                   

[1mGPU[0m
  Use GPU:            1                   GPU:                0                   
  Use Multi GPU:      0                   Devices:            0,1,2,3             

[1mDe-stationary Projector Params[0m
  P Hidden Dims:      128, 128            P Hidden Layers:    2                   

Use GPU: cuda:0
🚀 Lazy Loading: iTransformer ...
>>>>>>>start training : long_term_forecast_PL_per_er2500_sl336_s2021_iTransformer_custom_ftM_sl336_ll48_pl96_dm64_nh8_el2_dl1_df64_expand2_dc4_fc3_ebtimeF_dtTrue_Exp_0>>>>>>>>>>>>>>>>>>>>>>>>>>
train window subsample: keep 14525/17069 windows (max_train_windows=14525)
train 14525
val 2405
test 4905
	iters: 100, epoch: 1 | loss: 0.6308271
	speed: 0.0268s/iter; left time: 27.7986s
	iters: 200, epoch: 1 | loss: 0.6277227
	speed: 0.0081s/iter; left time: 7.5697s
Epoch: 1 cost time: 2.3068387508392334
Epoch: 1, Steps: 227 | Train Loss: 0.6587276 Vali Loss: 0.6211420 Test Loss: 0.6210305
Validation loss decreased (inf --> 0.621142).  Saving model ...
Updating learning rate to 0.001
	iters: 100, epoch: 2 | loss: 0.6295128
	speed: 0.0169s/iter; left time: 13.7070s
	iters: 200, epoch: 2 | loss: 0.6242244
	speed: 0.0074s/iter; left time: 5.2820s
Epoch: 2 cost time: 1.8129780292510986
Epoch: 2, Steps: 227 | Train Loss: 0.6294366 Vali Loss: 0.6203962 Test Loss: 0.6200052
Validation loss decreased (0.621142 --> 0.620396).  Saving model ...
Updating learning rate to 0.0005
	iters: 100, epoch: 3 | loss: 0.6319534
	speed: 0.0155s/iter; left time: 9.0367s
	iters: 200, epoch: 3 | loss: 0.6279050
	speed: 0.0066s/iter; left time: 3.1768s
Epoch: 3 cost time: 1.5863182544708252
Epoch: 3, Steps: 227 | Train Loss: 0.6265171 Vali Loss: 0.6191989 Test Loss: 0.6186742
Validation loss decreased (0.620396 --> 0.619199).  Saving model ...
Updating learning rate to 0.00025
	iters: 100, epoch: 4 | loss: 0.6365376
	speed: 0.0144s/iter; left time: 5.0950s
	iters: 200, epoch: 4 | loss: 0.6241949
	speed: 0.0066s/iter; left time: 1.6812s
Epoch: 4 cost time: 1.556797981262207
Epoch: 4, Steps: 227 | Train Loss: 0.6251688 Vali Loss: 0.6185763 Test Loss: 0.6180890
Validation loss decreased (0.619199 --> 0.618576).  Saving model ...
Updating learning rate to 0.000125
	iters: 100, epoch: 5 | loss: 0.6299418
	speed: 0.0143s/iter; left time: 1.8343s
	iters: 200, epoch: 5 | loss: 0.6268988
	speed: 0.0065s/iter; left time: 0.1832s
Epoch: 5 cost time: 1.558629035949707
Epoch: 5, Steps: 227 | Train Loss: 0.6245263 Vali Loss: 0.6183004 Test Loss: 0.6177214
Validation loss decreased (0.618576 --> 0.618300).  Saving model ...
Updating learning rate to 6.25e-05
>>>>>>>testing : long_term_forecast_PL_per_er2500_sl336_s2021_iTransformer_custom_ftM_sl336_ll48_pl96_dm64_nh8_el2_dl1_df64_expand2_dc4_fc3_ebtimeF_dtTrue_Exp_0<<<<<<<<<<<<<<<<<<<<<<<<<<<<<<<<<
test 4905
test shape: (4905, 96, 4) (4905, 96, 4)
test shape: (4905, 96, 4) (4905, 96, 4)
mse:0.6175352334976196, mae:0.6251586675643921, dtw:Not calculated
