[pl] 96 runs total, 96 to do
[pl] start PL_drift_er50_sl2880_s2021 on GPU 0 lane 0 (pid 2367911)
[pl] start PL_drift_er50_sl2880_s2022 on GPU 0 lane 1 (pid 2367912)
[pl] start PL_drift_er150_sl2880_s2021 on GPU 1 lane 0 (pid 2367913)
[pl] start PL_drift_er150_sl2880_s2022 on GPU 1 lane 1 (pid 2367914)
[pl] start PL_drift_er400_sl2880_s2021 on GPU 2 lane 0 (pid 2367915)
[pl] start PL_drift_er400_sl2880_s2022 on GPU 2 lane 1 (pid 2367916)
[pl] start PL_drift_er1000_sl2880_s2021 on GPU 3 lane 0 (pid 2367917)
[pl] start PL_drift_er1000_sl2880_s2022 on GPU 3 lane 1 (pid 2367918)
[pl] start PL_drift_er2500_sl2880_s2021 on GPU 4 lane 0 (pid 2367919)
[pl] start PL_drift_er2500_sl2880_s2022 on GPU 4 lane 1 (pid 2367920)
[pl] start PL_drift_er6000_sl2880_s2021 on GPU 5 lane 0 (pid 2367921)
[pl] start PL_drift_er6000_sl2880_s2022 on GPU 5 lane 1 (pid 2367922)
[pl] start PL_per_er150_sl2880_s2021 on GPU 6 lane 0 (pid 2367923)
[pl] start PL_per_er150_sl2880_s2022 on GPU 6 lane 1 (pid 2367924)
[pl] start PL_per_er2500_sl2880_s2021 on GPU 7 lane 0 (pid 2367925)
[pl] start PL_per_er2500_sl2880_s2022 on GPU 7 lane 1 (pid 2367926)
[pl] done PL_drift_er50_sl2880_s2021 (GPU 0), metrics_written=True
[pl] done PL_drift_er150_sl2880_s2021 (GPU 1), metrics_written=True
[pl] done PL_drift_er150_sl2880_s2022 (GPU 1), metrics_written=True
[pl] done PL_drift_er400_sl2880_s2021 (GPU 2), metrics_written=True
[pl] done PL_drift_er400_sl2880_s2022 (GPU 2), metrics_written=True
[pl] done PL_drift_er1000_sl2880_s2021 (GPU 3), metrics_written=True
[pl] done PL_drift_er1000_sl2880_s2022 (GPU 3), metrics_written=True
[pl] done PL_drift_er2500_sl2880_s2021 (GPU 4), metrics_written=True
[pl] done PL_drift_er2500_sl2880_s2022 (GPU 4), metrics_written=True
[pl] done PL_drift_er6000_sl2880_s2021 (GPU 5), metrics_written=True
[pl] done PL_drift_er6000_sl2880_s2022 (GPU 5), metrics_written=True
[pl] done PL_per_er2500_sl2880_s2021 (GPU 7), metrics_written=True
[pl] start PL_drift_er50_sl1440_s2021 on GPU 0 lane 0 (pid 2370621)
[pl] start PL_drift_er50_sl1440_s2022 on GPU 1 lane 0 (pid 2370622)
[pl] start PL_drift_er150_sl1440_s2021 on GPU 1 lane 1 (pid 2370623)
[pl] start PL_drift_er150_sl1440_s2022 on GPU 2 lane 0 (pid 2370624)
[pl] start PL_drift_er400_sl1440_s2021 on GPU 2 lane 1 (pid 2370625)
[pl] start PL_drift_er400_sl1440_s2022 on GPU 3 lane 0 (pid 2370626)
[pl] start PL_drift_er1000_sl1440_s2021 on GPU 3 lane 1 (pid 2370627)
[pl] start PL_drift_er1000_sl1440_s2022 on GPU 4 lane 0 (pid 2370628)
[pl] start PL_drift_er2500_sl1440_s2021 on GPU 4 lane 1 (pid 2370629)
[pl] start PL_drift_er2500_sl1440_s2022 on GPU 5 lane 0 (pid 2370630)
[pl] start PL_drift_er6000_sl1440_s2021 on GPU 5 lane 1 (pid 2370631)
[pl] start PL_drift_er6000_sl1440_s2022 on GPU 7 lane 0 (pid 2370632)
[pl] done PL_drift_er50_sl2880_s2022 (GPU 0), metrics_written=True
[pl] done PL_per_er150_sl2880_s2021 (GPU 6), metrics_written=True
[pl] done PL_per_er150_sl2880_s2022 (GPU 6), metrics_written=True
[pl] done PL_per_er2500_sl2880_s2022 (GPU 7), metrics_written=True
[pl] start PL_per_er150_sl1440_s2021 on GPU 0 lane 1 (pid 2371198)
[pl] start PL_per_er150_sl1440_s2022 on GPU 6 lane 0 (pid 2371199)
[pl] start PL_per_er2500_sl1440_s2021 on GPU 6 lane 1 (pid 2371200)
[pl] start PL_per_er2500_sl1440_s2022 on GPU 7 lane 1 (pid 2371201)
[pl] done PL_drift_er50_sl1440_s2021 (GPU 0), metrics_written=True
[pl] done PL_drift_er50_sl1440_s2022 (GPU 1), metrics_written=True
[pl] done PL_drift_er150_sl1440_s2021 (GPU 1), metrics_written=True
[pl] done PL_drift_er150_sl1440_s2022 (GPU 2), metrics_written=True
[pl] done PL_drift_er400_sl1440_s2021 (GPU 2), metrics_written=True
[pl] done PL_drift_er400_sl1440_s2022 (GPU 3), metrics_written=True
[pl] done PL_drift_er1000_sl1440_s2021 (GPU 3), metrics_written=True
[pl] done PL_drift_er1000_sl1440_s2022 (GPU 4), metrics_written=True
[pl] done PL_drift_er2500_sl1440_s2021 (GPU 4), metrics_written=True
[pl] done PL_drift_er2500_sl1440_s2022 (GPU 5), metrics_written=True
[pl] done PL_drift_er6000_sl1440_s2021 (GPU 5), metrics_written=True
[pl] done PL_drift_er6000_sl1440_s2022 (GPU 7), metrics_written=True
[pl] start PL_drift_er50_sl720_s2021 on GPU 0 lane 0 (pid 2372704)
[pl] start PL_drift_er50_sl720_s2022 on GPU 1 lane 0 (pid 2372705)
[pl] start PL_drift_er150_sl720_s2021 on GPU 1 lane 1 (pid 2372706)
[pl] start PL_drift_er150_sl720_s2022 on GPU 2 lane 0 (pid 2372707)
[pl] start PL_drift_er400_sl720_s2021 on GPU 2 lane 1 (pid 2372708)
[pl] start PL_drift_er400_sl720_s2022 on GPU 3 lane 0 (pid 2372709)
[pl] start PL_drift_er1000_sl720_s2021 on GPU 3 lane 1 (pid 2372710)
[pl] start PL_drift_er1000_sl720_s2022 on GPU 4 lane 0 (pid 2372711)
[pl] start PL_drift_er2500_sl720_s2021 on GPU 4 lane 1 (pid 2372712)
[pl] start PL_drift_er2500_sl720_s2022 on GPU 5 lane 0 (pid 2372713)
[pl] start PL_drift_er6000_sl720_s2021 on GPU 5 lane 1 (pid 2372714)
[pl] start PL_drift_er6000_sl720_s2022 on GPU 7 lane 0 (pid 2372715)
[pl] done PL_per_er150_sl1440_s2021 (GPU 0), metrics_written=True
[pl] done PL_per_er150_sl1440_s2022 (GPU 6), metrics_written=True
[pl] done PL_per_er2500_sl1440_s2021 (GPU 6), metrics_written=True
[pl] done PL_per_er2500_sl1440_s2022 (GPU 7), metrics_written=True
[pl] start PL_per_er150_sl720_s2021 on GPU 0 lane 1 (pid 2373361)
[pl] start PL_per_er150_sl720_s2022 on GPU 6 lane 0 (pid 2373362)
[pl] start PL_per_er2500_sl720_s2021 on GPU 6 lane 1 (pid 2373363)
[pl] start PL_per_er2500_sl720_s2022 on GPU 7 lane 1 (pid 2373364)
[pl] done PL_drift_er50_sl720_s2021 (GPU 0), metrics_written=True
[pl] done PL_drift_er50_sl720_s2022 (GPU 1), metrics_written=True
[pl] done PL_drift_er150_sl720_s2021 (GPU 1), metrics_written=True
[pl] done PL_drift_er150_sl720_s2022 (GPU 2), metrics_written=True
[pl] done PL_drift_er400_sl720_s2021 (GPU 2), metrics_written=True
[pl] done PL_drift_er400_sl720_s2022 (GPU 3), metrics_written=True
[pl] done PL_drift_er1000_sl720_s2021 (GPU 3), metrics_written=True
[pl] done PL_drift_er1000_sl720_s2022 (GPU 4), metrics_written=True
[pl] done PL_drift_er2500_sl720_s2021 (GPU 4), metrics_written=True
[pl] done PL_drift_er2500_sl720_s2022 (GPU 5), metrics_written=True
[pl] done PL_drift_er6000_sl720_s2021 (GPU 5), metrics_written=True
[pl] done PL_drift_er6000_sl720_s2022 (GPU 7), metrics_written=True
[pl] start PL_drift_er50_sl336_s2021 on GPU 0 lane 0 (pid 2375736)
[pl] start PL_drift_er50_sl336_s2022 on GPU 1 lane 0 (pid 2375737)
[pl] start PL_drift_er150_sl336_s2021 on GPU 1 lane 1 (pid 2375738)
[pl] start PL_drift_er150_sl336_s2022 on GPU 2 lane 0 (pid 2375739)
[pl] start PL_drift_er400_sl336_s2021 on GPU 2 lane 1 (pid 2375740)
[pl] start PL_drift_er400_sl336_s2022 on GPU 3 lane 0 (pid 2375741)
[pl] start PL_drift_er1000_sl336_s2021 on GPU 3 lane 1 (pid 2375742)
[pl] start PL_drift_er1000_sl336_s2022 on GPU 4 lane 0 (pid 2375743)
[pl] start PL_drift_er2500_sl336_s2021 on GPU 4 lane 1 (pid 2375744)
[pl] start PL_drift_er2500_sl336_s2022 on GPU 5 lane 0 (pid 2375745)
[pl] start PL_drift_er6000_sl336_s2021 on GPU 5 lane 1 (pid 2375746)
[pl] start PL_drift_er6000_sl336_s2022 on GPU 7 lane 0 (pid 2375747)
[pl] done PL_per_er150_sl720_s2021 (GPU 0), metrics_written=True
[pl] done PL_per_er150_sl720_s2022 (GPU 6), metrics_written=True
[pl] done PL_per_er2500_sl720_s2021 (GPU 6), metrics_written=True
[pl] done PL_per_er2500_sl720_s2022 (GPU 7), metrics_written=True
[pl] start PL_per_er150_sl336_s2021 on GPU 0 lane 1 (pid 2376339)
[pl] start PL_per_er150_sl336_s2022 on GPU 6 lane 0 (pid 2376340)
[pl] start PL_per_er2500_sl336_s2021 on GPU 6 lane 1 (pid 2376341)
[pl] start PL_per_er2500_sl336_s2022 on GPU 7 lane 1 (pid 2376342)
[pl] done PL_drift_er50_sl336_s2022 (GPU 1), metrics_written=True
[pl] done PL_drift_er150_sl336_s2022 (GPU 2), metrics_written=True
[pl] start PL_drift_er50_sl192_s2021 on GPU 1 lane 0 (pid 2377685)
[pl] start PL_drift_er50_sl192_s2022 on GPU 2 lane 0 (pid 2377686)
[pl] done PL_drift_er50_sl336_s2021 (GPU 0), metrics_written=True
[pl] done PL_drift_er150_sl336_s2021 (GPU 1), metrics_written=True
[pl] done PL_drift_er400_sl336_s2021 (GPU 2), metrics_written=True
[pl] done PL_drift_er400_sl336_s2022 (GPU 3), metrics_written=True
[pl] done PL_drift_er1000_sl336_s2021 (GPU 3), metrics_written=True
[pl] done PL_drift_er1000_sl336_s2022 (GPU 4), metrics_written=True
[pl] done PL_drift_er2500_sl336_s2021 (GPU 4), metrics_written=True
[pl] done PL_drift_er2500_sl336_s2022 (GPU 5), metrics_written=True
[pl] done PL_drift_er6000_sl336_s2021 (GPU 5), metrics_written=True
[pl] done PL_drift_er6000_sl336_s2022 (GPU 7), metrics_written=True
[pl] done PL_per_er150_sl336_s2021 (GPU 0), metrics_written=True
[pl] done PL_per_er150_sl336_s2022 (GPU 6), metrics_written=True
[pl] done PL_per_er2500_sl336_s2021 (GPU 6), metrics_written=True
[pl] done PL_per_er2500_sl336_s2022 (GPU 7), metrics_written=True
[pl] start PL_drift_er150_sl192_s2021 on GPU 0 lane 0 (pid 2378251)
[pl] start PL_drift_er150_sl192_s2022 on GPU 1 lane 1 (pid 2378252)
[pl] start PL_drift_er400_sl192_s2021 on GPU 2 lane 1 (pid 2378253)
[pl] start PL_drift_er400_sl192_s2022 on GPU 3 lane 0 (pid 2378254)
[pl] start PL_drift_er1000_sl192_s2021 on GPU 3 lane 1 (pid 2378255)
[pl] start PL_drift_er1000_sl192_s2022 on GPU 4 lane 0 (pid 2378256)
[pl] start PL_drift_er2500_sl192_s2021 on GPU 4 lane 1 (pid 2378257)
[pl] start PL_drift_er2500_sl192_s2022 on GPU 5 lane 0 (pid 2378258)
[pl] start PL_drift_er6000_sl192_s2021 on GPU 5 lane 1 (pid 2378259)
[pl] start PL_drift_er6000_sl192_s2022 on GPU 7 lane 0 (pid 2378260)
[pl] start PL_per_er150_sl192_s2021 on GPU 0 lane 1 (pid 2378261)
[pl] start PL_per_er150_sl192_s2022 on GPU 6 lane 0 (pid 2378262)
[pl] start PL_per_er2500_sl192_s2021 on GPU 6 lane 1 (pid 2378263)
[pl] start PL_per_er2500_sl192_s2022 on GPU 7 lane 1 (pid 2378264)
[pl] done PL_drift_er50_sl192_s2021 (GPU 1), metrics_written=True
[pl] done PL_drift_er50_sl192_s2022 (GPU 2), metrics_written=True
[pl] start PL_drift_er50_sl96_s2021 on GPU 1 lane 0 (pid 2379053)
[pl] start PL_drift_er50_sl96_s2022 on GPU 2 lane 0 (pid 2379054)
[pl] done PL_drift_er400_sl192_s2021 (GPU 2), metrics_written=True
[pl] start PL_drift_er150_sl96_s2021 on GPU 2 lane 1 (pid 2381184)
[pl] done PL_drift_er150_sl192_s2021 (GPU 0), metrics_written=True
[pl] done PL_drift_er150_sl192_s2022 (GPU 1), metrics_written=True
[pl] done PL_drift_er400_sl192_s2022 (GPU 3), metrics_written=True
[pl] done PL_drift_er1000_sl192_s2021 (GPU 3), metrics_written=True
[pl] done PL_drift_er1000_sl192_s2022 (GPU 4), metrics_written=True
[pl] done PL_drift_er2500_sl192_s2021 (GPU 4), metrics_written=True
[pl] done PL_drift_er2500_sl192_s2022 (GPU 5), metrics_written=True
[pl] done PL_drift_er6000_sl192_s2021 (GPU 5), metrics_written=True
[pl] done PL_drift_er6000_sl192_s2022 (GPU 7), metrics_written=True
[pl] done PL_per_er150_sl192_s2021 (GPU 0), metrics_written=True
[pl] done PL_per_er150_sl192_s2022 (GPU 6), metrics_written=True
[pl] done PL_per_er2500_sl192_s2021 (GPU 6), metrics_written=True
[pl] done PL_per_er2500_sl192_s2022 (GPU 7), metrics_written=True
[pl] done PL_drift_er50_sl96_s2021 (GPU 1), metrics_written=True
[pl] done PL_drift_er50_sl96_s2022 (GPU 2), metrics_written=True
[pl] start PL_drift_er150_sl96_s2022 on GPU 0 lane 0 (pid 2381467)
[pl] start PL_drift_er400_sl96_s2021 on GPU 1 lane 1 (pid 2381468)
[pl] start PL_drift_er400_sl96_s2022 on GPU 3 lane 0 (pid 2381469)
[pl] start PL_drift_er1000_sl96_s2021 on GPU 3 lane 1 (pid 2381470)
[pl] start PL_drift_er1000_sl96_s2022 on GPU 4 lane 0 (pid 2381471)
[pl] start PL_drift_er2500_sl96_s2021 on GPU 4 lane 1 (pid 2381472)
[pl] start PL_drift_er2500_sl96_s2022 on GPU 5 lane 0 (pid 2381473)
[pl] start PL_drift_er6000_sl96_s2021 on GPU 5 lane 1 (pid 2381474)
[pl] start PL_drift_er6000_sl96_s2022 on GPU 7 lane 0 (pid 2381475)
[pl] start PL_per_er150_sl96_s2021 on GPU 0 lane 1 (pid 2381476)
[pl] start PL_per_er150_sl96_s2022 on GPU 6 lane 0 (pid 2381477)
[pl] start PL_per_er2500_sl96_s2021 on GPU 6 lane 1 (pid 2381478)
[pl] start PL_per_er2500_sl96_s2022 on GPU 7 lane 1 (pid 2381479)
[pl] done PL_drift_er150_sl96_s2021 (GPU 2), metrics_written=True
[pl] done PL_drift_er400_sl96_s2021 (GPU 1), metrics_written=True
[pl] done PL_drift_er1000_sl96_s2021 (GPU 3), metrics_written=True
[pl] done PL_drift_er1000_sl96_s2022 (GPU 4), metrics_written=True
[pl] done PL_drift_er2500_sl96_s2021 (GPU 4), metrics_written=True
[pl] done PL_drift_er2500_sl96_s2022 (GPU 5), metrics_written=True
[pl] done PL_drift_er6000_sl96_s2021 (GPU 5), metrics_written=True
[pl] done PL_drift_er6000_sl96_s2022 (GPU 7), metrics_written=True
[pl] done PL_per_er2500_sl96_s2021 (GPU 6), metrics_written=True
[pl] done PL_drift_er150_sl96_s2022 (GPU 0), metrics_written=True
[pl] done PL_drift_er400_sl96_s2022 (GPU 3), metrics_written=True
[pl] done PL_per_er150_sl96_s2021 (GPU 0), metrics_written=True
[pl] done PL_per_er150_sl96_s2022 (GPU 6), metrics_written=True
[pl] done PL_per_er2500_sl96_s2022 (GPU 7), metrics_written=True
[pl] all runs finished
