Using GPU
Args in experiment:
[1mBasic Config[0m
  Task Name:          long_term_forecast  Is Training:        1                   
  Model ID:           E2H192_exchange_rate_iTransformer_336_s2022Model:              iTransformer        

[1mData Loader[0m
  Data:               custom              Root Path:          ./dataset/exchange_rate/
  Data Path:          exchange_rate.csv   Features:           M                   
  Target:             OT                  Freq:               h                   
  Checkpoints:        ./checkpoints/      

[1mForecasting Task[0m
  Seq Len:            336                 Label Len:          48                  
  Pred Len:           192                 Seasonal Patterns:  Monthly             
  Inverse:            0                   

[1mModel Parameters[0m
  Top k:              5                   Num Kernels:        6                   
  Enc In:             8                   Dec In:             8                   
  C Out:              8                   d model:            128                 
  n heads:            8                   e layers:           2                   
  d layers:           1                   d FF:               128                 
  Moving Avg:         25                  Factor:             3                   
  Distil:             1                   Dropout:            0.1                 
  Embed:              timeF               Activation:         gelu                

[1mRun Parameters[0m
  Num Workers:        4                   Itr:                1                   
  Train Epochs:       10                  Batch Size:         32                  
  Patience:           3                   Learning Rate:      0.0001              
  Des:                Exp                 Loss:               MSE                 
  Lradj:              type1               Use Amp:            0                   

[1mGPU[0m
  Use GPU:            1                   GPU:                0                   
  Use Multi GPU:      0                   Devices:            0,1,2,3             

[1mDe-stationary Projector Params[0m
  P Hidden Dims:      128, 128            P Hidden Layers:    2                   

Use GPU: cuda:0
🚀 Lazy Loading: iTransformer ...
>>>>>>>start training : long_term_forecast_E2H192_exchange_rate_iTransformer_336_s2022_iTransformer_custom_ftM_sl336_ll48_pl192_dm128_nh8_el2_dl1_df128_expand2_dc4_fc3_ebtimeF_dtTrue_Exp_0>>>>>>>>>>>>>>>>>>>>>>>>>>
train window subsample: keep 3680/4784 windows (max_train_windows=3680)
train 3680
val 569
test 1326
	iters: 100, epoch: 1 | loss: 0.2665172
	speed: 0.1594s/iter; left time: 167.5284s
Epoch: 1 cost time: 14.564576625823975
Epoch: 1, Steps: 115 | Train Loss: 0.3839565 Vali Loss: 0.2673429 Test Loss: 0.2377485
Validation loss decreased (inf --> 0.267343).  Saving model ...
Updating learning rate to 0.0001
	iters: 100, epoch: 2 | loss: 0.2030582
	speed: 0.2867s/iter; left time: 268.3849s
Epoch: 2 cost time: 14.849829912185669
Epoch: 2, Steps: 115 | Train Loss: 0.2813094 Vali Loss: 0.2449398 Test Loss: 0.2122880
Validation loss decreased (0.267343 --> 0.244940).  Saving model ...
Updating learning rate to 5e-05
	iters: 100, epoch: 3 | loss: 0.2920214
	speed: 0.3078s/iter; left time: 252.7207s
Epoch: 3 cost time: 15.290606498718262
Epoch: 3, Steps: 115 | Train Loss: 0.2590249 Vali Loss: 0.2454394 Test Loss: 0.2050372
EarlyStopping counter: 1 out of 3
Updating learning rate to 2.5e-05
	iters: 100, epoch: 4 | loss: 0.2762872
	speed: 0.3062s/iter; left time: 216.2057s
Epoch: 4 cost time: 15.172669410705566
Epoch: 4, Steps: 115 | Train Loss: 0.2507191 Vali Loss: 0.2471653 Test Loss: 0.2002614
EarlyStopping counter: 2 out of 3
Updating learning rate to 1.25e-05
	iters: 100, epoch: 5 | loss: 0.2643163
	speed: 0.3005s/iter; left time: 177.5771s
Epoch: 5 cost time: 14.035550594329834
Epoch: 5, Steps: 115 | Train Loss: 0.2469617 Vali Loss: 0.2467300 Test Loss: 0.1991535
EarlyStopping counter: 3 out of 3
Early stopping
>>>>>>>testing : long_term_forecast_E2H192_exchange_rate_iTransformer_336_s2022_iTransformer_custom_ftM_sl336_ll48_pl192_dm128_nh8_el2_dl1_df128_expand2_dc4_fc3_ebtimeF_dtTrue_Exp_0<<<<<<<<<<<<<<<<<<<<<<<<<<<<<<<<<
test 1326
test shape: (1326, 192, 8) (1326, 192, 8)
test shape: (1326, 192, 8) (1326, 192, 8)
mse:0.2126389443874359, mae:0.33441242575645447, dtw:Not calculated
