Using GPU
Args in experiment:
[1mBasic Config[0m
  Task Name:          long_term_forecast  Is Training:        1                   
  Model ID:           PLv2_DLinear_drift_er650_sl192_s2021Model:              DLinear             

[1mData Loader[0m
  Data:               custom              Root Path:          ./dataset/power_law/
  Data Path:          drift_er650.csv     Features:           M                   
  Target:             OT                  Freq:               h                   
  Checkpoints:        ./checkpoints/      

[1mForecasting Task[0m
  Seq Len:            192                 Label Len:          48                  
  Pred Len:           96                  Seasonal Patterns:  Monthly             
  Inverse:            0                   

[1mModel Parameters[0m
  Top k:              5                   Num Kernels:        6                   
  Enc In:             4                   Dec In:             4                   
  C Out:              4                   d model:            64                  
  n heads:            8                   e layers:           2                   
  d layers:           1                   d FF:               64                  
  Moving Avg:         25                  Factor:             3                   
  Distil:             1                   Dropout:            0.1                 
  Embed:              timeF               Activation:         gelu                

[1mRun Parameters[0m
  Num Workers:        2                   Itr:                1                   
  Train Epochs:       5                   Batch Size:         64                  
  Patience:           3                   Learning Rate:      0.001               
  Des:                Exp                 Loss:               MSE                 
  Lradj:              type1               Use Amp:            0                   

[1mGPU[0m
  Use GPU:            1                   GPU:                0                   
  Use Multi GPU:      0                   Devices:            0,1,2,3             

[1mDe-stationary Projector Params[0m
  P Hidden Dims:      128, 128            P Hidden Layers:    2                   

Use GPU: cuda:0
🚀 Lazy Loading: DLinear ...
>>>>>>>start training : long_term_forecast_PLv2_DLinear_drift_er650_sl192_s2021_DLinear_custom_ftM_sl192_ll48_pl96_dm64_nh8_el2_dl1_df64_expand2_dc4_fc3_ebtimeF_dtTrue_Exp_0>>>>>>>>>>>>>>>>>>>>>>>>>>
train window subsample: keep 14525/17213 windows (max_train_windows=14525)
train 14525
val 2405
test 4905
	iters: 100, epoch: 1 | loss: 0.9877460
	speed: 0.0166s/iter; left time: 17.2380s
	iters: 200, epoch: 1 | loss: 0.9813527
	speed: 0.0025s/iter; left time: 2.2983s
Epoch: 1 cost time: 0.8246591091156006
Epoch: 1, Steps: 227 | Train Loss: 0.9821165 Vali Loss: 0.9780815 Test Loss: 0.9941465
Validation loss decreased (inf --> 0.978082).  Saving model ...
Updating learning rate to 0.001
	iters: 100, epoch: 2 | loss: 0.9770851
	speed: 0.0069s/iter; left time: 5.5768s
	iters: 200, epoch: 2 | loss: 0.9729718
	speed: 0.0024s/iter; left time: 1.7262s
Epoch: 2 cost time: 0.6082456111907959
Epoch: 2, Steps: 227 | Train Loss: 0.9811221 Vali Loss: 0.9784707 Test Loss: 0.9936396
EarlyStopping counter: 1 out of 3
Updating learning rate to 0.0005
	iters: 100, epoch: 3 | loss: 0.9946218
	speed: 0.0070s/iter; left time: 4.0488s
	iters: 200, epoch: 3 | loss: 0.9797488
	speed: 0.0025s/iter; left time: 1.1903s
Epoch: 3 cost time: 0.619793176651001
Epoch: 3, Steps: 227 | Train Loss: 0.9773522 Vali Loss: 0.9755070 Test Loss: 0.9870474
Validation loss decreased (0.978082 --> 0.975507).  Saving model ...
Updating learning rate to 0.00025
	iters: 100, epoch: 4 | loss: 0.9551174
	speed: 0.0069s/iter; left time: 2.4532s
	iters: 200, epoch: 4 | loss: 0.9695554
	speed: 0.0024s/iter; left time: 0.6132s
Epoch: 4 cost time: 0.6061110496520996
Epoch: 4, Steps: 227 | Train Loss: 0.9746107 Vali Loss: 0.9746161 Test Loss: 0.9847137
Validation loss decreased (0.975507 --> 0.974616).  Saving model ...
Updating learning rate to 0.000125
	iters: 100, epoch: 5 | loss: 0.9760277
	speed: 0.0068s/iter; left time: 0.8732s
	iters: 200, epoch: 5 | loss: 0.9834422
	speed: 0.0025s/iter; left time: 0.0692s
Epoch: 5 cost time: 0.6097772121429443
Epoch: 5, Steps: 227 | Train Loss: 0.9731032 Vali Loss: 0.9744322 Test Loss: 0.9852432
Validation loss decreased (0.974616 --> 0.974432).  Saving model ...
Updating learning rate to 6.25e-05
>>>>>>>testing : long_term_forecast_PLv2_DLinear_drift_er650_sl192_s2021_DLinear_custom_ftM_sl192_ll48_pl96_dm64_nh8_el2_dl1_df64_expand2_dc4_fc3_ebtimeF_dtTrue_Exp_0<<<<<<<<<<<<<<<<<<<<<<<<<<<<<<<<<
test 4905
test shape: (4905, 96, 4) (4905, 96, 4)
test shape: (4905, 96, 4) (4905, 96, 4)
mse:0.9851736426353455, mae:0.7899532914161682, dtw:Not calculated
