Using GPU
Args in experiment:
[1mBasic Config[0m
  Task Name:          long_term_forecast  Is Training:        1                   
  Model ID:           PLv2_DLinear_drift_er400_sl480_s2021Model:              DLinear             

[1mData Loader[0m
  Data:               custom              Root Path:          ./dataset/power_law/
  Data Path:          drift_er400.csv     Features:           M                   
  Target:             OT                  Freq:               h                   
  Checkpoints:        ./checkpoints/      

[1mForecasting Task[0m
  Seq Len:            480                 Label Len:          48                  
  Pred Len:           96                  Seasonal Patterns:  Monthly             
  Inverse:            0                   

[1mModel Parameters[0m
  Top k:              5                   Num Kernels:        6                   
  Enc In:             4                   Dec In:             4                   
  C Out:              4                   d model:            64                  
  n heads:            8                   e layers:           2                   
  d layers:           1                   d FF:               64                  
  Moving Avg:         25                  Factor:             3                   
  Distil:             1                   Dropout:            0.1                 
  Embed:              timeF               Activation:         gelu                

[1mRun Parameters[0m
  Num Workers:        2                   Itr:                1                   
  Train Epochs:       5                   Batch Size:         64                  
  Patience:           3                   Learning Rate:      0.001               
  Des:                Exp                 Loss:               MSE                 
  Lradj:              type1               Use Amp:            0                   

[1mGPU[0m
  Use GPU:            1                   GPU:                0                   
  Use Multi GPU:      0                   Devices:            0,1,2,3             

[1mDe-stationary Projector Params[0m
  P Hidden Dims:      128, 128            P Hidden Layers:    2                   

Use GPU: cuda:0
🚀 Lazy Loading: DLinear ...
>>>>>>>start training : long_term_forecast_PLv2_DLinear_drift_er400_sl480_s2021_DLinear_custom_ftM_sl480_ll48_pl96_dm64_nh8_el2_dl1_df64_expand2_dc4_fc3_ebtimeF_dtTrue_Exp_0>>>>>>>>>>>>>>>>>>>>>>>>>>
train window subsample: keep 14525/16925 windows (max_train_windows=14525)
train 14525
val 2405
test 4905
	iters: 100, epoch: 1 | loss: 0.9029009
	speed: 0.0195s/iter; left time: 20.2385s
	iters: 200, epoch: 1 | loss: 0.8856718
	speed: 0.0037s/iter; left time: 3.4850s
Epoch: 1 cost time: 1.1300246715545654
Epoch: 1, Steps: 227 | Train Loss: 0.9056240 Vali Loss: 0.9082385 Test Loss: 0.9171434
Validation loss decreased (inf --> 0.908238).  Saving model ...
Updating learning rate to 0.001
	iters: 100, epoch: 2 | loss: 0.9104918
	speed: 0.0107s/iter; left time: 8.6381s
	iters: 200, epoch: 2 | loss: 0.9114525
	speed: 0.0039s/iter; left time: 2.7581s
Epoch: 2 cost time: 0.9350669384002686
Epoch: 2, Steps: 227 | Train Loss: 0.9043242 Vali Loss: 0.9060355 Test Loss: 0.9122628
Validation loss decreased (0.908238 --> 0.906036).  Saving model ...
Updating learning rate to 0.0005
	iters: 100, epoch: 3 | loss: 0.8869871
	speed: 0.0105s/iter; left time: 6.0906s
	iters: 200, epoch: 3 | loss: 0.9114467
	speed: 0.0039s/iter; left time: 1.8990s
Epoch: 3 cost time: 0.9441549777984619
Epoch: 3, Steps: 227 | Train Loss: 0.8950147 Vali Loss: 0.8941297 Test Loss: 0.9016604
Validation loss decreased (0.906036 --> 0.894130).  Saving model ...
Updating learning rate to 0.00025
	iters: 100, epoch: 4 | loss: 0.8841814
	speed: 0.0105s/iter; left time: 3.7431s
	iters: 200, epoch: 4 | loss: 0.9046184
	speed: 0.0038s/iter; left time: 0.9686s
Epoch: 4 cost time: 0.936091423034668
Epoch: 4, Steps: 227 | Train Loss: 0.8887444 Vali Loss: 0.8901894 Test Loss: 0.8966750
Validation loss decreased (0.894130 --> 0.890189).  Saving model ...
Updating learning rate to 0.000125
	iters: 100, epoch: 5 | loss: 0.8674246
	speed: 0.0105s/iter; left time: 1.3379s
	iters: 200, epoch: 5 | loss: 0.8851502
	speed: 0.0040s/iter; left time: 0.1113s
Epoch: 5 cost time: 0.9553713798522949
Epoch: 5, Steps: 227 | Train Loss: 0.8852007 Vali Loss: 0.8890095 Test Loss: 0.8949536
Validation loss decreased (0.890189 --> 0.889009).  Saving model ...
Updating learning rate to 6.25e-05
>>>>>>>testing : long_term_forecast_PLv2_DLinear_drift_er400_sl480_s2021_DLinear_custom_ftM_sl480_ll48_pl96_dm64_nh8_el2_dl1_df64_expand2_dc4_fc3_ebtimeF_dtTrue_Exp_0<<<<<<<<<<<<<<<<<<<<<<<<<<<<<<<<<
test 4905
test shape: (4905, 96, 4) (4905, 96, 4)
test shape: (4905, 96, 4) (4905, 96, 4)
mse:0.8950250148773193, mae:0.7537404894828796, dtw:Not calculated
