Using GPU
Args in experiment:
[1mBasic Config[0m
  Task Name:          long_term_forecast  Is Training:        1                   
  Model ID:           PLv2_DLinear_drift_er1000_sl96_s2022Model:              DLinear             

[1mData Loader[0m
  Data:               custom              Root Path:          ./dataset/power_law/
  Data Path:          drift_er1000.csv    Features:           M                   
  Target:             OT                  Freq:               h                   
  Checkpoints:        ./checkpoints/      

[1mForecasting Task[0m
  Seq Len:            96                  Label Len:          48                  
  Pred Len:           96                  Seasonal Patterns:  Monthly             
  Inverse:            0                   

[1mModel Parameters[0m
  Top k:              5                   Num Kernels:        6                   
  Enc In:             4                   Dec In:             4                   
  C Out:              4                   d model:            64                  
  n heads:            8                   e layers:           2                   
  d layers:           1                   d FF:               64                  
  Moving Avg:         25                  Factor:             3                   
  Distil:             1                   Dropout:            0.1                 
  Embed:              timeF               Activation:         gelu                

[1mRun Parameters[0m
  Num Workers:        2                   Itr:                1                   
  Train Epochs:       5                   Batch Size:         64                  
  Patience:           3                   Learning Rate:      0.001               
  Des:                Exp                 Loss:               MSE                 
  Lradj:              type1               Use Amp:            0                   

[1mGPU[0m
  Use GPU:            1                   GPU:                0                   
  Use Multi GPU:      0                   Devices:            0,1,2,3             

[1mDe-stationary Projector Params[0m
  P Hidden Dims:      128, 128            P Hidden Layers:    2                   

Use GPU: cuda:0
🚀 Lazy Loading: DLinear ...
>>>>>>>start training : long_term_forecast_PLv2_DLinear_drift_er1000_sl96_s2022_DLinear_custom_ftM_sl96_ll48_pl96_dm64_nh8_el2_dl1_df64_expand2_dc4_fc3_ebtimeF_dtTrue_Exp_0>>>>>>>>>>>>>>>>>>>>>>>>>>
train window subsample: keep 14525/17309 windows (max_train_windows=14525)
train 14525
val 2405
test 4905
	iters: 100, epoch: 1 | loss: 0.9908845
	speed: 0.0170s/iter; left time: 17.5706s
	iters: 200, epoch: 1 | loss: 0.9854717
	speed: 0.0024s/iter; left time: 2.2121s
Epoch: 1 cost time: 0.7903623580932617
Epoch: 1, Steps: 227 | Train Loss: 0.9909870 Vali Loss: 0.9958601 Test Loss: 0.9903133
Validation loss decreased (inf --> 0.995860).  Saving model ...
Updating learning rate to 0.001
	iters: 100, epoch: 2 | loss: 0.9864489
	speed: 0.0070s/iter; left time: 5.6667s
	iters: 200, epoch: 2 | loss: 1.0133812
	speed: 0.0024s/iter; left time: 1.7340s
Epoch: 2 cost time: 0.6146199703216553
Epoch: 2, Steps: 227 | Train Loss: 0.9896393 Vali Loss: 0.9963052 Test Loss: 0.9903130
EarlyStopping counter: 1 out of 3
Updating learning rate to 0.0005
	iters: 100, epoch: 3 | loss: 0.9862551
	speed: 0.0068s/iter; left time: 3.9288s
	iters: 200, epoch: 3 | loss: 0.9907370
	speed: 0.0024s/iter; left time: 1.1381s
Epoch: 3 cost time: 0.592259407043457
Epoch: 3, Steps: 227 | Train Loss: 0.9877211 Vali Loss: 0.9944527 Test Loss: 0.9886997
Validation loss decreased (0.995860 --> 0.994453).  Saving model ...
Updating learning rate to 0.00025
	iters: 100, epoch: 4 | loss: 0.9944935
	speed: 0.0070s/iter; left time: 2.4689s
	iters: 200, epoch: 4 | loss: 0.9912418
	speed: 0.0025s/iter; left time: 0.6448s
Epoch: 4 cost time: 0.6236629486083984
Epoch: 4, Steps: 227 | Train Loss: 0.9863170 Vali Loss: 0.9941988 Test Loss: 0.9884309
Validation loss decreased (0.994453 --> 0.994199).  Saving model ...
Updating learning rate to 0.000125
	iters: 100, epoch: 5 | loss: 1.0021592
	speed: 0.0070s/iter; left time: 0.8986s
	iters: 200, epoch: 5 | loss: 0.9941891
	speed: 0.0024s/iter; left time: 0.0677s
Epoch: 5 cost time: 0.6088523864746094
Epoch: 5, Steps: 227 | Train Loss: 0.9855381 Vali Loss: 0.9938206 Test Loss: 0.9878079
Validation loss decreased (0.994199 --> 0.993821).  Saving model ...
Updating learning rate to 6.25e-05
>>>>>>>testing : long_term_forecast_PLv2_DLinear_drift_er1000_sl96_s2022_DLinear_custom_ftM_sl96_ll48_pl96_dm64_nh8_el2_dl1_df64_expand2_dc4_fc3_ebtimeF_dtTrue_Exp_0<<<<<<<<<<<<<<<<<<<<<<<<<<<<<<<<<
test 4905
test shape: (4905, 96, 4) (4905, 96, 4)
test shape: (4905, 96, 4) (4905, 96, 4)
mse:0.9873273968696594, mae:0.7909893989562988, dtw:Not calculated
