Using GPU
Args in experiment:
[1mBasic Config[0m
  Task Name:          long_term_forecast  Is Training:        1                   
  Model ID:           PLv2_DLinear_drift_er6000_sl960_s2021Model:              DLinear             

[1mData Loader[0m
  Data:               custom              Root Path:          ./dataset/power_law/
  Data Path:          drift_er6000.csv    Features:           M                   
  Target:             OT                  Freq:               h                   
  Checkpoints:        ./checkpoints/      

[1mForecasting Task[0m
  Seq Len:            960                 Label Len:          48                  
  Pred Len:           96                  Seasonal Patterns:  Monthly             
  Inverse:            0                   

[1mModel Parameters[0m
  Top k:              5                   Num Kernels:        6                   
  Enc In:             4                   Dec In:             4                   
  C Out:              4                   d model:            64                  
  n heads:            8                   e layers:           2                   
  d layers:           1                   d FF:               64                  
  Moving Avg:         25                  Factor:             3                   
  Distil:             1                   Dropout:            0.1                 
  Embed:              timeF               Activation:         gelu                

[1mRun Parameters[0m
  Num Workers:        2                   Itr:                1                   
  Train Epochs:       5                   Batch Size:         64                  
  Patience:           3                   Learning Rate:      0.001               
  Des:                Exp                 Loss:               MSE                 
  Lradj:              type1               Use Amp:            0                   

[1mGPU[0m
  Use GPU:            1                   GPU:                0                   
  Use Multi GPU:      0                   Devices:            0,1,2,3             

[1mDe-stationary Projector Params[0m
  P Hidden Dims:      128, 128            P Hidden Layers:    2                   

Use GPU: cuda:0
🚀 Lazy Loading: DLinear ...
>>>>>>>start training : long_term_forecast_PLv2_DLinear_drift_er6000_sl960_s2021_DLinear_custom_ftM_sl960_ll48_pl96_dm64_nh8_el2_dl1_df64_expand2_dc4_fc3_ebtimeF_dtTrue_Exp_0>>>>>>>>>>>>>>>>>>>>>>>>>>
train window subsample: keep 14525/16445 windows (max_train_windows=14525)
train 14525
val 2405
test 4905
	iters: 100, epoch: 1 | loss: 1.0171515
	speed: 0.0203s/iter; left time: 21.0220s
	iters: 200, epoch: 1 | loss: 1.0418155
	speed: 0.0043s/iter; left time: 4.0361s
Epoch: 1 cost time: 1.2485015392303467
Epoch: 1, Steps: 227 | Train Loss: 1.0334634 Vali Loss: 1.0338972 Test Loss: 1.0328537
Validation loss decreased (inf --> 1.033897).  Saving model ...
Updating learning rate to 0.001
	iters: 100, epoch: 2 | loss: 1.0391684
	speed: 0.0119s/iter; left time: 9.6229s
	iters: 200, epoch: 2 | loss: 1.0086478
	speed: 0.0046s/iter; left time: 3.2399s
Epoch: 2 cost time: 1.0785961151123047
Epoch: 2, Steps: 227 | Train Loss: 1.0301909 Vali Loss: 1.0334680 Test Loss: 1.0332139
Validation loss decreased (1.033897 --> 1.033468).  Saving model ...
Updating learning rate to 0.0005
	iters: 100, epoch: 3 | loss: 1.0328566
	speed: 0.0130s/iter; left time: 7.5847s
	iters: 200, epoch: 3 | loss: 1.0301031
	speed: 0.0048s/iter; left time: 2.3360s
Epoch: 3 cost time: 1.1610984802246094
Epoch: 3, Steps: 227 | Train Loss: 1.0112524 Vali Loss: 1.0196607 Test Loss: 1.0185038
Validation loss decreased (1.033468 --> 1.019661).  Saving model ...
Updating learning rate to 0.00025
	iters: 100, epoch: 4 | loss: 0.9981836
	speed: 0.0132s/iter; left time: 4.6828s
	iters: 200, epoch: 4 | loss: 1.0166304
	speed: 0.0046s/iter; left time: 1.1712s
Epoch: 4 cost time: 1.1363646984100342
Epoch: 4, Steps: 227 | Train Loss: 0.9976005 Vali Loss: 1.0141330 Test Loss: 1.0132213
Validation loss decreased (1.019661 --> 1.014133).  Saving model ...
Updating learning rate to 0.000125
	iters: 100, epoch: 5 | loss: 0.9954969
	speed: 0.0129s/iter; left time: 1.6535s
	iters: 200, epoch: 5 | loss: 0.9661483
	speed: 0.0045s/iter; left time: 0.1261s
Epoch: 5 cost time: 1.1038734912872314
Epoch: 5, Steps: 227 | Train Loss: 0.9900283 Vali Loss: 1.0118126 Test Loss: 1.0111598
Validation loss decreased (1.014133 --> 1.011813).  Saving model ...
Updating learning rate to 6.25e-05
>>>>>>>testing : long_term_forecast_PLv2_DLinear_drift_er6000_sl960_s2021_DLinear_custom_ftM_sl960_ll48_pl96_dm64_nh8_el2_dl1_df64_expand2_dc4_fc3_ebtimeF_dtTrue_Exp_0<<<<<<<<<<<<<<<<<<<<<<<<<<<<<<<<<
test 4905
test shape: (4905, 96, 4) (4905, 96, 4)
test shape: (4905, 96, 4) (4905, 96, 4)
mse:1.0113626718521118, mae:0.8005279302597046, dtw:Not calculated
