Using GPU
Args in experiment:
[1mBasic Config[0m
  Task Name:          long_term_forecast  Is Training:        1                   
  Model ID:           PLv2_DLinear_drift_er1000_sl2000_s2021Model:              DLinear             

[1mData Loader[0m
  Data:               custom              Root Path:          ./dataset/power_law/
  Data Path:          drift_er1000.csv    Features:           M                   
  Target:             OT                  Freq:               h                   
  Checkpoints:        ./checkpoints/      

[1mForecasting Task[0m
  Seq Len:            2000                Label Len:          48                  
  Pred Len:           96                  Seasonal Patterns:  Monthly             
  Inverse:            0                   

[1mModel Parameters[0m
  Top k:              5                   Num Kernels:        6                   
  Enc In:             4                   Dec In:             4                   
  C Out:              4                   d model:            64                  
  n heads:            8                   e layers:           2                   
  d layers:           1                   d FF:               64                  
  Moving Avg:         25                  Factor:             3                   
  Distil:             1                   Dropout:            0.1                 
  Embed:              timeF               Activation:         gelu                

[1mRun Parameters[0m
  Num Workers:        2                   Itr:                1                   
  Train Epochs:       5                   Batch Size:         64                  
  Patience:           3                   Learning Rate:      0.001               
  Des:                Exp                 Loss:               MSE                 
  Lradj:              type1               Use Amp:            0                   

[1mGPU[0m
  Use GPU:            1                   GPU:                0                   
  Use Multi GPU:      0                   Devices:            0,1,2,3             

[1mDe-stationary Projector Params[0m
  P Hidden Dims:      128, 128            P Hidden Layers:    2                   

Use GPU: cuda:0
🚀 Lazy Loading: DLinear ...
>>>>>>>start training : long_term_forecast_PLv2_DLinear_drift_er1000_sl2000_s2021_DLinear_custom_ftM_sl2000_ll48_pl96_dm64_nh8_el2_dl1_df64_expand2_dc4_fc3_ebtimeF_dtTrue_Exp_0>>>>>>>>>>>>>>>>>>>>>>>>>>
train window subsample: keep 14525/15405 windows (max_train_windows=14525)
train 14525
val 2405
test 4905
	iters: 100, epoch: 1 | loss: 1.0646158
	speed: 0.0213s/iter; left time: 22.0859s
	iters: 200, epoch: 1 | loss: 1.0516375
	speed: 0.0060s/iter; left time: 5.5798s
Epoch: 1 cost time: 1.6494159698486328
Epoch: 1, Steps: 227 | Train Loss: 1.0537946 Vali Loss: 1.0668225 Test Loss: 1.0612105
Validation loss decreased (inf --> 1.066823).  Saving model ...
Updating learning rate to 0.001
	iters: 100, epoch: 2 | loss: 1.0472440
	speed: 0.0162s/iter; left time: 13.1305s
	iters: 200, epoch: 2 | loss: 1.0629035
	speed: 0.0060s/iter; left time: 4.2290s
Epoch: 2 cost time: 1.4419975280761719
Epoch: 2, Steps: 227 | Train Loss: 1.0466797 Vali Loss: 1.0701193 Test Loss: 1.0628209
EarlyStopping counter: 1 out of 3
Updating learning rate to 0.0005
	iters: 100, epoch: 3 | loss: 1.0060210
	speed: 0.0158s/iter; left time: 9.2074s
	iters: 200, epoch: 3 | loss: 1.0160707
	speed: 0.0059s/iter; left time: 2.8582s
Epoch: 3 cost time: 1.4179630279541016
Epoch: 3, Steps: 227 | Train Loss: 1.0069559 Vali Loss: 1.0341316 Test Loss: 1.0276866
Validation loss decreased (1.066823 --> 1.034132).  Saving model ...
Updating learning rate to 0.00025
	iters: 100, epoch: 4 | loss: 0.9816584
	speed: 0.0161s/iter; left time: 5.7313s
	iters: 200, epoch: 4 | loss: 0.9863464
	speed: 0.0061s/iter; left time: 1.5637s
Epoch: 4 cost time: 1.4541230201721191
Epoch: 4, Steps: 227 | Train Loss: 0.9785091 Vali Loss: 1.0223498 Test Loss: 1.0159683
Validation loss decreased (1.034132 --> 1.022350).  Saving model ...
Updating learning rate to 0.000125
	iters: 100, epoch: 5 | loss: 0.9787054
	speed: 0.0162s/iter; left time: 2.0762s
	iters: 200, epoch: 5 | loss: 0.9542696
	speed: 0.0061s/iter; left time: 0.1715s
Epoch: 5 cost time: 1.4538617134094238
Epoch: 5, Steps: 227 | Train Loss: 0.9631289 Vali Loss: 1.0188641 Test Loss: 1.0121045
Validation loss decreased (1.022350 --> 1.018864).  Saving model ...
Updating learning rate to 6.25e-05
>>>>>>>testing : long_term_forecast_PLv2_DLinear_drift_er1000_sl2000_s2021_DLinear_custom_ftM_sl2000_ll48_pl96_dm64_nh8_el2_dl1_df64_expand2_dc4_fc3_ebtimeF_dtTrue_Exp_0<<<<<<<<<<<<<<<<<<<<<<<<<<<<<<<<<
test 4905
test shape: (4905, 96, 4) (4905, 96, 4)
test shape: (4905, 96, 4) (4905, 96, 4)
mse:1.0117181539535522, mae:0.8015680313110352, dtw:Not calculated
