Using GPU
Args in experiment:
[1mBasic Config[0m
  Task Name:          long_term_forecast  Is Training:        1                   
  Model ID:           PLv2_DLinear_drift_er150_sl2000_s2021Model:              DLinear             

[1mData Loader[0m
  Data:               custom              Root Path:          ./dataset/power_law/
  Data Path:          drift_er150.csv     Features:           M                   
  Target:             OT                  Freq:               h                   
  Checkpoints:        ./checkpoints/      

[1mForecasting Task[0m
  Seq Len:            2000                Label Len:          48                  
  Pred Len:           96                  Seasonal Patterns:  Monthly             
  Inverse:            0                   

[1mModel Parameters[0m
  Top k:              5                   Num Kernels:        6                   
  Enc In:             4                   Dec In:             4                   
  C Out:              4                   d model:            64                  
  n heads:            8                   e layers:           2                   
  d layers:           1                   d FF:               64                  
  Moving Avg:         25                  Factor:             3                   
  Distil:             1                   Dropout:            0.1                 
  Embed:              timeF               Activation:         gelu                

[1mRun Parameters[0m
  Num Workers:        2                   Itr:                1                   
  Train Epochs:       5                   Batch Size:         64                  
  Patience:           3                   Learning Rate:      0.001               
  Des:                Exp                 Loss:               MSE                 
  Lradj:              type1               Use Amp:            0                   

[1mGPU[0m
  Use GPU:            1                   GPU:                0                   
  Use Multi GPU:      0                   Devices:            0,1,2,3             

[1mDe-stationary Projector Params[0m
  P Hidden Dims:      128, 128            P Hidden Layers:    2                   

Use GPU: cuda:0
🚀 Lazy Loading: DLinear ...
>>>>>>>start training : long_term_forecast_PLv2_DLinear_drift_er150_sl2000_s2021_DLinear_custom_ftM_sl2000_ll48_pl96_dm64_nh8_el2_dl1_df64_expand2_dc4_fc3_ebtimeF_dtTrue_Exp_0>>>>>>>>>>>>>>>>>>>>>>>>>>
train window subsample: keep 14525/15405 windows (max_train_windows=14525)
train 14525
val 2405
test 4905
	iters: 100, epoch: 1 | loss: 0.8278035
	speed: 0.0204s/iter; left time: 21.1134s
	iters: 200, epoch: 1 | loss: 0.8333902
	speed: 0.0055s/iter; left time: 5.1208s
Epoch: 1 cost time: 1.4808735847473145
Epoch: 1, Steps: 227 | Train Loss: 0.8307190 Vali Loss: 0.8395828 Test Loss: 0.8368956
Validation loss decreased (inf --> 0.839583).  Saving model ...
Updating learning rate to 0.001
	iters: 100, epoch: 2 | loss: 0.8255544
	speed: 0.0158s/iter; left time: 12.7709s
	iters: 200, epoch: 2 | loss: 0.8338400
	speed: 0.0059s/iter; left time: 4.1774s
Epoch: 2 cost time: 1.407573938369751
Epoch: 2, Steps: 227 | Train Loss: 0.8222012 Vali Loss: 0.8394314 Test Loss: 0.8365455
Validation loss decreased (0.839583 --> 0.839431).  Saving model ...
Updating learning rate to 0.0005
	iters: 100, epoch: 3 | loss: 0.7968584
	speed: 0.0155s/iter; left time: 8.9963s
	iters: 200, epoch: 3 | loss: 0.8009416
	speed: 0.0062s/iter; left time: 2.9775s
Epoch: 3 cost time: 1.4416279792785645
Epoch: 3, Steps: 227 | Train Loss: 0.7897226 Vali Loss: 0.8117048 Test Loss: 0.8090262
Validation loss decreased (0.839431 --> 0.811705).  Saving model ...
Updating learning rate to 0.00025
	iters: 100, epoch: 4 | loss: 0.7669578
	speed: 0.0156s/iter; left time: 5.5529s
	iters: 200, epoch: 4 | loss: 0.7962823
	speed: 0.0059s/iter; left time: 1.4926s
Epoch: 4 cost time: 1.407444715499878
Epoch: 4, Steps: 227 | Train Loss: 0.7665800 Vali Loss: 0.7971711 Test Loss: 0.7964482
Validation loss decreased (0.811705 --> 0.797171).  Saving model ...
Updating learning rate to 0.000125
	iters: 100, epoch: 5 | loss: 0.7527671
	speed: 0.0157s/iter; left time: 2.0144s
	iters: 200, epoch: 5 | loss: 0.7703142
	speed: 0.0057s/iter; left time: 0.1583s
Epoch: 5 cost time: 1.4164049625396729
Epoch: 5, Steps: 227 | Train Loss: 0.7544494 Vali Loss: 0.7920658 Test Loss: 0.7917888
Validation loss decreased (0.797171 --> 0.792066).  Saving model ...
Updating learning rate to 6.25e-05
>>>>>>>testing : long_term_forecast_PLv2_DLinear_drift_er150_sl2000_s2021_DLinear_custom_ftM_sl2000_ll48_pl96_dm64_nh8_el2_dl1_df64_expand2_dc4_fc3_ebtimeF_dtTrue_Exp_0<<<<<<<<<<<<<<<<<<<<<<<<<<<<<<<<<
test 4905
test shape: (4905, 96, 4) (4905, 96, 4)
test shape: (4905, 96, 4) (4905, 96, 4)
mse:0.7914398908615112, mae:0.7041041254997253, dtw:Not calculated
