Using GPU
Args in experiment:
[1mBasic Config[0m
  Task Name:          long_term_forecast  Is Training:        1                   
  Model ID:           PLv2_DLinear_drift_er2500_sl720_s2022Model:              DLinear             

[1mData Loader[0m
  Data:               custom              Root Path:          ./dataset/power_law/
  Data Path:          drift_er2500.csv    Features:           M                   
  Target:             OT                  Freq:               h                   
  Checkpoints:        ./checkpoints/      

[1mForecasting Task[0m
  Seq Len:            720                 Label Len:          48                  
  Pred Len:           96                  Seasonal Patterns:  Monthly             
  Inverse:            0                   

[1mModel Parameters[0m
  Top k:              5                   Num Kernels:        6                   
  Enc In:             4                   Dec In:             4                   
  C Out:              4                   d model:            64                  
  n heads:            8                   e layers:           2                   
  d layers:           1                   d FF:               64                  
  Moving Avg:         25                  Factor:             3                   
  Distil:             1                   Dropout:            0.1                 
  Embed:              timeF               Activation:         gelu                

[1mRun Parameters[0m
  Num Workers:        2                   Itr:                1                   
  Train Epochs:       5                   Batch Size:         64                  
  Patience:           3                   Learning Rate:      0.001               
  Des:                Exp                 Loss:               MSE                 
  Lradj:              type1               Use Amp:            0                   

[1mGPU[0m
  Use GPU:            1                   GPU:                0                   
  Use Multi GPU:      0                   Devices:            0,1,2,3             

[1mDe-stationary Projector Params[0m
  P Hidden Dims:      128, 128            P Hidden Layers:    2                   

Use GPU: cuda:0
🚀 Lazy Loading: DLinear ...
>>>>>>>start training : long_term_forecast_PLv2_DLinear_drift_er2500_sl720_s2022_DLinear_custom_ftM_sl720_ll48_pl96_dm64_nh8_el2_dl1_df64_expand2_dc4_fc3_ebtimeF_dtTrue_Exp_0>>>>>>>>>>>>>>>>>>>>>>>>>>
train window subsample: keep 14525/16685 windows (max_train_windows=14525)
train 14525
val 2405
test 4905
	iters: 100, epoch: 1 | loss: 1.0204651
	speed: 0.0213s/iter; left time: 22.0991s
	iters: 200, epoch: 1 | loss: 1.0051713
	speed: 0.0037s/iter; left time: 3.4992s
Epoch: 1 cost time: 1.1428937911987305
Epoch: 1, Steps: 227 | Train Loss: 1.0131602 Vali Loss: 1.0078804 Test Loss: 1.0078305
Validation loss decreased (inf --> 1.007880).  Saving model ...
Updating learning rate to 0.001
	iters: 100, epoch: 2 | loss: 1.0170472
	speed: 0.0113s/iter; left time: 9.1587s
	iters: 200, epoch: 2 | loss: 1.0128775
	speed: 0.0042s/iter; left time: 2.9648s
Epoch: 2 cost time: 1.0231225490570068
Epoch: 2, Steps: 227 | Train Loss: 1.0107979 Vali Loss: 1.0088434 Test Loss: 1.0079827
EarlyStopping counter: 1 out of 3
Updating learning rate to 0.0005
	iters: 100, epoch: 3 | loss: 0.9840877
	speed: 0.0115s/iter; left time: 6.7137s
	iters: 200, epoch: 3 | loss: 0.9946642
	speed: 0.0039s/iter; left time: 1.8928s
Epoch: 3 cost time: 0.9727306365966797
Epoch: 3, Steps: 227 | Train Loss: 0.9965740 Vali Loss: 0.9971867 Test Loss: 0.9974892
Validation loss decreased (1.007880 --> 0.997187).  Saving model ...
Updating learning rate to 0.00025
	iters: 100, epoch: 4 | loss: 0.9949852
	speed: 0.0114s/iter; left time: 4.0381s
	iters: 200, epoch: 4 | loss: 0.9714040
	speed: 0.0040s/iter; left time: 1.0104s
Epoch: 4 cost time: 0.9773666858673096
Epoch: 4, Steps: 227 | Train Loss: 0.9863617 Vali Loss: 0.9937216 Test Loss: 0.9934053
Validation loss decreased (0.997187 --> 0.993722).  Saving model ...
Updating learning rate to 0.000125
	iters: 100, epoch: 5 | loss: 0.9797854
	speed: 0.0113s/iter; left time: 1.4434s
	iters: 200, epoch: 5 | loss: 0.9784945
	speed: 0.0039s/iter; left time: 0.1091s
Epoch: 5 cost time: 0.9486589431762695
Epoch: 5, Steps: 227 | Train Loss: 0.9806925 Vali Loss: 0.9926760 Test Loss: 0.9924756
Validation loss decreased (0.993722 --> 0.992676).  Saving model ...
Updating learning rate to 6.25e-05
>>>>>>>testing : long_term_forecast_PLv2_DLinear_drift_er2500_sl720_s2022_DLinear_custom_ftM_sl720_ll48_pl96_dm64_nh8_el2_dl1_df64_expand2_dc4_fc3_ebtimeF_dtTrue_Exp_0<<<<<<<<<<<<<<<<<<<<<<<<<<<<<<<<<
test 4905
test shape: (4905, 96, 4) (4905, 96, 4)
test shape: (4905, 96, 4) (4905, 96, 4)
mse:0.9922611713409424, mae:0.7924747467041016, dtw:Not calculated
