Using GPU
Args in experiment:
[1mBasic Config[0m
  Task Name:          long_term_forecast  Is Training:        1                   
  Model ID:           PLv2_DLinear_drift_er250_sl192_s2022Model:              DLinear             

[1mData Loader[0m
  Data:               custom              Root Path:          ./dataset/power_law/
  Data Path:          drift_er250.csv     Features:           M                   
  Target:             OT                  Freq:               h                   
  Checkpoints:        ./checkpoints/      

[1mForecasting Task[0m
  Seq Len:            192                 Label Len:          48                  
  Pred Len:           96                  Seasonal Patterns:  Monthly             
  Inverse:            0                   

[1mModel Parameters[0m
  Top k:              5                   Num Kernels:        6                   
  Enc In:             4                   Dec In:             4                   
  C Out:              4                   d model:            64                  
  n heads:            8                   e layers:           2                   
  d layers:           1                   d FF:               64                  
  Moving Avg:         25                  Factor:             3                   
  Distil:             1                   Dropout:            0.1                 
  Embed:              timeF               Activation:         gelu                

[1mRun Parameters[0m
  Num Workers:        2                   Itr:                1                   
  Train Epochs:       5                   Batch Size:         64                  
  Patience:           3                   Learning Rate:      0.001               
  Des:                Exp                 Loss:               MSE                 
  Lradj:              type1               Use Amp:            0                   

[1mGPU[0m
  Use GPU:            1                   GPU:                0                   
  Use Multi GPU:      0                   Devices:            0,1,2,3             

[1mDe-stationary Projector Params[0m
  P Hidden Dims:      128, 128            P Hidden Layers:    2                   

Use GPU: cuda:0
🚀 Lazy Loading: DLinear ...
>>>>>>>start training : long_term_forecast_PLv2_DLinear_drift_er250_sl192_s2022_DLinear_custom_ftM_sl192_ll48_pl96_dm64_nh8_el2_dl1_df64_expand2_dc4_fc3_ebtimeF_dtTrue_Exp_0>>>>>>>>>>>>>>>>>>>>>>>>>>
train window subsample: keep 14525/17213 windows (max_train_windows=14525)
train 14525
val 2405
test 4905
	iters: 100, epoch: 1 | loss: 0.8612148
	speed: 0.0180s/iter; left time: 18.6411s
	iters: 200, epoch: 1 | loss: 0.8516881
	speed: 0.0025s/iter; left time: 2.3741s
Epoch: 1 cost time: 0.8706459999084473
Epoch: 1, Steps: 227 | Train Loss: 0.8528600 Vali Loss: 0.8530504 Test Loss: 0.8586046
Validation loss decreased (inf --> 0.853050).  Saving model ...
Updating learning rate to 0.001
	iters: 100, epoch: 2 | loss: 0.8556957
	speed: 0.0071s/iter; left time: 5.7326s
	iters: 200, epoch: 2 | loss: 0.8538378
	speed: 0.0025s/iter; left time: 1.7911s
Epoch: 2 cost time: 0.6371932029724121
Epoch: 2, Steps: 227 | Train Loss: 0.8517324 Vali Loss: 0.8546213 Test Loss: 0.8596243
EarlyStopping counter: 1 out of 3
Updating learning rate to 0.0005
	iters: 100, epoch: 3 | loss: 0.8546626
	speed: 0.0071s/iter; left time: 4.1281s
	iters: 200, epoch: 3 | loss: 0.8395767
	speed: 0.0025s/iter; left time: 1.2258s
Epoch: 3 cost time: 0.629037618637085
Epoch: 3, Steps: 227 | Train Loss: 0.8482220 Vali Loss: 0.8463585 Test Loss: 0.8511686
Validation loss decreased (0.853050 --> 0.846358).  Saving model ...
Updating learning rate to 0.00025
	iters: 100, epoch: 4 | loss: 0.8428153
	speed: 0.0072s/iter; left time: 2.5642s
	iters: 200, epoch: 4 | loss: 0.8362926
	speed: 0.0026s/iter; left time: 0.6514s
Epoch: 4 cost time: 0.6389844417572021
Epoch: 4, Steps: 227 | Train Loss: 0.8456482 Vali Loss: 0.8429457 Test Loss: 0.8477414
Validation loss decreased (0.846358 --> 0.842946).  Saving model ...
Updating learning rate to 0.000125
	iters: 100, epoch: 5 | loss: 0.8480548
	speed: 0.0073s/iter; left time: 0.9330s
	iters: 200, epoch: 5 | loss: 0.8336962
	speed: 0.0025s/iter; left time: 0.0706s
Epoch: 5 cost time: 0.6393022537231445
Epoch: 5, Steps: 227 | Train Loss: 0.8442732 Vali Loss: 0.8422644 Test Loss: 0.8468280
Validation loss decreased (0.842946 --> 0.842264).  Saving model ...
Updating learning rate to 6.25e-05
>>>>>>>testing : long_term_forecast_PLv2_DLinear_drift_er250_sl192_s2022_DLinear_custom_ftM_sl192_ll48_pl96_dm64_nh8_el2_dl1_df64_expand2_dc4_fc3_ebtimeF_dtTrue_Exp_0<<<<<<<<<<<<<<<<<<<<<<<<<<<<<<<<<
test 4905
test shape: (4905, 96, 4) (4905, 96, 4)
test shape: (4905, 96, 4) (4905, 96, 4)
mse:0.8468447327613831, mae:0.7317039370536804, dtw:Not calculated
