Using GPU
Args in experiment:
[1mBasic Config[0m
  Task Name:          long_term_forecast  Is Training:        1                   
  Model ID:           PLv2_DLinear_drift_er1000_sl192_s2021Model:              DLinear             

[1mData Loader[0m
  Data:               custom              Root Path:          ./dataset/power_law/
  Data Path:          drift_er1000.csv    Features:           M                   
  Target:             OT                  Freq:               h                   
  Checkpoints:        ./checkpoints/      

[1mForecasting Task[0m
  Seq Len:            192                 Label Len:          48                  
  Pred Len:           96                  Seasonal Patterns:  Monthly             
  Inverse:            0                   

[1mModel Parameters[0m
  Top k:              5                   Num Kernels:        6                   
  Enc In:             4                   Dec In:             4                   
  C Out:              4                   d model:            64                  
  n heads:            8                   e layers:           2                   
  d layers:           1                   d FF:               64                  
  Moving Avg:         25                  Factor:             3                   
  Distil:             1                   Dropout:            0.1                 
  Embed:              timeF               Activation:         gelu                

[1mRun Parameters[0m
  Num Workers:        2                   Itr:                1                   
  Train Epochs:       5                   Batch Size:         64                  
  Patience:           3                   Learning Rate:      0.001               
  Des:                Exp                 Loss:               MSE                 
  Lradj:              type1               Use Amp:            0                   

[1mGPU[0m
  Use GPU:            1                   GPU:                0                   
  Use Multi GPU:      0                   Devices:            0,1,2,3             

[1mDe-stationary Projector Params[0m
  P Hidden Dims:      128, 128            P Hidden Layers:    2                   

Use GPU: cuda:0
🚀 Lazy Loading: DLinear ...
>>>>>>>start training : long_term_forecast_PLv2_DLinear_drift_er1000_sl192_s2021_DLinear_custom_ftM_sl192_ll48_pl96_dm64_nh8_el2_dl1_df64_expand2_dc4_fc3_ebtimeF_dtTrue_Exp_0>>>>>>>>>>>>>>>>>>>>>>>>>>
train window subsample: keep 14525/17213 windows (max_train_windows=14525)
train 14525
val 2405
test 4905
	iters: 100, epoch: 1 | loss: 0.9901022
	speed: 0.0173s/iter; left time: 17.9663s
	iters: 200, epoch: 1 | loss: 0.9811682
	speed: 0.0025s/iter; left time: 2.3214s
Epoch: 1 cost time: 0.8252143859863281
Epoch: 1, Steps: 227 | Train Loss: 0.9914388 Vali Loss: 0.9951082 Test Loss: 0.9887150
Validation loss decreased (inf --> 0.995108).  Saving model ...
Updating learning rate to 0.001
	iters: 100, epoch: 2 | loss: 0.9829797
	speed: 0.0077s/iter; left time: 6.2064s
	iters: 200, epoch: 2 | loss: 0.9995215
	speed: 0.0026s/iter; left time: 1.8317s
Epoch: 2 cost time: 0.6474640369415283
Epoch: 2, Steps: 227 | Train Loss: 0.9905907 Vali Loss: 0.9948930 Test Loss: 0.9886085
Validation loss decreased (0.995108 --> 0.994893).  Saving model ...
Updating learning rate to 0.0005
	iters: 100, epoch: 3 | loss: 1.0056691
	speed: 0.0076s/iter; left time: 4.4301s
	iters: 200, epoch: 3 | loss: 0.9943476
	speed: 0.0025s/iter; left time: 1.2256s
Epoch: 3 cost time: 0.6447052955627441
Epoch: 3, Steps: 227 | Train Loss: 0.9867157 Vali Loss: 0.9919930 Test Loss: 0.9853478
Validation loss decreased (0.994893 --> 0.991993).  Saving model ...
Updating learning rate to 0.00025
	iters: 100, epoch: 4 | loss: 0.9872754
	speed: 0.0073s/iter; left time: 2.6070s
	iters: 200, epoch: 4 | loss: 0.9907353
	speed: 0.0025s/iter; left time: 0.6399s
Epoch: 4 cost time: 0.6270751953125
Epoch: 4, Steps: 227 | Train Loss: 0.9839806 Vali Loss: 0.9905444 Test Loss: 0.9842518
Validation loss decreased (0.991993 --> 0.990544).  Saving model ...
Updating learning rate to 0.000125
	iters: 100, epoch: 5 | loss: 0.9870232
	speed: 0.0075s/iter; left time: 0.9549s
	iters: 200, epoch: 5 | loss: 0.9933267
	speed: 0.0026s/iter; left time: 0.0726s
Epoch: 5 cost time: 0.6462771892547607
Epoch: 5, Steps: 227 | Train Loss: 0.9824603 Vali Loss: 0.9908578 Test Loss: 0.9842507
EarlyStopping counter: 1 out of 3
Updating learning rate to 6.25e-05
>>>>>>>testing : long_term_forecast_PLv2_DLinear_drift_er1000_sl192_s2021_DLinear_custom_ftM_sl192_ll48_pl96_dm64_nh8_el2_dl1_df64_expand2_dc4_fc3_ebtimeF_dtTrue_Exp_0<<<<<<<<<<<<<<<<<<<<<<<<<<<<<<<<<
test 4905
test shape: (4905, 96, 4) (4905, 96, 4)
test shape: (4905, 96, 4) (4905, 96, 4)
mse:0.9838603138923645, mae:0.7893978357315063, dtw:Not calculated
