Using GPU
Args in experiment:
[1mBasic Config[0m
  Task Name:          long_term_forecast  Is Training:        1                   
  Model ID:           PLv2_DLinear_drift_er50_sl192_s2021Model:              DLinear             

[1mData Loader[0m
  Data:               custom              Root Path:          ./dataset/power_law/
  Data Path:          drift_er50.csv      Features:           M                   
  Target:             OT                  Freq:               h                   
  Checkpoints:        ./checkpoints/      

[1mForecasting Task[0m
  Seq Len:            192                 Label Len:          48                  
  Pred Len:           96                  Seasonal Patterns:  Monthly             
  Inverse:            0                   

[1mModel Parameters[0m
  Top k:              5                   Num Kernels:        6                   
  Enc In:             4                   Dec In:             4                   
  C Out:              4                   d model:            64                  
  n heads:            8                   e layers:           2                   
  d layers:           1                   d FF:               64                  
  Moving Avg:         25                  Factor:             3                   
  Distil:             1                   Dropout:            0.1                 
  Embed:              timeF               Activation:         gelu                

[1mRun Parameters[0m
  Num Workers:        2                   Itr:                1                   
  Train Epochs:       5                   Batch Size:         64                  
  Patience:           3                   Learning Rate:      0.001               
  Des:                Exp                 Loss:               MSE                 
  Lradj:              type1               Use Amp:            0                   

[1mGPU[0m
  Use GPU:            1                   GPU:                0                   
  Use Multi GPU:      0                   Devices:            0,1,2,3             

[1mDe-stationary Projector Params[0m
  P Hidden Dims:      128, 128            P Hidden Layers:    2                   

Use GPU: cuda:0
🚀 Lazy Loading: DLinear ...
>>>>>>>start training : long_term_forecast_PLv2_DLinear_drift_er50_sl192_s2021_DLinear_custom_ftM_sl192_ll48_pl96_dm64_nh8_el2_dl1_df64_expand2_dc4_fc3_ebtimeF_dtTrue_Exp_0>>>>>>>>>>>>>>>>>>>>>>>>>>
train window subsample: keep 14525/17213 windows (max_train_windows=14525)
train 14525
val 2405
test 4905
	iters: 100, epoch: 1 | loss: 0.4794708
	speed: 0.0172s/iter; left time: 17.8503s
	iters: 200, epoch: 1 | loss: 0.4832776
	speed: 0.0030s/iter; left time: 2.8006s
Epoch: 1 cost time: 0.9355216026306152
Epoch: 1, Steps: 227 | Train Loss: 0.4840972 Vali Loss: 0.4975324 Test Loss: 0.4964186
Validation loss decreased (inf --> 0.497532).  Saving model ...
Updating learning rate to 0.001
	iters: 100, epoch: 2 | loss: 0.4882535
	speed: 0.0075s/iter; left time: 6.0548s
	iters: 200, epoch: 2 | loss: 0.4830440
	speed: 0.0024s/iter; left time: 1.7307s
Epoch: 2 cost time: 0.626981258392334
Epoch: 2, Steps: 227 | Train Loss: 0.4831158 Vali Loss: 0.4936258 Test Loss: 0.4897386
Validation loss decreased (0.497532 --> 0.493626).  Saving model ...
Updating learning rate to 0.0005
	iters: 100, epoch: 3 | loss: 0.4755678
	speed: 0.0071s/iter; left time: 4.1341s
	iters: 200, epoch: 3 | loss: 0.4795274
	speed: 0.0025s/iter; left time: 1.1937s
Epoch: 3 cost time: 0.6206536293029785
Epoch: 3, Steps: 227 | Train Loss: 0.4804971 Vali Loss: 0.4908447 Test Loss: 0.4855910
Validation loss decreased (0.493626 --> 0.490845).  Saving model ...
Updating learning rate to 0.00025
	iters: 100, epoch: 4 | loss: 0.4806795
	speed: 0.0071s/iter; left time: 2.5209s
	iters: 200, epoch: 4 | loss: 0.4779032
	speed: 0.0024s/iter; left time: 0.6131s
Epoch: 4 cost time: 0.6078259944915771
Epoch: 4, Steps: 227 | Train Loss: 0.4788257 Vali Loss: 0.4895657 Test Loss: 0.4835176
Validation loss decreased (0.490845 --> 0.489566).  Saving model ...
Updating learning rate to 0.000125
	iters: 100, epoch: 5 | loss: 0.4756348
	speed: 0.0070s/iter; left time: 0.8968s
	iters: 200, epoch: 5 | loss: 0.4813203
	speed: 0.0024s/iter; left time: 0.0664s
Epoch: 5 cost time: 0.6014969348907471
Epoch: 5, Steps: 227 | Train Loss: 0.4779268 Vali Loss: 0.4888083 Test Loss: 0.4823945
Validation loss decreased (0.489566 --> 0.488808).  Saving model ...
Updating learning rate to 6.25e-05
>>>>>>>testing : long_term_forecast_PLv2_DLinear_drift_er50_sl192_s2021_DLinear_custom_ftM_sl192_ll48_pl96_dm64_nh8_el2_dl1_df64_expand2_dc4_fc3_ebtimeF_dtTrue_Exp_0<<<<<<<<<<<<<<<<<<<<<<<<<<<<<<<<<
test 4905
test shape: (4905, 96, 4) (4905, 96, 4)
test shape: (4905, 96, 4) (4905, 96, 4)
mse:0.4824479818344116, mae:0.5473423004150391, dtw:Not calculated
