Using GPU
Args in experiment:
[1mBasic Config[0m
  Task Name:          long_term_forecast  Is Training:        1                   
  Model ID:           PLv2_DLinear_drift_er6000_sl192_s2022Model:              DLinear             

[1mData Loader[0m
  Data:               custom              Root Path:          ./dataset/power_law/
  Data Path:          drift_er6000.csv    Features:           M                   
  Target:             OT                  Freq:               h                   
  Checkpoints:        ./checkpoints/      

[1mForecasting Task[0m
  Seq Len:            192                 Label Len:          48                  
  Pred Len:           96                  Seasonal Patterns:  Monthly             
  Inverse:            0                   

[1mModel Parameters[0m
  Top k:              5                   Num Kernels:        6                   
  Enc In:             4                   Dec In:             4                   
  C Out:              4                   d model:            64                  
  n heads:            8                   e layers:           2                   
  d layers:           1                   d FF:               64                  
  Moving Avg:         25                  Factor:             3                   
  Distil:             1                   Dropout:            0.1                 
  Embed:              timeF               Activation:         gelu                

[1mRun Parameters[0m
  Num Workers:        2                   Itr:                1                   
  Train Epochs:       5                   Batch Size:         64                  
  Patience:           3                   Learning Rate:      0.001               
  Des:                Exp                 Loss:               MSE                 
  Lradj:              type1               Use Amp:            0                   

[1mGPU[0m
  Use GPU:            1                   GPU:                0                   
  Use Multi GPU:      0                   Devices:            0,1,2,3             

[1mDe-stationary Projector Params[0m
  P Hidden Dims:      128, 128            P Hidden Layers:    2                   

Use GPU: cuda:0
🚀 Lazy Loading: DLinear ...
>>>>>>>start training : long_term_forecast_PLv2_DLinear_drift_er6000_sl192_s2022_DLinear_custom_ftM_sl192_ll48_pl96_dm64_nh8_el2_dl1_df64_expand2_dc4_fc3_ebtimeF_dtTrue_Exp_0>>>>>>>>>>>>>>>>>>>>>>>>>>
train window subsample: keep 14525/17213 windows (max_train_windows=14525)
train 14525
val 2405
test 4905
	iters: 100, epoch: 1 | loss: 1.0125084
	speed: 0.0263s/iter; left time: 27.2291s
	iters: 200, epoch: 1 | loss: 1.0135466
	speed: 0.0091s/iter; left time: 8.5528s
Epoch: 1 cost time: 2.3287882804870605
Epoch: 1, Steps: 227 | Train Loss: 1.0062018 Vali Loss: 1.0072091 Test Loss: 1.0048347
Validation loss decreased (inf --> 1.007209).  Saving model ...
Updating learning rate to 0.001
	iters: 100, epoch: 2 | loss: 1.0150198
	speed: 0.0184s/iter; left time: 14.8596s
	iters: 200, epoch: 2 | loss: 1.0161409
	speed: 0.0062s/iter; left time: 4.3730s
Epoch: 2 cost time: 1.4690983295440674
Epoch: 2, Steps: 227 | Train Loss: 1.0050168 Vali Loss: 1.0075174 Test Loss: 1.0046804
EarlyStopping counter: 1 out of 3
Updating learning rate to 0.0005
	iters: 100, epoch: 3 | loss: 1.0171008
	speed: 0.0226s/iter; left time: 13.1373s
	iters: 200, epoch: 3 | loss: 1.0107101
	speed: 0.0094s/iter; left time: 4.5330s
Epoch: 3 cost time: 2.1153318881988525
Epoch: 3, Steps: 227 | Train Loss: 1.0012685 Vali Loss: 1.0043272 Test Loss: 1.0018470
Validation loss decreased (1.007209 --> 1.004327).  Saving model ...
Updating learning rate to 0.00025
	iters: 100, epoch: 4 | loss: 1.0147456
	speed: 0.0184s/iter; left time: 6.5496s
	iters: 200, epoch: 4 | loss: 1.0179188
	speed: 0.0047s/iter; left time: 1.2007s
Epoch: 4 cost time: 1.2877769470214844
Epoch: 4, Steps: 227 | Train Loss: 0.9985280 Vali Loss: 1.0037137 Test Loss: 1.0009949
Validation loss decreased (1.004327 --> 1.003714).  Saving model ...
Updating learning rate to 0.000125
	iters: 100, epoch: 5 | loss: 0.9879181
	speed: 0.0161s/iter; left time: 2.0639s
	iters: 200, epoch: 5 | loss: 1.0093855
	speed: 0.0075s/iter; left time: 0.2091s
Epoch: 5 cost time: 1.652475357055664
Epoch: 5, Steps: 227 | Train Loss: 0.9969903 Vali Loss: 1.0030820 Test Loss: 1.0003926
Validation loss decreased (1.003714 --> 1.003082).  Saving model ...
Updating learning rate to 6.25e-05
>>>>>>>testing : long_term_forecast_PLv2_DLinear_drift_er6000_sl192_s2022_DLinear_custom_ftM_sl192_ll48_pl96_dm64_nh8_el2_dl1_df64_expand2_dc4_fc3_ebtimeF_dtTrue_Exp_0<<<<<<<<<<<<<<<<<<<<<<<<<<<<<<<<<
test 4905
test shape: (4905, 96, 4) (4905, 96, 4)
test shape: (4905, 96, 4) (4905, 96, 4)
mse:1.000529408454895, mae:0.7965775728225708, dtw:Not calculated
