Using GPU
Args in experiment:
[1mBasic Config[0m
  Task Name:          long_term_forecast  Is Training:        1                   
  Model ID:           PLv2_DLinear_drift_er6000_sl1440_s2022Model:              DLinear             

[1mData Loader[0m
  Data:               custom              Root Path:          ./dataset/power_law/
  Data Path:          drift_er6000.csv    Features:           M                   
  Target:             OT                  Freq:               h                   
  Checkpoints:        ./checkpoints/      

[1mForecasting Task[0m
  Seq Len:            1440                Label Len:          48                  
  Pred Len:           96                  Seasonal Patterns:  Monthly             
  Inverse:            0                   

[1mModel Parameters[0m
  Top k:              5                   Num Kernels:        6                   
  Enc In:             4                   Dec In:             4                   
  C Out:              4                   d model:            64                  
  n heads:            8                   e layers:           2                   
  d layers:           1                   d FF:               64                  
  Moving Avg:         25                  Factor:             3                   
  Distil:             1                   Dropout:            0.1                 
  Embed:              timeF               Activation:         gelu                

[1mRun Parameters[0m
  Num Workers:        2                   Itr:                1                   
  Train Epochs:       5                   Batch Size:         64                  
  Patience:           3                   Learning Rate:      0.001               
  Des:                Exp                 Loss:               MSE                 
  Lradj:              type1               Use Amp:            0                   

[1mGPU[0m
  Use GPU:            1                   GPU:                0                   
  Use Multi GPU:      0                   Devices:            0,1,2,3             

[1mDe-stationary Projector Params[0m
  P Hidden Dims:      128, 128            P Hidden Layers:    2                   

Use GPU: cuda:0
🚀 Lazy Loading: DLinear ...
>>>>>>>start training : long_term_forecast_PLv2_DLinear_drift_er6000_sl1440_s2022_DLinear_custom_ftM_sl1440_ll48_pl96_dm64_nh8_el2_dl1_df64_expand2_dc4_fc3_ebtimeF_dtTrue_Exp_0>>>>>>>>>>>>>>>>>>>>>>>>>>
train window subsample: keep 14525/15965 windows (max_train_windows=14525)
train 14525
val 2405
test 4905
	iters: 100, epoch: 1 | loss: 1.0500021
	speed: 0.0195s/iter; left time: 20.2450s
	iters: 200, epoch: 1 | loss: 1.0485958
	speed: 0.0044s/iter; left time: 4.0843s
Epoch: 1 cost time: 1.2559514045715332
Epoch: 1, Steps: 227 | Train Loss: 1.0494541 Vali Loss: 1.0542913 Test Loss: 1.0507595
Validation loss decreased (inf --> 1.054291).  Saving model ...
Updating learning rate to 0.001
	iters: 100, epoch: 2 | loss: 1.0322287
	speed: 0.0114s/iter; left time: 9.2277s
	iters: 200, epoch: 2 | loss: 1.0494195
	speed: 0.0041s/iter; left time: 2.9350s
Epoch: 2 cost time: 1.0052502155303955
Epoch: 2, Steps: 227 | Train Loss: 1.0445164 Vali Loss: 1.0571634 Test Loss: 1.0550871
EarlyStopping counter: 1 out of 3
Updating learning rate to 0.0005
	iters: 100, epoch: 3 | loss: 1.0287186
	speed: 0.0131s/iter; left time: 7.6365s
	iters: 200, epoch: 3 | loss: 1.0342726
	speed: 0.0046s/iter; left time: 2.2355s
Epoch: 3 cost time: 1.1331443786621094
Epoch: 3, Steps: 227 | Train Loss: 1.0160570 Vali Loss: 1.0316283 Test Loss: 1.0288081
Validation loss decreased (1.054291 --> 1.031628).  Saving model ...
Updating learning rate to 0.00025
	iters: 100, epoch: 4 | loss: 1.0134146
	speed: 0.0131s/iter; left time: 4.6462s
	iters: 200, epoch: 4 | loss: 0.9847635
	speed: 0.0045s/iter; left time: 1.1566s
Epoch: 4 cost time: 1.1169462203979492
Epoch: 4, Steps: 227 | Train Loss: 0.9952779 Vali Loss: 1.0233419 Test Loss: 1.0208390
Validation loss decreased (1.031628 --> 1.023342).  Saving model ...
Updating learning rate to 0.000125
	iters: 100, epoch: 5 | loss: 0.9959261
	speed: 0.0129s/iter; left time: 1.6490s
	iters: 200, epoch: 5 | loss: 0.9823629
	speed: 0.0047s/iter; left time: 0.1308s
Epoch: 5 cost time: 1.1227645874023438
Epoch: 5, Steps: 227 | Train Loss: 0.9840339 Vali Loss: 1.0215122 Test Loss: 1.0190994
Validation loss decreased (1.023342 --> 1.021512).  Saving model ...
Updating learning rate to 6.25e-05
>>>>>>>testing : long_term_forecast_PLv2_DLinear_drift_er6000_sl1440_s2022_DLinear_custom_ftM_sl1440_ll48_pl96_dm64_nh8_el2_dl1_df64_expand2_dc4_fc3_ebtimeF_dtTrue_Exp_0<<<<<<<<<<<<<<<<<<<<<<<<<<<<<<<<<
test 4905
test shape: (4905, 96, 4) (4905, 96, 4)
test shape: (4905, 96, 4) (4905, 96, 4)
mse:1.0193164348602295, mae:0.8039312958717346, dtw:Not calculated
