Using GPU
Args in experiment:
[1mBasic Config[0m
  Task Name:          long_term_forecast  Is Training:        1                   
  Model ID:           PLv2_DLinear_drift_er2500_sl96_s2022Model:              DLinear             

[1mData Loader[0m
  Data:               custom              Root Path:          ./dataset/power_law/
  Data Path:          drift_er2500.csv    Features:           M                   
  Target:             OT                  Freq:               h                   
  Checkpoints:        ./checkpoints/      

[1mForecasting Task[0m
  Seq Len:            96                  Label Len:          48                  
  Pred Len:           96                  Seasonal Patterns:  Monthly             
  Inverse:            0                   

[1mModel Parameters[0m
  Top k:              5                   Num Kernels:        6                   
  Enc In:             4                   Dec In:             4                   
  C Out:              4                   d model:            64                  
  n heads:            8                   e layers:           2                   
  d layers:           1                   d FF:               64                  
  Moving Avg:         25                  Factor:             3                   
  Distil:             1                   Dropout:            0.1                 
  Embed:              timeF               Activation:         gelu                

[1mRun Parameters[0m
  Num Workers:        2                   Itr:                1                   
  Train Epochs:       5                   Batch Size:         64                  
  Patience:           3                   Learning Rate:      0.001               
  Des:                Exp                 Loss:               MSE                 
  Lradj:              type1               Use Amp:            0                   

[1mGPU[0m
  Use GPU:            1                   GPU:                0                   
  Use Multi GPU:      0                   Devices:            0,1,2,3             

[1mDe-stationary Projector Params[0m
  P Hidden Dims:      128, 128            P Hidden Layers:    2                   

Use GPU: cuda:0
🚀 Lazy Loading: DLinear ...
>>>>>>>start training : long_term_forecast_PLv2_DLinear_drift_er2500_sl96_s2022_DLinear_custom_ftM_sl96_ll48_pl96_dm64_nh8_el2_dl1_df64_expand2_dc4_fc3_ebtimeF_dtTrue_Exp_0>>>>>>>>>>>>>>>>>>>>>>>>>>
train window subsample: keep 14525/17309 windows (max_train_windows=14525)
train 14525
val 2405
test 4905
	iters: 100, epoch: 1 | loss: 1.0001285
	speed: 0.0171s/iter; left time: 17.6825s
	iters: 200, epoch: 1 | loss: 0.9983591
	speed: 0.0024s/iter; left time: 2.2681s
Epoch: 1 cost time: 0.8036739826202393
Epoch: 1, Steps: 227 | Train Loss: 0.9958459 Vali Loss: 0.9915905 Test Loss: 0.9908152
Validation loss decreased (inf --> 0.991591).  Saving model ...
Updating learning rate to 0.001
	iters: 100, epoch: 2 | loss: 0.9879584
	speed: 0.0069s/iter; left time: 5.6088s
	iters: 200, epoch: 2 | loss: 0.9898582
	speed: 0.0024s/iter; left time: 1.6970s
Epoch: 2 cost time: 0.6078228950500488
Epoch: 2, Steps: 227 | Train Loss: 0.9943903 Vali Loss: 0.9918194 Test Loss: 0.9916163
EarlyStopping counter: 1 out of 3
Updating learning rate to 0.0005
	iters: 100, epoch: 3 | loss: 1.0047929
	speed: 0.0074s/iter; left time: 4.3219s
	iters: 200, epoch: 3 | loss: 0.9900348
	speed: 0.0024s/iter; left time: 1.1767s
Epoch: 3 cost time: 0.6088311672210693
Epoch: 3, Steps: 227 | Train Loss: 0.9925358 Vali Loss: 0.9899345 Test Loss: 0.9894567
Validation loss decreased (0.991591 --> 0.989935).  Saving model ...
Updating learning rate to 0.00025
	iters: 100, epoch: 4 | loss: 0.9906470
	speed: 0.0071s/iter; left time: 2.5037s
	iters: 200, epoch: 4 | loss: 1.0100268
	speed: 0.0025s/iter; left time: 0.6403s
Epoch: 4 cost time: 0.6246435642242432
Epoch: 4, Steps: 227 | Train Loss: 0.9911251 Vali Loss: 0.9895690 Test Loss: 0.9890332
Validation loss decreased (0.989935 --> 0.989569).  Saving model ...
Updating learning rate to 0.000125
	iters: 100, epoch: 5 | loss: 0.9981518
	speed: 0.0071s/iter; left time: 0.9150s
	iters: 200, epoch: 5 | loss: 1.0107322
	speed: 0.0023s/iter; left time: 0.0657s
Epoch: 5 cost time: 0.598609209060669
Epoch: 5, Steps: 227 | Train Loss: 0.9903515 Vali Loss: 0.9894333 Test Loss: 0.9889784
Validation loss decreased (0.989569 --> 0.989433).  Saving model ...
Updating learning rate to 6.25e-05
>>>>>>>testing : long_term_forecast_PLv2_DLinear_drift_er2500_sl96_s2022_DLinear_custom_ftM_sl96_ll48_pl96_dm64_nh8_el2_dl1_df64_expand2_dc4_fc3_ebtimeF_dtTrue_Exp_0<<<<<<<<<<<<<<<<<<<<<<<<<<<<<<<<<
test 4905
test shape: (4905, 96, 4) (4905, 96, 4)
test shape: (4905, 96, 4) (4905, 96, 4)
mse:0.9886374473571777, mae:0.7917563319206238, dtw:Not calculated
