Using GPU
Args in experiment:
[1mBasic Config[0m
  Task Name:          long_term_forecast  Is Training:        1                   
  Model ID:           PLv2_DLinear_drift_er400_sl192_s2021Model:              DLinear             

[1mData Loader[0m
  Data:               custom              Root Path:          ./dataset/power_law/
  Data Path:          drift_er400.csv     Features:           M                   
  Target:             OT                  Freq:               h                   
  Checkpoints:        ./checkpoints/      

[1mForecasting Task[0m
  Seq Len:            192                 Label Len:          48                  
  Pred Len:           96                  Seasonal Patterns:  Monthly             
  Inverse:            0                   

[1mModel Parameters[0m
  Top k:              5                   Num Kernels:        6                   
  Enc In:             4                   Dec In:             4                   
  C Out:              4                   d model:            64                  
  n heads:            8                   e layers:           2                   
  d layers:           1                   d FF:               64                  
  Moving Avg:         25                  Factor:             3                   
  Distil:             1                   Dropout:            0.1                 
  Embed:              timeF               Activation:         gelu                

[1mRun Parameters[0m
  Num Workers:        2                   Itr:                1                   
  Train Epochs:       5                   Batch Size:         64                  
  Patience:           3                   Learning Rate:      0.001               
  Des:                Exp                 Loss:               MSE                 
  Lradj:              type1               Use Amp:            0                   

[1mGPU[0m
  Use GPU:            1                   GPU:                0                   
  Use Multi GPU:      0                   Devices:            0,1,2,3             

[1mDe-stationary Projector Params[0m
  P Hidden Dims:      128, 128            P Hidden Layers:    2                   

Use GPU: cuda:0
🚀 Lazy Loading: DLinear ...
>>>>>>>start training : long_term_forecast_PLv2_DLinear_drift_er400_sl192_s2021_DLinear_custom_ftM_sl192_ll48_pl96_dm64_nh8_el2_dl1_df64_expand2_dc4_fc3_ebtimeF_dtTrue_Exp_0>>>>>>>>>>>>>>>>>>>>>>>>>>
train window subsample: keep 14525/17213 windows (max_train_windows=14525)
train 14525
val 2405
test 4905
	iters: 100, epoch: 1 | loss: 0.9044698
	speed: 0.0176s/iter; left time: 18.2652s
	iters: 200, epoch: 1 | loss: 0.8915461
	speed: 0.0025s/iter; left time: 2.3791s
Epoch: 1 cost time: 0.842543363571167
Epoch: 1, Steps: 227 | Train Loss: 0.8987171 Vali Loss: 0.8947506 Test Loss: 0.9012188
Validation loss decreased (inf --> 0.894751).  Saving model ...
Updating learning rate to 0.001
	iters: 100, epoch: 2 | loss: 0.9079172
	speed: 0.0074s/iter; left time: 5.9848s
	iters: 200, epoch: 2 | loss: 0.8982751
	speed: 0.0027s/iter; left time: 1.8972s
Epoch: 2 cost time: 0.6584188938140869
Epoch: 2, Steps: 227 | Train Loss: 0.8977273 Vali Loss: 0.8949159 Test Loss: 0.9016750
EarlyStopping counter: 1 out of 3
Updating learning rate to 0.0005
	iters: 100, epoch: 3 | loss: 0.9073551
	speed: 0.0072s/iter; left time: 4.2167s
	iters: 200, epoch: 3 | loss: 0.9007847
	speed: 0.0027s/iter; left time: 1.3016s
Epoch: 3 cost time: 0.6588749885559082
Epoch: 3, Steps: 227 | Train Loss: 0.8940669 Vali Loss: 0.8909140 Test Loss: 0.8973277
Validation loss decreased (0.894751 --> 0.890914).  Saving model ...
Updating learning rate to 0.00025
	iters: 100, epoch: 4 | loss: 0.8993535
	speed: 0.0073s/iter; left time: 2.6027s
	iters: 200, epoch: 4 | loss: 0.9070544
	speed: 0.0025s/iter; left time: 0.6417s
Epoch: 4 cost time: 0.6370763778686523
Epoch: 4, Steps: 227 | Train Loss: 0.8915032 Vali Loss: 0.8886299 Test Loss: 0.8948993
Validation loss decreased (0.890914 --> 0.888630).  Saving model ...
Updating learning rate to 0.000125
	iters: 100, epoch: 5 | loss: 0.8914754
	speed: 0.0073s/iter; left time: 0.9345s
	iters: 200, epoch: 5 | loss: 0.8741943
	speed: 0.0027s/iter; left time: 0.0746s
Epoch: 5 cost time: 0.6512737274169922
Epoch: 5, Steps: 227 | Train Loss: 0.8900438 Vali Loss: 0.8881900 Test Loss: 0.8941471
Validation loss decreased (0.888630 --> 0.888190).  Saving model ...
Updating learning rate to 6.25e-05
>>>>>>>testing : long_term_forecast_PLv2_DLinear_drift_er400_sl192_s2021_DLinear_custom_ftM_sl192_ll48_pl96_dm64_nh8_el2_dl1_df64_expand2_dc4_fc3_ebtimeF_dtTrue_Exp_0<<<<<<<<<<<<<<<<<<<<<<<<<<<<<<<<<
test 4905
test shape: (4905, 96, 4) (4905, 96, 4)
test shape: (4905, 96, 4) (4905, 96, 4)
mse:0.8941935896873474, mae:0.7533880472183228, dtw:Not calculated
