Using GPU
Args in experiment:
[1mBasic Config[0m
  Task Name:          long_term_forecast  Is Training:        1                   
  Model ID:           PLv2_DLinear_drift_er50_sl336_s2021Model:              DLinear             

[1mData Loader[0m
  Data:               custom              Root Path:          ./dataset/power_law/
  Data Path:          drift_er50.csv      Features:           M                   
  Target:             OT                  Freq:               h                   
  Checkpoints:        ./checkpoints/      

[1mForecasting Task[0m
  Seq Len:            336                 Label Len:          48                  
  Pred Len:           96                  Seasonal Patterns:  Monthly             
  Inverse:            0                   

[1mModel Parameters[0m
  Top k:              5                   Num Kernels:        6                   
  Enc In:             4                   Dec In:             4                   
  C Out:              4                   d model:            64                  
  n heads:            8                   e layers:           2                   
  d layers:           1                   d FF:               64                  
  Moving Avg:         25                  Factor:             3                   
  Distil:             1                   Dropout:            0.1                 
  Embed:              timeF               Activation:         gelu                

[1mRun Parameters[0m
  Num Workers:        2                   Itr:                1                   
  Train Epochs:       5                   Batch Size:         64                  
  Patience:           3                   Learning Rate:      0.001               
  Des:                Exp                 Loss:               MSE                 
  Lradj:              type1               Use Amp:            0                   

[1mGPU[0m
  Use GPU:            1                   GPU:                0                   
  Use Multi GPU:      0                   Devices:            0,1,2,3             

[1mDe-stationary Projector Params[0m
  P Hidden Dims:      128, 128            P Hidden Layers:    2                   

Use GPU: cuda:0
🚀 Lazy Loading: DLinear ...
>>>>>>>start training : long_term_forecast_PLv2_DLinear_drift_er50_sl336_s2021_DLinear_custom_ftM_sl336_ll48_pl96_dm64_nh8_el2_dl1_df64_expand2_dc4_fc3_ebtimeF_dtTrue_Exp_0>>>>>>>>>>>>>>>>>>>>>>>>>>
train window subsample: keep 14525/17069 windows (max_train_windows=14525)
train 14525
val 2405
test 4905
	iters: 100, epoch: 1 | loss: 0.4886872
	speed: 0.0248s/iter; left time: 25.6789s
	iters: 200, epoch: 1 | loss: 0.4864925
	speed: 0.0039s/iter; left time: 3.6732s
Epoch: 1 cost time: 1.2394776344299316
Epoch: 1, Steps: 227 | Train Loss: 0.4872204 Vali Loss: 0.4999245 Test Loss: 0.4993353
Validation loss decreased (inf --> 0.499925).  Saving model ...
Updating learning rate to 0.001
	iters: 100, epoch: 2 | loss: 0.4925625
	speed: 0.0126s/iter; left time: 10.1957s
	iters: 200, epoch: 2 | loss: 0.4900859
	speed: 0.0037s/iter; left time: 2.6451s
Epoch: 2 cost time: 0.9612319469451904
Epoch: 2, Steps: 227 | Train Loss: 0.4854223 Vali Loss: 0.5071388 Test Loss: 0.5126363
EarlyStopping counter: 1 out of 3
Updating learning rate to 0.0005
	iters: 100, epoch: 3 | loss: 0.4901024
	speed: 0.0098s/iter; left time: 5.7308s
	iters: 200, epoch: 3 | loss: 0.4841221
	speed: 0.0036s/iter; left time: 1.7183s
Epoch: 3 cost time: 0.8499786853790283
Epoch: 3, Steps: 227 | Train Loss: 0.4811929 Vali Loss: 0.4937228 Test Loss: 0.4893598
Validation loss decreased (0.499925 --> 0.493723).  Saving model ...
Updating learning rate to 0.00025
	iters: 100, epoch: 4 | loss: 0.4752418
	speed: 0.0100s/iter; left time: 3.5404s
	iters: 200, epoch: 4 | loss: 0.4817413
	speed: 0.0035s/iter; left time: 0.8960s
Epoch: 4 cost time: 0.8614847660064697
Epoch: 4, Steps: 227 | Train Loss: 0.4783046 Vali Loss: 0.4905047 Test Loss: 0.4841966
Validation loss decreased (0.493723 --> 0.490505).  Saving model ...
Updating learning rate to 0.000125
	iters: 100, epoch: 5 | loss: 0.4709259
	speed: 0.0102s/iter; left time: 1.3079s
	iters: 200, epoch: 5 | loss: 0.4750028
	speed: 0.0035s/iter; left time: 0.0967s
Epoch: 5 cost time: 0.862882137298584
Epoch: 5, Steps: 227 | Train Loss: 0.4767718 Vali Loss: 0.4901223 Test Loss: 0.4829024
Validation loss decreased (0.490505 --> 0.490122).  Saving model ...
Updating learning rate to 6.25e-05
>>>>>>>testing : long_term_forecast_PLv2_DLinear_drift_er50_sl336_s2021_DLinear_custom_ftM_sl336_ll48_pl96_dm64_nh8_el2_dl1_df64_expand2_dc4_fc3_ebtimeF_dtTrue_Exp_0<<<<<<<<<<<<<<<<<<<<<<<<<<<<<<<<<
test 4905
test shape: (4905, 96, 4) (4905, 96, 4)
test shape: (4905, 96, 4) (4905, 96, 4)
mse:0.4829629361629486, mae:0.5474681258201599, dtw:Not calculated
