Using GPU
Args in experiment:
[1mBasic Config[0m
  Task Name:          long_term_forecast  Is Training:        1                   
  Model ID:           PLv2_DLinear_drift_er2500_sl96_s2021Model:              DLinear             

[1mData Loader[0m
  Data:               custom              Root Path:          ./dataset/power_law/
  Data Path:          drift_er2500.csv    Features:           M                   
  Target:             OT                  Freq:               h                   
  Checkpoints:        ./checkpoints/      

[1mForecasting Task[0m
  Seq Len:            96                  Label Len:          48                  
  Pred Len:           96                  Seasonal Patterns:  Monthly             
  Inverse:            0                   

[1mModel Parameters[0m
  Top k:              5                   Num Kernels:        6                   
  Enc In:             4                   Dec In:             4                   
  C Out:              4                   d model:            64                  
  n heads:            8                   e layers:           2                   
  d layers:           1                   d FF:               64                  
  Moving Avg:         25                  Factor:             3                   
  Distil:             1                   Dropout:            0.1                 
  Embed:              timeF               Activation:         gelu                

[1mRun Parameters[0m
  Num Workers:        2                   Itr:                1                   
  Train Epochs:       5                   Batch Size:         64                  
  Patience:           3                   Learning Rate:      0.001               
  Des:                Exp                 Loss:               MSE                 
  Lradj:              type1               Use Amp:            0                   

[1mGPU[0m
  Use GPU:            1                   GPU:                0                   
  Use Multi GPU:      0                   Devices:            0,1,2,3             

[1mDe-stationary Projector Params[0m
  P Hidden Dims:      128, 128            P Hidden Layers:    2                   

Use GPU: cuda:0
🚀 Lazy Loading: DLinear ...
>>>>>>>start training : long_term_forecast_PLv2_DLinear_drift_er2500_sl96_s2021_DLinear_custom_ftM_sl96_ll48_pl96_dm64_nh8_el2_dl1_df64_expand2_dc4_fc3_ebtimeF_dtTrue_Exp_0>>>>>>>>>>>>>>>>>>>>>>>>>>
train window subsample: keep 14525/17309 windows (max_train_windows=14525)
train 14525
val 2405
test 4905
	iters: 100, epoch: 1 | loss: 1.0000235
	speed: 0.0339s/iter; left time: 35.0790s
	iters: 200, epoch: 1 | loss: 1.0052960
	speed: 0.0027s/iter; left time: 2.5565s
Epoch: 1 cost time: 0.8773810863494873
Epoch: 1, Steps: 227 | Train Loss: 0.9957964 Vali Loss: 0.9915702 Test Loss: 0.9911324
Validation loss decreased (inf --> 0.991570).  Saving model ...
Updating learning rate to 0.001
	iters: 100, epoch: 2 | loss: 1.0076894
	speed: 0.0080s/iter; left time: 6.5019s
	iters: 200, epoch: 2 | loss: 0.9930971
	speed: 0.0025s/iter; left time: 1.7511s
Epoch: 2 cost time: 0.6334121227264404
Epoch: 2, Steps: 227 | Train Loss: 0.9944507 Vali Loss: 0.9912441 Test Loss: 0.9909725
Validation loss decreased (0.991570 --> 0.991244).  Saving model ...
Updating learning rate to 0.0005
	iters: 100, epoch: 3 | loss: 1.0032691
	speed: 0.0074s/iter; left time: 4.2788s
	iters: 200, epoch: 3 | loss: 0.9894893
	speed: 0.0024s/iter; left time: 1.1786s
Epoch: 3 cost time: 0.6093409061431885
Epoch: 3, Steps: 227 | Train Loss: 0.9925236 Vali Loss: 0.9898768 Test Loss: 0.9895153
Validation loss decreased (0.991244 --> 0.989877).  Saving model ...
Updating learning rate to 0.00025
	iters: 100, epoch: 4 | loss: 0.9743275
	speed: 0.0070s/iter; left time: 2.4860s
	iters: 200, epoch: 4 | loss: 0.9892235
	speed: 0.0028s/iter; left time: 0.7028s
Epoch: 4 cost time: 0.6411716938018799
Epoch: 4, Steps: 227 | Train Loss: 0.9911290 Vali Loss: 0.9894219 Test Loss: 0.9892306
Validation loss decreased (0.989877 --> 0.989422).  Saving model ...
Updating learning rate to 0.000125
	iters: 100, epoch: 5 | loss: 0.9878384
	speed: 0.0071s/iter; left time: 0.9059s
	iters: 200, epoch: 5 | loss: 0.9945308
	speed: 0.0025s/iter; left time: 0.0691s
Epoch: 5 cost time: 0.6139078140258789
Epoch: 5, Steps: 227 | Train Loss: 0.9903439 Vali Loss: 0.9893520 Test Loss: 0.9888869
Validation loss decreased (0.989422 --> 0.989352).  Saving model ...
Updating learning rate to 6.25e-05
>>>>>>>testing : long_term_forecast_PLv2_DLinear_drift_er2500_sl96_s2021_DLinear_custom_ftM_sl96_ll48_pl96_dm64_nh8_el2_dl1_df64_expand2_dc4_fc3_ebtimeF_dtTrue_Exp_0<<<<<<<<<<<<<<<<<<<<<<<<<<<<<<<<<
test 4905
test shape: (4905, 96, 4) (4905, 96, 4)
test shape: (4905, 96, 4) (4905, 96, 4)
mse:0.9885504245758057, mae:0.7916939854621887, dtw:Not calculated
