Using GPU
Args in experiment:
[1mBasic Config[0m
  Task Name:          long_term_forecast  Is Training:        1                   
  Model ID:           PLv2_DLinear_drift_er4000_sl2880_s2021Model:              DLinear             

[1mData Loader[0m
  Data:               custom              Root Path:          ./dataset/power_law/
  Data Path:          drift_er4000.csv    Features:           M                   
  Target:             OT                  Freq:               h                   
  Checkpoints:        ./checkpoints/      

[1mForecasting Task[0m
  Seq Len:            2880                Label Len:          48                  
  Pred Len:           96                  Seasonal Patterns:  Monthly             
  Inverse:            0                   

[1mModel Parameters[0m
  Top k:              5                   Num Kernels:        6                   
  Enc In:             4                   Dec In:             4                   
  C Out:              4                   d model:            64                  
  n heads:            8                   e layers:           2                   
  d layers:           1                   d FF:               64                  
  Moving Avg:         25                  Factor:             3                   
  Distil:             1                   Dropout:            0.1                 
  Embed:              timeF               Activation:         gelu                

[1mRun Parameters[0m
  Num Workers:        2                   Itr:                1                   
  Train Epochs:       5                   Batch Size:         64                  
  Patience:           3                   Learning Rate:      0.001               
  Des:                Exp                 Loss:               MSE                 
  Lradj:              type1               Use Amp:            0                   

[1mGPU[0m
  Use GPU:            1                   GPU:                0                   
  Use Multi GPU:      0                   Devices:            0,1,2,3             

[1mDe-stationary Projector Params[0m
  P Hidden Dims:      128, 128            P Hidden Layers:    2                   

Use GPU: cuda:0
🚀 Lazy Loading: DLinear ...
>>>>>>>start training : long_term_forecast_PLv2_DLinear_drift_er4000_sl2880_s2021_DLinear_custom_ftM_sl2880_ll48_pl96_dm64_nh8_el2_dl1_df64_expand2_dc4_fc3_ebtimeF_dtTrue_Exp_0>>>>>>>>>>>>>>>>>>>>>>>>>>
train 14525
val 2405
test 4905
	iters: 100, epoch: 1 | loss: 1.1048517
	speed: 0.0239s/iter; left time: 24.7966s
	iters: 200, epoch: 1 | loss: 1.1081593
	speed: 0.0078s/iter; left time: 7.2604s
Epoch: 1 cost time: 2.0824062824249268
Epoch: 1, Steps: 227 | Train Loss: 1.1057630 Vali Loss: 1.1133929 Test Loss: 1.1160178
Validation loss decreased (inf --> 1.113393).  Saving model ...
Updating learning rate to 0.001
	iters: 100, epoch: 2 | loss: 1.1223409
	speed: 0.0214s/iter; left time: 17.2729s
	iters: 200, epoch: 2 | loss: 1.1038554
	speed: 0.0082s/iter; left time: 5.8395s
Epoch: 2 cost time: 1.9211227893829346
Epoch: 2, Steps: 227 | Train Loss: 1.0949103 Vali Loss: 1.1191783 Test Loss: 1.1186563
EarlyStopping counter: 1 out of 3
Updating learning rate to 0.0005
	iters: 100, epoch: 3 | loss: 1.0324906
	speed: 0.0208s/iter; left time: 12.0791s
	iters: 200, epoch: 3 | loss: 1.0724170
	speed: 0.0079s/iter; left time: 3.8144s
Epoch: 3 cost time: 1.8337252140045166
Epoch: 3, Steps: 227 | Train Loss: 1.0363171 Vali Loss: 1.0703768 Test Loss: 1.0666197
Validation loss decreased (1.113393 --> 1.070377).  Saving model ...
Updating learning rate to 0.00025
	iters: 100, epoch: 4 | loss: 1.0034052
	speed: 0.0208s/iter; left time: 7.3930s
	iters: 200, epoch: 4 | loss: 1.0230440
	speed: 0.0081s/iter; left time: 2.0780s
Epoch: 4 cost time: 1.9399735927581787
Epoch: 4, Steps: 227 | Train Loss: 0.9943482 Vali Loss: 1.0544055 Test Loss: 1.0500030
Validation loss decreased (1.070377 --> 1.054405).  Saving model ...
Updating learning rate to 0.000125
	iters: 100, epoch: 5 | loss: 0.9625773
	speed: 0.0215s/iter; left time: 2.7522s
	iters: 200, epoch: 5 | loss: 0.9753714
	speed: 0.0081s/iter; left time: 0.2268s
Epoch: 5 cost time: 1.9323301315307617
Epoch: 5, Steps: 227 | Train Loss: 0.9720887 Vali Loss: 1.0493838 Test Loss: 1.0431652
Validation loss decreased (1.054405 --> 1.049384).  Saving model ...
Updating learning rate to 6.25e-05
>>>>>>>testing : long_term_forecast_PLv2_DLinear_drift_er4000_sl2880_s2021_DLinear_custom_ftM_sl2880_ll48_pl96_dm64_nh8_el2_dl1_df64_expand2_dc4_fc3_ebtimeF_dtTrue_Exp_0<<<<<<<<<<<<<<<<<<<<<<<<<<<<<<<<<
test 4905
test shape: (4905, 96, 4) (4905, 96, 4)
test shape: (4905, 96, 4) (4905, 96, 4)
mse:1.0433287620544434, mae:0.8144770264625549, dtw:Not calculated
