Using GPU
Args in experiment:
[1mBasic Config[0m
  Task Name:          long_term_forecast  Is Training:        1                   
  Model ID:           PLv2_DLinear_drift_er250_sl1440_s2021Model:              DLinear             

[1mData Loader[0m
  Data:               custom              Root Path:          ./dataset/power_law/
  Data Path:          drift_er250.csv     Features:           M                   
  Target:             OT                  Freq:               h                   
  Checkpoints:        ./checkpoints/      

[1mForecasting Task[0m
  Seq Len:            1440                Label Len:          48                  
  Pred Len:           96                  Seasonal Patterns:  Monthly             
  Inverse:            0                   

[1mModel Parameters[0m
  Top k:              5                   Num Kernels:        6                   
  Enc In:             4                   Dec In:             4                   
  C Out:              4                   d model:            64                  
  n heads:            8                   e layers:           2                   
  d layers:           1                   d FF:               64                  
  Moving Avg:         25                  Factor:             3                   
  Distil:             1                   Dropout:            0.1                 
  Embed:              timeF               Activation:         gelu                

[1mRun Parameters[0m
  Num Workers:        2                   Itr:                1                   
  Train Epochs:       5                   Batch Size:         64                  
  Patience:           3                   Learning Rate:      0.001               
  Des:                Exp                 Loss:               MSE                 
  Lradj:              type1               Use Amp:            0                   

[1mGPU[0m
  Use GPU:            1                   GPU:                0                   
  Use Multi GPU:      0                   Devices:            0,1,2,3             

[1mDe-stationary Projector Params[0m
  P Hidden Dims:      128, 128            P Hidden Layers:    2                   

Use GPU: cuda:0
🚀 Lazy Loading: DLinear ...
>>>>>>>start training : long_term_forecast_PLv2_DLinear_drift_er250_sl1440_s2021_DLinear_custom_ftM_sl1440_ll48_pl96_dm64_nh8_el2_dl1_df64_expand2_dc4_fc3_ebtimeF_dtTrue_Exp_0>>>>>>>>>>>>>>>>>>>>>>>>>>
train window subsample: keep 14525/15965 windows (max_train_windows=14525)
train 14525
val 2405
test 4905
	iters: 100, epoch: 1 | loss: 0.9027799
	speed: 0.0202s/iter; left time: 20.8981s
	iters: 200, epoch: 1 | loss: 0.8866681
	speed: 0.0039s/iter; left time: 3.6428s
Epoch: 1 cost time: 1.1410834789276123
Epoch: 1, Steps: 227 | Train Loss: 0.8894100 Vali Loss: 0.9481508 Test Loss: 0.9673027
Validation loss decreased (inf --> 0.948151).  Saving model ...
Updating learning rate to 0.001
	iters: 100, epoch: 2 | loss: 0.8974322
	speed: 0.0114s/iter; left time: 9.2012s
	iters: 200, epoch: 2 | loss: 0.8891600
	speed: 0.0038s/iter; left time: 2.7295s
Epoch: 2 cost time: 0.9770114421844482
Epoch: 2, Steps: 227 | Train Loss: 0.8838129 Vali Loss: 0.9186932 Test Loss: 0.9290948
Validation loss decreased (0.948151 --> 0.918693).  Saving model ...
Updating learning rate to 0.0005
	iters: 100, epoch: 3 | loss: 0.8438814
	speed: 0.0112s/iter; left time: 6.5447s
	iters: 200, epoch: 3 | loss: 0.8751661
	speed: 0.0039s/iter; left time: 1.8943s
Epoch: 3 cost time: 0.9716339111328125
Epoch: 3, Steps: 227 | Train Loss: 0.8591772 Vali Loss: 0.8901064 Test Loss: 0.8982649
Validation loss decreased (0.918693 --> 0.890106).  Saving model ...
Updating learning rate to 0.00025
	iters: 100, epoch: 4 | loss: 0.8430017
	speed: 0.0110s/iter; left time: 3.9221s
	iters: 200, epoch: 4 | loss: 0.8366839
	speed: 0.0041s/iter; left time: 1.0351s
Epoch: 4 cost time: 0.9732093811035156
Epoch: 4, Steps: 227 | Train Loss: 0.8412585 Vali Loss: 0.8709106 Test Loss: 0.8751237
Validation loss decreased (0.890106 --> 0.870911).  Saving model ...
Updating learning rate to 0.000125
	iters: 100, epoch: 5 | loss: 0.8252627
	speed: 0.0110s/iter; left time: 1.4027s
	iters: 200, epoch: 5 | loss: 0.8437274
	speed: 0.0039s/iter; left time: 0.1078s
Epoch: 5 cost time: 0.9428210258483887
Epoch: 5, Steps: 227 | Train Loss: 0.8316265 Vali Loss: 0.8643572 Test Loss: 0.8669676
Validation loss decreased (0.870911 --> 0.864357).  Saving model ...
Updating learning rate to 6.25e-05
>>>>>>>testing : long_term_forecast_PLv2_DLinear_drift_er250_sl1440_s2021_DLinear_custom_ftM_sl1440_ll48_pl96_dm64_nh8_el2_dl1_df64_expand2_dc4_fc3_ebtimeF_dtTrue_Exp_0<<<<<<<<<<<<<<<<<<<<<<<<<<<<<<<<<
test 4905
test shape: (4905, 96, 4) (4905, 96, 4)
test shape: (4905, 96, 4) (4905, 96, 4)
mse:0.8669601082801819, mae:0.7404475808143616, dtw:Not calculated
