Using GPU
Args in experiment:
[1mBasic Config[0m
  Task Name:          long_term_forecast  Is Training:        1                   
  Model ID:           PLv2_DLinear_drift_er150_sl96_s2022Model:              DLinear             

[1mData Loader[0m
  Data:               custom              Root Path:          ./dataset/power_law/
  Data Path:          drift_er150.csv     Features:           M                   
  Target:             OT                  Freq:               h                   
  Checkpoints:        ./checkpoints/      

[1mForecasting Task[0m
  Seq Len:            96                  Label Len:          48                  
  Pred Len:           96                  Seasonal Patterns:  Monthly             
  Inverse:            0                   

[1mModel Parameters[0m
  Top k:              5                   Num Kernels:        6                   
  Enc In:             4                   Dec In:             4                   
  C Out:              4                   d model:            64                  
  n heads:            8                   e layers:           2                   
  d layers:           1                   d FF:               64                  
  Moving Avg:         25                  Factor:             3                   
  Distil:             1                   Dropout:            0.1                 
  Embed:              timeF               Activation:         gelu                

[1mRun Parameters[0m
  Num Workers:        2                   Itr:                1                   
  Train Epochs:       5                   Batch Size:         64                  
  Patience:           3                   Learning Rate:      0.001               
  Des:                Exp                 Loss:               MSE                 
  Lradj:              type1               Use Amp:            0                   

[1mGPU[0m
  Use GPU:            1                   GPU:                0                   
  Use Multi GPU:      0                   Devices:            0,1,2,3             

[1mDe-stationary Projector Params[0m
  P Hidden Dims:      128, 128            P Hidden Layers:    2                   

Use GPU: cuda:0
🚀 Lazy Loading: DLinear ...
>>>>>>>start training : long_term_forecast_PLv2_DLinear_drift_er150_sl96_s2022_DLinear_custom_ftM_sl96_ll48_pl96_dm64_nh8_el2_dl1_df64_expand2_dc4_fc3_ebtimeF_dtTrue_Exp_0>>>>>>>>>>>>>>>>>>>>>>>>>>
train window subsample: keep 14525/17309 windows (max_train_windows=14525)
train 14525
val 2405
test 4905
	iters: 100, epoch: 1 | loss: 0.7840047
	speed: 0.0189s/iter; left time: 19.5904s
	iters: 200, epoch: 1 | loss: 0.7752897
	speed: 0.0038s/iter; left time: 3.5710s
Epoch: 1 cost time: 1.1329190731048584
Epoch: 1, Steps: 227 | Train Loss: 0.7780364 Vali Loss: 0.7654821 Test Loss: 0.7747599
Validation loss decreased (inf --> 0.765482).  Saving model ...
Updating learning rate to 0.001
	iters: 100, epoch: 2 | loss: 0.7764258
	speed: 0.0115s/iter; left time: 9.2717s
	iters: 200, epoch: 2 | loss: 0.7759764
	speed: 0.0037s/iter; left time: 2.6079s
Epoch: 2 cost time: 0.9080603122711182
Epoch: 2, Steps: 227 | Train Loss: 0.7769320 Vali Loss: 0.7661745 Test Loss: 0.7751838
EarlyStopping counter: 1 out of 3
Updating learning rate to 0.0005
	iters: 100, epoch: 3 | loss: 0.7694536
	speed: 0.0115s/iter; left time: 6.6866s
	iters: 200, epoch: 3 | loss: 0.7785512
	speed: 0.0036s/iter; left time: 1.7340s
Epoch: 3 cost time: 0.9083797931671143
Epoch: 3, Steps: 227 | Train Loss: 0.7751366 Vali Loss: 0.7642168 Test Loss: 0.7730269
Validation loss decreased (0.765482 --> 0.764217).  Saving model ...
Updating learning rate to 0.00025
	iters: 100, epoch: 4 | loss: 0.7602471
	speed: 0.0113s/iter; left time: 4.0198s
	iters: 200, epoch: 4 | loss: 0.7703516
	speed: 0.0038s/iter; left time: 0.9685s
Epoch: 4 cost time: 0.8957633972167969
Epoch: 4, Steps: 227 | Train Loss: 0.7738606 Vali Loss: 0.7630307 Test Loss: 0.7721637
Validation loss decreased (0.764217 --> 0.763031).  Saving model ...
Updating learning rate to 0.000125
	iters: 100, epoch: 5 | loss: 0.7812516
	speed: 0.0113s/iter; left time: 1.4525s
	iters: 200, epoch: 5 | loss: 0.7732732
	speed: 0.0036s/iter; left time: 0.1014s
Epoch: 5 cost time: 0.8991532325744629
Epoch: 5, Steps: 227 | Train Loss: 0.7732022 Vali Loss: 0.7628541 Test Loss: 0.7721324
Validation loss decreased (0.763031 --> 0.762854).  Saving model ...
Updating learning rate to 6.25e-05
>>>>>>>testing : long_term_forecast_PLv2_DLinear_drift_er150_sl96_s2022_DLinear_custom_ftM_sl96_ll48_pl96_dm64_nh8_el2_dl1_df64_expand2_dc4_fc3_ebtimeF_dtTrue_Exp_0<<<<<<<<<<<<<<<<<<<<<<<<<<<<<<<<<
test 4905
test shape: (4905, 96, 4) (4905, 96, 4)
test shape: (4905, 96, 4) (4905, 96, 4)
mse:0.7719154953956604, mae:0.6947022676467896, dtw:Not calculated
