Using GPU
Args in experiment:
[1mBasic Config[0m
  Task Name:          long_term_forecast  Is Training:        1                   
  Model ID:           PLv2_DLinear_drift_er1000_sl192_s2022Model:              DLinear             

[1mData Loader[0m
  Data:               custom              Root Path:          ./dataset/power_law/
  Data Path:          drift_er1000.csv    Features:           M                   
  Target:             OT                  Freq:               h                   
  Checkpoints:        ./checkpoints/      

[1mForecasting Task[0m
  Seq Len:            192                 Label Len:          48                  
  Pred Len:           96                  Seasonal Patterns:  Monthly             
  Inverse:            0                   

[1mModel Parameters[0m
  Top k:              5                   Num Kernels:        6                   
  Enc In:             4                   Dec In:             4                   
  C Out:              4                   d model:            64                  
  n heads:            8                   e layers:           2                   
  d layers:           1                   d FF:               64                  
  Moving Avg:         25                  Factor:             3                   
  Distil:             1                   Dropout:            0.1                 
  Embed:              timeF               Activation:         gelu                

[1mRun Parameters[0m
  Num Workers:        2                   Itr:                1                   
  Train Epochs:       5                   Batch Size:         64                  
  Patience:           3                   Learning Rate:      0.001               
  Des:                Exp                 Loss:               MSE                 
  Lradj:              type1               Use Amp:            0                   

[1mGPU[0m
  Use GPU:            1                   GPU:                0                   
  Use Multi GPU:      0                   Devices:            0,1,2,3             

[1mDe-stationary Projector Params[0m
  P Hidden Dims:      128, 128            P Hidden Layers:    2                   

Use GPU: cuda:0
🚀 Lazy Loading: DLinear ...
>>>>>>>start training : long_term_forecast_PLv2_DLinear_drift_er1000_sl192_s2022_DLinear_custom_ftM_sl192_ll48_pl96_dm64_nh8_el2_dl1_df64_expand2_dc4_fc3_ebtimeF_dtTrue_Exp_0>>>>>>>>>>>>>>>>>>>>>>>>>>
train window subsample: keep 14525/17213 windows (max_train_windows=14525)
train 14525
val 2405
test 4905
	iters: 100, epoch: 1 | loss: 0.9976009
	speed: 0.0174s/iter; left time: 18.0398s
	iters: 200, epoch: 1 | loss: 0.9962572
	speed: 0.0025s/iter; left time: 2.3211s
Epoch: 1 cost time: 0.8232688903808594
Epoch: 1, Steps: 227 | Train Loss: 0.9916502 Vali Loss: 0.9947300 Test Loss: 0.9883435
Validation loss decreased (inf --> 0.994730).  Saving model ...
Updating learning rate to 0.001
	iters: 100, epoch: 2 | loss: 0.9870977
	speed: 0.0076s/iter; left time: 6.1331s
	iters: 200, epoch: 2 | loss: 0.9945713
	speed: 0.0026s/iter; left time: 1.8439s
Epoch: 2 cost time: 0.658989429473877
Epoch: 2, Steps: 227 | Train Loss: 0.9904112 Vali Loss: 0.9960606 Test Loss: 0.9896618
EarlyStopping counter: 1 out of 3
Updating learning rate to 0.0005
	iters: 100, epoch: 3 | loss: 0.9881959
	speed: 0.0076s/iter; left time: 4.4450s
	iters: 200, epoch: 3 | loss: 0.9907200
	speed: 0.0027s/iter; left time: 1.2961s
Epoch: 3 cost time: 0.6581242084503174
Epoch: 3, Steps: 227 | Train Loss: 0.9867197 Vali Loss: 0.9930450 Test Loss: 0.9864778
Validation loss decreased (0.994730 --> 0.993045).  Saving model ...
Updating learning rate to 0.00025
	iters: 100, epoch: 4 | loss: 0.9834991
	speed: 0.0073s/iter; left time: 2.5897s
	iters: 200, epoch: 4 | loss: 0.9840387
	speed: 0.0025s/iter; left time: 0.6458s
Epoch: 4 cost time: 0.630495548248291
Epoch: 4, Steps: 227 | Train Loss: 0.9840013 Vali Loss: 0.9911210 Test Loss: 0.9845528
Validation loss decreased (0.993045 --> 0.991121).  Saving model ...
Updating learning rate to 0.000125
	iters: 100, epoch: 5 | loss: 0.9908139
	speed: 0.0078s/iter; left time: 0.9957s
	iters: 200, epoch: 5 | loss: 0.9867500
	speed: 0.0026s/iter; left time: 0.0724s
Epoch: 5 cost time: 0.6610524654388428
Epoch: 5, Steps: 227 | Train Loss: 0.9824528 Vali Loss: 0.9906003 Test Loss: 0.9842060
Validation loss decreased (0.991121 --> 0.990600).  Saving model ...
Updating learning rate to 6.25e-05
>>>>>>>testing : long_term_forecast_PLv2_DLinear_drift_er1000_sl192_s2022_DLinear_custom_ftM_sl192_ll48_pl96_dm64_nh8_el2_dl1_df64_expand2_dc4_fc3_ebtimeF_dtTrue_Exp_0<<<<<<<<<<<<<<<<<<<<<<<<<<<<<<<<<
test 4905
test shape: (4905, 96, 4) (4905, 96, 4)
test shape: (4905, 96, 4) (4905, 96, 4)
mse:0.9838161468505859, mae:0.7893685102462769, dtw:Not calculated
