Using GPU
Args in experiment:
[1mBasic Config[0m
  Task Name:          long_term_forecast  Is Training:        1                   
  Model ID:           PLv2_DLinear_drift_er650_sl1440_s2022Model:              DLinear             

[1mData Loader[0m
  Data:               custom              Root Path:          ./dataset/power_law/
  Data Path:          drift_er650.csv     Features:           M                   
  Target:             OT                  Freq:               h                   
  Checkpoints:        ./checkpoints/      

[1mForecasting Task[0m
  Seq Len:            1440                Label Len:          48                  
  Pred Len:           96                  Seasonal Patterns:  Monthly             
  Inverse:            0                   

[1mModel Parameters[0m
  Top k:              5                   Num Kernels:        6                   
  Enc In:             4                   Dec In:             4                   
  C Out:              4                   d model:            64                  
  n heads:            8                   e layers:           2                   
  d layers:           1                   d FF:               64                  
  Moving Avg:         25                  Factor:             3                   
  Distil:             1                   Dropout:            0.1                 
  Embed:              timeF               Activation:         gelu                

[1mRun Parameters[0m
  Num Workers:        2                   Itr:                1                   
  Train Epochs:       5                   Batch Size:         64                  
  Patience:           3                   Learning Rate:      0.001               
  Des:                Exp                 Loss:               MSE                 
  Lradj:              type1               Use Amp:            0                   

[1mGPU[0m
  Use GPU:            1                   GPU:                0                   
  Use Multi GPU:      0                   Devices:            0,1,2,3             

[1mDe-stationary Projector Params[0m
  P Hidden Dims:      128, 128            P Hidden Layers:    2                   

Use GPU: cuda:0
🚀 Lazy Loading: DLinear ...
>>>>>>>start training : long_term_forecast_PLv2_DLinear_drift_er650_sl1440_s2022_DLinear_custom_ftM_sl1440_ll48_pl96_dm64_nh8_el2_dl1_df64_expand2_dc4_fc3_ebtimeF_dtTrue_Exp_0>>>>>>>>>>>>>>>>>>>>>>>>>>
train window subsample: keep 14525/15965 windows (max_train_windows=14525)
train 14525
val 2405
test 4905
	iters: 100, epoch: 1 | loss: 1.0284437
	speed: 0.0209s/iter; left time: 21.6287s
	iters: 200, epoch: 1 | loss: 1.0101320
	speed: 0.0040s/iter; left time: 3.7452s
Epoch: 1 cost time: 1.1910016536712646
Epoch: 1, Steps: 227 | Train Loss: 1.0232343 Vali Loss: 1.0209673 Test Loss: 1.0397398
Validation loss decreased (inf --> 1.020967).  Saving model ...
Updating learning rate to 0.001
	iters: 100, epoch: 2 | loss: 1.0094339
	speed: 0.0106s/iter; left time: 8.5929s
	iters: 200, epoch: 2 | loss: 1.0298543
	speed: 0.0038s/iter; left time: 2.6703s
Epoch: 2 cost time: 0.9174058437347412
Epoch: 2, Steps: 227 | Train Loss: 1.0180210 Vali Loss: 1.0228441 Test Loss: 1.0409478
EarlyStopping counter: 1 out of 3
Updating learning rate to 0.0005
	iters: 100, epoch: 3 | loss: 0.9877852
	speed: 0.0105s/iter; left time: 6.0863s
	iters: 200, epoch: 3 | loss: 1.0009217
	speed: 0.0038s/iter; left time: 1.8339s
Epoch: 3 cost time: 0.9204304218292236
Epoch: 3, Steps: 227 | Train Loss: 0.9898146 Vali Loss: 1.0023413 Test Loss: 1.0122826
Validation loss decreased (1.020967 --> 1.002341).  Saving model ...
Updating learning rate to 0.00025
	iters: 100, epoch: 4 | loss: 0.9858405
	speed: 0.0107s/iter; left time: 3.7886s
	iters: 200, epoch: 4 | loss: 0.9879143
	speed: 0.0038s/iter; left time: 0.9577s
Epoch: 4 cost time: 0.9115018844604492
Epoch: 4, Steps: 227 | Train Loss: 0.9696954 Vali Loss: 0.9952956 Test Loss: 1.0028245
Validation loss decreased (1.002341 --> 0.995296).  Saving model ...
Updating learning rate to 0.000125
	iters: 100, epoch: 5 | loss: 0.9626594
	speed: 0.0108s/iter; left time: 1.3815s
	iters: 200, epoch: 5 | loss: 0.9690399
	speed: 0.0045s/iter; left time: 0.1252s
Epoch: 5 cost time: 1.0233895778656006
Epoch: 5, Steps: 227 | Train Loss: 0.9585792 Vali Loss: 0.9939916 Test Loss: 1.0000660
Validation loss decreased (0.995296 --> 0.993992).  Saving model ...
Updating learning rate to 6.25e-05
>>>>>>>testing : long_term_forecast_PLv2_DLinear_drift_er650_sl1440_s2022_DLinear_custom_ftM_sl1440_ll48_pl96_dm64_nh8_el2_dl1_df64_expand2_dc4_fc3_ebtimeF_dtTrue_Exp_0<<<<<<<<<<<<<<<<<<<<<<<<<<<<<<<<<
test 4905
test shape: (4905, 96, 4) (4905, 96, 4)
test shape: (4905, 96, 4) (4905, 96, 4)
mse:1.0001943111419678, mae:0.7966316938400269, dtw:Not calculated
