Using GPU
Args in experiment:
[1mBasic Config[0m
  Task Name:          long_term_forecast  Is Training:        1                   
  Model ID:           PLv2_DLinear_drift_er150_sl960_s2022Model:              DLinear             

[1mData Loader[0m
  Data:               custom              Root Path:          ./dataset/power_law/
  Data Path:          drift_er150.csv     Features:           M                   
  Target:             OT                  Freq:               h                   
  Checkpoints:        ./checkpoints/      

[1mForecasting Task[0m
  Seq Len:            960                 Label Len:          48                  
  Pred Len:           96                  Seasonal Patterns:  Monthly             
  Inverse:            0                   

[1mModel Parameters[0m
  Top k:              5                   Num Kernels:        6                   
  Enc In:             4                   Dec In:             4                   
  C Out:              4                   d model:            64                  
  n heads:            8                   e layers:           2                   
  d layers:           1                   d FF:               64                  
  Moving Avg:         25                  Factor:             3                   
  Distil:             1                   Dropout:            0.1                 
  Embed:              timeF               Activation:         gelu                

[1mRun Parameters[0m
  Num Workers:        2                   Itr:                1                   
  Train Epochs:       5                   Batch Size:         64                  
  Patience:           3                   Learning Rate:      0.001               
  Des:                Exp                 Loss:               MSE                 
  Lradj:              type1               Use Amp:            0                   

[1mGPU[0m
  Use GPU:            1                   GPU:                0                   
  Use Multi GPU:      0                   Devices:            0,1,2,3             

[1mDe-stationary Projector Params[0m
  P Hidden Dims:      128, 128            P Hidden Layers:    2                   

Use GPU: cuda:0
🚀 Lazy Loading: DLinear ...
>>>>>>>start training : long_term_forecast_PLv2_DLinear_drift_er150_sl960_s2022_DLinear_custom_ftM_sl960_ll48_pl96_dm64_nh8_el2_dl1_df64_expand2_dc4_fc3_ebtimeF_dtTrue_Exp_0>>>>>>>>>>>>>>>>>>>>>>>>>>
train window subsample: keep 14525/16445 windows (max_train_windows=14525)
train 14525
val 2405
test 4905
	iters: 100, epoch: 1 | loss: 0.7936031
	speed: 0.0209s/iter; left time: 21.6805s
	iters: 200, epoch: 1 | loss: 0.7967155
	speed: 0.0043s/iter; left time: 4.0496s
Epoch: 1 cost time: 1.299116849899292
Epoch: 1, Steps: 227 | Train Loss: 0.7987928 Vali Loss: 0.7975739 Test Loss: 0.8014145
Validation loss decreased (inf --> 0.797574).  Saving model ...
Updating learning rate to 0.001
	iters: 100, epoch: 2 | loss: 0.7968694
	speed: 0.0114s/iter; left time: 9.2525s
	iters: 200, epoch: 2 | loss: 0.7914126
	speed: 0.0041s/iter; left time: 2.9014s
Epoch: 2 cost time: 1.0018374919891357
Epoch: 2, Steps: 227 | Train Loss: 0.7946170 Vali Loss: 0.7968158 Test Loss: 0.8018344
Validation loss decreased (0.797574 --> 0.796816).  Saving model ...
Updating learning rate to 0.0005
	iters: 100, epoch: 3 | loss: 0.7742896
	speed: 0.0114s/iter; left time: 6.6411s
	iters: 200, epoch: 3 | loss: 0.7849476
	speed: 0.0040s/iter; left time: 1.9312s
Epoch: 3 cost time: 0.9772834777832031
Epoch: 3, Steps: 227 | Train Loss: 0.7788729 Vali Loss: 0.7805386 Test Loss: 0.7860221
Validation loss decreased (0.796816 --> 0.780539).  Saving model ...
Updating learning rate to 0.00025
	iters: 100, epoch: 4 | loss: 0.7574126
	speed: 0.0114s/iter; left time: 4.0498s
	iters: 200, epoch: 4 | loss: 0.7653105
	speed: 0.0041s/iter; left time: 1.0421s
Epoch: 4 cost time: 0.9870049953460693
Epoch: 4, Steps: 227 | Train Loss: 0.7674399 Vali Loss: 0.7739872 Test Loss: 0.7800367
Validation loss decreased (0.780539 --> 0.773987).  Saving model ...
Updating learning rate to 0.000125
	iters: 100, epoch: 5 | loss: 0.7646593
	speed: 0.0115s/iter; left time: 1.4721s
	iters: 200, epoch: 5 | loss: 0.7594925
	speed: 0.0039s/iter; left time: 0.1099s
Epoch: 5 cost time: 0.9685628414154053
Epoch: 5, Steps: 227 | Train Loss: 0.7614749 Vali Loss: 0.7718698 Test Loss: 0.7777443
Validation loss decreased (0.773987 --> 0.771870).  Saving model ...
Updating learning rate to 6.25e-05
>>>>>>>testing : long_term_forecast_PLv2_DLinear_drift_er150_sl960_s2022_DLinear_custom_ftM_sl960_ll48_pl96_dm64_nh8_el2_dl1_df64_expand2_dc4_fc3_ebtimeF_dtTrue_Exp_0<<<<<<<<<<<<<<<<<<<<<<<<<<<<<<<<<
test 4905
test shape: (4905, 96, 4) (4905, 96, 4)
test shape: (4905, 96, 4) (4905, 96, 4)
mse:0.7774711847305298, mae:0.6968203783035278, dtw:Not calculated
