Using GPU
Args in experiment:
[1mBasic Config[0m
  Task Name:          long_term_forecast  Is Training:        1                   
  Model ID:           PLv2_DLinear_drift_er650_sl2880_s2021Model:              DLinear             

[1mData Loader[0m
  Data:               custom              Root Path:          ./dataset/power_law/
  Data Path:          drift_er650.csv     Features:           M                   
  Target:             OT                  Freq:               h                   
  Checkpoints:        ./checkpoints/      

[1mForecasting Task[0m
  Seq Len:            2880                Label Len:          48                  
  Pred Len:           96                  Seasonal Patterns:  Monthly             
  Inverse:            0                   

[1mModel Parameters[0m
  Top k:              5                   Num Kernels:        6                   
  Enc In:             4                   Dec In:             4                   
  C Out:              4                   d model:            64                  
  n heads:            8                   e layers:           2                   
  d layers:           1                   d FF:               64                  
  Moving Avg:         25                  Factor:             3                   
  Distil:             1                   Dropout:            0.1                 
  Embed:              timeF               Activation:         gelu                

[1mRun Parameters[0m
  Num Workers:        2                   Itr:                1                   
  Train Epochs:       5                   Batch Size:         64                  
  Patience:           3                   Learning Rate:      0.001               
  Des:                Exp                 Loss:               MSE                 
  Lradj:              type1               Use Amp:            0                   

[1mGPU[0m
  Use GPU:            1                   GPU:                0                   
  Use Multi GPU:      0                   Devices:            0,1,2,3             

[1mDe-stationary Projector Params[0m
  P Hidden Dims:      128, 128            P Hidden Layers:    2                   

Use GPU: cuda:0
🚀 Lazy Loading: DLinear ...
>>>>>>>start training : long_term_forecast_PLv2_DLinear_drift_er650_sl2880_s2021_DLinear_custom_ftM_sl2880_ll48_pl96_dm64_nh8_el2_dl1_df64_expand2_dc4_fc3_ebtimeF_dtTrue_Exp_0>>>>>>>>>>>>>>>>>>>>>>>>>>
train 14525
val 2405
test 4905
	iters: 100, epoch: 1 | loss: 1.0786736
	speed: 0.0246s/iter; left time: 25.4929s
	iters: 200, epoch: 1 | loss: 1.0921311
	speed: 0.0081s/iter; left time: 7.5596s
Epoch: 1 cost time: 2.1464667320251465
Epoch: 1, Steps: 227 | Train Loss: 1.0810575 Vali Loss: 1.0780036 Test Loss: 1.1032179
Validation loss decreased (inf --> 1.078004).  Saving model ...
Updating learning rate to 0.001
	iters: 100, epoch: 2 | loss: 1.0874107
	speed: 0.0225s/iter; left time: 18.2275s
	iters: 200, epoch: 2 | loss: 1.0944536
	speed: 0.0081s/iter; left time: 5.7178s
Epoch: 2 cost time: 1.965447187423706
Epoch: 2, Steps: 227 | Train Loss: 1.0701217 Vali Loss: 1.0830267 Test Loss: 1.1113249
EarlyStopping counter: 1 out of 3
Updating learning rate to 0.0005
	iters: 100, epoch: 3 | loss: 1.0045302
	speed: 0.0213s/iter; left time: 12.4177s
	iters: 200, epoch: 3 | loss: 1.0348471
	speed: 0.0080s/iter; left time: 3.8574s
Epoch: 3 cost time: 1.8969690799713135
Epoch: 3, Steps: 227 | Train Loss: 1.0132414 Vali Loss: 1.0385127 Test Loss: 1.0584444
Validation loss decreased (1.078004 --> 1.038513).  Saving model ...
Updating learning rate to 0.00025
	iters: 100, epoch: 4 | loss: 0.9955527
	speed: 0.0217s/iter; left time: 7.7179s
	iters: 200, epoch: 4 | loss: 0.9897708
	speed: 0.0080s/iter; left time: 2.0366s
Epoch: 4 cost time: 1.9268903732299805
Epoch: 4, Steps: 227 | Train Loss: 0.9720780 Vali Loss: 1.0252267 Test Loss: 1.0313980
Validation loss decreased (1.038513 --> 1.025227).  Saving model ...
Updating learning rate to 0.000125
	iters: 100, epoch: 5 | loss: 0.9393255
	speed: 0.0226s/iter; left time: 2.8939s
	iters: 200, epoch: 5 | loss: 0.9573736
	speed: 0.0084s/iter; left time: 0.2350s
Epoch: 5 cost time: 2.0608251094818115
Epoch: 5, Steps: 227 | Train Loss: 0.9500274 Vali Loss: 1.0215323 Test Loss: 1.0293691
Validation loss decreased (1.025227 --> 1.021532).  Saving model ...
Updating learning rate to 6.25e-05
>>>>>>>testing : long_term_forecast_PLv2_DLinear_drift_er650_sl2880_s2021_DLinear_custom_ftM_sl2880_ll48_pl96_dm64_nh8_el2_dl1_df64_expand2_dc4_fc3_ebtimeF_dtTrue_Exp_0<<<<<<<<<<<<<<<<<<<<<<<<<<<<<<<<<
test 4905
test shape: (4905, 96, 4) (4905, 96, 4)
test shape: (4905, 96, 4) (4905, 96, 4)
mse:1.0295113325119019, mae:0.8091558814048767, dtw:Not calculated
