Using GPU
Args in experiment:
[1mBasic Config[0m
  Task Name:          long_term_forecast  Is Training:        1                   
  Model ID:           PLv2_DLinear_drift_er250_sl96_s2021Model:              DLinear             

[1mData Loader[0m
  Data:               custom              Root Path:          ./dataset/power_law/
  Data Path:          drift_er250.csv     Features:           M                   
  Target:             OT                  Freq:               h                   
  Checkpoints:        ./checkpoints/      

[1mForecasting Task[0m
  Seq Len:            96                  Label Len:          48                  
  Pred Len:           96                  Seasonal Patterns:  Monthly             
  Inverse:            0                   

[1mModel Parameters[0m
  Top k:              5                   Num Kernels:        6                   
  Enc In:             4                   Dec In:             4                   
  C Out:              4                   d model:            64                  
  n heads:            8                   e layers:           2                   
  d layers:           1                   d FF:               64                  
  Moving Avg:         25                  Factor:             3                   
  Distil:             1                   Dropout:            0.1                 
  Embed:              timeF               Activation:         gelu                

[1mRun Parameters[0m
  Num Workers:        2                   Itr:                1                   
  Train Epochs:       5                   Batch Size:         64                  
  Patience:           3                   Learning Rate:      0.001               
  Des:                Exp                 Loss:               MSE                 
  Lradj:              type1               Use Amp:            0                   

[1mGPU[0m
  Use GPU:            1                   GPU:                0                   
  Use Multi GPU:      0                   Devices:            0,1,2,3             

[1mDe-stationary Projector Params[0m
  P Hidden Dims:      128, 128            P Hidden Layers:    2                   

Use GPU: cuda:0
🚀 Lazy Loading: DLinear ...
>>>>>>>start training : long_term_forecast_PLv2_DLinear_drift_er250_sl96_s2021_DLinear_custom_ftM_sl96_ll48_pl96_dm64_nh8_el2_dl1_df64_expand2_dc4_fc3_ebtimeF_dtTrue_Exp_0>>>>>>>>>>>>>>>>>>>>>>>>>>
train window subsample: keep 14525/17309 windows (max_train_windows=14525)
train 14525
val 2405
test 4905
	iters: 100, epoch: 1 | loss: 0.8478287
	speed: 0.0190s/iter; left time: 19.6364s
	iters: 200, epoch: 1 | loss: 0.8450961
	speed: 0.0038s/iter; left time: 3.5709s
Epoch: 1 cost time: 1.1267755031585693
Epoch: 1, Steps: 227 | Train Loss: 0.8555804 Vali Loss: 0.8525249 Test Loss: 0.8592034
Validation loss decreased (inf --> 0.852525).  Saving model ...
Updating learning rate to 0.001
	iters: 100, epoch: 2 | loss: 0.8637193
	speed: 0.0114s/iter; left time: 9.2343s
	iters: 200, epoch: 2 | loss: 0.8435785
	speed: 0.0037s/iter; left time: 2.6579s
Epoch: 2 cost time: 0.9103755950927734
Epoch: 2, Steps: 227 | Train Loss: 0.8544004 Vali Loss: 0.8524538 Test Loss: 0.8591501
Validation loss decreased (0.852525 --> 0.852454).  Saving model ...
Updating learning rate to 0.0005
	iters: 100, epoch: 3 | loss: 0.8554961
	speed: 0.0114s/iter; left time: 6.6432s
	iters: 200, epoch: 3 | loss: 0.8545238
	speed: 0.0037s/iter; left time: 1.7780s
Epoch: 3 cost time: 0.9092986583709717
Epoch: 3, Steps: 227 | Train Loss: 0.8525797 Vali Loss: 0.8522464 Test Loss: 0.8590353
Validation loss decreased (0.852454 --> 0.852246).  Saving model ...
Updating learning rate to 0.00025
	iters: 100, epoch: 4 | loss: 0.8450488
	speed: 0.0113s/iter; left time: 4.0053s
	iters: 200, epoch: 4 | loss: 0.8348734
	speed: 0.0038s/iter; left time: 0.9684s
Epoch: 4 cost time: 0.8913710117340088
Epoch: 4, Steps: 227 | Train Loss: 0.8512491 Vali Loss: 0.8527508 Test Loss: 0.8592534
EarlyStopping counter: 1 out of 3
Updating learning rate to 0.000125
	iters: 100, epoch: 5 | loss: 0.8451659
	speed: 0.0114s/iter; left time: 1.4577s
	iters: 200, epoch: 5 | loss: 0.8531728
	speed: 0.0038s/iter; left time: 0.1053s
Epoch: 5 cost time: 0.9155151844024658
Epoch: 5, Steps: 227 | Train Loss: 0.8505667 Vali Loss: 0.8486134 Test Loss: 0.8550569
Validation loss decreased (0.852246 --> 0.848613).  Saving model ...
Updating learning rate to 6.25e-05
>>>>>>>testing : long_term_forecast_PLv2_DLinear_drift_er250_sl96_s2021_DLinear_custom_ftM_sl96_ll48_pl96_dm64_nh8_el2_dl1_df64_expand2_dc4_fc3_ebtimeF_dtTrue_Exp_0<<<<<<<<<<<<<<<<<<<<<<<<<<<<<<<<<
test 4905
test shape: (4905, 96, 4) (4905, 96, 4)
test shape: (4905, 96, 4) (4905, 96, 4)
mse:0.8551235198974609, mae:0.7356539964675903, dtw:Not calculated
