Using GPU
Args in experiment:
[1mBasic Config[0m
  Task Name:          long_term_forecast  Is Training:        1                   
  Model ID:           PLv2_DLinear_drift_er650_sl192_s2022Model:              DLinear             

[1mData Loader[0m
  Data:               custom              Root Path:          ./dataset/power_law/
  Data Path:          drift_er650.csv     Features:           M                   
  Target:             OT                  Freq:               h                   
  Checkpoints:        ./checkpoints/      

[1mForecasting Task[0m
  Seq Len:            192                 Label Len:          48                  
  Pred Len:           96                  Seasonal Patterns:  Monthly             
  Inverse:            0                   

[1mModel Parameters[0m
  Top k:              5                   Num Kernels:        6                   
  Enc In:             4                   Dec In:             4                   
  C Out:              4                   d model:            64                  
  n heads:            8                   e layers:           2                   
  d layers:           1                   d FF:               64                  
  Moving Avg:         25                  Factor:             3                   
  Distil:             1                   Dropout:            0.1                 
  Embed:              timeF               Activation:         gelu                

[1mRun Parameters[0m
  Num Workers:        2                   Itr:                1                   
  Train Epochs:       5                   Batch Size:         64                  
  Patience:           3                   Learning Rate:      0.001               
  Des:                Exp                 Loss:               MSE                 
  Lradj:              type1               Use Amp:            0                   

[1mGPU[0m
  Use GPU:            1                   GPU:                0                   
  Use Multi GPU:      0                   Devices:            0,1,2,3             

[1mDe-stationary Projector Params[0m
  P Hidden Dims:      128, 128            P Hidden Layers:    2                   

Use GPU: cuda:0
🚀 Lazy Loading: DLinear ...
>>>>>>>start training : long_term_forecast_PLv2_DLinear_drift_er650_sl192_s2022_DLinear_custom_ftM_sl192_ll48_pl96_dm64_nh8_el2_dl1_df64_expand2_dc4_fc3_ebtimeF_dtTrue_Exp_0>>>>>>>>>>>>>>>>>>>>>>>>>>
train window subsample: keep 14525/17213 windows (max_train_windows=14525)
train 14525
val 2405
test 4905
	iters: 100, epoch: 1 | loss: 0.9799204
	speed: 0.0175s/iter; left time: 18.1457s
	iters: 200, epoch: 1 | loss: 0.9819791
	speed: 0.0027s/iter; left time: 2.5302s
Epoch: 1 cost time: 0.857180118560791
Epoch: 1, Steps: 227 | Train Loss: 0.9820648 Vali Loss: 0.9782628 Test Loss: 0.9927331
Validation loss decreased (inf --> 0.978263).  Saving model ...
Updating learning rate to 0.001
	iters: 100, epoch: 2 | loss: 0.9711555
	speed: 0.0073s/iter; left time: 5.8797s
	iters: 200, epoch: 2 | loss: 0.9868011
	speed: 0.0026s/iter; left time: 1.8171s
Epoch: 2 cost time: 0.6460797786712646
Epoch: 2, Steps: 227 | Train Loss: 0.9811656 Vali Loss: 0.9783140 Test Loss: 0.9910904
EarlyStopping counter: 1 out of 3
Updating learning rate to 0.0005
	iters: 100, epoch: 3 | loss: 0.9942760
	speed: 0.0074s/iter; left time: 4.3082s
	iters: 200, epoch: 3 | loss: 0.9587490
	speed: 0.0026s/iter; left time: 1.2367s
Epoch: 3 cost time: 0.6388115882873535
Epoch: 3, Steps: 227 | Train Loss: 0.9773344 Vali Loss: 0.9753864 Test Loss: 0.9910926
Validation loss decreased (0.978263 --> 0.975386).  Saving model ...
Updating learning rate to 0.00025
	iters: 100, epoch: 4 | loss: 0.9667870
	speed: 0.0071s/iter; left time: 2.5169s
	iters: 200, epoch: 4 | loss: 0.9878607
	speed: 0.0024s/iter; left time: 0.6171s
Epoch: 4 cost time: 0.6082098484039307
Epoch: 4, Steps: 227 | Train Loss: 0.9746318 Vali Loss: 0.9744876 Test Loss: 0.9854151
Validation loss decreased (0.975386 --> 0.974488).  Saving model ...
Updating learning rate to 0.000125
	iters: 100, epoch: 5 | loss: 0.9810426
	speed: 0.0071s/iter; left time: 0.9137s
	iters: 200, epoch: 5 | loss: 0.9747717
	speed: 0.0025s/iter; left time: 0.0711s
Epoch: 5 cost time: 0.6402342319488525
Epoch: 5, Steps: 227 | Train Loss: 0.9731060 Vali Loss: 0.9743063 Test Loss: 0.9853487
Validation loss decreased (0.974488 --> 0.974306).  Saving model ...
Updating learning rate to 6.25e-05
>>>>>>>testing : long_term_forecast_PLv2_DLinear_drift_er650_sl192_s2022_DLinear_custom_ftM_sl192_ll48_pl96_dm64_nh8_el2_dl1_df64_expand2_dc4_fc3_ebtimeF_dtTrue_Exp_0<<<<<<<<<<<<<<<<<<<<<<<<<<<<<<<<<
test 4905
test shape: (4905, 96, 4) (4905, 96, 4)
test shape: (4905, 96, 4) (4905, 96, 4)
mse:0.9852761626243591, mae:0.7899938225746155, dtw:Not calculated
