Using GPU
Args in experiment:
[1mBasic Config[0m
  Task Name:          long_term_forecast  Is Training:        1                   
  Model ID:           PLv2_DLinear_drift_er650_sl336_s2022Model:              DLinear             

[1mData Loader[0m
  Data:               custom              Root Path:          ./dataset/power_law/
  Data Path:          drift_er650.csv     Features:           M                   
  Target:             OT                  Freq:               h                   
  Checkpoints:        ./checkpoints/      

[1mForecasting Task[0m
  Seq Len:            336                 Label Len:          48                  
  Pred Len:           96                  Seasonal Patterns:  Monthly             
  Inverse:            0                   

[1mModel Parameters[0m
  Top k:              5                   Num Kernels:        6                   
  Enc In:             4                   Dec In:             4                   
  C Out:              4                   d model:            64                  
  n heads:            8                   e layers:           2                   
  d layers:           1                   d FF:               64                  
  Moving Avg:         25                  Factor:             3                   
  Distil:             1                   Dropout:            0.1                 
  Embed:              timeF               Activation:         gelu                

[1mRun Parameters[0m
  Num Workers:        2                   Itr:                1                   
  Train Epochs:       5                   Batch Size:         64                  
  Patience:           3                   Learning Rate:      0.001               
  Des:                Exp                 Loss:               MSE                 
  Lradj:              type1               Use Amp:            0                   

[1mGPU[0m
  Use GPU:            1                   GPU:                0                   
  Use Multi GPU:      0                   Devices:            0,1,2,3             

[1mDe-stationary Projector Params[0m
  P Hidden Dims:      128, 128            P Hidden Layers:    2                   

Use GPU: cuda:0
🚀 Lazy Loading: DLinear ...
>>>>>>>start training : long_term_forecast_PLv2_DLinear_drift_er650_sl336_s2022_DLinear_custom_ftM_sl336_ll48_pl96_dm64_nh8_el2_dl1_df64_expand2_dc4_fc3_ebtimeF_dtTrue_Exp_0>>>>>>>>>>>>>>>>>>>>>>>>>>
train window subsample: keep 14525/17069 windows (max_train_windows=14525)
train 14525
val 2405
test 4905
	iters: 100, epoch: 1 | loss: 0.9684383
	speed: 0.0205s/iter; left time: 21.2441s
	iters: 200, epoch: 1 | loss: 0.9973575
	speed: 0.0048s/iter; left time: 4.5223s
Epoch: 1 cost time: 1.3875703811645508
Epoch: 1, Steps: 227 | Train Loss: 0.9863517 Vali Loss: 0.9826515 Test Loss: 0.9915017
Validation loss decreased (inf --> 0.982652).  Saving model ...
Updating learning rate to 0.001
	iters: 100, epoch: 2 | loss: 0.9808450
	speed: 0.0130s/iter; left time: 10.4783s
	iters: 200, epoch: 2 | loss: 0.9945316
	speed: 0.0048s/iter; left time: 3.4075s
Epoch: 2 cost time: 1.1375091075897217
Epoch: 2, Steps: 227 | Train Loss: 0.9848965 Vali Loss: 0.9820684 Test Loss: 0.9948903
Validation loss decreased (0.982652 --> 0.982068).  Saving model ...
Updating learning rate to 0.0005
	iters: 100, epoch: 3 | loss: 0.9824711
	speed: 0.0142s/iter; left time: 8.2689s
	iters: 200, epoch: 3 | loss: 0.9814198
	speed: 0.0060s/iter; left time: 2.9070s
Epoch: 3 cost time: 1.4461617469787598
Epoch: 3, Steps: 227 | Train Loss: 0.9784593 Vali Loss: 0.9770448 Test Loss: 0.9842552
Validation loss decreased (0.982068 --> 0.977045).  Saving model ...
Updating learning rate to 0.00025
	iters: 100, epoch: 4 | loss: 0.9705498
	speed: 0.0162s/iter; left time: 5.7617s
	iters: 200, epoch: 4 | loss: 0.9685854
	speed: 0.0061s/iter; left time: 1.5429s
Epoch: 4 cost time: 1.4136033058166504
Epoch: 4, Steps: 227 | Train Loss: 0.9736746 Vali Loss: 0.9759709 Test Loss: 0.9829184
Validation loss decreased (0.977045 --> 0.975971).  Saving model ...
Updating learning rate to 0.000125
	iters: 100, epoch: 5 | loss: 0.9783810
	speed: 0.0161s/iter; left time: 2.0660s
	iters: 200, epoch: 5 | loss: 0.9633398
	speed: 0.0059s/iter; left time: 0.1659s
Epoch: 5 cost time: 1.4007656574249268
Epoch: 5, Steps: 227 | Train Loss: 0.9710402 Vali Loss: 0.9752438 Test Loss: 0.9834649
Validation loss decreased (0.975971 --> 0.975244).  Saving model ...
Updating learning rate to 6.25e-05
>>>>>>>testing : long_term_forecast_PLv2_DLinear_drift_er650_sl336_s2022_DLinear_custom_ftM_sl336_ll48_pl96_dm64_nh8_el2_dl1_df64_expand2_dc4_fc3_ebtimeF_dtTrue_Exp_0<<<<<<<<<<<<<<<<<<<<<<<<<<<<<<<<<
test 4905
test shape: (4905, 96, 4) (4905, 96, 4)
test shape: (4905, 96, 4) (4905, 96, 4)
mse:0.983460545539856, mae:0.7894547581672668, dtw:Not calculated
