Using GPU
Args in experiment:
[1mBasic Config[0m
  Task Name:          long_term_forecast  Is Training:        1                   
  Model ID:           PLv2_DLinear_drift_er4000_sl720_s2021Model:              DLinear             

[1mData Loader[0m
  Data:               custom              Root Path:          ./dataset/power_law/
  Data Path:          drift_er4000.csv    Features:           M                   
  Target:             OT                  Freq:               h                   
  Checkpoints:        ./checkpoints/      

[1mForecasting Task[0m
  Seq Len:            720                 Label Len:          48                  
  Pred Len:           96                  Seasonal Patterns:  Monthly             
  Inverse:            0                   

[1mModel Parameters[0m
  Top k:              5                   Num Kernels:        6                   
  Enc In:             4                   Dec In:             4                   
  C Out:              4                   d model:            64                  
  n heads:            8                   e layers:           2                   
  d layers:           1                   d FF:               64                  
  Moving Avg:         25                  Factor:             3                   
  Distil:             1                   Dropout:            0.1                 
  Embed:              timeF               Activation:         gelu                

[1mRun Parameters[0m
  Num Workers:        2                   Itr:                1                   
  Train Epochs:       5                   Batch Size:         64                  
  Patience:           3                   Learning Rate:      0.001               
  Des:                Exp                 Loss:               MSE                 
  Lradj:              type1               Use Amp:            0                   

[1mGPU[0m
  Use GPU:            1                   GPU:                0                   
  Use Multi GPU:      0                   Devices:            0,1,2,3             

[1mDe-stationary Projector Params[0m
  P Hidden Dims:      128, 128            P Hidden Layers:    2                   

Use GPU: cuda:0
🚀 Lazy Loading: DLinear ...
>>>>>>>start training : long_term_forecast_PLv2_DLinear_drift_er4000_sl720_s2021_DLinear_custom_ftM_sl720_ll48_pl96_dm64_nh8_el2_dl1_df64_expand2_dc4_fc3_ebtimeF_dtTrue_Exp_0>>>>>>>>>>>>>>>>>>>>>>>>>>
train window subsample: keep 14525/16685 windows (max_train_windows=14525)
train 14525
val 2405
test 4905
	iters: 100, epoch: 1 | loss: 1.0437438
	speed: 0.0212s/iter; left time: 21.9916s
	iters: 200, epoch: 1 | loss: 1.0128511
	speed: 0.0037s/iter; left time: 3.5067s
Epoch: 1 cost time: 1.1281580924987793
Epoch: 1, Steps: 227 | Train Loss: 1.0231206 Vali Loss: 1.0188077 Test Loss: 1.0226473
Validation loss decreased (inf --> 1.018808).  Saving model ...
Updating learning rate to 0.001
	iters: 100, epoch: 2 | loss: 1.0302536
	speed: 0.0111s/iter; left time: 8.9777s
	iters: 200, epoch: 2 | loss: 1.0331734
	speed: 0.0039s/iter; left time: 2.7365s
Epoch: 2 cost time: 0.9983921051025391
Epoch: 2, Steps: 227 | Train Loss: 1.0204715 Vali Loss: 1.0206041 Test Loss: 1.0244749
EarlyStopping counter: 1 out of 3
Updating learning rate to 0.0005
	iters: 100, epoch: 3 | loss: 1.0062754
	speed: 0.0108s/iter; left time: 6.2756s
	iters: 200, epoch: 3 | loss: 1.0154517
	speed: 0.0039s/iter; left time: 1.8677s
Epoch: 3 cost time: 0.9409558773040771
Epoch: 3, Steps: 227 | Train Loss: 1.0065111 Vali Loss: 1.0093876 Test Loss: 1.0121623
Validation loss decreased (1.018808 --> 1.009388).  Saving model ...
Updating learning rate to 0.00025
	iters: 100, epoch: 4 | loss: 1.0167651
	speed: 0.0110s/iter; left time: 3.9124s
	iters: 200, epoch: 4 | loss: 0.9769560
	speed: 0.0038s/iter; left time: 0.9798s
Epoch: 4 cost time: 0.94284987449646
Epoch: 4, Steps: 227 | Train Loss: 0.9962611 Vali Loss: 1.0051454 Test Loss: 1.0078423
Validation loss decreased (1.009388 --> 1.005145).  Saving model ...
Updating learning rate to 0.000125
	iters: 100, epoch: 5 | loss: 0.9779403
	speed: 0.0111s/iter; left time: 1.4175s
	iters: 200, epoch: 5 | loss: 0.9772590
	speed: 0.0037s/iter; left time: 0.1038s
Epoch: 5 cost time: 0.9201183319091797
Epoch: 5, Steps: 227 | Train Loss: 0.9905499 Vali Loss: 1.0039897 Test Loss: 1.0064557
Validation loss decreased (1.005145 --> 1.003990).  Saving model ...
Updating learning rate to 6.25e-05
>>>>>>>testing : long_term_forecast_PLv2_DLinear_drift_er4000_sl720_s2021_DLinear_custom_ftM_sl720_ll48_pl96_dm64_nh8_el2_dl1_df64_expand2_dc4_fc3_ebtimeF_dtTrue_Exp_0<<<<<<<<<<<<<<<<<<<<<<<<<<<<<<<<<
test 4905
test shape: (4905, 96, 4) (4905, 96, 4)
test shape: (4905, 96, 4) (4905, 96, 4)
mse:1.00675368309021, mae:0.7991124987602234, dtw:Not calculated
