Using GPU
Args in experiment:
[1mBasic Config[0m
  Task Name:          long_term_forecast  Is Training:        1                   
  Model ID:           PLv2_DLinear_drift_er1700_sl1440_s2022Model:              DLinear             

[1mData Loader[0m
  Data:               custom              Root Path:          ./dataset/power_law/
  Data Path:          drift_er1700.csv    Features:           M                   
  Target:             OT                  Freq:               h                   
  Checkpoints:        ./checkpoints/      

[1mForecasting Task[0m
  Seq Len:            1440                Label Len:          48                  
  Pred Len:           96                  Seasonal Patterns:  Monthly             
  Inverse:            0                   

[1mModel Parameters[0m
  Top k:              5                   Num Kernels:        6                   
  Enc In:             4                   Dec In:             4                   
  C Out:              4                   d model:            64                  
  n heads:            8                   e layers:           2                   
  d layers:           1                   d FF:               64                  
  Moving Avg:         25                  Factor:             3                   
  Distil:             1                   Dropout:            0.1                 
  Embed:              timeF               Activation:         gelu                

[1mRun Parameters[0m
  Num Workers:        2                   Itr:                1                   
  Train Epochs:       5                   Batch Size:         64                  
  Patience:           3                   Learning Rate:      0.001               
  Des:                Exp                 Loss:               MSE                 
  Lradj:              type1               Use Amp:            0                   

[1mGPU[0m
  Use GPU:            1                   GPU:                0                   
  Use Multi GPU:      0                   Devices:            0,1,2,3             

[1mDe-stationary Projector Params[0m
  P Hidden Dims:      128, 128            P Hidden Layers:    2                   

Use GPU: cuda:0
🚀 Lazy Loading: DLinear ...
>>>>>>>start training : long_term_forecast_PLv2_DLinear_drift_er1700_sl1440_s2022_DLinear_custom_ftM_sl1440_ll48_pl96_dm64_nh8_el2_dl1_df64_expand2_dc4_fc3_ebtimeF_dtTrue_Exp_0>>>>>>>>>>>>>>>>>>>>>>>>>>
train window subsample: keep 14525/15965 windows (max_train_windows=14525)
train 14525
val 2405
test 4905
	iters: 100, epoch: 1 | loss: 1.0164657
	speed: 0.0202s/iter; left time: 20.8910s
	iters: 200, epoch: 1 | loss: 1.0098926
	speed: 0.0046s/iter; left time: 4.2662s
Epoch: 1 cost time: 1.3127920627593994
Epoch: 1, Steps: 227 | Train Loss: 1.0185613 Vali Loss: 1.0225298 Test Loss: 1.0189432
Validation loss decreased (inf --> 1.022530).  Saving model ...
Updating learning rate to 0.001
	iters: 100, epoch: 2 | loss: 1.0048164
	speed: 0.0125s/iter; left time: 10.1072s
	iters: 200, epoch: 2 | loss: 1.0216215
	speed: 0.0047s/iter; left time: 3.3554s
Epoch: 2 cost time: 1.14585542678833
Epoch: 2, Steps: 227 | Train Loss: 1.0134961 Vali Loss: 1.0222191 Test Loss: 1.0201810
Validation loss decreased (1.022530 --> 1.022219).  Saving model ...
Updating learning rate to 0.0005
	iters: 100, epoch: 3 | loss: 0.9874510
	speed: 0.0124s/iter; left time: 7.2091s
	iters: 200, epoch: 3 | loss: 1.0020165
	speed: 0.0046s/iter; left time: 2.2085s
Epoch: 3 cost time: 1.1287243366241455
Epoch: 3, Steps: 227 | Train Loss: 0.9856494 Vali Loss: 0.9997078 Test Loss: 0.9969370
Validation loss decreased (1.022219 --> 0.999708).  Saving model ...
Updating learning rate to 0.00025
	iters: 100, epoch: 4 | loss: 0.9653136
	speed: 0.0126s/iter; left time: 4.4615s
	iters: 200, epoch: 4 | loss: 0.9615192
	speed: 0.0045s/iter; left time: 1.1583s
Epoch: 4 cost time: 1.1260912418365479
Epoch: 4, Steps: 227 | Train Loss: 0.9655164 Vali Loss: 0.9918668 Test Loss: 0.9893653
Validation loss decreased (0.999708 --> 0.991867).  Saving model ...
Updating learning rate to 0.000125
	iters: 100, epoch: 5 | loss: 0.9603032
	speed: 0.0123s/iter; left time: 1.5710s
	iters: 200, epoch: 5 | loss: 0.9604831
	speed: 0.0046s/iter; left time: 0.1280s
Epoch: 5 cost time: 1.1191051006317139
Epoch: 5, Steps: 227 | Train Loss: 0.9544630 Vali Loss: 0.9890198 Test Loss: 0.9867117
Validation loss decreased (0.991867 --> 0.989020).  Saving model ...
Updating learning rate to 6.25e-05
>>>>>>>testing : long_term_forecast_PLv2_DLinear_drift_er1700_sl1440_s2022_DLinear_custom_ftM_sl1440_ll48_pl96_dm64_nh8_el2_dl1_df64_expand2_dc4_fc3_ebtimeF_dtTrue_Exp_0<<<<<<<<<<<<<<<<<<<<<<<<<<<<<<<<<
test 4905
test shape: (4905, 96, 4) (4905, 96, 4)
test shape: (4905, 96, 4) (4905, 96, 4)
mse:0.9863594770431519, mae:0.7907290458679199, dtw:Not calculated
