Using GPU
Args in experiment:
[1mBasic Config[0m
  Task Name:          long_term_forecast  Is Training:        1                   
  Model ID:           PLv2_DLinear_drift_er150_sl480_s2021Model:              DLinear             

[1mData Loader[0m
  Data:               custom              Root Path:          ./dataset/power_law/
  Data Path:          drift_er150.csv     Features:           M                   
  Target:             OT                  Freq:               h                   
  Checkpoints:        ./checkpoints/      

[1mForecasting Task[0m
  Seq Len:            480                 Label Len:          48                  
  Pred Len:           96                  Seasonal Patterns:  Monthly             
  Inverse:            0                   

[1mModel Parameters[0m
  Top k:              5                   Num Kernels:        6                   
  Enc In:             4                   Dec In:             4                   
  C Out:              4                   d model:            64                  
  n heads:            8                   e layers:           2                   
  d layers:           1                   d FF:               64                  
  Moving Avg:         25                  Factor:             3                   
  Distil:             1                   Dropout:            0.1                 
  Embed:              timeF               Activation:         gelu                

[1mRun Parameters[0m
  Num Workers:        2                   Itr:                1                   
  Train Epochs:       5                   Batch Size:         64                  
  Patience:           3                   Learning Rate:      0.001               
  Des:                Exp                 Loss:               MSE                 
  Lradj:              type1               Use Amp:            0                   

[1mGPU[0m
  Use GPU:            1                   GPU:                0                   
  Use Multi GPU:      0                   Devices:            0,1,2,3             

[1mDe-stationary Projector Params[0m
  P Hidden Dims:      128, 128            P Hidden Layers:    2                   

Use GPU: cuda:0
🚀 Lazy Loading: DLinear ...
>>>>>>>start training : long_term_forecast_PLv2_DLinear_drift_er150_sl480_s2021_DLinear_custom_ftM_sl480_ll48_pl96_dm64_nh8_el2_dl1_df64_expand2_dc4_fc3_ebtimeF_dtTrue_Exp_0>>>>>>>>>>>>>>>>>>>>>>>>>>
train window subsample: keep 14525/16925 windows (max_train_windows=14525)
train 14525
val 2405
test 4905
	iters: 100, epoch: 1 | loss: 0.7873470
	speed: 0.0193s/iter; left time: 20.0266s
	iters: 200, epoch: 1 | loss: 0.7833729
	speed: 0.0039s/iter; left time: 3.6189s
Epoch: 1 cost time: 1.1302506923675537
Epoch: 1, Steps: 227 | Train Loss: 0.7839728 Vali Loss: 0.7788714 Test Loss: 0.7840077
Validation loss decreased (inf --> 0.778871).  Saving model ...
Updating learning rate to 0.001
	iters: 100, epoch: 2 | loss: 0.7763178
	speed: 0.0101s/iter; left time: 8.1956s
	iters: 200, epoch: 2 | loss: 0.7906718
	speed: 0.0038s/iter; left time: 2.7264s
Epoch: 2 cost time: 0.9088516235351562
Epoch: 2, Steps: 227 | Train Loss: 0.7821317 Vali Loss: 0.7798107 Test Loss: 0.7852241
EarlyStopping counter: 1 out of 3
Updating learning rate to 0.0005
	iters: 100, epoch: 3 | loss: 0.7680696
	speed: 0.0101s/iter; left time: 5.8655s
	iters: 200, epoch: 3 | loss: 0.7684473
	speed: 0.0038s/iter; left time: 1.8437s
Epoch: 3 cost time: 0.899665117263794
Epoch: 3, Steps: 227 | Train Loss: 0.7739615 Vali Loss: 0.7683713 Test Loss: 0.7753628
Validation loss decreased (0.778871 --> 0.768371).  Saving model ...
Updating learning rate to 0.00025
	iters: 100, epoch: 4 | loss: 0.7642333
	speed: 0.0111s/iter; left time: 3.9454s
	iters: 200, epoch: 4 | loss: 0.7822708
	speed: 0.0041s/iter; left time: 1.0528s
Epoch: 4 cost time: 1.0031731128692627
Epoch: 4, Steps: 227 | Train Loss: 0.7681915 Vali Loss: 0.7655655 Test Loss: 0.7718032
Validation loss decreased (0.768371 --> 0.765566).  Saving model ...
Updating learning rate to 0.000125
	iters: 100, epoch: 5 | loss: 0.7648209
	speed: 0.0110s/iter; left time: 1.4029s
	iters: 200, epoch: 5 | loss: 0.7727175
	speed: 0.0039s/iter; left time: 0.1102s
Epoch: 5 cost time: 0.9582810401916504
Epoch: 5, Steps: 227 | Train Loss: 0.7650449 Vali Loss: 0.7634488 Test Loss: 0.7698421
Validation loss decreased (0.765566 --> 0.763449).  Saving model ...
Updating learning rate to 6.25e-05
>>>>>>>testing : long_term_forecast_PLv2_DLinear_drift_er150_sl480_s2021_DLinear_custom_ftM_sl480_ll48_pl96_dm64_nh8_el2_dl1_df64_expand2_dc4_fc3_ebtimeF_dtTrue_Exp_0<<<<<<<<<<<<<<<<<<<<<<<<<<<<<<<<<
test 4905
test shape: (4905, 96, 4) (4905, 96, 4)
test shape: (4905, 96, 4) (4905, 96, 4)
mse:0.7695549130439758, mae:0.6936168670654297, dtw:Not calculated
