Using GPU
Args in experiment:
[1mBasic Config[0m
  Task Name:          long_term_forecast  Is Training:        1                   
  Model ID:           PLv2_DLinear_drift_er650_sl720_s2021Model:              DLinear             

[1mData Loader[0m
  Data:               custom              Root Path:          ./dataset/power_law/
  Data Path:          drift_er650.csv     Features:           M                   
  Target:             OT                  Freq:               h                   
  Checkpoints:        ./checkpoints/      

[1mForecasting Task[0m
  Seq Len:            720                 Label Len:          48                  
  Pred Len:           96                  Seasonal Patterns:  Monthly             
  Inverse:            0                   

[1mModel Parameters[0m
  Top k:              5                   Num Kernels:        6                   
  Enc In:             4                   Dec In:             4                   
  C Out:              4                   d model:            64                  
  n heads:            8                   e layers:           2                   
  d layers:           1                   d FF:               64                  
  Moving Avg:         25                  Factor:             3                   
  Distil:             1                   Dropout:            0.1                 
  Embed:              timeF               Activation:         gelu                

[1mRun Parameters[0m
  Num Workers:        2                   Itr:                1                   
  Train Epochs:       5                   Batch Size:         64                  
  Patience:           3                   Learning Rate:      0.001               
  Des:                Exp                 Loss:               MSE                 
  Lradj:              type1               Use Amp:            0                   

[1mGPU[0m
  Use GPU:            1                   GPU:                0                   
  Use Multi GPU:      0                   Devices:            0,1,2,3             

[1mDe-stationary Projector Params[0m
  P Hidden Dims:      128, 128            P Hidden Layers:    2                   

Use GPU: cuda:0
🚀 Lazy Loading: DLinear ...
>>>>>>>start training : long_term_forecast_PLv2_DLinear_drift_er650_sl720_s2021_DLinear_custom_ftM_sl720_ll48_pl96_dm64_nh8_el2_dl1_df64_expand2_dc4_fc3_ebtimeF_dtTrue_Exp_0>>>>>>>>>>>>>>>>>>>>>>>>>>
train window subsample: keep 14525/16685 windows (max_train_windows=14525)
train 14525
val 2405
test 4905
	iters: 100, epoch: 1 | loss: 0.9884007
	speed: 0.0187s/iter; left time: 19.3928s
	iters: 200, epoch: 1 | loss: 0.9896905
	speed: 0.0037s/iter; left time: 3.4550s
Epoch: 1 cost time: 1.1044738292694092
Epoch: 1, Steps: 227 | Train Loss: 0.9988839 Vali Loss: 0.9926878 Test Loss: 1.0063230
Validation loss decreased (inf --> 0.992688).  Saving model ...
Updating learning rate to 0.001
	iters: 100, epoch: 2 | loss: 1.0087750
	speed: 0.0104s/iter; left time: 8.4384s
	iters: 200, epoch: 2 | loss: 1.0067589
	speed: 0.0037s/iter; left time: 2.5928s
Epoch: 2 cost time: 0.921933650970459
Epoch: 2, Steps: 227 | Train Loss: 0.9961509 Vali Loss: 0.9943957 Test Loss: 1.0085071
EarlyStopping counter: 1 out of 3
Updating learning rate to 0.0005
	iters: 100, epoch: 3 | loss: 0.9929465
	speed: 0.0104s/iter; left time: 6.0801s
	iters: 200, epoch: 3 | loss: 0.9862964
	speed: 0.0039s/iter; left time: 1.8984s
Epoch: 3 cost time: 0.9399523735046387
Epoch: 3, Steps: 227 | Train Loss: 0.9821066 Vali Loss: 0.9837726 Test Loss: 0.9940110
Validation loss decreased (0.992688 --> 0.983773).  Saving model ...
Updating learning rate to 0.00025
	iters: 100, epoch: 4 | loss: 0.9788859
	speed: 0.0116s/iter; left time: 4.1078s
	iters: 200, epoch: 4 | loss: 0.9786680
	speed: 0.0043s/iter; left time: 1.0878s
Epoch: 4 cost time: 1.0183370113372803
Epoch: 4, Steps: 227 | Train Loss: 0.9721689 Vali Loss: 0.9802858 Test Loss: 0.9874938
Validation loss decreased (0.983773 --> 0.980286).  Saving model ...
Updating learning rate to 0.000125
	iters: 100, epoch: 5 | loss: 0.9871583
	speed: 0.0113s/iter; left time: 1.4443s
	iters: 200, epoch: 5 | loss: 0.9686965
	speed: 0.0040s/iter; left time: 0.1115s
Epoch: 5 cost time: 0.978562593460083
Epoch: 5, Steps: 227 | Train Loss: 0.9665289 Vali Loss: 0.9791512 Test Loss: 0.9876394
Validation loss decreased (0.980286 --> 0.979151).  Saving model ...
Updating learning rate to 6.25e-05
>>>>>>>testing : long_term_forecast_PLv2_DLinear_drift_er650_sl720_s2021_DLinear_custom_ftM_sl720_ll48_pl96_dm64_nh8_el2_dl1_df64_expand2_dc4_fc3_ebtimeF_dtTrue_Exp_0<<<<<<<<<<<<<<<<<<<<<<<<<<<<<<<<<
test 4905
test shape: (4905, 96, 4) (4905, 96, 4)
test shape: (4905, 96, 4) (4905, 96, 4)
mse:0.9877219796180725, mae:0.7912721037864685, dtw:Not calculated
