Using GPU
Args in experiment:
[1mBasic Config[0m
  Task Name:          long_term_forecast  Is Training:        1                   
  Model ID:           PLv2_DLinear_drift_er400_sl192_s2022Model:              DLinear             

[1mData Loader[0m
  Data:               custom              Root Path:          ./dataset/power_law/
  Data Path:          drift_er400.csv     Features:           M                   
  Target:             OT                  Freq:               h                   
  Checkpoints:        ./checkpoints/      

[1mForecasting Task[0m
  Seq Len:            192                 Label Len:          48                  
  Pred Len:           96                  Seasonal Patterns:  Monthly             
  Inverse:            0                   

[1mModel Parameters[0m
  Top k:              5                   Num Kernels:        6                   
  Enc In:             4                   Dec In:             4                   
  C Out:              4                   d model:            64                  
  n heads:            8                   e layers:           2                   
  d layers:           1                   d FF:               64                  
  Moving Avg:         25                  Factor:             3                   
  Distil:             1                   Dropout:            0.1                 
  Embed:              timeF               Activation:         gelu                

[1mRun Parameters[0m
  Num Workers:        2                   Itr:                1                   
  Train Epochs:       5                   Batch Size:         64                  
  Patience:           3                   Learning Rate:      0.001               
  Des:                Exp                 Loss:               MSE                 
  Lradj:              type1               Use Amp:            0                   

[1mGPU[0m
  Use GPU:            1                   GPU:                0                   
  Use Multi GPU:      0                   Devices:            0,1,2,3             

[1mDe-stationary Projector Params[0m
  P Hidden Dims:      128, 128            P Hidden Layers:    2                   

Use GPU: cuda:0
🚀 Lazy Loading: DLinear ...
>>>>>>>start training : long_term_forecast_PLv2_DLinear_drift_er400_sl192_s2022_DLinear_custom_ftM_sl192_ll48_pl96_dm64_nh8_el2_dl1_df64_expand2_dc4_fc3_ebtimeF_dtTrue_Exp_0>>>>>>>>>>>>>>>>>>>>>>>>>>
train window subsample: keep 14525/17213 windows (max_train_windows=14525)
train 14525
val 2405
test 4905
	iters: 100, epoch: 1 | loss: 0.9068632
	speed: 0.0181s/iter; left time: 18.7195s
	iters: 200, epoch: 1 | loss: 0.9066851
	speed: 0.0025s/iter; left time: 2.3753s
Epoch: 1 cost time: 0.8792617321014404
Epoch: 1, Steps: 227 | Train Loss: 0.8988335 Vali Loss: 0.8944466 Test Loss: 0.9014190
Validation loss decreased (inf --> 0.894447).  Saving model ...
Updating learning rate to 0.001
	iters: 100, epoch: 2 | loss: 0.8993235
	speed: 0.0073s/iter; left time: 5.9095s
	iters: 200, epoch: 2 | loss: 0.8995913
	speed: 0.0026s/iter; left time: 1.8300s
Epoch: 2 cost time: 0.647770881652832
Epoch: 2, Steps: 227 | Train Loss: 0.8978609 Vali Loss: 0.8952822 Test Loss: 0.9020706
EarlyStopping counter: 1 out of 3
Updating learning rate to 0.0005
	iters: 100, epoch: 3 | loss: 0.9022822
	speed: 0.0073s/iter; left time: 4.2603s
	iters: 200, epoch: 3 | loss: 0.9068930
	speed: 0.0026s/iter; left time: 1.2343s
Epoch: 3 cost time: 0.6442742347717285
Epoch: 3, Steps: 227 | Train Loss: 0.8940881 Vali Loss: 0.8898365 Test Loss: 0.8960298
Validation loss decreased (0.894447 --> 0.889837).  Saving model ...
Updating learning rate to 0.00025
	iters: 100, epoch: 4 | loss: 0.8900480
	speed: 0.0074s/iter; left time: 2.6291s
	iters: 200, epoch: 4 | loss: 0.8956110
	speed: 0.0027s/iter; left time: 0.6844s
Epoch: 4 cost time: 0.6561999320983887
Epoch: 4, Steps: 227 | Train Loss: 0.8914602 Vali Loss: 0.8887932 Test Loss: 0.8948004
Validation loss decreased (0.889837 --> 0.888793).  Saving model ...
Updating learning rate to 0.000125
	iters: 100, epoch: 5 | loss: 0.8903509
	speed: 0.0078s/iter; left time: 0.9984s
	iters: 200, epoch: 5 | loss: 0.8777229
	speed: 0.0027s/iter; left time: 0.0765s
Epoch: 5 cost time: 0.6761536598205566
Epoch: 5, Steps: 227 | Train Loss: 0.8900518 Vali Loss: 0.8876256 Test Loss: 0.8936195
Validation loss decreased (0.888793 --> 0.887626).  Saving model ...
Updating learning rate to 6.25e-05
>>>>>>>testing : long_term_forecast_PLv2_DLinear_drift_er400_sl192_s2022_DLinear_custom_ftM_sl192_ll48_pl96_dm64_nh8_el2_dl1_df64_expand2_dc4_fc3_ebtimeF_dtTrue_Exp_0<<<<<<<<<<<<<<<<<<<<<<<<<<<<<<<<<
test 4905
test shape: (4905, 96, 4) (4905, 96, 4)
test shape: (4905, 96, 4) (4905, 96, 4)
mse:0.8936694264411926, mae:0.7531521916389465, dtw:Not calculated
