Using GPU
Args in experiment:
[1mBasic Config[0m
  Task Name:          long_term_forecast  Is Training:        1                   
  Model ID:           PLv2_DLinear_drift_er2500_sl336_s2022Model:              DLinear             

[1mData Loader[0m
  Data:               custom              Root Path:          ./dataset/power_law/
  Data Path:          drift_er2500.csv    Features:           M                   
  Target:             OT                  Freq:               h                   
  Checkpoints:        ./checkpoints/      

[1mForecasting Task[0m
  Seq Len:            336                 Label Len:          48                  
  Pred Len:           96                  Seasonal Patterns:  Monthly             
  Inverse:            0                   

[1mModel Parameters[0m
  Top k:              5                   Num Kernels:        6                   
  Enc In:             4                   Dec In:             4                   
  C Out:              4                   d model:            64                  
  n heads:            8                   e layers:           2                   
  d layers:           1                   d FF:               64                  
  Moving Avg:         25                  Factor:             3                   
  Distil:             1                   Dropout:            0.1                 
  Embed:              timeF               Activation:         gelu                

[1mRun Parameters[0m
  Num Workers:        2                   Itr:                1                   
  Train Epochs:       5                   Batch Size:         64                  
  Patience:           3                   Learning Rate:      0.001               
  Des:                Exp                 Loss:               MSE                 
  Lradj:              type1               Use Amp:            0                   

[1mGPU[0m
  Use GPU:            1                   GPU:                0                   
  Use Multi GPU:      0                   Devices:            0,1,2,3             

[1mDe-stationary Projector Params[0m
  P Hidden Dims:      128, 128            P Hidden Layers:    2                   

Use GPU: cuda:0
🚀 Lazy Loading: DLinear ...
>>>>>>>start training : long_term_forecast_PLv2_DLinear_drift_er2500_sl336_s2022_DLinear_custom_ftM_sl336_ll48_pl96_dm64_nh8_el2_dl1_df64_expand2_dc4_fc3_ebtimeF_dtTrue_Exp_0>>>>>>>>>>>>>>>>>>>>>>>>>>
train window subsample: keep 14525/17069 windows (max_train_windows=14525)
train 14525
val 2405
test 4905
	iters: 100, epoch: 1 | loss: 0.9824972
	speed: 0.0196s/iter; left time: 20.2575s
	iters: 200, epoch: 1 | loss: 0.9730620
	speed: 0.0036s/iter; left time: 3.3569s
Epoch: 1 cost time: 1.128561019897461
Epoch: 1, Steps: 227 | Train Loss: 1.0005029 Vali Loss: 0.9953336 Test Loss: 0.9952994
Validation loss decreased (inf --> 0.995334).  Saving model ...
Updating learning rate to 0.001
	iters: 100, epoch: 2 | loss: 1.0045860
	speed: 0.0099s/iter; left time: 8.0367s
	iters: 200, epoch: 2 | loss: 1.0029562
	speed: 0.0035s/iter; left time: 2.4513s
Epoch: 2 cost time: 0.8718149662017822
Epoch: 2, Steps: 227 | Train Loss: 0.9991417 Vali Loss: 0.9964285 Test Loss: 0.9955754
EarlyStopping counter: 1 out of 3
Updating learning rate to 0.0005
	iters: 100, epoch: 3 | loss: 0.9921116
	speed: 0.0099s/iter; left time: 5.7699s
	iters: 200, epoch: 3 | loss: 0.9822533
	speed: 0.0036s/iter; left time: 1.7536s
Epoch: 3 cost time: 0.8806736469268799
Epoch: 3, Steps: 227 | Train Loss: 0.9926046 Vali Loss: 0.9911039 Test Loss: 0.9907347
Validation loss decreased (0.995334 --> 0.991104).  Saving model ...
Updating learning rate to 0.00025
	iters: 100, epoch: 4 | loss: 0.9733987
	speed: 0.0097s/iter; left time: 3.4345s
	iters: 200, epoch: 4 | loss: 0.9817804
	speed: 0.0037s/iter; left time: 0.9537s
Epoch: 4 cost time: 0.8978815078735352
Epoch: 4, Steps: 227 | Train Loss: 0.9878643 Vali Loss: 0.9887001 Test Loss: 0.9883024
Validation loss decreased (0.991104 --> 0.988700).  Saving model ...
Updating learning rate to 0.000125
	iters: 100, epoch: 5 | loss: 0.9799451
	speed: 0.0095s/iter; left time: 1.2169s
	iters: 200, epoch: 5 | loss: 0.9797139
	speed: 0.0037s/iter; left time: 0.1028s
Epoch: 5 cost time: 0.8745508193969727
Epoch: 5, Steps: 227 | Train Loss: 0.9851732 Vali Loss: 0.9881721 Test Loss: 0.9879046
Validation loss decreased (0.988700 --> 0.988172).  Saving model ...
Updating learning rate to 6.25e-05
>>>>>>>testing : long_term_forecast_PLv2_DLinear_drift_er2500_sl336_s2022_DLinear_custom_ftM_sl336_ll48_pl96_dm64_nh8_el2_dl1_df64_expand2_dc4_fc3_ebtimeF_dtTrue_Exp_0<<<<<<<<<<<<<<<<<<<<<<<<<<<<<<<<<
test 4905
test shape: (4905, 96, 4) (4905, 96, 4)
test shape: (4905, 96, 4) (4905, 96, 4)
mse:0.9876352548599243, mae:0.7909768223762512, dtw:Not calculated
