Using GPU
Args in experiment:
[1mBasic Config[0m
  Task Name:          long_term_forecast  Is Training:        1                   
  Model ID:           PLv2_DLinear_drift_er650_sl336_s2021Model:              DLinear             

[1mData Loader[0m
  Data:               custom              Root Path:          ./dataset/power_law/
  Data Path:          drift_er650.csv     Features:           M                   
  Target:             OT                  Freq:               h                   
  Checkpoints:        ./checkpoints/      

[1mForecasting Task[0m
  Seq Len:            336                 Label Len:          48                  
  Pred Len:           96                  Seasonal Patterns:  Monthly             
  Inverse:            0                   

[1mModel Parameters[0m
  Top k:              5                   Num Kernels:        6                   
  Enc In:             4                   Dec In:             4                   
  C Out:              4                   d model:            64                  
  n heads:            8                   e layers:           2                   
  d layers:           1                   d FF:               64                  
  Moving Avg:         25                  Factor:             3                   
  Distil:             1                   Dropout:            0.1                 
  Embed:              timeF               Activation:         gelu                

[1mRun Parameters[0m
  Num Workers:        2                   Itr:                1                   
  Train Epochs:       5                   Batch Size:         64                  
  Patience:           3                   Learning Rate:      0.001               
  Des:                Exp                 Loss:               MSE                 
  Lradj:              type1               Use Amp:            0                   

[1mGPU[0m
  Use GPU:            1                   GPU:                0                   
  Use Multi GPU:      0                   Devices:            0,1,2,3             

[1mDe-stationary Projector Params[0m
  P Hidden Dims:      128, 128            P Hidden Layers:    2                   

Use GPU: cuda:0
🚀 Lazy Loading: DLinear ...
>>>>>>>start training : long_term_forecast_PLv2_DLinear_drift_er650_sl336_s2021_DLinear_custom_ftM_sl336_ll48_pl96_dm64_nh8_el2_dl1_df64_expand2_dc4_fc3_ebtimeF_dtTrue_Exp_0>>>>>>>>>>>>>>>>>>>>>>>>>>
train window subsample: keep 14525/17069 windows (max_train_windows=14525)
train 14525
val 2405
test 4905
	iters: 100, epoch: 1 | loss: 0.9812460
	speed: 0.0209s/iter; left time: 21.6006s
	iters: 200, epoch: 1 | loss: 0.9873712
	speed: 0.0048s/iter; left time: 4.4562s
Epoch: 1 cost time: 1.380176305770874
Epoch: 1, Steps: 227 | Train Loss: 0.9863286 Vali Loss: 0.9819619 Test Loss: 0.9920410
Validation loss decreased (inf --> 0.981962).  Saving model ...
Updating learning rate to 0.001
	iters: 100, epoch: 2 | loss: 0.9967970
	speed: 0.0137s/iter; left time: 11.1171s
	iters: 200, epoch: 2 | loss: 0.9965541
	speed: 0.0047s/iter; left time: 3.3305s
Epoch: 2 cost time: 1.1465086936950684
Epoch: 2, Steps: 227 | Train Loss: 0.9850272 Vali Loss: 0.9825902 Test Loss: 0.9932891
EarlyStopping counter: 1 out of 3
Updating learning rate to 0.0005
	iters: 100, epoch: 3 | loss: 0.9834668
	speed: 0.0148s/iter; left time: 8.6096s
	iters: 200, epoch: 3 | loss: 0.9761763
	speed: 0.0060s/iter; left time: 2.9095s
Epoch: 3 cost time: 1.4511704444885254
Epoch: 3, Steps: 227 | Train Loss: 0.9784218 Vali Loss: 0.9774774 Test Loss: 0.9866141
Validation loss decreased (0.981962 --> 0.977477).  Saving model ...
Updating learning rate to 0.00025
	iters: 100, epoch: 4 | loss: 0.9677273
	speed: 0.0164s/iter; left time: 5.8382s
	iters: 200, epoch: 4 | loss: 0.9770589
	speed: 0.0060s/iter; left time: 1.5327s
Epoch: 4 cost time: 1.4325451850891113
Epoch: 4, Steps: 227 | Train Loss: 0.9736780 Vali Loss: 0.9759443 Test Loss: 0.9837874
Validation loss decreased (0.977477 --> 0.975944).  Saving model ...
Updating learning rate to 0.000125
	iters: 100, epoch: 5 | loss: 0.9704223
	speed: 0.0159s/iter; left time: 2.0392s
	iters: 200, epoch: 5 | loss: 0.9680166
	speed: 0.0062s/iter; left time: 0.1746s
Epoch: 5 cost time: 1.4213283061981201
Epoch: 5, Steps: 227 | Train Loss: 0.9710227 Vali Loss: 0.9752877 Test Loss: 0.9842556
Validation loss decreased (0.975944 --> 0.975288).  Saving model ...
Updating learning rate to 6.25e-05
>>>>>>>testing : long_term_forecast_PLv2_DLinear_drift_er650_sl336_s2021_DLinear_custom_ftM_sl336_ll48_pl96_dm64_nh8_el2_dl1_df64_expand2_dc4_fc3_ebtimeF_dtTrue_Exp_0<<<<<<<<<<<<<<<<<<<<<<<<<<<<<<<<<
test 4905
test shape: (4905, 96, 4) (4905, 96, 4)
test shape: (4905, 96, 4) (4905, 96, 4)
mse:0.9842495322227478, mae:0.7897509932518005, dtw:Not calculated
