Using GPU
Args in experiment:
[1mBasic Config[0m
  Task Name:          long_term_forecast  Is Training:        1                   
  Model ID:           PLv2_DLinear_drift_er250_sl192_s2021Model:              DLinear             

[1mData Loader[0m
  Data:               custom              Root Path:          ./dataset/power_law/
  Data Path:          drift_er250.csv     Features:           M                   
  Target:             OT                  Freq:               h                   
  Checkpoints:        ./checkpoints/      

[1mForecasting Task[0m
  Seq Len:            192                 Label Len:          48                  
  Pred Len:           96                  Seasonal Patterns:  Monthly             
  Inverse:            0                   

[1mModel Parameters[0m
  Top k:              5                   Num Kernels:        6                   
  Enc In:             4                   Dec In:             4                   
  C Out:              4                   d model:            64                  
  n heads:            8                   e layers:           2                   
  d layers:           1                   d FF:               64                  
  Moving Avg:         25                  Factor:             3                   
  Distil:             1                   Dropout:            0.1                 
  Embed:              timeF               Activation:         gelu                

[1mRun Parameters[0m
  Num Workers:        2                   Itr:                1                   
  Train Epochs:       5                   Batch Size:         64                  
  Patience:           3                   Learning Rate:      0.001               
  Des:                Exp                 Loss:               MSE                 
  Lradj:              type1               Use Amp:            0                   

[1mGPU[0m
  Use GPU:            1                   GPU:                0                   
  Use Multi GPU:      0                   Devices:            0,1,2,3             

[1mDe-stationary Projector Params[0m
  P Hidden Dims:      128, 128            P Hidden Layers:    2                   

Use GPU: cuda:0
🚀 Lazy Loading: DLinear ...
>>>>>>>start training : long_term_forecast_PLv2_DLinear_drift_er250_sl192_s2021_DLinear_custom_ftM_sl192_ll48_pl96_dm64_nh8_el2_dl1_df64_expand2_dc4_fc3_ebtimeF_dtTrue_Exp_0>>>>>>>>>>>>>>>>>>>>>>>>>>
train window subsample: keep 14525/17213 windows (max_train_windows=14525)
train 14525
val 2405
test 4905
	iters: 100, epoch: 1 | loss: 0.8511197
	speed: 0.0168s/iter; left time: 17.3984s
	iters: 200, epoch: 1 | loss: 0.8586639
	speed: 0.0024s/iter; left time: 2.2444s
Epoch: 1 cost time: 0.7997541427612305
Epoch: 1, Steps: 227 | Train Loss: 0.8528800 Vali Loss: 0.8561684 Test Loss: 0.8615175
Validation loss decreased (inf --> 0.856168).  Saving model ...
Updating learning rate to 0.001
	iters: 100, epoch: 2 | loss: 0.8344651
	speed: 0.0068s/iter; left time: 5.5410s
	iters: 200, epoch: 2 | loss: 0.8486195
	speed: 0.0024s/iter; left time: 1.6943s
Epoch: 2 cost time: 0.5979254245758057
Epoch: 2, Steps: 227 | Train Loss: 0.8516425 Vali Loss: 0.8553244 Test Loss: 0.8605972
Validation loss decreased (0.856168 --> 0.855324).  Saving model ...
Updating learning rate to 0.0005
	iters: 100, epoch: 3 | loss: 0.8493354
	speed: 0.0069s/iter; left time: 4.0005s
	iters: 200, epoch: 3 | loss: 0.8470963
	speed: 0.0025s/iter; left time: 1.1931s
Epoch: 3 cost time: 0.6124739646911621
Epoch: 3, Steps: 227 | Train Loss: 0.8482120 Vali Loss: 0.8480676 Test Loss: 0.8525860
Validation loss decreased (0.855324 --> 0.848068).  Saving model ...
Updating learning rate to 0.00025
	iters: 100, epoch: 4 | loss: 0.8449167
	speed: 0.0071s/iter; left time: 2.5054s
	iters: 200, epoch: 4 | loss: 0.8521188
	speed: 0.0024s/iter; left time: 0.6058s
Epoch: 4 cost time: 0.6057360172271729
Epoch: 4, Steps: 227 | Train Loss: 0.8456547 Vali Loss: 0.8426931 Test Loss: 0.8474553
Validation loss decreased (0.848068 --> 0.842693).  Saving model ...
Updating learning rate to 0.000125
	iters: 100, epoch: 5 | loss: 0.8494153
	speed: 0.0070s/iter; left time: 0.8944s
	iters: 200, epoch: 5 | loss: 0.8476517
	speed: 0.0024s/iter; left time: 0.0678s
Epoch: 5 cost time: 0.6131863594055176
Epoch: 5, Steps: 227 | Train Loss: 0.8442689 Vali Loss: 0.8427204 Test Loss: 0.8471374
EarlyStopping counter: 1 out of 3
Updating learning rate to 6.25e-05
>>>>>>>testing : long_term_forecast_PLv2_DLinear_drift_er250_sl192_s2021_DLinear_custom_ftM_sl192_ll48_pl96_dm64_nh8_el2_dl1_df64_expand2_dc4_fc3_ebtimeF_dtTrue_Exp_0<<<<<<<<<<<<<<<<<<<<<<<<<<<<<<<<<
test 4905
test shape: (4905, 96, 4) (4905, 96, 4)
test shape: (4905, 96, 4) (4905, 96, 4)
mse:0.8474736213684082, mae:0.7319862842559814, dtw:Not calculated
