Using GPU
Args in experiment:
[1mBasic Config[0m
  Task Name:          long_term_forecast  Is Training:        1                   
  Model ID:           PLv2_DLinear_drift_er2500_sl480_s2022Model:              DLinear             

[1mData Loader[0m
  Data:               custom              Root Path:          ./dataset/power_law/
  Data Path:          drift_er2500.csv    Features:           M                   
  Target:             OT                  Freq:               h                   
  Checkpoints:        ./checkpoints/      

[1mForecasting Task[0m
  Seq Len:            480                 Label Len:          48                  
  Pred Len:           96                  Seasonal Patterns:  Monthly             
  Inverse:            0                   

[1mModel Parameters[0m
  Top k:              5                   Num Kernels:        6                   
  Enc In:             4                   Dec In:             4                   
  C Out:              4                   d model:            64                  
  n heads:            8                   e layers:           2                   
  d layers:           1                   d FF:               64                  
  Moving Avg:         25                  Factor:             3                   
  Distil:             1                   Dropout:            0.1                 
  Embed:              timeF               Activation:         gelu                

[1mRun Parameters[0m
  Num Workers:        2                   Itr:                1                   
  Train Epochs:       5                   Batch Size:         64                  
  Patience:           3                   Learning Rate:      0.001               
  Des:                Exp                 Loss:               MSE                 
  Lradj:              type1               Use Amp:            0                   

[1mGPU[0m
  Use GPU:            1                   GPU:                0                   
  Use Multi GPU:      0                   Devices:            0,1,2,3             

[1mDe-stationary Projector Params[0m
  P Hidden Dims:      128, 128            P Hidden Layers:    2                   

Use GPU: cuda:0
🚀 Lazy Loading: DLinear ...
>>>>>>>start training : long_term_forecast_PLv2_DLinear_drift_er2500_sl480_s2022_DLinear_custom_ftM_sl480_ll48_pl96_dm64_nh8_el2_dl1_df64_expand2_dc4_fc3_ebtimeF_dtTrue_Exp_0>>>>>>>>>>>>>>>>>>>>>>>>>>
train window subsample: keep 14525/16925 windows (max_train_windows=14525)
train 14525
val 2405
test 4905
	iters: 100, epoch: 1 | loss: 1.0038011
	speed: 0.0208s/iter; left time: 21.5458s
	iters: 200, epoch: 1 | loss: 1.0053196
	speed: 0.0037s/iter; left time: 3.4332s
Epoch: 1 cost time: 1.116753339767456
Epoch: 1, Steps: 227 | Train Loss: 1.0052890 Vali Loss: 1.0005282 Test Loss: 1.0004934
Validation loss decreased (inf --> 1.000528).  Saving model ...
Updating learning rate to 0.001
	iters: 100, epoch: 2 | loss: 1.0160213
	speed: 0.0106s/iter; left time: 8.5507s
	iters: 200, epoch: 2 | loss: 1.0062478
	speed: 0.0037s/iter; left time: 2.6372s
Epoch: 2 cost time: 0.9551918506622314
Epoch: 2, Steps: 227 | Train Loss: 1.0035686 Vali Loss: 1.0007711 Test Loss: 1.0008783
EarlyStopping counter: 1 out of 3
Updating learning rate to 0.0005
	iters: 100, epoch: 3 | loss: 0.9873597
	speed: 0.0103s/iter; left time: 5.9909s
	iters: 200, epoch: 3 | loss: 0.9878383
	speed: 0.0035s/iter; left time: 1.7096s
Epoch: 3 cost time: 0.8746652603149414
Epoch: 3, Steps: 227 | Train Loss: 0.9942323 Vali Loss: 0.9938371 Test Loss: 0.9931724
Validation loss decreased (1.000528 --> 0.993837).  Saving model ...
Updating learning rate to 0.00025
	iters: 100, epoch: 4 | loss: 1.0090708
	speed: 0.0099s/iter; left time: 3.5317s
	iters: 200, epoch: 4 | loss: 0.9945956
	speed: 0.0036s/iter; left time: 0.9222s
Epoch: 4 cost time: 0.8888773918151855
Epoch: 4, Steps: 227 | Train Loss: 0.9873758 Vali Loss: 0.9913489 Test Loss: 0.9907512
Validation loss decreased (0.993837 --> 0.991349).  Saving model ...
Updating learning rate to 0.000125
	iters: 100, epoch: 5 | loss: 0.9787205
	speed: 0.0104s/iter; left time: 1.3261s
	iters: 200, epoch: 5 | loss: 0.9824833
	speed: 0.0036s/iter; left time: 0.1005s
Epoch: 5 cost time: 0.8967084884643555
Epoch: 5, Steps: 227 | Train Loss: 0.9836142 Vali Loss: 0.9904647 Test Loss: 0.9899416
Validation loss decreased (0.991349 --> 0.990465).  Saving model ...
Updating learning rate to 6.25e-05
>>>>>>>testing : long_term_forecast_PLv2_DLinear_drift_er2500_sl480_s2022_DLinear_custom_ftM_sl480_ll48_pl96_dm64_nh8_el2_dl1_df64_expand2_dc4_fc3_ebtimeF_dtTrue_Exp_0<<<<<<<<<<<<<<<<<<<<<<<<<<<<<<<<<
test 4905
test shape: (4905, 96, 4) (4905, 96, 4)
test shape: (4905, 96, 4) (4905, 96, 4)
mse:0.9896991848945618, mae:0.7917770743370056, dtw:Not calculated
