Using GPU
Args in experiment:
[1mBasic Config[0m
  Task Name:          long_term_forecast  Is Training:        1                   
  Model ID:           PLv2_DLinear_drift_er650_sl1440_s2021Model:              DLinear             

[1mData Loader[0m
  Data:               custom              Root Path:          ./dataset/power_law/
  Data Path:          drift_er650.csv     Features:           M                   
  Target:             OT                  Freq:               h                   
  Checkpoints:        ./checkpoints/      

[1mForecasting Task[0m
  Seq Len:            1440                Label Len:          48                  
  Pred Len:           96                  Seasonal Patterns:  Monthly             
  Inverse:            0                   

[1mModel Parameters[0m
  Top k:              5                   Num Kernels:        6                   
  Enc In:             4                   Dec In:             4                   
  C Out:              4                   d model:            64                  
  n heads:            8                   e layers:           2                   
  d layers:           1                   d FF:               64                  
  Moving Avg:         25                  Factor:             3                   
  Distil:             1                   Dropout:            0.1                 
  Embed:              timeF               Activation:         gelu                

[1mRun Parameters[0m
  Num Workers:        2                   Itr:                1                   
  Train Epochs:       5                   Batch Size:         64                  
  Patience:           3                   Learning Rate:      0.001               
  Des:                Exp                 Loss:               MSE                 
  Lradj:              type1               Use Amp:            0                   

[1mGPU[0m
  Use GPU:            1                   GPU:                0                   
  Use Multi GPU:      0                   Devices:            0,1,2,3             

[1mDe-stationary Projector Params[0m
  P Hidden Dims:      128, 128            P Hidden Layers:    2                   

Use GPU: cuda:0
🚀 Lazy Loading: DLinear ...
>>>>>>>start training : long_term_forecast_PLv2_DLinear_drift_er650_sl1440_s2021_DLinear_custom_ftM_sl1440_ll48_pl96_dm64_nh8_el2_dl1_df64_expand2_dc4_fc3_ebtimeF_dtTrue_Exp_0>>>>>>>>>>>>>>>>>>>>>>>>>>
train window subsample: keep 14525/15965 windows (max_train_windows=14525)
train 14525
val 2405
test 4905
	iters: 100, epoch: 1 | loss: 1.0104667
	speed: 0.0207s/iter; left time: 21.4409s
	iters: 200, epoch: 1 | loss: 1.0317216
	speed: 0.0041s/iter; left time: 3.7966s
Epoch: 1 cost time: 1.2183401584625244
Epoch: 1, Steps: 227 | Train Loss: 1.0230021 Vali Loss: 1.0210637 Test Loss: 1.0382654
Validation loss decreased (inf --> 1.021064).  Saving model ...
Updating learning rate to 0.001
	iters: 100, epoch: 2 | loss: 1.0120398
	speed: 0.0113s/iter; left time: 9.1090s
	iters: 200, epoch: 2 | loss: 1.0256506
	speed: 0.0039s/iter; left time: 2.7729s
Epoch: 2 cost time: 0.959601879119873
Epoch: 2, Steps: 227 | Train Loss: 1.0182306 Vali Loss: 1.0223965 Test Loss: 1.0433888
EarlyStopping counter: 1 out of 3
Updating learning rate to 0.0005
	iters: 100, epoch: 3 | loss: 0.9914979
	speed: 0.0115s/iter; left time: 6.7205s
	iters: 200, epoch: 3 | loss: 0.9849268
	speed: 0.0039s/iter; left time: 1.8941s
Epoch: 3 cost time: 0.9622097015380859
Epoch: 3, Steps: 227 | Train Loss: 0.9896994 Vali Loss: 1.0019325 Test Loss: 1.0143924
Validation loss decreased (1.021064 --> 1.001932).  Saving model ...
Updating learning rate to 0.00025
	iters: 100, epoch: 4 | loss: 0.9578525
	speed: 0.0115s/iter; left time: 4.0742s
	iters: 200, epoch: 4 | loss: 0.9866365
	speed: 0.0040s/iter; left time: 1.0117s
Epoch: 4 cost time: 0.9766314029693604
Epoch: 4, Steps: 227 | Train Loss: 0.9695705 Vali Loss: 0.9957488 Test Loss: 1.0046232
Validation loss decreased (1.001932 --> 0.995749).  Saving model ...
Updating learning rate to 0.000125
	iters: 100, epoch: 5 | loss: 0.9501411
	speed: 0.0123s/iter; left time: 1.5755s
	iters: 200, epoch: 5 | loss: 0.9705690
	speed: 0.0046s/iter; left time: 0.1290s
Epoch: 5 cost time: 1.1623008251190186
Epoch: 5, Steps: 227 | Train Loss: 0.9585430 Vali Loss: 0.9936552 Test Loss: 0.9989035
Validation loss decreased (0.995749 --> 0.993655).  Saving model ...
Updating learning rate to 6.25e-05
>>>>>>>testing : long_term_forecast_PLv2_DLinear_drift_er650_sl1440_s2021_DLinear_custom_ftM_sl1440_ll48_pl96_dm64_nh8_el2_dl1_df64_expand2_dc4_fc3_ebtimeF_dtTrue_Exp_0<<<<<<<<<<<<<<<<<<<<<<<<<<<<<<<<<
test 4905
test shape: (4905, 96, 4) (4905, 96, 4)
test shape: (4905, 96, 4) (4905, 96, 4)
mse:0.9990628361701965, mae:0.7962214946746826, dtw:Not calculated
