Using GPU
Args in experiment:
[1mBasic Config[0m
  Task Name:          long_term_forecast  Is Training:        1                   
  Model ID:           PLv2_DLinear_drift_er1700_sl336_s2022Model:              DLinear             

[1mData Loader[0m
  Data:               custom              Root Path:          ./dataset/power_law/
  Data Path:          drift_er1700.csv    Features:           M                   
  Target:             OT                  Freq:               h                   
  Checkpoints:        ./checkpoints/      

[1mForecasting Task[0m
  Seq Len:            336                 Label Len:          48                  
  Pred Len:           96                  Seasonal Patterns:  Monthly             
  Inverse:            0                   

[1mModel Parameters[0m
  Top k:              5                   Num Kernels:        6                   
  Enc In:             4                   Dec In:             4                   
  C Out:              4                   d model:            64                  
  n heads:            8                   e layers:           2                   
  d layers:           1                   d FF:               64                  
  Moving Avg:         25                  Factor:             3                   
  Distil:             1                   Dropout:            0.1                 
  Embed:              timeF               Activation:         gelu                

[1mRun Parameters[0m
  Num Workers:        2                   Itr:                1                   
  Train Epochs:       5                   Batch Size:         64                  
  Patience:           3                   Learning Rate:      0.001               
  Des:                Exp                 Loss:               MSE                 
  Lradj:              type1               Use Amp:            0                   

[1mGPU[0m
  Use GPU:            1                   GPU:                0                   
  Use Multi GPU:      0                   Devices:            0,1,2,3             

[1mDe-stationary Projector Params[0m
  P Hidden Dims:      128, 128            P Hidden Layers:    2                   

Use GPU: cuda:0
🚀 Lazy Loading: DLinear ...
>>>>>>>start training : long_term_forecast_PLv2_DLinear_drift_er1700_sl336_s2022_DLinear_custom_ftM_sl336_ll48_pl96_dm64_nh8_el2_dl1_df64_expand2_dc4_fc3_ebtimeF_dtTrue_Exp_0>>>>>>>>>>>>>>>>>>>>>>>>>>
train window subsample: keep 14525/17069 windows (max_train_windows=14525)
train 14525
val 2405
test 4905
	iters: 100, epoch: 1 | loss: 0.9827055
	speed: 0.0231s/iter; left time: 23.9284s
	iters: 200, epoch: 1 | loss: 0.9641455
	speed: 0.0061s/iter; left time: 5.6875s
Epoch: 1 cost time: 1.6586720943450928
Epoch: 1, Steps: 227 | Train Loss: 0.9835267 Vali Loss: 0.9795208 Test Loss: 0.9775060
Validation loss decreased (inf --> 0.979521).  Saving model ...
Updating learning rate to 0.001
	iters: 100, epoch: 2 | loss: 0.9909301
	speed: 0.0166s/iter; left time: 13.4169s
	iters: 200, epoch: 2 | loss: 0.9868039
	speed: 0.0058s/iter; left time: 4.1407s
Epoch: 2 cost time: 1.407989740371704
Epoch: 2, Steps: 227 | Train Loss: 0.9822204 Vali Loss: 0.9790181 Test Loss: 0.9767888
Validation loss decreased (0.979521 --> 0.979018).  Saving model ...
Updating learning rate to 0.0005
	iters: 100, epoch: 3 | loss: 0.9662900
	speed: 0.0162s/iter; left time: 9.4396s
	iters: 200, epoch: 3 | loss: 0.9678711
	speed: 0.0058s/iter; left time: 2.8057s
Epoch: 3 cost time: 1.3968539237976074
Epoch: 3, Steps: 227 | Train Loss: 0.9756459 Vali Loss: 0.9738606 Test Loss: 0.9720163
Validation loss decreased (0.979018 --> 0.973861).  Saving model ...
Updating learning rate to 0.00025
	iters: 100, epoch: 4 | loss: 0.9523758
	speed: 0.0160s/iter; left time: 5.6662s
	iters: 200, epoch: 4 | loss: 0.9717958
	speed: 0.0059s/iter; left time: 1.5045s
Epoch: 4 cost time: 1.401663064956665
Epoch: 4, Steps: 227 | Train Loss: 0.9709236 Vali Loss: 0.9717929 Test Loss: 0.9700957
Validation loss decreased (0.973861 --> 0.971793).  Saving model ...
Updating learning rate to 0.000125
	iters: 100, epoch: 5 | loss: 0.9728667
	speed: 0.0163s/iter; left time: 2.0926s
	iters: 200, epoch: 5 | loss: 0.9580149
	speed: 0.0058s/iter; left time: 0.1621s
Epoch: 5 cost time: 1.3929085731506348
Epoch: 5, Steps: 227 | Train Loss: 0.9683191 Vali Loss: 0.9710812 Test Loss: 0.9695481
Validation loss decreased (0.971793 --> 0.971081).  Saving model ...
Updating learning rate to 6.25e-05
>>>>>>>testing : long_term_forecast_PLv2_DLinear_drift_er1700_sl336_s2022_DLinear_custom_ftM_sl336_ll48_pl96_dm64_nh8_el2_dl1_df64_expand2_dc4_fc3_ebtimeF_dtTrue_Exp_0<<<<<<<<<<<<<<<<<<<<<<<<<<<<<<<<<
test 4905
test shape: (4905, 96, 4) (4905, 96, 4)
test shape: (4905, 96, 4) (4905, 96, 4)
mse:0.9692035913467407, mae:0.7837091088294983, dtw:Not calculated
