Using GPU
Args in experiment:
[1mBasic Config[0m
  Task Name:          long_term_forecast  Is Training:        1                   
  Model ID:           PLv2_DLinear_drift_er1700_sl720_s2022Model:              DLinear             

[1mData Loader[0m
  Data:               custom              Root Path:          ./dataset/power_law/
  Data Path:          drift_er1700.csv    Features:           M                   
  Target:             OT                  Freq:               h                   
  Checkpoints:        ./checkpoints/      

[1mForecasting Task[0m
  Seq Len:            720                 Label Len:          48                  
  Pred Len:           96                  Seasonal Patterns:  Monthly             
  Inverse:            0                   

[1mModel Parameters[0m
  Top k:              5                   Num Kernels:        6                   
  Enc In:             4                   Dec In:             4                   
  C Out:              4                   d model:            64                  
  n heads:            8                   e layers:           2                   
  d layers:           1                   d FF:               64                  
  Moving Avg:         25                  Factor:             3                   
  Distil:             1                   Dropout:            0.1                 
  Embed:              timeF               Activation:         gelu                

[1mRun Parameters[0m
  Num Workers:        2                   Itr:                1                   
  Train Epochs:       5                   Batch Size:         64                  
  Patience:           3                   Learning Rate:      0.001               
  Des:                Exp                 Loss:               MSE                 
  Lradj:              type1               Use Amp:            0                   

[1mGPU[0m
  Use GPU:            1                   GPU:                0                   
  Use Multi GPU:      0                   Devices:            0,1,2,3             

[1mDe-stationary Projector Params[0m
  P Hidden Dims:      128, 128            P Hidden Layers:    2                   

Use GPU: cuda:0
🚀 Lazy Loading: DLinear ...
>>>>>>>start training : long_term_forecast_PLv2_DLinear_drift_er1700_sl720_s2022_DLinear_custom_ftM_sl720_ll48_pl96_dm64_nh8_el2_dl1_df64_expand2_dc4_fc3_ebtimeF_dtTrue_Exp_0>>>>>>>>>>>>>>>>>>>>>>>>>>
train window subsample: keep 14525/16685 windows (max_train_windows=14525)
train 14525
val 2405
test 4905
	iters: 100, epoch: 1 | loss: 0.9997451
	speed: 0.0195s/iter; left time: 20.1928s
	iters: 200, epoch: 1 | loss: 0.9835443
	speed: 0.0039s/iter; left time: 3.6862s
Epoch: 1 cost time: 1.1511657238006592
Epoch: 1, Steps: 227 | Train Loss: 0.9955860 Vali Loss: 0.9935626 Test Loss: 0.9909934
Validation loss decreased (inf --> 0.993563).  Saving model ...
Updating learning rate to 0.001
	iters: 100, epoch: 2 | loss: 0.9938812
	speed: 0.0107s/iter; left time: 8.6188s
	iters: 200, epoch: 2 | loss: 0.9999723
	speed: 0.0038s/iter; left time: 2.6745s
Epoch: 2 cost time: 0.9237761497497559
Epoch: 2, Steps: 227 | Train Loss: 0.9929110 Vali Loss: 0.9916228 Test Loss: 0.9893868
Validation loss decreased (0.993563 --> 0.991623).  Saving model ...
Updating learning rate to 0.0005
	iters: 100, epoch: 3 | loss: 0.9675181
	speed: 0.0108s/iter; left time: 6.2710s
	iters: 200, epoch: 3 | loss: 0.9810708
	speed: 0.0039s/iter; left time: 1.8831s
Epoch: 3 cost time: 0.9399323463439941
Epoch: 3, Steps: 227 | Train Loss: 0.9789895 Vali Loss: 0.9794525 Test Loss: 0.9788799
Validation loss decreased (0.991623 --> 0.979453).  Saving model ...
Updating learning rate to 0.00025
	iters: 100, epoch: 4 | loss: 0.9706166
	speed: 0.0115s/iter; left time: 4.0740s
	iters: 200, epoch: 4 | loss: 0.9580375
	speed: 0.0041s/iter; left time: 1.0431s
Epoch: 4 cost time: 1.025670051574707
Epoch: 4, Steps: 227 | Train Loss: 0.9688197 Vali Loss: 0.9760649 Test Loss: 0.9750818
Validation loss decreased (0.979453 --> 0.976065).  Saving model ...
Updating learning rate to 0.000125
	iters: 100, epoch: 5 | loss: 0.9563576
	speed: 0.0118s/iter; left time: 1.5097s
	iters: 200, epoch: 5 | loss: 0.9655542
	speed: 0.0039s/iter; left time: 0.1090s
Epoch: 5 cost time: 1.0347192287445068
Epoch: 5, Steps: 227 | Train Loss: 0.9632460 Vali Loss: 0.9743906 Test Loss: 0.9735307
Validation loss decreased (0.976065 --> 0.974391).  Saving model ...
Updating learning rate to 6.25e-05
>>>>>>>testing : long_term_forecast_PLv2_DLinear_drift_er1700_sl720_s2022_DLinear_custom_ftM_sl720_ll48_pl96_dm64_nh8_el2_dl1_df64_expand2_dc4_fc3_ebtimeF_dtTrue_Exp_0<<<<<<<<<<<<<<<<<<<<<<<<<<<<<<<<<
test 4905
test shape: (4905, 96, 4) (4905, 96, 4)
test shape: (4905, 96, 4) (4905, 96, 4)
mse:0.9732227325439453, mae:0.7852453589439392, dtw:Not calculated
