Using GPU
Args in experiment:
[1mBasic Config[0m
  Task Name:          long_term_forecast  Is Training:        1                   
  Model ID:           PLv2_DLinear_drift_er1700_sl480_s2022Model:              DLinear             

[1mData Loader[0m
  Data:               custom              Root Path:          ./dataset/power_law/
  Data Path:          drift_er1700.csv    Features:           M                   
  Target:             OT                  Freq:               h                   
  Checkpoints:        ./checkpoints/      

[1mForecasting Task[0m
  Seq Len:            480                 Label Len:          48                  
  Pred Len:           96                  Seasonal Patterns:  Monthly             
  Inverse:            0                   

[1mModel Parameters[0m
  Top k:              5                   Num Kernels:        6                   
  Enc In:             4                   Dec In:             4                   
  C Out:              4                   d model:            64                  
  n heads:            8                   e layers:           2                   
  d layers:           1                   d FF:               64                  
  Moving Avg:         25                  Factor:             3                   
  Distil:             1                   Dropout:            0.1                 
  Embed:              timeF               Activation:         gelu                

[1mRun Parameters[0m
  Num Workers:        2                   Itr:                1                   
  Train Epochs:       5                   Batch Size:         64                  
  Patience:           3                   Learning Rate:      0.001               
  Des:                Exp                 Loss:               MSE                 
  Lradj:              type1               Use Amp:            0                   

[1mGPU[0m
  Use GPU:            1                   GPU:                0                   
  Use Multi GPU:      0                   Devices:            0,1,2,3             

[1mDe-stationary Projector Params[0m
  P Hidden Dims:      128, 128            P Hidden Layers:    2                   

Use GPU: cuda:0
🚀 Lazy Loading: DLinear ...
>>>>>>>start training : long_term_forecast_PLv2_DLinear_drift_er1700_sl480_s2022_DLinear_custom_ftM_sl480_ll48_pl96_dm64_nh8_el2_dl1_df64_expand2_dc4_fc3_ebtimeF_dtTrue_Exp_0>>>>>>>>>>>>>>>>>>>>>>>>>>
train window subsample: keep 14525/16925 windows (max_train_windows=14525)
train 14525
val 2405
test 4905
	iters: 100, epoch: 1 | loss: 0.9908074
	speed: 0.0202s/iter; left time: 20.9298s
	iters: 200, epoch: 1 | loss: 0.9737996
	speed: 0.0033s/iter; left time: 3.0529s
Epoch: 1 cost time: 1.0126142501831055
Epoch: 1, Steps: 227 | Train Loss: 0.9881263 Vali Loss: 0.9830818 Test Loss: 0.9812223
Validation loss decreased (inf --> 0.983082).  Saving model ...
Updating learning rate to 0.001
	iters: 100, epoch: 2 | loss: 0.9992530
	speed: 0.0096s/iter; left time: 7.7678s
	iters: 200, epoch: 2 | loss: 0.9881554
	speed: 0.0033s/iter; left time: 2.3581s
Epoch: 2 cost time: 0.8214545249938965
Epoch: 2, Steps: 227 | Train Loss: 0.9862251 Vali Loss: 0.9837259 Test Loss: 0.9824214
EarlyStopping counter: 1 out of 3
Updating learning rate to 0.0005
	iters: 100, epoch: 3 | loss: 0.9690641
	speed: 0.0096s/iter; left time: 5.6004s
	iters: 200, epoch: 3 | loss: 0.9703689
	speed: 0.0031s/iter; left time: 1.5071s
Epoch: 3 cost time: 0.8031444549560547
Epoch: 3, Steps: 227 | Train Loss: 0.9769391 Vali Loss: 0.9769064 Test Loss: 0.9748816
Validation loss decreased (0.983082 --> 0.976906).  Saving model ...
Updating learning rate to 0.00025
	iters: 100, epoch: 4 | loss: 0.9815924
	speed: 0.0091s/iter; left time: 3.2280s
	iters: 200, epoch: 4 | loss: 0.9774701
	speed: 0.0031s/iter; left time: 0.7943s
Epoch: 4 cost time: 0.7839584350585938
Epoch: 4, Steps: 227 | Train Loss: 0.9701810 Vali Loss: 0.9734961 Test Loss: 0.9717505
Validation loss decreased (0.976906 --> 0.973496).  Saving model ...
Updating learning rate to 0.000125
	iters: 100, epoch: 5 | loss: 0.9652057
	speed: 0.0090s/iter; left time: 1.1562s
	iters: 200, epoch: 5 | loss: 0.9683527
	speed: 0.0034s/iter; left time: 0.0939s
Epoch: 5 cost time: 0.8096170425415039
Epoch: 5, Steps: 227 | Train Loss: 0.9664528 Vali Loss: 0.9723845 Test Loss: 0.9708516
Validation loss decreased (0.973496 --> 0.972385).  Saving model ...
Updating learning rate to 6.25e-05
>>>>>>>testing : long_term_forecast_PLv2_DLinear_drift_er1700_sl480_s2022_DLinear_custom_ftM_sl480_ll48_pl96_dm64_nh8_el2_dl1_df64_expand2_dc4_fc3_ebtimeF_dtTrue_Exp_0<<<<<<<<<<<<<<<<<<<<<<<<<<<<<<<<<
test 4905
test shape: (4905, 96, 4) (4905, 96, 4)
test shape: (4905, 96, 4) (4905, 96, 4)
mse:0.9705451130867004, mae:0.7843672633171082, dtw:Not calculated
