Using GPU
Args in experiment:
[1mBasic Config[0m
  Task Name:          long_term_forecast  Is Training:        1                   
  Model ID:           PLv2_DLinear_drift_er150_sl336_s2022Model:              DLinear             

[1mData Loader[0m
  Data:               custom              Root Path:          ./dataset/power_law/
  Data Path:          drift_er150.csv     Features:           M                   
  Target:             OT                  Freq:               h                   
  Checkpoints:        ./checkpoints/      

[1mForecasting Task[0m
  Seq Len:            336                 Label Len:          48                  
  Pred Len:           96                  Seasonal Patterns:  Monthly             
  Inverse:            0                   

[1mModel Parameters[0m
  Top k:              5                   Num Kernels:        6                   
  Enc In:             4                   Dec In:             4                   
  C Out:              4                   d model:            64                  
  n heads:            8                   e layers:           2                   
  d layers:           1                   d FF:               64                  
  Moving Avg:         25                  Factor:             3                   
  Distil:             1                   Dropout:            0.1                 
  Embed:              timeF               Activation:         gelu                

[1mRun Parameters[0m
  Num Workers:        2                   Itr:                1                   
  Train Epochs:       5                   Batch Size:         64                  
  Patience:           3                   Learning Rate:      0.001               
  Des:                Exp                 Loss:               MSE                 
  Lradj:              type1               Use Amp:            0                   

[1mGPU[0m
  Use GPU:            1                   GPU:                0                   
  Use Multi GPU:      0                   Devices:            0,1,2,3             

[1mDe-stationary Projector Params[0m
  P Hidden Dims:      128, 128            P Hidden Layers:    2                   

Use GPU: cuda:0
🚀 Lazy Loading: DLinear ...
>>>>>>>start training : long_term_forecast_PLv2_DLinear_drift_er150_sl336_s2022_DLinear_custom_ftM_sl336_ll48_pl96_dm64_nh8_el2_dl1_df64_expand2_dc4_fc3_ebtimeF_dtTrue_Exp_0>>>>>>>>>>>>>>>>>>>>>>>>>>
train window subsample: keep 14525/17069 windows (max_train_windows=14525)
train 14525
val 2405
test 4905
	iters: 100, epoch: 1 | loss: 0.7850070
	speed: 0.0293s/iter; left time: 30.3219s
	iters: 200, epoch: 1 | loss: 0.7856852
	speed: 0.0035s/iter; left time: 3.3192s
Epoch: 1 cost time: 1.1090819835662842
Epoch: 1, Steps: 227 | Train Loss: 0.7800537 Vali Loss: 0.7727937 Test Loss: 0.7773925
Validation loss decreased (inf --> 0.772794).  Saving model ...
Updating learning rate to 0.001
	iters: 100, epoch: 2 | loss: 0.7867057
	speed: 0.0098s/iter; left time: 7.9551s
	iters: 200, epoch: 2 | loss: 0.7824535
	speed: 0.0037s/iter; left time: 2.5892s
Epoch: 2 cost time: 0.8840699195861816
Epoch: 2, Steps: 227 | Train Loss: 0.7786736 Vali Loss: 0.7725487 Test Loss: 0.7777490
Validation loss decreased (0.772794 --> 0.772549).  Saving model ...
Updating learning rate to 0.0005
	iters: 100, epoch: 3 | loss: 0.7826723
	speed: 0.0101s/iter; left time: 5.9046s
	iters: 200, epoch: 3 | loss: 0.7795057
	speed: 0.0031s/iter; left time: 1.4868s
Epoch: 3 cost time: 0.8155133724212646
Epoch: 3, Steps: 227 | Train Loss: 0.7727820 Vali Loss: 0.7664119 Test Loss: 0.7720374
Validation loss decreased (0.772549 --> 0.766412).  Saving model ...
Updating learning rate to 0.00025
	iters: 100, epoch: 4 | loss: 0.7633085
	speed: 0.0090s/iter; left time: 3.1996s
	iters: 200, epoch: 4 | loss: 0.7734615
	speed: 0.0032s/iter; left time: 0.8044s
Epoch: 4 cost time: 0.7871124744415283
Epoch: 4, Steps: 227 | Train Loss: 0.7687934 Vali Loss: 0.7648965 Test Loss: 0.7707768
Validation loss decreased (0.766412 --> 0.764896).  Saving model ...
Updating learning rate to 0.000125
	iters: 100, epoch: 5 | loss: 0.7780501
	speed: 0.0092s/iter; left time: 1.1759s
	iters: 200, epoch: 5 | loss: 0.7836096
	speed: 0.0031s/iter; left time: 0.0876s
Epoch: 5 cost time: 0.7901039123535156
Epoch: 5, Steps: 227 | Train Loss: 0.7665205 Vali Loss: 0.7628233 Test Loss: 0.7686016
Validation loss decreased (0.764896 --> 0.762823).  Saving model ...
Updating learning rate to 6.25e-05
>>>>>>>testing : long_term_forecast_PLv2_DLinear_drift_er150_sl336_s2022_DLinear_custom_ftM_sl336_ll48_pl96_dm64_nh8_el2_dl1_df64_expand2_dc4_fc3_ebtimeF_dtTrue_Exp_0<<<<<<<<<<<<<<<<<<<<<<<<<<<<<<<<<
test 4905
test shape: (4905, 96, 4) (4905, 96, 4)
test shape: (4905, 96, 4) (4905, 96, 4)
mse:0.7683042287826538, mae:0.6929812431335449, dtw:Not calculated
