Using GPU
Args in experiment:
[1mBasic Config[0m
  Task Name:          long_term_forecast  Is Training:        1                   
  Model ID:           PLv2_DLinear_drift_er150_sl192_s2022Model:              DLinear             

[1mData Loader[0m
  Data:               custom              Root Path:          ./dataset/power_law/
  Data Path:          drift_er150.csv     Features:           M                   
  Target:             OT                  Freq:               h                   
  Checkpoints:        ./checkpoints/      

[1mForecasting Task[0m
  Seq Len:            192                 Label Len:          48                  
  Pred Len:           96                  Seasonal Patterns:  Monthly             
  Inverse:            0                   

[1mModel Parameters[0m
  Top k:              5                   Num Kernels:        6                   
  Enc In:             4                   Dec In:             4                   
  C Out:              4                   d model:            64                  
  n heads:            8                   e layers:           2                   
  d layers:           1                   d FF:               64                  
  Moving Avg:         25                  Factor:             3                   
  Distil:             1                   Dropout:            0.1                 
  Embed:              timeF               Activation:         gelu                

[1mRun Parameters[0m
  Num Workers:        2                   Itr:                1                   
  Train Epochs:       5                   Batch Size:         64                  
  Patience:           3                   Learning Rate:      0.001               
  Des:                Exp                 Loss:               MSE                 
  Lradj:              type1               Use Amp:            0                   

[1mGPU[0m
  Use GPU:            1                   GPU:                0                   
  Use Multi GPU:      0                   Devices:            0,1,2,3             

[1mDe-stationary Projector Params[0m
  P Hidden Dims:      128, 128            P Hidden Layers:    2                   

Use GPU: cuda:0
🚀 Lazy Loading: DLinear ...
>>>>>>>start training : long_term_forecast_PLv2_DLinear_drift_er150_sl192_s2022_DLinear_custom_ftM_sl192_ll48_pl96_dm64_nh8_el2_dl1_df64_expand2_dc4_fc3_ebtimeF_dtTrue_Exp_0>>>>>>>>>>>>>>>>>>>>>>>>>>
train window subsample: keep 14525/17213 windows (max_train_windows=14525)
train 14525
val 2405
test 4905
	iters: 100, epoch: 1 | loss: 0.7852597
	speed: 0.0353s/iter; left time: 36.5687s
	iters: 200, epoch: 1 | loss: 0.7883841
	speed: 0.0026s/iter; left time: 2.4400s
Epoch: 1 cost time: 0.8678467273712158
Epoch: 1, Steps: 227 | Train Loss: 0.7766954 Vali Loss: 0.7676249 Test Loss: 0.7753584
Validation loss decreased (inf --> 0.767625).  Saving model ...
Updating learning rate to 0.001
	iters: 100, epoch: 2 | loss: 0.7817204
	speed: 0.0076s/iter; left time: 6.1085s
	iters: 200, epoch: 2 | loss: 0.7793496
	speed: 0.0025s/iter; left time: 1.7448s
Epoch: 2 cost time: 0.6470291614532471
Epoch: 2, Steps: 227 | Train Loss: 0.7756741 Vali Loss: 0.7671563 Test Loss: 0.7740255
Validation loss decreased (0.767625 --> 0.767156).  Saving model ...
Updating learning rate to 0.0005
	iters: 100, epoch: 3 | loss: 0.7663971
	speed: 0.0079s/iter; left time: 4.5969s
	iters: 200, epoch: 3 | loss: 0.7876453
	speed: 0.0027s/iter; left time: 1.2939s
Epoch: 3 cost time: 0.6874411106109619
Epoch: 3, Steps: 227 | Train Loss: 0.7722087 Vali Loss: 0.7633481 Test Loss: 0.7700160
Validation loss decreased (0.767156 --> 0.763348).  Saving model ...
Updating learning rate to 0.00025
	iters: 100, epoch: 4 | loss: 0.7622510
	speed: 0.0080s/iter; left time: 2.8266s
	iters: 200, epoch: 4 | loss: 0.7562436
	speed: 0.0026s/iter; left time: 0.6750s
Epoch: 4 cost time: 0.6525580883026123
Epoch: 4, Steps: 227 | Train Loss: 0.7698733 Vali Loss: 0.7617571 Test Loss: 0.7686189
Validation loss decreased (0.763348 --> 0.761757).  Saving model ...
Updating learning rate to 0.000125
	iters: 100, epoch: 5 | loss: 0.7813675
	speed: 0.0075s/iter; left time: 0.9664s
	iters: 200, epoch: 5 | loss: 0.7706885
	speed: 0.0025s/iter; left time: 0.0709s
Epoch: 5 cost time: 0.652047872543335
Epoch: 5, Steps: 227 | Train Loss: 0.7685163 Vali Loss: 0.7610139 Test Loss: 0.7680223
Validation loss decreased (0.761757 --> 0.761014).  Saving model ...
Updating learning rate to 6.25e-05
>>>>>>>testing : long_term_forecast_PLv2_DLinear_drift_er150_sl192_s2022_DLinear_custom_ftM_sl192_ll48_pl96_dm64_nh8_el2_dl1_df64_expand2_dc4_fc3_ebtimeF_dtTrue_Exp_0<<<<<<<<<<<<<<<<<<<<<<<<<<<<<<<<<
test 4905
test shape: (4905, 96, 4) (4905, 96, 4)
test shape: (4905, 96, 4) (4905, 96, 4)
mse:0.7677802443504333, mae:0.6926465034484863, dtw:Not calculated
