Using GPU
Args in experiment:
[1mBasic Config[0m
  Task Name:          long_term_forecast  Is Training:        1                   
  Model ID:           PLv2_DLinear_drift_er400_sl336_s2022Model:              DLinear             

[1mData Loader[0m
  Data:               custom              Root Path:          ./dataset/power_law/
  Data Path:          drift_er400.csv     Features:           M                   
  Target:             OT                  Freq:               h                   
  Checkpoints:        ./checkpoints/      

[1mForecasting Task[0m
  Seq Len:            336                 Label Len:          48                  
  Pred Len:           96                  Seasonal Patterns:  Monthly             
  Inverse:            0                   

[1mModel Parameters[0m
  Top k:              5                   Num Kernels:        6                   
  Enc In:             4                   Dec In:             4                   
  C Out:              4                   d model:            64                  
  n heads:            8                   e layers:           2                   
  d layers:           1                   d FF:               64                  
  Moving Avg:         25                  Factor:             3                   
  Distil:             1                   Dropout:            0.1                 
  Embed:              timeF               Activation:         gelu                

[1mRun Parameters[0m
  Num Workers:        2                   Itr:                1                   
  Train Epochs:       5                   Batch Size:         64                  
  Patience:           3                   Learning Rate:      0.001               
  Des:                Exp                 Loss:               MSE                 
  Lradj:              type1               Use Amp:            0                   

[1mGPU[0m
  Use GPU:            1                   GPU:                0                   
  Use Multi GPU:      0                   Devices:            0,1,2,3             

[1mDe-stationary Projector Params[0m
  P Hidden Dims:      128, 128            P Hidden Layers:    2                   

Use GPU: cuda:0
🚀 Lazy Loading: DLinear ...
>>>>>>>start training : long_term_forecast_PLv2_DLinear_drift_er400_sl336_s2022_DLinear_custom_ftM_sl336_ll48_pl96_dm64_nh8_el2_dl1_df64_expand2_dc4_fc3_ebtimeF_dtTrue_Exp_0>>>>>>>>>>>>>>>>>>>>>>>>>>
train window subsample: keep 14525/17069 windows (max_train_windows=14525)
train 14525
val 2405
test 4905
	iters: 100, epoch: 1 | loss: 0.8955106
	speed: 0.0188s/iter; left time: 19.5044s
	iters: 200, epoch: 1 | loss: 0.9091161
	speed: 0.0034s/iter; left time: 3.1394s
Epoch: 1 cost time: 1.0313231945037842
Epoch: 1, Steps: 227 | Train Loss: 0.9016467 Vali Loss: 0.8981715 Test Loss: 0.9042538
Validation loss decreased (inf --> 0.898172).  Saving model ...
Updating learning rate to 0.001
	iters: 100, epoch: 2 | loss: 0.8891002
	speed: 0.0087s/iter; left time: 7.0566s
	iters: 200, epoch: 2 | loss: 0.8950849
	speed: 0.0030s/iter; left time: 2.1549s
Epoch: 2 cost time: 0.7625203132629395
Epoch: 2, Steps: 227 | Train Loss: 0.9001350 Vali Loss: 0.8986826 Test Loss: 0.9044263
EarlyStopping counter: 1 out of 3
Updating learning rate to 0.0005
	iters: 100, epoch: 3 | loss: 0.8958427
	speed: 0.0086s/iter; left time: 5.0225s
	iters: 200, epoch: 3 | loss: 0.8956194
	speed: 0.0029s/iter; left time: 1.4104s
Epoch: 3 cost time: 0.744422197341919
Epoch: 3, Steps: 227 | Train Loss: 0.8940880 Vali Loss: 0.8933288 Test Loss: 0.8979637
Validation loss decreased (0.898172 --> 0.893329).  Saving model ...
Updating learning rate to 0.00025
	iters: 100, epoch: 4 | loss: 0.8936825
	speed: 0.0086s/iter; left time: 3.0454s
	iters: 200, epoch: 4 | loss: 0.8876478
	speed: 0.0030s/iter; left time: 0.7675s
Epoch: 4 cost time: 0.7453923225402832
Epoch: 4, Steps: 227 | Train Loss: 0.8895072 Vali Loss: 0.8890618 Test Loss: 0.8939359
Validation loss decreased (0.893329 --> 0.889062).  Saving model ...
Updating learning rate to 0.000125
	iters: 100, epoch: 5 | loss: 0.8990909
	speed: 0.0086s/iter; left time: 1.1057s
	iters: 200, epoch: 5 | loss: 0.8721425
	speed: 0.0032s/iter; left time: 0.0890s
Epoch: 5 cost time: 0.7788808345794678
Epoch: 5, Steps: 227 | Train Loss: 0.8870132 Vali Loss: 0.8885303 Test Loss: 0.8930483
Validation loss decreased (0.889062 --> 0.888530).  Saving model ...
Updating learning rate to 6.25e-05
>>>>>>>testing : long_term_forecast_PLv2_DLinear_drift_er400_sl336_s2022_DLinear_custom_ftM_sl336_ll48_pl96_dm64_nh8_el2_dl1_df64_expand2_dc4_fc3_ebtimeF_dtTrue_Exp_0<<<<<<<<<<<<<<<<<<<<<<<<<<<<<<<<<
test 4905
test shape: (4905, 96, 4) (4905, 96, 4)
test shape: (4905, 96, 4) (4905, 96, 4)
mse:0.8930703401565552, mae:0.7528576850891113, dtw:Not calculated
