Using GPU
Args in experiment:
[1mBasic Config[0m
  Task Name:          long_term_forecast  Is Training:        1                   
  Model ID:           PLv2_DLinear_drift_er1700_sl192_s2022Model:              DLinear             

[1mData Loader[0m
  Data:               custom              Root Path:          ./dataset/power_law/
  Data Path:          drift_er1700.csv    Features:           M                   
  Target:             OT                  Freq:               h                   
  Checkpoints:        ./checkpoints/      

[1mForecasting Task[0m
  Seq Len:            192                 Label Len:          48                  
  Pred Len:           96                  Seasonal Patterns:  Monthly             
  Inverse:            0                   

[1mModel Parameters[0m
  Top k:              5                   Num Kernels:        6                   
  Enc In:             4                   Dec In:             4                   
  C Out:              4                   d model:            64                  
  n heads:            8                   e layers:           2                   
  d layers:           1                   d FF:               64                  
  Moving Avg:         25                  Factor:             3                   
  Distil:             1                   Dropout:            0.1                 
  Embed:              timeF               Activation:         gelu                

[1mRun Parameters[0m
  Num Workers:        2                   Itr:                1                   
  Train Epochs:       5                   Batch Size:         64                  
  Patience:           3                   Learning Rate:      0.001               
  Des:                Exp                 Loss:               MSE                 
  Lradj:              type1               Use Amp:            0                   

[1mGPU[0m
  Use GPU:            1                   GPU:                0                   
  Use Multi GPU:      0                   Devices:            0,1,2,3             

[1mDe-stationary Projector Params[0m
  P Hidden Dims:      128, 128            P Hidden Layers:    2                   

Use GPU: cuda:0
🚀 Lazy Loading: DLinear ...
>>>>>>>start training : long_term_forecast_PLv2_DLinear_drift_er1700_sl192_s2022_DLinear_custom_ftM_sl192_ll48_pl96_dm64_nh8_el2_dl1_df64_expand2_dc4_fc3_ebtimeF_dtTrue_Exp_0>>>>>>>>>>>>>>>>>>>>>>>>>>
train window subsample: keep 14525/17213 windows (max_train_windows=14525)
train 14525
val 2405
test 4905
	iters: 100, epoch: 1 | loss: 0.9883500
	speed: 0.0263s/iter; left time: 27.2249s
	iters: 200, epoch: 1 | loss: 0.9952954
	speed: 0.0026s/iter; left time: 2.4153s
Epoch: 1 cost time: 0.8360052108764648
Epoch: 1, Steps: 227 | Train Loss: 0.9794116 Vali Loss: 0.9760124 Test Loss: 0.9739130
Validation loss decreased (inf --> 0.976012).  Saving model ...
Updating learning rate to 0.001
	iters: 100, epoch: 2 | loss: 0.9856029
	speed: 0.0073s/iter; left time: 5.9249s
	iters: 200, epoch: 2 | loss: 0.9902695
	speed: 0.0026s/iter; left time: 1.8163s
Epoch: 2 cost time: 0.6458184719085693
Epoch: 2, Steps: 227 | Train Loss: 0.9782952 Vali Loss: 0.9760033 Test Loss: 0.9739503
Validation loss decreased (0.976012 --> 0.976003).  Saving model ...
Updating learning rate to 0.0005
	iters: 100, epoch: 3 | loss: 0.9890673
	speed: 0.0073s/iter; left time: 4.2536s
	iters: 200, epoch: 3 | loss: 0.9755792
	speed: 0.0026s/iter; left time: 1.2667s
Epoch: 3 cost time: 0.658332347869873
Epoch: 3, Steps: 227 | Train Loss: 0.9745804 Vali Loss: 0.9742414 Test Loss: 0.9716765
Validation loss decreased (0.976003 --> 0.974241).  Saving model ...
Updating learning rate to 0.00025
	iters: 100, epoch: 4 | loss: 0.9651424
	speed: 0.0075s/iter; left time: 2.6655s
	iters: 200, epoch: 4 | loss: 0.9884858
	speed: 0.0026s/iter; left time: 0.6738s
Epoch: 4 cost time: 0.6671125888824463
Epoch: 4, Steps: 227 | Train Loss: 0.9718589 Vali Loss: 0.9727498 Test Loss: 0.9705500
Validation loss decreased (0.974241 --> 0.972750).  Saving model ...
Updating learning rate to 0.000125
	iters: 100, epoch: 5 | loss: 0.9602148
	speed: 0.0075s/iter; left time: 0.9598s
	iters: 200, epoch: 5 | loss: 0.9883652
	speed: 0.0027s/iter; left time: 0.0761s
Epoch: 5 cost time: 0.6653721332550049
Epoch: 5, Steps: 227 | Train Loss: 0.9703072 Vali Loss: 0.9721503 Test Loss: 0.9698742
Validation loss decreased (0.972750 --> 0.972150).  Saving model ...
Updating learning rate to 6.25e-05
>>>>>>>testing : long_term_forecast_PLv2_DLinear_drift_er1700_sl192_s2022_DLinear_custom_ftM_sl192_ll48_pl96_dm64_nh8_el2_dl1_df64_expand2_dc4_fc3_ebtimeF_dtTrue_Exp_0<<<<<<<<<<<<<<<<<<<<<<<<<<<<<<<<<
test 4905
test shape: (4905, 96, 4) (4905, 96, 4)
test shape: (4905, 96, 4) (4905, 96, 4)
mse:0.969548761844635, mae:0.7836441993713379, dtw:Not calculated
