Using GPU
Args in experiment:
[1mBasic Config[0m
  Task Name:          long_term_forecast  Is Training:        1                   
  Model ID:           PLv2_DLinear_drift_er1700_sl960_s2021Model:              DLinear             

[1mData Loader[0m
  Data:               custom              Root Path:          ./dataset/power_law/
  Data Path:          drift_er1700.csv    Features:           M                   
  Target:             OT                  Freq:               h                   
  Checkpoints:        ./checkpoints/      

[1mForecasting Task[0m
  Seq Len:            960                 Label Len:          48                  
  Pred Len:           96                  Seasonal Patterns:  Monthly             
  Inverse:            0                   

[1mModel Parameters[0m
  Top k:              5                   Num Kernels:        6                   
  Enc In:             4                   Dec In:             4                   
  C Out:              4                   d model:            64                  
  n heads:            8                   e layers:           2                   
  d layers:           1                   d FF:               64                  
  Moving Avg:         25                  Factor:             3                   
  Distil:             1                   Dropout:            0.1                 
  Embed:              timeF               Activation:         gelu                

[1mRun Parameters[0m
  Num Workers:        2                   Itr:                1                   
  Train Epochs:       5                   Batch Size:         64                  
  Patience:           3                   Learning Rate:      0.001               
  Des:                Exp                 Loss:               MSE                 
  Lradj:              type1               Use Amp:            0                   

[1mGPU[0m
  Use GPU:            1                   GPU:                0                   
  Use Multi GPU:      0                   Devices:            0,1,2,3             

[1mDe-stationary Projector Params[0m
  P Hidden Dims:      128, 128            P Hidden Layers:    2                   

Use GPU: cuda:0
🚀 Lazy Loading: DLinear ...
>>>>>>>start training : long_term_forecast_PLv2_DLinear_drift_er1700_sl960_s2021_DLinear_custom_ftM_sl960_ll48_pl96_dm64_nh8_el2_dl1_df64_expand2_dc4_fc3_ebtimeF_dtTrue_Exp_0>>>>>>>>>>>>>>>>>>>>>>>>>>
train window subsample: keep 14525/16445 windows (max_train_windows=14525)
train 14525
val 2405
test 4905
	iters: 100, epoch: 1 | loss: 0.9877173
	speed: 0.0201s/iter; left time: 20.8231s
	iters: 200, epoch: 1 | loss: 1.0156800
	speed: 0.0043s/iter; left time: 4.0353s
Epoch: 1 cost time: 1.2554450035095215
Epoch: 1, Steps: 227 | Train Loss: 1.0039550 Vali Loss: 1.0022759 Test Loss: 1.0008503
Validation loss decreased (inf --> 1.002276).  Saving model ...
Updating learning rate to 0.001
	iters: 100, epoch: 2 | loss: 1.0138512
	speed: 0.0122s/iter; left time: 9.8555s
	iters: 200, epoch: 2 | loss: 0.9832352
	speed: 0.0042s/iter; left time: 2.9429s
Epoch: 2 cost time: 1.0247995853424072
Epoch: 2, Steps: 227 | Train Loss: 1.0007073 Vali Loss: 1.0038886 Test Loss: 1.0016572
EarlyStopping counter: 1 out of 3
Updating learning rate to 0.0005
	iters: 100, epoch: 3 | loss: 0.9792589
	speed: 0.0121s/iter; left time: 7.0439s
	iters: 200, epoch: 3 | loss: 0.9897274
	speed: 0.0044s/iter; left time: 2.1170s
Epoch: 3 cost time: 1.0938365459442139
Epoch: 3, Steps: 227 | Train Loss: 0.9819677 Vali Loss: 0.9871309 Test Loss: 0.9858171
Validation loss decreased (1.002276 --> 0.987131).  Saving model ...
Updating learning rate to 0.00025
	iters: 100, epoch: 4 | loss: 0.9665170
	speed: 0.0121s/iter; left time: 4.2916s
	iters: 200, epoch: 4 | loss: 0.9736433
	speed: 0.0044s/iter; left time: 1.1108s
Epoch: 4 cost time: 1.059852123260498
Epoch: 4, Steps: 227 | Train Loss: 0.9683953 Vali Loss: 0.9823504 Test Loss: 0.9809882
Validation loss decreased (0.987131 --> 0.982350).  Saving model ...
Updating learning rate to 0.000125
	iters: 100, epoch: 5 | loss: 0.9572920
	speed: 0.0124s/iter; left time: 1.5911s
	iters: 200, epoch: 5 | loss: 0.9641864
	speed: 0.0049s/iter; left time: 0.1385s
Epoch: 5 cost time: 1.148996114730835
Epoch: 5, Steps: 227 | Train Loss: 0.9610038 Vali Loss: 0.9804111 Test Loss: 0.9789724
Validation loss decreased (0.982350 --> 0.980411).  Saving model ...
Updating learning rate to 6.25e-05
>>>>>>>testing : long_term_forecast_PLv2_DLinear_drift_er1700_sl960_s2021_DLinear_custom_ftM_sl960_ll48_pl96_dm64_nh8_el2_dl1_df64_expand2_dc4_fc3_ebtimeF_dtTrue_Exp_0<<<<<<<<<<<<<<<<<<<<<<<<<<<<<<<<<
test 4905
test shape: (4905, 96, 4) (4905, 96, 4)
test shape: (4905, 96, 4) (4905, 96, 4)
mse:0.9786863923072815, mae:0.7875661253929138, dtw:Not calculated
