Using GPU
Args in experiment:
[1mBasic Config[0m
  Task Name:          long_term_forecast  Is Training:        1                   
  Model ID:           PLv2_DLinear_drift_er1000_sl96_s2021Model:              DLinear             

[1mData Loader[0m
  Data:               custom              Root Path:          ./dataset/power_law/
  Data Path:          drift_er1000.csv    Features:           M                   
  Target:             OT                  Freq:               h                   
  Checkpoints:        ./checkpoints/      

[1mForecasting Task[0m
  Seq Len:            96                  Label Len:          48                  
  Pred Len:           96                  Seasonal Patterns:  Monthly             
  Inverse:            0                   

[1mModel Parameters[0m
  Top k:              5                   Num Kernels:        6                   
  Enc In:             4                   Dec In:             4                   
  C Out:              4                   d model:            64                  
  n heads:            8                   e layers:           2                   
  d layers:           1                   d FF:               64                  
  Moving Avg:         25                  Factor:             3                   
  Distil:             1                   Dropout:            0.1                 
  Embed:              timeF               Activation:         gelu                

[1mRun Parameters[0m
  Num Workers:        2                   Itr:                1                   
  Train Epochs:       5                   Batch Size:         64                  
  Patience:           3                   Learning Rate:      0.001               
  Des:                Exp                 Loss:               MSE                 
  Lradj:              type1               Use Amp:            0                   

[1mGPU[0m
  Use GPU:            1                   GPU:                0                   
  Use Multi GPU:      0                   Devices:            0,1,2,3             

[1mDe-stationary Projector Params[0m
  P Hidden Dims:      128, 128            P Hidden Layers:    2                   

Use GPU: cuda:0
🚀 Lazy Loading: DLinear ...
>>>>>>>start training : long_term_forecast_PLv2_DLinear_drift_er1000_sl96_s2021_DLinear_custom_ftM_sl96_ll48_pl96_dm64_nh8_el2_dl1_df64_expand2_dc4_fc3_ebtimeF_dtTrue_Exp_0>>>>>>>>>>>>>>>>>>>>>>>>>>
train window subsample: keep 14525/17309 windows (max_train_windows=14525)
train 14525
val 2405
test 4905
	iters: 100, epoch: 1 | loss: 0.9934551
	speed: 0.0187s/iter; left time: 19.3561s
	iters: 200, epoch: 1 | loss: 1.0072020
	speed: 0.0023s/iter; left time: 2.1595s
Epoch: 1 cost time: 0.8000481128692627
Epoch: 1, Steps: 227 | Train Loss: 0.9908965 Vali Loss: 0.9961020 Test Loss: 0.9903429
Validation loss decreased (inf --> 0.996102).  Saving model ...
Updating learning rate to 0.001
	iters: 100, epoch: 2 | loss: 0.9874775
	speed: 0.0069s/iter; left time: 5.5598s
	iters: 200, epoch: 2 | loss: 0.9809081
	speed: 0.0023s/iter; left time: 1.6429s
Epoch: 2 cost time: 0.5888454914093018
Epoch: 2, Steps: 227 | Train Loss: 0.9895710 Vali Loss: 0.9961747 Test Loss: 0.9902718
EarlyStopping counter: 1 out of 3
Updating learning rate to 0.0005
	iters: 100, epoch: 3 | loss: 0.9703993
	speed: 0.0070s/iter; left time: 4.0547s
	iters: 200, epoch: 3 | loss: 0.9705880
	speed: 0.0024s/iter; left time: 1.1762s
Epoch: 3 cost time: 0.6056392192840576
Epoch: 3, Steps: 227 | Train Loss: 0.9877334 Vali Loss: 0.9943772 Test Loss: 0.9886534
Validation loss decreased (0.996102 --> 0.994377).  Saving model ...
Updating learning rate to 0.00025
	iters: 100, epoch: 4 | loss: 0.9722304
	speed: 0.0069s/iter; left time: 2.4402s
	iters: 200, epoch: 4 | loss: 0.9968652
	speed: 0.0024s/iter; left time: 0.6072s
Epoch: 4 cost time: 0.59458327293396
Epoch: 4, Steps: 227 | Train Loss: 0.9863152 Vali Loss: 0.9942688 Test Loss: 0.9884701
Validation loss decreased (0.994377 --> 0.994269).  Saving model ...
Updating learning rate to 0.000125
	iters: 100, epoch: 5 | loss: 0.9861631
	speed: 0.0070s/iter; left time: 0.8917s
	iters: 200, epoch: 5 | loss: 0.9937453
	speed: 0.0023s/iter; left time: 0.0650s
Epoch: 5 cost time: 0.5925486087799072
Epoch: 5, Steps: 227 | Train Loss: 0.9855421 Vali Loss: 0.9938874 Test Loss: 0.9880413
Validation loss decreased (0.994269 --> 0.993887).  Saving model ...
Updating learning rate to 6.25e-05
>>>>>>>testing : long_term_forecast_PLv2_DLinear_drift_er1000_sl96_s2021_DLinear_custom_ftM_sl96_ll48_pl96_dm64_nh8_el2_dl1_df64_expand2_dc4_fc3_ebtimeF_dtTrue_Exp_0<<<<<<<<<<<<<<<<<<<<<<<<<<<<<<<<<
test 4905
test shape: (4905, 96, 4) (4905, 96, 4)
test shape: (4905, 96, 4) (4905, 96, 4)
mse:0.9875566363334656, mae:0.7910799384117126, dtw:Not calculated
