Using GPU
Args in experiment:
[1mBasic Config[0m
  Task Name:          long_term_forecast  Is Training:        1                   
  Model ID:           PLv2_DLinear_drift_er650_sl96_s2022Model:              DLinear             

[1mData Loader[0m
  Data:               custom              Root Path:          ./dataset/power_law/
  Data Path:          drift_er650.csv     Features:           M                   
  Target:             OT                  Freq:               h                   
  Checkpoints:        ./checkpoints/      

[1mForecasting Task[0m
  Seq Len:            96                  Label Len:          48                  
  Pred Len:           96                  Seasonal Patterns:  Monthly             
  Inverse:            0                   

[1mModel Parameters[0m
  Top k:              5                   Num Kernels:        6                   
  Enc In:             4                   Dec In:             4                   
  C Out:              4                   d model:            64                  
  n heads:            8                   e layers:           2                   
  d layers:           1                   d FF:               64                  
  Moving Avg:         25                  Factor:             3                   
  Distil:             1                   Dropout:            0.1                 
  Embed:              timeF               Activation:         gelu                

[1mRun Parameters[0m
  Num Workers:        2                   Itr:                1                   
  Train Epochs:       5                   Batch Size:         64                  
  Patience:           3                   Learning Rate:      0.001               
  Des:                Exp                 Loss:               MSE                 
  Lradj:              type1               Use Amp:            0                   

[1mGPU[0m
  Use GPU:            1                   GPU:                0                   
  Use Multi GPU:      0                   Devices:            0,1,2,3             

[1mDe-stationary Projector Params[0m
  P Hidden Dims:      128, 128            P Hidden Layers:    2                   

Use GPU: cuda:0
🚀 Lazy Loading: DLinear ...
>>>>>>>start training : long_term_forecast_PLv2_DLinear_drift_er650_sl96_s2022_DLinear_custom_ftM_sl96_ll48_pl96_dm64_nh8_el2_dl1_df64_expand2_dc4_fc3_ebtimeF_dtTrue_Exp_0>>>>>>>>>>>>>>>>>>>>>>>>>>
train window subsample: keep 14525/17309 windows (max_train_windows=14525)
train 14525
val 2405
test 4905
	iters: 100, epoch: 1 | loss: 0.9846085
	speed: 0.0195s/iter; left time: 20.1790s
	iters: 200, epoch: 1 | loss: 0.9725130
	speed: 0.0023s/iter; left time: 2.1685s
Epoch: 1 cost time: 0.7920143604278564
Epoch: 1, Steps: 227 | Train Loss: 0.9825507 Vali Loss: 0.9759694 Test Loss: 1.0005248
Validation loss decreased (inf --> 0.975969).  Saving model ...
Updating learning rate to 0.001
	iters: 100, epoch: 2 | loss: 0.9847633
	speed: 0.0067s/iter; left time: 5.4590s
	iters: 200, epoch: 2 | loss: 0.9721575
	speed: 0.0023s/iter; left time: 1.6402s
Epoch: 2 cost time: 0.5903499126434326
Epoch: 2, Steps: 227 | Train Loss: 0.9812530 Vali Loss: 0.9763002 Test Loss: 0.9991347
EarlyStopping counter: 1 out of 3
Updating learning rate to 0.0005
	iters: 100, epoch: 3 | loss: 0.9870648
	speed: 0.0069s/iter; left time: 4.0373s
	iters: 200, epoch: 3 | loss: 0.9740550
	speed: 0.0024s/iter; left time: 1.1689s
Epoch: 3 cost time: 0.619936466217041
Epoch: 3, Steps: 227 | Train Loss: 0.9793117 Vali Loss: 0.9745462 Test Loss: 0.9985849
Validation loss decreased (0.975969 --> 0.974546).  Saving model ...
Updating learning rate to 0.00025
	iters: 100, epoch: 4 | loss: 0.9806589
	speed: 0.0066s/iter; left time: 2.3444s
	iters: 200, epoch: 4 | loss: 0.9730725
	speed: 0.0024s/iter; left time: 0.6061s
Epoch: 4 cost time: 0.5896594524383545
Epoch: 4, Steps: 227 | Train Loss: 0.9779140 Vali Loss: 0.9739993 Test Loss: 0.9979881
Validation loss decreased (0.974546 --> 0.973999).  Saving model ...
Updating learning rate to 0.000125
	iters: 100, epoch: 5 | loss: 0.9778605
	speed: 0.0071s/iter; left time: 0.9054s
	iters: 200, epoch: 5 | loss: 0.9770572
	speed: 0.0024s/iter; left time: 0.0658s
Epoch: 5 cost time: 0.6148290634155273
Epoch: 5, Steps: 227 | Train Loss: 0.9771496 Vali Loss: 0.9737514 Test Loss: 0.9970989
Validation loss decreased (0.973999 --> 0.973751).  Saving model ...
Updating learning rate to 6.25e-05
>>>>>>>testing : long_term_forecast_PLv2_DLinear_drift_er650_sl96_s2022_DLinear_custom_ftM_sl96_ll48_pl96_dm64_nh8_el2_dl1_df64_expand2_dc4_fc3_ebtimeF_dtTrue_Exp_0<<<<<<<<<<<<<<<<<<<<<<<<<<<<<<<<<
test 4905
test shape: (4905, 96, 4) (4905, 96, 4)
test shape: (4905, 96, 4) (4905, 96, 4)
mse:0.9970218539237976, mae:0.7947024703025818, dtw:Not calculated
