Using GPU
Args in experiment:
[1mBasic Config[0m
  Task Name:          long_term_forecast  Is Training:        1                   
  Model ID:           PLv2_DLinear_drift_er150_sl960_s2021Model:              DLinear             

[1mData Loader[0m
  Data:               custom              Root Path:          ./dataset/power_law/
  Data Path:          drift_er150.csv     Features:           M                   
  Target:             OT                  Freq:               h                   
  Checkpoints:        ./checkpoints/      

[1mForecasting Task[0m
  Seq Len:            960                 Label Len:          48                  
  Pred Len:           96                  Seasonal Patterns:  Monthly             
  Inverse:            0                   

[1mModel Parameters[0m
  Top k:              5                   Num Kernels:        6                   
  Enc In:             4                   Dec In:             4                   
  C Out:              4                   d model:            64                  
  n heads:            8                   e layers:           2                   
  d layers:           1                   d FF:               64                  
  Moving Avg:         25                  Factor:             3                   
  Distil:             1                   Dropout:            0.1                 
  Embed:              timeF               Activation:         gelu                

[1mRun Parameters[0m
  Num Workers:        2                   Itr:                1                   
  Train Epochs:       5                   Batch Size:         64                  
  Patience:           3                   Learning Rate:      0.001               
  Des:                Exp                 Loss:               MSE                 
  Lradj:              type1               Use Amp:            0                   

[1mGPU[0m
  Use GPU:            1                   GPU:                0                   
  Use Multi GPU:      0                   Devices:            0,1,2,3             

[1mDe-stationary Projector Params[0m
  P Hidden Dims:      128, 128            P Hidden Layers:    2                   

Use GPU: cuda:0
🚀 Lazy Loading: DLinear ...
>>>>>>>start training : long_term_forecast_PLv2_DLinear_drift_er150_sl960_s2021_DLinear_custom_ftM_sl960_ll48_pl96_dm64_nh8_el2_dl1_df64_expand2_dc4_fc3_ebtimeF_dtTrue_Exp_0>>>>>>>>>>>>>>>>>>>>>>>>>>
train window subsample: keep 14525/16445 windows (max_train_windows=14525)
train 14525
val 2405
test 4905
	iters: 100, epoch: 1 | loss: 0.7950436
	speed: 0.0199s/iter; left time: 20.6427s
	iters: 200, epoch: 1 | loss: 0.8025221
	speed: 0.0041s/iter; left time: 3.8142s
Epoch: 1 cost time: 1.2083356380462646
Epoch: 1, Steps: 227 | Train Loss: 0.7985790 Vali Loss: 0.7966486 Test Loss: 0.8009677
Validation loss decreased (inf --> 0.796649).  Saving model ...
Updating learning rate to 0.001
	iters: 100, epoch: 2 | loss: 0.8070544
	speed: 0.0124s/iter; left time: 10.0329s
	iters: 200, epoch: 2 | loss: 0.8052263
	speed: 0.0041s/iter; left time: 2.9291s
Epoch: 2 cost time: 1.0325798988342285
Epoch: 2, Steps: 227 | Train Loss: 0.7948418 Vali Loss: 0.8066033 Test Loss: 0.8094407
EarlyStopping counter: 1 out of 3
Updating learning rate to 0.0005
	iters: 100, epoch: 3 | loss: 0.7683908
	speed: 0.0134s/iter; left time: 7.7907s
	iters: 200, epoch: 3 | loss: 0.7752194
	speed: 0.0046s/iter; left time: 2.2188s
Epoch: 3 cost time: 1.1468632221221924
Epoch: 3, Steps: 227 | Train Loss: 0.7788025 Vali Loss: 0.7810874 Test Loss: 0.7864676
Validation loss decreased (0.796649 --> 0.781087).  Saving model ...
Updating learning rate to 0.00025
	iters: 100, epoch: 4 | loss: 0.7741002
	speed: 0.0128s/iter; left time: 4.5292s
	iters: 200, epoch: 4 | loss: 0.7714794
	speed: 0.0043s/iter; left time: 1.0854s
Epoch: 4 cost time: 1.0594642162322998
Epoch: 4, Steps: 227 | Train Loss: 0.7676203 Vali Loss: 0.7750500 Test Loss: 0.7804875
Validation loss decreased (0.781087 --> 0.775050).  Saving model ...
Updating learning rate to 0.000125
	iters: 100, epoch: 5 | loss: 0.7583588
	speed: 0.0128s/iter; left time: 1.6398s
	iters: 200, epoch: 5 | loss: 0.7479607
	speed: 0.0046s/iter; left time: 0.1283s
Epoch: 5 cost time: 1.0903542041778564
Epoch: 5, Steps: 227 | Train Loss: 0.7614630 Vali Loss: 0.7715897 Test Loss: 0.7773425
Validation loss decreased (0.775050 --> 0.771590).  Saving model ...
Updating learning rate to 6.25e-05
>>>>>>>testing : long_term_forecast_PLv2_DLinear_drift_er150_sl960_s2021_DLinear_custom_ftM_sl960_ll48_pl96_dm64_nh8_el2_dl1_df64_expand2_dc4_fc3_ebtimeF_dtTrue_Exp_0<<<<<<<<<<<<<<<<<<<<<<<<<<<<<<<<<
test 4905
test shape: (4905, 96, 4) (4905, 96, 4)
test shape: (4905, 96, 4) (4905, 96, 4)
mse:0.7770617604255676, mae:0.6967425346374512, dtw:Not calculated
