Using GPU
Args in experiment:
[1mBasic Config[0m
  Task Name:          long_term_forecast  Is Training:        1                   
  Model ID:           PLv2_DLinear_drift_er50_sl1440_s2021Model:              DLinear             

[1mData Loader[0m
  Data:               custom              Root Path:          ./dataset/power_law/
  Data Path:          drift_er50.csv      Features:           M                   
  Target:             OT                  Freq:               h                   
  Checkpoints:        ./checkpoints/      

[1mForecasting Task[0m
  Seq Len:            1440                Label Len:          48                  
  Pred Len:           96                  Seasonal Patterns:  Monthly             
  Inverse:            0                   

[1mModel Parameters[0m
  Top k:              5                   Num Kernels:        6                   
  Enc In:             4                   Dec In:             4                   
  C Out:              4                   d model:            64                  
  n heads:            8                   e layers:           2                   
  d layers:           1                   d FF:               64                  
  Moving Avg:         25                  Factor:             3                   
  Distil:             1                   Dropout:            0.1                 
  Embed:              timeF               Activation:         gelu                

[1mRun Parameters[0m
  Num Workers:        2                   Itr:                1                   
  Train Epochs:       5                   Batch Size:         64                  
  Patience:           3                   Learning Rate:      0.001               
  Des:                Exp                 Loss:               MSE                 
  Lradj:              type1               Use Amp:            0                   

[1mGPU[0m
  Use GPU:            1                   GPU:                0                   
  Use Multi GPU:      0                   Devices:            0,1,2,3             

[1mDe-stationary Projector Params[0m
  P Hidden Dims:      128, 128            P Hidden Layers:    2                   

Use GPU: cuda:0
🚀 Lazy Loading: DLinear ...
>>>>>>>start training : long_term_forecast_PLv2_DLinear_drift_er50_sl1440_s2021_DLinear_custom_ftM_sl1440_ll48_pl96_dm64_nh8_el2_dl1_df64_expand2_dc4_fc3_ebtimeF_dtTrue_Exp_0>>>>>>>>>>>>>>>>>>>>>>>>>>
train window subsample: keep 14525/15965 windows (max_train_windows=14525)
train 14525
val 2405
test 4905
	iters: 100, epoch: 1 | loss: 0.5135254
	speed: 0.0193s/iter; left time: 19.9701s
	iters: 200, epoch: 1 | loss: 0.5150839
	speed: 0.0042s/iter; left time: 3.9629s
Epoch: 1 cost time: 1.2309935092926025
Epoch: 1, Steps: 227 | Train Loss: 0.5137523 Vali Loss: 0.5311378 Test Loss: 0.5406431
Validation loss decreased (inf --> 0.531138).  Saving model ...
Updating learning rate to 0.001
	iters: 100, epoch: 2 | loss: 0.5118659
	speed: 0.0120s/iter; left time: 9.7037s
	iters: 200, epoch: 2 | loss: 0.5198311
	speed: 0.0044s/iter; left time: 3.1027s
Epoch: 2 cost time: 1.0460681915283203
Epoch: 2, Steps: 227 | Train Loss: 0.5057780 Vali Loss: 0.5380975 Test Loss: 0.5516621
EarlyStopping counter: 1 out of 3
Updating learning rate to 0.0005
	iters: 100, epoch: 3 | loss: 0.4939753
	speed: 0.0122s/iter; left time: 7.1222s
	iters: 200, epoch: 3 | loss: 0.4896361
	speed: 0.0044s/iter; left time: 2.1131s
Epoch: 3 cost time: 1.105837106704712
Epoch: 3, Steps: 227 | Train Loss: 0.4894735 Vali Loss: 0.5175955 Test Loss: 0.5220979
Validation loss decreased (0.531138 --> 0.517596).  Saving model ...
Updating learning rate to 0.00025
	iters: 100, epoch: 4 | loss: 0.4837379
	speed: 0.0119s/iter; left time: 4.2414s
	iters: 200, epoch: 4 | loss: 0.4917690
	speed: 0.0047s/iter; left time: 1.1969s
Epoch: 4 cost time: 1.1126399040222168
Epoch: 4, Steps: 227 | Train Loss: 0.4786702 Vali Loss: 0.5093726 Test Loss: 0.5068652
Validation loss decreased (0.517596 --> 0.509373).  Saving model ...
Updating learning rate to 0.000125
	iters: 100, epoch: 5 | loss: 0.4731216
	speed: 0.0126s/iter; left time: 1.6143s
	iters: 200, epoch: 5 | loss: 0.4717839
	speed: 0.0045s/iter; left time: 0.1266s
Epoch: 5 cost time: 1.1094970703125
Epoch: 5, Steps: 227 | Train Loss: 0.4725994 Vali Loss: 0.5026133 Test Loss: 0.4967518
Validation loss decreased (0.509373 --> 0.502613).  Saving model ...
Updating learning rate to 6.25e-05
>>>>>>>testing : long_term_forecast_PLv2_DLinear_drift_er50_sl1440_s2021_DLinear_custom_ftM_sl1440_ll48_pl96_dm64_nh8_el2_dl1_df64_expand2_dc4_fc3_ebtimeF_dtTrue_Exp_0<<<<<<<<<<<<<<<<<<<<<<<<<<<<<<<<<
test 4905
test shape: (4905, 96, 4) (4905, 96, 4)
test shape: (4905, 96, 4) (4905, 96, 4)
mse:0.4968796670436859, mae:0.5559061169624329, dtw:Not calculated
