Using GPU
Args in experiment:
[1mBasic Config[0m
  Task Name:          long_term_forecast  Is Training:        1                   
  Model ID:           PLv2_DLinear_drift_er250_sl960_s2021Model:              DLinear             

[1mData Loader[0m
  Data:               custom              Root Path:          ./dataset/power_law/
  Data Path:          drift_er250.csv     Features:           M                   
  Target:             OT                  Freq:               h                   
  Checkpoints:        ./checkpoints/      

[1mForecasting Task[0m
  Seq Len:            960                 Label Len:          48                  
  Pred Len:           96                  Seasonal Patterns:  Monthly             
  Inverse:            0                   

[1mModel Parameters[0m
  Top k:              5                   Num Kernels:        6                   
  Enc In:             4                   Dec In:             4                   
  C Out:              4                   d model:            64                  
  n heads:            8                   e layers:           2                   
  d layers:           1                   d FF:               64                  
  Moving Avg:         25                  Factor:             3                   
  Distil:             1                   Dropout:            0.1                 
  Embed:              timeF               Activation:         gelu                

[1mRun Parameters[0m
  Num Workers:        2                   Itr:                1                   
  Train Epochs:       5                   Batch Size:         64                  
  Patience:           3                   Learning Rate:      0.001               
  Des:                Exp                 Loss:               MSE                 
  Lradj:              type1               Use Amp:            0                   

[1mGPU[0m
  Use GPU:            1                   GPU:                0                   
  Use Multi GPU:      0                   Devices:            0,1,2,3             

[1mDe-stationary Projector Params[0m
  P Hidden Dims:      128, 128            P Hidden Layers:    2                   

Use GPU: cuda:0
🚀 Lazy Loading: DLinear ...
>>>>>>>start training : long_term_forecast_PLv2_DLinear_drift_er250_sl960_s2021_DLinear_custom_ftM_sl960_ll48_pl96_dm64_nh8_el2_dl1_df64_expand2_dc4_fc3_ebtimeF_dtTrue_Exp_0>>>>>>>>>>>>>>>>>>>>>>>>>>
train window subsample: keep 14525/16445 windows (max_train_windows=14525)
train 14525
val 2405
test 4905
	iters: 100, epoch: 1 | loss: 0.8787227
	speed: 0.0214s/iter; left time: 22.2173s
	iters: 200, epoch: 1 | loss: 0.8781359
	speed: 0.0044s/iter; left time: 4.0960s
Epoch: 1 cost time: 1.2775967121124268
Epoch: 1, Steps: 227 | Train Loss: 0.8754854 Vali Loss: 0.8935039 Test Loss: 0.9040848
Validation loss decreased (inf --> 0.893504).  Saving model ...
Updating learning rate to 0.001
	iters: 100, epoch: 2 | loss: 0.8813164
	speed: 0.0121s/iter; left time: 9.8195s
	iters: 200, epoch: 2 | loss: 0.8745410
	speed: 0.0045s/iter; left time: 3.1668s
Epoch: 2 cost time: 1.0534629821777344
Epoch: 2, Steps: 227 | Train Loss: 0.8720930 Vali Loss: 0.9072441 Test Loss: 0.9189434
EarlyStopping counter: 1 out of 3
Updating learning rate to 0.0005
	iters: 100, epoch: 3 | loss: 0.8454303
	speed: 0.0122s/iter; left time: 7.0906s
	iters: 200, epoch: 3 | loss: 0.8714897
	speed: 0.0042s/iter; left time: 2.0436s
Epoch: 3 cost time: 1.0310158729553223
Epoch: 3, Steps: 227 | Train Loss: 0.8552247 Vali Loss: 0.8711395 Test Loss: 0.8796589
Validation loss decreased (0.893504 --> 0.871140).  Saving model ...
Updating learning rate to 0.00025
	iters: 100, epoch: 4 | loss: 0.8511118
	speed: 0.0120s/iter; left time: 4.2635s
	iters: 200, epoch: 4 | loss: 0.8593259
	speed: 0.0044s/iter; left time: 1.1256s
Epoch: 4 cost time: 1.0845918655395508
Epoch: 4, Steps: 227 | Train Loss: 0.8429496 Vali Loss: 0.8599222 Test Loss: 0.8673500
Validation loss decreased (0.871140 --> 0.859922).  Saving model ...
Updating learning rate to 0.000125
	iters: 100, epoch: 5 | loss: 0.8272287
	speed: 0.0123s/iter; left time: 1.5795s
	iters: 200, epoch: 5 | loss: 0.8397346
	speed: 0.0045s/iter; left time: 0.1253s
Epoch: 5 cost time: 1.0714056491851807
Epoch: 5, Steps: 227 | Train Loss: 0.8364390 Vali Loss: 0.8514315 Test Loss: 0.8575999
Validation loss decreased (0.859922 --> 0.851431).  Saving model ...
Updating learning rate to 6.25e-05
>>>>>>>testing : long_term_forecast_PLv2_DLinear_drift_er250_sl960_s2021_DLinear_custom_ftM_sl960_ll48_pl96_dm64_nh8_el2_dl1_df64_expand2_dc4_fc3_ebtimeF_dtTrue_Exp_0<<<<<<<<<<<<<<<<<<<<<<<<<<<<<<<<<
test 4905
test shape: (4905, 96, 4) (4905, 96, 4)
test shape: (4905, 96, 4) (4905, 96, 4)
mse:0.8575358390808105, mae:0.7362548112869263, dtw:Not calculated
