Using GPU
Args in experiment:
[1mBasic Config[0m
  Task Name:          long_term_forecast  Is Training:        1                   
  Model ID:           PLv2_DLinear_drift_er650_sl96_s2021Model:              DLinear             

[1mData Loader[0m
  Data:               custom              Root Path:          ./dataset/power_law/
  Data Path:          drift_er650.csv     Features:           M                   
  Target:             OT                  Freq:               h                   
  Checkpoints:        ./checkpoints/      

[1mForecasting Task[0m
  Seq Len:            96                  Label Len:          48                  
  Pred Len:           96                  Seasonal Patterns:  Monthly             
  Inverse:            0                   

[1mModel Parameters[0m
  Top k:              5                   Num Kernels:        6                   
  Enc In:             4                   Dec In:             4                   
  C Out:              4                   d model:            64                  
  n heads:            8                   e layers:           2                   
  d layers:           1                   d FF:               64                  
  Moving Avg:         25                  Factor:             3                   
  Distil:             1                   Dropout:            0.1                 
  Embed:              timeF               Activation:         gelu                

[1mRun Parameters[0m
  Num Workers:        2                   Itr:                1                   
  Train Epochs:       5                   Batch Size:         64                  
  Patience:           3                   Learning Rate:      0.001               
  Des:                Exp                 Loss:               MSE                 
  Lradj:              type1               Use Amp:            0                   

[1mGPU[0m
  Use GPU:            1                   GPU:                0                   
  Use Multi GPU:      0                   Devices:            0,1,2,3             

[1mDe-stationary Projector Params[0m
  P Hidden Dims:      128, 128            P Hidden Layers:    2                   

Use GPU: cuda:0
🚀 Lazy Loading: DLinear ...
>>>>>>>start training : long_term_forecast_PLv2_DLinear_drift_er650_sl96_s2021_DLinear_custom_ftM_sl96_ll48_pl96_dm64_nh8_el2_dl1_df64_expand2_dc4_fc3_ebtimeF_dtTrue_Exp_0>>>>>>>>>>>>>>>>>>>>>>>>>>
train window subsample: keep 14525/17309 windows (max_train_windows=14525)
train 14525
val 2405
test 4905
	iters: 100, epoch: 1 | loss: 0.9874395
	speed: 0.0187s/iter; left time: 19.3673s
	iters: 200, epoch: 1 | loss: 0.9904660
	speed: 0.0039s/iter; left time: 3.6590s
Epoch: 1 cost time: 1.1267080307006836
Epoch: 1, Steps: 227 | Train Loss: 0.9824799 Vali Loss: 0.9758686 Test Loss: 0.9993406
Validation loss decreased (inf --> 0.975869).  Saving model ...
Updating learning rate to 0.001
	iters: 100, epoch: 2 | loss: 0.9704040
	speed: 0.0107s/iter; left time: 8.6407s
	iters: 200, epoch: 2 | loss: 0.9777646
	speed: 0.0040s/iter; left time: 2.8372s
Epoch: 2 cost time: 0.9338893890380859
Epoch: 2, Steps: 227 | Train Loss: 0.9811972 Vali Loss: 0.9761815 Test Loss: 1.0015238
EarlyStopping counter: 1 out of 3
Updating learning rate to 0.0005
	iters: 100, epoch: 3 | loss: 0.9600896
	speed: 0.0076s/iter; left time: 4.4046s
	iters: 200, epoch: 3 | loss: 0.9831954
	speed: 0.0028s/iter; left time: 1.3285s
Epoch: 3 cost time: 0.7034876346588135
Epoch: 3, Steps: 227 | Train Loss: 0.9793230 Vali Loss: 0.9745685 Test Loss: 0.9983864
Validation loss decreased (0.975869 --> 0.974568).  Saving model ...
Updating learning rate to 0.00025
	iters: 100, epoch: 4 | loss: 0.9640498
	speed: 0.0087s/iter; left time: 3.0799s
	iters: 200, epoch: 4 | loss: 0.9701933
	speed: 0.0027s/iter; left time: 0.6990s
Epoch: 4 cost time: 0.6917660236358643
Epoch: 4, Steps: 227 | Train Loss: 0.9779248 Vali Loss: 0.9743726 Test Loss: 0.9971512
Validation loss decreased (0.974568 --> 0.974373).  Saving model ...
Updating learning rate to 0.000125
	iters: 100, epoch: 5 | loss: 0.9813640
	speed: 0.0080s/iter; left time: 1.0209s
	iters: 200, epoch: 5 | loss: 0.9781667
	speed: 0.0028s/iter; left time: 0.0788s
Epoch: 5 cost time: 0.6979291439056396
Epoch: 5, Steps: 227 | Train Loss: 0.9771475 Vali Loss: 0.9740087 Test Loss: 0.9968423
Validation loss decreased (0.974373 --> 0.974009).  Saving model ...
Updating learning rate to 6.25e-05
>>>>>>>testing : long_term_forecast_PLv2_DLinear_drift_er650_sl96_s2021_DLinear_custom_ftM_sl96_ll48_pl96_dm64_nh8_el2_dl1_df64_expand2_dc4_fc3_ebtimeF_dtTrue_Exp_0<<<<<<<<<<<<<<<<<<<<<<<<<<<<<<<<<
test 4905
test shape: (4905, 96, 4) (4905, 96, 4)
test shape: (4905, 96, 4) (4905, 96, 4)
mse:0.9967655539512634, mae:0.7946096658706665, dtw:Not calculated
