Using GPU
Args in experiment:
[1mBasic Config[0m
  Task Name:          long_term_forecast  Is Training:        1                   
  Model ID:           PLv2_DLinear_drift_er250_sl960_s2022Model:              DLinear             

[1mData Loader[0m
  Data:               custom              Root Path:          ./dataset/power_law/
  Data Path:          drift_er250.csv     Features:           M                   
  Target:             OT                  Freq:               h                   
  Checkpoints:        ./checkpoints/      

[1mForecasting Task[0m
  Seq Len:            960                 Label Len:          48                  
  Pred Len:           96                  Seasonal Patterns:  Monthly             
  Inverse:            0                   

[1mModel Parameters[0m
  Top k:              5                   Num Kernels:        6                   
  Enc In:             4                   Dec In:             4                   
  C Out:              4                   d model:            64                  
  n heads:            8                   e layers:           2                   
  d layers:           1                   d FF:               64                  
  Moving Avg:         25                  Factor:             3                   
  Distil:             1                   Dropout:            0.1                 
  Embed:              timeF               Activation:         gelu                

[1mRun Parameters[0m
  Num Workers:        2                   Itr:                1                   
  Train Epochs:       5                   Batch Size:         64                  
  Patience:           3                   Learning Rate:      0.001               
  Des:                Exp                 Loss:               MSE                 
  Lradj:              type1               Use Amp:            0                   

[1mGPU[0m
  Use GPU:            1                   GPU:                0                   
  Use Multi GPU:      0                   Devices:            0,1,2,3             

[1mDe-stationary Projector Params[0m
  P Hidden Dims:      128, 128            P Hidden Layers:    2                   

Use GPU: cuda:0
🚀 Lazy Loading: DLinear ...
>>>>>>>start training : long_term_forecast_PLv2_DLinear_drift_er250_sl960_s2022_DLinear_custom_ftM_sl960_ll48_pl96_dm64_nh8_el2_dl1_df64_expand2_dc4_fc3_ebtimeF_dtTrue_Exp_0>>>>>>>>>>>>>>>>>>>>>>>>>>
train window subsample: keep 14525/16445 windows (max_train_windows=14525)
train 14525
val 2405
test 4905
	iters: 100, epoch: 1 | loss: 0.8746098
	speed: 0.0212s/iter; left time: 21.9556s
	iters: 200, epoch: 1 | loss: 0.8763264
	speed: 0.0044s/iter; left time: 4.1192s
Epoch: 1 cost time: 1.2944462299346924
Epoch: 1, Steps: 227 | Train Loss: 0.8755096 Vali Loss: 0.8984260 Test Loss: 0.9106874
Validation loss decreased (inf --> 0.898426).  Saving model ...
Updating learning rate to 0.001
	iters: 100, epoch: 2 | loss: 0.8789563
	speed: 0.0122s/iter; left time: 9.8886s
	iters: 200, epoch: 2 | loss: 0.8684192
	speed: 0.0045s/iter; left time: 3.1717s
Epoch: 2 cost time: 1.0683465003967285
Epoch: 2, Steps: 227 | Train Loss: 0.8720782 Vali Loss: 0.8872016 Test Loss: 0.8970227
Validation loss decreased (0.898426 --> 0.887202).  Saving model ...
Updating learning rate to 0.0005
	iters: 100, epoch: 3 | loss: 0.8578515
	speed: 0.0126s/iter; left time: 7.3478s
	iters: 200, epoch: 3 | loss: 0.8603216
	speed: 0.0044s/iter; left time: 2.1198s
Epoch: 3 cost time: 1.0574920177459717
Epoch: 3, Steps: 227 | Train Loss: 0.8549315 Vali Loss: 0.8747637 Test Loss: 0.8839046
Validation loss decreased (0.887202 --> 0.874764).  Saving model ...
Updating learning rate to 0.00025
	iters: 100, epoch: 4 | loss: 0.8448819
	speed: 0.0125s/iter; left time: 4.4266s
	iters: 200, epoch: 4 | loss: 0.8559185
	speed: 0.0043s/iter; left time: 1.0951s
Epoch: 4 cost time: 1.0618693828582764
Epoch: 4, Steps: 227 | Train Loss: 0.8430610 Vali Loss: 0.8573325 Test Loss: 0.8650402
Validation loss decreased (0.874764 --> 0.857333).  Saving model ...
Updating learning rate to 0.000125
	iters: 100, epoch: 5 | loss: 0.8437899
	speed: 0.0128s/iter; left time: 1.6432s
	iters: 200, epoch: 5 | loss: 0.8434355
	speed: 0.0044s/iter; left time: 0.1243s
Epoch: 5 cost time: 1.0735182762145996
Epoch: 5, Steps: 227 | Train Loss: 0.8364528 Vali Loss: 0.8532815 Test Loss: 0.8592375
Validation loss decreased (0.857333 --> 0.853281).  Saving model ...
Updating learning rate to 6.25e-05
>>>>>>>testing : long_term_forecast_PLv2_DLinear_drift_er250_sl960_s2022_DLinear_custom_ftM_sl960_ll48_pl96_dm64_nh8_el2_dl1_df64_expand2_dc4_fc3_ebtimeF_dtTrue_Exp_0<<<<<<<<<<<<<<<<<<<<<<<<<<<<<<<<<
test 4905
test shape: (4905, 96, 4) (4905, 96, 4)
test shape: (4905, 96, 4) (4905, 96, 4)
mse:0.8591777682304382, mae:0.7369909286499023, dtw:Not calculated
