Using GPU
Args in experiment:
[1mBasic Config[0m
  Task Name:          long_term_forecast  Is Training:        1                   
  Model ID:           PLv2_DLinear_drift_er1700_sl720_s2021Model:              DLinear             

[1mData Loader[0m
  Data:               custom              Root Path:          ./dataset/power_law/
  Data Path:          drift_er1700.csv    Features:           M                   
  Target:             OT                  Freq:               h                   
  Checkpoints:        ./checkpoints/      

[1mForecasting Task[0m
  Seq Len:            720                 Label Len:          48                  
  Pred Len:           96                  Seasonal Patterns:  Monthly             
  Inverse:            0                   

[1mModel Parameters[0m
  Top k:              5                   Num Kernels:        6                   
  Enc In:             4                   Dec In:             4                   
  C Out:              4                   d model:            64                  
  n heads:            8                   e layers:           2                   
  d layers:           1                   d FF:               64                  
  Moving Avg:         25                  Factor:             3                   
  Distil:             1                   Dropout:            0.1                 
  Embed:              timeF               Activation:         gelu                

[1mRun Parameters[0m
  Num Workers:        2                   Itr:                1                   
  Train Epochs:       5                   Batch Size:         64                  
  Patience:           3                   Learning Rate:      0.001               
  Des:                Exp                 Loss:               MSE                 
  Lradj:              type1               Use Amp:            0                   

[1mGPU[0m
  Use GPU:            1                   GPU:                0                   
  Use Multi GPU:      0                   Devices:            0,1,2,3             

[1mDe-stationary Projector Params[0m
  P Hidden Dims:      128, 128            P Hidden Layers:    2                   

Use GPU: cuda:0
🚀 Lazy Loading: DLinear ...
>>>>>>>start training : long_term_forecast_PLv2_DLinear_drift_er1700_sl720_s2021_DLinear_custom_ftM_sl720_ll48_pl96_dm64_nh8_el2_dl1_df64_expand2_dc4_fc3_ebtimeF_dtTrue_Exp_0>>>>>>>>>>>>>>>>>>>>>>>>>>
train window subsample: keep 14525/16685 windows (max_train_windows=14525)
train 14525
val 2405
test 4905
	iters: 100, epoch: 1 | loss: 1.0015795
	speed: 0.0197s/iter; left time: 20.3590s
	iters: 200, epoch: 1 | loss: 0.9818465
	speed: 0.0038s/iter; left time: 3.5491s
Epoch: 1 cost time: 1.1397864818572998
Epoch: 1, Steps: 227 | Train Loss: 0.9954679 Vali Loss: 0.9916779 Test Loss: 0.9899600
Validation loss decreased (inf --> 0.991678).  Saving model ...
Updating learning rate to 0.001
	iters: 100, epoch: 2 | loss: 0.9919896
	speed: 0.0103s/iter; left time: 8.3557s
	iters: 200, epoch: 2 | loss: 1.0061039
	speed: 0.0038s/iter; left time: 2.6845s
Epoch: 2 cost time: 0.923114538192749
Epoch: 2, Steps: 227 | Train Loss: 0.9928309 Vali Loss: 0.9929720 Test Loss: 0.9913745
EarlyStopping counter: 1 out of 3
Updating learning rate to 0.0005
	iters: 100, epoch: 3 | loss: 0.9820864
	speed: 0.0109s/iter; left time: 6.3503s
	iters: 200, epoch: 3 | loss: 0.9930998
	speed: 0.0037s/iter; left time: 1.7788s
Epoch: 3 cost time: 0.9112529754638672
Epoch: 3, Steps: 227 | Train Loss: 0.9790654 Vali Loss: 0.9804012 Test Loss: 0.9792425
Validation loss decreased (0.991678 --> 0.980401).  Saving model ...
Updating learning rate to 0.00025
	iters: 100, epoch: 4 | loss: 0.9641666
	speed: 0.0108s/iter; left time: 3.8456s
	iters: 200, epoch: 4 | loss: 0.9598597
	speed: 0.0038s/iter; left time: 0.9770s
Epoch: 4 cost time: 0.9703035354614258
Epoch: 4, Steps: 227 | Train Loss: 0.9689225 Vali Loss: 0.9754607 Test Loss: 0.9746614
Validation loss decreased (0.980401 --> 0.975461).  Saving model ...
Updating learning rate to 0.000125
	iters: 100, epoch: 5 | loss: 0.9529284
	speed: 0.0114s/iter; left time: 1.4572s
	iters: 200, epoch: 5 | loss: 0.9542700
	speed: 0.0040s/iter; left time: 0.1110s
Epoch: 5 cost time: 0.9554464817047119
Epoch: 5, Steps: 227 | Train Loss: 0.9632499 Vali Loss: 0.9742466 Test Loss: 0.9734882
Validation loss decreased (0.975461 --> 0.974247).  Saving model ...
Updating learning rate to 6.25e-05
>>>>>>>testing : long_term_forecast_PLv2_DLinear_drift_er1700_sl720_s2021_DLinear_custom_ftM_sl720_ll48_pl96_dm64_nh8_el2_dl1_df64_expand2_dc4_fc3_ebtimeF_dtTrue_Exp_0<<<<<<<<<<<<<<<<<<<<<<<<<<<<<<<<<
test 4905
test shape: (4905, 96, 4) (4905, 96, 4)
test shape: (4905, 96, 4) (4905, 96, 4)
mse:0.9731957912445068, mae:0.7852439284324646, dtw:Not calculated
