Using GPU
Args in experiment:
[1mBasic Config[0m
  Task Name:          long_term_forecast  Is Training:        1                   
  Model ID:           PLv2_DLinear_drift_er50_sl2000_s2022Model:              DLinear             

[1mData Loader[0m
  Data:               custom              Root Path:          ./dataset/power_law/
  Data Path:          drift_er50.csv      Features:           M                   
  Target:             OT                  Freq:               h                   
  Checkpoints:        ./checkpoints/      

[1mForecasting Task[0m
  Seq Len:            2000                Label Len:          48                  
  Pred Len:           96                  Seasonal Patterns:  Monthly             
  Inverse:            0                   

[1mModel Parameters[0m
  Top k:              5                   Num Kernels:        6                   
  Enc In:             4                   Dec In:             4                   
  C Out:              4                   d model:            64                  
  n heads:            8                   e layers:           2                   
  d layers:           1                   d FF:               64                  
  Moving Avg:         25                  Factor:             3                   
  Distil:             1                   Dropout:            0.1                 
  Embed:              timeF               Activation:         gelu                

[1mRun Parameters[0m
  Num Workers:        2                   Itr:                1                   
  Train Epochs:       5                   Batch Size:         64                  
  Patience:           3                   Learning Rate:      0.001               
  Des:                Exp                 Loss:               MSE                 
  Lradj:              type1               Use Amp:            0                   

[1mGPU[0m
  Use GPU:            1                   GPU:                0                   
  Use Multi GPU:      0                   Devices:            0,1,2,3             

[1mDe-stationary Projector Params[0m
  P Hidden Dims:      128, 128            P Hidden Layers:    2                   

Use GPU: cuda:0
🚀 Lazy Loading: DLinear ...
>>>>>>>start training : long_term_forecast_PLv2_DLinear_drift_er50_sl2000_s2022_DLinear_custom_ftM_sl2000_ll48_pl96_dm64_nh8_el2_dl1_df64_expand2_dc4_fc3_ebtimeF_dtTrue_Exp_0>>>>>>>>>>>>>>>>>>>>>>>>>>
train window subsample: keep 14525/15405 windows (max_train_windows=14525)
train 14525
val 2405
test 4905
	iters: 100, epoch: 1 | loss: 0.5207368
	speed: 0.0202s/iter; left time: 20.8972s
	iters: 200, epoch: 1 | loss: 0.5184323
	speed: 0.0060s/iter; left time: 5.5883s
Epoch: 1 cost time: 1.535383939743042
Epoch: 1, Steps: 227 | Train Loss: 0.5273868 Vali Loss: 0.5536814 Test Loss: 0.5699567
Validation loss decreased (inf --> 0.553681).  Saving model ...
Updating learning rate to 0.001
	iters: 100, epoch: 2 | loss: 0.5223304
	speed: 0.0160s/iter; left time: 12.9198s
	iters: 200, epoch: 2 | loss: 0.5247378
	speed: 0.0060s/iter; left time: 4.2724s
Epoch: 2 cost time: 1.4407598972320557
Epoch: 2, Steps: 227 | Train Loss: 0.5148828 Vali Loss: 0.5751430 Test Loss: 0.6038843
EarlyStopping counter: 1 out of 3
Updating learning rate to 0.0005
	iters: 100, epoch: 3 | loss: 0.4862263
	speed: 0.0157s/iter; left time: 9.1211s
	iters: 200, epoch: 3 | loss: 0.4929132
	speed: 0.0060s/iter; left time: 2.8760s
Epoch: 3 cost time: 1.415027141571045
Epoch: 3, Steps: 227 | Train Loss: 0.4921793 Vali Loss: 0.5286492 Test Loss: 0.5290621
Validation loss decreased (0.553681 --> 0.528649).  Saving model ...
Updating learning rate to 0.00025
	iters: 100, epoch: 4 | loss: 0.4687030
	speed: 0.0158s/iter; left time: 5.5962s
	iters: 200, epoch: 4 | loss: 0.4786325
	speed: 0.0058s/iter; left time: 1.4899s
Epoch: 4 cost time: 1.3985450267791748
Epoch: 4, Steps: 227 | Train Loss: 0.4768548 Vali Loss: 0.5168035 Test Loss: 0.5105955
Validation loss decreased (0.528649 --> 0.516804).  Saving model ...
Updating learning rate to 0.000125
	iters: 100, epoch: 5 | loss: 0.4776564
	speed: 0.0162s/iter; left time: 2.0771s
	iters: 200, epoch: 5 | loss: 0.4758361
	speed: 0.0059s/iter; left time: 0.1639s
Epoch: 5 cost time: 1.4347302913665771
Epoch: 5, Steps: 227 | Train Loss: 0.4689185 Vali Loss: 0.5120369 Test Loss: 0.5028606
Validation loss decreased (0.516804 --> 0.512037).  Saving model ...
Updating learning rate to 6.25e-05
>>>>>>>testing : long_term_forecast_PLv2_DLinear_drift_er50_sl2000_s2022_DLinear_custom_ftM_sl2000_ll48_pl96_dm64_nh8_el2_dl1_df64_expand2_dc4_fc3_ebtimeF_dtTrue_Exp_0<<<<<<<<<<<<<<<<<<<<<<<<<<<<<<<<<
test 4905
test shape: (4905, 96, 4) (4905, 96, 4)
test shape: (4905, 96, 4) (4905, 96, 4)
mse:0.5030033588409424, mae:0.5589551329612732, dtw:Not calculated
