Using GPU
Args in experiment:
[1mBasic Config[0m
  Task Name:          long_term_forecast  Is Training:        1                   
  Model ID:           PLv2_DLinear_drift_er4000_sl192_s2021Model:              DLinear             

[1mData Loader[0m
  Data:               custom              Root Path:          ./dataset/power_law/
  Data Path:          drift_er4000.csv    Features:           M                   
  Target:             OT                  Freq:               h                   
  Checkpoints:        ./checkpoints/      

[1mForecasting Task[0m
  Seq Len:            192                 Label Len:          48                  
  Pred Len:           96                  Seasonal Patterns:  Monthly             
  Inverse:            0                   

[1mModel Parameters[0m
  Top k:              5                   Num Kernels:        6                   
  Enc In:             4                   Dec In:             4                   
  C Out:              4                   d model:            64                  
  n heads:            8                   e layers:           2                   
  d layers:           1                   d FF:               64                  
  Moving Avg:         25                  Factor:             3                   
  Distil:             1                   Dropout:            0.1                 
  Embed:              timeF               Activation:         gelu                

[1mRun Parameters[0m
  Num Workers:        2                   Itr:                1                   
  Train Epochs:       5                   Batch Size:         64                  
  Patience:           3                   Learning Rate:      0.001               
  Des:                Exp                 Loss:               MSE                 
  Lradj:              type1               Use Amp:            0                   

[1mGPU[0m
  Use GPU:            1                   GPU:                0                   
  Use Multi GPU:      0                   Devices:            0,1,2,3             

[1mDe-stationary Projector Params[0m
  P Hidden Dims:      128, 128            P Hidden Layers:    2                   

Use GPU: cuda:0
🚀 Lazy Loading: DLinear ...
>>>>>>>start training : long_term_forecast_PLv2_DLinear_drift_er4000_sl192_s2021_DLinear_custom_ftM_sl192_ll48_pl96_dm64_nh8_el2_dl1_df64_expand2_dc4_fc3_ebtimeF_dtTrue_Exp_0>>>>>>>>>>>>>>>>>>>>>>>>>>
train window subsample: keep 14525/17213 windows (max_train_windows=14525)
train 14525
val 2405
test 4905
	iters: 100, epoch: 1 | loss: 0.9943182
	speed: 0.0169s/iter; left time: 17.5045s
	iters: 200, epoch: 1 | loss: 1.0025723
	speed: 0.0024s/iter; left time: 2.2451s
Epoch: 1 cost time: 0.8176894187927246
Epoch: 1, Steps: 227 | Train Loss: 1.0050118 Vali Loss: 1.0048057 Test Loss: 1.0092629
Validation loss decreased (inf --> 1.004806).  Saving model ...
Updating learning rate to 0.001
	iters: 100, epoch: 2 | loss: 1.0131027
	speed: 0.0070s/iter; left time: 5.6920s
	iters: 200, epoch: 2 | loss: 1.0057673
	speed: 0.0024s/iter; left time: 1.6856s
Epoch: 2 cost time: 0.6130437850952148
Epoch: 2, Steps: 227 | Train Loss: 1.0039240 Vali Loss: 1.0042358 Test Loss: 1.0097234
Validation loss decreased (1.004806 --> 1.004236).  Saving model ...
Updating learning rate to 0.0005
	iters: 100, epoch: 3 | loss: 1.0050768
	speed: 0.0069s/iter; left time: 4.0429s
	iters: 200, epoch: 3 | loss: 1.0003450
	speed: 0.0024s/iter; left time: 1.1530s
Epoch: 3 cost time: 0.6072371006011963
Epoch: 3, Steps: 227 | Train Loss: 1.0001223 Vali Loss: 1.0012425 Test Loss: 1.0059771
Validation loss decreased (1.004236 --> 1.001242).  Saving model ...
Updating learning rate to 0.00025
	iters: 100, epoch: 4 | loss: 0.9947321
	speed: 0.0069s/iter; left time: 2.4645s
	iters: 200, epoch: 4 | loss: 0.9933466
	speed: 0.0024s/iter; left time: 0.6196s
Epoch: 4 cost time: 0.6078333854675293
Epoch: 4, Steps: 227 | Train Loss: 0.9974258 Vali Loss: 1.0000671 Test Loss: 1.0046390
Validation loss decreased (1.001242 --> 1.000067).  Saving model ...
Updating learning rate to 0.000125
	iters: 100, epoch: 5 | loss: 1.0053363
	speed: 0.0069s/iter; left time: 0.8814s
	iters: 200, epoch: 5 | loss: 1.0016797
	speed: 0.0025s/iter; left time: 0.0694s
Epoch: 5 cost time: 0.6120686531066895
Epoch: 5, Steps: 227 | Train Loss: 0.9958913 Vali Loss: 0.9999684 Test Loss: 1.0044171
Validation loss decreased (1.000067 --> 0.999968).  Saving model ...
Updating learning rate to 6.25e-05
>>>>>>>testing : long_term_forecast_PLv2_DLinear_drift_er4000_sl192_s2021_DLinear_custom_ftM_sl192_ll48_pl96_dm64_nh8_el2_dl1_df64_expand2_dc4_fc3_ebtimeF_dtTrue_Exp_0<<<<<<<<<<<<<<<<<<<<<<<<<<<<<<<<<
test 4905
test shape: (4905, 96, 4) (4905, 96, 4)
test shape: (4905, 96, 4) (4905, 96, 4)
mse:1.004696011543274, mae:0.7988718152046204, dtw:Not calculated
