Using GPU
Args in experiment:
[1mBasic Config[0m
  Task Name:          long_term_forecast  Is Training:        1                   
  Model ID:           PLv2_DLinear_drift_er250_sl2000_s2022Model:              DLinear             

[1mData Loader[0m
  Data:               custom              Root Path:          ./dataset/power_law/
  Data Path:          drift_er250.csv     Features:           M                   
  Target:             OT                  Freq:               h                   
  Checkpoints:        ./checkpoints/      

[1mForecasting Task[0m
  Seq Len:            2000                Label Len:          48                  
  Pred Len:           96                  Seasonal Patterns:  Monthly             
  Inverse:            0                   

[1mModel Parameters[0m
  Top k:              5                   Num Kernels:        6                   
  Enc In:             4                   Dec In:             4                   
  C Out:              4                   d model:            64                  
  n heads:            8                   e layers:           2                   
  d layers:           1                   d FF:               64                  
  Moving Avg:         25                  Factor:             3                   
  Distil:             1                   Dropout:            0.1                 
  Embed:              timeF               Activation:         gelu                

[1mRun Parameters[0m
  Num Workers:        2                   Itr:                1                   
  Train Epochs:       5                   Batch Size:         64                  
  Patience:           3                   Learning Rate:      0.001               
  Des:                Exp                 Loss:               MSE                 
  Lradj:              type1               Use Amp:            0                   

[1mGPU[0m
  Use GPU:            1                   GPU:                0                   
  Use Multi GPU:      0                   Devices:            0,1,2,3             

[1mDe-stationary Projector Params[0m
  P Hidden Dims:      128, 128            P Hidden Layers:    2                   

Use GPU: cuda:0
🚀 Lazy Loading: DLinear ...
>>>>>>>start training : long_term_forecast_PLv2_DLinear_drift_er250_sl2000_s2022_DLinear_custom_ftM_sl2000_ll48_pl96_dm64_nh8_el2_dl1_df64_expand2_dc4_fc3_ebtimeF_dtTrue_Exp_0>>>>>>>>>>>>>>>>>>>>>>>>>>
train window subsample: keep 14525/15405 windows (max_train_windows=14525)
train 14525
val 2405
test 4905
	iters: 100, epoch: 1 | loss: 0.9134343
	speed: 0.0204s/iter; left time: 21.1447s
	iters: 200, epoch: 1 | loss: 0.9304742
	speed: 0.0060s/iter; left time: 5.5958s
Epoch: 1 cost time: 1.5585501194000244
Epoch: 1, Steps: 227 | Train Loss: 0.9098421 Vali Loss: 0.9709586 Test Loss: 0.9935595
Validation loss decreased (inf --> 0.970959).  Saving model ...
Updating learning rate to 0.001
	iters: 100, epoch: 2 | loss: 0.8970184
	speed: 0.0154s/iter; left time: 12.4527s
	iters: 200, epoch: 2 | loss: 0.9108428
	speed: 0.0058s/iter; left time: 4.1311s
Epoch: 2 cost time: 1.4039347171783447
Epoch: 2, Steps: 227 | Train Loss: 0.9023303 Vali Loss: 0.9643419 Test Loss: 0.9839679
Validation loss decreased (0.970959 --> 0.964342).  Saving model ...
Updating learning rate to 0.0005
	iters: 100, epoch: 3 | loss: 0.8763130
	speed: 0.0152s/iter; left time: 8.8287s
	iters: 200, epoch: 3 | loss: 0.8883736
	speed: 0.0057s/iter; left time: 2.7644s
Epoch: 3 cost time: 1.3529558181762695
Epoch: 3, Steps: 227 | Train Loss: 0.8675300 Vali Loss: 0.9118422 Test Loss: 0.9209064
Validation loss decreased (0.964342 --> 0.911842).  Saving model ...
Updating learning rate to 0.00025
	iters: 100, epoch: 4 | loss: 0.8383911
	speed: 0.0151s/iter; left time: 5.3704s
	iters: 200, epoch: 4 | loss: 0.8606677
	speed: 0.0058s/iter; left time: 1.4812s
Epoch: 4 cost time: 1.3663113117218018
Epoch: 4, Steps: 227 | Train Loss: 0.8426055 Vali Loss: 0.8837549 Test Loss: 0.8867710
Validation loss decreased (0.911842 --> 0.883755).  Saving model ...
Updating learning rate to 0.000125
	iters: 100, epoch: 5 | loss: 0.8259230
	speed: 0.0154s/iter; left time: 1.9727s
	iters: 200, epoch: 5 | loss: 0.8401422
	speed: 0.0064s/iter; left time: 0.1784s
Epoch: 5 cost time: 1.464829921722412
Epoch: 5, Steps: 227 | Train Loss: 0.8292426 Vali Loss: 0.8754536 Test Loss: 0.8761472
Validation loss decreased (0.883755 --> 0.875454).  Saving model ...
Updating learning rate to 6.25e-05
>>>>>>>testing : long_term_forecast_PLv2_DLinear_drift_er250_sl2000_s2022_DLinear_custom_ftM_sl2000_ll48_pl96_dm64_nh8_el2_dl1_df64_expand2_dc4_fc3_ebtimeF_dtTrue_Exp_0<<<<<<<<<<<<<<<<<<<<<<<<<<<<<<<<<
test 4905
test shape: (4905, 96, 4) (4905, 96, 4)
test shape: (4905, 96, 4) (4905, 96, 4)
mse:0.8761462569236755, mae:0.745049774646759, dtw:Not calculated
