Using GPU
Args in experiment:
[1mBasic Config[0m
  Task Name:          long_term_forecast  Is Training:        1                   
  Model ID:           PLv2_DLinear_drift_er400_sl1440_s2021Model:              DLinear             

[1mData Loader[0m
  Data:               custom              Root Path:          ./dataset/power_law/
  Data Path:          drift_er400.csv     Features:           M                   
  Target:             OT                  Freq:               h                   
  Checkpoints:        ./checkpoints/      

[1mForecasting Task[0m
  Seq Len:            1440                Label Len:          48                  
  Pred Len:           96                  Seasonal Patterns:  Monthly             
  Inverse:            0                   

[1mModel Parameters[0m
  Top k:              5                   Num Kernels:        6                   
  Enc In:             4                   Dec In:             4                   
  C Out:              4                   d model:            64                  
  n heads:            8                   e layers:           2                   
  d layers:           1                   d FF:               64                  
  Moving Avg:         25                  Factor:             3                   
  Distil:             1                   Dropout:            0.1                 
  Embed:              timeF               Activation:         gelu                

[1mRun Parameters[0m
  Num Workers:        2                   Itr:                1                   
  Train Epochs:       5                   Batch Size:         64                  
  Patience:           3                   Learning Rate:      0.001               
  Des:                Exp                 Loss:               MSE                 
  Lradj:              type1               Use Amp:            0                   

[1mGPU[0m
  Use GPU:            1                   GPU:                0                   
  Use Multi GPU:      0                   Devices:            0,1,2,3             

[1mDe-stationary Projector Params[0m
  P Hidden Dims:      128, 128            P Hidden Layers:    2                   

Use GPU: cuda:0
🚀 Lazy Loading: DLinear ...
>>>>>>>start training : long_term_forecast_PLv2_DLinear_drift_er400_sl1440_s2021_DLinear_custom_ftM_sl1440_ll48_pl96_dm64_nh8_el2_dl1_df64_expand2_dc4_fc3_ebtimeF_dtTrue_Exp_0>>>>>>>>>>>>>>>>>>>>>>>>>>
train window subsample: keep 14525/15965 windows (max_train_windows=14525)
train 14525
val 2405
test 4905
	iters: 100, epoch: 1 | loss: 0.9435457
	speed: 0.0206s/iter; left time: 21.3583s
	iters: 200, epoch: 1 | loss: 0.9263298
	speed: 0.0039s/iter; left time: 3.6431s
Epoch: 1 cost time: 1.1450257301330566
Epoch: 1, Steps: 227 | Train Loss: 0.9358663 Vali Loss: 0.9505279 Test Loss: 0.9658336
Validation loss decreased (inf --> 0.950528).  Saving model ...
Updating learning rate to 0.001
	iters: 100, epoch: 2 | loss: 0.9287403
	speed: 0.0109s/iter; left time: 8.8205s
	iters: 200, epoch: 2 | loss: 0.9342675
	speed: 0.0038s/iter; left time: 2.7295s
Epoch: 2 cost time: 0.9587719440460205
Epoch: 2, Steps: 227 | Train Loss: 0.9304372 Vali Loss: 0.9473666 Test Loss: 0.9625520
Validation loss decreased (0.950528 --> 0.947367).  Saving model ...
Updating learning rate to 0.0005
	iters: 100, epoch: 3 | loss: 0.9133731
	speed: 0.0111s/iter; left time: 6.4780s
	iters: 200, epoch: 3 | loss: 0.9103577
	speed: 0.0040s/iter; left time: 1.9432s
Epoch: 3 cost time: 0.9778649806976318
Epoch: 3, Steps: 227 | Train Loss: 0.9044386 Vali Loss: 0.9214320 Test Loss: 0.9319710
Validation loss decreased (0.947367 --> 0.921432).  Saving model ...
Updating learning rate to 0.00025
	iters: 100, epoch: 4 | loss: 0.8792295
	speed: 0.0112s/iter; left time: 3.9690s
	iters: 200, epoch: 4 | loss: 0.8839838
	speed: 0.0040s/iter; left time: 1.0254s
Epoch: 4 cost time: 0.9691128730773926
Epoch: 4, Steps: 227 | Train Loss: 0.8858248 Vali Loss: 0.9132079 Test Loss: 0.9225432
Validation loss decreased (0.921432 --> 0.913208).  Saving model ...
Updating learning rate to 0.000125
	iters: 100, epoch: 5 | loss: 0.8769586
	speed: 0.0112s/iter; left time: 1.4379s
	iters: 200, epoch: 5 | loss: 0.8941125
	speed: 0.0039s/iter; left time: 0.1081s
Epoch: 5 cost time: 0.9419150352478027
Epoch: 5, Steps: 227 | Train Loss: 0.8758167 Vali Loss: 0.9068318 Test Loss: 0.9123140
Validation loss decreased (0.913208 --> 0.906832).  Saving model ...
Updating learning rate to 6.25e-05
>>>>>>>testing : long_term_forecast_PLv2_DLinear_drift_er400_sl1440_s2021_DLinear_custom_ftM_sl1440_ll48_pl96_dm64_nh8_el2_dl1_df64_expand2_dc4_fc3_ebtimeF_dtTrue_Exp_0<<<<<<<<<<<<<<<<<<<<<<<<<<<<<<<<<
test 4905
test shape: (4905, 96, 4) (4905, 96, 4)
test shape: (4905, 96, 4) (4905, 96, 4)
mse:0.912390410900116, mae:0.7606835961341858, dtw:Not calculated
