Using GPU
Args in experiment:
[1mBasic Config[0m
  Task Name:          long_term_forecast  Is Training:        1                   
  Model ID:           PLv2_DLinear_drift_er150_sl2000_s2022Model:              DLinear             

[1mData Loader[0m
  Data:               custom              Root Path:          ./dataset/power_law/
  Data Path:          drift_er150.csv     Features:           M                   
  Target:             OT                  Freq:               h                   
  Checkpoints:        ./checkpoints/      

[1mForecasting Task[0m
  Seq Len:            2000                Label Len:          48                  
  Pred Len:           96                  Seasonal Patterns:  Monthly             
  Inverse:            0                   

[1mModel Parameters[0m
  Top k:              5                   Num Kernels:        6                   
  Enc In:             4                   Dec In:             4                   
  C Out:              4                   d model:            64                  
  n heads:            8                   e layers:           2                   
  d layers:           1                   d FF:               64                  
  Moving Avg:         25                  Factor:             3                   
  Distil:             1                   Dropout:            0.1                 
  Embed:              timeF               Activation:         gelu                

[1mRun Parameters[0m
  Num Workers:        2                   Itr:                1                   
  Train Epochs:       5                   Batch Size:         64                  
  Patience:           3                   Learning Rate:      0.001               
  Des:                Exp                 Loss:               MSE                 
  Lradj:              type1               Use Amp:            0                   

[1mGPU[0m
  Use GPU:            1                   GPU:                0                   
  Use Multi GPU:      0                   Devices:            0,1,2,3             

[1mDe-stationary Projector Params[0m
  P Hidden Dims:      128, 128            P Hidden Layers:    2                   

Use GPU: cuda:0
🚀 Lazy Loading: DLinear ...
>>>>>>>start training : long_term_forecast_PLv2_DLinear_drift_er150_sl2000_s2022_DLinear_custom_ftM_sl2000_ll48_pl96_dm64_nh8_el2_dl1_df64_expand2_dc4_fc3_ebtimeF_dtTrue_Exp_0>>>>>>>>>>>>>>>>>>>>>>>>>>
train window subsample: keep 14525/15405 windows (max_train_windows=14525)
train 14525
val 2405
test 4905
	iters: 100, epoch: 1 | loss: 0.8391859
	speed: 0.0204s/iter; left time: 21.0958s
	iters: 200, epoch: 1 | loss: 0.8206636
	speed: 0.0057s/iter; left time: 5.3042s
Epoch: 1 cost time: 1.495089054107666
Epoch: 1, Steps: 227 | Train Loss: 0.8304679 Vali Loss: 0.8395831 Test Loss: 0.8375434
Validation loss decreased (inf --> 0.839583).  Saving model ...
Updating learning rate to 0.001
	iters: 100, epoch: 2 | loss: 0.8291447
	speed: 0.0158s/iter; left time: 12.7698s
	iters: 200, epoch: 2 | loss: 0.8332066
	speed: 0.0062s/iter; left time: 4.3647s
Epoch: 2 cost time: 1.461843490600586
Epoch: 2, Steps: 227 | Train Loss: 0.8224899 Vali Loss: 0.8438521 Test Loss: 0.8409957
EarlyStopping counter: 1 out of 3
Updating learning rate to 0.0005
	iters: 100, epoch: 3 | loss: 0.7851661
	speed: 0.0156s/iter; left time: 9.1048s
	iters: 200, epoch: 3 | loss: 0.7996262
	speed: 0.0057s/iter; left time: 2.7451s
Epoch: 3 cost time: 1.38507080078125
Epoch: 3, Steps: 227 | Train Loss: 0.7900143 Vali Loss: 0.8109253 Test Loss: 0.8104844
Validation loss decreased (0.839583 --> 0.810925).  Saving model ...
Updating learning rate to 0.00025
	iters: 100, epoch: 4 | loss: 0.7665784
	speed: 0.0153s/iter; left time: 5.4432s
	iters: 200, epoch: 4 | loss: 0.7845153
	speed: 0.0056s/iter; left time: 1.4306s
Epoch: 4 cost time: 1.3704445362091064
Epoch: 4, Steps: 227 | Train Loss: 0.7666626 Vali Loss: 0.7973450 Test Loss: 0.7987562
Validation loss decreased (0.810925 --> 0.797345).  Saving model ...
Updating learning rate to 0.000125
	iters: 100, epoch: 5 | loss: 0.7474706
	speed: 0.0152s/iter; left time: 1.9436s
	iters: 200, epoch: 5 | loss: 0.7676302
	speed: 0.0057s/iter; left time: 0.1597s
Epoch: 5 cost time: 1.3853464126586914
Epoch: 5, Steps: 227 | Train Loss: 0.7544206 Vali Loss: 0.7923618 Test Loss: 0.7923517
Validation loss decreased (0.797345 --> 0.792362).  Saving model ...
Updating learning rate to 6.25e-05
>>>>>>>testing : long_term_forecast_PLv2_DLinear_drift_er150_sl2000_s2022_DLinear_custom_ftM_sl2000_ll48_pl96_dm64_nh8_el2_dl1_df64_expand2_dc4_fc3_ebtimeF_dtTrue_Exp_0<<<<<<<<<<<<<<<<<<<<<<<<<<<<<<<<<
test 4905
test shape: (4905, 96, 4) (4905, 96, 4)
test shape: (4905, 96, 4) (4905, 96, 4)
mse:0.791991114616394, mae:0.7043617367744446, dtw:Not calculated
