Using GPU
Args in experiment:
[1mBasic Config[0m
  Task Name:          long_term_forecast  Is Training:        1                   
  Model ID:           PLv2_DLinear_drift_er250_sl2880_s2022Model:              DLinear             

[1mData Loader[0m
  Data:               custom              Root Path:          ./dataset/power_law/
  Data Path:          drift_er250.csv     Features:           M                   
  Target:             OT                  Freq:               h                   
  Checkpoints:        ./checkpoints/      

[1mForecasting Task[0m
  Seq Len:            2880                Label Len:          48                  
  Pred Len:           96                  Seasonal Patterns:  Monthly             
  Inverse:            0                   

[1mModel Parameters[0m
  Top k:              5                   Num Kernels:        6                   
  Enc In:             4                   Dec In:             4                   
  C Out:              4                   d model:            64                  
  n heads:            8                   e layers:           2                   
  d layers:           1                   d FF:               64                  
  Moving Avg:         25                  Factor:             3                   
  Distil:             1                   Dropout:            0.1                 
  Embed:              timeF               Activation:         gelu                

[1mRun Parameters[0m
  Num Workers:        2                   Itr:                1                   
  Train Epochs:       5                   Batch Size:         64                  
  Patience:           3                   Learning Rate:      0.001               
  Des:                Exp                 Loss:               MSE                 
  Lradj:              type1               Use Amp:            0                   

[1mGPU[0m
  Use GPU:            1                   GPU:                0                   
  Use Multi GPU:      0                   Devices:            0,1,2,3             

[1mDe-stationary Projector Params[0m
  P Hidden Dims:      128, 128            P Hidden Layers:    2                   

Use GPU: cuda:0
🚀 Lazy Loading: DLinear ...
>>>>>>>start training : long_term_forecast_PLv2_DLinear_drift_er250_sl2880_s2022_DLinear_custom_ftM_sl2880_ll48_pl96_dm64_nh8_el2_dl1_df64_expand2_dc4_fc3_ebtimeF_dtTrue_Exp_0>>>>>>>>>>>>>>>>>>>>>>>>>>
train 14525
val 2405
test 4905
	iters: 100, epoch: 1 | loss: 0.9386341
	speed: 0.0236s/iter; left time: 24.3999s
	iters: 200, epoch: 1 | loss: 0.9509645
	speed: 0.0078s/iter; left time: 7.2593s
Epoch: 1 cost time: 2.0522561073303223
Epoch: 1, Steps: 227 | Train Loss: 0.9378986 Vali Loss: 0.9831073 Test Loss: 1.0043663
Validation loss decreased (inf --> 0.983107).  Saving model ...
Updating learning rate to 0.001
	iters: 100, epoch: 2 | loss: 0.9401269
	speed: 0.0210s/iter; left time: 17.0105s
	iters: 200, epoch: 2 | loss: 0.9352436
	speed: 0.0080s/iter; left time: 5.6664s
Epoch: 2 cost time: 1.8868465423583984
Epoch: 2, Steps: 227 | Train Loss: 0.9271167 Vali Loss: 1.0032487 Test Loss: 1.0418239
EarlyStopping counter: 1 out of 3
Updating learning rate to 0.0005
	iters: 100, epoch: 3 | loss: 0.8733336
	speed: 0.0212s/iter; left time: 12.3098s
	iters: 200, epoch: 3 | loss: 0.8813395
	speed: 0.0080s/iter; left time: 3.8533s
Epoch: 3 cost time: 1.88037109375
Epoch: 3, Steps: 227 | Train Loss: 0.8769493 Vali Loss: 0.9354638 Test Loss: 0.9506358
Validation loss decreased (0.983107 --> 0.935464).  Saving model ...
Updating learning rate to 0.00025
	iters: 100, epoch: 4 | loss: 0.8488064
	speed: 0.0208s/iter; left time: 7.3681s
	iters: 200, epoch: 4 | loss: 0.8555714
	speed: 0.0085s/iter; left time: 2.1642s
Epoch: 4 cost time: 1.9479529857635498
Epoch: 4, Steps: 227 | Train Loss: 0.8410145 Vali Loss: 0.9014272 Test Loss: 0.9055720
Validation loss decreased (0.935464 --> 0.901427).  Saving model ...
Updating learning rate to 0.000125
	iters: 100, epoch: 5 | loss: 0.8316417
	speed: 0.0220s/iter; left time: 2.8185s
	iters: 200, epoch: 5 | loss: 0.8339266
	speed: 0.0077s/iter; left time: 0.2151s
Epoch: 5 cost time: 1.8474266529083252
Epoch: 5, Steps: 227 | Train Loss: 0.8222770 Vali Loss: 0.8928619 Test Loss: 0.8938793
Validation loss decreased (0.901427 --> 0.892862).  Saving model ...
Updating learning rate to 6.25e-05
>>>>>>>testing : long_term_forecast_PLv2_DLinear_drift_er250_sl2880_s2022_DLinear_custom_ftM_sl2880_ll48_pl96_dm64_nh8_el2_dl1_df64_expand2_dc4_fc3_ebtimeF_dtTrue_Exp_0<<<<<<<<<<<<<<<<<<<<<<<<<<<<<<<<<
test 4905
test shape: (4905, 96, 4) (4905, 96, 4)
test shape: (4905, 96, 4) (4905, 96, 4)
mse:0.8939022421836853, mae:0.7527080178260803, dtw:Not calculated
