Using GPU
Args in experiment:
[1mBasic Config[0m
  Task Name:          long_term_forecast  Is Training:        1                   
  Model ID:           PLv2_DLinear_drift_er1700_sl2880_s2021Model:              DLinear             

[1mData Loader[0m
  Data:               custom              Root Path:          ./dataset/power_law/
  Data Path:          drift_er1700.csv    Features:           M                   
  Target:             OT                  Freq:               h                   
  Checkpoints:        ./checkpoints/      

[1mForecasting Task[0m
  Seq Len:            2880                Label Len:          48                  
  Pred Len:           96                  Seasonal Patterns:  Monthly             
  Inverse:            0                   

[1mModel Parameters[0m
  Top k:              5                   Num Kernels:        6                   
  Enc In:             4                   Dec In:             4                   
  C Out:              4                   d model:            64                  
  n heads:            8                   e layers:           2                   
  d layers:           1                   d FF:               64                  
  Moving Avg:         25                  Factor:             3                   
  Distil:             1                   Dropout:            0.1                 
  Embed:              timeF               Activation:         gelu                

[1mRun Parameters[0m
  Num Workers:        2                   Itr:                1                   
  Train Epochs:       5                   Batch Size:         64                  
  Patience:           3                   Learning Rate:      0.001               
  Des:                Exp                 Loss:               MSE                 
  Lradj:              type1               Use Amp:            0                   

[1mGPU[0m
  Use GPU:            1                   GPU:                0                   
  Use Multi GPU:      0                   Devices:            0,1,2,3             

[1mDe-stationary Projector Params[0m
  P Hidden Dims:      128, 128            P Hidden Layers:    2                   

Use GPU: cuda:0
🚀 Lazy Loading: DLinear ...
>>>>>>>start training : long_term_forecast_PLv2_DLinear_drift_er1700_sl2880_s2021_DLinear_custom_ftM_sl2880_ll48_pl96_dm64_nh8_el2_dl1_df64_expand2_dc4_fc3_ebtimeF_dtTrue_Exp_0>>>>>>>>>>>>>>>>>>>>>>>>>>
train 14525
val 2405
test 4905
	iters: 100, epoch: 1 | loss: 1.0939729
	speed: 0.0239s/iter; left time: 24.7552s
	iters: 200, epoch: 1 | loss: 1.0785496
	speed: 0.0080s/iter; left time: 7.5210s
Epoch: 1 cost time: 2.110841989517212
Epoch: 1, Steps: 227 | Train Loss: 1.0759970 Vali Loss: 1.0847385 Test Loss: 1.0803335
Validation loss decreased (inf --> 1.084739).  Saving model ...
Updating learning rate to 0.001
	iters: 100, epoch: 2 | loss: 1.0833069
	speed: 0.0222s/iter; left time: 17.9215s
	iters: 200, epoch: 2 | loss: 1.0715590
	speed: 0.0083s/iter; left time: 5.8574s
Epoch: 2 cost time: 1.9088337421417236
Epoch: 2, Steps: 227 | Train Loss: 1.0657653 Vali Loss: 1.0923074 Test Loss: 1.0888751
EarlyStopping counter: 1 out of 3
Updating learning rate to 0.0005
	iters: 100, epoch: 3 | loss: 1.0146990
	speed: 0.0216s/iter; left time: 12.5598s
	iters: 200, epoch: 3 | loss: 1.0353408
	speed: 0.0081s/iter; left time: 3.9237s
Epoch: 3 cost time: 1.9477500915527344
Epoch: 3, Steps: 227 | Train Loss: 1.0086182 Vali Loss: 1.0374001 Test Loss: 1.0337015
Validation loss decreased (1.084739 --> 1.037400).  Saving model ...
Updating learning rate to 0.00025
	iters: 100, epoch: 4 | loss: 0.9736037
	speed: 0.0213s/iter; left time: 7.5458s
	iters: 200, epoch: 4 | loss: 0.9805392
	speed: 0.0087s/iter; left time: 2.2135s
Epoch: 4 cost time: 1.980823040008545
Epoch: 4, Steps: 227 | Train Loss: 0.9678666 Vali Loss: 1.0225836 Test Loss: 1.0181516
Validation loss decreased (1.037400 --> 1.022584).  Saving model ...
Updating learning rate to 0.000125
	iters: 100, epoch: 5 | loss: 0.9593846
	speed: 0.0214s/iter; left time: 2.7366s
	iters: 200, epoch: 5 | loss: 0.9528507
	speed: 0.0079s/iter; left time: 0.2222s
Epoch: 5 cost time: 1.9095172882080078
Epoch: 5, Steps: 227 | Train Loss: 0.9461827 Vali Loss: 1.0176036 Test Loss: 1.0130600
Validation loss decreased (1.022584 --> 1.017604).  Saving model ...
Updating learning rate to 6.25e-05
>>>>>>>testing : long_term_forecast_PLv2_DLinear_drift_er1700_sl2880_s2021_DLinear_custom_ftM_sl2880_ll48_pl96_dm64_nh8_el2_dl1_df64_expand2_dc4_fc3_ebtimeF_dtTrue_Exp_0<<<<<<<<<<<<<<<<<<<<<<<<<<<<<<<<<
test 4905
test shape: (4905, 96, 4) (4905, 96, 4)
test shape: (4905, 96, 4) (4905, 96, 4)
mse:1.012680172920227, mae:0.8020065426826477, dtw:Not calculated
