Using GPU
Args in experiment:
[1mBasic Config[0m
  Task Name:          long_term_forecast  Is Training:        1                   
  Model ID:           PLv2_DLinear_drift_er250_sl336_s2022Model:              DLinear             

[1mData Loader[0m
  Data:               custom              Root Path:          ./dataset/power_law/
  Data Path:          drift_er250.csv     Features:           M                   
  Target:             OT                  Freq:               h                   
  Checkpoints:        ./checkpoints/      

[1mForecasting Task[0m
  Seq Len:            336                 Label Len:          48                  
  Pred Len:           96                  Seasonal Patterns:  Monthly             
  Inverse:            0                   

[1mModel Parameters[0m
  Top k:              5                   Num Kernels:        6                   
  Enc In:             4                   Dec In:             4                   
  C Out:              4                   d model:            64                  
  n heads:            8                   e layers:           2                   
  d layers:           1                   d FF:               64                  
  Moving Avg:         25                  Factor:             3                   
  Distil:             1                   Dropout:            0.1                 
  Embed:              timeF               Activation:         gelu                

[1mRun Parameters[0m
  Num Workers:        2                   Itr:                1                   
  Train Epochs:       5                   Batch Size:         64                  
  Patience:           3                   Learning Rate:      0.001               
  Des:                Exp                 Loss:               MSE                 
  Lradj:              type1               Use Amp:            0                   

[1mGPU[0m
  Use GPU:            1                   GPU:                0                   
  Use Multi GPU:      0                   Devices:            0,1,2,3             

[1mDe-stationary Projector Params[0m
  P Hidden Dims:      128, 128            P Hidden Layers:    2                   

Use GPU: cuda:0
🚀 Lazy Loading: DLinear ...
>>>>>>>start training : long_term_forecast_PLv2_DLinear_drift_er250_sl336_s2022_DLinear_custom_ftM_sl336_ll48_pl96_dm64_nh8_el2_dl1_df64_expand2_dc4_fc3_ebtimeF_dtTrue_Exp_0>>>>>>>>>>>>>>>>>>>>>>>>>>
train window subsample: keep 14525/17069 windows (max_train_windows=14525)
train 14525
val 2405
test 4905
	iters: 100, epoch: 1 | loss: 0.8690215
	speed: 0.0298s/iter; left time: 30.9137s
	iters: 200, epoch: 1 | loss: 0.8499094
	speed: 0.0042s/iter; left time: 3.8865s
Epoch: 1 cost time: 1.2639884948730469
Epoch: 1, Steps: 227 | Train Loss: 0.8563550 Vali Loss: 0.8631884 Test Loss: 0.8691474
Validation loss decreased (inf --> 0.863188).  Saving model ...
Updating learning rate to 0.001
	iters: 100, epoch: 2 | loss: 0.8579397
	speed: 0.0137s/iter; left time: 11.0896s
	iters: 200, epoch: 2 | loss: 0.8623416
	speed: 0.0049s/iter; left time: 3.4896s
Epoch: 2 cost time: 1.171161413192749
Epoch: 2, Steps: 227 | Train Loss: 0.8550130 Vali Loss: 0.8600030 Test Loss: 0.8650595
Validation loss decreased (0.863188 --> 0.860003).  Saving model ...
Updating learning rate to 0.0005
	iters: 100, epoch: 3 | loss: 0.8473153
	speed: 0.0138s/iter; left time: 8.0400s
	iters: 200, epoch: 3 | loss: 0.8482296
	speed: 0.0049s/iter; left time: 2.3561s
Epoch: 3 cost time: 1.1918854713439941
Epoch: 3, Steps: 227 | Train Loss: 0.8488969 Vali Loss: 0.8494809 Test Loss: 0.8536661
Validation loss decreased (0.860003 --> 0.849481).  Saving model ...
Updating learning rate to 0.00025
	iters: 100, epoch: 4 | loss: 0.8525453
	speed: 0.0138s/iter; left time: 4.9011s
	iters: 200, epoch: 4 | loss: 0.8468217
	speed: 0.0049s/iter; left time: 1.2452s
Epoch: 4 cost time: 1.1795985698699951
Epoch: 4, Steps: 227 | Train Loss: 0.8445513 Vali Loss: 0.8437885 Test Loss: 0.8482676
Validation loss decreased (0.849481 --> 0.843789).  Saving model ...
Updating learning rate to 0.000125
	iters: 100, epoch: 5 | loss: 0.8353163
	speed: 0.0137s/iter; left time: 1.7595s
	iters: 200, epoch: 5 | loss: 0.8364279
	speed: 0.0047s/iter; left time: 0.1317s
Epoch: 5 cost time: 1.158743143081665
Epoch: 5, Steps: 227 | Train Loss: 0.8421769 Vali Loss: 0.8426843 Test Loss: 0.8473013
Validation loss decreased (0.843789 --> 0.842684).  Saving model ...
Updating learning rate to 6.25e-05
>>>>>>>testing : long_term_forecast_PLv2_DLinear_drift_er250_sl336_s2022_DLinear_custom_ftM_sl336_ll48_pl96_dm64_nh8_el2_dl1_df64_expand2_dc4_fc3_ebtimeF_dtTrue_Exp_0<<<<<<<<<<<<<<<<<<<<<<<<<<<<<<<<<
test 4905
test shape: (4905, 96, 4) (4905, 96, 4)
test shape: (4905, 96, 4) (4905, 96, 4)
mse:0.8472707867622375, mae:0.7319333553314209, dtw:Not calculated
