Using GPU
Args in experiment:
[1mBasic Config[0m
  Task Name:          long_term_forecast  Is Training:        1                   
  Model ID:           PLv2_iTransformer_drift_er4000_sl720_s2022Model:              iTransformer        

[1mData Loader[0m
  Data:               custom              Root Path:          ./dataset/power_law/
  Data Path:          drift_er4000.csv    Features:           M                   
  Target:             OT                  Freq:               h                   
  Checkpoints:        ./checkpoints/      

[1mForecasting Task[0m
  Seq Len:            720                 Label Len:          48                  
  Pred Len:           96                  Seasonal Patterns:  Monthly             
  Inverse:            0                   

[1mModel Parameters[0m
  Top k:              5                   Num Kernels:        6                   
  Enc In:             4                   Dec In:             4                   
  C Out:              4                   d model:            64                  
  n heads:            8                   e layers:           2                   
  d layers:           1                   d FF:               64                  
  Moving Avg:         25                  Factor:             3                   
  Distil:             1                   Dropout:            0.1                 
  Embed:              timeF               Activation:         gelu                

[1mRun Parameters[0m
  Num Workers:        2                   Itr:                1                   
  Train Epochs:       5                   Batch Size:         64                  
  Patience:           3                   Learning Rate:      0.001               
  Des:                Exp                 Loss:               MSE                 
  Lradj:              type1               Use Amp:            0                   

[1mGPU[0m
  Use GPU:            1                   GPU:                0                   
  Use Multi GPU:      0                   Devices:            0,1,2,3             

[1mDe-stationary Projector Params[0m
  P Hidden Dims:      128, 128            P Hidden Layers:    2                   

Use GPU: cuda:0
🚀 Lazy Loading: iTransformer ...
>>>>>>>start training : long_term_forecast_PLv2_iTransformer_drift_er4000_sl720_s2022_iTransformer_custom_ftM_sl720_ll48_pl96_dm64_nh8_el2_dl1_df64_expand2_dc4_fc3_ebtimeF_dtTrue_Exp_0>>>>>>>>>>>>>>>>>>>>>>>>>>
train window subsample: keep 14525/16685 windows (max_train_windows=14525)
train 14525
val 2405
test 4905
	iters: 100, epoch: 1 | loss: 1.0093803
	speed: 0.0265s/iter; left time: 27.4526s
	iters: 200, epoch: 1 | loss: 1.0215394
	speed: 0.0083s/iter; left time: 7.7862s
Epoch: 1 cost time: 2.417276620864868
Epoch: 1, Steps: 227 | Train Loss: 1.0265455 Vali Loss: 0.9935412 Test Loss: 0.9949845
Validation loss decreased (inf --> 0.993541).  Saving model ...
Updating learning rate to 0.001
	iters: 100, epoch: 2 | loss: 1.0032481
	speed: 0.0192s/iter; left time: 15.5117s
	iters: 200, epoch: 2 | loss: 1.0044593
	speed: 0.0084s/iter; left time: 5.9550s
Epoch: 2 cost time: 1.974212884902954
Epoch: 2, Steps: 227 | Train Loss: 1.0027361 Vali Loss: 0.9936054 Test Loss: 0.9944930
EarlyStopping counter: 1 out of 3
Updating learning rate to 0.0005
	iters: 100, epoch: 3 | loss: 0.9862453
	speed: 0.0181s/iter; left time: 10.5465s
	iters: 200, epoch: 3 | loss: 1.0105762
	speed: 0.0084s/iter; left time: 4.0539s
Epoch: 3 cost time: 2.0198700428009033
Epoch: 3, Steps: 227 | Train Loss: 0.9996724 Vali Loss: 0.9927413 Test Loss: 0.9938703
Validation loss decreased (0.993541 --> 0.992741).  Saving model ...
Updating learning rate to 0.00025
	iters: 100, epoch: 4 | loss: 0.9920034
	speed: 0.0188s/iter; left time: 6.6595s
	iters: 200, epoch: 4 | loss: 0.9824437
	speed: 0.0085s/iter; left time: 2.1686s
Epoch: 4 cost time: 1.9557602405548096
Epoch: 4, Steps: 227 | Train Loss: 0.9980311 Vali Loss: 0.9929722 Test Loss: 0.9941514
EarlyStopping counter: 1 out of 3
Updating learning rate to 0.000125
	iters: 100, epoch: 5 | loss: 0.9957132
	speed: 0.0185s/iter; left time: 2.3650s
	iters: 200, epoch: 5 | loss: 1.0084934
	speed: 0.0082s/iter; left time: 0.2305s
Epoch: 5 cost time: 1.968592643737793
Epoch: 5, Steps: 227 | Train Loss: 0.9970967 Vali Loss: 0.9932007 Test Loss: 0.9942808
EarlyStopping counter: 2 out of 3
Updating learning rate to 6.25e-05
>>>>>>>testing : long_term_forecast_PLv2_iTransformer_drift_er4000_sl720_s2022_iTransformer_custom_ftM_sl720_ll48_pl96_dm64_nh8_el2_dl1_df64_expand2_dc4_fc3_ebtimeF_dtTrue_Exp_0<<<<<<<<<<<<<<<<<<<<<<<<<<<<<<<<<
test 4905
test shape: (4905, 96, 4) (4905, 96, 4)
test shape: (4905, 96, 4) (4905, 96, 4)
mse:0.9940431118011475, mae:0.7939726710319519, dtw:Not calculated
