Using GPU
Args in experiment:
[1mBasic Config[0m
  Task Name:          long_term_forecast  Is Training:        1                   
  Model ID:           PLv2_iTransformer_drift_er400_sl720_s2021Model:              iTransformer        

[1mData Loader[0m
  Data:               custom              Root Path:          ./dataset/power_law/
  Data Path:          drift_er400.csv     Features:           M                   
  Target:             OT                  Freq:               h                   
  Checkpoints:        ./checkpoints/      

[1mForecasting Task[0m
  Seq Len:            720                 Label Len:          48                  
  Pred Len:           96                  Seasonal Patterns:  Monthly             
  Inverse:            0                   

[1mModel Parameters[0m
  Top k:              5                   Num Kernels:        6                   
  Enc In:             4                   Dec In:             4                   
  C Out:              4                   d model:            64                  
  n heads:            8                   e layers:           2                   
  d layers:           1                   d FF:               64                  
  Moving Avg:         25                  Factor:             3                   
  Distil:             1                   Dropout:            0.1                 
  Embed:              timeF               Activation:         gelu                

[1mRun Parameters[0m
  Num Workers:        2                   Itr:                1                   
  Train Epochs:       5                   Batch Size:         64                  
  Patience:           3                   Learning Rate:      0.001               
  Des:                Exp                 Loss:               MSE                 
  Lradj:              type1               Use Amp:            0                   

[1mGPU[0m
  Use GPU:            1                   GPU:                0                   
  Use Multi GPU:      0                   Devices:            0,1,2,3             

[1mDe-stationary Projector Params[0m
  P Hidden Dims:      128, 128            P Hidden Layers:    2                   

Use GPU: cuda:0
🚀 Lazy Loading: iTransformer ...
>>>>>>>start training : long_term_forecast_PLv2_iTransformer_drift_er400_sl720_s2021_iTransformer_custom_ftM_sl720_ll48_pl96_dm64_nh8_el2_dl1_df64_expand2_dc4_fc3_ebtimeF_dtTrue_Exp_0>>>>>>>>>>>>>>>>>>>>>>>>>>
train window subsample: keep 14525/16685 windows (max_train_windows=14525)
train 14525
val 2405
test 4905
	iters: 100, epoch: 1 | loss: 0.8960003
	speed: 0.0264s/iter; left time: 27.3891s
	iters: 200, epoch: 1 | loss: 0.8908684
	speed: 0.0082s/iter; left time: 7.7125s
Epoch: 1 cost time: 2.3754451274871826
Epoch: 1, Steps: 227 | Train Loss: 0.9147779 Vali Loss: 0.8838652 Test Loss: 0.8909555
Validation loss decreased (inf --> 0.883865).  Saving model ...
Updating learning rate to 0.001
	iters: 100, epoch: 2 | loss: 0.8734199
	speed: 0.0187s/iter; left time: 15.1195s
	iters: 200, epoch: 2 | loss: 0.8939642
	speed: 0.0084s/iter; left time: 5.9300s
Epoch: 2 cost time: 1.9740970134735107
Epoch: 2, Steps: 227 | Train Loss: 0.8931828 Vali Loss: 0.8831550 Test Loss: 0.8896903
Validation loss decreased (0.883865 --> 0.883155).  Saving model ...
Updating learning rate to 0.0005
	iters: 100, epoch: 3 | loss: 0.8864975
	speed: 0.0182s/iter; left time: 10.5959s
	iters: 200, epoch: 3 | loss: 0.8923582
	speed: 0.0081s/iter; left time: 3.8981s
Epoch: 3 cost time: 1.9264216423034668
Epoch: 3, Steps: 227 | Train Loss: 0.8893775 Vali Loss: 0.8828259 Test Loss: 0.8889750
Validation loss decreased (0.883155 --> 0.882826).  Saving model ...
Updating learning rate to 0.00025
	iters: 100, epoch: 4 | loss: 0.8850970
	speed: 0.0172s/iter; left time: 6.1096s
	iters: 200, epoch: 4 | loss: 0.8700230
	speed: 0.0080s/iter; left time: 2.0305s
Epoch: 4 cost time: 1.8752918243408203
Epoch: 4, Steps: 227 | Train Loss: 0.8875888 Vali Loss: 0.8832923 Test Loss: 0.8895419
EarlyStopping counter: 1 out of 3
Updating learning rate to 0.000125
	iters: 100, epoch: 5 | loss: 0.8864288
	speed: 0.0175s/iter; left time: 2.2413s
	iters: 200, epoch: 5 | loss: 0.8814181
	speed: 0.0079s/iter; left time: 0.2226s
Epoch: 5 cost time: 1.8879189491271973
Epoch: 5, Steps: 227 | Train Loss: 0.8866338 Vali Loss: 0.8835986 Test Loss: 0.8894580
EarlyStopping counter: 2 out of 3
Updating learning rate to 6.25e-05
>>>>>>>testing : long_term_forecast_PLv2_iTransformer_drift_er400_sl720_s2021_iTransformer_custom_ftM_sl720_ll48_pl96_dm64_nh8_el2_dl1_df64_expand2_dc4_fc3_ebtimeF_dtTrue_Exp_0<<<<<<<<<<<<<<<<<<<<<<<<<<<<<<<<<
test 4905
test shape: (4905, 96, 4) (4905, 96, 4)
test shape: (4905, 96, 4) (4905, 96, 4)
mse:0.8890680074691772, mae:0.7513338923454285, dtw:Not calculated
