Using GPU
Args in experiment:
[1mBasic Config[0m
  Task Name:          long_term_forecast  Is Training:        1                   
  Model ID:           PLv2_iTransformer_drift_er150_sl2000_s2021Model:              iTransformer        

[1mData Loader[0m
  Data:               custom              Root Path:          ./dataset/power_law/
  Data Path:          drift_er150.csv     Features:           M                   
  Target:             OT                  Freq:               h                   
  Checkpoints:        ./checkpoints/      

[1mForecasting Task[0m
  Seq Len:            2000                Label Len:          48                  
  Pred Len:           96                  Seasonal Patterns:  Monthly             
  Inverse:            0                   

[1mModel Parameters[0m
  Top k:              5                   Num Kernels:        6                   
  Enc In:             4                   Dec In:             4                   
  C Out:              4                   d model:            64                  
  n heads:            8                   e layers:           2                   
  d layers:           1                   d FF:               64                  
  Moving Avg:         25                  Factor:             3                   
  Distil:             1                   Dropout:            0.1                 
  Embed:              timeF               Activation:         gelu                

[1mRun Parameters[0m
  Num Workers:        2                   Itr:                1                   
  Train Epochs:       5                   Batch Size:         64                  
  Patience:           3                   Learning Rate:      0.001               
  Des:                Exp                 Loss:               MSE                 
  Lradj:              type1               Use Amp:            0                   

[1mGPU[0m
  Use GPU:            1                   GPU:                0                   
  Use Multi GPU:      0                   Devices:            0,1,2,3             

[1mDe-stationary Projector Params[0m
  P Hidden Dims:      128, 128            P Hidden Layers:    2                   

Use GPU: cuda:0
🚀 Lazy Loading: iTransformer ...
>>>>>>>start training : long_term_forecast_PLv2_iTransformer_drift_er150_sl2000_s2021_iTransformer_custom_ftM_sl2000_ll48_pl96_dm64_nh8_el2_dl1_df64_expand2_dc4_fc3_ebtimeF_dtTrue_Exp_0>>>>>>>>>>>>>>>>>>>>>>>>>>
train window subsample: keep 14525/15405 windows (max_train_windows=14525)
train 14525
val 2405
test 4905
	iters: 100, epoch: 1 | loss: 0.7819154
	speed: 0.0276s/iter; left time: 28.6097s
	iters: 200, epoch: 1 | loss: 0.7683153
	speed: 0.0103s/iter; left time: 9.6444s
Epoch: 1 cost time: 2.7778682708740234
Epoch: 1, Steps: 227 | Train Loss: 0.7935137 Vali Loss: 0.7662898 Test Loss: 0.7690024
Validation loss decreased (inf --> 0.766290).  Saving model ...
Updating learning rate to 0.001
	iters: 100, epoch: 2 | loss: 0.7662909
	speed: 0.0234s/iter; left time: 18.9051s
	iters: 200, epoch: 2 | loss: 0.7661370
	speed: 0.0102s/iter; left time: 7.2224s
Epoch: 2 cost time: 2.402280807495117
Epoch: 2, Steps: 227 | Train Loss: 0.7684370 Vali Loss: 0.7668832 Test Loss: 0.7700052
EarlyStopping counter: 1 out of 3
Updating learning rate to 0.0005
	iters: 100, epoch: 3 | loss: 0.7644848
	speed: 0.0241s/iter; left time: 14.0082s
	iters: 200, epoch: 3 | loss: 0.7562650
	speed: 0.0105s/iter; left time: 5.0393s
Epoch: 3 cost time: 2.528599977493286
Epoch: 3, Steps: 227 | Train Loss: 0.7612889 Vali Loss: 0.7714915 Test Loss: 0.7702478
EarlyStopping counter: 2 out of 3
Updating learning rate to 0.00025
	iters: 100, epoch: 4 | loss: 0.7453222
	speed: 0.0238s/iter; left time: 8.4528s
	iters: 200, epoch: 4 | loss: 0.7514290
	speed: 0.0096s/iter; left time: 2.4401s
Epoch: 4 cost time: 2.32427978515625
Epoch: 4, Steps: 227 | Train Loss: 0.7569974 Vali Loss: 0.7725982 Test Loss: 0.7714128
EarlyStopping counter: 3 out of 3
Early stopping
>>>>>>>testing : long_term_forecast_PLv2_iTransformer_drift_er150_sl2000_s2021_iTransformer_custom_ftM_sl2000_ll48_pl96_dm64_nh8_el2_dl1_df64_expand2_dc4_fc3_ebtimeF_dtTrue_Exp_0<<<<<<<<<<<<<<<<<<<<<<<<<<<<<<<<<
test 4905
test shape: (4905, 96, 4) (4905, 96, 4)
test shape: (4905, 96, 4) (4905, 96, 4)
mse:0.7687041163444519, mae:0.6931818723678589, dtw:Not calculated
