Using GPU
Args in experiment:
[1mBasic Config[0m
  Task Name:          long_term_forecast  Is Training:        1                   
  Model ID:           PLv2_iTransformer_drift_er6000_sl2000_s2022Model:              iTransformer        

[1mData Loader[0m
  Data:               custom              Root Path:          ./dataset/power_law/
  Data Path:          drift_er6000.csv    Features:           M                   
  Target:             OT                  Freq:               h                   
  Checkpoints:        ./checkpoints/      

[1mForecasting Task[0m
  Seq Len:            2000                Label Len:          48                  
  Pred Len:           96                  Seasonal Patterns:  Monthly             
  Inverse:            0                   

[1mModel Parameters[0m
  Top k:              5                   Num Kernels:        6                   
  Enc In:             4                   Dec In:             4                   
  C Out:              4                   d model:            64                  
  n heads:            8                   e layers:           2                   
  d layers:           1                   d FF:               64                  
  Moving Avg:         25                  Factor:             3                   
  Distil:             1                   Dropout:            0.1                 
  Embed:              timeF               Activation:         gelu                

[1mRun Parameters[0m
  Num Workers:        2                   Itr:                1                   
  Train Epochs:       5                   Batch Size:         64                  
  Patience:           3                   Learning Rate:      0.001               
  Des:                Exp                 Loss:               MSE                 
  Lradj:              type1               Use Amp:            0                   

[1mGPU[0m
  Use GPU:            1                   GPU:                0                   
  Use Multi GPU:      0                   Devices:            0,1,2,3             

[1mDe-stationary Projector Params[0m
  P Hidden Dims:      128, 128            P Hidden Layers:    2                   

Use GPU: cuda:0
🚀 Lazy Loading: iTransformer ...
>>>>>>>start training : long_term_forecast_PLv2_iTransformer_drift_er6000_sl2000_s2022_iTransformer_custom_ftM_sl2000_ll48_pl96_dm64_nh8_el2_dl1_df64_expand2_dc4_fc3_ebtimeF_dtTrue_Exp_0>>>>>>>>>>>>>>>>>>>>>>>>>>
train window subsample: keep 14525/15405 windows (max_train_windows=14525)
train 14525
val 2405
test 4905
	iters: 100, epoch: 1 | loss: 0.9956675
	speed: 0.0264s/iter; left time: 27.3629s
	iters: 200, epoch: 1 | loss: 1.0306125
	speed: 0.0100s/iter; left time: 9.3922s
Epoch: 1 cost time: 2.6762373447418213
Epoch: 1, Steps: 227 | Train Loss: 1.0244912 Vali Loss: 0.9963450 Test Loss: 0.9950990
Validation loss decreased (inf --> 0.996345).  Saving model ...
Updating learning rate to 0.001
	iters: 100, epoch: 2 | loss: 0.9926609
	speed: 0.0230s/iter; left time: 18.5749s
	iters: 200, epoch: 2 | loss: 1.0021214
	speed: 0.0098s/iter; left time: 6.9696s
Epoch: 2 cost time: 2.351351737976074
Epoch: 2, Steps: 227 | Train Loss: 1.0004841 Vali Loss: 0.9971888 Test Loss: 0.9969121
EarlyStopping counter: 1 out of 3
Updating learning rate to 0.0005
	iters: 100, epoch: 3 | loss: 1.0023336
	speed: 0.0221s/iter; left time: 12.8484s
	iters: 200, epoch: 3 | loss: 0.9878704
	speed: 0.0099s/iter; left time: 4.7871s
Epoch: 3 cost time: 2.2943930625915527
Epoch: 3, Steps: 227 | Train Loss: 0.9937678 Vali Loss: 0.9998860 Test Loss: 0.9981113
EarlyStopping counter: 2 out of 3
Updating learning rate to 0.00025
	iters: 100, epoch: 4 | loss: 0.9813358
	speed: 0.0218s/iter; left time: 7.7355s
	iters: 200, epoch: 4 | loss: 1.0090320
	speed: 0.0094s/iter; left time: 2.3977s
Epoch: 4 cost time: 2.2691431045532227
Epoch: 4, Steps: 227 | Train Loss: 0.9887032 Vali Loss: 1.0036263 Test Loss: 1.0011269
EarlyStopping counter: 3 out of 3
Early stopping
>>>>>>>testing : long_term_forecast_PLv2_iTransformer_drift_er6000_sl2000_s2022_iTransformer_custom_ftM_sl2000_ll48_pl96_dm64_nh8_el2_dl1_df64_expand2_dc4_fc3_ebtimeF_dtTrue_Exp_0<<<<<<<<<<<<<<<<<<<<<<<<<<<<<<<<<
test 4905
test shape: (4905, 96, 4) (4905, 96, 4)
test shape: (4905, 96, 4) (4905, 96, 4)
mse:0.9952758550643921, mae:0.7945210933685303, dtw:Not calculated
