Using GPU
Args in experiment:
[1mBasic Config[0m
  Task Name:          long_term_forecast  Is Training:        1                   
  Model ID:           PLv2_iTransformer_drift_er50_sl1440_s2021Model:              iTransformer        

[1mData Loader[0m
  Data:               custom              Root Path:          ./dataset/power_law/
  Data Path:          drift_er50.csv      Features:           M                   
  Target:             OT                  Freq:               h                   
  Checkpoints:        ./checkpoints/      

[1mForecasting Task[0m
  Seq Len:            1440                Label Len:          48                  
  Pred Len:           96                  Seasonal Patterns:  Monthly             
  Inverse:            0                   

[1mModel Parameters[0m
  Top k:              5                   Num Kernels:        6                   
  Enc In:             4                   Dec In:             4                   
  C Out:              4                   d model:            64                  
  n heads:            8                   e layers:           2                   
  d layers:           1                   d FF:               64                  
  Moving Avg:         25                  Factor:             3                   
  Distil:             1                   Dropout:            0.1                 
  Embed:              timeF               Activation:         gelu                

[1mRun Parameters[0m
  Num Workers:        2                   Itr:                1                   
  Train Epochs:       5                   Batch Size:         64                  
  Patience:           3                   Learning Rate:      0.001               
  Des:                Exp                 Loss:               MSE                 
  Lradj:              type1               Use Amp:            0                   

[1mGPU[0m
  Use GPU:            1                   GPU:                0                   
  Use Multi GPU:      0                   Devices:            0,1,2,3             

[1mDe-stationary Projector Params[0m
  P Hidden Dims:      128, 128            P Hidden Layers:    2                   

Use GPU: cuda:0
🚀 Lazy Loading: iTransformer ...
>>>>>>>start training : long_term_forecast_PLv2_iTransformer_drift_er50_sl1440_s2021_iTransformer_custom_ftM_sl1440_ll48_pl96_dm64_nh8_el2_dl1_df64_expand2_dc4_fc3_ebtimeF_dtTrue_Exp_0>>>>>>>>>>>>>>>>>>>>>>>>>>
train window subsample: keep 14525/15965 windows (max_train_windows=14525)
train 14525
val 2405
test 4905
	iters: 100, epoch: 1 | loss: 0.4806699
	speed: 0.0245s/iter; left time: 25.3423s
	iters: 200, epoch: 1 | loss: 0.4849633
	speed: 0.0086s/iter; left time: 8.0861s
Epoch: 1 cost time: 2.400029182434082
Epoch: 1, Steps: 227 | Train Loss: 0.4993392 Vali Loss: 0.4982083 Test Loss: 0.4818151
Validation loss decreased (inf --> 0.498208).  Saving model ...
Updating learning rate to 0.001
	iters: 100, epoch: 2 | loss: 0.4841146
	speed: 0.0200s/iter; left time: 16.1878s
	iters: 200, epoch: 2 | loss: 0.4718948
	speed: 0.0088s/iter; left time: 6.2054s
Epoch: 2 cost time: 2.11486554145813
Epoch: 2, Steps: 227 | Train Loss: 0.4792527 Vali Loss: 0.4975905 Test Loss: 0.4827256
Validation loss decreased (0.498208 --> 0.497590).  Saving model ...
Updating learning rate to 0.0005
	iters: 100, epoch: 3 | loss: 0.4743389
	speed: 0.0198s/iter; left time: 11.5106s
	iters: 200, epoch: 3 | loss: 0.4672442
	speed: 0.0087s/iter; left time: 4.1951s
Epoch: 3 cost time: 2.075805902481079
Epoch: 3, Steps: 227 | Train Loss: 0.4735728 Vali Loss: 0.4991060 Test Loss: 0.4837807
EarlyStopping counter: 1 out of 3
Updating learning rate to 0.00025
	iters: 100, epoch: 4 | loss: 0.4687063
	speed: 0.0198s/iter; left time: 7.0380s
	iters: 200, epoch: 4 | loss: 0.4693120
	speed: 0.0092s/iter; left time: 2.3426s
Epoch: 4 cost time: 2.163233518600464
Epoch: 4, Steps: 227 | Train Loss: 0.4704134 Vali Loss: 0.5019833 Test Loss: 0.4836826
EarlyStopping counter: 2 out of 3
Updating learning rate to 0.000125
	iters: 100, epoch: 5 | loss: 0.4680656
	speed: 0.0190s/iter; left time: 2.4360s
	iters: 200, epoch: 5 | loss: 0.4667349
	speed: 0.0086s/iter; left time: 0.2400s
Epoch: 5 cost time: 2.040534019470215
Epoch: 5, Steps: 227 | Train Loss: 0.4685291 Vali Loss: 0.5021208 Test Loss: 0.4840656
EarlyStopping counter: 3 out of 3
Early stopping
>>>>>>>testing : long_term_forecast_PLv2_iTransformer_drift_er50_sl1440_s2021_iTransformer_custom_ftM_sl1440_ll48_pl96_dm64_nh8_el2_dl1_df64_expand2_dc4_fc3_ebtimeF_dtTrue_Exp_0<<<<<<<<<<<<<<<<<<<<<<<<<<<<<<<<<
test 4905
test shape: (4905, 96, 4) (4905, 96, 4)
test shape: (4905, 96, 4) (4905, 96, 4)
mse:0.4827899932861328, mae:0.5469805598258972, dtw:Not calculated
