Using GPU
Args in experiment:
[1mBasic Config[0m
  Task Name:          long_term_forecast  Is Training:        1                   
  Model ID:           PLv2_iTransformer_drift_er1000_sl2880_s2022Model:              iTransformer        

[1mData Loader[0m
  Data:               custom              Root Path:          ./dataset/power_law/
  Data Path:          drift_er1000.csv    Features:           M                   
  Target:             OT                  Freq:               h                   
  Checkpoints:        ./checkpoints/      

[1mForecasting Task[0m
  Seq Len:            2880                Label Len:          48                  
  Pred Len:           96                  Seasonal Patterns:  Monthly             
  Inverse:            0                   

[1mModel Parameters[0m
  Top k:              5                   Num Kernels:        6                   
  Enc In:             4                   Dec In:             4                   
  C Out:              4                   d model:            64                  
  n heads:            8                   e layers:           2                   
  d layers:           1                   d FF:               64                  
  Moving Avg:         25                  Factor:             3                   
  Distil:             1                   Dropout:            0.1                 
  Embed:              timeF               Activation:         gelu                

[1mRun Parameters[0m
  Num Workers:        2                   Itr:                1                   
  Train Epochs:       5                   Batch Size:         64                  
  Patience:           3                   Learning Rate:      0.001               
  Des:                Exp                 Loss:               MSE                 
  Lradj:              type1               Use Amp:            0                   

[1mGPU[0m
  Use GPU:            1                   GPU:                0                   
  Use Multi GPU:      0                   Devices:            0,1,2,3             

[1mDe-stationary Projector Params[0m
  P Hidden Dims:      128, 128            P Hidden Layers:    2                   

Use GPU: cuda:0
🚀 Lazy Loading: iTransformer ...
>>>>>>>start training : long_term_forecast_PLv2_iTransformer_drift_er1000_sl2880_s2022_iTransformer_custom_ftM_sl2880_ll48_pl96_dm64_nh8_el2_dl1_df64_expand2_dc4_fc3_ebtimeF_dtTrue_Exp_0>>>>>>>>>>>>>>>>>>>>>>>>>>
train 14525
val 2405
test 4905
	iters: 100, epoch: 1 | loss: 1.0028601
	speed: 0.0293s/iter; left time: 30.3067s
	iters: 200, epoch: 1 | loss: 0.9702963
	speed: 0.0118s/iter; left time: 11.0119s
Epoch: 1 cost time: 3.1356637477874756
Epoch: 1, Steps: 227 | Train Loss: 1.0100211 Vali Loss: 0.9874411 Test Loss: 0.9828980
Validation loss decreased (inf --> 0.987441).  Saving model ...
Updating learning rate to 0.001
	iters: 100, epoch: 2 | loss: 0.9992620
	speed: 0.0276s/iter; left time: 22.3576s
	iters: 200, epoch: 2 | loss: 0.9719326
	speed: 0.0121s/iter; left time: 8.5747s
Epoch: 2 cost time: 2.7875900268554688
Epoch: 2, Steps: 227 | Train Loss: 0.9818839 Vali Loss: 0.9893218 Test Loss: 0.9834717
EarlyStopping counter: 1 out of 3
Updating learning rate to 0.0005
	iters: 100, epoch: 3 | loss: 0.9638578
	speed: 0.0271s/iter; left time: 15.7784s
	iters: 200, epoch: 3 | loss: 0.9685578
	speed: 0.0119s/iter; left time: 5.7188s
Epoch: 3 cost time: 2.738074541091919
Epoch: 3, Steps: 227 | Train Loss: 0.9726597 Vali Loss: 0.9941666 Test Loss: 0.9872038
EarlyStopping counter: 2 out of 3
Updating learning rate to 0.00025
	iters: 100, epoch: 4 | loss: 0.9724230
	speed: 0.0271s/iter; left time: 9.6267s
	iters: 200, epoch: 4 | loss: 0.9488296
	speed: 0.0120s/iter; left time: 3.0514s
Epoch: 4 cost time: 2.7504444122314453
Epoch: 4, Steps: 227 | Train Loss: 0.9659681 Vali Loss: 0.9985678 Test Loss: 0.9936656
EarlyStopping counter: 3 out of 3
Early stopping
>>>>>>>testing : long_term_forecast_PLv2_iTransformer_drift_er1000_sl2880_s2022_iTransformer_custom_ftM_sl2880_ll48_pl96_dm64_nh8_el2_dl1_df64_expand2_dc4_fc3_ebtimeF_dtTrue_Exp_0<<<<<<<<<<<<<<<<<<<<<<<<<<<<<<<<<
test 4905
test shape: (4905, 96, 4) (4905, 96, 4)
test shape: (4905, 96, 4) (4905, 96, 4)
mse:0.9825180172920227, mae:0.7894245982170105, dtw:Not calculated
