Using GPU
Args in experiment:
[1mBasic Config[0m
  Task Name:          long_term_forecast  Is Training:        1                   
  Model ID:           PLv2_iTransformer_drift_er2500_sl2880_s2022Model:              iTransformer        

[1mData Loader[0m
  Data:               custom              Root Path:          ./dataset/power_law/
  Data Path:          drift_er2500.csv    Features:           M                   
  Target:             OT                  Freq:               h                   
  Checkpoints:        ./checkpoints/      

[1mForecasting Task[0m
  Seq Len:            2880                Label Len:          48                  
  Pred Len:           96                  Seasonal Patterns:  Monthly             
  Inverse:            0                   

[1mModel Parameters[0m
  Top k:              5                   Num Kernels:        6                   
  Enc In:             4                   Dec In:             4                   
  C Out:              4                   d model:            64                  
  n heads:            8                   e layers:           2                   
  d layers:           1                   d FF:               64                  
  Moving Avg:         25                  Factor:             3                   
  Distil:             1                   Dropout:            0.1                 
  Embed:              timeF               Activation:         gelu                

[1mRun Parameters[0m
  Num Workers:        2                   Itr:                1                   
  Train Epochs:       5                   Batch Size:         64                  
  Patience:           3                   Learning Rate:      0.001               
  Des:                Exp                 Loss:               MSE                 
  Lradj:              type1               Use Amp:            0                   

[1mGPU[0m
  Use GPU:            1                   GPU:                0                   
  Use Multi GPU:      0                   Devices:            0,1,2,3             

[1mDe-stationary Projector Params[0m
  P Hidden Dims:      128, 128            P Hidden Layers:    2                   

Use GPU: cuda:0
🚀 Lazy Loading: iTransformer ...
>>>>>>>start training : long_term_forecast_PLv2_iTransformer_drift_er2500_sl2880_s2022_iTransformer_custom_ftM_sl2880_ll48_pl96_dm64_nh8_el2_dl1_df64_expand2_dc4_fc3_ebtimeF_dtTrue_Exp_0>>>>>>>>>>>>>>>>>>>>>>>>>>
train 14525
val 2405
test 4905
	iters: 100, epoch: 1 | loss: 1.0014120
	speed: 0.0292s/iter; left time: 30.2040s
	iters: 200, epoch: 1 | loss: 0.9815315
	speed: 0.0110s/iter; left time: 10.2938s
Epoch: 1 cost time: 3.0340490341186523
Epoch: 1, Steps: 227 | Train Loss: 1.0144977 Vali Loss: 0.9891560 Test Loss: 0.9848455
Validation loss decreased (inf --> 0.989156).  Saving model ...
Updating learning rate to 0.001
	iters: 100, epoch: 2 | loss: 0.9816710
	speed: 0.0272s/iter; left time: 22.0084s
	iters: 200, epoch: 2 | loss: 0.9834889
	speed: 0.0116s/iter; left time: 8.2069s
Epoch: 2 cost time: 2.7200253009796143
Epoch: 2, Steps: 227 | Train Loss: 0.9875604 Vali Loss: 0.9907098 Test Loss: 0.9858396
EarlyStopping counter: 1 out of 3
Updating learning rate to 0.0005
	iters: 100, epoch: 3 | loss: 0.9672607
	speed: 0.0273s/iter; left time: 15.8834s
	iters: 200, epoch: 3 | loss: 0.9861943
	speed: 0.0121s/iter; left time: 5.8256s
Epoch: 3 cost time: 2.752197504043579
Epoch: 3, Steps: 227 | Train Loss: 0.9783695 Vali Loss: 0.9973497 Test Loss: 0.9889892
EarlyStopping counter: 2 out of 3
Updating learning rate to 0.00025
	iters: 100, epoch: 4 | loss: 0.9737853
	speed: 0.0265s/iter; left time: 9.4073s
	iters: 200, epoch: 4 | loss: 0.9929716
	speed: 0.0113s/iter; left time: 2.8842s
Epoch: 4 cost time: 2.655362129211426
Epoch: 4, Steps: 227 | Train Loss: 0.9714561 Vali Loss: 1.0046437 Test Loss: 0.9930064
EarlyStopping counter: 3 out of 3
Early stopping
>>>>>>>testing : long_term_forecast_PLv2_iTransformer_drift_er2500_sl2880_s2022_iTransformer_custom_ftM_sl2880_ll48_pl96_dm64_nh8_el2_dl1_df64_expand2_dc4_fc3_ebtimeF_dtTrue_Exp_0<<<<<<<<<<<<<<<<<<<<<<<<<<<<<<<<<
test 4905
test shape: (4905, 96, 4) (4905, 96, 4)
test shape: (4905, 96, 4) (4905, 96, 4)
mse:0.9845795631408691, mae:0.7900863885879517, dtw:Not calculated
