Using GPU
Args in experiment:
[1mBasic Config[0m
  Task Name:          long_term_forecast  Is Training:        1                   
  Model ID:           PLv2_iTransformer_drift_er250_sl2880_s2022Model:              iTransformer        

[1mData Loader[0m
  Data:               custom              Root Path:          ./dataset/power_law/
  Data Path:          drift_er250.csv     Features:           M                   
  Target:             OT                  Freq:               h                   
  Checkpoints:        ./checkpoints/      

[1mForecasting Task[0m
  Seq Len:            2880                Label Len:          48                  
  Pred Len:           96                  Seasonal Patterns:  Monthly             
  Inverse:            0                   

[1mModel Parameters[0m
  Top k:              5                   Num Kernels:        6                   
  Enc In:             4                   Dec In:             4                   
  C Out:              4                   d model:            64                  
  n heads:            8                   e layers:           2                   
  d layers:           1                   d FF:               64                  
  Moving Avg:         25                  Factor:             3                   
  Distil:             1                   Dropout:            0.1                 
  Embed:              timeF               Activation:         gelu                

[1mRun Parameters[0m
  Num Workers:        2                   Itr:                1                   
  Train Epochs:       5                   Batch Size:         64                  
  Patience:           3                   Learning Rate:      0.001               
  Des:                Exp                 Loss:               MSE                 
  Lradj:              type1               Use Amp:            0                   

[1mGPU[0m
  Use GPU:            1                   GPU:                0                   
  Use Multi GPU:      0                   Devices:            0,1,2,3             

[1mDe-stationary Projector Params[0m
  P Hidden Dims:      128, 128            P Hidden Layers:    2                   

Use GPU: cuda:0
🚀 Lazy Loading: iTransformer ...
>>>>>>>start training : long_term_forecast_PLv2_iTransformer_drift_er250_sl2880_s2022_iTransformer_custom_ftM_sl2880_ll48_pl96_dm64_nh8_el2_dl1_df64_expand2_dc4_fc3_ebtimeF_dtTrue_Exp_0>>>>>>>>>>>>>>>>>>>>>>>>>>
train 14525
val 2405
test 4905
	iters: 100, epoch: 1 | loss: 0.8386847
	speed: 0.0297s/iter; left time: 30.7998s
	iters: 200, epoch: 1 | loss: 0.8442267
	speed: 0.0116s/iter; left time: 10.8116s
Epoch: 1 cost time: 3.1371448040008545
Epoch: 1, Steps: 227 | Train Loss: 0.8694385 Vali Loss: 0.8474892 Test Loss: 0.8465763
Validation loss decreased (inf --> 0.847489).  Saving model ...
Updating learning rate to 0.001
	iters: 100, epoch: 2 | loss: 0.8368816
	speed: 0.0272s/iter; left time: 22.0373s
	iters: 200, epoch: 2 | loss: 0.8288943
	speed: 0.0117s/iter; left time: 8.2948s
Epoch: 2 cost time: 2.7515997886657715
Epoch: 2, Steps: 227 | Train Loss: 0.8425333 Vali Loss: 0.8476348 Test Loss: 0.8479779
EarlyStopping counter: 1 out of 3
Updating learning rate to 0.0005
	iters: 100, epoch: 3 | loss: 0.8349191
	speed: 0.0273s/iter; left time: 15.8643s
	iters: 200, epoch: 3 | loss: 0.8443047
	speed: 0.0117s/iter; left time: 5.6243s
Epoch: 3 cost time: 2.777035713195801
Epoch: 3, Steps: 227 | Train Loss: 0.8331139 Vali Loss: 0.8552987 Test Loss: 0.8501419
EarlyStopping counter: 2 out of 3
Updating learning rate to 0.00025
	iters: 100, epoch: 4 | loss: 0.8313872
	speed: 0.0280s/iter; left time: 9.9430s
	iters: 200, epoch: 4 | loss: 0.8267459
	speed: 0.0119s/iter; left time: 3.0242s
Epoch: 4 cost time: 2.842181444168091
Epoch: 4, Steps: 227 | Train Loss: 0.8271413 Vali Loss: 0.8576185 Test Loss: 0.8535267
EarlyStopping counter: 3 out of 3
Early stopping
>>>>>>>testing : long_term_forecast_PLv2_iTransformer_drift_er250_sl2880_s2022_iTransformer_custom_ftM_sl2880_ll48_pl96_dm64_nh8_el2_dl1_df64_expand2_dc4_fc3_ebtimeF_dtTrue_Exp_0<<<<<<<<<<<<<<<<<<<<<<<<<<<<<<<<<
test 4905
test shape: (4905, 96, 4) (4905, 96, 4)
test shape: (4905, 96, 4) (4905, 96, 4)
mse:0.8464018702507019, mae:0.731620192527771, dtw:Not calculated
