Using GPU
Args in experiment:
[1mBasic Config[0m
  Task Name:          long_term_forecast  Is Training:        1                   
  Model ID:           PLv2_iTransformer_drift_er650_sl96_s2022Model:              iTransformer        

[1mData Loader[0m
  Data:               custom              Root Path:          ./dataset/power_law/
  Data Path:          drift_er650.csv     Features:           M                   
  Target:             OT                  Freq:               h                   
  Checkpoints:        ./checkpoints/      

[1mForecasting Task[0m
  Seq Len:            96                  Label Len:          48                  
  Pred Len:           96                  Seasonal Patterns:  Monthly             
  Inverse:            0                   

[1mModel Parameters[0m
  Top k:              5                   Num Kernels:        6                   
  Enc In:             4                   Dec In:             4                   
  C Out:              4                   d model:            64                  
  n heads:            8                   e layers:           2                   
  d layers:           1                   d FF:               64                  
  Moving Avg:         25                  Factor:             3                   
  Distil:             1                   Dropout:            0.1                 
  Embed:              timeF               Activation:         gelu                

[1mRun Parameters[0m
  Num Workers:        2                   Itr:                1                   
  Train Epochs:       5                   Batch Size:         64                  
  Patience:           3                   Learning Rate:      0.001               
  Des:                Exp                 Loss:               MSE                 
  Lradj:              type1               Use Amp:            0                   

[1mGPU[0m
  Use GPU:            1                   GPU:                0                   
  Use Multi GPU:      0                   Devices:            0,1,2,3             

[1mDe-stationary Projector Params[0m
  P Hidden Dims:      128, 128            P Hidden Layers:    2                   

Use GPU: cuda:0
🚀 Lazy Loading: iTransformer ...
>>>>>>>start training : long_term_forecast_PLv2_iTransformer_drift_er650_sl96_s2022_iTransformer_custom_ftM_sl96_ll48_pl96_dm64_nh8_el2_dl1_df64_expand2_dc4_fc3_ebtimeF_dtTrue_Exp_0>>>>>>>>>>>>>>>>>>>>>>>>>>
train window subsample: keep 14525/17309 windows (max_train_windows=14525)
train 14525
val 2405
test 4905
	iters: 100, epoch: 1 | loss: 0.9912915
	speed: 0.0338s/iter; left time: 35.0152s
	iters: 200, epoch: 1 | loss: 0.9773301
	speed: 0.0084s/iter; left time: 7.8392s
Epoch: 1 cost time: 2.425462007522583
Epoch: 1, Steps: 227 | Train Loss: 1.0094175 Vali Loss: 0.9822522 Test Loss: 0.9845102
Validation loss decreased (inf --> 0.982252).  Saving model ...
Updating learning rate to 0.001
	iters: 100, epoch: 2 | loss: 0.9907240
	speed: 0.0174s/iter; left time: 14.1134s
	iters: 200, epoch: 2 | loss: 1.0039326
	speed: 0.0084s/iter; left time: 5.9539s
Epoch: 2 cost time: 1.9774668216705322
Epoch: 2, Steps: 227 | Train Loss: 0.9907856 Vali Loss: 0.9818911 Test Loss: 0.9842397
Validation loss decreased (0.982252 --> 0.981891).  Saving model ...
Updating learning rate to 0.0005
	iters: 100, epoch: 3 | loss: 1.0019984
	speed: 0.0175s/iter; left time: 10.1990s
	iters: 200, epoch: 3 | loss: 1.0020958
	speed: 0.0088s/iter; left time: 4.2206s
Epoch: 3 cost time: 2.052609443664551
Epoch: 3, Steps: 227 | Train Loss: 0.9884102 Vali Loss: 0.9811242 Test Loss: 0.9834858
Validation loss decreased (0.981891 --> 0.981124).  Saving model ...
Updating learning rate to 0.00025
	iters: 100, epoch: 4 | loss: 1.0017292
	speed: 0.0182s/iter; left time: 6.4612s
	iters: 200, epoch: 4 | loss: 0.9982076
	speed: 0.0077s/iter; left time: 1.9631s
Epoch: 4 cost time: 1.847738265991211
Epoch: 4, Steps: 227 | Train Loss: 0.9874173 Vali Loss: 0.9806486 Test Loss: 0.9829789
Validation loss decreased (0.981124 --> 0.980649).  Saving model ...
Updating learning rate to 0.000125
	iters: 100, epoch: 5 | loss: 0.9920012
	speed: 0.0167s/iter; left time: 2.1354s
	iters: 200, epoch: 5 | loss: 0.9743673
	speed: 0.0075s/iter; left time: 0.2098s
Epoch: 5 cost time: 1.7691574096679688
Epoch: 5, Steps: 227 | Train Loss: 0.9870432 Vali Loss: 0.9804091 Test Loss: 0.9828373
Validation loss decreased (0.980649 --> 0.980409).  Saving model ...
Updating learning rate to 6.25e-05
>>>>>>>testing : long_term_forecast_PLv2_iTransformer_drift_er650_sl96_s2022_iTransformer_custom_ftM_sl96_ll48_pl96_dm64_nh8_el2_dl1_df64_expand2_dc4_fc3_ebtimeF_dtTrue_Exp_0<<<<<<<<<<<<<<<<<<<<<<<<<<<<<<<<<
test 4905
test shape: (4905, 96, 4) (4905, 96, 4)
test shape: (4905, 96, 4) (4905, 96, 4)
mse:0.9829064607620239, mae:0.7895641922950745, dtw:Not calculated
