Using GPU
Args in experiment:
[1mBasic Config[0m
  Task Name:          long_term_forecast  Is Training:        1                   
  Model ID:           PLv2_iTransformer_drift_er6000_sl480_s2021Model:              iTransformer        

[1mData Loader[0m
  Data:               custom              Root Path:          ./dataset/power_law/
  Data Path:          drift_er6000.csv    Features:           M                   
  Target:             OT                  Freq:               h                   
  Checkpoints:        ./checkpoints/      

[1mForecasting Task[0m
  Seq Len:            480                 Label Len:          48                  
  Pred Len:           96                  Seasonal Patterns:  Monthly             
  Inverse:            0                   

[1mModel Parameters[0m
  Top k:              5                   Num Kernels:        6                   
  Enc In:             4                   Dec In:             4                   
  C Out:              4                   d model:            64                  
  n heads:            8                   e layers:           2                   
  d layers:           1                   d FF:               64                  
  Moving Avg:         25                  Factor:             3                   
  Distil:             1                   Dropout:            0.1                 
  Embed:              timeF               Activation:         gelu                

[1mRun Parameters[0m
  Num Workers:        2                   Itr:                1                   
  Train Epochs:       5                   Batch Size:         64                  
  Patience:           3                   Learning Rate:      0.001               
  Des:                Exp                 Loss:               MSE                 
  Lradj:              type1               Use Amp:            0                   

[1mGPU[0m
  Use GPU:            1                   GPU:                0                   
  Use Multi GPU:      0                   Devices:            0,1,2,3             

[1mDe-stationary Projector Params[0m
  P Hidden Dims:      128, 128            P Hidden Layers:    2                   

Use GPU: cuda:0
🚀 Lazy Loading: iTransformer ...
>>>>>>>start training : long_term_forecast_PLv2_iTransformer_drift_er6000_sl480_s2021_iTransformer_custom_ftM_sl480_ll48_pl96_dm64_nh8_el2_dl1_df64_expand2_dc4_fc3_ebtimeF_dtTrue_Exp_0>>>>>>>>>>>>>>>>>>>>>>>>>>
train window subsample: keep 14525/16925 windows (max_train_windows=14525)
train 14525
val 2405
test 4905
	iters: 100, epoch: 1 | loss: 1.0348361
	speed: 0.0281s/iter; left time: 29.1108s
	iters: 200, epoch: 1 | loss: 1.0021996
	speed: 0.0078s/iter; left time: 7.2819s
Epoch: 1 cost time: 2.2490758895874023
Epoch: 1, Steps: 227 | Train Loss: 1.0297562 Vali Loss: 0.9972782 Test Loss: 0.9972932
Validation loss decreased (inf --> 0.997278).  Saving model ...
Updating learning rate to 0.001
	iters: 100, epoch: 2 | loss: 0.9932730
	speed: 0.0173s/iter; left time: 14.0226s
	iters: 200, epoch: 2 | loss: 1.0136713
	speed: 0.0078s/iter; left time: 5.5549s
Epoch: 2 cost time: 1.8704826831817627
Epoch: 2, Steps: 227 | Train Loss: 1.0065418 Vali Loss: 0.9974690 Test Loss: 0.9974063
EarlyStopping counter: 1 out of 3
Updating learning rate to 0.0005
	iters: 100, epoch: 3 | loss: 1.0033506
	speed: 0.0182s/iter; left time: 10.5710s
	iters: 200, epoch: 3 | loss: 1.0136220
	speed: 0.0086s/iter; left time: 4.1511s
Epoch: 3 cost time: 2.061229944229126
Epoch: 3, Steps: 227 | Train Loss: 1.0036412 Vali Loss: 0.9967161 Test Loss: 0.9968323
Validation loss decreased (0.997278 --> 0.996716).  Saving model ...
Updating learning rate to 0.00025
	iters: 100, epoch: 4 | loss: 1.0050941
	speed: 0.0202s/iter; left time: 7.1713s
	iters: 200, epoch: 4 | loss: 1.0003152
	speed: 0.0085s/iter; left time: 2.1614s
Epoch: 4 cost time: 2.052130937576294
Epoch: 4, Steps: 227 | Train Loss: 1.0023260 Vali Loss: 0.9966119 Test Loss: 0.9965949
Validation loss decreased (0.996716 --> 0.996612).  Saving model ...
Updating learning rate to 0.000125
	iters: 100, epoch: 5 | loss: 1.0071485
	speed: 0.0201s/iter; left time: 2.5759s
	iters: 200, epoch: 5 | loss: 0.9957485
	speed: 0.0087s/iter; left time: 0.2446s
Epoch: 5 cost time: 2.127856969833374
Epoch: 5, Steps: 227 | Train Loss: 1.0015843 Vali Loss: 0.9964388 Test Loss: 0.9966100
Validation loss decreased (0.996612 --> 0.996439).  Saving model ...
Updating learning rate to 6.25e-05
>>>>>>>testing : long_term_forecast_PLv2_iTransformer_drift_er6000_sl480_s2021_iTransformer_custom_ftM_sl480_ll48_pl96_dm64_nh8_el2_dl1_df64_expand2_dc4_fc3_ebtimeF_dtTrue_Exp_0<<<<<<<<<<<<<<<<<<<<<<<<<<<<<<<<<
test 4905
test shape: (4905, 96, 4) (4905, 96, 4)
test shape: (4905, 96, 4) (4905, 96, 4)
mse:0.9967734217643738, mae:0.7949413657188416, dtw:Not calculated
