Using GPU
Args in experiment:
[1mBasic Config[0m
  Task Name:          long_term_forecast  Is Training:        1                   
  Model ID:           PLv2_iTransformer_drift_er400_sl480_s2022Model:              iTransformer        

[1mData Loader[0m
  Data:               custom              Root Path:          ./dataset/power_law/
  Data Path:          drift_er400.csv     Features:           M                   
  Target:             OT                  Freq:               h                   
  Checkpoints:        ./checkpoints/      

[1mForecasting Task[0m
  Seq Len:            480                 Label Len:          48                  
  Pred Len:           96                  Seasonal Patterns:  Monthly             
  Inverse:            0                   

[1mModel Parameters[0m
  Top k:              5                   Num Kernels:        6                   
  Enc In:             4                   Dec In:             4                   
  C Out:              4                   d model:            64                  
  n heads:            8                   e layers:           2                   
  d layers:           1                   d FF:               64                  
  Moving Avg:         25                  Factor:             3                   
  Distil:             1                   Dropout:            0.1                 
  Embed:              timeF               Activation:         gelu                

[1mRun Parameters[0m
  Num Workers:        2                   Itr:                1                   
  Train Epochs:       5                   Batch Size:         64                  
  Patience:           3                   Learning Rate:      0.001               
  Des:                Exp                 Loss:               MSE                 
  Lradj:              type1               Use Amp:            0                   

[1mGPU[0m
  Use GPU:            1                   GPU:                0                   
  Use Multi GPU:      0                   Devices:            0,1,2,3             

[1mDe-stationary Projector Params[0m
  P Hidden Dims:      128, 128            P Hidden Layers:    2                   

Use GPU: cuda:0
🚀 Lazy Loading: iTransformer ...
>>>>>>>start training : long_term_forecast_PLv2_iTransformer_drift_er400_sl480_s2022_iTransformer_custom_ftM_sl480_ll48_pl96_dm64_nh8_el2_dl1_df64_expand2_dc4_fc3_ebtimeF_dtTrue_Exp_0>>>>>>>>>>>>>>>>>>>>>>>>>>
train window subsample: keep 14525/16925 windows (max_train_windows=14525)
train 14525
val 2405
test 4905
	iters: 100, epoch: 1 | loss: 0.9072810
	speed: 0.0261s/iter; left time: 27.0796s
	iters: 200, epoch: 1 | loss: 0.9035803
	speed: 0.0084s/iter; left time: 7.8934s
Epoch: 1 cost time: 2.4046378135681152
Epoch: 1, Steps: 227 | Train Loss: 0.9146146 Vali Loss: 0.8844023 Test Loss: 0.8899832
Validation loss decreased (inf --> 0.884402).  Saving model ...
Updating learning rate to 0.001
	iters: 100, epoch: 2 | loss: 0.8872842
	speed: 0.0197s/iter; left time: 15.9006s
	iters: 200, epoch: 2 | loss: 0.8969902
	speed: 0.0089s/iter; left time: 6.3086s
Epoch: 2 cost time: 2.1165831089019775
Epoch: 2, Steps: 227 | Train Loss: 0.8934893 Vali Loss: 0.8831570 Test Loss: 0.8892194
Validation loss decreased (0.884402 --> 0.883157).  Saving model ...
Updating learning rate to 0.0005
	iters: 100, epoch: 3 | loss: 0.8789564
	speed: 0.0192s/iter; left time: 11.1847s
	iters: 200, epoch: 3 | loss: 0.9001956
	speed: 0.0083s/iter; left time: 4.0151s
Epoch: 3 cost time: 1.9859979152679443
Epoch: 3, Steps: 227 | Train Loss: 0.8900646 Vali Loss: 0.8821083 Test Loss: 0.8885831
Validation loss decreased (0.883157 --> 0.882108).  Saving model ...
Updating learning rate to 0.00025
	iters: 100, epoch: 4 | loss: 0.8867347
	speed: 0.0194s/iter; left time: 6.8895s
	iters: 200, epoch: 4 | loss: 0.8946852
	speed: 0.0087s/iter; left time: 2.2096s
Epoch: 4 cost time: 2.0331428050994873
Epoch: 4, Steps: 227 | Train Loss: 0.8888139 Vali Loss: 0.8821110 Test Loss: 0.8886459
EarlyStopping counter: 1 out of 3
Updating learning rate to 0.000125
	iters: 100, epoch: 5 | loss: 0.8799776
	speed: 0.0189s/iter; left time: 2.4166s
	iters: 200, epoch: 5 | loss: 0.8864594
	speed: 0.0083s/iter; left time: 0.2336s
Epoch: 5 cost time: 1.9887690544128418
Epoch: 5, Steps: 227 | Train Loss: 0.8881659 Vali Loss: 0.8816727 Test Loss: 0.8884756
Validation loss decreased (0.882108 --> 0.881673).  Saving model ...
Updating learning rate to 6.25e-05
>>>>>>>testing : long_term_forecast_PLv2_iTransformer_drift_er400_sl480_s2022_iTransformer_custom_ftM_sl480_ll48_pl96_dm64_nh8_el2_dl1_df64_expand2_dc4_fc3_ebtimeF_dtTrue_Exp_0<<<<<<<<<<<<<<<<<<<<<<<<<<<<<<<<<
test 4905
test shape: (4905, 96, 4) (4905, 96, 4)
test shape: (4905, 96, 4) (4905, 96, 4)
mse:0.8885418772697449, mae:0.7511847019195557, dtw:Not calculated
