Using GPU
Args in experiment:
[1mBasic Config[0m
  Task Name:          long_term_forecast  Is Training:        1                   
  Model ID:           PLv2_iTransformer_drift_er1700_sl336_s2022Model:              iTransformer        

[1mData Loader[0m
  Data:               custom              Root Path:          ./dataset/power_law/
  Data Path:          drift_er1700.csv    Features:           M                   
  Target:             OT                  Freq:               h                   
  Checkpoints:        ./checkpoints/      

[1mForecasting Task[0m
  Seq Len:            336                 Label Len:          48                  
  Pred Len:           96                  Seasonal Patterns:  Monthly             
  Inverse:            0                   

[1mModel Parameters[0m
  Top k:              5                   Num Kernels:        6                   
  Enc In:             4                   Dec In:             4                   
  C Out:              4                   d model:            64                  
  n heads:            8                   e layers:           2                   
  d layers:           1                   d FF:               64                  
  Moving Avg:         25                  Factor:             3                   
  Distil:             1                   Dropout:            0.1                 
  Embed:              timeF               Activation:         gelu                

[1mRun Parameters[0m
  Num Workers:        2                   Itr:                1                   
  Train Epochs:       5                   Batch Size:         64                  
  Patience:           3                   Learning Rate:      0.001               
  Des:                Exp                 Loss:               MSE                 
  Lradj:              type1               Use Amp:            0                   

[1mGPU[0m
  Use GPU:            1                   GPU:                0                   
  Use Multi GPU:      0                   Devices:            0,1,2,3             

[1mDe-stationary Projector Params[0m
  P Hidden Dims:      128, 128            P Hidden Layers:    2                   

Use GPU: cuda:0
🚀 Lazy Loading: iTransformer ...
>>>>>>>start training : long_term_forecast_PLv2_iTransformer_drift_er1700_sl336_s2022_iTransformer_custom_ftM_sl336_ll48_pl96_dm64_nh8_el2_dl1_df64_expand2_dc4_fc3_ebtimeF_dtTrue_Exp_0>>>>>>>>>>>>>>>>>>>>>>>>>>
train window subsample: keep 14525/17069 windows (max_train_windows=14525)
train 14525
val 2405
test 4905
	iters: 100, epoch: 1 | loss: 1.0018356
	speed: 0.0254s/iter; left time: 26.3383s
	iters: 200, epoch: 1 | loss: 0.9858253
	speed: 0.0078s/iter; left time: 7.3285s
Epoch: 1 cost time: 2.248284339904785
Epoch: 1, Steps: 227 | Train Loss: 0.9979517 Vali Loss: 0.9688355 Test Loss: 0.9671129
Validation loss decreased (inf --> 0.968835).  Saving model ...
Updating learning rate to 0.001
	iters: 100, epoch: 2 | loss: 0.9772652
	speed: 0.0165s/iter; left time: 13.3137s
	iters: 200, epoch: 2 | loss: 0.9744029
	speed: 0.0080s/iter; left time: 5.6561s
Epoch: 2 cost time: 1.8432044982910156
Epoch: 2, Steps: 227 | Train Loss: 0.9771344 Vali Loss: 0.9686683 Test Loss: 0.9665418
Validation loss decreased (0.968835 --> 0.968668).  Saving model ...
Updating learning rate to 0.0005
	iters: 100, epoch: 3 | loss: 0.9946496
	speed: 0.0177s/iter; left time: 10.2891s
	iters: 200, epoch: 3 | loss: 0.9624414
	speed: 0.0077s/iter; left time: 3.7113s
Epoch: 3 cost time: 1.8488130569458008
Epoch: 3, Steps: 227 | Train Loss: 0.9743629 Vali Loss: 0.9682886 Test Loss: 0.9662777
Validation loss decreased (0.968668 --> 0.968289).  Saving model ...
Updating learning rate to 0.00025
	iters: 100, epoch: 4 | loss: 0.9632615
	speed: 0.0177s/iter; left time: 6.2698s
	iters: 200, epoch: 4 | loss: 0.9625427
	speed: 0.0076s/iter; left time: 1.9378s
Epoch: 4 cost time: 1.8196992874145508
Epoch: 4, Steps: 227 | Train Loss: 0.9732995 Vali Loss: 0.9674819 Test Loss: 0.9655693
Validation loss decreased (0.968289 --> 0.967482).  Saving model ...
Updating learning rate to 0.000125
	iters: 100, epoch: 5 | loss: 0.9701293
	speed: 0.0175s/iter; left time: 2.2449s
	iters: 200, epoch: 5 | loss: 0.9752030
	speed: 0.0078s/iter; left time: 0.2181s
Epoch: 5 cost time: 1.8358430862426758
Epoch: 5, Steps: 227 | Train Loss: 0.9727429 Vali Loss: 0.9675040 Test Loss: 0.9654226
EarlyStopping counter: 1 out of 3
Updating learning rate to 6.25e-05
>>>>>>>testing : long_term_forecast_PLv2_iTransformer_drift_er1700_sl336_s2022_iTransformer_custom_ftM_sl336_ll48_pl96_dm64_nh8_el2_dl1_df64_expand2_dc4_fc3_ebtimeF_dtTrue_Exp_0<<<<<<<<<<<<<<<<<<<<<<<<<<<<<<<<<
test 4905
test shape: (4905, 96, 4) (4905, 96, 4)
test shape: (4905, 96, 4) (4905, 96, 4)
mse:0.965304434299469, mae:0.7822994589805603, dtw:Not calculated
