Using GPU
Args in experiment:
[1mBasic Config[0m
  Task Name:          long_term_forecast  Is Training:        1                   
  Model ID:           PLv2_iTransformer_drift_er250_sl960_s2021Model:              iTransformer        

[1mData Loader[0m
  Data:               custom              Root Path:          ./dataset/power_law/
  Data Path:          drift_er250.csv     Features:           M                   
  Target:             OT                  Freq:               h                   
  Checkpoints:        ./checkpoints/      

[1mForecasting Task[0m
  Seq Len:            960                 Label Len:          48                  
  Pred Len:           96                  Seasonal Patterns:  Monthly             
  Inverse:            0                   

[1mModel Parameters[0m
  Top k:              5                   Num Kernels:        6                   
  Enc In:             4                   Dec In:             4                   
  C Out:              4                   d model:            64                  
  n heads:            8                   e layers:           2                   
  d layers:           1                   d FF:               64                  
  Moving Avg:         25                  Factor:             3                   
  Distil:             1                   Dropout:            0.1                 
  Embed:              timeF               Activation:         gelu                

[1mRun Parameters[0m
  Num Workers:        2                   Itr:                1                   
  Train Epochs:       5                   Batch Size:         64                  
  Patience:           3                   Learning Rate:      0.001               
  Des:                Exp                 Loss:               MSE                 
  Lradj:              type1               Use Amp:            0                   

[1mGPU[0m
  Use GPU:            1                   GPU:                0                   
  Use Multi GPU:      0                   Devices:            0,1,2,3             

[1mDe-stationary Projector Params[0m
  P Hidden Dims:      128, 128            P Hidden Layers:    2                   

Use GPU: cuda:0
🚀 Lazy Loading: iTransformer ...
>>>>>>>start training : long_term_forecast_PLv2_iTransformer_drift_er250_sl960_s2021_iTransformer_custom_ftM_sl960_ll48_pl96_dm64_nh8_el2_dl1_df64_expand2_dc4_fc3_ebtimeF_dtTrue_Exp_0>>>>>>>>>>>>>>>>>>>>>>>>>>
train window subsample: keep 14525/16445 windows (max_train_windows=14525)
train 14525
val 2405
test 4905
	iters: 100, epoch: 1 | loss: 0.8614596
	speed: 0.0283s/iter; left time: 29.2788s
	iters: 200, epoch: 1 | loss: 0.8576638
	speed: 0.0095s/iter; left time: 8.8686s
Epoch: 1 cost time: 2.61670184135437
Epoch: 1, Steps: 227 | Train Loss: 0.8686531 Vali Loss: 0.8386444 Test Loss: 0.8443822
Validation loss decreased (inf --> 0.838644).  Saving model ...
Updating learning rate to 0.001
	iters: 100, epoch: 2 | loss: 0.8427200
	speed: 0.0204s/iter; left time: 16.5128s
	iters: 200, epoch: 2 | loss: 0.8545482
	speed: 0.0091s/iter; left time: 6.4457s
Epoch: 2 cost time: 2.135024070739746
Epoch: 2, Steps: 227 | Train Loss: 0.8471262 Vali Loss: 0.8390410 Test Loss: 0.8449666
EarlyStopping counter: 1 out of 3
Updating learning rate to 0.0005
	iters: 100, epoch: 3 | loss: 0.8458679
	speed: 0.0199s/iter; left time: 11.5796s
	iters: 200, epoch: 3 | loss: 0.8386928
	speed: 0.0089s/iter; left time: 4.3116s
Epoch: 3 cost time: 2.1027605533599854
Epoch: 3, Steps: 227 | Train Loss: 0.8429591 Vali Loss: 0.8386778 Test Loss: 0.8433668
EarlyStopping counter: 2 out of 3
Updating learning rate to 0.00025
	iters: 100, epoch: 4 | loss: 0.8221954
	speed: 0.0207s/iter; left time: 7.3586s
	iters: 200, epoch: 4 | loss: 0.8507659
	speed: 0.0093s/iter; left time: 2.3773s
Epoch: 4 cost time: 2.2225489616394043
Epoch: 4, Steps: 227 | Train Loss: 0.8405316 Vali Loss: 0.8425014 Test Loss: 0.8450626
EarlyStopping counter: 3 out of 3
Early stopping
>>>>>>>testing : long_term_forecast_PLv2_iTransformer_drift_er250_sl960_s2021_iTransformer_custom_ftM_sl960_ll48_pl96_dm64_nh8_el2_dl1_df64_expand2_dc4_fc3_ebtimeF_dtTrue_Exp_0<<<<<<<<<<<<<<<<<<<<<<<<<<<<<<<<<
test 4905
test shape: (4905, 96, 4) (4905, 96, 4)
test shape: (4905, 96, 4) (4905, 96, 4)
mse:0.8442379832267761, mae:0.7307206988334656, dtw:Not calculated
