Using GPU
Args in experiment:
[1mBasic Config[0m
  Task Name:          long_term_forecast  Is Training:        1                   
  Model ID:           PLv2_iTransformer_drift_er1000_sl192_s2022Model:              iTransformer        

[1mData Loader[0m
  Data:               custom              Root Path:          ./dataset/power_law/
  Data Path:          drift_er1000.csv    Features:           M                   
  Target:             OT                  Freq:               h                   
  Checkpoints:        ./checkpoints/      

[1mForecasting Task[0m
  Seq Len:            192                 Label Len:          48                  
  Pred Len:           96                  Seasonal Patterns:  Monthly             
  Inverse:            0                   

[1mModel Parameters[0m
  Top k:              5                   Num Kernels:        6                   
  Enc In:             4                   Dec In:             4                   
  C Out:              4                   d model:            64                  
  n heads:            8                   e layers:           2                   
  d layers:           1                   d FF:               64                  
  Moving Avg:         25                  Factor:             3                   
  Distil:             1                   Dropout:            0.1                 
  Embed:              timeF               Activation:         gelu                

[1mRun Parameters[0m
  Num Workers:        2                   Itr:                1                   
  Train Epochs:       5                   Batch Size:         64                  
  Patience:           3                   Learning Rate:      0.001               
  Des:                Exp                 Loss:               MSE                 
  Lradj:              type1               Use Amp:            0                   

[1mGPU[0m
  Use GPU:            1                   GPU:                0                   
  Use Multi GPU:      0                   Devices:            0,1,2,3             

[1mDe-stationary Projector Params[0m
  P Hidden Dims:      128, 128            P Hidden Layers:    2                   

Use GPU: cuda:0
🚀 Lazy Loading: iTransformer ...
>>>>>>>start training : long_term_forecast_PLv2_iTransformer_drift_er1000_sl192_s2022_iTransformer_custom_ftM_sl192_ll48_pl96_dm64_nh8_el2_dl1_df64_expand2_dc4_fc3_ebtimeF_dtTrue_Exp_0>>>>>>>>>>>>>>>>>>>>>>>>>>
train window subsample: keep 14525/17213 windows (max_train_windows=14525)
train 14525
val 2405
test 4905
	iters: 100, epoch: 1 | loss: 0.9924921
	speed: 0.0281s/iter; left time: 29.1522s
	iters: 200, epoch: 1 | loss: 1.0078367
	speed: 0.0085s/iter; left time: 7.9861s
Epoch: 1 cost time: 2.339742422103882
Epoch: 1, Steps: 227 | Train Loss: 1.0140523 Vali Loss: 0.9893098 Test Loss: 0.9839314
Validation loss decreased (inf --> 0.989310).  Saving model ...
Updating learning rate to 0.001
	iters: 100, epoch: 2 | loss: 0.9890250
	speed: 0.0168s/iter; left time: 13.5733s
	iters: 200, epoch: 2 | loss: 0.9895592
	speed: 0.0082s/iter; left time: 5.8070s
Epoch: 2 cost time: 1.8861663341522217
Epoch: 2, Steps: 227 | Train Loss: 0.9921767 Vali Loss: 0.9887989 Test Loss: 0.9832953
Validation loss decreased (0.989310 --> 0.988799).  Saving model ...
Updating learning rate to 0.0005
	iters: 100, epoch: 3 | loss: 0.9919400
	speed: 0.0165s/iter; left time: 9.6002s
	iters: 200, epoch: 3 | loss: 0.9959487
	speed: 0.0078s/iter; left time: 3.7752s
Epoch: 3 cost time: 1.8261048793792725
Epoch: 3, Steps: 227 | Train Loss: 0.9898781 Vali Loss: 0.9880031 Test Loss: 0.9825075
Validation loss decreased (0.988799 --> 0.988003).  Saving model ...
Updating learning rate to 0.00025
	iters: 100, epoch: 4 | loss: 0.9823470
	speed: 0.0166s/iter; left time: 5.8755s
	iters: 200, epoch: 4 | loss: 0.9872215
	speed: 0.0075s/iter; left time: 1.9181s
Epoch: 4 cost time: 1.7761054039001465
Epoch: 4, Steps: 227 | Train Loss: 0.9889214 Vali Loss: 0.9880225 Test Loss: 0.9822143
EarlyStopping counter: 1 out of 3
Updating learning rate to 0.000125
	iters: 100, epoch: 5 | loss: 0.9874355
	speed: 0.0167s/iter; left time: 2.1316s
	iters: 200, epoch: 5 | loss: 0.9825172
	speed: 0.0074s/iter; left time: 0.2074s
Epoch: 5 cost time: 1.7939836978912354
Epoch: 5, Steps: 227 | Train Loss: 0.9885825 Vali Loss: 0.9875418 Test Loss: 0.9820811
Validation loss decreased (0.988003 --> 0.987542).  Saving model ...
Updating learning rate to 6.25e-05
>>>>>>>testing : long_term_forecast_PLv2_iTransformer_drift_er1000_sl192_s2022_iTransformer_custom_ftM_sl192_ll48_pl96_dm64_nh8_el2_dl1_df64_expand2_dc4_fc3_ebtimeF_dtTrue_Exp_0<<<<<<<<<<<<<<<<<<<<<<<<<<<<<<<<<
test 4905
test shape: (4905, 96, 4) (4905, 96, 4)
test shape: (4905, 96, 4) (4905, 96, 4)
mse:0.9817556142807007, mae:0.7887634634971619, dtw:Not calculated
