Using GPU
Args in experiment:
[1mBasic Config[0m
  Task Name:          long_term_forecast  Is Training:        1                   
  Model ID:           PLv2_iTransformer_drift_er650_sl720_s2022Model:              iTransformer        

[1mData Loader[0m
  Data:               custom              Root Path:          ./dataset/power_law/
  Data Path:          drift_er650.csv     Features:           M                   
  Target:             OT                  Freq:               h                   
  Checkpoints:        ./checkpoints/      

[1mForecasting Task[0m
  Seq Len:            720                 Label Len:          48                  
  Pred Len:           96                  Seasonal Patterns:  Monthly             
  Inverse:            0                   

[1mModel Parameters[0m
  Top k:              5                   Num Kernels:        6                   
  Enc In:             4                   Dec In:             4                   
  C Out:              4                   d model:            64                  
  n heads:            8                   e layers:           2                   
  d layers:           1                   d FF:               64                  
  Moving Avg:         25                  Factor:             3                   
  Distil:             1                   Dropout:            0.1                 
  Embed:              timeF               Activation:         gelu                

[1mRun Parameters[0m
  Num Workers:        2                   Itr:                1                   
  Train Epochs:       5                   Batch Size:         64                  
  Patience:           3                   Learning Rate:      0.001               
  Des:                Exp                 Loss:               MSE                 
  Lradj:              type1               Use Amp:            0                   

[1mGPU[0m
  Use GPU:            1                   GPU:                0                   
  Use Multi GPU:      0                   Devices:            0,1,2,3             

[1mDe-stationary Projector Params[0m
  P Hidden Dims:      128, 128            P Hidden Layers:    2                   

Use GPU: cuda:0
🚀 Lazy Loading: iTransformer ...
>>>>>>>start training : long_term_forecast_PLv2_iTransformer_drift_er650_sl720_s2022_iTransformer_custom_ftM_sl720_ll48_pl96_dm64_nh8_el2_dl1_df64_expand2_dc4_fc3_ebtimeF_dtTrue_Exp_0>>>>>>>>>>>>>>>>>>>>>>>>>>
train window subsample: keep 14525/16685 windows (max_train_windows=14525)
train 14525
val 2405
test 4905
	iters: 100, epoch: 1 | loss: 0.9891953
	speed: 0.0263s/iter; left time: 27.2286s
	iters: 200, epoch: 1 | loss: 0.9795536
	speed: 0.0092s/iter; left time: 8.5753s
Epoch: 1 cost time: 2.471912145614624
Epoch: 1, Steps: 227 | Train Loss: 1.0029348 Vali Loss: 0.9724650 Test Loss: 0.9770446
Validation loss decreased (inf --> 0.972465).  Saving model ...
Updating learning rate to 0.001
	iters: 100, epoch: 2 | loss: 0.9557461
	speed: 0.0185s/iter; left time: 14.9774s
	iters: 200, epoch: 2 | loss: 0.9848420
	speed: 0.0083s/iter; left time: 5.8551s
Epoch: 2 cost time: 1.9646027088165283
Epoch: 2, Steps: 227 | Train Loss: 0.9782658 Vali Loss: 0.9713091 Test Loss: 0.9743499
Validation loss decreased (0.972465 --> 0.971309).  Saving model ...
Updating learning rate to 0.0005
	iters: 100, epoch: 3 | loss: 0.9672391
	speed: 0.0184s/iter; left time: 10.6894s
	iters: 200, epoch: 3 | loss: 0.9716317
	speed: 0.0086s/iter; left time: 4.1279s
Epoch: 3 cost time: 2.018308639526367
Epoch: 3, Steps: 227 | Train Loss: 0.9741368 Vali Loss: 0.9716641 Test Loss: 0.9742601
EarlyStopping counter: 1 out of 3
Updating learning rate to 0.00025
	iters: 100, epoch: 4 | loss: 0.9856614
	speed: 0.0183s/iter; left time: 6.4889s
	iters: 200, epoch: 4 | loss: 0.9734058
	speed: 0.0082s/iter; left time: 2.0952s
Epoch: 4 cost time: 1.9664826393127441
Epoch: 4, Steps: 227 | Train Loss: 0.9723847 Vali Loss: 0.9715377 Test Loss: 0.9742184
EarlyStopping counter: 2 out of 3
Updating learning rate to 0.000125
	iters: 100, epoch: 5 | loss: 0.9780282
	speed: 0.0183s/iter; left time: 2.3483s
	iters: 200, epoch: 5 | loss: 0.9677213
	speed: 0.0088s/iter; left time: 0.2463s
Epoch: 5 cost time: 2.0344948768615723
Epoch: 5, Steps: 227 | Train Loss: 0.9713962 Vali Loss: 0.9718669 Test Loss: 0.9744519
EarlyStopping counter: 3 out of 3
Early stopping
>>>>>>>testing : long_term_forecast_PLv2_iTransformer_drift_er650_sl720_s2022_iTransformer_custom_ftM_sl720_ll48_pl96_dm64_nh8_el2_dl1_df64_expand2_dc4_fc3_ebtimeF_dtTrue_Exp_0<<<<<<<<<<<<<<<<<<<<<<<<<<<<<<<<<
test 4905
test shape: (4905, 96, 4) (4905, 96, 4)
test shape: (4905, 96, 4) (4905, 96, 4)
mse:0.9745127558708191, mae:0.7866775989532471, dtw:Not calculated
