Using GPU
Args in experiment:
[1mBasic Config[0m
  Task Name:          long_term_forecast  Is Training:        1                   
  Model ID:           PLv2_iTransformer_drift_er1000_sl2000_s2022Model:              iTransformer        

[1mData Loader[0m
  Data:               custom              Root Path:          ./dataset/power_law/
  Data Path:          drift_er1000.csv    Features:           M                   
  Target:             OT                  Freq:               h                   
  Checkpoints:        ./checkpoints/      

[1mForecasting Task[0m
  Seq Len:            2000                Label Len:          48                  
  Pred Len:           96                  Seasonal Patterns:  Monthly             
  Inverse:            0                   

[1mModel Parameters[0m
  Top k:              5                   Num Kernels:        6                   
  Enc In:             4                   Dec In:             4                   
  C Out:              4                   d model:            64                  
  n heads:            8                   e layers:           2                   
  d layers:           1                   d FF:               64                  
  Moving Avg:         25                  Factor:             3                   
  Distil:             1                   Dropout:            0.1                 
  Embed:              timeF               Activation:         gelu                

[1mRun Parameters[0m
  Num Workers:        2                   Itr:                1                   
  Train Epochs:       5                   Batch Size:         64                  
  Patience:           3                   Learning Rate:      0.001               
  Des:                Exp                 Loss:               MSE                 
  Lradj:              type1               Use Amp:            0                   

[1mGPU[0m
  Use GPU:            1                   GPU:                0                   
  Use Multi GPU:      0                   Devices:            0,1,2,3             

[1mDe-stationary Projector Params[0m
  P Hidden Dims:      128, 128            P Hidden Layers:    2                   

Use GPU: cuda:0
🚀 Lazy Loading: iTransformer ...
>>>>>>>start training : long_term_forecast_PLv2_iTransformer_drift_er1000_sl2000_s2022_iTransformer_custom_ftM_sl2000_ll48_pl96_dm64_nh8_el2_dl1_df64_expand2_dc4_fc3_ebtimeF_dtTrue_Exp_0>>>>>>>>>>>>>>>>>>>>>>>>>>
train window subsample: keep 14525/15405 windows (max_train_windows=14525)
train 14525
val 2405
test 4905
	iters: 100, epoch: 1 | loss: 0.9908506
	speed: 0.0265s/iter; left time: 27.4224s
	iters: 200, epoch: 1 | loss: 0.9949378
	speed: 0.0096s/iter; left time: 8.9395s
Epoch: 1 cost time: 2.6219449043273926
Epoch: 1, Steps: 227 | Train Loss: 1.0091124 Vali Loss: 0.9858381 Test Loss: 0.9817141
Validation loss decreased (inf --> 0.985838).  Saving model ...
Updating learning rate to 0.001
	iters: 100, epoch: 2 | loss: 0.9839996
	speed: 0.0220s/iter; left time: 17.7880s
	iters: 200, epoch: 2 | loss: 0.9729730
	speed: 0.0097s/iter; left time: 6.8615s
Epoch: 2 cost time: 2.266038179397583
Epoch: 2, Steps: 227 | Train Loss: 0.9823430 Vali Loss: 0.9871844 Test Loss: 0.9819300
EarlyStopping counter: 1 out of 3
Updating learning rate to 0.0005
	iters: 100, epoch: 3 | loss: 0.9907475
	speed: 0.0218s/iter; left time: 12.6946s
	iters: 200, epoch: 3 | loss: 0.9781898
	speed: 0.0097s/iter; left time: 4.6795s
Epoch: 3 cost time: 2.283966541290283
Epoch: 3, Steps: 227 | Train Loss: 0.9755735 Vali Loss: 0.9905595 Test Loss: 0.9833656
EarlyStopping counter: 2 out of 3
Updating learning rate to 0.00025
	iters: 100, epoch: 4 | loss: 0.9746906
	speed: 0.0215s/iter; left time: 7.6195s
	iters: 200, epoch: 4 | loss: 0.9818327
	speed: 0.0097s/iter; left time: 2.4782s
Epoch: 4 cost time: 2.2747228145599365
Epoch: 4, Steps: 227 | Train Loss: 0.9708748 Vali Loss: 0.9929714 Test Loss: 0.9851871
EarlyStopping counter: 3 out of 3
Early stopping
>>>>>>>testing : long_term_forecast_PLv2_iTransformer_drift_er1000_sl2000_s2022_iTransformer_custom_ftM_sl2000_ll48_pl96_dm64_nh8_el2_dl1_df64_expand2_dc4_fc3_ebtimeF_dtTrue_Exp_0<<<<<<<<<<<<<<<<<<<<<<<<<<<<<<<<<
test 4905
test shape: (4905, 96, 4) (4905, 96, 4)
test shape: (4905, 96, 4) (4905, 96, 4)
mse:0.9813419580459595, mae:0.788901150226593, dtw:Not calculated
