Using GPU
Args in experiment:
[1mBasic Config[0m
  Task Name:          long_term_forecast  Is Training:        1                   
  Model ID:           PLv2_iTransformer_drift_er150_sl960_s2021Model:              iTransformer        

[1mData Loader[0m
  Data:               custom              Root Path:          ./dataset/power_law/
  Data Path:          drift_er150.csv     Features:           M                   
  Target:             OT                  Freq:               h                   
  Checkpoints:        ./checkpoints/      

[1mForecasting Task[0m
  Seq Len:            960                 Label Len:          48                  
  Pred Len:           96                  Seasonal Patterns:  Monthly             
  Inverse:            0                   

[1mModel Parameters[0m
  Top k:              5                   Num Kernels:        6                   
  Enc In:             4                   Dec In:             4                   
  C Out:              4                   d model:            64                  
  n heads:            8                   e layers:           2                   
  d layers:           1                   d FF:               64                  
  Moving Avg:         25                  Factor:             3                   
  Distil:             1                   Dropout:            0.1                 
  Embed:              timeF               Activation:         gelu                

[1mRun Parameters[0m
  Num Workers:        2                   Itr:                1                   
  Train Epochs:       5                   Batch Size:         64                  
  Patience:           3                   Learning Rate:      0.001               
  Des:                Exp                 Loss:               MSE                 
  Lradj:              type1               Use Amp:            0                   

[1mGPU[0m
  Use GPU:            1                   GPU:                0                   
  Use Multi GPU:      0                   Devices:            0,1,2,3             

[1mDe-stationary Projector Params[0m
  P Hidden Dims:      128, 128            P Hidden Layers:    2                   

Use GPU: cuda:0
🚀 Lazy Loading: iTransformer ...
>>>>>>>start training : long_term_forecast_PLv2_iTransformer_drift_er150_sl960_s2021_iTransformer_custom_ftM_sl960_ll48_pl96_dm64_nh8_el2_dl1_df64_expand2_dc4_fc3_ebtimeF_dtTrue_Exp_0>>>>>>>>>>>>>>>>>>>>>>>>>>
train window subsample: keep 14525/16445 windows (max_train_windows=14525)
train 14525
val 2405
test 4905
	iters: 100, epoch: 1 | loss: 0.7893462
	speed: 0.0273s/iter; left time: 28.2460s
	iters: 200, epoch: 1 | loss: 0.7690448
	speed: 0.0085s/iter; left time: 7.9986s
Epoch: 1 cost time: 2.4296674728393555
Epoch: 1, Steps: 227 | Train Loss: 0.7917032 Vali Loss: 0.7631493 Test Loss: 0.7665706
Validation loss decreased (inf --> 0.763149).  Saving model ...
Updating learning rate to 0.001
	iters: 100, epoch: 2 | loss: 0.7814049
	speed: 0.0195s/iter; left time: 15.7572s
	iters: 200, epoch: 2 | loss: 0.7815723
	speed: 0.0088s/iter; left time: 6.2591s
Epoch: 2 cost time: 2.062112331390381
Epoch: 2, Steps: 227 | Train Loss: 0.7715547 Vali Loss: 0.7614961 Test Loss: 0.7665493
Validation loss decreased (0.763149 --> 0.761496).  Saving model ...
Updating learning rate to 0.0005
	iters: 100, epoch: 3 | loss: 0.7662235
	speed: 0.0197s/iter; left time: 11.4904s
	iters: 200, epoch: 3 | loss: 0.7629039
	speed: 0.0091s/iter; left time: 4.3755s
Epoch: 3 cost time: 2.076068639755249
Epoch: 3, Steps: 227 | Train Loss: 0.7672264 Vali Loss: 0.7610255 Test Loss: 0.7669119
Validation loss decreased (0.761496 --> 0.761025).  Saving model ...
Updating learning rate to 0.00025
	iters: 100, epoch: 4 | loss: 0.7752735
	speed: 0.0198s/iter; left time: 7.0256s
	iters: 200, epoch: 4 | loss: 0.7623090
	speed: 0.0090s/iter; left time: 2.2883s
Epoch: 4 cost time: 2.0965933799743652
Epoch: 4, Steps: 227 | Train Loss: 0.7645480 Vali Loss: 0.7624317 Test Loss: 0.7679621
EarlyStopping counter: 1 out of 3
Updating learning rate to 0.000125
	iters: 100, epoch: 5 | loss: 0.7543616
	speed: 0.0201s/iter; left time: 2.5722s
	iters: 200, epoch: 5 | loss: 0.7454733
	speed: 0.0089s/iter; left time: 0.2481s
Epoch: 5 cost time: 2.0626440048217773
Epoch: 5, Steps: 227 | Train Loss: 0.7629629 Vali Loss: 0.7631144 Test Loss: 0.7680911
EarlyStopping counter: 2 out of 3
Updating learning rate to 6.25e-05
>>>>>>>testing : long_term_forecast_PLv2_iTransformer_drift_er150_sl960_s2021_iTransformer_custom_ftM_sl960_ll48_pl96_dm64_nh8_el2_dl1_df64_expand2_dc4_fc3_ebtimeF_dtTrue_Exp_0<<<<<<<<<<<<<<<<<<<<<<<<<<<<<<<<<
test 4905
test shape: (4905, 96, 4) (4905, 96, 4)
test shape: (4905, 96, 4) (4905, 96, 4)
mse:0.7665892243385315, mae:0.6925762295722961, dtw:Not calculated
