Using GPU
Args in experiment:
[1mBasic Config[0m
  Task Name:          long_term_forecast  Is Training:        1                   
  Model ID:           PLv2_iTransformer_drift_er1700_sl960_s2021Model:              iTransformer        

[1mData Loader[0m
  Data:               custom              Root Path:          ./dataset/power_law/
  Data Path:          drift_er1700.csv    Features:           M                   
  Target:             OT                  Freq:               h                   
  Checkpoints:        ./checkpoints/      

[1mForecasting Task[0m
  Seq Len:            960                 Label Len:          48                  
  Pred Len:           96                  Seasonal Patterns:  Monthly             
  Inverse:            0                   

[1mModel Parameters[0m
  Top k:              5                   Num Kernels:        6                   
  Enc In:             4                   Dec In:             4                   
  C Out:              4                   d model:            64                  
  n heads:            8                   e layers:           2                   
  d layers:           1                   d FF:               64                  
  Moving Avg:         25                  Factor:             3                   
  Distil:             1                   Dropout:            0.1                 
  Embed:              timeF               Activation:         gelu                

[1mRun Parameters[0m
  Num Workers:        2                   Itr:                1                   
  Train Epochs:       5                   Batch Size:         64                  
  Patience:           3                   Learning Rate:      0.001               
  Des:                Exp                 Loss:               MSE                 
  Lradj:              type1               Use Amp:            0                   

[1mGPU[0m
  Use GPU:            1                   GPU:                0                   
  Use Multi GPU:      0                   Devices:            0,1,2,3             

[1mDe-stationary Projector Params[0m
  P Hidden Dims:      128, 128            P Hidden Layers:    2                   

Use GPU: cuda:0
🚀 Lazy Loading: iTransformer ...
>>>>>>>start training : long_term_forecast_PLv2_iTransformer_drift_er1700_sl960_s2021_iTransformer_custom_ftM_sl960_ll48_pl96_dm64_nh8_el2_dl1_df64_expand2_dc4_fc3_ebtimeF_dtTrue_Exp_0>>>>>>>>>>>>>>>>>>>>>>>>>>
train window subsample: keep 14525/16445 windows (max_train_windows=14525)
train 14525
val 2405
test 4905
	iters: 100, epoch: 1 | loss: 0.9861788
	speed: 0.0257s/iter; left time: 26.6459s
	iters: 200, epoch: 1 | loss: 0.9610504
	speed: 0.0087s/iter; left time: 8.0978s
Epoch: 1 cost time: 2.4324092864990234
Epoch: 1, Steps: 227 | Train Loss: 0.9962480 Vali Loss: 0.9653997 Test Loss: 0.9646314
Validation loss decreased (inf --> 0.965400).  Saving model ...
Updating learning rate to 0.001
	iters: 100, epoch: 2 | loss: 0.9701035
	speed: 0.0183s/iter; left time: 14.7815s
	iters: 200, epoch: 2 | loss: 0.9775035
	speed: 0.0084s/iter; left time: 5.9753s
Epoch: 2 cost time: 1.9889018535614014
Epoch: 2, Steps: 227 | Train Loss: 0.9744799 Vali Loss: 0.9653543 Test Loss: 0.9641858
Validation loss decreased (0.965400 --> 0.965354).  Saving model ...
Updating learning rate to 0.0005
	iters: 100, epoch: 3 | loss: 0.9526939
	speed: 0.0187s/iter; left time: 10.8823s
	iters: 200, epoch: 3 | loss: 0.9618942
	speed: 0.0081s/iter; left time: 3.9025s
Epoch: 3 cost time: 1.9424431324005127
Epoch: 3, Steps: 227 | Train Loss: 0.9699070 Vali Loss: 0.9664236 Test Loss: 0.9644408
EarlyStopping counter: 1 out of 3
Updating learning rate to 0.00025
	iters: 100, epoch: 4 | loss: 0.9712152
	speed: 0.0179s/iter; left time: 6.3435s
	iters: 200, epoch: 4 | loss: 0.9518389
	speed: 0.0082s/iter; left time: 2.0797s
Epoch: 4 cost time: 1.9440715312957764
Epoch: 4, Steps: 227 | Train Loss: 0.9675075 Vali Loss: 0.9675678 Test Loss: 0.9652209
EarlyStopping counter: 2 out of 3
Updating learning rate to 0.000125
	iters: 100, epoch: 5 | loss: 0.9475309
	speed: 0.0189s/iter; left time: 2.4191s
	iters: 200, epoch: 5 | loss: 0.9757670
	speed: 0.0085s/iter; left time: 0.2381s
Epoch: 5 cost time: 2.02278208732605
Epoch: 5, Steps: 227 | Train Loss: 0.9660969 Vali Loss: 0.9687108 Test Loss: 0.9658494
EarlyStopping counter: 3 out of 3
Early stopping
>>>>>>>testing : long_term_forecast_PLv2_iTransformer_drift_er1700_sl960_s2021_iTransformer_custom_ftM_sl960_ll48_pl96_dm64_nh8_el2_dl1_df64_expand2_dc4_fc3_ebtimeF_dtTrue_Exp_0<<<<<<<<<<<<<<<<<<<<<<<<<<<<<<<<<
test 4905
test shape: (4905, 96, 4) (4905, 96, 4)
test shape: (4905, 96, 4) (4905, 96, 4)
mse:0.9639039039611816, mae:0.781995952129364, dtw:Not calculated
