Using GPU
Args in experiment:
[1mBasic Config[0m
  Task Name:          long_term_forecast  Is Training:        1                   
  Model ID:           PLv2_iTransformer_drift_er250_sl480_s2021Model:              iTransformer        

[1mData Loader[0m
  Data:               custom              Root Path:          ./dataset/power_law/
  Data Path:          drift_er250.csv     Features:           M                   
  Target:             OT                  Freq:               h                   
  Checkpoints:        ./checkpoints/      

[1mForecasting Task[0m
  Seq Len:            480                 Label Len:          48                  
  Pred Len:           96                  Seasonal Patterns:  Monthly             
  Inverse:            0                   

[1mModel Parameters[0m
  Top k:              5                   Num Kernels:        6                   
  Enc In:             4                   Dec In:             4                   
  C Out:              4                   d model:            64                  
  n heads:            8                   e layers:           2                   
  d layers:           1                   d FF:               64                  
  Moving Avg:         25                  Factor:             3                   
  Distil:             1                   Dropout:            0.1                 
  Embed:              timeF               Activation:         gelu                

[1mRun Parameters[0m
  Num Workers:        2                   Itr:                1                   
  Train Epochs:       5                   Batch Size:         64                  
  Patience:           3                   Learning Rate:      0.001               
  Des:                Exp                 Loss:               MSE                 
  Lradj:              type1               Use Amp:            0                   

[1mGPU[0m
  Use GPU:            1                   GPU:                0                   
  Use Multi GPU:      0                   Devices:            0,1,2,3             

[1mDe-stationary Projector Params[0m
  P Hidden Dims:      128, 128            P Hidden Layers:    2                   

Use GPU: cuda:0
🚀 Lazy Loading: iTransformer ...
>>>>>>>start training : long_term_forecast_PLv2_iTransformer_drift_er250_sl480_s2021_iTransformer_custom_ftM_sl480_ll48_pl96_dm64_nh8_el2_dl1_df64_expand2_dc4_fc3_ebtimeF_dtTrue_Exp_0>>>>>>>>>>>>>>>>>>>>>>>>>>
train window subsample: keep 14525/16925 windows (max_train_windows=14525)
train 14525
val 2405
test 4905
	iters: 100, epoch: 1 | loss: 0.8426261
	speed: 0.0246s/iter; left time: 25.4544s
	iters: 200, epoch: 1 | loss: 0.8514172
	speed: 0.0076s/iter; left time: 7.1439s
Epoch: 1 cost time: 2.2162699699401855
Epoch: 1, Steps: 227 | Train Loss: 0.8690642 Vali Loss: 0.8406666 Test Loss: 0.8460260
Validation loss decreased (inf --> 0.840667).  Saving model ...
Updating learning rate to 0.001
	iters: 100, epoch: 2 | loss: 0.8548197
	speed: 0.0170s/iter; left time: 13.7217s
	iters: 200, epoch: 2 | loss: 0.8403890
	speed: 0.0076s/iter; left time: 5.3972s
Epoch: 2 cost time: 1.8034486770629883
Epoch: 2, Steps: 227 | Train Loss: 0.8486134 Vali Loss: 0.8378899 Test Loss: 0.8435618
Validation loss decreased (0.840667 --> 0.837890).  Saving model ...
Updating learning rate to 0.0005
	iters: 100, epoch: 3 | loss: 0.8390691
	speed: 0.0175s/iter; left time: 10.1919s
	iters: 200, epoch: 3 | loss: 0.8443791
	speed: 0.0077s/iter; left time: 3.6994s
Epoch: 3 cost time: 1.9134302139282227
Epoch: 3, Steps: 227 | Train Loss: 0.8453920 Vali Loss: 0.8367701 Test Loss: 0.8430141
Validation loss decreased (0.837890 --> 0.836770).  Saving model ...
Updating learning rate to 0.00025
	iters: 100, epoch: 4 | loss: 0.8483267
	speed: 0.0167s/iter; left time: 5.9252s
	iters: 200, epoch: 4 | loss: 0.8431882
	speed: 0.0077s/iter; left time: 1.9508s
Epoch: 4 cost time: 1.8089051246643066
Epoch: 4, Steps: 227 | Train Loss: 0.8440906 Vali Loss: 0.8365961 Test Loss: 0.8431004
Validation loss decreased (0.836770 --> 0.836596).  Saving model ...
Updating learning rate to 0.000125
	iters: 100, epoch: 5 | loss: 0.8314345
	speed: 0.0165s/iter; left time: 2.1132s
	iters: 200, epoch: 5 | loss: 0.8413460
	speed: 0.0078s/iter; left time: 0.2193s
Epoch: 5 cost time: 1.8409655094146729
Epoch: 5, Steps: 227 | Train Loss: 0.8433023 Vali Loss: 0.8366024 Test Loss: 0.8429207
EarlyStopping counter: 1 out of 3
Updating learning rate to 6.25e-05
>>>>>>>testing : long_term_forecast_PLv2_iTransformer_drift_er250_sl480_s2021_iTransformer_custom_ftM_sl480_ll48_pl96_dm64_nh8_el2_dl1_df64_expand2_dc4_fc3_ebtimeF_dtTrue_Exp_0<<<<<<<<<<<<<<<<<<<<<<<<<<<<<<<<<
test 4905
test shape: (4905, 96, 4) (4905, 96, 4)
test shape: (4905, 96, 4) (4905, 96, 4)
mse:0.8429769277572632, mae:0.7302371859550476, dtw:Not calculated
