Using GPU
Args in experiment:
[1mBasic Config[0m
  Task Name:          long_term_forecast  Is Training:        1                   
  Model ID:           PLv2_iTransformer_drift_er1000_sl720_s2022Model:              iTransformer        

[1mData Loader[0m
  Data:               custom              Root Path:          ./dataset/power_law/
  Data Path:          drift_er1000.csv    Features:           M                   
  Target:             OT                  Freq:               h                   
  Checkpoints:        ./checkpoints/      

[1mForecasting Task[0m
  Seq Len:            720                 Label Len:          48                  
  Pred Len:           96                  Seasonal Patterns:  Monthly             
  Inverse:            0                   

[1mModel Parameters[0m
  Top k:              5                   Num Kernels:        6                   
  Enc In:             4                   Dec In:             4                   
  C Out:              4                   d model:            64                  
  n heads:            8                   e layers:           2                   
  d layers:           1                   d FF:               64                  
  Moving Avg:         25                  Factor:             3                   
  Distil:             1                   Dropout:            0.1                 
  Embed:              timeF               Activation:         gelu                

[1mRun Parameters[0m
  Num Workers:        2                   Itr:                1                   
  Train Epochs:       5                   Batch Size:         64                  
  Patience:           3                   Learning Rate:      0.001               
  Des:                Exp                 Loss:               MSE                 
  Lradj:              type1               Use Amp:            0                   

[1mGPU[0m
  Use GPU:            1                   GPU:                0                   
  Use Multi GPU:      0                   Devices:            0,1,2,3             

[1mDe-stationary Projector Params[0m
  P Hidden Dims:      128, 128            P Hidden Layers:    2                   

Use GPU: cuda:0
🚀 Lazy Loading: iTransformer ...
>>>>>>>start training : long_term_forecast_PLv2_iTransformer_drift_er1000_sl720_s2022_iTransformer_custom_ftM_sl720_ll48_pl96_dm64_nh8_el2_dl1_df64_expand2_dc4_fc3_ebtimeF_dtTrue_Exp_0>>>>>>>>>>>>>>>>>>>>>>>>>>
train window subsample: keep 14525/16685 windows (max_train_windows=14525)
train 14525
val 2405
test 4905
	iters: 100, epoch: 1 | loss: 1.0034547
	speed: 0.0271s/iter; left time: 28.0802s
	iters: 200, epoch: 1 | loss: 0.9905318
	speed: 0.0088s/iter; left time: 8.2328s
Epoch: 1 cost time: 2.4879679679870605
Epoch: 1, Steps: 227 | Train Loss: 1.0113118 Vali Loss: 0.9838733 Test Loss: 0.9811720
Validation loss decreased (inf --> 0.983873).  Saving model ...
Updating learning rate to 0.001
	iters: 100, epoch: 2 | loss: 0.9833610
	speed: 0.0201s/iter; left time: 16.2836s
	iters: 200, epoch: 2 | loss: 0.9815180
	speed: 0.0085s/iter; left time: 6.0044s
Epoch: 2 cost time: 2.025259256362915
Epoch: 2, Steps: 227 | Train Loss: 0.9875503 Vali Loss: 0.9837614 Test Loss: 0.9804381
Validation loss decreased (0.983873 --> 0.983761).  Saving model ...
Updating learning rate to 0.0005
	iters: 100, epoch: 3 | loss: 0.9745890
	speed: 0.0191s/iter; left time: 11.0892s
	iters: 200, epoch: 3 | loss: 0.9835273
	speed: 0.0083s/iter; left time: 4.0126s
Epoch: 3 cost time: 1.9967613220214844
Epoch: 3, Steps: 227 | Train Loss: 0.9837289 Vali Loss: 0.9838160 Test Loss: 0.9798319
EarlyStopping counter: 1 out of 3
Updating learning rate to 0.00025
	iters: 100, epoch: 4 | loss: 0.9856245
	speed: 0.0180s/iter; left time: 6.4062s
	iters: 200, epoch: 4 | loss: 0.9822674
	speed: 0.0081s/iter; left time: 2.0726s
Epoch: 4 cost time: 1.9177563190460205
Epoch: 4, Steps: 227 | Train Loss: 0.9818802 Vali Loss: 0.9837126 Test Loss: 0.9798395
Validation loss decreased (0.983761 --> 0.983713).  Saving model ...
Updating learning rate to 0.000125
	iters: 100, epoch: 5 | loss: 0.9634137
	speed: 0.0185s/iter; left time: 2.3698s
	iters: 200, epoch: 5 | loss: 0.9795488
	speed: 0.0085s/iter; left time: 0.2376s
Epoch: 5 cost time: 1.9903600215911865
Epoch: 5, Steps: 227 | Train Loss: 0.9807959 Vali Loss: 0.9843400 Test Loss: 0.9798091
EarlyStopping counter: 1 out of 3
Updating learning rate to 6.25e-05
>>>>>>>testing : long_term_forecast_PLv2_iTransformer_drift_er1000_sl720_s2022_iTransformer_custom_ftM_sl720_ll48_pl96_dm64_nh8_el2_dl1_df64_expand2_dc4_fc3_ebtimeF_dtTrue_Exp_0<<<<<<<<<<<<<<<<<<<<<<<<<<<<<<<<<
test 4905
test shape: (4905, 96, 4) (4905, 96, 4)
test shape: (4905, 96, 4) (4905, 96, 4)
mse:0.9794754385948181, mae:0.7881015539169312, dtw:Not calculated
