Using GPU
Args in experiment:
[1mBasic Config[0m
  Task Name:          long_term_forecast  Is Training:        1                   
  Model ID:           PLv2_iTransformer_drift_er400_sl336_s2021Model:              iTransformer        

[1mData Loader[0m
  Data:               custom              Root Path:          ./dataset/power_law/
  Data Path:          drift_er400.csv     Features:           M                   
  Target:             OT                  Freq:               h                   
  Checkpoints:        ./checkpoints/      

[1mForecasting Task[0m
  Seq Len:            336                 Label Len:          48                  
  Pred Len:           96                  Seasonal Patterns:  Monthly             
  Inverse:            0                   

[1mModel Parameters[0m
  Top k:              5                   Num Kernels:        6                   
  Enc In:             4                   Dec In:             4                   
  C Out:              4                   d model:            64                  
  n heads:            8                   e layers:           2                   
  d layers:           1                   d FF:               64                  
  Moving Avg:         25                  Factor:             3                   
  Distil:             1                   Dropout:            0.1                 
  Embed:              timeF               Activation:         gelu                

[1mRun Parameters[0m
  Num Workers:        2                   Itr:                1                   
  Train Epochs:       5                   Batch Size:         64                  
  Patience:           3                   Learning Rate:      0.001               
  Des:                Exp                 Loss:               MSE                 
  Lradj:              type1               Use Amp:            0                   

[1mGPU[0m
  Use GPU:            1                   GPU:                0                   
  Use Multi GPU:      0                   Devices:            0,1,2,3             

[1mDe-stationary Projector Params[0m
  P Hidden Dims:      128, 128            P Hidden Layers:    2                   

Use GPU: cuda:0
🚀 Lazy Loading: iTransformer ...
>>>>>>>start training : long_term_forecast_PLv2_iTransformer_drift_er400_sl336_s2021_iTransformer_custom_ftM_sl336_ll48_pl96_dm64_nh8_el2_dl1_df64_expand2_dc4_fc3_ebtimeF_dtTrue_Exp_0>>>>>>>>>>>>>>>>>>>>>>>>>>
train window subsample: keep 14525/17069 windows (max_train_windows=14525)
train 14525
val 2405
test 4905
	iters: 100, epoch: 1 | loss: 0.8898395
	speed: 0.0571s/iter; left time: 59.1836s
	iters: 200, epoch: 1 | loss: 0.8971584
	speed: 0.0081s/iter; left time: 7.5836s
Epoch: 1 cost time: 2.465088129043579
Epoch: 1, Steps: 227 | Train Loss: 0.9144547 Vali Loss: 0.8842547 Test Loss: 0.8909525
Validation loss decreased (inf --> 0.884255).  Saving model ...
Updating learning rate to 0.001
	iters: 100, epoch: 2 | loss: 0.8786988
	speed: 0.0192s/iter; left time: 15.4969s
	iters: 200, epoch: 2 | loss: 0.9126617
	speed: 0.0087s/iter; left time: 6.1887s
Epoch: 2 cost time: 2.045292377471924
Epoch: 2, Steps: 227 | Train Loss: 0.8943896 Vali Loss: 0.8833521 Test Loss: 0.8899649
Validation loss decreased (0.884255 --> 0.883352).  Saving model ...
Updating learning rate to 0.0005
	iters: 100, epoch: 3 | loss: 0.8971442
	speed: 0.0195s/iter; left time: 11.3682s
	iters: 200, epoch: 3 | loss: 0.8923144
	speed: 0.0085s/iter; left time: 4.1199s
Epoch: 3 cost time: 2.0461831092834473
Epoch: 3, Steps: 227 | Train Loss: 0.8918067 Vali Loss: 0.8830865 Test Loss: 0.8894840
Validation loss decreased (0.883352 --> 0.883086).  Saving model ...
Updating learning rate to 0.00025
	iters: 100, epoch: 4 | loss: 0.8870840
	speed: 0.0202s/iter; left time: 7.1766s
	iters: 200, epoch: 4 | loss: 0.8929666
	speed: 0.0089s/iter; left time: 2.2707s
Epoch: 4 cost time: 2.14936900138855
Epoch: 4, Steps: 227 | Train Loss: 0.8907098 Vali Loss: 0.8824328 Test Loss: 0.8891477
Validation loss decreased (0.883086 --> 0.882433).  Saving model ...
Updating learning rate to 0.000125
	iters: 100, epoch: 5 | loss: 0.8943216
	speed: 0.0189s/iter; left time: 2.4177s
	iters: 200, epoch: 5 | loss: 0.9071317
	speed: 0.0085s/iter; left time: 0.2371s
Epoch: 5 cost time: 2.0235280990600586
Epoch: 5, Steps: 227 | Train Loss: 0.8901382 Vali Loss: 0.8819517 Test Loss: 0.8888842
Validation loss decreased (0.882433 --> 0.881952).  Saving model ...
Updating learning rate to 6.25e-05
>>>>>>>testing : long_term_forecast_PLv2_iTransformer_drift_er400_sl336_s2021_iTransformer_custom_ftM_sl336_ll48_pl96_dm64_nh8_el2_dl1_df64_expand2_dc4_fc3_ebtimeF_dtTrue_Exp_0<<<<<<<<<<<<<<<<<<<<<<<<<<<<<<<<<
test 4905
test shape: (4905, 96, 4) (4905, 96, 4)
test shape: (4905, 96, 4) (4905, 96, 4)
mse:0.8889239430427551, mae:0.7511923909187317, dtw:Not calculated
