Using GPU
Args in experiment:
[1mBasic Config[0m
  Task Name:          long_term_forecast  Is Training:        1                   
  Model ID:           PLv2_iTransformer_drift_er4000_sl480_s2022Model:              iTransformer        

[1mData Loader[0m
  Data:               custom              Root Path:          ./dataset/power_law/
  Data Path:          drift_er4000.csv    Features:           M                   
  Target:             OT                  Freq:               h                   
  Checkpoints:        ./checkpoints/      

[1mForecasting Task[0m
  Seq Len:            480                 Label Len:          48                  
  Pred Len:           96                  Seasonal Patterns:  Monthly             
  Inverse:            0                   

[1mModel Parameters[0m
  Top k:              5                   Num Kernels:        6                   
  Enc In:             4                   Dec In:             4                   
  C Out:              4                   d model:            64                  
  n heads:            8                   e layers:           2                   
  d layers:           1                   d FF:               64                  
  Moving Avg:         25                  Factor:             3                   
  Distil:             1                   Dropout:            0.1                 
  Embed:              timeF               Activation:         gelu                

[1mRun Parameters[0m
  Num Workers:        2                   Itr:                1                   
  Train Epochs:       5                   Batch Size:         64                  
  Patience:           3                   Learning Rate:      0.001               
  Des:                Exp                 Loss:               MSE                 
  Lradj:              type1               Use Amp:            0                   

[1mGPU[0m
  Use GPU:            1                   GPU:                0                   
  Use Multi GPU:      0                   Devices:            0,1,2,3             

[1mDe-stationary Projector Params[0m
  P Hidden Dims:      128, 128            P Hidden Layers:    2                   

Use GPU: cuda:0
🚀 Lazy Loading: iTransformer ...
>>>>>>>start training : long_term_forecast_PLv2_iTransformer_drift_er4000_sl480_s2022_iTransformer_custom_ftM_sl480_ll48_pl96_dm64_nh8_el2_dl1_df64_expand2_dc4_fc3_ebtimeF_dtTrue_Exp_0>>>>>>>>>>>>>>>>>>>>>>>>>>
train window subsample: keep 14525/16925 windows (max_train_windows=14525)
train 14525
val 2405
test 4905
	iters: 100, epoch: 1 | loss: 1.0207156
	speed: 0.0278s/iter; left time: 28.7892s
	iters: 200, epoch: 1 | loss: 1.0086393
	speed: 0.0078s/iter; left time: 7.2748s
Epoch: 1 cost time: 2.235020875930786
Epoch: 1, Steps: 227 | Train Loss: 1.0273476 Vali Loss: 0.9966596 Test Loss: 0.9962119
Validation loss decreased (inf --> 0.996660).  Saving model ...
Updating learning rate to 0.001
	iters: 100, epoch: 2 | loss: 1.0182915
	speed: 0.0172s/iter; left time: 13.9482s
	iters: 200, epoch: 2 | loss: 0.9985111
	speed: 0.0078s/iter; left time: 5.5278s
Epoch: 2 cost time: 1.8488595485687256
Epoch: 2, Steps: 227 | Train Loss: 1.0042518 Vali Loss: 0.9957054 Test Loss: 0.9955940
Validation loss decreased (0.996660 --> 0.995705).  Saving model ...
Updating learning rate to 0.0005
	iters: 100, epoch: 3 | loss: 1.0001267
	speed: 0.0174s/iter; left time: 10.1081s
	iters: 200, epoch: 3 | loss: 0.9886764
	speed: 0.0076s/iter; left time: 3.6678s
Epoch: 3 cost time: 1.8517072200775146
Epoch: 3, Steps: 227 | Train Loss: 1.0011371 Vali Loss: 0.9950091 Test Loss: 0.9948077
Validation loss decreased (0.995705 --> 0.995009).  Saving model ...
Updating learning rate to 0.00025
	iters: 100, epoch: 4 | loss: 1.0191450
	speed: 0.0167s/iter; left time: 5.9239s
	iters: 200, epoch: 4 | loss: 0.9939510
	speed: 0.0076s/iter; left time: 1.9466s
Epoch: 4 cost time: 1.8106191158294678
Epoch: 4, Steps: 227 | Train Loss: 0.9999226 Vali Loss: 0.9948432 Test Loss: 0.9945348
Validation loss decreased (0.995009 --> 0.994843).  Saving model ...
Updating learning rate to 0.000125
	iters: 100, epoch: 5 | loss: 0.9959505
	speed: 0.0173s/iter; left time: 2.2157s
	iters: 200, epoch: 5 | loss: 0.9921438
	speed: 0.0076s/iter; left time: 0.2135s
Epoch: 5 cost time: 1.8647844791412354
Epoch: 5, Steps: 227 | Train Loss: 0.9993205 Vali Loss: 0.9946974 Test Loss: 0.9944719
Validation loss decreased (0.994843 --> 0.994697).  Saving model ...
Updating learning rate to 6.25e-05
>>>>>>>testing : long_term_forecast_PLv2_iTransformer_drift_er4000_sl480_s2022_iTransformer_custom_ftM_sl480_ll48_pl96_dm64_nh8_el2_dl1_df64_expand2_dc4_fc3_ebtimeF_dtTrue_Exp_0<<<<<<<<<<<<<<<<<<<<<<<<<<<<<<<<<
test 4905
test shape: (4905, 96, 4) (4905, 96, 4)
test shape: (4905, 96, 4) (4905, 96, 4)
mse:0.9946328997612, mae:0.7941800951957703, dtw:Not calculated
