Using GPU
Args in experiment:
[1mBasic Config[0m
  Task Name:          long_term_forecast  Is Training:        1                   
  Model ID:           PLv2_iTransformer_drift_er4000_sl960_s2022Model:              iTransformer        

[1mData Loader[0m
  Data:               custom              Root Path:          ./dataset/power_law/
  Data Path:          drift_er4000.csv    Features:           M                   
  Target:             OT                  Freq:               h                   
  Checkpoints:        ./checkpoints/      

[1mForecasting Task[0m
  Seq Len:            960                 Label Len:          48                  
  Pred Len:           96                  Seasonal Patterns:  Monthly             
  Inverse:            0                   

[1mModel Parameters[0m
  Top k:              5                   Num Kernels:        6                   
  Enc In:             4                   Dec In:             4                   
  C Out:              4                   d model:            64                  
  n heads:            8                   e layers:           2                   
  d layers:           1                   d FF:               64                  
  Moving Avg:         25                  Factor:             3                   
  Distil:             1                   Dropout:            0.1                 
  Embed:              timeF               Activation:         gelu                

[1mRun Parameters[0m
  Num Workers:        2                   Itr:                1                   
  Train Epochs:       5                   Batch Size:         64                  
  Patience:           3                   Learning Rate:      0.001               
  Des:                Exp                 Loss:               MSE                 
  Lradj:              type1               Use Amp:            0                   

[1mGPU[0m
  Use GPU:            1                   GPU:                0                   
  Use Multi GPU:      0                   Devices:            0,1,2,3             

[1mDe-stationary Projector Params[0m
  P Hidden Dims:      128, 128            P Hidden Layers:    2                   

Use GPU: cuda:0
🚀 Lazy Loading: iTransformer ...
>>>>>>>start training : long_term_forecast_PLv2_iTransformer_drift_er4000_sl960_s2022_iTransformer_custom_ftM_sl960_ll48_pl96_dm64_nh8_el2_dl1_df64_expand2_dc4_fc3_ebtimeF_dtTrue_Exp_0>>>>>>>>>>>>>>>>>>>>>>>>>>
train window subsample: keep 14525/16445 windows (max_train_windows=14525)
train 14525
val 2405
test 4905
	iters: 100, epoch: 1 | loss: 0.9945031
	speed: 0.0267s/iter; left time: 27.6873s
	iters: 200, epoch: 1 | loss: 1.0075883
	speed: 0.0090s/iter; left time: 8.3796s
Epoch: 1 cost time: 2.537020444869995
Epoch: 1, Steps: 227 | Train Loss: 1.0260160 Vali Loss: 0.9940767 Test Loss: 0.9936413
Validation loss decreased (inf --> 0.994077).  Saving model ...
Updating learning rate to 0.001
	iters: 100, epoch: 2 | loss: 0.9887400
	speed: 0.0206s/iter; left time: 16.7055s
	iters: 200, epoch: 2 | loss: 1.0064230
	speed: 0.0092s/iter; left time: 6.5031s
Epoch: 2 cost time: 2.155740976333618
Epoch: 2, Steps: 227 | Train Loss: 1.0018177 Vali Loss: 0.9940869 Test Loss: 0.9937222
EarlyStopping counter: 1 out of 3
Updating learning rate to 0.0005
	iters: 100, epoch: 3 | loss: 0.9949414
	speed: 0.0203s/iter; left time: 11.7893s
	iters: 200, epoch: 3 | loss: 0.9919049
	speed: 0.0090s/iter; left time: 4.3185s
Epoch: 3 cost time: 2.1045007705688477
Epoch: 3, Steps: 227 | Train Loss: 0.9980862 Vali Loss: 0.9935235 Test Loss: 0.9936005
Validation loss decreased (0.994077 --> 0.993524).  Saving model ...
Updating learning rate to 0.00025
	iters: 100, epoch: 4 | loss: 1.0047965
	speed: 0.0202s/iter; left time: 7.1810s
	iters: 200, epoch: 4 | loss: 0.9831117
	speed: 0.0095s/iter; left time: 2.4257s
Epoch: 4 cost time: 2.180595636367798
Epoch: 4, Steps: 227 | Train Loss: 0.9959033 Vali Loss: 0.9947122 Test Loss: 0.9942359
EarlyStopping counter: 1 out of 3
Updating learning rate to 0.000125
	iters: 100, epoch: 5 | loss: 0.9795827
	speed: 0.0207s/iter; left time: 2.6508s
	iters: 200, epoch: 5 | loss: 0.9993758
	speed: 0.0090s/iter; left time: 0.2523s
Epoch: 5 cost time: 2.10343337059021
Epoch: 5, Steps: 227 | Train Loss: 0.9945571 Vali Loss: 0.9950903 Test Loss: 0.9946567
EarlyStopping counter: 2 out of 3
Updating learning rate to 6.25e-05
>>>>>>>testing : long_term_forecast_PLv2_iTransformer_drift_er4000_sl960_s2022_iTransformer_custom_ftM_sl960_ll48_pl96_dm64_nh8_el2_dl1_df64_expand2_dc4_fc3_ebtimeF_dtTrue_Exp_0<<<<<<<<<<<<<<<<<<<<<<<<<<<<<<<<<
test 4905
test shape: (4905, 96, 4) (4905, 96, 4)
test shape: (4905, 96, 4) (4905, 96, 4)
mse:0.9937609434127808, mae:0.7938829064369202, dtw:Not calculated
