Using GPU
Args in experiment:
[1mBasic Config[0m
  Task Name:          long_term_forecast  Is Training:        1                   
  Model ID:           PLv2_iTransformer_drift_er1000_sl336_s2021Model:              iTransformer        

[1mData Loader[0m
  Data:               custom              Root Path:          ./dataset/power_law/
  Data Path:          drift_er1000.csv    Features:           M                   
  Target:             OT                  Freq:               h                   
  Checkpoints:        ./checkpoints/      

[1mForecasting Task[0m
  Seq Len:            336                 Label Len:          48                  
  Pred Len:           96                  Seasonal Patterns:  Monthly             
  Inverse:            0                   

[1mModel Parameters[0m
  Top k:              5                   Num Kernels:        6                   
  Enc In:             4                   Dec In:             4                   
  C Out:              4                   d model:            64                  
  n heads:            8                   e layers:           2                   
  d layers:           1                   d FF:               64                  
  Moving Avg:         25                  Factor:             3                   
  Distil:             1                   Dropout:            0.1                 
  Embed:              timeF               Activation:         gelu                

[1mRun Parameters[0m
  Num Workers:        2                   Itr:                1                   
  Train Epochs:       5                   Batch Size:         64                  
  Patience:           3                   Learning Rate:      0.001               
  Des:                Exp                 Loss:               MSE                 
  Lradj:              type1               Use Amp:            0                   

[1mGPU[0m
  Use GPU:            1                   GPU:                0                   
  Use Multi GPU:      0                   Devices:            0,1,2,3             

[1mDe-stationary Projector Params[0m
  P Hidden Dims:      128, 128            P Hidden Layers:    2                   

Use GPU: cuda:0
🚀 Lazy Loading: iTransformer ...
>>>>>>>start training : long_term_forecast_PLv2_iTransformer_drift_er1000_sl336_s2021_iTransformer_custom_ftM_sl336_ll48_pl96_dm64_nh8_el2_dl1_df64_expand2_dc4_fc3_ebtimeF_dtTrue_Exp_0>>>>>>>>>>>>>>>>>>>>>>>>>>
train window subsample: keep 14525/17069 windows (max_train_windows=14525)
train 14525
val 2405
test 4905
	iters: 100, epoch: 1 | loss: 1.0067823
	speed: 0.0282s/iter; left time: 29.2119s
	iters: 200, epoch: 1 | loss: 0.9951788
	speed: 0.0089s/iter; left time: 8.2926s
Epoch: 1 cost time: 2.457274913787842
Epoch: 1, Steps: 227 | Train Loss: 1.0126067 Vali Loss: 0.9878643 Test Loss: 0.9824285
Validation loss decreased (inf --> 0.987864).  Saving model ...
Updating learning rate to 0.001
	iters: 100, epoch: 2 | loss: 0.9886175
	speed: 0.0195s/iter; left time: 15.8142s
	iters: 200, epoch: 2 | loss: 0.9887769
	speed: 0.0085s/iter; left time: 6.0033s
Epoch: 2 cost time: 2.0448246002197266
Epoch: 2, Steps: 227 | Train Loss: 0.9902933 Vali Loss: 0.9873199 Test Loss: 0.9820666
Validation loss decreased (0.987864 --> 0.987320).  Saving model ...
Updating learning rate to 0.0005
	iters: 100, epoch: 3 | loss: 0.9743792
	speed: 0.0177s/iter; left time: 10.3248s
	iters: 200, epoch: 3 | loss: 0.9815487
	speed: 0.0077s/iter; left time: 3.6982s
Epoch: 3 cost time: 1.831343412399292
Epoch: 3, Steps: 227 | Train Loss: 0.9876495 Vali Loss: 0.9862987 Test Loss: 0.9810355
Validation loss decreased (0.987320 --> 0.986299).  Saving model ...
Updating learning rate to 0.00025
	iters: 100, epoch: 4 | loss: 0.9909064
	speed: 0.0176s/iter; left time: 6.2354s
	iters: 200, epoch: 4 | loss: 0.9891278
	speed: 0.0076s/iter; left time: 1.9480s
Epoch: 4 cost time: 1.853879690170288
Epoch: 4, Steps: 227 | Train Loss: 0.9865071 Vali Loss: 0.9857441 Test Loss: 0.9805600
Validation loss decreased (0.986299 --> 0.985744).  Saving model ...
Updating learning rate to 0.000125
	iters: 100, epoch: 5 | loss: 0.9966025
	speed: 0.0161s/iter; left time: 2.0637s
	iters: 200, epoch: 5 | loss: 1.0008277
	speed: 0.0073s/iter; left time: 0.2045s
Epoch: 5 cost time: 1.7361547946929932
Epoch: 5, Steps: 227 | Train Loss: 0.9859804 Vali Loss: 0.9856063 Test Loss: 0.9804254
Validation loss decreased (0.985744 --> 0.985606).  Saving model ...
Updating learning rate to 6.25e-05
>>>>>>>testing : long_term_forecast_PLv2_iTransformer_drift_er1000_sl336_s2021_iTransformer_custom_ftM_sl336_ll48_pl96_dm64_nh8_el2_dl1_df64_expand2_dc4_fc3_ebtimeF_dtTrue_Exp_0<<<<<<<<<<<<<<<<<<<<<<<<<<<<<<<<<
test 4905
test shape: (4905, 96, 4) (4905, 96, 4)
test shape: (4905, 96, 4) (4905, 96, 4)
mse:0.9800662398338318, mae:0.7881651520729065, dtw:Not calculated
