Using GPU
Args in experiment:
[1mBasic Config[0m
  Task Name:          long_term_forecast  Is Training:        1                   
  Model ID:           PLv2_iTransformer_drift_er400_sl192_s2022Model:              iTransformer        

[1mData Loader[0m
  Data:               custom              Root Path:          ./dataset/power_law/
  Data Path:          drift_er400.csv     Features:           M                   
  Target:             OT                  Freq:               h                   
  Checkpoints:        ./checkpoints/      

[1mForecasting Task[0m
  Seq Len:            192                 Label Len:          48                  
  Pred Len:           96                  Seasonal Patterns:  Monthly             
  Inverse:            0                   

[1mModel Parameters[0m
  Top k:              5                   Num Kernels:        6                   
  Enc In:             4                   Dec In:             4                   
  C Out:              4                   d model:            64                  
  n heads:            8                   e layers:           2                   
  d layers:           1                   d FF:               64                  
  Moving Avg:         25                  Factor:             3                   
  Distil:             1                   Dropout:            0.1                 
  Embed:              timeF               Activation:         gelu                

[1mRun Parameters[0m
  Num Workers:        2                   Itr:                1                   
  Train Epochs:       5                   Batch Size:         64                  
  Patience:           3                   Learning Rate:      0.001               
  Des:                Exp                 Loss:               MSE                 
  Lradj:              type1               Use Amp:            0                   

[1mGPU[0m
  Use GPU:            1                   GPU:                0                   
  Use Multi GPU:      0                   Devices:            0,1,2,3             

[1mDe-stationary Projector Params[0m
  P Hidden Dims:      128, 128            P Hidden Layers:    2                   

Use GPU: cuda:0
🚀 Lazy Loading: iTransformer ...
>>>>>>>start training : long_term_forecast_PLv2_iTransformer_drift_er400_sl192_s2022_iTransformer_custom_ftM_sl192_ll48_pl96_dm64_nh8_el2_dl1_df64_expand2_dc4_fc3_ebtimeF_dtTrue_Exp_0>>>>>>>>>>>>>>>>>>>>>>>>>>
train window subsample: keep 14525/17213 windows (max_train_windows=14525)
train 14525
val 2405
test 4905
	iters: 100, epoch: 1 | loss: 0.9026240
	speed: 0.0248s/iter; left time: 25.6800s
	iters: 200, epoch: 1 | loss: 0.9178619
	speed: 0.0067s/iter; left time: 6.2448s
Epoch: 1 cost time: 2.004413366317749
Epoch: 1, Steps: 227 | Train Loss: 0.9164286 Vali Loss: 0.8841630 Test Loss: 0.8921083
Validation loss decreased (inf --> 0.884163).  Saving model ...
Updating learning rate to 0.001
	iters: 100, epoch: 2 | loss: 0.9014475
	speed: 0.0153s/iter; left time: 12.3947s
	iters: 200, epoch: 2 | loss: 0.8979162
	speed: 0.0067s/iter; left time: 4.7625s
Epoch: 2 cost time: 1.6306242942810059
Epoch: 2, Steps: 227 | Train Loss: 0.8966136 Vali Loss: 0.8833313 Test Loss: 0.8915606
Validation loss decreased (0.884163 --> 0.883331).  Saving model ...
Updating learning rate to 0.0005
	iters: 100, epoch: 3 | loss: 0.8741622
	speed: 0.0156s/iter; left time: 9.0840s
	iters: 200, epoch: 3 | loss: 0.8796384
	speed: 0.0069s/iter; left time: 3.3122s
Epoch: 3 cost time: 1.6531298160552979
Epoch: 3, Steps: 227 | Train Loss: 0.8944642 Vali Loss: 0.8830647 Test Loss: 0.8911206
Validation loss decreased (0.883331 --> 0.883065).  Saving model ...
Updating learning rate to 0.00025
	iters: 100, epoch: 4 | loss: 0.8912336
	speed: 0.0149s/iter; left time: 5.3034s
	iters: 200, epoch: 4 | loss: 0.8895842
	speed: 0.0067s/iter; left time: 1.7110s
Epoch: 4 cost time: 1.6053869724273682
Epoch: 4, Steps: 227 | Train Loss: 0.8936405 Vali Loss: 0.8829660 Test Loss: 0.8907841
Validation loss decreased (0.883065 --> 0.882966).  Saving model ...
Updating learning rate to 0.000125
	iters: 100, epoch: 5 | loss: 0.8850559
	speed: 0.0149s/iter; left time: 1.9100s
	iters: 200, epoch: 5 | loss: 0.8888089
	speed: 0.0066s/iter; left time: 0.1849s
Epoch: 5 cost time: 1.5688965320587158
Epoch: 5, Steps: 227 | Train Loss: 0.8932684 Vali Loss: 0.8826907 Test Loss: 0.8906321
Validation loss decreased (0.882966 --> 0.882691).  Saving model ...
Updating learning rate to 6.25e-05
>>>>>>>testing : long_term_forecast_PLv2_iTransformer_drift_er400_sl192_s2022_iTransformer_custom_ftM_sl192_ll48_pl96_dm64_nh8_el2_dl1_df64_expand2_dc4_fc3_ebtimeF_dtTrue_Exp_0<<<<<<<<<<<<<<<<<<<<<<<<<<<<<<<<<
test 4905
test shape: (4905, 96, 4) (4905, 96, 4)
test shape: (4905, 96, 4) (4905, 96, 4)
mse:0.8906887769699097, mae:0.7519320249557495, dtw:Not calculated
