Using GPU
Args in experiment:
[1mBasic Config[0m
  Task Name:          long_term_forecast  Is Training:        1                   
  Model ID:           PLv2_iTransformer_drift_er650_sl2880_s2022Model:              iTransformer        

[1mData Loader[0m
  Data:               custom              Root Path:          ./dataset/power_law/
  Data Path:          drift_er650.csv     Features:           M                   
  Target:             OT                  Freq:               h                   
  Checkpoints:        ./checkpoints/      

[1mForecasting Task[0m
  Seq Len:            2880                Label Len:          48                  
  Pred Len:           96                  Seasonal Patterns:  Monthly             
  Inverse:            0                   

[1mModel Parameters[0m
  Top k:              5                   Num Kernels:        6                   
  Enc In:             4                   Dec In:             4                   
  C Out:              4                   d model:            64                  
  n heads:            8                   e layers:           2                   
  d layers:           1                   d FF:               64                  
  Moving Avg:         25                  Factor:             3                   
  Distil:             1                   Dropout:            0.1                 
  Embed:              timeF               Activation:         gelu                

[1mRun Parameters[0m
  Num Workers:        2                   Itr:                1                   
  Train Epochs:       5                   Batch Size:         64                  
  Patience:           3                   Learning Rate:      0.001               
  Des:                Exp                 Loss:               MSE                 
  Lradj:              type1               Use Amp:            0                   

[1mGPU[0m
  Use GPU:            1                   GPU:                0                   
  Use Multi GPU:      0                   Devices:            0,1,2,3             

[1mDe-stationary Projector Params[0m
  P Hidden Dims:      128, 128            P Hidden Layers:    2                   

Use GPU: cuda:0
🚀 Lazy Loading: iTransformer ...
>>>>>>>start training : long_term_forecast_PLv2_iTransformer_drift_er650_sl2880_s2022_iTransformer_custom_ftM_sl2880_ll48_pl96_dm64_nh8_el2_dl1_df64_expand2_dc4_fc3_ebtimeF_dtTrue_Exp_0>>>>>>>>>>>>>>>>>>>>>>>>>>
train 14525
val 2405
test 4905
	iters: 100, epoch: 1 | loss: 0.9973888
	speed: 0.0295s/iter; left time: 30.5485s
	iters: 200, epoch: 1 | loss: 0.9845233
	speed: 0.0121s/iter; left time: 11.3595s
Epoch: 1 cost time: 3.1875054836273193
Epoch: 1, Steps: 227 | Train Loss: 1.0012395 Vali Loss: 0.9815028 Test Loss: 0.9831239
Validation loss decreased (inf --> 0.981503).  Saving model ...
Updating learning rate to 0.001
	iters: 100, epoch: 2 | loss: 0.9818327
	speed: 0.0274s/iter; left time: 22.1593s
	iters: 200, epoch: 2 | loss: 0.9532484
	speed: 0.0118s/iter; left time: 8.3681s
Epoch: 2 cost time: 2.762263774871826
Epoch: 2, Steps: 227 | Train Loss: 0.9720192 Vali Loss: 0.9856023 Test Loss: 0.9841313
EarlyStopping counter: 1 out of 3
Updating learning rate to 0.0005
	iters: 100, epoch: 3 | loss: 0.9537307
	speed: 0.0284s/iter; left time: 16.5570s
	iters: 200, epoch: 3 | loss: 0.9708313
	speed: 0.0121s/iter; left time: 5.8444s
Epoch: 3 cost time: 2.841468572616577
Epoch: 3, Steps: 227 | Train Loss: 0.9619158 Vali Loss: 0.9894484 Test Loss: 0.9892780
EarlyStopping counter: 2 out of 3
Updating learning rate to 0.00025
	iters: 100, epoch: 4 | loss: 0.9576335
	speed: 0.0271s/iter; left time: 9.6272s
	iters: 200, epoch: 4 | loss: 0.9526581
	speed: 0.0117s/iter; left time: 2.9709s
Epoch: 4 cost time: 2.7140469551086426
Epoch: 4, Steps: 227 | Train Loss: 0.9549693 Vali Loss: 0.9963810 Test Loss: 0.9903655
EarlyStopping counter: 3 out of 3
Early stopping
>>>>>>>testing : long_term_forecast_PLv2_iTransformer_drift_er650_sl2880_s2022_iTransformer_custom_ftM_sl2880_ll48_pl96_dm64_nh8_el2_dl1_df64_expand2_dc4_fc3_ebtimeF_dtTrue_Exp_0<<<<<<<<<<<<<<<<<<<<<<<<<<<<<<<<<
test 4905
test shape: (4905, 96, 4) (4905, 96, 4)
test shape: (4905, 96, 4) (4905, 96, 4)
mse:0.9833186268806458, mae:0.7903751134872437, dtw:Not calculated
