Using GPU
Args in experiment:
[1mBasic Config[0m
  Task Name:          long_term_forecast  Is Training:        1                   
  Model ID:           PLv2_iTransformer_drift_er150_sl336_s2022Model:              iTransformer        

[1mData Loader[0m
  Data:               custom              Root Path:          ./dataset/power_law/
  Data Path:          drift_er150.csv     Features:           M                   
  Target:             OT                  Freq:               h                   
  Checkpoints:        ./checkpoints/      

[1mForecasting Task[0m
  Seq Len:            336                 Label Len:          48                  
  Pred Len:           96                  Seasonal Patterns:  Monthly             
  Inverse:            0                   

[1mModel Parameters[0m
  Top k:              5                   Num Kernels:        6                   
  Enc In:             4                   Dec In:             4                   
  C Out:              4                   d model:            64                  
  n heads:            8                   e layers:           2                   
  d layers:           1                   d FF:               64                  
  Moving Avg:         25                  Factor:             3                   
  Distil:             1                   Dropout:            0.1                 
  Embed:              timeF               Activation:         gelu                

[1mRun Parameters[0m
  Num Workers:        2                   Itr:                1                   
  Train Epochs:       5                   Batch Size:         64                  
  Patience:           3                   Learning Rate:      0.001               
  Des:                Exp                 Loss:               MSE                 
  Lradj:              type1               Use Amp:            0                   

[1mGPU[0m
  Use GPU:            1                   GPU:                0                   
  Use Multi GPU:      0                   Devices:            0,1,2,3             

[1mDe-stationary Projector Params[0m
  P Hidden Dims:      128, 128            P Hidden Layers:    2                   

Use GPU: cuda:0
🚀 Lazy Loading: iTransformer ...
>>>>>>>start training : long_term_forecast_PLv2_iTransformer_drift_er150_sl336_s2022_iTransformer_custom_ftM_sl336_ll48_pl96_dm64_nh8_el2_dl1_df64_expand2_dc4_fc3_ebtimeF_dtTrue_Exp_0>>>>>>>>>>>>>>>>>>>>>>>>>>
train window subsample: keep 14525/17069 windows (max_train_windows=14525)
train 14525
val 2405
test 4905
	iters: 100, epoch: 1 | loss: 0.7744441
	speed: 0.0255s/iter; left time: 26.4242s
	iters: 200, epoch: 1 | loss: 0.7829423
	speed: 0.0081s/iter; left time: 7.5466s
Epoch: 1 cost time: 2.271345615386963
Epoch: 1, Steps: 227 | Train Loss: 0.7909770 Vali Loss: 0.7635900 Test Loss: 0.7666094
Validation loss decreased (inf --> 0.763590).  Saving model ...
Updating learning rate to 0.001
	iters: 100, epoch: 2 | loss: 0.7737874
	speed: 0.0195s/iter; left time: 15.8128s
	iters: 200, epoch: 2 | loss: 0.7588446
	speed: 0.0084s/iter; left time: 5.9479s
Epoch: 2 cost time: 2.0715126991271973
Epoch: 2, Steps: 227 | Train Loss: 0.7733397 Vali Loss: 0.7601911 Test Loss: 0.7652767
Validation loss decreased (0.763590 --> 0.760191).  Saving model ...
Updating learning rate to 0.0005
	iters: 100, epoch: 3 | loss: 0.7896494
	speed: 0.0184s/iter; left time: 10.7175s
	iters: 200, epoch: 3 | loss: 0.7716626
	speed: 0.0081s/iter; left time: 3.8863s
Epoch: 3 cost time: 1.9106922149658203
Epoch: 3, Steps: 227 | Train Loss: 0.7704476 Vali Loss: 0.7601706 Test Loss: 0.7650084
Validation loss decreased (0.760191 --> 0.760171).  Saving model ...
Updating learning rate to 0.00025
	iters: 100, epoch: 4 | loss: 0.7673417
	speed: 0.0186s/iter; left time: 6.5915s
	iters: 200, epoch: 4 | loss: 0.7652561
	speed: 0.0084s/iter; left time: 2.1526s
Epoch: 4 cost time: 1.9773070812225342
Epoch: 4, Steps: 227 | Train Loss: 0.7694059 Vali Loss: 0.7602610 Test Loss: 0.7647236
EarlyStopping counter: 1 out of 3
Updating learning rate to 0.000125
	iters: 100, epoch: 5 | loss: 0.7632656
	speed: 0.0180s/iter; left time: 2.3010s
	iters: 200, epoch: 5 | loss: 0.7691128
	speed: 0.0080s/iter; left time: 0.2237s
Epoch: 5 cost time: 1.8889665603637695
Epoch: 5, Steps: 227 | Train Loss: 0.7688351 Vali Loss: 0.7599670 Test Loss: 0.7647249
Validation loss decreased (0.760171 --> 0.759967).  Saving model ...
Updating learning rate to 6.25e-05
>>>>>>>testing : long_term_forecast_PLv2_iTransformer_drift_er150_sl336_s2022_iTransformer_custom_ftM_sl336_ll48_pl96_dm64_nh8_el2_dl1_df64_expand2_dc4_fc3_ebtimeF_dtTrue_Exp_0<<<<<<<<<<<<<<<<<<<<<<<<<<<<<<<<<
test 4905
test shape: (4905, 96, 4) (4905, 96, 4)
test shape: (4905, 96, 4) (4905, 96, 4)
mse:0.7644026875495911, mae:0.6914446353912354, dtw:Not calculated
