Using GPU
Args in experiment:
[1mBasic Config[0m
  Task Name:          long_term_forecast  Is Training:        1                   
  Model ID:           PLv2_iTransformer_drift_er4000_sl480_s2021Model:              iTransformer        

[1mData Loader[0m
  Data:               custom              Root Path:          ./dataset/power_law/
  Data Path:          drift_er4000.csv    Features:           M                   
  Target:             OT                  Freq:               h                   
  Checkpoints:        ./checkpoints/      

[1mForecasting Task[0m
  Seq Len:            480                 Label Len:          48                  
  Pred Len:           96                  Seasonal Patterns:  Monthly             
  Inverse:            0                   

[1mModel Parameters[0m
  Top k:              5                   Num Kernels:        6                   
  Enc In:             4                   Dec In:             4                   
  C Out:              4                   d model:            64                  
  n heads:            8                   e layers:           2                   
  d layers:           1                   d FF:               64                  
  Moving Avg:         25                  Factor:             3                   
  Distil:             1                   Dropout:            0.1                 
  Embed:              timeF               Activation:         gelu                

[1mRun Parameters[0m
  Num Workers:        2                   Itr:                1                   
  Train Epochs:       5                   Batch Size:         64                  
  Patience:           3                   Learning Rate:      0.001               
  Des:                Exp                 Loss:               MSE                 
  Lradj:              type1               Use Amp:            0                   

[1mGPU[0m
  Use GPU:            1                   GPU:                0                   
  Use Multi GPU:      0                   Devices:            0,1,2,3             

[1mDe-stationary Projector Params[0m
  P Hidden Dims:      128, 128            P Hidden Layers:    2                   

Use GPU: cuda:0
🚀 Lazy Loading: iTransformer ...
>>>>>>>start training : long_term_forecast_PLv2_iTransformer_drift_er4000_sl480_s2021_iTransformer_custom_ftM_sl480_ll48_pl96_dm64_nh8_el2_dl1_df64_expand2_dc4_fc3_ebtimeF_dtTrue_Exp_0>>>>>>>>>>>>>>>>>>>>>>>>>>
train window subsample: keep 14525/16925 windows (max_train_windows=14525)
train 14525
val 2405
test 4905
	iters: 100, epoch: 1 | loss: 1.0297422
	speed: 0.0247s/iter; left time: 25.6201s
	iters: 200, epoch: 1 | loss: 1.0020659
	speed: 0.0077s/iter; left time: 7.2411s
Epoch: 1 cost time: 2.233076572418213
Epoch: 1, Steps: 227 | Train Loss: 1.0277927 Vali Loss: 0.9960916 Test Loss: 0.9959289
Validation loss decreased (inf --> 0.996092).  Saving model ...
Updating learning rate to 0.001
	iters: 100, epoch: 2 | loss: 0.9885265
	speed: 0.0175s/iter; left time: 14.1262s
	iters: 200, epoch: 2 | loss: 1.0105274
	speed: 0.0080s/iter; left time: 5.6613s
Epoch: 2 cost time: 1.9060769081115723
Epoch: 2, Steps: 227 | Train Loss: 1.0042442 Vali Loss: 0.9956850 Test Loss: 0.9952862
Validation loss decreased (0.996092 --> 0.995685).  Saving model ...
Updating learning rate to 0.0005
	iters: 100, epoch: 3 | loss: 1.0031996
	speed: 0.0173s/iter; left time: 10.0699s
	iters: 200, epoch: 3 | loss: 1.0090978
	speed: 0.0081s/iter; left time: 3.9162s
Epoch: 3 cost time: 1.9510610103607178
Epoch: 3, Steps: 227 | Train Loss: 1.0012797 Vali Loss: 0.9947769 Test Loss: 0.9947361
Validation loss decreased (0.995685 --> 0.994777).  Saving model ...
Updating learning rate to 0.00025
	iters: 100, epoch: 4 | loss: 1.0007745
	speed: 0.0165s/iter; left time: 5.8485s
	iters: 200, epoch: 4 | loss: 0.9938893
	speed: 0.0077s/iter; left time: 1.9665s
Epoch: 4 cost time: 1.8090789318084717
Epoch: 4, Steps: 227 | Train Loss: 1.0001302 Vali Loss: 0.9948572 Test Loss: 0.9946788
EarlyStopping counter: 1 out of 3
Updating learning rate to 0.000125
	iters: 100, epoch: 5 | loss: 1.0012159
	speed: 0.0170s/iter; left time: 2.1740s
	iters: 200, epoch: 5 | loss: 0.9889471
	speed: 0.0078s/iter; left time: 0.2173s
Epoch: 5 cost time: 1.8937146663665771
Epoch: 5, Steps: 227 | Train Loss: 0.9994540 Vali Loss: 0.9946815 Test Loss: 0.9946497
Validation loss decreased (0.994777 --> 0.994681).  Saving model ...
Updating learning rate to 6.25e-05
>>>>>>>testing : long_term_forecast_PLv2_iTransformer_drift_er4000_sl480_s2021_iTransformer_custom_ftM_sl480_ll48_pl96_dm64_nh8_el2_dl1_df64_expand2_dc4_fc3_ebtimeF_dtTrue_Exp_0<<<<<<<<<<<<<<<<<<<<<<<<<<<<<<<<<
test 4905
test shape: (4905, 96, 4) (4905, 96, 4)
test shape: (4905, 96, 4) (4905, 96, 4)
mse:0.9948087930679321, mae:0.7942298650741577, dtw:Not calculated
