Using GPU
Args in experiment:
[1mBasic Config[0m
  Task Name:          long_term_forecast  Is Training:        1                   
  Model ID:           PLv2_iTransformer_drift_er650_sl1440_s2022Model:              iTransformer        

[1mData Loader[0m
  Data:               custom              Root Path:          ./dataset/power_law/
  Data Path:          drift_er650.csv     Features:           M                   
  Target:             OT                  Freq:               h                   
  Checkpoints:        ./checkpoints/      

[1mForecasting Task[0m
  Seq Len:            1440                Label Len:          48                  
  Pred Len:           96                  Seasonal Patterns:  Monthly             
  Inverse:            0                   

[1mModel Parameters[0m
  Top k:              5                   Num Kernels:        6                   
  Enc In:             4                   Dec In:             4                   
  C Out:              4                   d model:            64                  
  n heads:            8                   e layers:           2                   
  d layers:           1                   d FF:               64                  
  Moving Avg:         25                  Factor:             3                   
  Distil:             1                   Dropout:            0.1                 
  Embed:              timeF               Activation:         gelu                

[1mRun Parameters[0m
  Num Workers:        2                   Itr:                1                   
  Train Epochs:       5                   Batch Size:         64                  
  Patience:           3                   Learning Rate:      0.001               
  Des:                Exp                 Loss:               MSE                 
  Lradj:              type1               Use Amp:            0                   

[1mGPU[0m
  Use GPU:            1                   GPU:                0                   
  Use Multi GPU:      0                   Devices:            0,1,2,3             

[1mDe-stationary Projector Params[0m
  P Hidden Dims:      128, 128            P Hidden Layers:    2                   

Use GPU: cuda:0
🚀 Lazy Loading: iTransformer ...
>>>>>>>start training : long_term_forecast_PLv2_iTransformer_drift_er650_sl1440_s2022_iTransformer_custom_ftM_sl1440_ll48_pl96_dm64_nh8_el2_dl1_df64_expand2_dc4_fc3_ebtimeF_dtTrue_Exp_0>>>>>>>>>>>>>>>>>>>>>>>>>>
train window subsample: keep 14525/15965 windows (max_train_windows=14525)
train 14525
val 2405
test 4905
	iters: 100, epoch: 1 | loss: 0.9888681
	speed: 0.0257s/iter; left time: 26.6624s
	iters: 200, epoch: 1 | loss: 0.9739944
	speed: 0.0087s/iter; left time: 8.1078s
Epoch: 1 cost time: 2.403090238571167
Epoch: 1, Steps: 227 | Train Loss: 1.0000776 Vali Loss: 0.9736057 Test Loss: 0.9768287
Validation loss decreased (inf --> 0.973606).  Saving model ...
Updating learning rate to 0.001
	iters: 100, epoch: 2 | loss: 0.9864286
	speed: 0.0185s/iter; left time: 14.9579s
	iters: 200, epoch: 2 | loss: 0.9863186
	speed: 0.0082s/iter; left time: 5.7825s
Epoch: 2 cost time: 1.9551198482513428
Epoch: 2, Steps: 227 | Train Loss: 0.9742321 Vali Loss: 0.9753691 Test Loss: 0.9775672
EarlyStopping counter: 1 out of 3
Updating learning rate to 0.0005
	iters: 100, epoch: 3 | loss: 0.9668107
	speed: 0.0184s/iter; left time: 10.7264s
	iters: 200, epoch: 3 | loss: 0.9551084
	speed: 0.0083s/iter; left time: 4.0045s
Epoch: 3 cost time: 1.9498167037963867
Epoch: 3, Steps: 227 | Train Loss: 0.9682589 Vali Loss: 0.9765320 Test Loss: 0.9781328
EarlyStopping counter: 2 out of 3
Updating learning rate to 0.00025
	iters: 100, epoch: 4 | loss: 0.9549465
	speed: 0.0178s/iter; left time: 6.3187s
	iters: 200, epoch: 4 | loss: 0.9694235
	speed: 0.0082s/iter; left time: 2.0879s
Epoch: 4 cost time: 1.926619291305542
Epoch: 4, Steps: 227 | Train Loss: 0.9645670 Vali Loss: 0.9789394 Test Loss: 0.9803083
EarlyStopping counter: 3 out of 3
Early stopping
>>>>>>>testing : long_term_forecast_PLv2_iTransformer_drift_er650_sl1440_s2022_iTransformer_custom_ftM_sl1440_ll48_pl96_dm64_nh8_el2_dl1_df64_expand2_dc4_fc3_ebtimeF_dtTrue_Exp_0<<<<<<<<<<<<<<<<<<<<<<<<<<<<<<<<<
test 4905
test shape: (4905, 96, 4) (4905, 96, 4)
test shape: (4905, 96, 4) (4905, 96, 4)
mse:0.9769980907440186, mae:0.7877434492111206, dtw:Not calculated
