Using GPU
Args in experiment:
[1mBasic Config[0m
  Task Name:          long_term_forecast  Is Training:        1                   
  Model ID:           PLv2_iTransformer_drift_er1700_sl336_s2021Model:              iTransformer        

[1mData Loader[0m
  Data:               custom              Root Path:          ./dataset/power_law/
  Data Path:          drift_er1700.csv    Features:           M                   
  Target:             OT                  Freq:               h                   
  Checkpoints:        ./checkpoints/      

[1mForecasting Task[0m
  Seq Len:            336                 Label Len:          48                  
  Pred Len:           96                  Seasonal Patterns:  Monthly             
  Inverse:            0                   

[1mModel Parameters[0m
  Top k:              5                   Num Kernels:        6                   
  Enc In:             4                   Dec In:             4                   
  C Out:              4                   d model:            64                  
  n heads:            8                   e layers:           2                   
  d layers:           1                   d FF:               64                  
  Moving Avg:         25                  Factor:             3                   
  Distil:             1                   Dropout:            0.1                 
  Embed:              timeF               Activation:         gelu                

[1mRun Parameters[0m
  Num Workers:        2                   Itr:                1                   
  Train Epochs:       5                   Batch Size:         64                  
  Patience:           3                   Learning Rate:      0.001               
  Des:                Exp                 Loss:               MSE                 
  Lradj:              type1               Use Amp:            0                   

[1mGPU[0m
  Use GPU:            1                   GPU:                0                   
  Use Multi GPU:      0                   Devices:            0,1,2,3             

[1mDe-stationary Projector Params[0m
  P Hidden Dims:      128, 128            P Hidden Layers:    2                   

Use GPU: cuda:0
🚀 Lazy Loading: iTransformer ...
>>>>>>>start training : long_term_forecast_PLv2_iTransformer_drift_er1700_sl336_s2021_iTransformer_custom_ftM_sl336_ll48_pl96_dm64_nh8_el2_dl1_df64_expand2_dc4_fc3_ebtimeF_dtTrue_Exp_0>>>>>>>>>>>>>>>>>>>>>>>>>>
train window subsample: keep 14525/17069 windows (max_train_windows=14525)
train 14525
val 2405
test 4905
	iters: 100, epoch: 1 | loss: 0.9809753
	speed: 0.0255s/iter; left time: 26.3663s
	iters: 200, epoch: 1 | loss: 0.9683525
	speed: 0.0077s/iter; left time: 7.1923s
Epoch: 1 cost time: 2.2084131240844727
Epoch: 1, Steps: 227 | Train Loss: 0.9990738 Vali Loss: 0.9689259 Test Loss: 0.9667801
Validation loss decreased (inf --> 0.968926).  Saving model ...
Updating learning rate to 0.001
	iters: 100, epoch: 2 | loss: 0.9777703
	speed: 0.0169s/iter; left time: 13.6741s
	iters: 200, epoch: 2 | loss: 0.9732180
	speed: 0.0084s/iter; left time: 5.9417s
Epoch: 2 cost time: 1.9221694469451904
Epoch: 2, Steps: 227 | Train Loss: 0.9770357 Vali Loss: 0.9690072 Test Loss: 0.9671261
EarlyStopping counter: 1 out of 3
Updating learning rate to 0.0005
	iters: 100, epoch: 3 | loss: 0.9903234
	speed: 0.0180s/iter; left time: 10.4953s
	iters: 200, epoch: 3 | loss: 0.9733059
	speed: 0.0080s/iter; left time: 3.8654s
Epoch: 3 cost time: 1.8789265155792236
Epoch: 3, Steps: 227 | Train Loss: 0.9744348 Vali Loss: 0.9678806 Test Loss: 0.9660339
Validation loss decreased (0.968926 --> 0.967881).  Saving model ...
Updating learning rate to 0.00025
	iters: 100, epoch: 4 | loss: 0.9879029
	speed: 0.0180s/iter; left time: 6.3753s
	iters: 200, epoch: 4 | loss: 0.9774681
	speed: 0.0085s/iter; left time: 2.1562s
Epoch: 4 cost time: 1.9332606792449951
Epoch: 4, Steps: 227 | Train Loss: 0.9734282 Vali Loss: 0.9676207 Test Loss: 0.9656985
Validation loss decreased (0.967881 --> 0.967621).  Saving model ...
Updating learning rate to 0.000125
	iters: 100, epoch: 5 | loss: 0.9965327
	speed: 0.0177s/iter; left time: 2.2656s
	iters: 200, epoch: 5 | loss: 0.9675463
	speed: 0.0083s/iter; left time: 0.2335s
Epoch: 5 cost time: 1.9192795753479004
Epoch: 5, Steps: 227 | Train Loss: 0.9728639 Vali Loss: 0.9674151 Test Loss: 0.9654695
Validation loss decreased (0.967621 --> 0.967415).  Saving model ...
Updating learning rate to 6.25e-05
>>>>>>>testing : long_term_forecast_PLv2_iTransformer_drift_er1700_sl336_s2021_iTransformer_custom_ftM_sl336_ll48_pl96_dm64_nh8_el2_dl1_df64_expand2_dc4_fc3_ebtimeF_dtTrue_Exp_0<<<<<<<<<<<<<<<<<<<<<<<<<<<<<<<<<
test 4905
test shape: (4905, 96, 4) (4905, 96, 4)
test shape: (4905, 96, 4) (4905, 96, 4)
mse:0.9652069807052612, mae:0.7822558283805847, dtw:Not calculated
