Using GPU
Args in experiment:
[1mBasic Config[0m
  Task Name:          long_term_forecast  Is Training:        1                   
  Model ID:           PLv2_iTransformer_drift_er650_sl480_s2022Model:              iTransformer        

[1mData Loader[0m
  Data:               custom              Root Path:          ./dataset/power_law/
  Data Path:          drift_er650.csv     Features:           M                   
  Target:             OT                  Freq:               h                   
  Checkpoints:        ./checkpoints/      

[1mForecasting Task[0m
  Seq Len:            480                 Label Len:          48                  
  Pred Len:           96                  Seasonal Patterns:  Monthly             
  Inverse:            0                   

[1mModel Parameters[0m
  Top k:              5                   Num Kernels:        6                   
  Enc In:             4                   Dec In:             4                   
  C Out:              4                   d model:            64                  
  n heads:            8                   e layers:           2                   
  d layers:           1                   d FF:               64                  
  Moving Avg:         25                  Factor:             3                   
  Distil:             1                   Dropout:            0.1                 
  Embed:              timeF               Activation:         gelu                

[1mRun Parameters[0m
  Num Workers:        2                   Itr:                1                   
  Train Epochs:       5                   Batch Size:         64                  
  Patience:           3                   Learning Rate:      0.001               
  Des:                Exp                 Loss:               MSE                 
  Lradj:              type1               Use Amp:            0                   

[1mGPU[0m
  Use GPU:            1                   GPU:                0                   
  Use Multi GPU:      0                   Devices:            0,1,2,3             

[1mDe-stationary Projector Params[0m
  P Hidden Dims:      128, 128            P Hidden Layers:    2                   

Use GPU: cuda:0
🚀 Lazy Loading: iTransformer ...
>>>>>>>start training : long_term_forecast_PLv2_iTransformer_drift_er650_sl480_s2022_iTransformer_custom_ftM_sl480_ll48_pl96_dm64_nh8_el2_dl1_df64_expand2_dc4_fc3_ebtimeF_dtTrue_Exp_0>>>>>>>>>>>>>>>>>>>>>>>>>>
train window subsample: keep 14525/16925 windows (max_train_windows=14525)
train 14525
val 2405
test 4905
	iters: 100, epoch: 1 | loss: 0.9801010
	speed: 0.0271s/iter; left time: 28.0403s
	iters: 200, epoch: 1 | loss: 0.9723164
	speed: 0.0084s/iter; left time: 7.8220s
Epoch: 1 cost time: 2.4429023265838623
Epoch: 1, Steps: 227 | Train Loss: 1.0015989 Vali Loss: 0.9745401 Test Loss: 0.9765701
Validation loss decreased (inf --> 0.974540).  Saving model ...
Updating learning rate to 0.001
	iters: 100, epoch: 2 | loss: 0.9904220
	speed: 0.0184s/iter; left time: 14.9074s
	iters: 200, epoch: 2 | loss: 0.9734316
	speed: 0.0080s/iter; left time: 5.6582s
Epoch: 2 cost time: 1.8986945152282715
Epoch: 2, Steps: 227 | Train Loss: 0.9787676 Vali Loss: 0.9729379 Test Loss: 0.9750053
Validation loss decreased (0.974540 --> 0.972938).  Saving model ...
Updating learning rate to 0.0005
	iters: 100, epoch: 3 | loss: 0.9710623
	speed: 0.0176s/iter; left time: 10.2465s
	iters: 200, epoch: 3 | loss: 0.9817440
	speed: 0.0087s/iter; left time: 4.1888s
Epoch: 3 cost time: 1.9719021320343018
Epoch: 3, Steps: 227 | Train Loss: 0.9751169 Vali Loss: 0.9720046 Test Loss: 0.9739065
Validation loss decreased (0.972938 --> 0.972005).  Saving model ...
Updating learning rate to 0.00025
	iters: 100, epoch: 4 | loss: 0.9693460
	speed: 0.0182s/iter; left time: 6.4608s
	iters: 200, epoch: 4 | loss: 0.9677497
	speed: 0.0077s/iter; left time: 1.9538s
Epoch: 4 cost time: 1.8487129211425781
Epoch: 4, Steps: 227 | Train Loss: 0.9738115 Vali Loss: 0.9719651 Test Loss: 0.9736149
Validation loss decreased (0.972005 --> 0.971965).  Saving model ...
Updating learning rate to 0.000125
	iters: 100, epoch: 5 | loss: 0.9757681
	speed: 0.0173s/iter; left time: 2.2164s
	iters: 200, epoch: 5 | loss: 0.9716913
	speed: 0.0077s/iter; left time: 0.2168s
Epoch: 5 cost time: 1.8575971126556396
Epoch: 5, Steps: 227 | Train Loss: 0.9731109 Vali Loss: 0.9715009 Test Loss: 0.9735420
Validation loss decreased (0.971965 --> 0.971501).  Saving model ...
Updating learning rate to 6.25e-05
>>>>>>>testing : long_term_forecast_PLv2_iTransformer_drift_er650_sl480_s2022_iTransformer_custom_ftM_sl480_ll48_pl96_dm64_nh8_el2_dl1_df64_expand2_dc4_fc3_ebtimeF_dtTrue_Exp_0<<<<<<<<<<<<<<<<<<<<<<<<<<<<<<<<<
test 4905
test shape: (4905, 96, 4) (4905, 96, 4)
test shape: (4905, 96, 4) (4905, 96, 4)
mse:0.973694384098053, mae:0.7862720489501953, dtw:Not calculated
