Using GPU
Args in experiment:
[1mBasic Config[0m
  Task Name:          long_term_forecast  Is Training:        1                   
  Model ID:           PLv2_iTransformer_drift_er250_sl2000_s2022Model:              iTransformer        

[1mData Loader[0m
  Data:               custom              Root Path:          ./dataset/power_law/
  Data Path:          drift_er250.csv     Features:           M                   
  Target:             OT                  Freq:               h                   
  Checkpoints:        ./checkpoints/      

[1mForecasting Task[0m
  Seq Len:            2000                Label Len:          48                  
  Pred Len:           96                  Seasonal Patterns:  Monthly             
  Inverse:            0                   

[1mModel Parameters[0m
  Top k:              5                   Num Kernels:        6                   
  Enc In:             4                   Dec In:             4                   
  C Out:              4                   d model:            64                  
  n heads:            8                   e layers:           2                   
  d layers:           1                   d FF:               64                  
  Moving Avg:         25                  Factor:             3                   
  Distil:             1                   Dropout:            0.1                 
  Embed:              timeF               Activation:         gelu                

[1mRun Parameters[0m
  Num Workers:        2                   Itr:                1                   
  Train Epochs:       5                   Batch Size:         64                  
  Patience:           3                   Learning Rate:      0.001               
  Des:                Exp                 Loss:               MSE                 
  Lradj:              type1               Use Amp:            0                   

[1mGPU[0m
  Use GPU:            1                   GPU:                0                   
  Use Multi GPU:      0                   Devices:            0,1,2,3             

[1mDe-stationary Projector Params[0m
  P Hidden Dims:      128, 128            P Hidden Layers:    2                   

Use GPU: cuda:0
🚀 Lazy Loading: iTransformer ...
>>>>>>>start training : long_term_forecast_PLv2_iTransformer_drift_er250_sl2000_s2022_iTransformer_custom_ftM_sl2000_ll48_pl96_dm64_nh8_el2_dl1_df64_expand2_dc4_fc3_ebtimeF_dtTrue_Exp_0>>>>>>>>>>>>>>>>>>>>>>>>>>
train window subsample: keep 14525/15405 windows (max_train_windows=14525)
train 14525
val 2405
test 4905
	iters: 100, epoch: 1 | loss: 0.8467525
	speed: 0.0274s/iter; left time: 28.3698s
	iters: 200, epoch: 1 | loss: 0.8430693
	speed: 0.0102s/iter; left time: 9.5166s
Epoch: 1 cost time: 2.770345449447632
Epoch: 1, Steps: 227 | Train Loss: 0.8688788 Vali Loss: 0.8426493 Test Loss: 0.8446118
Validation loss decreased (inf --> 0.842649).  Saving model ...
Updating learning rate to 0.001
	iters: 100, epoch: 2 | loss: 0.8431987
	speed: 0.0227s/iter; left time: 18.3392s
	iters: 200, epoch: 2 | loss: 0.8414463
	speed: 0.0101s/iter; left time: 7.1712s
Epoch: 2 cost time: 2.3850889205932617
Epoch: 2, Steps: 227 | Train Loss: 0.8442854 Vali Loss: 0.8539542 Test Loss: 0.8458701
EarlyStopping counter: 1 out of 3
Updating learning rate to 0.0005
	iters: 100, epoch: 3 | loss: 0.8351642
	speed: 0.0230s/iter; left time: 13.3960s
	iters: 200, epoch: 3 | loss: 0.8313310
	speed: 0.0102s/iter; left time: 4.9161s
Epoch: 3 cost time: 2.40734601020813
Epoch: 3, Steps: 227 | Train Loss: 0.8374689 Vali Loss: 0.8561382 Test Loss: 0.8474445
EarlyStopping counter: 2 out of 3
Updating learning rate to 0.00025
	iters: 100, epoch: 4 | loss: 0.8271395
	speed: 0.0220s/iter; left time: 7.8148s
	iters: 200, epoch: 4 | loss: 0.8235027
	speed: 0.0099s/iter; left time: 2.5192s
Epoch: 4 cost time: 2.3033220767974854
Epoch: 4, Steps: 227 | Train Loss: 0.8332104 Vali Loss: 0.8571537 Test Loss: 0.8486702
EarlyStopping counter: 3 out of 3
Early stopping
>>>>>>>testing : long_term_forecast_PLv2_iTransformer_drift_er250_sl2000_s2022_iTransformer_custom_ftM_sl2000_ll48_pl96_dm64_nh8_el2_dl1_df64_expand2_dc4_fc3_ebtimeF_dtTrue_Exp_0<<<<<<<<<<<<<<<<<<<<<<<<<<<<<<<<<
test 4905
test shape: (4905, 96, 4) (4905, 96, 4)
test shape: (4905, 96, 4) (4905, 96, 4)
mse:0.8444593548774719, mae:0.7308834195137024, dtw:Not calculated
