Using GPU
Args in experiment:
[1mBasic Config[0m
  Task Name:          long_term_forecast  Is Training:        1                   
  Model ID:           PLv2_iTransformer_drift_er2500_sl960_s2021Model:              iTransformer        

[1mData Loader[0m
  Data:               custom              Root Path:          ./dataset/power_law/
  Data Path:          drift_er2500.csv    Features:           M                   
  Target:             OT                  Freq:               h                   
  Checkpoints:        ./checkpoints/      

[1mForecasting Task[0m
  Seq Len:            960                 Label Len:          48                  
  Pred Len:           96                  Seasonal Patterns:  Monthly             
  Inverse:            0                   

[1mModel Parameters[0m
  Top k:              5                   Num Kernels:        6                   
  Enc In:             4                   Dec In:             4                   
  C Out:              4                   d model:            64                  
  n heads:            8                   e layers:           2                   
  d layers:           1                   d FF:               64                  
  Moving Avg:         25                  Factor:             3                   
  Distil:             1                   Dropout:            0.1                 
  Embed:              timeF               Activation:         gelu                

[1mRun Parameters[0m
  Num Workers:        2                   Itr:                1                   
  Train Epochs:       5                   Batch Size:         64                  
  Patience:           3                   Learning Rate:      0.001               
  Des:                Exp                 Loss:               MSE                 
  Lradj:              type1               Use Amp:            0                   

[1mGPU[0m
  Use GPU:            1                   GPU:                0                   
  Use Multi GPU:      0                   Devices:            0,1,2,3             

[1mDe-stationary Projector Params[0m
  P Hidden Dims:      128, 128            P Hidden Layers:    2                   

Use GPU: cuda:0
🚀 Lazy Loading: iTransformer ...
>>>>>>>start training : long_term_forecast_PLv2_iTransformer_drift_er2500_sl960_s2021_iTransformer_custom_ftM_sl960_ll48_pl96_dm64_nh8_el2_dl1_df64_expand2_dc4_fc3_ebtimeF_dtTrue_Exp_0>>>>>>>>>>>>>>>>>>>>>>>>>>
train window subsample: keep 14525/16445 windows (max_train_windows=14525)
train 14525
val 2405
test 4905
	iters: 100, epoch: 1 | loss: 0.9990956
	speed: 0.0258s/iter; left time: 26.7325s
	iters: 200, epoch: 1 | loss: 0.9790764
	speed: 0.0086s/iter; left time: 8.0831s
Epoch: 1 cost time: 2.3979012966156006
Epoch: 1, Steps: 227 | Train Loss: 1.0132694 Vali Loss: 0.9850479 Test Loss: 0.9829084
Validation loss decreased (inf --> 0.985048).  Saving model ...
Updating learning rate to 0.001
	iters: 100, epoch: 2 | loss: 0.9987406
	speed: 0.0186s/iter; left time: 15.0668s
	iters: 200, epoch: 2 | loss: 0.9922932
	speed: 0.0085s/iter; left time: 6.0542s
Epoch: 2 cost time: 2.014777660369873
Epoch: 2, Steps: 227 | Train Loss: 0.9918039 Vali Loss: 0.9850458 Test Loss: 0.9831468
Validation loss decreased (0.985048 --> 0.985046).  Saving model ...
Updating learning rate to 0.0005
	iters: 100, epoch: 3 | loss: 0.9838271
	speed: 0.0183s/iter; left time: 10.6782s
	iters: 200, epoch: 3 | loss: 0.9829366
	speed: 0.0083s/iter; left time: 4.0104s
Epoch: 3 cost time: 1.9547960758209229
Epoch: 3, Steps: 227 | Train Loss: 0.9877222 Vali Loss: 0.9849971 Test Loss: 0.9835088
Validation loss decreased (0.985046 --> 0.984997).  Saving model ...
Updating learning rate to 0.00025
	iters: 100, epoch: 4 | loss: 0.9942851
	speed: 0.0182s/iter; left time: 6.4686s
	iters: 200, epoch: 4 | loss: 0.9778194
	speed: 0.0085s/iter; left time: 2.1752s
Epoch: 4 cost time: 2.01203989982605
Epoch: 4, Steps: 227 | Train Loss: 0.9853470 Vali Loss: 0.9857369 Test Loss: 0.9840018
EarlyStopping counter: 1 out of 3
Updating learning rate to 0.000125
	iters: 100, epoch: 5 | loss: 0.9744803
	speed: 0.0194s/iter; left time: 2.4845s
	iters: 200, epoch: 5 | loss: 0.9883250
	speed: 0.0085s/iter; left time: 0.2388s
Epoch: 5 cost time: 2.0287024974823
Epoch: 5, Steps: 227 | Train Loss: 0.9838065 Vali Loss: 0.9864103 Test Loss: 0.9845668
EarlyStopping counter: 2 out of 3
Updating learning rate to 6.25e-05
>>>>>>>testing : long_term_forecast_PLv2_iTransformer_drift_er2500_sl960_s2021_iTransformer_custom_ftM_sl960_ll48_pl96_dm64_nh8_el2_dl1_df64_expand2_dc4_fc3_ebtimeF_dtTrue_Exp_0<<<<<<<<<<<<<<<<<<<<<<<<<<<<<<<<<
test 4905
test shape: (4905, 96, 4) (4905, 96, 4)
test shape: (4905, 96, 4) (4905, 96, 4)
mse:0.9832810759544373, mae:0.7891893982887268, dtw:Not calculated
