Using GPU
Args in experiment:
[1mBasic Config[0m
  Task Name:          long_term_forecast  Is Training:        1                   
  Model ID:           PLv2_iTransformer_drift_er1000_sl96_s2022Model:              iTransformer        

[1mData Loader[0m
  Data:               custom              Root Path:          ./dataset/power_law/
  Data Path:          drift_er1000.csv    Features:           M                   
  Target:             OT                  Freq:               h                   
  Checkpoints:        ./checkpoints/      

[1mForecasting Task[0m
  Seq Len:            96                  Label Len:          48                  
  Pred Len:           96                  Seasonal Patterns:  Monthly             
  Inverse:            0                   

[1mModel Parameters[0m
  Top k:              5                   Num Kernels:        6                   
  Enc In:             4                   Dec In:             4                   
  C Out:              4                   d model:            64                  
  n heads:            8                   e layers:           2                   
  d layers:           1                   d FF:               64                  
  Moving Avg:         25                  Factor:             3                   
  Distil:             1                   Dropout:            0.1                 
  Embed:              timeF               Activation:         gelu                

[1mRun Parameters[0m
  Num Workers:        2                   Itr:                1                   
  Train Epochs:       5                   Batch Size:         64                  
  Patience:           3                   Learning Rate:      0.001               
  Des:                Exp                 Loss:               MSE                 
  Lradj:              type1               Use Amp:            0                   

[1mGPU[0m
  Use GPU:            1                   GPU:                0                   
  Use Multi GPU:      0                   Devices:            0,1,2,3             

[1mDe-stationary Projector Params[0m
  P Hidden Dims:      128, 128            P Hidden Layers:    2                   

Use GPU: cuda:0
🚀 Lazy Loading: iTransformer ...
>>>>>>>start training : long_term_forecast_PLv2_iTransformer_drift_er1000_sl96_s2022_iTransformer_custom_ftM_sl96_ll48_pl96_dm64_nh8_el2_dl1_df64_expand2_dc4_fc3_ebtimeF_dtTrue_Exp_0>>>>>>>>>>>>>>>>>>>>>>>>>>
train window subsample: keep 14525/17309 windows (max_train_windows=14525)
train 14525
val 2405
test 4905
	iters: 100, epoch: 1 | loss: 1.0052097
	speed: 0.0245s/iter; left time: 25.3809s
	iters: 200, epoch: 1 | loss: 0.9830691
	speed: 0.0075s/iter; left time: 6.9828s
Epoch: 1 cost time: 2.1543073654174805
Epoch: 1, Steps: 227 | Train Loss: 1.0202274 Vali Loss: 0.9961722 Test Loss: 0.9922138
Validation loss decreased (inf --> 0.996172).  Saving model ...
Updating learning rate to 0.001
	iters: 100, epoch: 2 | loss: 1.0050638
	speed: 0.0168s/iter; left time: 13.5738s
	iters: 200, epoch: 2 | loss: 0.9934853
	speed: 0.0082s/iter; left time: 5.7916s
Epoch: 2 cost time: 1.902543544769287
Epoch: 2, Steps: 227 | Train Loss: 1.0009197 Vali Loss: 0.9960490 Test Loss: 0.9917482
Validation loss decreased (0.996172 --> 0.996049).  Saving model ...
Updating learning rate to 0.0005
	iters: 100, epoch: 3 | loss: 1.0201060
	speed: 0.0175s/iter; left time: 10.2002s
	iters: 200, epoch: 3 | loss: 0.9976230
	speed: 0.0084s/iter; left time: 4.0333s
Epoch: 3 cost time: 1.969142198562622
Epoch: 3, Steps: 227 | Train Loss: 0.9985776 Vali Loss: 0.9950041 Test Loss: 0.9908055
Validation loss decreased (0.996049 --> 0.995004).  Saving model ...
Updating learning rate to 0.00025
	iters: 100, epoch: 4 | loss: 0.9980953
	speed: 0.0172s/iter; left time: 6.1088s
	iters: 200, epoch: 4 | loss: 0.9915966
	speed: 0.0081s/iter; left time: 2.0627s
Epoch: 4 cost time: 1.919947624206543
Epoch: 4, Steps: 227 | Train Loss: 0.9975463 Vali Loss: 0.9948555 Test Loss: 0.9905109
Validation loss decreased (0.995004 --> 0.994855).  Saving model ...
Updating learning rate to 0.000125
	iters: 100, epoch: 5 | loss: 1.0037338
	speed: 0.0171s/iter; left time: 2.1905s
	iters: 200, epoch: 5 | loss: 0.9987058
	speed: 0.0079s/iter; left time: 0.2200s
Epoch: 5 cost time: 1.8804266452789307
Epoch: 5, Steps: 227 | Train Loss: 0.9970910 Vali Loss: 0.9943101 Test Loss: 0.9902064
Validation loss decreased (0.994855 --> 0.994310).  Saving model ...
Updating learning rate to 6.25e-05
>>>>>>>testing : long_term_forecast_PLv2_iTransformer_drift_er1000_sl96_s2022_iTransformer_custom_ftM_sl96_ll48_pl96_dm64_nh8_el2_dl1_df64_expand2_dc4_fc3_ebtimeF_dtTrue_Exp_0<<<<<<<<<<<<<<<<<<<<<<<<<<<<<<<<<
test 4905
test shape: (4905, 96, 4) (4905, 96, 4)
test shape: (4905, 96, 4) (4905, 96, 4)
mse:0.9898159503936768, mae:0.7920669913291931, dtw:Not calculated
