Using GPU
Args in experiment:
[1mBasic Config[0m
  Task Name:          long_term_forecast  Is Training:        1                   
  Model ID:           PLv2_iTransformer_drift_er6000_sl720_s2021Model:              iTransformer        

[1mData Loader[0m
  Data:               custom              Root Path:          ./dataset/power_law/
  Data Path:          drift_er6000.csv    Features:           M                   
  Target:             OT                  Freq:               h                   
  Checkpoints:        ./checkpoints/      

[1mForecasting Task[0m
  Seq Len:            720                 Label Len:          48                  
  Pred Len:           96                  Seasonal Patterns:  Monthly             
  Inverse:            0                   

[1mModel Parameters[0m
  Top k:              5                   Num Kernels:        6                   
  Enc In:             4                   Dec In:             4                   
  C Out:              4                   d model:            64                  
  n heads:            8                   e layers:           2                   
  d layers:           1                   d FF:               64                  
  Moving Avg:         25                  Factor:             3                   
  Distil:             1                   Dropout:            0.1                 
  Embed:              timeF               Activation:         gelu                

[1mRun Parameters[0m
  Num Workers:        2                   Itr:                1                   
  Train Epochs:       5                   Batch Size:         64                  
  Patience:           3                   Learning Rate:      0.001               
  Des:                Exp                 Loss:               MSE                 
  Lradj:              type1               Use Amp:            0                   

[1mGPU[0m
  Use GPU:            1                   GPU:                0                   
  Use Multi GPU:      0                   Devices:            0,1,2,3             

[1mDe-stationary Projector Params[0m
  P Hidden Dims:      128, 128            P Hidden Layers:    2                   

Use GPU: cuda:0
🚀 Lazy Loading: iTransformer ...
>>>>>>>start training : long_term_forecast_PLv2_iTransformer_drift_er6000_sl720_s2021_iTransformer_custom_ftM_sl720_ll48_pl96_dm64_nh8_el2_dl1_df64_expand2_dc4_fc3_ebtimeF_dtTrue_Exp_0>>>>>>>>>>>>>>>>>>>>>>>>>>
train window subsample: keep 14525/16685 windows (max_train_windows=14525)
train 14525
val 2405
test 4905
	iters: 100, epoch: 1 | loss: 1.0155482
	speed: 0.0269s/iter; left time: 27.9039s
	iters: 200, epoch: 1 | loss: 1.0091355
	speed: 0.0088s/iter; left time: 8.2004s
Epoch: 1 cost time: 2.4740235805511475
Epoch: 1, Steps: 227 | Train Loss: 1.0274427 Vali Loss: 0.9952159 Test Loss: 0.9964737
Validation loss decreased (inf --> 0.995216).  Saving model ...
Updating learning rate to 0.001
	iters: 100, epoch: 2 | loss: 0.9993913
	speed: 0.0188s/iter; left time: 15.1849s
	iters: 200, epoch: 2 | loss: 0.9984693
	speed: 0.0085s/iter; left time: 6.0548s
Epoch: 2 cost time: 1.9931349754333496
Epoch: 2, Steps: 227 | Train Loss: 1.0051059 Vali Loss: 0.9951646 Test Loss: 0.9964897
Validation loss decreased (0.995216 --> 0.995165).  Saving model ...
Updating learning rate to 0.0005
	iters: 100, epoch: 3 | loss: 1.0028493
	speed: 0.0185s/iter; left time: 10.7892s
	iters: 200, epoch: 3 | loss: 0.9920670
	speed: 0.0085s/iter; left time: 4.0848s
Epoch: 3 cost time: 1.9677469730377197
Epoch: 3, Steps: 227 | Train Loss: 1.0018295 Vali Loss: 0.9949325 Test Loss: 0.9959771
Validation loss decreased (0.995165 --> 0.994933).  Saving model ...
Updating learning rate to 0.00025
	iters: 100, epoch: 4 | loss: 0.9988110
	speed: 0.0191s/iter; left time: 6.7772s
	iters: 200, epoch: 4 | loss: 1.0084467
	speed: 0.0083s/iter; left time: 2.1206s
Epoch: 4 cost time: 1.9688177108764648
Epoch: 4, Steps: 227 | Train Loss: 1.0001354 Vali Loss: 0.9948591 Test Loss: 0.9960976
Validation loss decreased (0.994933 --> 0.994859).  Saving model ...
Updating learning rate to 0.000125
	iters: 100, epoch: 5 | loss: 0.9810648
	speed: 0.0202s/iter; left time: 2.5909s
	iters: 200, epoch: 5 | loss: 1.0080695
	speed: 0.0085s/iter; left time: 0.2366s
Epoch: 5 cost time: 2.034403085708618
Epoch: 5, Steps: 227 | Train Loss: 0.9990546 Vali Loss: 0.9949467 Test Loss: 0.9963344
EarlyStopping counter: 1 out of 3
Updating learning rate to 6.25e-05
>>>>>>>testing : long_term_forecast_PLv2_iTransformer_drift_er6000_sl720_s2021_iTransformer_custom_ftM_sl720_ll48_pl96_dm64_nh8_el2_dl1_df64_expand2_dc4_fc3_ebtimeF_dtTrue_Exp_0<<<<<<<<<<<<<<<<<<<<<<<<<<<<<<<<<
test 4905
test shape: (4905, 96, 4) (4905, 96, 4)
test shape: (4905, 96, 4) (4905, 96, 4)
mse:0.9962663650512695, mae:0.7947436571121216, dtw:Not calculated
