[plv2] 360 runs total, 360 to do
[plv2] start PLv2_iTransformer_drift_er50_sl2880_s2021 on GPU 2 lane 0 (pid 3300646)
[plv2] start PLv2_iTransformer_drift_er50_sl2880_s2022 on GPU 2 lane 1 (pid 3300647)
[plv2] start PLv2_iTransformer_drift_er150_sl2880_s2021 on GPU 3 lane 0 (pid 3300648)
[plv2] start PLv2_iTransformer_drift_er150_sl2880_s2022 on GPU 3 lane 1 (pid 3300649)
[plv2] done PLv2_iTransformer_drift_er50_sl2880_s2021 (GPU 2), metrics_written=True
[plv2] done PLv2_iTransformer_drift_er50_sl2880_s2022 (GPU 2), metrics_written=True
[plv2] done PLv2_iTransformer_drift_er150_sl2880_s2021 (GPU 3), metrics_written=True
[plv2] done PLv2_iTransformer_drift_er150_sl2880_s2022 (GPU 3), metrics_written=True
[plv2] start PLv2_iTransformer_drift_er250_sl2880_s2021 on GPU 2 lane 0 (pid 3301402)
[plv2] start PLv2_iTransformer_drift_er250_sl2880_s2022 on GPU 2 lane 1 (pid 3301403)
[plv2] start PLv2_iTransformer_drift_er400_sl2880_s2021 on GPU 3 lane 0 (pid 3301404)
[plv2] start PLv2_iTransformer_drift_er400_sl2880_s2022 on GPU 3 lane 1 (pid 3301405)
[plv2] done PLv2_iTransformer_drift_er250_sl2880_s2021 (GPU 2), metrics_written=True
[plv2] done PLv2_iTransformer_drift_er250_sl2880_s2022 (GPU 2), metrics_written=True
[plv2] done PLv2_iTransformer_drift_er400_sl2880_s2021 (GPU 3), metrics_written=True
[plv2] done PLv2_iTransformer_drift_er400_sl2880_s2022 (GPU 3), metrics_written=True
[plv2] start PLv2_iTransformer_drift_er650_sl2880_s2021 on GPU 2 lane 0 (pid 3302738)
[plv2] start PLv2_iTransformer_drift_er650_sl2880_s2022 on GPU 2 lane 1 (pid 3302739)
[plv2] start PLv2_iTransformer_drift_er1000_sl2880_s2021 on GPU 3 lane 0 (pid 3302740)
[plv2] start PLv2_iTransformer_drift_er1000_sl2880_s2022 on GPU 3 lane 1 (pid 3302741)
[plv2] done PLv2_iTransformer_drift_er650_sl2880_s2021 (GPU 2), metrics_written=True
[plv2] done PLv2_iTransformer_drift_er650_sl2880_s2022 (GPU 2), metrics_written=True
[plv2] done PLv2_iTransformer_drift_er1000_sl2880_s2021 (GPU 3), metrics_written=True
[plv2] done PLv2_iTransformer_drift_er1000_sl2880_s2022 (GPU 3), metrics_written=True
[plv2] start PLv2_iTransformer_drift_er1700_sl2880_s2021 on GPU 2 lane 0 (pid 3303472)
[plv2] start PLv2_iTransformer_drift_er1700_sl2880_s2022 on GPU 2 lane 1 (pid 3303473)
[plv2] start PLv2_iTransformer_drift_er2500_sl2880_s2021 on GPU 3 lane 0 (pid 3303474)
[plv2] start PLv2_iTransformer_drift_er2500_sl2880_s2022 on GPU 3 lane 1 (pid 3303475)
[plv2] done PLv2_iTransformer_drift_er1700_sl2880_s2021 (GPU 2), metrics_written=True
[plv2] done PLv2_iTransformer_drift_er1700_sl2880_s2022 (GPU 2), metrics_written=True
[plv2] done PLv2_iTransformer_drift_er2500_sl2880_s2021 (GPU 3), metrics_written=True
[plv2] done PLv2_iTransformer_drift_er2500_sl2880_s2022 (GPU 3), metrics_written=True
[plv2] start PLv2_iTransformer_drift_er4000_sl2880_s2021 on GPU 2 lane 0 (pid 3304708)
[plv2] start PLv2_iTransformer_drift_er4000_sl2880_s2022 on GPU 2 lane 1 (pid 3304709)
[plv2] start PLv2_iTransformer_drift_er6000_sl2880_s2021 on GPU 3 lane 0 (pid 3304710)
[plv2] start PLv2_iTransformer_drift_er6000_sl2880_s2022 on GPU 3 lane 1 (pid 3304711)
[plv2] done PLv2_iTransformer_drift_er4000_sl2880_s2021 (GPU 2), metrics_written=True
[plv2] done PLv2_iTransformer_drift_er4000_sl2880_s2022 (GPU 2), metrics_written=True
[plv2] done PLv2_iTransformer_drift_er6000_sl2880_s2021 (GPU 3), metrics_written=True
[plv2] done PLv2_iTransformer_drift_er6000_sl2880_s2022 (GPU 3), metrics_written=True
[plv2] start PLv2_DLinear_drift_er50_sl2880_s2021 on GPU 2 lane 0 (pid 3305329)
[plv2] start PLv2_DLinear_drift_er50_sl2880_s2022 on GPU 2 lane 1 (pid 3305330)
[plv2] start PLv2_DLinear_drift_er150_sl2880_s2021 on GPU 3 lane 0 (pid 3305331)
[plv2] start PLv2_DLinear_drift_er150_sl2880_s2022 on GPU 3 lane 1 (pid 3305332)
[plv2] done PLv2_DLinear_drift_er50_sl2880_s2021 (GPU 2), metrics_written=True
[plv2] done PLv2_DLinear_drift_er50_sl2880_s2022 (GPU 2), metrics_written=True
[plv2] done PLv2_DLinear_drift_er150_sl2880_s2021 (GPU 3), metrics_written=True
[plv2] done PLv2_DLinear_drift_er150_sl2880_s2022 (GPU 3), metrics_written=True
[plv2] start PLv2_DLinear_drift_er250_sl2880_s2021 on GPU 2 lane 0 (pid 3306843)
[plv2] start PLv2_DLinear_drift_er250_sl2880_s2022 on GPU 2 lane 1 (pid 3306844)
[plv2] start PLv2_DLinear_drift_er400_sl2880_s2021 on GPU 3 lane 0 (pid 3306845)
[plv2] start PLv2_DLinear_drift_er400_sl2880_s2022 on GPU 3 lane 1 (pid 3306846)
[plv2] done PLv2_DLinear_drift_er250_sl2880_s2021 (GPU 2), metrics_written=True
[plv2] done PLv2_DLinear_drift_er250_sl2880_s2022 (GPU 2), metrics_written=True
[plv2] done PLv2_DLinear_drift_er400_sl2880_s2021 (GPU 3), metrics_written=True
[plv2] done PLv2_DLinear_drift_er400_sl2880_s2022 (GPU 3), metrics_written=True
[plv2] start PLv2_DLinear_drift_er650_sl2880_s2021 on GPU 2 lane 0 (pid 3307571)
[plv2] start PLv2_DLinear_drift_er650_sl2880_s2022 on GPU 2 lane 1 (pid 3307572)
[plv2] start PLv2_DLinear_drift_er1000_sl2880_s2021 on GPU 3 lane 0 (pid 3307573)
[plv2] start PLv2_DLinear_drift_er1000_sl2880_s2022 on GPU 3 lane 1 (pid 3307574)
[plv2] done PLv2_DLinear_drift_er650_sl2880_s2021 (GPU 2), metrics_written=True
[plv2] done PLv2_DLinear_drift_er650_sl2880_s2022 (GPU 2), metrics_written=True
[plv2] done PLv2_DLinear_drift_er1000_sl2880_s2021 (GPU 3), metrics_written=True
[plv2] done PLv2_DLinear_drift_er1000_sl2880_s2022 (GPU 3), metrics_written=True
[plv2] start PLv2_DLinear_drift_er1700_sl2880_s2021 on GPU 2 lane 0 (pid 3308942)
[plv2] start PLv2_DLinear_drift_er1700_sl2880_s2022 on GPU 2 lane 1 (pid 3308943)
[plv2] start PLv2_DLinear_drift_er2500_sl2880_s2021 on GPU 3 lane 0 (pid 3308944)
[plv2] start PLv2_DLinear_drift_er2500_sl2880_s2022 on GPU 3 lane 1 (pid 3308945)
[plv2] done PLv2_DLinear_drift_er1700_sl2880_s2021 (GPU 2), metrics_written=True
[plv2] done PLv2_DLinear_drift_er1700_sl2880_s2022 (GPU 2), metrics_written=True
[plv2] done PLv2_DLinear_drift_er2500_sl2880_s2021 (GPU 3), metrics_written=True
[plv2] done PLv2_DLinear_drift_er2500_sl2880_s2022 (GPU 3), metrics_written=True
[plv2] start PLv2_DLinear_drift_er4000_sl2880_s2021 on GPU 2 lane 0 (pid 3309660)
[plv2] start PLv2_DLinear_drift_er4000_sl2880_s2022 on GPU 2 lane 1 (pid 3309661)
[plv2] start PLv2_DLinear_drift_er6000_sl2880_s2021 on GPU 3 lane 0 (pid 3309662)
[plv2] start PLv2_DLinear_drift_er6000_sl2880_s2022 on GPU 3 lane 1 (pid 3309663)
[plv2] done PLv2_DLinear_drift_er4000_sl2880_s2021 (GPU 2), metrics_written=True
[plv2] done PLv2_DLinear_drift_er4000_sl2880_s2022 (GPU 2), metrics_written=True
[plv2] done PLv2_DLinear_drift_er6000_sl2880_s2021 (GPU 3), metrics_written=True
[plv2] done PLv2_DLinear_drift_er6000_sl2880_s2022 (GPU 3), metrics_written=True
[plv2] start PLv2_iTransformer_drift_er50_sl2000_s2021 on GPU 2 lane 0 (pid 3311059)
[plv2] start PLv2_iTransformer_drift_er50_sl2000_s2022 on GPU 2 lane 1 (pid 3311060)
[plv2] start PLv2_iTransformer_drift_er150_sl2000_s2021 on GPU 3 lane 0 (pid 3311061)
[plv2] start PLv2_iTransformer_drift_er150_sl2000_s2022 on GPU 3 lane 1 (pid 3311062)
[plv2] done PLv2_iTransformer_drift_er50_sl2000_s2021 (GPU 2), metrics_written=True
[plv2] done PLv2_iTransformer_drift_er50_sl2000_s2022 (GPU 2), metrics_written=True
[plv2] done PLv2_iTransformer_drift_er150_sl2000_s2021 (GPU 3), metrics_written=True
[plv2] done PLv2_iTransformer_drift_er150_sl2000_s2022 (GPU 3), metrics_written=True
[plv2] start PLv2_iTransformer_drift_er250_sl2000_s2021 on GPU 2 lane 0 (pid 3311698)
[plv2] start PLv2_iTransformer_drift_er250_sl2000_s2022 on GPU 2 lane 1 (pid 3311699)
[plv2] start PLv2_iTransformer_drift_er400_sl2000_s2021 on GPU 3 lane 0 (pid 3311700)
[plv2] start PLv2_iTransformer_drift_er400_sl2000_s2022 on GPU 3 lane 1 (pid 3311701)
[plv2] done PLv2_iTransformer_drift_er250_sl2000_s2021 (GPU 2), metrics_written=True
[plv2] done PLv2_iTransformer_drift_er250_sl2000_s2022 (GPU 2), metrics_written=True
[plv2] done PLv2_iTransformer_drift_er400_sl2000_s2021 (GPU 3), metrics_written=True
[plv2] done PLv2_iTransformer_drift_er400_sl2000_s2022 (GPU 3), metrics_written=True
[plv2] start PLv2_iTransformer_drift_er650_sl2000_s2021 on GPU 2 lane 0 (pid 3312956)
[plv2] start PLv2_iTransformer_drift_er650_sl2000_s2022 on GPU 2 lane 1 (pid 3312957)
[plv2] start PLv2_iTransformer_drift_er1000_sl2000_s2021 on GPU 3 lane 0 (pid 3312958)
[plv2] start PLv2_iTransformer_drift_er1000_sl2000_s2022 on GPU 3 lane 1 (pid 3312959)
[plv2] done PLv2_iTransformer_drift_er650_sl2000_s2021 (GPU 2), metrics_written=True
[plv2] done PLv2_iTransformer_drift_er650_sl2000_s2022 (GPU 2), metrics_written=True
[plv2] done PLv2_iTransformer_drift_er1000_sl2000_s2021 (GPU 3), metrics_written=True
[plv2] done PLv2_iTransformer_drift_er1000_sl2000_s2022 (GPU 3), metrics_written=True
[plv2] start PLv2_iTransformer_drift_er1700_sl2000_s2021 on GPU 2 lane 0 (pid 3313700)
[plv2] start PLv2_iTransformer_drift_er1700_sl2000_s2022 on GPU 2 lane 1 (pid 3313701)
[plv2] start PLv2_iTransformer_drift_er2500_sl2000_s2021 on GPU 3 lane 0 (pid 3313702)
[plv2] start PLv2_iTransformer_drift_er2500_sl2000_s2022 on GPU 3 lane 1 (pid 3313703)
[plv2] done PLv2_iTransformer_drift_er1700_sl2000_s2021 (GPU 2), metrics_written=True
[plv2] done PLv2_iTransformer_drift_er1700_sl2000_s2022 (GPU 2), metrics_written=True
[plv2] done PLv2_iTransformer_drift_er2500_sl2000_s2021 (GPU 3), metrics_written=True
[plv2] done PLv2_iTransformer_drift_er2500_sl2000_s2022 (GPU 3), metrics_written=True
[plv2] start PLv2_iTransformer_drift_er4000_sl2000_s2021 on GPU 2 lane 0 (pid 3315048)
[plv2] start PLv2_iTransformer_drift_er4000_sl2000_s2022 on GPU 2 lane 1 (pid 3315049)
[plv2] start PLv2_iTransformer_drift_er6000_sl2000_s2021 on GPU 3 lane 0 (pid 3315050)
[plv2] start PLv2_iTransformer_drift_er6000_sl2000_s2022 on GPU 3 lane 1 (pid 3315051)
[plv2] done PLv2_iTransformer_drift_er4000_sl2000_s2021 (GPU 2), metrics_written=True
[plv2] done PLv2_iTransformer_drift_er4000_sl2000_s2022 (GPU 2), metrics_written=True
[plv2] done PLv2_iTransformer_drift_er6000_sl2000_s2021 (GPU 3), metrics_written=True
[plv2] done PLv2_iTransformer_drift_er6000_sl2000_s2022 (GPU 3), metrics_written=True
[plv2] start PLv2_DLinear_drift_er50_sl2000_s2021 on GPU 2 lane 0 (pid 3315687)
[plv2] start PLv2_DLinear_drift_er50_sl2000_s2022 on GPU 2 lane 1 (pid 3315688)
[plv2] start PLv2_DLinear_drift_er150_sl2000_s2021 on GPU 3 lane 0 (pid 3315689)
[plv2] start PLv2_DLinear_drift_er150_sl2000_s2022 on GPU 3 lane 1 (pid 3315690)
[plv2] done PLv2_DLinear_drift_er50_sl2000_s2021 (GPU 2), metrics_written=True
[plv2] done PLv2_DLinear_drift_er50_sl2000_s2022 (GPU 2), metrics_written=True
[plv2] done PLv2_DLinear_drift_er150_sl2000_s2021 (GPU 3), metrics_written=True
[plv2] done PLv2_DLinear_drift_er150_sl2000_s2022 (GPU 3), metrics_written=True
[plv2] start PLv2_DLinear_drift_er250_sl2000_s2021 on GPU 2 lane 0 (pid 3316990)
[plv2] start PLv2_DLinear_drift_er250_sl2000_s2022 on GPU 2 lane 1 (pid 3316991)
[plv2] start PLv2_DLinear_drift_er400_sl2000_s2021 on GPU 3 lane 0 (pid 3316992)
[plv2] start PLv2_DLinear_drift_er400_sl2000_s2022 on GPU 3 lane 1 (pid 3316993)
[plv2] done PLv2_DLinear_drift_er250_sl2000_s2021 (GPU 2), metrics_written=True
[plv2] done PLv2_DLinear_drift_er250_sl2000_s2022 (GPU 2), metrics_written=True
[plv2] done PLv2_DLinear_drift_er400_sl2000_s2021 (GPU 3), metrics_written=True
[plv2] done PLv2_DLinear_drift_er400_sl2000_s2022 (GPU 3), metrics_written=True
[plv2] start PLv2_DLinear_drift_er650_sl2000_s2021 on GPU 2 lane 0 (pid 3317657)
[plv2] start PLv2_DLinear_drift_er650_sl2000_s2022 on GPU 2 lane 1 (pid 3317658)
[plv2] start PLv2_DLinear_drift_er1000_sl2000_s2021 on GPU 3 lane 0 (pid 3317659)
[plv2] start PLv2_DLinear_drift_er1000_sl2000_s2022 on GPU 3 lane 1 (pid 3317660)
[plv2] done PLv2_DLinear_drift_er650_sl2000_s2021 (GPU 2), metrics_written=True
[plv2] done PLv2_DLinear_drift_er650_sl2000_s2022 (GPU 2), metrics_written=True
[plv2] done PLv2_DLinear_drift_er1000_sl2000_s2021 (GPU 3), metrics_written=True
[plv2] done PLv2_DLinear_drift_er1000_sl2000_s2022 (GPU 3), metrics_written=True
[plv2] start PLv2_DLinear_drift_er1700_sl2000_s2021 on GPU 2 lane 0 (pid 3318333)
[plv2] start PLv2_DLinear_drift_er1700_sl2000_s2022 on GPU 2 lane 1 (pid 3318334)
[plv2] start PLv2_DLinear_drift_er2500_sl2000_s2021 on GPU 3 lane 0 (pid 3318335)
[plv2] start PLv2_DLinear_drift_er2500_sl2000_s2022 on GPU 3 lane 1 (pid 3318336)
[plv2] done PLv2_DLinear_drift_er1700_sl2000_s2021 (GPU 2), metrics_written=True
[plv2] done PLv2_DLinear_drift_er1700_sl2000_s2022 (GPU 2), metrics_written=True
[plv2] done PLv2_DLinear_drift_er2500_sl2000_s2021 (GPU 3), metrics_written=True
[plv2] done PLv2_DLinear_drift_er2500_sl2000_s2022 (GPU 3), metrics_written=True
[plv2] start PLv2_DLinear_drift_er4000_sl2000_s2021 on GPU 2 lane 0 (pid 3319632)
[plv2] start PLv2_DLinear_drift_er4000_sl2000_s2022 on GPU 2 lane 1 (pid 3319633)
[plv2] start PLv2_DLinear_drift_er6000_sl2000_s2021 on GPU 3 lane 0 (pid 3319634)
[plv2] start PLv2_DLinear_drift_er6000_sl2000_s2022 on GPU 3 lane 1 (pid 3319635)
[plv2] done PLv2_DLinear_drift_er4000_sl2000_s2021 (GPU 2), metrics_written=True
[plv2] done PLv2_DLinear_drift_er4000_sl2000_s2022 (GPU 2), metrics_written=True
[plv2] done PLv2_DLinear_drift_er6000_sl2000_s2021 (GPU 3), metrics_written=True
[plv2] done PLv2_DLinear_drift_er6000_sl2000_s2022 (GPU 3), metrics_written=True
[plv2] start PLv2_iTransformer_drift_er50_sl1440_s2021 on GPU 2 lane 0 (pid 3320300)
[plv2] start PLv2_iTransformer_drift_er50_sl1440_s2022 on GPU 2 lane 1 (pid 3320301)
[plv2] start PLv2_iTransformer_drift_er150_sl1440_s2021 on GPU 3 lane 0 (pid 3320302)
[plv2] start PLv2_iTransformer_drift_er150_sl1440_s2022 on GPU 3 lane 1 (pid 3320303)
[plv2] done PLv2_iTransformer_drift_er50_sl1440_s2022 (GPU 2), metrics_written=True
[plv2] done PLv2_iTransformer_drift_er150_sl1440_s2021 (GPU 3), metrics_written=True
[plv2] start PLv2_iTransformer_drift_er250_sl1440_s2021 on GPU 2 lane 1 (pid 3320989)
[plv2] start PLv2_iTransformer_drift_er250_sl1440_s2022 on GPU 3 lane 0 (pid 3320990)
[plv2] done PLv2_iTransformer_drift_er50_sl1440_s2021 (GPU 2), metrics_written=True
[plv2] done PLv2_iTransformer_drift_er150_sl1440_s2022 (GPU 3), metrics_written=True
[plv2] start PLv2_iTransformer_drift_er400_sl1440_s2021 on GPU 2 lane 0 (pid 3321151)
[plv2] start PLv2_iTransformer_drift_er400_sl1440_s2022 on GPU 3 lane 1 (pid 3321152)
[plv2] done PLv2_iTransformer_drift_er250_sl1440_s2021 (GPU 2), metrics_written=True
[plv2] done PLv2_iTransformer_drift_er250_sl1440_s2022 (GPU 3), metrics_written=True
[plv2] start PLv2_iTransformer_drift_er650_sl1440_s2021 on GPU 2 lane 1 (pid 3322040)
[plv2] start PLv2_iTransformer_drift_er650_sl1440_s2022 on GPU 3 lane 0 (pid 3322041)
[plv2] done PLv2_iTransformer_drift_er400_sl1440_s2021 (GPU 2), metrics_written=True
[plv2] done PLv2_iTransformer_drift_er400_sl1440_s2022 (GPU 3), metrics_written=True
[plv2] start PLv2_iTransformer_drift_er1000_sl1440_s2021 on GPU 2 lane 0 (pid 3322329)
[plv2] start PLv2_iTransformer_drift_er1000_sl1440_s2022 on GPU 3 lane 1 (pid 3322330)
[plv2] done PLv2_iTransformer_drift_er650_sl1440_s2021 (GPU 2), metrics_written=True
[plv2] done PLv2_iTransformer_drift_er650_sl1440_s2022 (GPU 3), metrics_written=True
[plv2] start PLv2_iTransformer_drift_er1700_sl1440_s2021 on GPU 2 lane 1 (pid 3322636)
[plv2] start PLv2_iTransformer_drift_er1700_sl1440_s2022 on GPU 3 lane 0 (pid 3322637)
[plv2] done PLv2_iTransformer_drift_er1000_sl1440_s2021 (GPU 2), metrics_written=True
[plv2] done PLv2_iTransformer_drift_er1000_sl1440_s2022 (GPU 3), metrics_written=True
[plv2] start PLv2_iTransformer_drift_er2500_sl1440_s2021 on GPU 2 lane 0 (pid 3322914)
[plv2] start PLv2_iTransformer_drift_er2500_sl1440_s2022 on GPU 3 lane 1 (pid 3322915)
[plv2] done PLv2_iTransformer_drift_er1700_sl1440_s2021 (GPU 2), metrics_written=True
[plv2] done PLv2_iTransformer_drift_er1700_sl1440_s2022 (GPU 3), metrics_written=True
[plv2] done PLv2_iTransformer_drift_er2500_sl1440_s2021 (GPU 2), metrics_written=True
[plv2] start PLv2_iTransformer_drift_er4000_sl1440_s2021 on GPU 2 lane 1 (pid 3323444)
[plv2] start PLv2_iTransformer_drift_er4000_sl1440_s2022 on GPU 3 lane 0 (pid 3323445)
[plv2] start PLv2_iTransformer_drift_er6000_sl1440_s2021 on GPU 2 lane 0 (pid 3323446)
[plv2] done PLv2_iTransformer_drift_er2500_sl1440_s2022 (GPU 3), metrics_written=True
[plv2] start PLv2_iTransformer_drift_er6000_sl1440_s2022 on GPU 3 lane 1 (pid 3324278)
[plv2] done PLv2_iTransformer_drift_er4000_sl1440_s2021 (GPU 2), metrics_written=True
[plv2] done PLv2_iTransformer_drift_er4000_sl1440_s2022 (GPU 3), metrics_written=True
[plv2] done PLv2_iTransformer_drift_er6000_sl1440_s2021 (GPU 2), metrics_written=True
[plv2] start PLv2_DLinear_drift_er50_sl1440_s2021 on GPU 2 lane 1 (pid 3324608)
[plv2] start PLv2_DLinear_drift_er50_sl1440_s2022 on GPU 3 lane 0 (pid 3324609)
[plv2] start PLv2_DLinear_drift_er150_sl1440_s2021 on GPU 2 lane 0 (pid 3324610)
[plv2] done PLv2_iTransformer_drift_er6000_sl1440_s2022 (GPU 3), metrics_written=True
[plv2] start PLv2_DLinear_drift_er150_sl1440_s2022 on GPU 3 lane 1 (pid 3324978)
[plv2] done PLv2_DLinear_drift_er50_sl1440_s2021 (GPU 2), metrics_written=True
[plv2] done PLv2_DLinear_drift_er50_sl1440_s2022 (GPU 3), metrics_written=True
[plv2] done PLv2_DLinear_drift_er150_sl1440_s2021 (GPU 2), metrics_written=True
[plv2] start PLv2_DLinear_drift_er250_sl1440_s2021 on GPU 2 lane 1 (pid 3325300)
[plv2] start PLv2_DLinear_drift_er250_sl1440_s2022 on GPU 3 lane 0 (pid 3325301)
[plv2] start PLv2_DLinear_drift_er400_sl1440_s2021 on GPU 2 lane 0 (pid 3325302)
[plv2] done PLv2_DLinear_drift_er150_sl1440_s2022 (GPU 3), metrics_written=True
[plv2] start PLv2_DLinear_drift_er400_sl1440_s2022 on GPU 3 lane 1 (pid 3325682)
[plv2] done PLv2_DLinear_drift_er250_sl1440_s2021 (GPU 2), metrics_written=True
[plv2] done PLv2_DLinear_drift_er250_sl1440_s2022 (GPU 3), metrics_written=True
[plv2] done PLv2_DLinear_drift_er400_sl1440_s2021 (GPU 2), metrics_written=True
[plv2] start PLv2_DLinear_drift_er650_sl1440_s2021 on GPU 2 lane 1 (pid 3326008)
[plv2] start PLv2_DLinear_drift_er650_sl1440_s2022 on GPU 3 lane 0 (pid 3326009)
[plv2] start PLv2_DLinear_drift_er1000_sl1440_s2021 on GPU 2 lane 0 (pid 3326010)
[plv2] done PLv2_DLinear_drift_er400_sl1440_s2022 (GPU 3), metrics_written=True
[plv2] start PLv2_DLinear_drift_er1000_sl1440_s2022 on GPU 3 lane 1 (pid 3327064)
[plv2] done PLv2_DLinear_drift_er650_sl1440_s2021 (GPU 2), metrics_written=True
[plv2] done PLv2_DLinear_drift_er650_sl1440_s2022 (GPU 3), metrics_written=True
[plv2] done PLv2_DLinear_drift_er1000_sl1440_s2021 (GPU 2), metrics_written=True
[plv2] start PLv2_DLinear_drift_er1700_sl1440_s2021 on GPU 2 lane 1 (pid 3327689)
[plv2] start PLv2_DLinear_drift_er1700_sl1440_s2022 on GPU 3 lane 0 (pid 3327690)
[plv2] start PLv2_DLinear_drift_er2500_sl1440_s2021 on GPU 2 lane 0 (pid 3327691)
[plv2] done PLv2_DLinear_drift_er1000_sl1440_s2022 (GPU 3), metrics_written=True
[plv2] start PLv2_DLinear_drift_er2500_sl1440_s2022 on GPU 3 lane 1 (pid 3328034)
[plv2] done PLv2_DLinear_drift_er1700_sl1440_s2021 (GPU 2), metrics_written=True
[plv2] done PLv2_DLinear_drift_er1700_sl1440_s2022 (GPU 3), metrics_written=True
[plv2] done PLv2_DLinear_drift_er2500_sl1440_s2021 (GPU 2), metrics_written=True
[plv2] start PLv2_DLinear_drift_er4000_sl1440_s2021 on GPU 2 lane 1 (pid 3328368)
[plv2] start PLv2_DLinear_drift_er4000_sl1440_s2022 on GPU 3 lane 0 (pid 3328369)
[plv2] start PLv2_DLinear_drift_er6000_sl1440_s2021 on GPU 2 lane 0 (pid 3328370)
[plv2] done PLv2_DLinear_drift_er2500_sl1440_s2022 (GPU 3), metrics_written=True
[plv2] start PLv2_DLinear_drift_er6000_sl1440_s2022 on GPU 3 lane 1 (pid 3328956)
[plv2] done PLv2_DLinear_drift_er4000_sl1440_s2021 (GPU 2), metrics_written=True
[plv2] done PLv2_DLinear_drift_er4000_sl1440_s2022 (GPU 3), metrics_written=True
[plv2] done PLv2_DLinear_drift_er6000_sl1440_s2021 (GPU 2), metrics_written=True
[plv2] start PLv2_iTransformer_drift_er50_sl960_s2021 on GPU 2 lane 1 (pid 3329851)
[plv2] start PLv2_iTransformer_drift_er50_sl960_s2022 on GPU 3 lane 0 (pid 3329852)
[plv2] start PLv2_iTransformer_drift_er150_sl960_s2021 on GPU 2 lane 0 (pid 3329853)
[plv2] done PLv2_DLinear_drift_er6000_sl1440_s2022 (GPU 3), metrics_written=True
[plv2] start PLv2_iTransformer_drift_er150_sl960_s2022 on GPU 3 lane 1 (pid 3330745)
[plv2] done PLv2_iTransformer_drift_er50_sl960_s2021 (GPU 2), metrics_written=True
[plv2] done PLv2_iTransformer_drift_er50_sl960_s2022 (GPU 3), metrics_written=True
[plv2] done PLv2_iTransformer_drift_er150_sl960_s2021 (GPU 2), metrics_written=True
[plv2] start PLv2_iTransformer_drift_er250_sl960_s2021 on GPU 2 lane 1 (pid 3331336)
[plv2] start PLv2_iTransformer_drift_er250_sl960_s2022 on GPU 3 lane 0 (pid 3331337)
[plv2] start PLv2_iTransformer_drift_er400_sl960_s2021 on GPU 2 lane 0 (pid 3331338)
[plv2] done PLv2_iTransformer_drift_er150_sl960_s2022 (GPU 3), metrics_written=True
[plv2] start PLv2_iTransformer_drift_er400_sl960_s2022 on GPU 3 lane 1 (pid 3331577)
[plv2] done PLv2_iTransformer_drift_er400_sl960_s2021 (GPU 2), metrics_written=True
[plv2] start PLv2_iTransformer_drift_er650_sl960_s2021 on GPU 2 lane 0 (pid 3331976)
[plv2] done PLv2_iTransformer_drift_er250_sl960_s2021 (GPU 2), metrics_written=True
[plv2] done PLv2_iTransformer_drift_er250_sl960_s2022 (GPU 3), metrics_written=True
[plv2] done PLv2_iTransformer_drift_er400_sl960_s2022 (GPU 3), metrics_written=True
[plv2] start PLv2_iTransformer_drift_er650_sl960_s2022 on GPU 2 lane 1 (pid 3332140)
[plv2] start PLv2_iTransformer_drift_er1000_sl960_s2021 on GPU 3 lane 0 (pid 3332141)
[plv2] start PLv2_iTransformer_drift_er1000_sl960_s2022 on GPU 3 lane 1 (pid 3332142)
[plv2] done PLv2_iTransformer_drift_er650_sl960_s2021 (GPU 2), metrics_written=True
[plv2] start PLv2_iTransformer_drift_er1700_sl960_s2021 on GPU 2 lane 0 (pid 3333030)
[plv2] done PLv2_iTransformer_drift_er650_sl960_s2022 (GPU 2), metrics_written=True
[plv2] done PLv2_iTransformer_drift_er1000_sl960_s2022 (GPU 3), metrics_written=True
[plv2] start PLv2_iTransformer_drift_er1700_sl960_s2022 on GPU 2 lane 1 (pid 3333362)
[plv2] start PLv2_iTransformer_drift_er2500_sl960_s2021 on GPU 3 lane 1 (pid 3333363)
[plv2] done PLv2_iTransformer_drift_er1000_sl960_s2021 (GPU 3), metrics_written=True
[plv2] start PLv2_iTransformer_drift_er2500_sl960_s2022 on GPU 3 lane 0 (pid 3333632)
[plv2] done PLv2_iTransformer_drift_er1700_sl960_s2021 (GPU 2), metrics_written=True
[plv2] done PLv2_iTransformer_drift_er1700_sl960_s2022 (GPU 2), metrics_written=True
[plv2] start PLv2_iTransformer_drift_er4000_sl960_s2021 on GPU 2 lane 0 (pid 3333884)
[plv2] start PLv2_iTransformer_drift_er4000_sl960_s2022 on GPU 2 lane 1 (pid 3333885)
[plv2] done PLv2_iTransformer_drift_er2500_sl960_s2021 (GPU 3), metrics_written=True
[plv2] done PLv2_iTransformer_drift_er2500_sl960_s2022 (GPU 3), metrics_written=True
[plv2] start PLv2_iTransformer_drift_er6000_sl960_s2021 on GPU 3 lane 1 (pid 3334100)
[plv2] start PLv2_iTransformer_drift_er6000_sl960_s2022 on GPU 3 lane 0 (pid 3334101)
[plv2] done PLv2_iTransformer_drift_er4000_sl960_s2021 (GPU 2), metrics_written=True
[plv2] done PLv2_iTransformer_drift_er4000_sl960_s2022 (GPU 2), metrics_written=True
[plv2] done PLv2_iTransformer_drift_er6000_sl960_s2021 (GPU 3), metrics_written=True
[plv2] start PLv2_DLinear_drift_er50_sl960_s2021 on GPU 2 lane 0 (pid 3335320)
[plv2] start PLv2_DLinear_drift_er50_sl960_s2022 on GPU 2 lane 1 (pid 3335321)
[plv2] start PLv2_DLinear_drift_er150_sl960_s2021 on GPU 3 lane 1 (pid 3335322)
[plv2] done PLv2_iTransformer_drift_er6000_sl960_s2022 (GPU 3), metrics_written=True
[plv2] start PLv2_DLinear_drift_er150_sl960_s2022 on GPU 3 lane 0 (pid 3335630)
[plv2] done PLv2_DLinear_drift_er50_sl960_s2021 (GPU 2), metrics_written=True
[plv2] done PLv2_DLinear_drift_er50_sl960_s2022 (GPU 2), metrics_written=True
[plv2] done PLv2_DLinear_drift_er150_sl960_s2021 (GPU 3), metrics_written=True
[plv2] start PLv2_DLinear_drift_er250_sl960_s2021 on GPU 2 lane 0 (pid 3335994)
[plv2] start PLv2_DLinear_drift_er250_sl960_s2022 on GPU 2 lane 1 (pid 3335995)
[plv2] start PLv2_DLinear_drift_er400_sl960_s2021 on GPU 3 lane 1 (pid 3335996)
[plv2] done PLv2_DLinear_drift_er150_sl960_s2022 (GPU 3), metrics_written=True
[plv2] start PLv2_DLinear_drift_er400_sl960_s2022 on GPU 3 lane 0 (pid 3336388)
[plv2] done PLv2_DLinear_drift_er250_sl960_s2021 (GPU 2), metrics_written=True
[plv2] done PLv2_DLinear_drift_er250_sl960_s2022 (GPU 2), metrics_written=True
[plv2] done PLv2_DLinear_drift_er400_sl960_s2021 (GPU 3), metrics_written=True
[plv2] start PLv2_DLinear_drift_er650_sl960_s2021 on GPU 2 lane 0 (pid 3336731)
[plv2] start PLv2_DLinear_drift_er650_sl960_s2022 on GPU 2 lane 1 (pid 3336732)
[plv2] start PLv2_DLinear_drift_er1000_sl960_s2021 on GPU 3 lane 1 (pid 3336733)
[plv2] done PLv2_DLinear_drift_er400_sl960_s2022 (GPU 3), metrics_written=True
[plv2] start PLv2_DLinear_drift_er1000_sl960_s2022 on GPU 3 lane 0 (pid 3337083)
[plv2] done PLv2_DLinear_drift_er650_sl960_s2021 (GPU 2), metrics_written=True
[plv2] done PLv2_DLinear_drift_er650_sl960_s2022 (GPU 2), metrics_written=True
[plv2] done PLv2_DLinear_drift_er1000_sl960_s2021 (GPU 3), metrics_written=True
[plv2] start PLv2_DLinear_drift_er1700_sl960_s2021 on GPU 2 lane 0 (pid 3338067)
[plv2] start PLv2_DLinear_drift_er1700_sl960_s2022 on GPU 2 lane 1 (pid 3338068)
[plv2] start PLv2_DLinear_drift_er2500_sl960_s2021 on GPU 3 lane 1 (pid 3338069)
[plv2] done PLv2_DLinear_drift_er1000_sl960_s2022 (GPU 3), metrics_written=True
[plv2] start PLv2_DLinear_drift_er2500_sl960_s2022 on GPU 3 lane 0 (pid 3338394)
[plv2] done PLv2_DLinear_drift_er1700_sl960_s2021 (GPU 2), metrics_written=True
[plv2] done PLv2_DLinear_drift_er1700_sl960_s2022 (GPU 2), metrics_written=True
[plv2] done PLv2_DLinear_drift_er2500_sl960_s2021 (GPU 3), metrics_written=True
[plv2] start PLv2_DLinear_drift_er4000_sl960_s2021 on GPU 2 lane 0 (pid 3338742)
[plv2] start PLv2_DLinear_drift_er4000_sl960_s2022 on GPU 2 lane 1 (pid 3338743)
[plv2] start PLv2_DLinear_drift_er6000_sl960_s2021 on GPU 3 lane 1 (pid 3338744)
[plv2] done PLv2_DLinear_drift_er2500_sl960_s2022 (GPU 3), metrics_written=True
[plv2] start PLv2_DLinear_drift_er6000_sl960_s2022 on GPU 3 lane 0 (pid 3339044)
[plv2] done PLv2_DLinear_drift_er4000_sl960_s2021 (GPU 2), metrics_written=True
[plv2] done PLv2_DLinear_drift_er4000_sl960_s2022 (GPU 2), metrics_written=True
[plv2] done PLv2_DLinear_drift_er6000_sl960_s2021 (GPU 3), metrics_written=True
[plv2] start PLv2_iTransformer_drift_er50_sl720_s2021 on GPU 2 lane 0 (pid 3339383)
[plv2] start PLv2_iTransformer_drift_er50_sl720_s2022 on GPU 2 lane 1 (pid 3339384)
[plv2] start PLv2_iTransformer_drift_er150_sl720_s2021 on GPU 3 lane 1 (pid 3339385)
[plv2] done PLv2_DLinear_drift_er6000_sl960_s2022 (GPU 3), metrics_written=True
[plv2] start PLv2_iTransformer_drift_er150_sl720_s2022 on GPU 3 lane 0 (pid 3339614)
[plv2] done PLv2_iTransformer_drift_er50_sl720_s2021 (GPU 2), metrics_written=True
[plv2] start PLv2_iTransformer_drift_er250_sl720_s2021 on GPU 2 lane 0 (pid 3340595)
[plv2] done PLv2_iTransformer_drift_er50_sl720_s2022 (GPU 2), metrics_written=True
[plv2] done PLv2_iTransformer_drift_er150_sl720_s2021 (GPU 3), metrics_written=True
[plv2] start PLv2_iTransformer_drift_er250_sl720_s2022 on GPU 2 lane 1 (pid 3340908)
[plv2] start PLv2_iTransformer_drift_er400_sl720_s2021 on GPU 3 lane 1 (pid 3340909)
[plv2] done PLv2_iTransformer_drift_er150_sl720_s2022 (GPU 3), metrics_written=True
[plv2] start PLv2_iTransformer_drift_er400_sl720_s2022 on GPU 3 lane 0 (pid 3341155)
[plv2] done PLv2_iTransformer_drift_er250_sl720_s2021 (GPU 2), metrics_written=True
[plv2] start PLv2_iTransformer_drift_er650_sl720_s2021 on GPU 2 lane 0 (pid 3341460)
[plv2] done PLv2_iTransformer_drift_er250_sl720_s2022 (GPU 2), metrics_written=True
[plv2] done PLv2_iTransformer_drift_er400_sl720_s2021 (GPU 3), metrics_written=True
[plv2] start PLv2_iTransformer_drift_er650_sl720_s2022 on GPU 2 lane 1 (pid 3341659)
[plv2] start PLv2_iTransformer_drift_er1000_sl720_s2021 on GPU 3 lane 1 (pid 3341660)
[plv2] done PLv2_iTransformer_drift_er400_sl720_s2022 (GPU 3), metrics_written=True
[plv2] start PLv2_iTransformer_drift_er1000_sl720_s2022 on GPU 3 lane 0 (pid 3341889)
[plv2] done PLv2_iTransformer_drift_er650_sl720_s2021 (GPU 2), metrics_written=True
[plv2] start PLv2_iTransformer_drift_er1700_sl720_s2021 on GPU 2 lane 0 (pid 3342823)
[plv2] done PLv2_iTransformer_drift_er650_sl720_s2022 (GPU 2), metrics_written=True
[plv2] done PLv2_iTransformer_drift_er1000_sl720_s2021 (GPU 3), metrics_written=True
[plv2] start PLv2_iTransformer_drift_er1700_sl720_s2022 on GPU 2 lane 1 (pid 3343011)
[plv2] start PLv2_iTransformer_drift_er2500_sl720_s2021 on GPU 3 lane 1 (pid 3343012)
[plv2] done PLv2_iTransformer_drift_er1000_sl720_s2022 (GPU 3), metrics_written=True
[plv2] start PLv2_iTransformer_drift_er2500_sl720_s2022 on GPU 3 lane 0 (pid 3343266)
[plv2] done PLv2_iTransformer_drift_er1700_sl720_s2021 (GPU 2), metrics_written=True
[plv2] start PLv2_iTransformer_drift_er4000_sl720_s2021 on GPU 2 lane 0 (pid 3343542)
[plv2] done PLv2_iTransformer_drift_er1700_sl720_s2022 (GPU 2), metrics_written=True
[plv2] done PLv2_iTransformer_drift_er2500_sl720_s2021 (GPU 3), metrics_written=True
[plv2] start PLv2_iTransformer_drift_er4000_sl720_s2022 on GPU 2 lane 1 (pid 3343731)
[plv2] start PLv2_iTransformer_drift_er6000_sl720_s2021 on GPU 3 lane 1 (pid 3343732)
[plv2] done PLv2_iTransformer_drift_er2500_sl720_s2022 (GPU 3), metrics_written=True
[plv2] start PLv2_iTransformer_drift_er6000_sl720_s2022 on GPU 3 lane 0 (pid 3343953)
[plv2] done PLv2_iTransformer_drift_er4000_sl720_s2021 (GPU 2), metrics_written=True
[plv2] start PLv2_DLinear_drift_er50_sl720_s2021 on GPU 2 lane 0 (pid 3344891)
[plv2] done PLv2_iTransformer_drift_er4000_sl720_s2022 (GPU 2), metrics_written=True
[plv2] done PLv2_iTransformer_drift_er6000_sl720_s2021 (GPU 3), metrics_written=True
[plv2] start PLv2_DLinear_drift_er50_sl720_s2022 on GPU 2 lane 1 (pid 3345334)
[plv2] start PLv2_DLinear_drift_er150_sl720_s2021 on GPU 3 lane 1 (pid 3345335)
[plv2] done PLv2_iTransformer_drift_er6000_sl720_s2022 (GPU 3), metrics_written=True
[plv2] done PLv2_DLinear_drift_er50_sl720_s2021 (GPU 2), metrics_written=True
[plv2] start PLv2_DLinear_drift_er150_sl720_s2022 on GPU 3 lane 0 (pid 3345593)
[plv2] start PLv2_DLinear_drift_er250_sl720_s2021 on GPU 2 lane 0 (pid 3345594)
[plv2] done PLv2_DLinear_drift_er50_sl720_s2022 (GPU 2), metrics_written=True
[plv2] done PLv2_DLinear_drift_er150_sl720_s2021 (GPU 3), metrics_written=True
[plv2] start PLv2_DLinear_drift_er250_sl720_s2022 on GPU 2 lane 1 (pid 3345968)
[plv2] start PLv2_DLinear_drift_er400_sl720_s2021 on GPU 3 lane 1 (pid 3345969)
[plv2] done PLv2_DLinear_drift_er150_sl720_s2022 (GPU 3), metrics_written=True
[plv2] done PLv2_DLinear_drift_er250_sl720_s2021 (GPU 2), metrics_written=True
[plv2] start PLv2_DLinear_drift_er400_sl720_s2022 on GPU 3 lane 0 (pid 3346299)
[plv2] start PLv2_DLinear_drift_er650_sl720_s2021 on GPU 2 lane 0 (pid 3346300)
[plv2] done PLv2_DLinear_drift_er250_sl720_s2022 (GPU 2), metrics_written=True
[plv2] done PLv2_DLinear_drift_er400_sl720_s2021 (GPU 3), metrics_written=True
[plv2] start PLv2_DLinear_drift_er650_sl720_s2022 on GPU 2 lane 1 (pid 3346625)
[plv2] start PLv2_DLinear_drift_er1000_sl720_s2021 on GPU 3 lane 1 (pid 3346627)
[plv2] done PLv2_DLinear_drift_er400_sl720_s2022 (GPU 3), metrics_written=True
[plv2] done PLv2_DLinear_drift_er650_sl720_s2021 (GPU 2), metrics_written=True
[plv2] start PLv2_DLinear_drift_er1000_sl720_s2022 on GPU 3 lane 0 (pid 3347621)
[plv2] start PLv2_DLinear_drift_er1700_sl720_s2021 on GPU 2 lane 0 (pid 3347622)
[plv2] done PLv2_DLinear_drift_er650_sl720_s2022 (GPU 2), metrics_written=True
[plv2] done PLv2_DLinear_drift_er1000_sl720_s2021 (GPU 3), metrics_written=True
[plv2] start PLv2_DLinear_drift_er1700_sl720_s2022 on GPU 2 lane 1 (pid 3347968)
[plv2] start PLv2_DLinear_drift_er2500_sl720_s2021 on GPU 3 lane 1 (pid 3347969)
[plv2] done PLv2_DLinear_drift_er1000_sl720_s2022 (GPU 3), metrics_written=True
[plv2] done PLv2_DLinear_drift_er1700_sl720_s2021 (GPU 2), metrics_written=True
[plv2] start PLv2_DLinear_drift_er2500_sl720_s2022 on GPU 3 lane 0 (pid 3348380)
[plv2] start PLv2_DLinear_drift_er4000_sl720_s2021 on GPU 2 lane 0 (pid 3348381)
[plv2] done PLv2_DLinear_drift_er1700_sl720_s2022 (GPU 2), metrics_written=True
[plv2] done PLv2_DLinear_drift_er2500_sl720_s2021 (GPU 3), metrics_written=True
[plv2] start PLv2_DLinear_drift_er4000_sl720_s2022 on GPU 2 lane 1 (pid 3349080)
[plv2] start PLv2_DLinear_drift_er6000_sl720_s2021 on GPU 3 lane 1 (pid 3349081)
[plv2] done PLv2_DLinear_drift_er2500_sl720_s2022 (GPU 3), metrics_written=True
[plv2] done PLv2_DLinear_drift_er4000_sl720_s2021 (GPU 2), metrics_written=True
[plv2] start PLv2_DLinear_drift_er6000_sl720_s2022 on GPU 3 lane 0 (pid 3349572)
[plv2] start PLv2_iTransformer_drift_er50_sl480_s2021 on GPU 2 lane 0 (pid 3349573)
[plv2] done PLv2_DLinear_drift_er4000_sl720_s2022 (GPU 2), metrics_written=True
[plv2] done PLv2_DLinear_drift_er6000_sl720_s2021 (GPU 3), metrics_written=True
[plv2] start PLv2_iTransformer_drift_er50_sl480_s2022 on GPU 2 lane 1 (pid 3349827)
[plv2] start PLv2_iTransformer_drift_er150_sl480_s2021 on GPU 3 lane 1 (pid 3349828)
[plv2] done PLv2_DLinear_drift_er6000_sl720_s2022 (GPU 3), metrics_written=True
[plv2] start PLv2_iTransformer_drift_er150_sl480_s2022 on GPU 3 lane 0 (pid 3351057)
[plv2] done PLv2_iTransformer_drift_er50_sl480_s2021 (GPU 2), metrics_written=True
[plv2] start PLv2_iTransformer_drift_er250_sl480_s2021 on GPU 2 lane 0 (pid 3351670)
[plv2] done PLv2_iTransformer_drift_er50_sl480_s2022 (GPU 2), metrics_written=True
[plv2] done PLv2_iTransformer_drift_er150_sl480_s2021 (GPU 3), metrics_written=True
[plv2] done PLv2_iTransformer_drift_er150_sl480_s2022 (GPU 3), metrics_written=True
[plv2] start PLv2_iTransformer_drift_er250_sl480_s2022 on GPU 2 lane 1 (pid 3352137)
[plv2] start PLv2_iTransformer_drift_er400_sl480_s2021 on GPU 3 lane 1 (pid 3352138)
[plv2] start PLv2_iTransformer_drift_er400_sl480_s2022 on GPU 3 lane 0 (pid 3352139)
[plv2] done PLv2_iTransformer_drift_er250_sl480_s2021 (GPU 2), metrics_written=True
[plv2] start PLv2_iTransformer_drift_er650_sl480_s2021 on GPU 2 lane 0 (pid 3353239)
[plv2] done PLv2_iTransformer_drift_er250_sl480_s2022 (GPU 2), metrics_written=True
[plv2] done PLv2_iTransformer_drift_er400_sl480_s2021 (GPU 3), metrics_written=True
[plv2] done PLv2_iTransformer_drift_er400_sl480_s2022 (GPU 3), metrics_written=True
[plv2] start PLv2_iTransformer_drift_er650_sl480_s2022 on GPU 2 lane 1 (pid 3353333)
[plv2] start PLv2_iTransformer_drift_er1000_sl480_s2021 on GPU 3 lane 1 (pid 3353334)
[plv2] start PLv2_iTransformer_drift_er1000_sl480_s2022 on GPU 3 lane 0 (pid 3353335)
[plv2] done PLv2_iTransformer_drift_er650_sl480_s2021 (GPU 2), metrics_written=True
[plv2] start PLv2_iTransformer_drift_er1700_sl480_s2021 on GPU 2 lane 0 (pid 3354576)
[plv2] done PLv2_iTransformer_drift_er650_sl480_s2022 (GPU 2), metrics_written=True
[plv2] done PLv2_iTransformer_drift_er1000_sl480_s2021 (GPU 3), metrics_written=True
[plv2] done PLv2_iTransformer_drift_er1000_sl480_s2022 (GPU 3), metrics_written=True
[plv2] start PLv2_iTransformer_drift_er1700_sl480_s2022 on GPU 2 lane 1 (pid 3354692)
[plv2] start PLv2_iTransformer_drift_er2500_sl480_s2021 on GPU 3 lane 1 (pid 3354693)
[plv2] start PLv2_iTransformer_drift_er2500_sl480_s2022 on GPU 3 lane 0 (pid 3354694)
[plv2] done PLv2_iTransformer_drift_er1700_sl480_s2021 (GPU 2), metrics_written=True
[plv2] start PLv2_iTransformer_drift_er4000_sl480_s2021 on GPU 2 lane 0 (pid 3355308)
[plv2] done PLv2_iTransformer_drift_er1700_sl480_s2022 (GPU 2), metrics_written=True
[plv2] done PLv2_iTransformer_drift_er2500_sl480_s2021 (GPU 3), metrics_written=True
[plv2] done PLv2_iTransformer_drift_er2500_sl480_s2022 (GPU 3), metrics_written=True
[plv2] start PLv2_iTransformer_drift_er4000_sl480_s2022 on GPU 2 lane 1 (pid 3355549)
[plv2] start PLv2_iTransformer_drift_er6000_sl480_s2021 on GPU 3 lane 1 (pid 3355550)
[plv2] start PLv2_iTransformer_drift_er6000_sl480_s2022 on GPU 3 lane 0 (pid 3355551)
[plv2] done PLv2_iTransformer_drift_er4000_sl480_s2021 (GPU 2), metrics_written=True
[plv2] start PLv2_DLinear_drift_er50_sl480_s2021 on GPU 2 lane 0 (pid 3356865)
[plv2] done PLv2_iTransformer_drift_er4000_sl480_s2022 (GPU 2), metrics_written=True
[plv2] done PLv2_iTransformer_drift_er6000_sl480_s2021 (GPU 3), metrics_written=True
[plv2] done PLv2_iTransformer_drift_er6000_sl480_s2022 (GPU 3), metrics_written=True
[plv2] start PLv2_DLinear_drift_er50_sl480_s2022 on GPU 2 lane 1 (pid 3357030)
[plv2] start PLv2_DLinear_drift_er150_sl480_s2021 on GPU 3 lane 1 (pid 3357031)
[plv2] start PLv2_DLinear_drift_er150_sl480_s2022 on GPU 3 lane 0 (pid 3357032)
[plv2] done PLv2_DLinear_drift_er50_sl480_s2021 (GPU 2), metrics_written=True
[plv2] start PLv2_DLinear_drift_er250_sl480_s2021 on GPU 2 lane 0 (pid 3357389)
[plv2] done PLv2_DLinear_drift_er50_sl480_s2022 (GPU 2), metrics_written=True
[plv2] done PLv2_DLinear_drift_er150_sl480_s2021 (GPU 3), metrics_written=True
[plv2] done PLv2_DLinear_drift_er150_sl480_s2022 (GPU 3), metrics_written=True
[plv2] start PLv2_DLinear_drift_er250_sl480_s2022 on GPU 2 lane 1 (pid 3357685)
[plv2] start PLv2_DLinear_drift_er400_sl480_s2021 on GPU 3 lane 1 (pid 3357686)
[plv2] start PLv2_DLinear_drift_er400_sl480_s2022 on GPU 3 lane 0 (pid 3357687)
[plv2] done PLv2_DLinear_drift_er250_sl480_s2021 (GPU 2), metrics_written=True
[plv2] start PLv2_DLinear_drift_er650_sl480_s2021 on GPU 2 lane 0 (pid 3358052)
[plv2] done PLv2_DLinear_drift_er250_sl480_s2022 (GPU 2), metrics_written=True
[plv2] done PLv2_DLinear_drift_er400_sl480_s2021 (GPU 3), metrics_written=True
[plv2] done PLv2_DLinear_drift_er400_sl480_s2022 (GPU 3), metrics_written=True
[plv2] start PLv2_DLinear_drift_er650_sl480_s2022 on GPU 2 lane 1 (pid 3358981)
[plv2] start PLv2_DLinear_drift_er1000_sl480_s2021 on GPU 3 lane 1 (pid 3358982)
[plv2] start PLv2_DLinear_drift_er1000_sl480_s2022 on GPU 3 lane 0 (pid 3358983)
[plv2] done PLv2_DLinear_drift_er650_sl480_s2021 (GPU 2), metrics_written=True
[plv2] start PLv2_DLinear_drift_er1700_sl480_s2021 on GPU 2 lane 0 (pid 3359426)
[plv2] done PLv2_DLinear_drift_er650_sl480_s2022 (GPU 2), metrics_written=True
[plv2] done PLv2_DLinear_drift_er1000_sl480_s2021 (GPU 3), metrics_written=True
[plv2] done PLv2_DLinear_drift_er1000_sl480_s2022 (GPU 3), metrics_written=True
[plv2] start PLv2_DLinear_drift_er1700_sl480_s2022 on GPU 2 lane 1 (pid 3360171)
[plv2] start PLv2_DLinear_drift_er2500_sl480_s2021 on GPU 3 lane 1 (pid 3360172)
[plv2] start PLv2_DLinear_drift_er2500_sl480_s2022 on GPU 3 lane 0 (pid 3360173)
[plv2] done PLv2_DLinear_drift_er1700_sl480_s2021 (GPU 2), metrics_written=True
[plv2] done PLv2_DLinear_drift_er1700_sl480_s2022 (GPU 2), metrics_written=True
[plv2] done PLv2_DLinear_drift_er2500_sl480_s2021 (GPU 3), metrics_written=True
[plv2] done PLv2_DLinear_drift_er2500_sl480_s2022 (GPU 3), metrics_written=True
[plv2] start PLv2_DLinear_drift_er4000_sl480_s2021 on GPU 2 lane 0 (pid 3361509)
[plv2] start PLv2_DLinear_drift_er4000_sl480_s2022 on GPU 2 lane 1 (pid 3361510)
[plv2] start PLv2_DLinear_drift_er6000_sl480_s2021 on GPU 3 lane 1 (pid 3361511)
[plv2] start PLv2_DLinear_drift_er6000_sl480_s2022 on GPU 3 lane 0 (pid 3361512)
[plv2] done PLv2_DLinear_drift_er4000_sl480_s2021 (GPU 2), metrics_written=True
[plv2] done PLv2_DLinear_drift_er4000_sl480_s2022 (GPU 2), metrics_written=True
[plv2] done PLv2_DLinear_drift_er6000_sl480_s2021 (GPU 3), metrics_written=True
[plv2] done PLv2_DLinear_drift_er6000_sl480_s2022 (GPU 3), metrics_written=True
[plv2] start PLv2_iTransformer_drift_er50_sl336_s2021 on GPU 2 lane 0 (pid 3362905)
[plv2] start PLv2_iTransformer_drift_er50_sl336_s2022 on GPU 2 lane 1 (pid 3362906)
[plv2] start PLv2_iTransformer_drift_er150_sl336_s2021 on GPU 3 lane 1 (pid 3362907)
[plv2] start PLv2_iTransformer_drift_er150_sl336_s2022 on GPU 3 lane 0 (pid 3362908)
[plv2] done PLv2_iTransformer_drift_er50_sl336_s2021 (GPU 2), metrics_written=True
[plv2] done PLv2_iTransformer_drift_er50_sl336_s2022 (GPU 2), metrics_written=True
[plv2] done PLv2_iTransformer_drift_er150_sl336_s2021 (GPU 3), metrics_written=True
[plv2] done PLv2_iTransformer_drift_er150_sl336_s2022 (GPU 3), metrics_written=True
[plv2] start PLv2_iTransformer_drift_er250_sl336_s2021 on GPU 2 lane 0 (pid 3364089)
[plv2] start PLv2_iTransformer_drift_er250_sl336_s2022 on GPU 2 lane 1 (pid 3364090)
[plv2] start PLv2_iTransformer_drift_er400_sl336_s2021 on GPU 3 lane 1 (pid 3364091)
[plv2] start PLv2_iTransformer_drift_er400_sl336_s2022 on GPU 3 lane 0 (pid 3364092)
[plv2] done PLv2_iTransformer_drift_er400_sl336_s2021 (GPU 3), metrics_written=True
[plv2] done PLv2_iTransformer_drift_er400_sl336_s2022 (GPU 3), metrics_written=True
[plv2] start PLv2_iTransformer_drift_er650_sl336_s2021 on GPU 3 lane 1 (pid 3377504)
[plv2] start PLv2_iTransformer_drift_er650_sl336_s2022 on GPU 3 lane 0 (pid 3377505)
[plv2] done PLv2_iTransformer_drift_er250_sl336_s2021 (GPU 2), metrics_written=True
[plv2] done PLv2_iTransformer_drift_er250_sl336_s2022 (GPU 2), metrics_written=True
[plv2] start PLv2_iTransformer_drift_er1000_sl336_s2021 on GPU 2 lane 0 (pid 3377896)
[plv2] start PLv2_iTransformer_drift_er1000_sl336_s2022 on GPU 2 lane 1 (pid 3377897)
[plv2] done PLv2_iTransformer_drift_er650_sl336_s2021 (GPU 3), metrics_written=True
[plv2] done PLv2_iTransformer_drift_er650_sl336_s2022 (GPU 3), metrics_written=True
[plv2] start PLv2_iTransformer_drift_er1700_sl336_s2021 on GPU 3 lane 1 (pid 3378332)
[plv2] start PLv2_iTransformer_drift_er1700_sl336_s2022 on GPU 3 lane 0 (pid 3378333)
[plv2] done PLv2_iTransformer_drift_er1000_sl336_s2021 (GPU 2), metrics_written=True
[plv2] done PLv2_iTransformer_drift_er1000_sl336_s2022 (GPU 2), metrics_written=True
[plv2] start PLv2_iTransformer_drift_er2500_sl336_s2021 on GPU 2 lane 0 (pid 3379012)
[plv2] start PLv2_iTransformer_drift_er2500_sl336_s2022 on GPU 2 lane 1 (pid 3379013)
[plv2] done PLv2_iTransformer_drift_er1700_sl336_s2021 (GPU 3), metrics_written=True
[plv2] done PLv2_iTransformer_drift_er1700_sl336_s2022 (GPU 3), metrics_written=True
[plv2] start PLv2_iTransformer_drift_er4000_sl336_s2021 on GPU 3 lane 1 (pid 3379179)
[plv2] start PLv2_iTransformer_drift_er4000_sl336_s2022 on GPU 3 lane 0 (pid 3379180)
[plv2] done PLv2_iTransformer_drift_er2500_sl336_s2021 (GPU 2), metrics_written=True
[plv2] done PLv2_iTransformer_drift_er2500_sl336_s2022 (GPU 2), metrics_written=True
[plv2] start PLv2_iTransformer_drift_er6000_sl336_s2021 on GPU 2 lane 0 (pid 3380507)
[plv2] start PLv2_iTransformer_drift_er6000_sl336_s2022 on GPU 2 lane 1 (pid 3380508)
[plv2] done PLv2_iTransformer_drift_er4000_sl336_s2021 (GPU 3), metrics_written=True
[plv2] done PLv2_iTransformer_drift_er4000_sl336_s2022 (GPU 3), metrics_written=True
[plv2] start PLv2_DLinear_drift_er50_sl336_s2021 on GPU 3 lane 1 (pid 3380685)
[plv2] start PLv2_DLinear_drift_er50_sl336_s2022 on GPU 3 lane 0 (pid 3380686)
[plv2] done PLv2_iTransformer_drift_er6000_sl336_s2021 (GPU 2), metrics_written=True
[plv2] done PLv2_iTransformer_drift_er6000_sl336_s2022 (GPU 2), metrics_written=True
[plv2] done PLv2_DLinear_drift_er50_sl336_s2021 (GPU 3), metrics_written=True
[plv2] done PLv2_DLinear_drift_er50_sl336_s2022 (GPU 3), metrics_written=True
[plv2] start PLv2_DLinear_drift_er150_sl336_s2021 on GPU 2 lane 0 (pid 3428914)
[plv2] start PLv2_DLinear_drift_er150_sl336_s2022 on GPU 2 lane 1 (pid 3428915)
[plv2] start PLv2_DLinear_drift_er250_sl336_s2021 on GPU 3 lane 1 (pid 3428916)
[plv2] start PLv2_DLinear_drift_er250_sl336_s2022 on GPU 3 lane 0 (pid 3428917)
[plv2] done PLv2_DLinear_drift_er150_sl336_s2021 (GPU 2), metrics_written=True
[plv2] done PLv2_DLinear_drift_er150_sl336_s2022 (GPU 2), metrics_written=True
[plv2] start PLv2_DLinear_drift_er400_sl336_s2021 on GPU 2 lane 0 (pid 3430542)
[plv2] start PLv2_DLinear_drift_er400_sl336_s2022 on GPU 2 lane 1 (pid 3430543)
[plv2] done PLv2_DLinear_drift_er250_sl336_s2021 (GPU 3), metrics_written=True
[plv2] done PLv2_DLinear_drift_er250_sl336_s2022 (GPU 3), metrics_written=True
[plv2] start PLv2_DLinear_drift_er650_sl336_s2021 on GPU 3 lane 1 (pid 3430977)
[plv2] start PLv2_DLinear_drift_er650_sl336_s2022 on GPU 3 lane 0 (pid 3430978)
[plv2] done PLv2_DLinear_drift_er400_sl336_s2021 (GPU 2), metrics_written=True
[plv2] done PLv2_DLinear_drift_er400_sl336_s2022 (GPU 2), metrics_written=True
[plv2] start PLv2_DLinear_drift_er1000_sl336_s2021 on GPU 2 lane 0 (pid 3431301)
[plv2] start PLv2_DLinear_drift_er1000_sl336_s2022 on GPU 2 lane 1 (pid 3431302)
[plv2] done PLv2_DLinear_drift_er650_sl336_s2021 (GPU 3), metrics_written=True
[plv2] done PLv2_DLinear_drift_er650_sl336_s2022 (GPU 3), metrics_written=True
[plv2] start PLv2_DLinear_drift_er1700_sl336_s2021 on GPU 3 lane 1 (pid 3431723)
[plv2] start PLv2_DLinear_drift_er1700_sl336_s2022 on GPU 3 lane 0 (pid 3431724)
[plv2] done PLv2_DLinear_drift_er1000_sl336_s2021 (GPU 2), metrics_written=True
[plv2] done PLv2_DLinear_drift_er1000_sl336_s2022 (GPU 2), metrics_written=True
[plv2] start PLv2_DLinear_drift_er2500_sl336_s2021 on GPU 2 lane 0 (pid 3432020)
[plv2] start PLv2_DLinear_drift_er2500_sl336_s2022 on GPU 2 lane 1 (pid 3432021)
[plv2] done PLv2_DLinear_drift_er1700_sl336_s2021 (GPU 3), metrics_written=True
[plv2] done PLv2_DLinear_drift_er1700_sl336_s2022 (GPU 3), metrics_written=True
[plv2] start PLv2_DLinear_drift_er4000_sl336_s2021 on GPU 3 lane 1 (pid 3432445)
[plv2] start PLv2_DLinear_drift_er4000_sl336_s2022 on GPU 3 lane 0 (pid 3432446)
[plv2] done PLv2_DLinear_drift_er2500_sl336_s2021 (GPU 2), metrics_written=True
[plv2] done PLv2_DLinear_drift_er2500_sl336_s2022 (GPU 2), metrics_written=True
[plv2] start PLv2_DLinear_drift_er6000_sl336_s2021 on GPU 2 lane 0 (pid 3433370)
[plv2] start PLv2_DLinear_drift_er6000_sl336_s2022 on GPU 2 lane 1 (pid 3433371)
[plv2] done PLv2_DLinear_drift_er4000_sl336_s2021 (GPU 3), metrics_written=True
[plv2] done PLv2_DLinear_drift_er4000_sl336_s2022 (GPU 3), metrics_written=True
[plv2] start PLv2_iTransformer_drift_er50_sl192_s2021 on GPU 3 lane 1 (pid 3433866)
[plv2] start PLv2_iTransformer_drift_er50_sl192_s2022 on GPU 3 lane 0 (pid 3433867)
[plv2] done PLv2_DLinear_drift_er6000_sl336_s2021 (GPU 2), metrics_written=True
[plv2] done PLv2_DLinear_drift_er6000_sl336_s2022 (GPU 2), metrics_written=True
[plv2] start PLv2_iTransformer_drift_er150_sl192_s2021 on GPU 2 lane 0 (pid 3434135)
[plv2] start PLv2_iTransformer_drift_er150_sl192_s2022 on GPU 2 lane 1 (pid 3434136)
[plv2] done PLv2_iTransformer_drift_er50_sl192_s2021 (GPU 3), metrics_written=True
[plv2] done PLv2_iTransformer_drift_er50_sl192_s2022 (GPU 3), metrics_written=True
[plv2] start PLv2_iTransformer_drift_er250_sl192_s2021 on GPU 3 lane 1 (pid 3434814)
[plv2] start PLv2_iTransformer_drift_er250_sl192_s2022 on GPU 3 lane 0 (pid 3434815)
[plv2] done PLv2_iTransformer_drift_er150_sl192_s2021 (GPU 2), metrics_written=True
[plv2] done PLv2_iTransformer_drift_er150_sl192_s2022 (GPU 2), metrics_written=True
[plv2] start PLv2_iTransformer_drift_er400_sl192_s2021 on GPU 2 lane 0 (pid 3434981)
[plv2] start PLv2_iTransformer_drift_er400_sl192_s2022 on GPU 2 lane 1 (pid 3434982)
[plv2] done PLv2_iTransformer_drift_er250_sl192_s2021 (GPU 3), metrics_written=True
[plv2] done PLv2_iTransformer_drift_er250_sl192_s2022 (GPU 3), metrics_written=True
[plv2] done PLv2_iTransformer_drift_er400_sl192_s2021 (GPU 2), metrics_written=True
[plv2] done PLv2_iTransformer_drift_er400_sl192_s2022 (GPU 2), metrics_written=True
[plv2] start PLv2_iTransformer_drift_er650_sl192_s2021 on GPU 3 lane 1 (pid 3436281)
[plv2] start PLv2_iTransformer_drift_er650_sl192_s2022 on GPU 3 lane 0 (pid 3436282)
[plv2] start PLv2_iTransformer_drift_er1000_sl192_s2021 on GPU 2 lane 0 (pid 3436283)
[plv2] start PLv2_iTransformer_drift_er1000_sl192_s2022 on GPU 2 lane 1 (pid 3436284)
[plv2] done PLv2_iTransformer_drift_er650_sl192_s2022 (GPU 3), metrics_written=True
[plv2] start PLv2_iTransformer_drift_er1700_sl192_s2021 on GPU 3 lane 0 (pid 3437043)
[plv2] done PLv2_iTransformer_drift_er650_sl192_s2021 (GPU 3), metrics_written=True
[plv2] done PLv2_iTransformer_drift_er1000_sl192_s2021 (GPU 2), metrics_written=True
[plv2] done PLv2_iTransformer_drift_er1000_sl192_s2022 (GPU 2), metrics_written=True
[plv2] start PLv2_iTransformer_drift_er1700_sl192_s2022 on GPU 3 lane 1 (pid 3437158)
[plv2] start PLv2_iTransformer_drift_er2500_sl192_s2021 on GPU 2 lane 0 (pid 3437159)
[plv2] start PLv2_iTransformer_drift_er2500_sl192_s2022 on GPU 2 lane 1 (pid 3437160)
[plv2] done PLv2_iTransformer_drift_er1700_sl192_s2021 (GPU 3), metrics_written=True
[plv2] start PLv2_iTransformer_drift_er4000_sl192_s2021 on GPU 3 lane 0 (pid 3437470)
[plv2] done PLv2_iTransformer_drift_er1700_sl192_s2022 (GPU 3), metrics_written=True
[plv2] done PLv2_iTransformer_drift_er2500_sl192_s2021 (GPU 2), metrics_written=True
[plv2] done PLv2_iTransformer_drift_er2500_sl192_s2022 (GPU 2), metrics_written=True
[plv2] start PLv2_iTransformer_drift_er4000_sl192_s2022 on GPU 3 lane 1 (pid 3438592)
[plv2] start PLv2_iTransformer_drift_er6000_sl192_s2021 on GPU 2 lane 0 (pid 3438593)
[plv2] start PLv2_iTransformer_drift_er6000_sl192_s2022 on GPU 2 lane 1 (pid 3438594)
[plv2] done PLv2_iTransformer_drift_er4000_sl192_s2021 (GPU 3), metrics_written=True
[plv2] start PLv2_DLinear_drift_er50_sl192_s2021 on GPU 3 lane 0 (pid 3438973)
[plv2] done PLv2_iTransformer_drift_er4000_sl192_s2022 (GPU 3), metrics_written=True
[plv2] done PLv2_iTransformer_drift_er6000_sl192_s2021 (GPU 2), metrics_written=True
[plv2] done PLv2_iTransformer_drift_er6000_sl192_s2022 (GPU 2), metrics_written=True
[plv2] start PLv2_DLinear_drift_er50_sl192_s2022 on GPU 3 lane 1 (pid 3439520)
[plv2] start PLv2_DLinear_drift_er150_sl192_s2021 on GPU 2 lane 0 (pid 3439521)
[plv2] start PLv2_DLinear_drift_er150_sl192_s2022 on GPU 2 lane 1 (pid 3439522)
[plv2] done PLv2_DLinear_drift_er50_sl192_s2021 (GPU 3), metrics_written=True
[plv2] start PLv2_DLinear_drift_er250_sl192_s2021 on GPU 3 lane 0 (pid 3440312)
[plv2] done PLv2_DLinear_drift_er50_sl192_s2022 (GPU 3), metrics_written=True
[plv2] done PLv2_DLinear_drift_er150_sl192_s2021 (GPU 2), metrics_written=True
[plv2] done PLv2_DLinear_drift_er150_sl192_s2022 (GPU 2), metrics_written=True
[plv2] start PLv2_DLinear_drift_er250_sl192_s2022 on GPU 3 lane 1 (pid 3440974)
[plv2] start PLv2_DLinear_drift_er400_sl192_s2021 on GPU 2 lane 0 (pid 3440975)
[plv2] start PLv2_DLinear_drift_er400_sl192_s2022 on GPU 2 lane 1 (pid 3440976)
[plv2] done PLv2_DLinear_drift_er250_sl192_s2021 (GPU 3), metrics_written=True
[plv2] start PLv2_DLinear_drift_er650_sl192_s2021 on GPU 3 lane 0 (pid 3441439)
[plv2] done PLv2_DLinear_drift_er250_sl192_s2022 (GPU 3), metrics_written=True
[plv2] done PLv2_DLinear_drift_er400_sl192_s2021 (GPU 2), metrics_written=True
[plv2] done PLv2_DLinear_drift_er400_sl192_s2022 (GPU 2), metrics_written=True
[plv2] start PLv2_DLinear_drift_er650_sl192_s2022 on GPU 3 lane 1 (pid 3442327)
[plv2] start PLv2_DLinear_drift_er1000_sl192_s2021 on GPU 2 lane 0 (pid 3442328)
[plv2] start PLv2_DLinear_drift_er1000_sl192_s2022 on GPU 2 lane 1 (pid 3442329)
[plv2] done PLv2_DLinear_drift_er650_sl192_s2021 (GPU 3), metrics_written=True
[plv2] start PLv2_DLinear_drift_er1700_sl192_s2021 on GPU 3 lane 0 (pid 3442742)
[plv2] done PLv2_DLinear_drift_er650_sl192_s2022 (GPU 3), metrics_written=True
[plv2] done PLv2_DLinear_drift_er1000_sl192_s2021 (GPU 2), metrics_written=True
[plv2] done PLv2_DLinear_drift_er1000_sl192_s2022 (GPU 2), metrics_written=True
[plv2] start PLv2_DLinear_drift_er1700_sl192_s2022 on GPU 3 lane 1 (pid 3443141)
[plv2] start PLv2_DLinear_drift_er2500_sl192_s2021 on GPU 2 lane 0 (pid 3443142)
[plv2] start PLv2_DLinear_drift_er2500_sl192_s2022 on GPU 2 lane 1 (pid 3443143)
[plv2] done PLv2_DLinear_drift_er1700_sl192_s2021 (GPU 3), metrics_written=True
[plv2] start PLv2_DLinear_drift_er4000_sl192_s2021 on GPU 3 lane 0 (pid 3443475)
[plv2] done PLv2_DLinear_drift_er1700_sl192_s2022 (GPU 3), metrics_written=True
[plv2] start PLv2_DLinear_drift_er4000_sl192_s2022 on GPU 3 lane 1 (pid 3443984)
[plv2] done PLv2_DLinear_drift_er2500_sl192_s2021 (GPU 2), metrics_written=True
[plv2] done PLv2_DLinear_drift_er2500_sl192_s2022 (GPU 2), metrics_written=True
[plv2] done PLv2_DLinear_drift_er4000_sl192_s2021 (GPU 3), metrics_written=True
[plv2] start PLv2_DLinear_drift_er6000_sl192_s2021 on GPU 2 lane 0 (pid 3444373)
[plv2] start PLv2_DLinear_drift_er6000_sl192_s2022 on GPU 2 lane 1 (pid 3444374)
[plv2] start PLv2_iTransformer_drift_er50_sl96_s2021 on GPU 3 lane 0 (pid 3444375)
[plv2] done PLv2_DLinear_drift_er4000_sl192_s2022 (GPU 3), metrics_written=True
[plv2] start PLv2_iTransformer_drift_er50_sl96_s2022 on GPU 3 lane 1 (pid 3445315)
[plv2] done PLv2_iTransformer_drift_er50_sl96_s2021 (GPU 3), metrics_written=True
[plv2] start PLv2_iTransformer_drift_er150_sl96_s2021 on GPU 3 lane 0 (pid 3445834)
[plv2] done PLv2_DLinear_drift_er6000_sl192_s2021 (GPU 2), metrics_written=True
[plv2] done PLv2_DLinear_drift_er6000_sl192_s2022 (GPU 2), metrics_written=True
[plv2] done PLv2_iTransformer_drift_er50_sl96_s2022 (GPU 3), metrics_written=True
[plv2] start PLv2_iTransformer_drift_er150_sl96_s2022 on GPU 2 lane 0 (pid 3446125)
[plv2] start PLv2_iTransformer_drift_er250_sl96_s2021 on GPU 2 lane 1 (pid 3446126)
[plv2] start PLv2_iTransformer_drift_er250_sl96_s2022 on GPU 3 lane 1 (pid 3446127)
[plv2] done PLv2_iTransformer_drift_er150_sl96_s2021 (GPU 3), metrics_written=True
[plv2] start PLv2_iTransformer_drift_er400_sl96_s2021 on GPU 3 lane 0 (pid 3446435)
[plv2] done PLv2_iTransformer_drift_er150_sl96_s2022 (GPU 2), metrics_written=True
[plv2] done PLv2_iTransformer_drift_er250_sl96_s2022 (GPU 3), metrics_written=True
[plv2] start PLv2_iTransformer_drift_er400_sl96_s2022 on GPU 2 lane 0 (pid 3446829)
[plv2] start PLv2_iTransformer_drift_er650_sl96_s2021 on GPU 3 lane 1 (pid 3446830)
[plv2] done PLv2_iTransformer_drift_er250_sl96_s2021 (GPU 2), metrics_written=True
[plv2] done PLv2_iTransformer_drift_er400_sl96_s2021 (GPU 3), metrics_written=True
[plv2] start PLv2_iTransformer_drift_er650_sl96_s2022 on GPU 2 lane 1 (pid 3447300)
[plv2] start PLv2_iTransformer_drift_er1000_sl96_s2021 on GPU 3 lane 0 (pid 3447301)
[plv2] done PLv2_iTransformer_drift_er400_sl96_s2022 (GPU 2), metrics_written=True
[plv2] done PLv2_iTransformer_drift_er650_sl96_s2021 (GPU 3), metrics_written=True
[plv2] start PLv2_iTransformer_drift_er1000_sl96_s2022 on GPU 2 lane 0 (pid 3448274)
[plv2] start PLv2_iTransformer_drift_er1700_sl96_s2021 on GPU 3 lane 1 (pid 3448275)
[plv2] done PLv2_iTransformer_drift_er650_sl96_s2022 (GPU 2), metrics_written=True
[plv2] done PLv2_iTransformer_drift_er1000_sl96_s2021 (GPU 3), metrics_written=True
[plv2] start PLv2_iTransformer_drift_er1700_sl96_s2022 on GPU 2 lane 1 (pid 3449066)
[plv2] start PLv2_iTransformer_drift_er2500_sl96_s2021 on GPU 3 lane 0 (pid 3449067)
[plv2] done PLv2_iTransformer_drift_er1000_sl96_s2022 (GPU 2), metrics_written=True
[plv2] done PLv2_iTransformer_drift_er1700_sl96_s2021 (GPU 3), metrics_written=True
[plv2] start PLv2_iTransformer_drift_er2500_sl96_s2022 on GPU 2 lane 0 (pid 3449299)
[plv2] start PLv2_iTransformer_drift_er4000_sl96_s2021 on GPU 3 lane 1 (pid 3449300)
[plv2] done PLv2_iTransformer_drift_er1700_sl96_s2022 (GPU 2), metrics_written=True
[plv2] done PLv2_iTransformer_drift_er2500_sl96_s2021 (GPU 3), metrics_written=True
[plv2] done PLv2_iTransformer_drift_er2500_sl96_s2022 (GPU 2), metrics_written=True
[plv2] start PLv2_iTransformer_drift_er4000_sl96_s2022 on GPU 2 lane 1 (pid 3449942)
[plv2] start PLv2_iTransformer_drift_er6000_sl96_s2021 on GPU 3 lane 0 (pid 3449943)
[plv2] start PLv2_iTransformer_drift_er6000_sl96_s2022 on GPU 2 lane 0 (pid 3449944)
[plv2] done PLv2_iTransformer_drift_er4000_sl96_s2021 (GPU 3), metrics_written=True
[plv2] start PLv2_DLinear_drift_er50_sl96_s2021 on GPU 3 lane 1 (pid 3450834)
[plv2] done PLv2_iTransformer_drift_er4000_sl96_s2022 (GPU 2), metrics_written=True
[plv2] done PLv2_iTransformer_drift_er6000_sl96_s2022 (GPU 2), metrics_written=True
[plv2] start PLv2_DLinear_drift_er50_sl96_s2022 on GPU 2 lane 1 (pid 3451283)
[plv2] start PLv2_DLinear_drift_er150_sl96_s2021 on GPU 2 lane 0 (pid 3451284)
[plv2] done PLv2_iTransformer_drift_er6000_sl96_s2021 (GPU 3), metrics_written=True
[plv2] done PLv2_DLinear_drift_er50_sl96_s2021 (GPU 3), metrics_written=True
[plv2] start PLv2_DLinear_drift_er150_sl96_s2022 on GPU 3 lane 0 (pid 3451691)
[plv2] start PLv2_DLinear_drift_er250_sl96_s2021 on GPU 3 lane 1 (pid 3451692)
[plv2] done PLv2_DLinear_drift_er50_sl96_s2022 (GPU 2), metrics_written=True
[plv2] done PLv2_DLinear_drift_er150_sl96_s2021 (GPU 2), metrics_written=True
[plv2] start PLv2_DLinear_drift_er250_sl96_s2022 on GPU 2 lane 1 (pid 3451952)
[plv2] start PLv2_DLinear_drift_er400_sl96_s2021 on GPU 2 lane 0 (pid 3451953)
[plv2] done PLv2_DLinear_drift_er150_sl96_s2022 (GPU 3), metrics_written=True
[plv2] done PLv2_DLinear_drift_er250_sl96_s2021 (GPU 3), metrics_written=True
[plv2] start PLv2_DLinear_drift_er400_sl96_s2022 on GPU 3 lane 0 (pid 3452372)
[plv2] start PLv2_DLinear_drift_er650_sl96_s2021 on GPU 3 lane 1 (pid 3452374)
[plv2] done PLv2_DLinear_drift_er250_sl96_s2022 (GPU 2), metrics_written=True
[plv2] done PLv2_DLinear_drift_er400_sl96_s2021 (GPU 2), metrics_written=True
[plv2] start PLv2_DLinear_drift_er650_sl96_s2022 on GPU 2 lane 1 (pid 3452689)
[plv2] start PLv2_DLinear_drift_er1000_sl96_s2021 on GPU 2 lane 0 (pid 3452690)
[plv2] done PLv2_DLinear_drift_er400_sl96_s2022 (GPU 3), metrics_written=True
[plv2] done PLv2_DLinear_drift_er650_sl96_s2021 (GPU 3), metrics_written=True
[plv2] start PLv2_DLinear_drift_er1000_sl96_s2022 on GPU 3 lane 0 (pid 3453698)
[plv2] start PLv2_DLinear_drift_er1700_sl96_s2021 on GPU 3 lane 1 (pid 3453699)
[plv2] done PLv2_DLinear_drift_er650_sl96_s2022 (GPU 2), metrics_written=True
[plv2] done PLv2_DLinear_drift_er1000_sl96_s2021 (GPU 2), metrics_written=True
[plv2] start PLv2_DLinear_drift_er1700_sl96_s2022 on GPU 2 lane 1 (pid 3454046)
[plv2] start PLv2_DLinear_drift_er2500_sl96_s2021 on GPU 2 lane 0 (pid 3454047)
[plv2] done PLv2_DLinear_drift_er1000_sl96_s2022 (GPU 3), metrics_written=True
[plv2] done PLv2_DLinear_drift_er1700_sl96_s2021 (GPU 3), metrics_written=True
[plv2] start PLv2_DLinear_drift_er2500_sl96_s2022 on GPU 3 lane 0 (pid 3454481)
[plv2] start PLv2_DLinear_drift_er4000_sl96_s2021 on GPU 3 lane 1 (pid 3454482)
[plv2] done PLv2_DLinear_drift_er1700_sl96_s2022 (GPU 2), metrics_written=True
[plv2] done PLv2_DLinear_drift_er2500_sl96_s2021 (GPU 2), metrics_written=True
[plv2] start PLv2_DLinear_drift_er4000_sl96_s2022 on GPU 2 lane 1 (pid 3454884)
[plv2] start PLv2_DLinear_drift_er6000_sl96_s2021 on GPU 2 lane 0 (pid 3454885)
[plv2] done PLv2_DLinear_drift_er2500_sl96_s2022 (GPU 3), metrics_written=True
[plv2] done PLv2_DLinear_drift_er4000_sl96_s2021 (GPU 3), metrics_written=True
[plv2] start PLv2_DLinear_drift_er6000_sl96_s2022 on GPU 3 lane 0 (pid 3455271)
[plv2] done PLv2_DLinear_drift_er4000_sl96_s2022 (GPU 2), metrics_written=True
[plv2] done PLv2_DLinear_drift_er6000_sl96_s2021 (GPU 2), metrics_written=True
[plv2] done PLv2_DLinear_drift_er6000_sl96_s2022 (GPU 3), metrics_written=True
[plv2] all runs finished
