[e2lite] 0 runs to do
[e2lite] all runs finished
tricity_iTransformer_1440_s2021 on GPU 6 (pid 439305)
[e2lite] start E2H192_electricity_iTransformer_1440_s2022 on GPU 7 (pid 439306)
[e2lite] start E2H192_electricity_iTransformer_336_s2021 on GPU 7 (pid 444479)
[e2lite] start E2H192_electricity_iTransformer_336_s2022 on GPU 6 (pid 448819)
[e2lite] done E2H192_electricity_iTransformer_336_s2021 on GPU 7, metrics_written=True
[e2lite] start E2H192_electricity_iTransformer_96_s2021 on GPU 7 (pid 481623)
[e2lite] done E2H192_electricity_iTransformer_336_s2022 on GPU 6, metrics_written=True
[e2lite] start E2H192_electricity_iTransformer_96_s2022 on GPU 6 (pid 488855)
[e2lite] done E2H192_electricity_iTransformer_1440_s2022 on GPU 7, metrics_written=True
[e2lite] start E2H192_ETTh1_iTransformer_1440_s2021 on GPU 7 (pid 492602)
[e2lite] done E2H192_electricity_iTransformer_1440_s2021 on GPU 6, metrics_written=True
[e2lite] start E2H192_ETTh1_iTransformer_1440_s2022 on GPU 6 (pid 493933)
[e2lite] done E2H192_ETTh1_iTransformer_1440_s2021 on GPU 7, metrics_written=True
[e2lite] done E2H192_ETTh1_iTransformer_1440_s2022 on GPU 6, metrics_written=True
[e2lite] start E2H192_exchange_rate_iTransformer_1440_s2021 on GPU 6 (pid 502021)
[e2lite] start E2H192_exchange_rate_iTransformer_1440_s2022 on GPU 7 (pid 502022)
[e2lite] done E2H192_exchange_rate_iTransformer_1440_s2021 on GPU 6, metrics_written=True
[e2lite] done E2H192_exchange_rate_iTransformer_1440_s2022 on GPU 7, metrics_written=True
[e2lite] start E2H192_ETTh1_iTransformer_336_s2021 on GPU 6 (pid 506365)
[e2lite] start E2H192_ETTh1_iTransformer_336_s2022 on GPU 7 (pid 506366)
[e2lite] start E2H192_exchange_rate_iTransformer_336_s2021 on GPU 2 (pid 512265)
[e2lite] start E2H192_exchange_rate_iTransformer_336_s2022 on GPU 3 (pid 513716)
[e2lite] start E2H192_ETTh1_iTransformer_96_s2021 on GPU 5 (pid 514618)
[e2lite] done E2H192_exchange_rate_iTransformer_336_s2021 on GPU 2, metrics_written=True
[e2lite] start E2H192_ETTh1_iTransformer_96_s2022 on GPU 2 (pid 518726)
[e2lite] done E2H192_exchange_rate_iTransformer_336_s2022 on GPU 3, metrics_written=True
[e2lite] start E2H192_exchange_rate_iTransformer_96_s2021 on GPU 0 (pid 520175)
[e2lite] start E2H192_exchange_rate_iTransformer_96_s2022 on GPU 3 (pid 520176)
[e2lite] done E2H192_ETTh1_iTransformer_336_s2022 on GPU 7, metrics_written=True
[e2lite] done E2H192_exchange_rate_iTransformer_96_s2021 on GPU 0, metrics_written=True
[e2lite] done E2H192_ETTh1_iTransformer_336_s2021 on GPU 6, metrics_written=True
[e2lite] done E2H192_exchange_rate_iTransformer_96_s2022 on GPU 3, metrics_written=True
[e2lite] done E2H192_ETTh1_iTransformer_96_s2021 on GPU 5, metrics_written=True
[e2lite] done E2H192_ETTh1_iTransformer_96_s2022 on GPU 2, metrics_written=True
[e2lite] done E2H192_electricity_iTransformer_96_s2021 on GPU 7, metrics_written=True
[e2lite] done E2H192_electricity_iTransformer_96_s2022 on GPU 6, metrics_written=True
[e2lite] all runs finished
