Using GPU
Args in experiment:
[1mBasic Config[0m
  Task Name:          long_term_forecast  Is Training:        1                   
  Model ID:           LBext_bikes_iTransformer_720_s2022Model:              iTransformer        

[1mData Loader[0m
  Data:               custom              Root Path:          ./dataset/bikes/    
  Data Path:          bikes.csv           Features:           M                   
  Target:             OT                  Freq:               h                   
  Checkpoints:        ./checkpoints/      

[1mForecasting Task[0m
  Seq Len:            720                 Label Len:          48                  
  Pred Len:           96                  Seasonal Patterns:  Monthly             
  Inverse:            0                   

[1mModel Parameters[0m
  Top k:              5                   Num Kernels:        6                   
  Enc In:             441                 Dec In:             441                 
  C Out:              441                 d model:            512                 
  n heads:            8                   e layers:           3                   
  d layers:           1                   d FF:               512                 
  Moving Avg:         25                  Factor:             3                   
  Distil:             1                   Dropout:            0.1                 
  Embed:              timeF               Activation:         gelu                

[1mRun Parameters[0m
  Num Workers:        4                   Itr:                1                   
  Train Epochs:       10                  Batch Size:         16                  
  Patience:           3                   Learning Rate:      0.0005              
  Des:                Exp                 Loss:               MSE                 
  Lradj:              type1               Use Amp:            0                   

[1mGPU[0m
  Use GPU:            1                   GPU:                0                   
  Use Multi GPU:      0                   Devices:            0,1,2,3             

[1mDe-stationary Projector Params[0m
  P Hidden Dims:      128, 128            P Hidden Layers:    2                   

Use GPU: cuda:0
🚀 Lazy Loading: iTransformer ...
>>>>>>>start training : long_term_forecast_LBext_bikes_iTransformer_720_s2022_iTransformer_custom_ftM_sl720_ll48_pl96_dm512_nh8_el3_dl1_df512_expand2_dc4_fc3_ebtimeF_dtTrue_Exp_0>>>>>>>>>>>>>>>>>>>>>>>>>>
train window subsample: keep 33850/36010 windows (max_train_windows=33850)
train 33850
val 5167
test 10426
	iters: 100, epoch: 1 | loss: 0.5172656
	speed: 0.0744s/iter; left time: 1567.3800s
	iters: 200, epoch: 1 | loss: 0.4563151
	speed: 0.0470s/iter; left time: 984.2192s
	iters: 300, epoch: 1 | loss: 0.5192943
	speed: 0.0478s/iter; left time: 997.1354s
	iters: 400, epoch: 1 | loss: 0.4863172
	speed: 0.0470s/iter; left time: 975.7437s
	iters: 500, epoch: 1 | loss: 0.4821115
	speed: 0.0457s/iter; left time: 944.7305s
	iters: 600, epoch: 1 | loss: 0.4605001
	speed: 0.0466s/iter; left time: 957.1498s
	iters: 700, epoch: 1 | loss: 0.4074790
	speed: 0.0479s/iter; left time: 980.2018s
	iters: 800, epoch: 1 | loss: 0.4558297
	speed: 0.0484s/iter; left time: 985.9674s
	iters: 900, epoch: 1 | loss: 0.4706941
	speed: 0.0493s/iter; left time: 999.4953s
	iters: 1000, epoch: 1 | loss: 0.5016785
	speed: 0.0498s/iter; left time: 1004.6652s
	iters: 1100, epoch: 1 | loss: 0.4408226
	speed: 0.0535s/iter; left time: 1074.2654s
	iters: 1200, epoch: 1 | loss: 0.4834962
	speed: 0.0552s/iter; left time: 1100.9880s
	iters: 1300, epoch: 1 | loss: 0.5263404
	speed: 0.0536s/iter; left time: 1063.8035s
	iters: 1400, epoch: 1 | loss: 0.4184462
	speed: 0.0566s/iter; left time: 1118.3908s
	iters: 1500, epoch: 1 | loss: 0.4836673
	speed: 0.0584s/iter; left time: 1147.2810s
	iters: 1600, epoch: 1 | loss: 0.4595554
	speed: 0.0561s/iter; left time: 1098.0328s
	iters: 1700, epoch: 1 | loss: 0.4467624
	speed: 0.0546s/iter; left time: 1062.3598s
	iters: 1800, epoch: 1 | loss: 0.4643039
	speed: 0.0534s/iter; left time: 1034.0825s
	iters: 1900, epoch: 1 | loss: 0.4664585
	speed: 0.0538s/iter; left time: 1037.0182s
	iters: 2000, epoch: 1 | loss: 0.4113758
	speed: 0.0533s/iter; left time: 1021.4723s
	iters: 2100, epoch: 1 | loss: 0.4407045
	speed: 0.0533s/iter; left time: 1015.8452s
Epoch: 1 cost time: 110.0204164981842
Epoch: 1, Steps: 2116 | Train Loss: 0.4668307 Vali Loss: 0.1575577 Test Loss: 0.2140068
Validation loss decreased (inf --> 0.157558).  Saving model ...
Updating learning rate to 0.0005
	iters: 100, epoch: 2 | loss: 0.4703481
	speed: 0.4656s/iter; left time: 8821.0863s
	iters: 200, epoch: 2 | loss: 0.4125351
	speed: 0.0516s/iter; left time: 971.6205s
	iters: 300, epoch: 2 | loss: 0.4640091
	speed: 0.0525s/iter; left time: 984.2290s
	iters: 400, epoch: 2 | loss: 0.4152125
	speed: 0.0521s/iter; left time: 970.8810s
	iters: 500, epoch: 2 | loss: 0.4618102
	speed: 0.0534s/iter; left time: 990.5782s
	iters: 600, epoch: 2 | loss: 0.4282400
	speed: 0.0524s/iter; left time: 966.8579s
	iters: 700, epoch: 2 | loss: 0.4708218
	speed: 0.0550s/iter; left time: 1009.6274s
	iters: 800, epoch: 2 | loss: 0.5101082
	speed: 0.0557s/iter; left time: 1015.5042s
	iters: 900, epoch: 2 | loss: 0.4326429
	speed: 0.0559s/iter; left time: 1014.3702s
	iters: 1000, epoch: 2 | loss: 0.5348173
	speed: 0.0569s/iter; left time: 1026.9976s
	iters: 1100, epoch: 2 | loss: 0.4632393
	speed: 0.0582s/iter; left time: 1044.5756s
	iters: 1200, epoch: 2 | loss: 0.4446414
	speed: 0.0585s/iter; left time: 1044.4076s
	iters: 1300, epoch: 2 | loss: 0.4465665
	speed: 0.0568s/iter; left time: 1007.2891s
	iters: 1400, epoch: 2 | loss: 0.4502486
	speed: 0.0604s/iter; left time: 1064.9410s
	iters: 1500, epoch: 2 | loss: 0.4561008
	speed: 0.0565s/iter; left time: 990.8277s
	iters: 1600, epoch: 2 | loss: 0.4580723
	speed: 0.0552s/iter; left time: 963.1878s
	iters: 1700, epoch: 2 | loss: 0.4229511
	speed: 0.0547s/iter; left time: 948.1751s
	iters: 1800, epoch: 2 | loss: 0.4687341
	speed: 0.0521s/iter; left time: 898.1442s
	iters: 1900, epoch: 2 | loss: 0.4235070
	speed: 0.0500s/iter; left time: 857.5774s
	iters: 2000, epoch: 2 | loss: 0.4593373
	speed: 0.0538s/iter; left time: 917.0810s
	iters: 2100, epoch: 2 | loss: 0.4562093
	speed: 0.0500s/iter; left time: 847.0231s
Epoch: 2 cost time: 115.37481451034546
Epoch: 2, Steps: 2116 | Train Loss: 0.4392557 Vali Loss: 0.1603734 Test Loss: 0.2129260
EarlyStopping counter: 1 out of 3
Updating learning rate to 0.00025
	iters: 100, epoch: 3 | loss: 0.4109517
	speed: 0.4667s/iter; left time: 7853.8795s
	iters: 200, epoch: 3 | loss: 0.4389556
	speed: 0.0468s/iter; left time: 782.4169s
	iters: 300, epoch: 3 | loss: 0.4207911
	speed: 0.0498s/iter; left time: 827.3987s
	iters: 400, epoch: 3 | loss: 0.4052363
	speed: 0.0521s/iter; left time: 861.7767s
	iters: 500, epoch: 3 | loss: 0.4343792
	speed: 0.0539s/iter; left time: 885.5340s
	iters: 600, epoch: 3 | loss: 0.4341316
	speed: 0.0540s/iter; left time: 881.6515s
	iters: 700, epoch: 3 | loss: 0.4233222
	speed: 0.0537s/iter; left time: 871.4768s
	iters: 800, epoch: 3 | loss: 0.4703094
	speed: 0.0531s/iter; left time: 856.5778s
	iters: 900, epoch: 3 | loss: 0.3998294
	speed: 0.0522s/iter; left time: 837.2727s
	iters: 1000, epoch: 3 | loss: 0.4309302
	speed: 0.0526s/iter; left time: 838.0219s
	iters: 1100, epoch: 3 | loss: 0.4291793
	speed: 0.0562s/iter; left time: 888.9974s
	iters: 1200, epoch: 3 | loss: 0.4142122
	speed: 0.0551s/iter; left time: 865.9108s
	iters: 1300, epoch: 3 | loss: 0.4317889
	speed: 0.0559s/iter; left time: 872.9135s
	iters: 1400, epoch: 3 | loss: 0.4156372
	speed: 0.0547s/iter; left time: 849.9970s
	iters: 1500, epoch: 3 | loss: 0.3937006
	speed: 0.0557s/iter; left time: 859.1694s
	iters: 1600, epoch: 3 | loss: 0.4140868
	speed: 0.0553s/iter; left time: 846.9958s
	iters: 1700, epoch: 3 | loss: 0.4146253
	speed: 0.0572s/iter; left time: 871.2378s
	iters: 1800, epoch: 3 | loss: 0.4393640
	speed: 0.0563s/iter; left time: 851.8469s
	iters: 1900, epoch: 3 | loss: 0.4014017
	speed: 0.0556s/iter; left time: 836.3577s
	iters: 2000, epoch: 3 | loss: 0.4096205
	speed: 0.0543s/iter; left time: 810.4876s
	iters: 2100, epoch: 3 | loss: 0.4245034
	speed: 0.0519s/iter; left time: 769.0860s
Epoch: 3 cost time: 113.35215544700623
Epoch: 3, Steps: 2116 | Train Loss: 0.4232189 Vali Loss: 0.1679836 Test Loss: 0.2133333
EarlyStopping counter: 2 out of 3
Updating learning rate to 0.000125
	iters: 100, epoch: 4 | loss: 0.4059210
	speed: 0.4953s/iter; left time: 7287.8050s
	iters: 200, epoch: 4 | loss: 0.4338463
	speed: 0.0533s/iter; left time: 779.1147s
	iters: 300, epoch: 4 | loss: 0.4405783
	speed: 0.0537s/iter; left time: 779.6775s
	iters: 400, epoch: 4 | loss: 0.4032102
	speed: 0.0554s/iter; left time: 798.1135s
	iters: 500, epoch: 4 | loss: 0.4325123
	speed: 0.0533s/iter; left time: 763.2993s
	iters: 600, epoch: 4 | loss: 0.4287695
	speed: 0.0534s/iter; left time: 758.2735s
	iters: 700, epoch: 4 | loss: 0.4467141
	speed: 0.0525s/iter; left time: 741.5842s
	iters: 800, epoch: 4 | loss: 0.4253559
	speed: 0.0516s/iter; left time: 722.3833s
	iters: 900, epoch: 4 | loss: 0.3991565
	speed: 0.0525s/iter; left time: 730.4648s
	iters: 1000, epoch: 4 | loss: 0.4020527
	speed: 0.0532s/iter; left time: 735.2456s
	iters: 1100, epoch: 4 | loss: 0.4048467
	speed: 0.0490s/iter; left time: 672.3545s
	iters: 1200, epoch: 4 | loss: 0.4375461
	speed: 0.0464s/iter; left time: 632.0410s
	iters: 1300, epoch: 4 | loss: 0.4182396
	speed: 0.0493s/iter; left time: 666.0367s
	iters: 1400, epoch: 4 | loss: 0.3939635
	speed: 0.0630s/iter; left time: 844.8044s
	iters: 1500, epoch: 4 | loss: 0.4172302
	speed: 0.0689s/iter; left time: 917.2143s
	iters: 1600, epoch: 4 | loss: 0.4285390
	speed: 0.0686s/iter; left time: 906.1192s
	iters: 1700, epoch: 4 | loss: 0.4539667
	speed: 0.0681s/iter; left time: 893.1264s
	iters: 1800, epoch: 4 | loss: 0.3820682
	speed: 0.0688s/iter; left time: 895.0698s
	iters: 1900, epoch: 4 | loss: 0.4119666
	speed: 0.0681s/iter; left time: 879.7947s
	iters: 2000, epoch: 4 | loss: 0.4046769
	speed: 0.0685s/iter; left time: 877.8374s
	iters: 2100, epoch: 4 | loss: 0.4159023
	speed: 0.0685s/iter; left time: 871.3828s
Epoch: 4 cost time: 123.3812153339386
Epoch: 4, Steps: 2116 | Train Loss: 0.4142071 Vali Loss: 0.1647323 Test Loss: 0.2114910
EarlyStopping counter: 3 out of 3
Early stopping
>>>>>>>testing : long_term_forecast_LBext_bikes_iTransformer_720_s2022_iTransformer_custom_ftM_sl720_ll48_pl96_dm512_nh8_el3_dl1_df512_expand2_dc4_fc3_ebtimeF_dtTrue_Exp_0<<<<<<<<<<<<<<<<<<<<<<<<<<<<<<<<<
test 10426
test shape: (10426, 96, 441) (10426, 96, 441)
test shape: (10426, 96, 441) (10426, 96, 441)
mse:0.2140045315027237, mae:0.2880256772041321, dtw:Not calculated
