Using GPU
Args in experiment:
[1mBasic Config[0m
  Task Name:          long_term_forecast  Is Training:        1                   
  Model ID:           LBext_bikes_iTransformer_336_s2022Model:              iTransformer        

[1mData Loader[0m
  Data:               custom              Root Path:          ./dataset/bikes/    
  Data Path:          bikes.csv           Features:           M                   
  Target:             OT                  Freq:               h                   
  Checkpoints:        ./checkpoints/      

[1mForecasting Task[0m
  Seq Len:            336                 Label Len:          48                  
  Pred Len:           96                  Seasonal Patterns:  Monthly             
  Inverse:            0                   

[1mModel Parameters[0m
  Top k:              5                   Num Kernels:        6                   
  Enc In:             441                 Dec In:             441                 
  C Out:              441                 d model:            512                 
  n heads:            8                   e layers:           3                   
  d layers:           1                   d FF:               512                 
  Moving Avg:         25                  Factor:             3                   
  Distil:             1                   Dropout:            0.1                 
  Embed:              timeF               Activation:         gelu                

[1mRun Parameters[0m
  Num Workers:        4                   Itr:                1                   
  Train Epochs:       10                  Batch Size:         16                  
  Patience:           3                   Learning Rate:      0.0005              
  Des:                Exp                 Loss:               MSE                 
  Lradj:              type1               Use Amp:            0                   

[1mGPU[0m
  Use GPU:            1                   GPU:                0                   
  Use Multi GPU:      0                   Devices:            0,1,2,3             

[1mDe-stationary Projector Params[0m
  P Hidden Dims:      128, 128            P Hidden Layers:    2                   

Use GPU: cuda:0
🚀 Lazy Loading: iTransformer ...
>>>>>>>start training : long_term_forecast_LBext_bikes_iTransformer_336_s2022_iTransformer_custom_ftM_sl336_ll48_pl96_dm512_nh8_el3_dl1_df512_expand2_dc4_fc3_ebtimeF_dtTrue_Exp_0>>>>>>>>>>>>>>>>>>>>>>>>>>
train window subsample: keep 33850/36394 windows (max_train_windows=33850)
train 33850
val 5167
test 10426
	iters: 100, epoch: 1 | loss: 0.5375367
	speed: 0.0812s/iter; left time: 1709.3481s
	iters: 200, epoch: 1 | loss: 0.4856452
	speed: 0.0569s/iter; left time: 1192.4989s
	iters: 300, epoch: 1 | loss: 0.5071691
	speed: 0.0580s/iter; left time: 1209.1785s
	iters: 400, epoch: 1 | loss: 0.4883887
	speed: 0.0576s/iter; left time: 1196.6222s
	iters: 500, epoch: 1 | loss: 0.4997232
	speed: 0.0566s/iter; left time: 1169.6530s
	iters: 600, epoch: 1 | loss: 0.4447628
	speed: 0.0577s/iter; left time: 1186.6736s
	iters: 700, epoch: 1 | loss: 0.4745854
	speed: 0.0573s/iter; left time: 1171.5844s
	iters: 800, epoch: 1 | loss: 0.4732907
	speed: 0.0579s/iter; left time: 1178.2512s
	iters: 900, epoch: 1 | loss: 0.4961024
	speed: 0.0573s/iter; left time: 1160.7724s
	iters: 1000, epoch: 1 | loss: 0.4598227
	speed: 0.0571s/iter; left time: 1151.2531s
	iters: 1100, epoch: 1 | loss: 0.4891775
	speed: 0.0567s/iter; left time: 1137.3555s
	iters: 1200, epoch: 1 | loss: 0.4519724
	speed: 0.0573s/iter; left time: 1143.4294s
	iters: 1300, epoch: 1 | loss: 0.4228345
	speed: 0.0568s/iter; left time: 1128.4889s
	iters: 1400, epoch: 1 | loss: 0.4168129
	speed: 0.0566s/iter; left time: 1118.3280s
	iters: 1500, epoch: 1 | loss: 0.4592205
	speed: 0.0556s/iter; left time: 1092.8851s
	iters: 1600, epoch: 1 | loss: 0.4168246
	speed: 0.0557s/iter; left time: 1088.9287s
	iters: 1700, epoch: 1 | loss: 0.4547403
	speed: 0.0551s/iter; left time: 1073.0343s
	iters: 1800, epoch: 1 | loss: 0.4699325
	speed: 0.0551s/iter; left time: 1066.2579s
	iters: 1900, epoch: 1 | loss: 0.4640822
	speed: 0.0573s/iter; left time: 1103.1210s
	iters: 2000, epoch: 1 | loss: 0.4328462
	speed: 0.0419s/iter; left time: 803.2112s
	iters: 2100, epoch: 1 | loss: 0.4454032
	speed: 0.0400s/iter; left time: 761.5072s
Epoch: 1 cost time: 117.83236122131348
Epoch: 1, Steps: 2116 | Train Loss: 0.4724590 Vali Loss: 0.1485702 Test Loss: 0.2172727
Validation loss decreased (inf --> 0.148570).  Saving model ...
Updating learning rate to 0.0005
	iters: 100, epoch: 2 | loss: 0.4556488
	speed: 0.3355s/iter; left time: 6356.3445s
	iters: 200, epoch: 2 | loss: 0.4578353
	speed: 0.0525s/iter; left time: 989.5599s
	iters: 300, epoch: 2 | loss: 0.4542533
	speed: 0.0573s/iter; left time: 1073.4588s
	iters: 400, epoch: 2 | loss: 0.4454436
	speed: 0.0578s/iter; left time: 1077.5824s
	iters: 500, epoch: 2 | loss: 0.4633889
	speed: 0.0587s/iter; left time: 1088.8617s
	iters: 600, epoch: 2 | loss: 0.4301440
	speed: 0.0572s/iter; left time: 1054.4881s
	iters: 700, epoch: 2 | loss: 0.4438159
	speed: 0.0578s/iter; left time: 1060.0206s
	iters: 800, epoch: 2 | loss: 0.4818087
	speed: 0.0575s/iter; left time: 1049.8744s
	iters: 900, epoch: 2 | loss: 0.4508833
	speed: 0.0581s/iter; left time: 1053.5452s
	iters: 1000, epoch: 2 | loss: 0.4565902
	speed: 0.0588s/iter; left time: 1060.9843s
	iters: 1100, epoch: 2 | loss: 0.4553796
	speed: 0.0581s/iter; left time: 1042.4186s
	iters: 1200, epoch: 2 | loss: 0.4626552
	speed: 0.0574s/iter; left time: 1024.5035s
	iters: 1300, epoch: 2 | loss: 0.5203004
	speed: 0.0573s/iter; left time: 1016.2901s
	iters: 1400, epoch: 2 | loss: 0.4468179
	speed: 0.0573s/iter; left time: 1010.5034s
	iters: 1500, epoch: 2 | loss: 0.4490964
	speed: 0.0580s/iter; left time: 1018.4422s
	iters: 1600, epoch: 2 | loss: 0.4966083
	speed: 0.0570s/iter; left time: 995.0356s
	iters: 1700, epoch: 2 | loss: 0.4478203
	speed: 0.0567s/iter; left time: 982.7080s
	iters: 1800, epoch: 2 | loss: 0.4038121
	speed: 0.0568s/iter; left time: 979.6411s
	iters: 1900, epoch: 2 | loss: 0.4742470
	speed: 0.0556s/iter; left time: 952.8197s
	iters: 2000, epoch: 2 | loss: 0.4350165
	speed: 0.0555s/iter; left time: 945.2124s
	iters: 2100, epoch: 2 | loss: 0.4549271
	speed: 0.0544s/iter; left time: 921.8534s
Epoch: 2 cost time: 118.97262358665466
Epoch: 2, Steps: 2116 | Train Loss: 0.4446479 Vali Loss: 0.1524496 Test Loss: 0.2182185
EarlyStopping counter: 1 out of 3
Updating learning rate to 0.00025
	iters: 100, epoch: 3 | loss: 0.4255573
	speed: 0.3631s/iter; left time: 6110.1850s
	iters: 200, epoch: 3 | loss: 0.4338499
	speed: 0.0405s/iter; left time: 677.8366s
	iters: 300, epoch: 3 | loss: 0.4671497
	speed: 0.0402s/iter; left time: 668.9790s
	iters: 400, epoch: 3 | loss: 0.4125898
	speed: 0.0397s/iter; left time: 656.3066s
	iters: 500, epoch: 3 | loss: 0.3763601
	speed: 0.0390s/iter; left time: 641.5360s
	iters: 600, epoch: 3 | loss: 0.3923830
	speed: 0.0403s/iter; left time: 657.8079s
	iters: 700, epoch: 3 | loss: 0.4516311
	speed: 0.0354s/iter; left time: 574.1738s
	iters: 800, epoch: 3 | loss: 0.4237690
	speed: 0.0391s/iter; left time: 630.1843s
	iters: 900, epoch: 3 | loss: 0.4336226
	speed: 0.0379s/iter; left time: 606.8399s
	iters: 1000, epoch: 3 | loss: 0.4040816
	speed: 0.0388s/iter; left time: 618.1948s
	iters: 1100, epoch: 3 | loss: 0.4737357
	speed: 0.0380s/iter; left time: 600.7629s
	iters: 1200, epoch: 3 | loss: 0.4190250
	speed: 0.0385s/iter; left time: 604.9705s
	iters: 1300, epoch: 3 | loss: 0.4574685
	speed: 0.0386s/iter; left time: 603.9314s
	iters: 1400, epoch: 3 | loss: 0.4435606
	speed: 0.0386s/iter; left time: 598.8904s
	iters: 1500, epoch: 3 | loss: 0.4304149
	speed: 0.0377s/iter; left time: 581.2272s
	iters: 1600, epoch: 3 | loss: 0.4194672
	speed: 0.0372s/iter; left time: 569.8350s
	iters: 1700, epoch: 3 | loss: 0.4245684
	speed: 0.0369s/iter; left time: 561.2386s
	iters: 1800, epoch: 3 | loss: 0.4123973
	speed: 0.0317s/iter; left time: 480.0586s
	iters: 1900, epoch: 3 | loss: 0.3950363
	speed: 0.0335s/iter; left time: 503.8651s
	iters: 2000, epoch: 3 | loss: 0.4282583
	speed: 0.0336s/iter; left time: 501.4329s
	iters: 2100, epoch: 3 | loss: 0.4184918
	speed: 0.0329s/iter; left time: 487.2384s
Epoch: 3 cost time: 79.56105065345764
Epoch: 3, Steps: 2116 | Train Loss: 0.4299102 Vali Loss: 0.1516697 Test Loss: 0.2155060
EarlyStopping counter: 2 out of 3
Updating learning rate to 0.000125
	iters: 100, epoch: 4 | loss: 0.4444320
	speed: 0.3127s/iter; left time: 4601.0082s
	iters: 200, epoch: 4 | loss: 0.4247171
	speed: 0.0357s/iter; left time: 521.0431s
	iters: 300, epoch: 4 | loss: 0.4274076
	speed: 0.0344s/iter; left time: 499.8903s
	iters: 400, epoch: 4 | loss: 0.4094674
	speed: 0.0361s/iter; left time: 520.4530s
	iters: 500, epoch: 4 | loss: 0.4338201
	speed: 0.0354s/iter; left time: 507.1387s
	iters: 600, epoch: 4 | loss: 0.4276749
	speed: 0.0345s/iter; left time: 490.1670s
	iters: 700, epoch: 4 | loss: 0.4283894
	speed: 0.0352s/iter; left time: 497.2122s
	iters: 800, epoch: 4 | loss: 0.4534978
	speed: 0.0371s/iter; left time: 519.6564s
	iters: 900, epoch: 4 | loss: 0.4330235
	speed: 0.0354s/iter; left time: 492.3311s
	iters: 1000, epoch: 4 | loss: 0.3938270
	speed: 0.0343s/iter; left time: 474.3485s
	iters: 1100, epoch: 4 | loss: 0.4116022
	speed: 0.0345s/iter; left time: 473.3145s
	iters: 1200, epoch: 4 | loss: 0.4277400
	speed: 0.0342s/iter; left time: 466.1371s
	iters: 1300, epoch: 4 | loss: 0.4356180
	speed: 0.0339s/iter; left time: 457.9333s
	iters: 1400, epoch: 4 | loss: 0.4120046
	speed: 0.0340s/iter; left time: 456.2597s
	iters: 1500, epoch: 4 | loss: 0.4538633
	speed: 0.0354s/iter; left time: 471.9429s
	iters: 1600, epoch: 4 | loss: 0.4053959
	speed: 0.0335s/iter; left time: 442.9233s
	iters: 1700, epoch: 4 | loss: 0.4142679
	speed: 0.0333s/iter; left time: 436.2846s
	iters: 1800, epoch: 4 | loss: 0.4221776
	speed: 0.0331s/iter; left time: 430.0942s
	iters: 1900, epoch: 4 | loss: 0.4281765
	speed: 0.0333s/iter; left time: 429.5564s
	iters: 2000, epoch: 4 | loss: 0.3979194
	speed: 0.0326s/iter; left time: 418.1762s
	iters: 2100, epoch: 4 | loss: 0.4754149
	speed: 0.0338s/iter; left time: 429.8513s
Epoch: 4 cost time: 73.40579795837402
Epoch: 4, Steps: 2116 | Train Loss: 0.4216729 Vali Loss: 0.1502074 Test Loss: 0.2143462
EarlyStopping counter: 3 out of 3
Early stopping
>>>>>>>testing : long_term_forecast_LBext_bikes_iTransformer_336_s2022_iTransformer_custom_ftM_sl336_ll48_pl96_dm512_nh8_el3_dl1_df512_expand2_dc4_fc3_ebtimeF_dtTrue_Exp_0<<<<<<<<<<<<<<<<<<<<<<<<<<<<<<<<<
test 10426
test shape: (10426, 96, 441) (10426, 96, 441)
test shape: (10426, 96, 441) (10426, 96, 441)
mse:0.21727003157138824, mae:0.290809690952301, dtw:Not calculated
