Using GPU
Args in experiment:
[1mBasic Config[0m
  Task Name:          long_term_forecast  Is Training:        1                   
  Model ID:           LBext_bikes_DLinear_336_s2021Model:              DLinear             

[1mData Loader[0m
  Data:               custom              Root Path:          ./dataset/bikes/    
  Data Path:          bikes.csv           Features:           M                   
  Target:             OT                  Freq:               h                   
  Checkpoints:        ./checkpoints/      

[1mForecasting Task[0m
  Seq Len:            336                 Label Len:          48                  
  Pred Len:           96                  Seasonal Patterns:  Monthly             
  Inverse:            0                   

[1mModel Parameters[0m
  Top k:              5                   Num Kernels:        6                   
  Enc In:             441                 Dec In:             441                 
  C Out:              441                 d model:            512                 
  n heads:            8                   e layers:           3                   
  d layers:           1                   d FF:               512                 
  Moving Avg:         25                  Factor:             3                   
  Distil:             1                   Dropout:            0.1                 
  Embed:              timeF               Activation:         gelu                

[1mRun Parameters[0m
  Num Workers:        4                   Itr:                1                   
  Train Epochs:       10                  Batch Size:         16                  
  Patience:           3                   Learning Rate:      0.0005              
  Des:                Exp                 Loss:               MSE                 
  Lradj:              type1               Use Amp:            0                   

[1mGPU[0m
  Use GPU:            1                   GPU:                0                   
  Use Multi GPU:      0                   Devices:            0,1,2,3             

[1mDe-stationary Projector Params[0m
  P Hidden Dims:      128, 128            P Hidden Layers:    2                   

Use GPU: cuda:0
🚀 Lazy Loading: DLinear ...
>>>>>>>start training : long_term_forecast_LBext_bikes_DLinear_336_s2021_DLinear_custom_ftM_sl336_ll48_pl96_dm512_nh8_el3_dl1_df512_expand2_dc4_fc3_ebtimeF_dtTrue_Exp_0>>>>>>>>>>>>>>>>>>>>>>>>>>
train window subsample: keep 33850/36394 windows (max_train_windows=33850)
train 33850
val 5167
test 10426
	iters: 100, epoch: 1 | loss: 0.4867778
	speed: 0.0467s/iter; left time: 983.4550s
	iters: 200, epoch: 1 | loss: 0.4810385
	speed: 0.0256s/iter; left time: 537.0397s
	iters: 300, epoch: 1 | loss: 0.4843120
	speed: 0.0264s/iter; left time: 550.6185s
	iters: 400, epoch: 1 | loss: 0.5137655
	speed: 0.0228s/iter; left time: 472.7461s
	iters: 500, epoch: 1 | loss: 0.4981139
	speed: 0.0231s/iter; left time: 478.1866s
	iters: 600, epoch: 1 | loss: 0.4593776
	speed: 0.0254s/iter; left time: 521.6978s
	iters: 700, epoch: 1 | loss: 0.4735058
	speed: 0.0263s/iter; left time: 538.8539s
	iters: 800, epoch: 1 | loss: 0.4772522
	speed: 0.0259s/iter; left time: 526.8301s
	iters: 900, epoch: 1 | loss: 0.4788064
	speed: 0.0260s/iter; left time: 527.3990s
	iters: 1000, epoch: 1 | loss: 0.4595335
	speed: 0.0261s/iter; left time: 525.3753s
	iters: 1100, epoch: 1 | loss: 0.4562306
	speed: 0.0240s/iter; left time: 481.4892s
	iters: 1200, epoch: 1 | loss: 0.4735169
	speed: 0.0231s/iter; left time: 461.6984s
	iters: 1300, epoch: 1 | loss: 0.5088027
	speed: 0.0241s/iter; left time: 477.8113s
	iters: 1400, epoch: 1 | loss: 0.5783097
	speed: 0.0224s/iter; left time: 443.5939s
	iters: 1500, epoch: 1 | loss: 0.4778451
	speed: 0.0262s/iter; left time: 514.7970s
	iters: 1600, epoch: 1 | loss: 0.4996980
	speed: 0.0252s/iter; left time: 493.6732s
	iters: 1700, epoch: 1 | loss: 0.4859816
	speed: 0.0224s/iter; left time: 434.9850s
	iters: 1800, epoch: 1 | loss: 0.4686799
	speed: 0.0217s/iter; left time: 420.9217s
	iters: 1900, epoch: 1 | loss: 0.5266646
	speed: 0.0204s/iter; left time: 392.8400s
	iters: 2000, epoch: 1 | loss: 0.4480933
	speed: 0.0205s/iter; left time: 392.8656s
	iters: 2100, epoch: 1 | loss: 0.4626260
	speed: 0.0216s/iter; left time: 412.4437s
Epoch: 1 cost time: 51.403321266174316
Epoch: 1, Steps: 2116 | Train Loss: 0.4897645 Vali Loss: 0.1560403 Test Loss: 0.2283967
Validation loss decreased (inf --> 0.156040).  Saving model ...
Updating learning rate to 0.0005
	iters: 100, epoch: 2 | loss: 0.4567782
	speed: 0.2529s/iter; left time: 4791.9470s
	iters: 200, epoch: 2 | loss: 0.4690260
	speed: 0.0221s/iter; left time: 417.0187s
	iters: 300, epoch: 2 | loss: 0.5128684
	speed: 0.0218s/iter; left time: 409.5658s
	iters: 400, epoch: 2 | loss: 0.4391313
	speed: 0.0211s/iter; left time: 394.1427s
	iters: 500, epoch: 2 | loss: 0.4434492
	speed: 0.0193s/iter; left time: 357.3327s
	iters: 600, epoch: 2 | loss: 0.4336789
	speed: 0.0215s/iter; left time: 397.3561s
	iters: 700, epoch: 2 | loss: 0.4959745
	speed: 0.0242s/iter; left time: 444.0114s
	iters: 800, epoch: 2 | loss: 0.4273278
	speed: 0.0242s/iter; left time: 441.4501s
	iters: 900, epoch: 2 | loss: 0.5168872
	speed: 0.0232s/iter; left time: 420.8735s
	iters: 1000, epoch: 2 | loss: 0.4801034
	speed: 0.0231s/iter; left time: 416.7481s
	iters: 1100, epoch: 2 | loss: 0.4679739
	speed: 0.0233s/iter; left time: 417.6840s
	iters: 1200, epoch: 2 | loss: 0.4900062
	speed: 0.0226s/iter; left time: 402.6677s
	iters: 1300, epoch: 2 | loss: 0.4503125
	speed: 0.0231s/iter; left time: 409.6726s
	iters: 1400, epoch: 2 | loss: 0.4863099
	speed: 0.0221s/iter; left time: 390.7760s
	iters: 1500, epoch: 2 | loss: 0.5060615
	speed: 0.0231s/iter; left time: 404.9794s
	iters: 1600, epoch: 2 | loss: 0.4557524
	speed: 0.0229s/iter; left time: 398.9022s
	iters: 1700, epoch: 2 | loss: 0.4841606
	speed: 0.0220s/iter; left time: 380.8892s
	iters: 1800, epoch: 2 | loss: 0.4764221
	speed: 0.0213s/iter; left time: 367.7241s
	iters: 1900, epoch: 2 | loss: 0.4498882
	speed: 0.0204s/iter; left time: 349.0083s
	iters: 2000, epoch: 2 | loss: 0.5724309
	speed: 0.0189s/iter; left time: 322.1745s
	iters: 2100, epoch: 2 | loss: 0.5394191
	speed: 0.0189s/iter; left time: 319.9014s
Epoch: 2 cost time: 46.72218704223633
Epoch: 2, Steps: 2116 | Train Loss: 0.4802995 Vali Loss: 0.1639338 Test Loss: 0.2331849
EarlyStopping counter: 1 out of 3
Updating learning rate to 0.00025
	iters: 100, epoch: 3 | loss: 0.4712494
	speed: 0.2534s/iter; left time: 4264.6329s
	iters: 200, epoch: 3 | loss: 0.4663863
	speed: 0.0252s/iter; left time: 421.3363s
	iters: 300, epoch: 3 | loss: 0.4357729
	speed: 0.0246s/iter; left time: 408.9733s
	iters: 400, epoch: 3 | loss: 0.4688472
	speed: 0.0249s/iter; left time: 411.0980s
	iters: 500, epoch: 3 | loss: 0.4575174
	speed: 0.0230s/iter; left time: 377.7036s
	iters: 600, epoch: 3 | loss: 0.4420955
	speed: 0.0232s/iter; left time: 378.1983s
	iters: 700, epoch: 3 | loss: 0.4489027
	speed: 0.0240s/iter; left time: 388.7854s
	iters: 800, epoch: 3 | loss: 0.4625540
	speed: 0.0234s/iter; left time: 377.2832s
	iters: 900, epoch: 3 | loss: 0.4609303
	speed: 0.0218s/iter; left time: 349.2996s
	iters: 1000, epoch: 3 | loss: 0.5330828
	speed: 0.0205s/iter; left time: 327.2233s
	iters: 1100, epoch: 3 | loss: 0.4677631
	speed: 0.0207s/iter; left time: 327.9749s
	iters: 1200, epoch: 3 | loss: 0.4802636
	speed: 0.0207s/iter; left time: 326.1062s
	iters: 1300, epoch: 3 | loss: 0.4468039
	speed: 0.0240s/iter; left time: 375.1802s
	iters: 1400, epoch: 3 | loss: 0.4804957
	speed: 0.0250s/iter; left time: 388.9034s
	iters: 1500, epoch: 3 | loss: 0.4970324
	speed: 0.0197s/iter; left time: 304.5856s
	iters: 1600, epoch: 3 | loss: 0.4245642
	speed: 0.0196s/iter; left time: 301.1761s
	iters: 1700, epoch: 3 | loss: 0.4872740
	speed: 0.0212s/iter; left time: 322.6680s
	iters: 1800, epoch: 3 | loss: 0.5149345
	speed: 0.0218s/iter; left time: 329.1620s
	iters: 1900, epoch: 3 | loss: 0.5168938
	speed: 0.0222s/iter; left time: 333.7744s
	iters: 2000, epoch: 3 | loss: 0.4655774
	speed: 0.0243s/iter; left time: 362.2802s
	iters: 2100, epoch: 3 | loss: 0.4798522
	speed: 0.0242s/iter; left time: 358.7884s
Epoch: 3 cost time: 48.44773030281067
Epoch: 3, Steps: 2116 | Train Loss: 0.4779955 Vali Loss: 0.1570125 Test Loss: 0.2286004
EarlyStopping counter: 2 out of 3
Updating learning rate to 0.000125
	iters: 100, epoch: 4 | loss: 0.4819369
	speed: 0.2491s/iter; left time: 3664.8314s
	iters: 200, epoch: 4 | loss: 0.4682938
	speed: 0.0228s/iter; left time: 333.7883s
	iters: 300, epoch: 4 | loss: 0.5085449
	speed: 0.0223s/iter; left time: 323.8158s
	iters: 400, epoch: 4 | loss: 0.4678848
	speed: 0.0210s/iter; left time: 302.8334s
	iters: 500, epoch: 4 | loss: 0.4609856
	speed: 0.0224s/iter; left time: 320.6753s
	iters: 600, epoch: 4 | loss: 0.4628054
	speed: 0.0212s/iter; left time: 301.0789s
	iters: 700, epoch: 4 | loss: 0.5129763
	speed: 0.0213s/iter; left time: 300.5627s
	iters: 800, epoch: 4 | loss: 0.4665735
	speed: 0.0229s/iter; left time: 321.2207s
	iters: 900, epoch: 4 | loss: 0.4957269
	speed: 0.0228s/iter; left time: 317.5821s
	iters: 1000, epoch: 4 | loss: 0.4531034
	speed: 0.0191s/iter; left time: 263.6046s
	iters: 1100, epoch: 4 | loss: 0.4654905
	speed: 0.0200s/iter; left time: 273.6550s
	iters: 1200, epoch: 4 | loss: 0.4501955
	speed: 0.0219s/iter; left time: 297.7228s
	iters: 1300, epoch: 4 | loss: 0.4847775
	speed: 0.0203s/iter; left time: 274.3313s
	iters: 1400, epoch: 4 | loss: 0.4998445
	speed: 0.0190s/iter; left time: 254.2646s
	iters: 1500, epoch: 4 | loss: 0.4690879
	speed: 0.0197s/iter; left time: 261.7210s
	iters: 1600, epoch: 4 | loss: 0.4839660
	speed: 0.0182s/iter; left time: 239.9965s
	iters: 1700, epoch: 4 | loss: 0.5004721
	speed: 0.0186s/iter; left time: 243.8708s
	iters: 1800, epoch: 4 | loss: 0.4535874
	speed: 0.0193s/iter; left time: 251.3240s
	iters: 1900, epoch: 4 | loss: 0.4753536
	speed: 0.0197s/iter; left time: 254.1822s
	iters: 2000, epoch: 4 | loss: 0.4462771
	speed: 0.0177s/iter; left time: 226.9966s
	iters: 2100, epoch: 4 | loss: 0.4861668
	speed: 0.0195s/iter; left time: 247.9697s
Epoch: 4 cost time: 43.61204433441162
Epoch: 4, Steps: 2116 | Train Loss: 0.4767989 Vali Loss: 0.1564142 Test Loss: 0.2280173
EarlyStopping counter: 3 out of 3
Early stopping
>>>>>>>testing : long_term_forecast_LBext_bikes_DLinear_336_s2021_DLinear_custom_ftM_sl336_ll48_pl96_dm512_nh8_el3_dl1_df512_expand2_dc4_fc3_ebtimeF_dtTrue_Exp_0<<<<<<<<<<<<<<<<<<<<<<<<<<<<<<<<<
test 10426
test shape: (10426, 96, 441) (10426, 96, 441)
test shape: (10426, 96, 441) (10426, 96, 441)
mse:0.22838664054870605, mae:0.307414174079895, dtw:Not calculated
