Using GPU
Args in experiment:
[1mBasic Config[0m
  Task Name:          long_term_forecast  Is Training:        1                   
  Model ID:           LBext_bikes_iTransformer_2880_s2022Model:              iTransformer        

[1mData Loader[0m
  Data:               custom              Root Path:          ./dataset/bikes/    
  Data Path:          bikes.csv           Features:           M                   
  Target:             OT                  Freq:               h                   
  Checkpoints:        ./checkpoints/      

[1mForecasting Task[0m
  Seq Len:            2880                Label Len:          48                  
  Pred Len:           96                  Seasonal Patterns:  Monthly             
  Inverse:            0                   

[1mModel Parameters[0m
  Top k:              5                   Num Kernels:        6                   
  Enc In:             441                 Dec In:             441                 
  C Out:              441                 d model:            512                 
  n heads:            8                   e layers:           3                   
  d layers:           1                   d FF:               512                 
  Moving Avg:         25                  Factor:             3                   
  Distil:             1                   Dropout:            0.1                 
  Embed:              timeF               Activation:         gelu                

[1mRun Parameters[0m
  Num Workers:        4                   Itr:                1                   
  Train Epochs:       10                  Batch Size:         16                  
  Patience:           3                   Learning Rate:      0.0005              
  Des:                Exp                 Loss:               MSE                 
  Lradj:              type1               Use Amp:            0                   

[1mGPU[0m
  Use GPU:            1                   GPU:                0                   
  Use Multi GPU:      0                   Devices:            0,1,2,3             

[1mDe-stationary Projector Params[0m
  P Hidden Dims:      128, 128            P Hidden Layers:    2                   

Use GPU: cuda:0
🚀 Lazy Loading: iTransformer ...
>>>>>>>start training : long_term_forecast_LBext_bikes_iTransformer_2880_s2022_iTransformer_custom_ftM_sl2880_ll48_pl96_dm512_nh8_el3_dl1_df512_expand2_dc4_fc3_ebtimeF_dtTrue_Exp_0>>>>>>>>>>>>>>>>>>>>>>>>>>
train 33850
val 5167
test 10426
	iters: 100, epoch: 1 | loss: 0.6017565
	speed: 0.1882s/iter; left time: 3964.1461s
	iters: 200, epoch: 1 | loss: 0.5114526
	speed: 0.1578s/iter; left time: 3308.6463s
	iters: 300, epoch: 1 | loss: 0.4775833
	speed: 0.1562s/iter; left time: 3258.6598s
	iters: 400, epoch: 1 | loss: 0.4786980
	speed: 0.1604s/iter; left time: 3329.4769s
	iters: 500, epoch: 1 | loss: 0.4569587
	speed: 0.1508s/iter; left time: 3115.1356s
	iters: 600, epoch: 1 | loss: 0.4681015
	speed: 0.1501s/iter; left time: 3086.2629s
	iters: 700, epoch: 1 | loss: 0.4652276
	speed: 0.1480s/iter; left time: 3028.5932s
	iters: 800, epoch: 1 | loss: 0.4243269
	speed: 0.1541s/iter; left time: 3137.4035s
	iters: 900, epoch: 1 | loss: 0.4500826
	speed: 0.1441s/iter; left time: 2920.3243s
	iters: 1000, epoch: 1 | loss: 0.4419245
	speed: 0.1383s/iter; left time: 2788.6266s
	iters: 1100, epoch: 1 | loss: 0.4246444
	speed: 0.1476s/iter; left time: 2960.7411s
	iters: 1200, epoch: 1 | loss: 0.5033039
	speed: 0.1465s/iter; left time: 2924.8586s
	iters: 1300, epoch: 1 | loss: 0.4386741
	speed: 0.1362s/iter; left time: 2705.6723s
	iters: 1400, epoch: 1 | loss: 0.4498175
	speed: 0.1411s/iter; left time: 2789.2338s
	iters: 1500, epoch: 1 | loss: 0.4203931
	speed: 0.1464s/iter; left time: 2877.6106s
	iters: 1600, epoch: 1 | loss: 0.4599943
	speed: 0.1400s/iter; left time: 2738.2610s
	iters: 1700, epoch: 1 | loss: 0.4172812
	speed: 0.1445s/iter; left time: 2812.9289s
	iters: 1800, epoch: 1 | loss: 0.4398171
	speed: 0.1424s/iter; left time: 2757.0586s
	iters: 1900, epoch: 1 | loss: 0.4160841
	speed: 0.1448s/iter; left time: 2789.7930s
	iters: 2000, epoch: 1 | loss: 0.4366303
	speed: 0.1351s/iter; left time: 2588.7813s
	iters: 2100, epoch: 1 | loss: 0.4646579
	speed: 0.1380s/iter; left time: 2630.3894s
Epoch: 1 cost time: 311.6162734031677
Epoch: 1, Steps: 2116 | Train Loss: 0.4603461 Vali Loss: 0.1933656 Test Loss: 0.2182286
Validation loss decreased (inf --> 0.193366).  Saving model ...
Updating learning rate to 0.0005
	iters: 100, epoch: 2 | loss: 0.4580358
	speed: 1.4309s/iter; left time: 27107.7384s
	iters: 200, epoch: 2 | loss: 0.4289396
	speed: 0.1406s/iter; left time: 2649.3048s
	iters: 300, epoch: 2 | loss: 0.4182632
	speed: 0.1466s/iter; left time: 2747.3799s
	iters: 400, epoch: 2 | loss: 0.4089335
	speed: 0.1506s/iter; left time: 2807.7407s
	iters: 500, epoch: 2 | loss: 0.4278806
	speed: 0.1469s/iter; left time: 2724.4782s
	iters: 600, epoch: 2 | loss: 0.4334442
	speed: 0.1489s/iter; left time: 2747.2950s
	iters: 700, epoch: 2 | loss: 0.4537673
	speed: 0.1479s/iter; left time: 2713.6144s
	iters: 800, epoch: 2 | loss: 0.4461871
	speed: 0.1556s/iter; left time: 2839.2264s
	iters: 900, epoch: 2 | loss: 0.4498345
	speed: 0.1492s/iter; left time: 2707.3063s
	iters: 1000, epoch: 2 | loss: 0.4348591
	speed: 0.1469s/iter; left time: 2649.9658s
	iters: 1100, epoch: 2 | loss: 0.4249362
	speed: 0.1530s/iter; left time: 2746.1847s
	iters: 1200, epoch: 2 | loss: 0.4024517
	speed: 0.1422s/iter; left time: 2536.7324s
	iters: 1300, epoch: 2 | loss: 0.3934925
	speed: 0.1418s/iter; left time: 2515.5157s
	iters: 1400, epoch: 2 | loss: 0.4260528
	speed: 0.1377s/iter; left time: 2429.7602s
	iters: 1500, epoch: 2 | loss: 0.4069399
	speed: 0.1414s/iter; left time: 2481.7366s
	iters: 1600, epoch: 2 | loss: 0.4350816
	speed: 0.1454s/iter; left time: 2536.5918s
	iters: 1700, epoch: 2 | loss: 0.4478382
	speed: 0.1468s/iter; left time: 2546.9495s
	iters: 1800, epoch: 2 | loss: 0.4350757
	speed: 0.1422s/iter; left time: 2451.5634s
	iters: 1900, epoch: 2 | loss: 0.3900607
	speed: 0.1453s/iter; left time: 2491.5811s
	iters: 2000, epoch: 2 | loss: 0.4446719
	speed: 0.1437s/iter; left time: 2448.8449s
	iters: 2100, epoch: 2 | loss: 0.4484972
	speed: 0.1479s/iter; left time: 2505.6746s
Epoch: 2 cost time: 309.2820930480957
Epoch: 2, Steps: 2116 | Train Loss: 0.4315982 Vali Loss: 0.1928826 Test Loss: 0.2154686
Validation loss decreased (0.193366 --> 0.192883).  Saving model ...
Updating learning rate to 0.00025
	iters: 100, epoch: 3 | loss: 0.4027237
	speed: 1.3857s/iter; left time: 23319.3942s
	iters: 200, epoch: 3 | loss: 0.3706499
	speed: 0.1224s/iter; left time: 2047.3353s
	iters: 300, epoch: 3 | loss: 0.3974481
	speed: 0.1268s/iter; left time: 2107.8101s
	iters: 400, epoch: 3 | loss: 0.3984924
	speed: 0.1299s/iter; left time: 2147.1134s
	iters: 500, epoch: 3 | loss: 0.4196010
	speed: 0.1211s/iter; left time: 1989.8631s
	iters: 600, epoch: 3 | loss: 0.4008164
	speed: 0.1224s/iter; left time: 1999.3336s
	iters: 700, epoch: 3 | loss: 0.3974754
	speed: 0.1221s/iter; left time: 1982.0126s
	iters: 800, epoch: 3 | loss: 0.4233440
	speed: 0.1237s/iter; left time: 1995.6009s
	iters: 900, epoch: 3 | loss: 0.4091240
	speed: 0.1252s/iter; left time: 2007.6092s
	iters: 1000, epoch: 3 | loss: 0.4019690
	speed: 0.1343s/iter; left time: 2139.6670s
	iters: 1100, epoch: 3 | loss: 0.4172695
	speed: 0.1302s/iter; left time: 2060.1597s
	iters: 1200, epoch: 3 | loss: 0.4084535
	speed: 0.1257s/iter; left time: 1976.7102s
	iters: 1300, epoch: 3 | loss: 0.4246208
	speed: 0.1264s/iter; left time: 1975.5595s
	iters: 1400, epoch: 3 | loss: 0.3920685
	speed: 0.1293s/iter; left time: 2007.7983s
	iters: 1500, epoch: 3 | loss: 0.3916167
	speed: 0.1367s/iter; left time: 2108.9849s
	iters: 1600, epoch: 3 | loss: 0.3841667
	speed: 0.1271s/iter; left time: 1948.9088s
	iters: 1700, epoch: 3 | loss: 0.3741502
	speed: 0.1275s/iter; left time: 1941.2896s
	iters: 1800, epoch: 3 | loss: 0.4195762
	speed: 0.1267s/iter; left time: 1916.9255s
	iters: 1900, epoch: 3 | loss: 0.3917176
	speed: 0.1377s/iter; left time: 2069.3989s
	iters: 2000, epoch: 3 | loss: 0.3860111
	speed: 0.1305s/iter; left time: 1947.6317s
	iters: 2100, epoch: 3 | loss: 0.3860335
	speed: 0.1332s/iter; left time: 1974.9409s
Epoch: 3 cost time: 270.6869909763336
Epoch: 3, Steps: 2116 | Train Loss: 0.4122342 Vali Loss: 0.1748168 Test Loss: 0.2117771
Validation loss decreased (0.192883 --> 0.174817).  Saving model ...
Updating learning rate to 0.000125
	iters: 100, epoch: 4 | loss: 0.4360845
	speed: 1.3175s/iter; left time: 19383.7324s
	iters: 200, epoch: 4 | loss: 0.3866014
	speed: 0.1152s/iter; left time: 1682.9697s
	iters: 300, epoch: 4 | loss: 0.4163291
	speed: 0.1132s/iter; left time: 1643.2413s
	iters: 400, epoch: 4 | loss: 0.3891770
	speed: 0.1146s/iter; left time: 1651.5417s
	iters: 500, epoch: 4 | loss: 0.4183280
	speed: 0.1155s/iter; left time: 1653.4150s
	iters: 600, epoch: 4 | loss: 0.3877759
	speed: 0.1140s/iter; left time: 1620.7656s
	iters: 700, epoch: 4 | loss: 0.3864880
	speed: 0.1166s/iter; left time: 1644.9073s
	iters: 800, epoch: 4 | loss: 0.4102179
	speed: 0.1161s/iter; left time: 1626.9990s
	iters: 900, epoch: 4 | loss: 0.3971870
	speed: 0.1187s/iter; left time: 1650.9393s
	iters: 1000, epoch: 4 | loss: 0.4045132
	speed: 0.1147s/iter; left time: 1584.1142s
	iters: 1100, epoch: 4 | loss: 0.3870050
	speed: 0.1165s/iter; left time: 1597.7913s
	iters: 1200, epoch: 4 | loss: 0.4108393
	speed: 0.1199s/iter; left time: 1632.4776s
	iters: 1300, epoch: 4 | loss: 0.4614778
	speed: 0.1167s/iter; left time: 1577.0291s
	iters: 1400, epoch: 4 | loss: 0.3816566
	speed: 0.1198s/iter; left time: 1606.8006s
	iters: 1500, epoch: 4 | loss: 0.4476973
	speed: 0.1158s/iter; left time: 1542.0385s
	iters: 1600, epoch: 4 | loss: 0.4009666
	speed: 0.1094s/iter; left time: 1445.6480s
	iters: 1700, epoch: 4 | loss: 0.3977488
	speed: 0.1134s/iter; left time: 1486.3591s
	iters: 1800, epoch: 4 | loss: 0.3550557
	speed: 0.1137s/iter; left time: 1480.1076s
	iters: 1900, epoch: 4 | loss: 0.3656121
	speed: 0.1097s/iter; left time: 1416.1717s
	iters: 2000, epoch: 4 | loss: 0.4039222
	speed: 0.1083s/iter; left time: 1388.2240s
	iters: 2100, epoch: 4 | loss: 0.4132611
	speed: 0.1160s/iter; left time: 1474.4183s
Epoch: 4 cost time: 243.22164607048035
Epoch: 4, Steps: 2116 | Train Loss: 0.4004198 Vali Loss: 0.1668097 Test Loss: 0.2112113
Validation loss decreased (0.174817 --> 0.166810).  Saving model ...
Updating learning rate to 6.25e-05
	iters: 100, epoch: 5 | loss: 0.3958372
	speed: 1.4046s/iter; left time: 17693.2003s
	iters: 200, epoch: 5 | loss: 0.3736678
	speed: 0.1288s/iter; left time: 1609.9541s
	iters: 300, epoch: 5 | loss: 0.3968796
	speed: 0.1290s/iter; left time: 1599.2235s
	iters: 400, epoch: 5 | loss: 0.3836049
	speed: 0.1268s/iter; left time: 1559.7549s
	iters: 500, epoch: 5 | loss: 0.3990369
	speed: 0.1287s/iter; left time: 1569.8896s
	iters: 600, epoch: 5 | loss: 0.3893167
	speed: 0.1300s/iter; left time: 1572.3615s
	iters: 700, epoch: 5 | loss: 0.4002011
	speed: 0.1246s/iter; left time: 1494.5730s
	iters: 800, epoch: 5 | loss: 0.3532251
	speed: 0.1287s/iter; left time: 1531.4832s
	iters: 900, epoch: 5 | loss: 0.3983229
	speed: 0.1301s/iter; left time: 1534.3050s
	iters: 1000, epoch: 5 | loss: 0.3749875
	speed: 0.1314s/iter; left time: 1536.5703s
	iters: 1100, epoch: 5 | loss: 0.4173262
	speed: 0.1323s/iter; left time: 1534.1135s
	iters: 1200, epoch: 5 | loss: 0.4202680
	speed: 0.1304s/iter; left time: 1498.8397s
	iters: 1300, epoch: 5 | loss: 0.3958348
	speed: 0.1313s/iter; left time: 1496.6917s
	iters: 1400, epoch: 5 | loss: 0.3572818
	speed: 0.1260s/iter; left time: 1423.7696s
	iters: 1500, epoch: 5 | loss: 0.3912427
	speed: 0.1238s/iter; left time: 1386.6175s
	iters: 1600, epoch: 5 | loss: 0.3895855
	speed: 0.1223s/iter; left time: 1357.0241s
	iters: 1700, epoch: 5 | loss: 0.3915179
	speed: 0.1255s/iter; left time: 1380.1254s
	iters: 1800, epoch: 5 | loss: 0.4330139
	speed: 0.1235s/iter; left time: 1346.2429s
	iters: 1900, epoch: 5 | loss: 0.4235798
	speed: 0.1176s/iter; left time: 1269.8634s
	iters: 2000, epoch: 5 | loss: 0.3739976
	speed: 0.1189s/iter; left time: 1271.9733s
	iters: 2100, epoch: 5 | loss: 0.4115971
	speed: 0.1172s/iter; left time: 1242.0678s
Epoch: 5 cost time: 267.98941802978516
Epoch: 5, Steps: 2116 | Train Loss: 0.3932251 Vali Loss: 0.1603760 Test Loss: 0.2110464
Validation loss decreased (0.166810 --> 0.160376).  Saving model ...
Updating learning rate to 3.125e-05
	iters: 100, epoch: 6 | loss: 0.3695707
	speed: 1.2355s/iter; left time: 12948.9140s
	iters: 200, epoch: 6 | loss: 0.3822532
	speed: 0.1158s/iter; left time: 1201.9356s
	iters: 300, epoch: 6 | loss: 0.4062396
	speed: 0.1145s/iter; left time: 1177.4615s
	iters: 400, epoch: 6 | loss: 0.3869678
	speed: 0.1119s/iter; left time: 1139.7066s
	iters: 500, epoch: 6 | loss: 0.3948189
	speed: 0.1118s/iter; left time: 1127.0554s
	iters: 600, epoch: 6 | loss: 0.3738638
	speed: 0.1138s/iter; left time: 1136.1759s
	iters: 700, epoch: 6 | loss: 0.3978635
	speed: 0.1145s/iter; left time: 1131.6767s
	iters: 800, epoch: 6 | loss: 0.3474611
	speed: 0.1124s/iter; left time: 1099.8500s
	iters: 900, epoch: 6 | loss: 0.3915458
	speed: 0.1132s/iter; left time: 1095.7478s
	iters: 1000, epoch: 6 | loss: 0.4104597
	speed: 0.1142s/iter; left time: 1094.2296s
	iters: 1100, epoch: 6 | loss: 0.4240036
	speed: 0.1107s/iter; left time: 1049.3563s
	iters: 1200, epoch: 6 | loss: 0.4243243
	speed: 0.1121s/iter; left time: 1051.5893s
	iters: 1300, epoch: 6 | loss: 0.3803703
	speed: 0.1140s/iter; left time: 1057.6761s
	iters: 1400, epoch: 6 | loss: 0.3778477
	speed: 0.1097s/iter; left time: 1007.0817s
	iters: 1500, epoch: 6 | loss: 0.3895223
	speed: 0.1129s/iter; left time: 1025.1200s
	iters: 1600, epoch: 6 | loss: 0.3613480
	speed: 0.1103s/iter; left time: 990.7777s
	iters: 1700, epoch: 6 | loss: 0.3830090
	speed: 0.1131s/iter; left time: 1004.8849s
	iters: 1800, epoch: 6 | loss: 0.3481032
	speed: 0.1103s/iter; left time: 968.1497s
	iters: 1900, epoch: 6 | loss: 0.4003821
	speed: 0.1140s/iter; left time: 989.3117s
	iters: 2000, epoch: 6 | loss: 0.4088035
	speed: 0.1129s/iter; left time: 968.4359s
	iters: 2100, epoch: 6 | loss: 0.4210225
	speed: 0.1130s/iter; left time: 958.5995s
Epoch: 6 cost time: 239.07136631011963
Epoch: 6, Steps: 2116 | Train Loss: 0.3894236 Vali Loss: 0.1616911 Test Loss: 0.2107763
EarlyStopping counter: 1 out of 3
Updating learning rate to 1.5625e-05
	iters: 100, epoch: 7 | loss: 0.3940028
	speed: 1.2053s/iter; left time: 10082.0200s
	iters: 200, epoch: 7 | loss: 0.3857311
	speed: 0.1148s/iter; left time: 948.6430s
	iters: 300, epoch: 7 | loss: 0.3715721
	speed: 0.1144s/iter; left time: 933.9213s
	iters: 400, epoch: 7 | loss: 0.3861482
	speed: 0.1143s/iter; left time: 921.9999s
	iters: 500, epoch: 7 | loss: 0.3995825
	speed: 0.1085s/iter; left time: 864.1253s
	iters: 600, epoch: 7 | loss: 0.3859094
	speed: 0.1144s/iter; left time: 900.0315s
	iters: 700, epoch: 7 | loss: 0.3556718
	speed: 0.1126s/iter; left time: 874.0641s
	iters: 800, epoch: 7 | loss: 0.4017884
	speed: 0.1131s/iter; left time: 866.9845s
	iters: 900, epoch: 7 | loss: 0.4160977
	speed: 0.1119s/iter; left time: 846.5438s
	iters: 1000, epoch: 7 | loss: 0.3886150
	speed: 0.1129s/iter; left time: 842.5610s
	iters: 1100, epoch: 7 | loss: 0.3752216
	speed: 0.1155s/iter; left time: 850.5148s
	iters: 1200, epoch: 7 | loss: 0.3999454
	speed: 0.1079s/iter; left time: 784.1586s
	iters: 1300, epoch: 7 | loss: 0.3958792
	speed: 0.1123s/iter; left time: 804.7098s
	iters: 1400, epoch: 7 | loss: 0.3747717
	speed: 0.1130s/iter; left time: 798.6143s
	iters: 1500, epoch: 7 | loss: 0.4229829
	speed: 0.1130s/iter; left time: 787.2643s
	iters: 1600, epoch: 7 | loss: 0.3495873
	speed: 0.1119s/iter; left time: 767.9365s
	iters: 1700, epoch: 7 | loss: 0.3955011
	speed: 0.1130s/iter; left time: 764.3061s
	iters: 1800, epoch: 7 | loss: 0.3871607
	speed: 0.1153s/iter; left time: 768.4603s
	iters: 1900, epoch: 7 | loss: 0.3680774
	speed: 0.1138s/iter; left time: 746.7866s
	iters: 2000, epoch: 7 | loss: 0.4369341
	speed: 0.1138s/iter; left time: 735.5234s
	iters: 2100, epoch: 7 | loss: 0.3686573
	speed: 0.1116s/iter; left time: 710.1261s
Epoch: 7 cost time: 239.30935096740723
Epoch: 7, Steps: 2116 | Train Loss: 0.3876513 Vali Loss: 0.1608919 Test Loss: 0.2109810
EarlyStopping counter: 2 out of 3
Updating learning rate to 7.8125e-06
	iters: 100, epoch: 8 | loss: 0.3854468
	speed: 1.2082s/iter; left time: 7549.8169s
	iters: 200, epoch: 8 | loss: 0.4001065
	speed: 0.1165s/iter; left time: 716.3972s
	iters: 300, epoch: 8 | loss: 0.4007360
	speed: 0.1102s/iter; left time: 666.5474s
	iters: 400, epoch: 8 | loss: 0.3918670
	speed: 0.1124s/iter; left time: 668.9321s
	iters: 500, epoch: 8 | loss: 0.4013026
	speed: 0.1118s/iter; left time: 653.9912s
	iters: 600, epoch: 8 | loss: 0.3839944
	speed: 0.1109s/iter; left time: 637.3901s
	iters: 700, epoch: 8 | loss: 0.3899410
	speed: 0.1132s/iter; left time: 639.7165s
	iters: 800, epoch: 8 | loss: 0.3890938
	speed: 0.1126s/iter; left time: 624.5750s
	iters: 900, epoch: 8 | loss: 0.3493129
	speed: 0.1103s/iter; left time: 600.9053s
	iters: 1000, epoch: 8 | loss: 0.4085618
	speed: 0.1129s/iter; left time: 603.6359s
	iters: 1100, epoch: 8 | loss: 0.3780036
	speed: 0.1128s/iter; left time: 591.9121s
	iters: 1200, epoch: 8 | loss: 0.3731878
	speed: 0.1130s/iter; left time: 581.7617s
	iters: 1300, epoch: 8 | loss: 0.3873853
	speed: 0.1110s/iter; left time: 560.3176s
	iters: 1400, epoch: 8 | loss: 0.4188529
	speed: 0.1145s/iter; left time: 566.7459s
	iters: 1500, epoch: 8 | loss: 0.3539114
	speed: 0.1157s/iter; left time: 560.7942s
	iters: 1600, epoch: 8 | loss: 0.3835504
	speed: 0.1136s/iter; left time: 539.4008s
	iters: 1700, epoch: 8 | loss: 0.3547478
	speed: 0.1129s/iter; left time: 525.0935s
	iters: 1800, epoch: 8 | loss: 0.3988319
	speed: 0.1140s/iter; left time: 518.5358s
	iters: 1900, epoch: 8 | loss: 0.3980340
	speed: 0.1148s/iter; left time: 510.7285s
	iters: 2000, epoch: 8 | loss: 0.4144131
	speed: 0.1122s/iter; left time: 487.7468s
	iters: 2100, epoch: 8 | loss: 0.3706145
	speed: 0.1130s/iter; left time: 479.9407s
Epoch: 8 cost time: 239.37684273719788
Epoch: 8, Steps: 2116 | Train Loss: 0.3867626 Vali Loss: 0.1599696 Test Loss: 0.2109757
Validation loss decreased (0.160376 --> 0.159970).  Saving model ...
Updating learning rate to 3.90625e-06
	iters: 100, epoch: 9 | loss: 0.3803408
	speed: 1.1490s/iter; left time: 4748.7661s
	iters: 200, epoch: 9 | loss: 0.3827330
	speed: 0.1073s/iter; left time: 432.6170s
	iters: 300, epoch: 9 | loss: 0.3891247
	speed: 0.1054s/iter; left time: 414.6908s
	iters: 400, epoch: 9 | loss: 0.4035719
	speed: 0.1051s/iter; left time: 402.8421s
	iters: 500, epoch: 9 | loss: 0.3829299
	speed: 0.1043s/iter; left time: 389.5193s
	iters: 600, epoch: 9 | loss: 0.3682290
	speed: 0.1025s/iter; left time: 372.3060s
	iters: 700, epoch: 9 | loss: 0.3797460
	speed: 0.1047s/iter; left time: 369.9824s
	iters: 800, epoch: 9 | loss: 0.3700942
	speed: 0.1048s/iter; left time: 359.6631s
	iters: 900, epoch: 9 | loss: 0.4174450
	speed: 0.1020s/iter; left time: 340.0755s
	iters: 1000, epoch: 9 | loss: 0.4042695
	speed: 0.1020s/iter; left time: 329.8461s
	iters: 1100, epoch: 9 | loss: 0.3900988
	speed: 0.1046s/iter; left time: 327.5914s
	iters: 1200, epoch: 9 | loss: 0.3714058
	speed: 0.1051s/iter; left time: 318.8152s
	iters: 1300, epoch: 9 | loss: 0.3778013
	speed: 0.1042s/iter; left time: 305.6047s
	iters: 1400, epoch: 9 | loss: 0.3763135
	speed: 0.1040s/iter; left time: 294.7442s
	iters: 1500, epoch: 9 | loss: 0.3868833
	speed: 0.1041s/iter; left time: 284.4626s
	iters: 1600, epoch: 9 | loss: 0.3640631
	speed: 0.1040s/iter; left time: 273.8321s
	iters: 1700, epoch: 9 | loss: 0.3884117
	speed: 0.1037s/iter; left time: 262.6728s
	iters: 1800, epoch: 9 | loss: 0.3610549
	speed: 0.1014s/iter; left time: 246.7680s
	iters: 1900, epoch: 9 | loss: 0.4117520
	speed: 0.1036s/iter; left time: 241.6026s
	iters: 2000, epoch: 9 | loss: 0.3982733
	speed: 0.1039s/iter; left time: 232.0776s
	iters: 2100, epoch: 9 | loss: 0.3897863
	speed: 0.1036s/iter; left time: 221.0656s
Epoch: 9 cost time: 220.91612815856934
Epoch: 9, Steps: 2116 | Train Loss: 0.3863267 Vali Loss: 0.1600967 Test Loss: 0.2110350
EarlyStopping counter: 1 out of 3
Updating learning rate to 1.953125e-06
	iters: 100, epoch: 10 | loss: 0.3942848
	speed: 1.1175s/iter; left time: 2253.9557s
	iters: 200, epoch: 10 | loss: 0.3658696
	speed: 0.1038s/iter; left time: 198.8921s
	iters: 300, epoch: 10 | loss: 0.3815401
	speed: 0.1040s/iter; left time: 188.9828s
	iters: 400, epoch: 10 | loss: 0.3700392
	speed: 0.1064s/iter; left time: 182.6039s
	iters: 500, epoch: 10 | loss: 0.3645412
	speed: 0.1054s/iter; left time: 170.4452s
	iters: 600, epoch: 10 | loss: 0.3715834
	speed: 0.1057s/iter; left time: 160.3039s
	iters: 700, epoch: 10 | loss: 0.4083255
	speed: 0.1012s/iter; left time: 143.3791s
	iters: 800, epoch: 10 | loss: 0.3951142
	speed: 0.1043s/iter; left time: 137.3368s
	iters: 900, epoch: 10 | loss: 0.3903449
	speed: 0.1016s/iter; left time: 123.6905s
	iters: 1000, epoch: 10 | loss: 0.3645945
	speed: 0.0993s/iter; left time: 110.9061s
	iters: 1100, epoch: 10 | loss: 0.4208708
	speed: 0.0976s/iter; left time: 99.2491s
	iters: 1200, epoch: 10 | loss: 0.3989609
	speed: 0.1006s/iter; left time: 92.2114s
	iters: 1300, epoch: 10 | loss: 0.3845663
	speed: 0.1000s/iter; left time: 81.7338s
	iters: 1400, epoch: 10 | loss: 0.3920396
	speed: 0.0960s/iter; left time: 68.8651s
	iters: 1500, epoch: 10 | loss: 0.3846951
	speed: 0.0961s/iter; left time: 59.3085s
	iters: 1600, epoch: 10 | loss: 0.3355677
	speed: 0.0948s/iter; left time: 48.9960s
	iters: 1700, epoch: 10 | loss: 0.3558393
	speed: 0.0938s/iter; left time: 39.1337s
	iters: 1800, epoch: 10 | loss: 0.3866748
	speed: 0.0942s/iter; left time: 29.8468s
	iters: 1900, epoch: 10 | loss: 0.3863690
	speed: 0.0958s/iter; left time: 20.7989s
	iters: 2000, epoch: 10 | loss: 0.3609767
	speed: 0.0978s/iter; left time: 11.4443s
	iters: 2100, epoch: 10 | loss: 0.4092752
	speed: 0.0969s/iter; left time: 1.6475s
Epoch: 10 cost time: 211.89862394332886
Epoch: 10, Steps: 2116 | Train Loss: 0.3860765 Vali Loss: 0.1604024 Test Loss: 0.2110671
EarlyStopping counter: 2 out of 3
Updating learning rate to 9.765625e-07
>>>>>>>testing : long_term_forecast_LBext_bikes_iTransformer_2880_s2022_iTransformer_custom_ftM_sl2880_ll48_pl96_dm512_nh8_el3_dl1_df512_expand2_dc4_fc3_ebtimeF_dtTrue_Exp_0<<<<<<<<<<<<<<<<<<<<<<<<<<<<<<<<<
test 10426
test shape: (10426, 96, 441) (10426, 96, 441)
test shape: (10426, 96, 441) (10426, 96, 441)
mse:0.21097777783870697, mae:0.28127768635749817, dtw:Not calculated
