Using GPU
Args in experiment:
[1mBasic Config[0m
  Task Name:          long_term_forecast  Is Training:        1                   
  Model ID:           LBext_bikes_iTransformer_720_s2021Model:              iTransformer        

[1mData Loader[0m
  Data:               custom              Root Path:          ./dataset/bikes/    
  Data Path:          bikes.csv           Features:           M                   
  Target:             OT                  Freq:               h                   
  Checkpoints:        ./checkpoints/      

[1mForecasting Task[0m
  Seq Len:            720                 Label Len:          48                  
  Pred Len:           96                  Seasonal Patterns:  Monthly             
  Inverse:            0                   

[1mModel Parameters[0m
  Top k:              5                   Num Kernels:        6                   
  Enc In:             441                 Dec In:             441                 
  C Out:              441                 d model:            512                 
  n heads:            8                   e layers:           3                   
  d layers:           1                   d FF:               512                 
  Moving Avg:         25                  Factor:             3                   
  Distil:             1                   Dropout:            0.1                 
  Embed:              timeF               Activation:         gelu                

[1mRun Parameters[0m
  Num Workers:        4                   Itr:                1                   
  Train Epochs:       10                  Batch Size:         16                  
  Patience:           3                   Learning Rate:      0.0005              
  Des:                Exp                 Loss:               MSE                 
  Lradj:              type1               Use Amp:            0                   

[1mGPU[0m
  Use GPU:            1                   GPU:                0                   
  Use Multi GPU:      0                   Devices:            0,1,2,3             

[1mDe-stationary Projector Params[0m
  P Hidden Dims:      128, 128            P Hidden Layers:    2                   

Use GPU: cuda:0
🚀 Lazy Loading: iTransformer ...
>>>>>>>start training : long_term_forecast_LBext_bikes_iTransformer_720_s2021_iTransformer_custom_ftM_sl720_ll48_pl96_dm512_nh8_el3_dl1_df512_expand2_dc4_fc3_ebtimeF_dtTrue_Exp_0>>>>>>>>>>>>>>>>>>>>>>>>>>
train window subsample: keep 33850/36010 windows (max_train_windows=33850)
train 33850
val 5167
test 10426
	iters: 100, epoch: 1 | loss: 0.5263889
	speed: 0.0705s/iter; left time: 1485.5865s
	iters: 200, epoch: 1 | loss: 0.4892898
	speed: 0.0443s/iter; left time: 929.2535s
	iters: 300, epoch: 1 | loss: 0.5127642
	speed: 0.0498s/iter; left time: 1039.6948s
	iters: 400, epoch: 1 | loss: 0.4616522
	speed: 0.0439s/iter; left time: 911.2217s
	iters: 500, epoch: 1 | loss: 0.5226719
	speed: 0.0440s/iter; left time: 909.5878s
	iters: 600, epoch: 1 | loss: 0.4938402
	speed: 0.0416s/iter; left time: 856.2736s
	iters: 700, epoch: 1 | loss: 0.4783888
	speed: 0.0432s/iter; left time: 883.1660s
	iters: 800, epoch: 1 | loss: 0.4450327
	speed: 0.0414s/iter; left time: 842.1031s
	iters: 900, epoch: 1 | loss: 0.4711358
	speed: 0.0420s/iter; left time: 851.3028s
	iters: 1000, epoch: 1 | loss: 0.4872783
	speed: 0.0428s/iter; left time: 863.1247s
	iters: 1100, epoch: 1 | loss: 0.4445531
	speed: 0.0434s/iter; left time: 870.2735s
	iters: 1200, epoch: 1 | loss: 0.4586556
	speed: 0.0442s/iter; left time: 881.8488s
	iters: 1300, epoch: 1 | loss: 0.4410697
	speed: 0.0431s/iter; left time: 856.9849s
	iters: 1400, epoch: 1 | loss: 0.4549023
	speed: 0.0450s/iter; left time: 888.6450s
	iters: 1500, epoch: 1 | loss: 0.4210055
	speed: 0.0435s/iter; left time: 856.1320s
	iters: 1600, epoch: 1 | loss: 0.4236900
	speed: 0.0439s/iter; left time: 858.0808s
	iters: 1700, epoch: 1 | loss: 0.4492758
	speed: 0.0474s/iter; left time: 922.5504s
	iters: 1800, epoch: 1 | loss: 0.4587007
	speed: 0.0461s/iter; left time: 891.7942s
	iters: 1900, epoch: 1 | loss: 0.4281953
	speed: 0.0462s/iter; left time: 890.1889s
	iters: 2000, epoch: 1 | loss: 0.4345077
	speed: 0.0487s/iter; left time: 932.9208s
	iters: 2100, epoch: 1 | loss: 0.5011050
	speed: 0.0436s/iter; left time: 831.9496s
Epoch: 1 cost time: 95.16689896583557
Epoch: 1, Steps: 2116 | Train Loss: 0.4665361 Vali Loss: 0.1587200 Test Loss: 0.2147209
Validation loss decreased (inf --> 0.158720).  Saving model ...
Updating learning rate to 0.0005
	iters: 100, epoch: 2 | loss: 0.4516613
	speed: 0.4455s/iter; left time: 8440.0944s
	iters: 200, epoch: 2 | loss: 0.4359343
	speed: 0.0441s/iter; left time: 831.4715s
	iters: 300, epoch: 2 | loss: 0.4551154
	speed: 0.0437s/iter; left time: 819.9400s
	iters: 400, epoch: 2 | loss: 0.4018614
	speed: 0.0443s/iter; left time: 825.3630s
	iters: 500, epoch: 2 | loss: 0.4165343
	speed: 0.0432s/iter; left time: 801.3430s
	iters: 600, epoch: 2 | loss: 0.4323543
	speed: 0.0434s/iter; left time: 801.1119s
	iters: 700, epoch: 2 | loss: 0.4499446
	speed: 0.0437s/iter; left time: 801.0966s
	iters: 800, epoch: 2 | loss: 0.4676791
	speed: 0.0483s/iter; left time: 881.0423s
	iters: 900, epoch: 2 | loss: 0.4307665
	speed: 0.0476s/iter; left time: 864.3755s
	iters: 1000, epoch: 2 | loss: 0.5360553
	speed: 0.0479s/iter; left time: 864.8018s
	iters: 1100, epoch: 2 | loss: 0.4312558
	speed: 0.0488s/iter; left time: 875.6222s
	iters: 1200, epoch: 2 | loss: 0.4281406
	speed: 0.0514s/iter; left time: 917.0470s
	iters: 1300, epoch: 2 | loss: 0.4210582
	speed: 0.0465s/iter; left time: 824.5182s
	iters: 1400, epoch: 2 | loss: 0.4121128
	speed: 0.0444s/iter; left time: 783.5312s
	iters: 1500, epoch: 2 | loss: 0.4308045
	speed: 0.0415s/iter; left time: 728.1355s
	iters: 1600, epoch: 2 | loss: 0.4775706
	speed: 0.0423s/iter; left time: 737.4193s
	iters: 1700, epoch: 2 | loss: 0.4351451
	speed: 0.0455s/iter; left time: 789.2485s
	iters: 1800, epoch: 2 | loss: 0.4170961
	speed: 0.0459s/iter; left time: 791.6035s
	iters: 1900, epoch: 2 | loss: 0.4268863
	speed: 0.0451s/iter; left time: 772.5959s
	iters: 2000, epoch: 2 | loss: 0.4273279
	speed: 0.0462s/iter; left time: 786.8656s
	iters: 2100, epoch: 2 | loss: 0.4353576
	speed: 0.0447s/iter; left time: 757.3462s
Epoch: 2 cost time: 95.84904313087463
Epoch: 2, Steps: 2116 | Train Loss: 0.4392387 Vali Loss: 0.1652783 Test Loss: 0.2162078
EarlyStopping counter: 1 out of 3
Updating learning rate to 0.00025
	iters: 100, epoch: 3 | loss: 0.4024651
	speed: 0.4361s/iter; left time: 7339.0790s
	iters: 200, epoch: 3 | loss: 0.4155314
	speed: 0.0438s/iter; left time: 732.5967s
	iters: 300, epoch: 3 | loss: 0.3945841
	speed: 0.0412s/iter; left time: 685.0861s
	iters: 400, epoch: 3 | loss: 0.3992301
	speed: 0.0569s/iter; left time: 941.2168s
	iters: 500, epoch: 3 | loss: 0.4550465
	speed: 0.0602s/iter; left time: 989.2124s
	iters: 600, epoch: 3 | loss: 0.4409126
	speed: 0.0594s/iter; left time: 970.0329s
	iters: 700, epoch: 3 | loss: 0.4198880
	speed: 0.0594s/iter; left time: 963.5986s
	iters: 800, epoch: 3 | loss: 0.3959507
	speed: 0.0601s/iter; left time: 968.9345s
	iters: 900, epoch: 3 | loss: 0.4616788
	speed: 0.0597s/iter; left time: 957.4551s
	iters: 1000, epoch: 3 | loss: 0.3869165
	speed: 0.0589s/iter; left time: 938.1499s
	iters: 1100, epoch: 3 | loss: 0.4359080
	speed: 0.0599s/iter; left time: 947.7958s
	iters: 1200, epoch: 3 | loss: 0.4588795
	speed: 0.0602s/iter; left time: 947.6369s
	iters: 1300, epoch: 3 | loss: 0.4308685
	speed: 0.0598s/iter; left time: 935.0767s
	iters: 1400, epoch: 3 | loss: 0.4291753
	speed: 0.0597s/iter; left time: 926.4910s
	iters: 1500, epoch: 3 | loss: 0.4237514
	speed: 0.0603s/iter; left time: 930.1489s
	iters: 1600, epoch: 3 | loss: 0.3975338
	speed: 0.0597s/iter; left time: 915.0854s
	iters: 1700, epoch: 3 | loss: 0.4367025
	speed: 0.0607s/iter; left time: 924.3565s
	iters: 1800, epoch: 3 | loss: 0.4313198
	speed: 0.0613s/iter; left time: 927.0920s
	iters: 1900, epoch: 3 | loss: 0.3893012
	speed: 0.0619s/iter; left time: 929.8127s
	iters: 2000, epoch: 3 | loss: 0.4164616
	speed: 0.0631s/iter; left time: 941.4242s
	iters: 2100, epoch: 3 | loss: 0.3901223
	speed: 0.0601s/iter; left time: 891.7402s
Epoch: 3 cost time: 122.12639093399048
Epoch: 3, Steps: 2116 | Train Loss: 0.4238205 Vali Loss: 0.1620937 Test Loss: 0.2112118
EarlyStopping counter: 2 out of 3
Updating learning rate to 0.000125
	iters: 100, epoch: 4 | loss: 0.4716251
	speed: 0.4891s/iter; left time: 7196.7892s
	iters: 200, epoch: 4 | loss: 0.3972842
	speed: 0.0596s/iter; left time: 870.2972s
	iters: 300, epoch: 4 | loss: 0.4152313
	speed: 0.0595s/iter; left time: 862.8098s
	iters: 400, epoch: 4 | loss: 0.4376388
	speed: 0.0586s/iter; left time: 844.5331s
	iters: 500, epoch: 4 | loss: 0.4234660
	speed: 0.0594s/iter; left time: 849.8645s
	iters: 600, epoch: 4 | loss: 0.4048609
	speed: 0.0589s/iter; left time: 837.2279s
	iters: 700, epoch: 4 | loss: 0.4007370
	speed: 0.0591s/iter; left time: 834.2610s
	iters: 800, epoch: 4 | loss: 0.3850645
	speed: 0.0592s/iter; left time: 829.0837s
	iters: 900, epoch: 4 | loss: 0.4556122
	speed: 0.0595s/iter; left time: 827.8645s
	iters: 1000, epoch: 4 | loss: 0.4165564
	speed: 0.0593s/iter; left time: 819.3639s
	iters: 1100, epoch: 4 | loss: 0.4103108
	speed: 0.0592s/iter; left time: 811.5175s
	iters: 1200, epoch: 4 | loss: 0.4283874
	speed: 0.0594s/iter; left time: 809.2827s
	iters: 1300, epoch: 4 | loss: 0.3961554
	speed: 0.0593s/iter; left time: 801.1051s
	iters: 1400, epoch: 4 | loss: 0.4193909
	speed: 0.0592s/iter; left time: 794.0283s
	iters: 1500, epoch: 4 | loss: 0.3834901
	speed: 0.0602s/iter; left time: 800.9042s
	iters: 1600, epoch: 4 | loss: 0.4185941
	speed: 0.0603s/iter; left time: 796.5898s
	iters: 1700, epoch: 4 | loss: 0.3809625
	speed: 0.0611s/iter; left time: 801.1338s
	iters: 1800, epoch: 4 | loss: 0.4258385
	speed: 0.0619s/iter; left time: 806.0509s
	iters: 1900, epoch: 4 | loss: 0.4089169
	speed: 0.0627s/iter; left time: 809.8972s
	iters: 2000, epoch: 4 | loss: 0.4037213
	speed: 0.0541s/iter; left time: 693.2994s
	iters: 2100, epoch: 4 | loss: 0.4173729
	speed: 0.0502s/iter; left time: 638.6177s
Epoch: 4 cost time: 124.9158387184143
Epoch: 4, Steps: 2116 | Train Loss: 0.4142511 Vali Loss: 0.1634279 Test Loss: 0.2120448
EarlyStopping counter: 3 out of 3
Early stopping
>>>>>>>testing : long_term_forecast_LBext_bikes_iTransformer_720_s2021_iTransformer_custom_ftM_sl720_ll48_pl96_dm512_nh8_el3_dl1_df512_expand2_dc4_fc3_ebtimeF_dtTrue_Exp_0<<<<<<<<<<<<<<<<<<<<<<<<<<<<<<<<<
test 10426
test shape: (10426, 96, 441) (10426, 96, 441)
test shape: (10426, 96, 441) (10426, 96, 441)
mse:0.21470963954925537, mae:0.28964635729789734, dtw:Not calculated
