Using GPU
Args in experiment:
[1mBasic Config[0m
  Task Name:          long_term_forecast  Is Training:        1                   
  Model ID:           LBext_bikes_DLinear_336_s2022Model:              DLinear             

[1mData Loader[0m
  Data:               custom              Root Path:          ./dataset/bikes/    
  Data Path:          bikes.csv           Features:           M                   
  Target:             OT                  Freq:               h                   
  Checkpoints:        ./checkpoints/      

[1mForecasting Task[0m
  Seq Len:            336                 Label Len:          48                  
  Pred Len:           96                  Seasonal Patterns:  Monthly             
  Inverse:            0                   

[1mModel Parameters[0m
  Top k:              5                   Num Kernels:        6                   
  Enc In:             441                 Dec In:             441                 
  C Out:              441                 d model:            512                 
  n heads:            8                   e layers:           3                   
  d layers:           1                   d FF:               512                 
  Moving Avg:         25                  Factor:             3                   
  Distil:             1                   Dropout:            0.1                 
  Embed:              timeF               Activation:         gelu                

[1mRun Parameters[0m
  Num Workers:        4                   Itr:                1                   
  Train Epochs:       10                  Batch Size:         16                  
  Patience:           3                   Learning Rate:      0.0005              
  Des:                Exp                 Loss:               MSE                 
  Lradj:              type1               Use Amp:            0                   

[1mGPU[0m
  Use GPU:            1                   GPU:                0                   
  Use Multi GPU:      0                   Devices:            0,1,2,3             

[1mDe-stationary Projector Params[0m
  P Hidden Dims:      128, 128            P Hidden Layers:    2                   

Use GPU: cuda:0
🚀 Lazy Loading: DLinear ...
>>>>>>>start training : long_term_forecast_LBext_bikes_DLinear_336_s2022_DLinear_custom_ftM_sl336_ll48_pl96_dm512_nh8_el3_dl1_df512_expand2_dc4_fc3_ebtimeF_dtTrue_Exp_0>>>>>>>>>>>>>>>>>>>>>>>>>>
train window subsample: keep 33850/36394 windows (max_train_windows=33850)
train 33850
val 5167
test 10426
	iters: 100, epoch: 1 | loss: 0.5195069
	speed: 0.0402s/iter; left time: 847.0583s
	iters: 200, epoch: 1 | loss: 0.4902798
	speed: 0.0178s/iter; left time: 373.2784s
	iters: 300, epoch: 1 | loss: 0.5507248
	speed: 0.0177s/iter; left time: 368.5311s
	iters: 400, epoch: 1 | loss: 0.4786789
	speed: 0.0171s/iter; left time: 355.8012s
	iters: 500, epoch: 1 | loss: 0.4307916
	speed: 0.0174s/iter; left time: 359.5349s
	iters: 600, epoch: 1 | loss: 0.4983697
	speed: 0.0165s/iter; left time: 340.1338s
	iters: 700, epoch: 1 | loss: 0.4884712
	speed: 0.0170s/iter; left time: 348.0033s
	iters: 800, epoch: 1 | loss: 0.4689748
	speed: 0.0173s/iter; left time: 352.7481s
	iters: 900, epoch: 1 | loss: 0.4634645
	speed: 0.0169s/iter; left time: 341.4193s
	iters: 1000, epoch: 1 | loss: 0.4910531
	speed: 0.0174s/iter; left time: 350.4006s
	iters: 1100, epoch: 1 | loss: 0.4772695
	speed: 0.0170s/iter; left time: 340.6587s
	iters: 1200, epoch: 1 | loss: 0.4742361
	speed: 0.0169s/iter; left time: 337.4409s
	iters: 1300, epoch: 1 | loss: 0.4779533
	speed: 0.0174s/iter; left time: 345.6582s
	iters: 1400, epoch: 1 | loss: 0.4730912
	speed: 0.0177s/iter; left time: 350.2152s
	iters: 1500, epoch: 1 | loss: 0.4748129
	speed: 0.0160s/iter; left time: 314.8296s
	iters: 1600, epoch: 1 | loss: 0.4787457
	speed: 0.0168s/iter; left time: 329.1370s
	iters: 1700, epoch: 1 | loss: 0.4826123
	speed: 0.0157s/iter; left time: 305.6179s
	iters: 1800, epoch: 1 | loss: 0.4700022
	speed: 0.0169s/iter; left time: 327.3386s
	iters: 1900, epoch: 1 | loss: 0.4564678
	speed: 0.0160s/iter; left time: 308.8692s
	iters: 2000, epoch: 1 | loss: 0.5544627
	speed: 0.0169s/iter; left time: 323.2204s
	iters: 2100, epoch: 1 | loss: 0.4858035
	speed: 0.0163s/iter; left time: 309.8889s
Epoch: 1 cost time: 36.80159306526184
Epoch: 1, Steps: 2116 | Train Loss: 0.4895896 Vali Loss: 0.1660259 Test Loss: 0.2343616
Validation loss decreased (inf --> 0.166026).  Saving model ...
Updating learning rate to 0.0005
	iters: 100, epoch: 2 | loss: 0.4572809
	speed: 0.2347s/iter; left time: 4447.3075s
	iters: 200, epoch: 2 | loss: 0.4732530
	speed: 0.0194s/iter; left time: 364.8663s
	iters: 300, epoch: 2 | loss: 0.4269403
	speed: 0.0187s/iter; left time: 349.6968s
	iters: 400, epoch: 2 | loss: 0.4719244
	speed: 0.0191s/iter; left time: 356.6521s
	iters: 500, epoch: 2 | loss: 0.4647620
	speed: 0.0180s/iter; left time: 333.4479s
	iters: 600, epoch: 2 | loss: 0.4893548
	speed: 0.0194s/iter; left time: 357.6049s
	iters: 700, epoch: 2 | loss: 0.5129874
	speed: 0.0186s/iter; left time: 341.3957s
	iters: 800, epoch: 2 | loss: 0.4770533
	speed: 0.0185s/iter; left time: 337.3360s
	iters: 900, epoch: 2 | loss: 0.4815450
	speed: 0.0188s/iter; left time: 340.9961s
	iters: 1000, epoch: 2 | loss: 0.4795078
	speed: 0.0190s/iter; left time: 343.2101s
	iters: 1100, epoch: 2 | loss: 0.4733407
	speed: 0.0201s/iter; left time: 360.5919s
	iters: 1200, epoch: 2 | loss: 0.4704650
	speed: 0.0199s/iter; left time: 355.6441s
	iters: 1300, epoch: 2 | loss: 0.4769498
	speed: 0.0203s/iter; left time: 360.0186s
	iters: 1400, epoch: 2 | loss: 0.4819256
	speed: 0.0206s/iter; left time: 362.8866s
	iters: 1500, epoch: 2 | loss: 0.5339234
	speed: 0.0223s/iter; left time: 390.6423s
	iters: 1600, epoch: 2 | loss: 0.5919720
	speed: 0.0212s/iter; left time: 369.8148s
	iters: 1700, epoch: 2 | loss: 0.4517388
	speed: 0.0193s/iter; left time: 334.4492s
	iters: 1800, epoch: 2 | loss: 0.4658550
	speed: 0.0207s/iter; left time: 357.3158s
	iters: 1900, epoch: 2 | loss: 0.4813082
	speed: 0.0205s/iter; left time: 352.1436s
	iters: 2000, epoch: 2 | loss: 0.4555799
	speed: 0.0208s/iter; left time: 354.0428s
	iters: 2100, epoch: 2 | loss: 0.5292811
	speed: 0.0192s/iter; left time: 325.2913s
Epoch: 2 cost time: 42.002251863479614
Epoch: 2, Steps: 2116 | Train Loss: 0.4803597 Vali Loss: 0.1562139 Test Loss: 0.2287060
Validation loss decreased (0.166026 --> 0.156214).  Saving model ...
Updating learning rate to 0.00025
	iters: 100, epoch: 3 | loss: 0.4376412
	speed: 0.2256s/iter; left time: 3796.3249s
	iters: 200, epoch: 3 | loss: 0.4841171
	speed: 0.0187s/iter; left time: 312.7608s
	iters: 300, epoch: 3 | loss: 0.4677095
	speed: 0.0199s/iter; left time: 330.8390s
	iters: 400, epoch: 3 | loss: 0.4696547
	speed: 0.0179s/iter; left time: 296.5008s
	iters: 500, epoch: 3 | loss: 0.4853570
	speed: 0.0190s/iter; left time: 311.5431s
	iters: 600, epoch: 3 | loss: 0.4659255
	speed: 0.0179s/iter; left time: 291.6417s
	iters: 700, epoch: 3 | loss: 0.4841495
	speed: 0.0181s/iter; left time: 294.2359s
	iters: 800, epoch: 3 | loss: 0.4668726
	speed: 0.0175s/iter; left time: 282.9751s
	iters: 900, epoch: 3 | loss: 0.5302376
	speed: 0.0178s/iter; left time: 284.7769s
	iters: 1000, epoch: 3 | loss: 0.4411250
	speed: 0.0185s/iter; left time: 295.0739s
	iters: 1100, epoch: 3 | loss: 0.4832319
	speed: 0.0185s/iter; left time: 292.3256s
	iters: 1200, epoch: 3 | loss: 0.4538616
	speed: 0.0196s/iter; left time: 308.0640s
	iters: 1300, epoch: 3 | loss: 0.4973741
	speed: 0.0201s/iter; left time: 313.7215s
	iters: 1400, epoch: 3 | loss: 0.4639999
	speed: 0.0195s/iter; left time: 302.9165s
	iters: 1500, epoch: 3 | loss: 0.4926617
	speed: 0.0188s/iter; left time: 290.5816s
	iters: 1600, epoch: 3 | loss: 0.4869059
	speed: 0.0193s/iter; left time: 295.4204s
	iters: 1700, epoch: 3 | loss: 0.5015026
	speed: 0.0195s/iter; left time: 297.5410s
	iters: 1800, epoch: 3 | loss: 0.4995077
	speed: 0.0193s/iter; left time: 291.4090s
	iters: 1900, epoch: 3 | loss: 0.4861457
	speed: 0.0188s/iter; left time: 283.0828s
	iters: 2000, epoch: 3 | loss: 0.4773127
	speed: 0.0197s/iter; left time: 294.2866s
	iters: 2100, epoch: 3 | loss: 0.4854913
	speed: 0.0193s/iter; left time: 285.9032s
Epoch: 3 cost time: 40.27928829193115
Epoch: 3, Steps: 2116 | Train Loss: 0.4780003 Vali Loss: 0.1585033 Test Loss: 0.2295341
EarlyStopping counter: 1 out of 3
Updating learning rate to 0.000125
	iters: 100, epoch: 4 | loss: 0.4915819
	speed: 0.2169s/iter; left time: 3191.4082s
	iters: 200, epoch: 4 | loss: 0.4568405
	speed: 0.0204s/iter; left time: 297.8412s
	iters: 300, epoch: 4 | loss: 0.4994494
	speed: 0.0224s/iter; left time: 325.2151s
	iters: 400, epoch: 4 | loss: 0.5188326
	speed: 0.0217s/iter; left time: 312.4806s
	iters: 500, epoch: 4 | loss: 0.4579417
	speed: 0.0215s/iter; left time: 307.3176s
	iters: 600, epoch: 4 | loss: 0.4552903
	speed: 0.0202s/iter; left time: 287.2891s
	iters: 700, epoch: 4 | loss: 0.4544736
	speed: 0.0221s/iter; left time: 311.6929s
	iters: 800, epoch: 4 | loss: 0.4943543
	speed: 0.0220s/iter; left time: 308.3228s
	iters: 900, epoch: 4 | loss: 0.4668754
	speed: 0.0222s/iter; left time: 308.7378s
	iters: 1000, epoch: 4 | loss: 0.4550591
	speed: 0.0205s/iter; left time: 283.6368s
	iters: 1100, epoch: 4 | loss: 0.4696383
	speed: 0.0201s/iter; left time: 276.3157s
	iters: 1200, epoch: 4 | loss: 0.4731923
	speed: 0.0203s/iter; left time: 276.9621s
	iters: 1300, epoch: 4 | loss: 0.4709496
	speed: 0.0218s/iter; left time: 295.0438s
	iters: 1400, epoch: 4 | loss: 0.4546337
	speed: 0.0227s/iter; left time: 303.9472s
	iters: 1500, epoch: 4 | loss: 0.4669610
	speed: 0.0228s/iter; left time: 303.4332s
	iters: 1600, epoch: 4 | loss: 0.4533993
	speed: 0.0226s/iter; left time: 298.4078s
	iters: 1700, epoch: 4 | loss: 0.4711402
	speed: 0.0237s/iter; left time: 310.9098s
	iters: 1800, epoch: 4 | loss: 0.4843377
	speed: 0.0235s/iter; left time: 306.1841s
	iters: 1900, epoch: 4 | loss: 0.4551623
	speed: 0.0232s/iter; left time: 299.9690s
	iters: 2000, epoch: 4 | loss: 0.4874615
	speed: 0.0233s/iter; left time: 298.8824s
	iters: 2100, epoch: 4 | loss: 0.4728813
	speed: 0.0232s/iter; left time: 294.5393s
Epoch: 4 cost time: 46.55779242515564
Epoch: 4, Steps: 2116 | Train Loss: 0.4768195 Vali Loss: 0.1545117 Test Loss: 0.2266955
Validation loss decreased (0.156214 --> 0.154512).  Saving model ...
Updating learning rate to 6.25e-05
	iters: 100, epoch: 5 | loss: 0.4841848
	speed: 0.2358s/iter; left time: 2970.7540s
	iters: 200, epoch: 5 | loss: 0.4828906
	speed: 0.0214s/iter; left time: 267.9825s
	iters: 300, epoch: 5 | loss: 0.4614713
	speed: 0.0214s/iter; left time: 264.7512s
	iters: 400, epoch: 5 | loss: 0.4888797
	speed: 0.0224s/iter; left time: 275.9887s
	iters: 500, epoch: 5 | loss: 0.4085869
	speed: 0.0214s/iter; left time: 261.3036s
	iters: 600, epoch: 5 | loss: 0.5434229
	speed: 0.0224s/iter; left time: 270.4341s
	iters: 700, epoch: 5 | loss: 0.5631492
	speed: 0.0244s/iter; left time: 292.6584s
	iters: 800, epoch: 5 | loss: 0.4901151
	speed: 0.0233s/iter; left time: 276.6481s
	iters: 900, epoch: 5 | loss: 0.4732019
	speed: 0.0218s/iter; left time: 256.7790s
	iters: 1000, epoch: 5 | loss: 0.4865306
	speed: 0.0214s/iter; left time: 250.2070s
	iters: 1100, epoch: 5 | loss: 0.4907594
	speed: 0.0195s/iter; left time: 226.1437s
	iters: 1200, epoch: 5 | loss: 0.5441399
	speed: 0.0202s/iter; left time: 231.8500s
	iters: 1300, epoch: 5 | loss: 0.4473184
	speed: 0.0196s/iter; left time: 223.3542s
	iters: 1400, epoch: 5 | loss: 0.5101559
	speed: 0.0213s/iter; left time: 240.4327s
	iters: 1500, epoch: 5 | loss: 0.4831152
	speed: 0.0214s/iter; left time: 239.9570s
	iters: 1600, epoch: 5 | loss: 0.4656886
	speed: 0.0209s/iter; left time: 231.6770s
	iters: 1700, epoch: 5 | loss: 0.4457822
	speed: 0.0195s/iter; left time: 214.4625s
	iters: 1800, epoch: 5 | loss: 0.5002374
	speed: 0.0202s/iter; left time: 220.2518s
	iters: 1900, epoch: 5 | loss: 0.4889393
	speed: 0.0207s/iter; left time: 223.8998s
	iters: 2000, epoch: 5 | loss: 0.4900480
	speed: 0.0200s/iter; left time: 213.8815s
	iters: 2100, epoch: 5 | loss: 0.4685864
	speed: 0.0209s/iter; left time: 220.9923s
Epoch: 5 cost time: 45.120959758758545
Epoch: 5, Steps: 2116 | Train Loss: 0.4761824 Vali Loss: 0.1574561 Test Loss: 0.2285097
EarlyStopping counter: 1 out of 3
Updating learning rate to 3.125e-05
	iters: 100, epoch: 6 | loss: 0.4483050
	speed: 0.2204s/iter; left time: 2309.9627s
	iters: 200, epoch: 6 | loss: 0.4392554
	speed: 0.0190s/iter; left time: 196.7607s
	iters: 300, epoch: 6 | loss: 0.5311400
	speed: 0.0184s/iter; left time: 188.8424s
	iters: 400, epoch: 6 | loss: 0.4944109
	speed: 0.0189s/iter; left time: 191.9756s
	iters: 500, epoch: 6 | loss: 0.5143905
	speed: 0.0191s/iter; left time: 192.5538s
	iters: 600, epoch: 6 | loss: 0.4771869
	speed: 0.0191s/iter; left time: 190.1686s
	iters: 700, epoch: 6 | loss: 0.4355444
	speed: 0.0190s/iter; left time: 187.6662s
	iters: 800, epoch: 6 | loss: 0.4458635
	speed: 0.0184s/iter; left time: 180.3804s
	iters: 900, epoch: 6 | loss: 0.5543090
	speed: 0.0200s/iter; left time: 193.5299s
	iters: 1000, epoch: 6 | loss: 0.4897168
	speed: 0.0186s/iter; left time: 178.4828s
	iters: 1100, epoch: 6 | loss: 0.4436561
	speed: 0.0197s/iter; left time: 187.2404s
	iters: 1200, epoch: 6 | loss: 0.4883723
	speed: 0.0195s/iter; left time: 183.3150s
	iters: 1300, epoch: 6 | loss: 0.5291049
	speed: 0.0205s/iter; left time: 190.4839s
	iters: 1400, epoch: 6 | loss: 0.4388356
	speed: 0.0189s/iter; left time: 173.6292s
	iters: 1500, epoch: 6 | loss: 0.5123295
	speed: 0.0191s/iter; left time: 173.7734s
	iters: 1600, epoch: 6 | loss: 0.4543228
	speed: 0.0205s/iter; left time: 184.1448s
	iters: 1700, epoch: 6 | loss: 0.4698879
	speed: 0.0179s/iter; left time: 159.3936s
	iters: 1800, epoch: 6 | loss: 0.5639069
	speed: 0.0172s/iter; left time: 151.1165s
	iters: 1900, epoch: 6 | loss: 0.4629644
	speed: 0.0180s/iter; left time: 155.9823s
	iters: 2000, epoch: 6 | loss: 0.4859049
	speed: 0.0183s/iter; left time: 156.8118s
	iters: 2100, epoch: 6 | loss: 0.5037517
	speed: 0.0179s/iter; left time: 151.6192s
Epoch: 6 cost time: 40.400654792785645
Epoch: 6, Steps: 2116 | Train Loss: 0.4758623 Vali Loss: 0.1571360 Test Loss: 0.2283176
EarlyStopping counter: 2 out of 3
Updating learning rate to 1.5625e-05
	iters: 100, epoch: 7 | loss: 0.4386106
	speed: 0.2030s/iter; left time: 1698.3541s
	iters: 200, epoch: 7 | loss: 0.4981560
	speed: 0.0185s/iter; left time: 153.1738s
	iters: 300, epoch: 7 | loss: 0.4825046
	speed: 0.0179s/iter; left time: 146.5140s
	iters: 400, epoch: 7 | loss: 0.4687133
	speed: 0.0175s/iter; left time: 141.1810s
	iters: 500, epoch: 7 | loss: 0.5063069
	speed: 0.0177s/iter; left time: 141.1932s
	iters: 600, epoch: 7 | loss: 0.4998383
	speed: 0.0183s/iter; left time: 143.8614s
	iters: 700, epoch: 7 | loss: 0.4689336
	speed: 0.0189s/iter; left time: 147.0520s
	iters: 800, epoch: 7 | loss: 0.4885750
	speed: 0.0194s/iter; left time: 148.9572s
	iters: 900, epoch: 7 | loss: 0.4555782
	speed: 0.0182s/iter; left time: 137.8689s
	iters: 1000, epoch: 7 | loss: 0.4865859
	speed: 0.0176s/iter; left time: 131.5837s
	iters: 1100, epoch: 7 | loss: 0.5370954
	speed: 0.0212s/iter; left time: 156.0724s
	iters: 1200, epoch: 7 | loss: 0.5186008
	speed: 0.0193s/iter; left time: 140.4712s
	iters: 1300, epoch: 7 | loss: 0.4654937
	speed: 0.0181s/iter; left time: 129.8206s
	iters: 1400, epoch: 7 | loss: 0.4941164
	speed: 0.0194s/iter; left time: 137.3425s
	iters: 1500, epoch: 7 | loss: 0.5311943
	speed: 0.0230s/iter; left time: 159.9494s
	iters: 1600, epoch: 7 | loss: 0.4585568
	speed: 0.0232s/iter; left time: 159.3673s
	iters: 1700, epoch: 7 | loss: 0.4399864
	speed: 0.0195s/iter; left time: 131.7001s
	iters: 1800, epoch: 7 | loss: 0.4883477
	speed: 0.0198s/iter; left time: 131.7797s
	iters: 1900, epoch: 7 | loss: 0.5821874
	speed: 0.0185s/iter; left time: 121.3046s
	iters: 2000, epoch: 7 | loss: 0.4814281
	speed: 0.0189s/iter; left time: 121.8788s
	iters: 2100, epoch: 7 | loss: 0.5187061
	speed: 0.0205s/iter; left time: 130.3948s
Epoch: 7 cost time: 41.1150176525116
Epoch: 7, Steps: 2116 | Train Loss: 0.4756810 Vali Loss: 0.1568125 Test Loss: 0.2281250
EarlyStopping counter: 3 out of 3
Early stopping
>>>>>>>testing : long_term_forecast_LBext_bikes_DLinear_336_s2022_DLinear_custom_ftM_sl336_ll48_pl96_dm512_nh8_el3_dl1_df512_expand2_dc4_fc3_ebtimeF_dtTrue_Exp_0<<<<<<<<<<<<<<<<<<<<<<<<<<<<<<<<<
test 10426
test shape: (10426, 96, 441) (10426, 96, 441)
test shape: (10426, 96, 441) (10426, 96, 441)
mse:0.2266874611377716, mae:0.30709680914878845, dtw:Not calculated
