Using GPU
Args in experiment:
[1mBasic Config[0m
  Task Name:          long_term_forecast  Is Training:        1                   
  Model ID:           LBext_bikes_DLinear_96_s2023Model:              DLinear             

[1mData Loader[0m
  Data:               custom              Root Path:          ./dataset/bikes/    
  Data Path:          bikes.csv           Features:           M                   
  Target:             OT                  Freq:               h                   
  Checkpoints:        ./checkpoints/      

[1mForecasting Task[0m
  Seq Len:            96                  Label Len:          48                  
  Pred Len:           96                  Seasonal Patterns:  Monthly             
  Inverse:            0                   

[1mModel Parameters[0m
  Top k:              5                   Num Kernels:        6                   
  Enc In:             441                 Dec In:             441                 
  C Out:              441                 d model:            512                 
  n heads:            8                   e layers:           3                   
  d layers:           1                   d FF:               512                 
  Moving Avg:         25                  Factor:             3                   
  Distil:             1                   Dropout:            0.1                 
  Embed:              timeF               Activation:         gelu                

[1mRun Parameters[0m
  Num Workers:        4                   Itr:                1                   
  Train Epochs:       10                  Batch Size:         16                  
  Patience:           3                   Learning Rate:      0.0005              
  Des:                Exp                 Loss:               MSE                 
  Lradj:              type1               Use Amp:            0                   

[1mGPU[0m
  Use GPU:            1                   GPU:                0                   
  Use Multi GPU:      0                   Devices:            0,1,2,3             

[1mDe-stationary Projector Params[0m
  P Hidden Dims:      128, 128            P Hidden Layers:    2                   

Use GPU: cuda:0
🚀 Lazy Loading: DLinear ...
>>>>>>>start training : long_term_forecast_LBext_bikes_DLinear_96_s2023_DLinear_custom_ftM_sl96_ll48_pl96_dm512_nh8_el3_dl1_df512_expand2_dc4_fc3_ebtimeF_dtTrue_Exp_0>>>>>>>>>>>>>>>>>>>>>>>>>>
train window subsample: keep 33850/36634 windows (max_train_windows=33850)
train 33850
val 5167
test 10426
	iters: 100, epoch: 1 | loss: 0.6726929
	speed: 0.0364s/iter; left time: 767.1050s
	iters: 200, epoch: 1 | loss: 0.6229109
	speed: 0.0125s/iter; left time: 262.1966s
	iters: 300, epoch: 1 | loss: 0.6502151
	speed: 0.0117s/iter; left time: 244.9133s
	iters: 400, epoch: 1 | loss: 0.6057467
	speed: 0.0122s/iter; left time: 254.0832s
	iters: 500, epoch: 1 | loss: 0.6570809
	speed: 0.0121s/iter; left time: 250.8135s
	iters: 600, epoch: 1 | loss: 0.6100158
	speed: 0.0117s/iter; left time: 241.1669s
	iters: 700, epoch: 1 | loss: 0.6972670
	speed: 0.0118s/iter; left time: 240.6367s
	iters: 800, epoch: 1 | loss: 0.6595153
	speed: 0.0121s/iter; left time: 245.5456s
	iters: 900, epoch: 1 | loss: 0.5806181
	speed: 0.0122s/iter; left time: 247.0850s
	iters: 1000, epoch: 1 | loss: 0.5993356
	speed: 0.0116s/iter; left time: 233.7032s
	iters: 1100, epoch: 1 | loss: 0.6703544
	speed: 0.0120s/iter; left time: 240.2318s
	iters: 1200, epoch: 1 | loss: 0.6497695
	speed: 0.0121s/iter; left time: 241.5950s
	iters: 1300, epoch: 1 | loss: 0.6317401
	speed: 0.0120s/iter; left time: 237.6854s
	iters: 1400, epoch: 1 | loss: 0.6576751
	speed: 0.0120s/iter; left time: 238.0047s
	iters: 1500, epoch: 1 | loss: 0.5856743
	speed: 0.0118s/iter; left time: 231.2900s
	iters: 1600, epoch: 1 | loss: 0.6259065
	speed: 0.0120s/iter; left time: 234.4363s
	iters: 1700, epoch: 1 | loss: 0.6045067
	speed: 0.0118s/iter; left time: 230.5151s
	iters: 1800, epoch: 1 | loss: 0.7461566
	speed: 0.0123s/iter; left time: 238.4705s
	iters: 1900, epoch: 1 | loss: 0.6169602
	speed: 0.0120s/iter; left time: 231.4392s
	iters: 2000, epoch: 1 | loss: 0.6435554
	speed: 0.0123s/iter; left time: 234.7773s
	iters: 2100, epoch: 1 | loss: 0.6876131
	speed: 0.0117s/iter; left time: 222.6311s
Epoch: 1 cost time: 26.164506435394287
Epoch: 1, Steps: 2116 | Train Loss: 0.6361545 Vali Loss: 0.2467867 Test Loss: 0.2998095
Validation loss decreased (inf --> 0.246787).  Saving model ...
Updating learning rate to 0.0005
	iters: 100, epoch: 2 | loss: 0.6467969
	speed: 0.1393s/iter; left time: 2639.1324s
	iters: 200, epoch: 2 | loss: 0.6641209
	speed: 0.0117s/iter; left time: 220.9182s
	iters: 300, epoch: 2 | loss: 0.6213093
	speed: 0.0112s/iter; left time: 210.7403s
	iters: 400, epoch: 2 | loss: 0.6128681
	speed: 0.0111s/iter; left time: 207.8775s
	iters: 500, epoch: 2 | loss: 0.6092780
	speed: 0.0118s/iter; left time: 219.2973s
	iters: 600, epoch: 2 | loss: 0.6332890
	speed: 0.0117s/iter; left time: 214.9209s
	iters: 700, epoch: 2 | loss: 0.6141592
	speed: 0.0113s/iter; left time: 207.7800s
	iters: 800, epoch: 2 | loss: 0.5959198
	speed: 0.0121s/iter; left time: 221.1190s
	iters: 900, epoch: 2 | loss: 0.6056428
	speed: 0.0116s/iter; left time: 211.3494s
	iters: 1000, epoch: 2 | loss: 0.6770999
	speed: 0.0115s/iter; left time: 207.3235s
	iters: 1100, epoch: 2 | loss: 0.6477606
	speed: 0.0114s/iter; left time: 204.7538s
	iters: 1200, epoch: 2 | loss: 0.6379586
	speed: 0.0117s/iter; left time: 208.7699s
	iters: 1300, epoch: 2 | loss: 0.6323982
	speed: 0.0112s/iter; left time: 198.3571s
	iters: 1400, epoch: 2 | loss: 0.6135690
	speed: 0.0111s/iter; left time: 195.5792s
	iters: 1500, epoch: 2 | loss: 0.6379033
	speed: 0.0112s/iter; left time: 197.3124s
	iters: 1600, epoch: 2 | loss: 0.6237620
	speed: 0.0120s/iter; left time: 208.8064s
	iters: 1700, epoch: 2 | loss: 0.6665051
	speed: 0.0119s/iter; left time: 206.9170s
	iters: 1800, epoch: 2 | loss: 0.6929550
	speed: 0.0115s/iter; left time: 197.4761s
	iters: 1900, epoch: 2 | loss: 0.6637523
	speed: 0.0112s/iter; left time: 191.9356s
	iters: 2000, epoch: 2 | loss: 0.6497120
	speed: 0.0117s/iter; left time: 199.5101s
	iters: 2100, epoch: 2 | loss: 0.6457341
	speed: 0.0116s/iter; left time: 196.3080s
Epoch: 2 cost time: 24.731730937957764
Epoch: 2, Steps: 2116 | Train Loss: 0.6244654 Vali Loss: 0.2757314 Test Loss: 0.3177478
EarlyStopping counter: 1 out of 3
Updating learning rate to 0.00025
	iters: 100, epoch: 3 | loss: 0.6201022
	speed: 0.1522s/iter; left time: 2561.8313s
	iters: 200, epoch: 3 | loss: 0.5922667
	speed: 0.0152s/iter; left time: 254.3201s
	iters: 300, epoch: 3 | loss: 0.6331123
	speed: 0.0142s/iter; left time: 235.5011s
	iters: 400, epoch: 3 | loss: 0.6225796
	speed: 0.0139s/iter; left time: 229.6611s
	iters: 500, epoch: 3 | loss: 0.6126480
	speed: 0.0146s/iter; left time: 240.3905s
	iters: 600, epoch: 3 | loss: 0.6079116
	speed: 0.0147s/iter; left time: 239.5972s
	iters: 700, epoch: 3 | loss: 0.6398021
	speed: 0.0149s/iter; left time: 241.1870s
	iters: 800, epoch: 3 | loss: 0.6361386
	speed: 0.0131s/iter; left time: 211.7010s
	iters: 900, epoch: 3 | loss: 0.5735136
	speed: 0.0136s/iter; left time: 217.8337s
	iters: 1000, epoch: 3 | loss: 0.5798801
	speed: 0.0128s/iter; left time: 204.0180s
	iters: 1100, epoch: 3 | loss: 0.6095349
	speed: 0.0129s/iter; left time: 204.1696s
	iters: 1200, epoch: 3 | loss: 0.5777178
	speed: 0.0123s/iter; left time: 194.1393s
	iters: 1300, epoch: 3 | loss: 0.5955262
	speed: 0.0125s/iter; left time: 195.9912s
	iters: 1400, epoch: 3 | loss: 0.6859027
	speed: 0.0123s/iter; left time: 191.7125s
	iters: 1500, epoch: 3 | loss: 0.6332600
	speed: 0.0108s/iter; left time: 166.8973s
	iters: 1600, epoch: 3 | loss: 0.6102635
	speed: 0.0125s/iter; left time: 191.9448s
	iters: 1700, epoch: 3 | loss: 0.6099308
	speed: 0.0112s/iter; left time: 171.0532s
	iters: 1800, epoch: 3 | loss: 0.6732582
	speed: 0.0111s/iter; left time: 168.0161s
	iters: 1900, epoch: 3 | loss: 0.6152838
	speed: 0.0118s/iter; left time: 177.2341s
	iters: 2000, epoch: 3 | loss: 0.6816636
	speed: 0.0111s/iter; left time: 166.4439s
	iters: 2100, epoch: 3 | loss: 0.6286547
	speed: 0.0117s/iter; left time: 173.7835s
Epoch: 3 cost time: 27.762503385543823
Epoch: 3, Steps: 2116 | Train Loss: 0.6234220 Vali Loss: 0.2564729 Test Loss: 0.3053646
EarlyStopping counter: 2 out of 3
Updating learning rate to 0.000125
	iters: 100, epoch: 4 | loss: 0.5724990
	speed: 0.1411s/iter; left time: 2076.6738s
	iters: 200, epoch: 4 | loss: 0.6072686
	speed: 0.0113s/iter; left time: 165.0011s
	iters: 300, epoch: 4 | loss: 0.5465060
	speed: 0.0119s/iter; left time: 172.6368s
	iters: 400, epoch: 4 | loss: 0.5817302
	speed: 0.0116s/iter; left time: 167.8698s
	iters: 500, epoch: 4 | loss: 0.6163128
	speed: 0.0117s/iter; left time: 167.5781s
	iters: 600, epoch: 4 | loss: 0.5682046
	speed: 0.0108s/iter; left time: 153.5796s
	iters: 700, epoch: 4 | loss: 0.5654709
	speed: 0.0110s/iter; left time: 155.5343s
	iters: 800, epoch: 4 | loss: 0.6342813
	speed: 0.0122s/iter; left time: 170.4588s
	iters: 900, epoch: 4 | loss: 0.5965914
	speed: 0.0118s/iter; left time: 163.8804s
	iters: 1000, epoch: 4 | loss: 0.6361707
	speed: 0.0104s/iter; left time: 143.5919s
	iters: 1100, epoch: 4 | loss: 0.5797805
	speed: 0.0109s/iter; left time: 149.6091s
	iters: 1200, epoch: 4 | loss: 0.6249359
	speed: 0.0105s/iter; left time: 143.4394s
	iters: 1300, epoch: 4 | loss: 0.6144677
	speed: 0.0098s/iter; left time: 132.8054s
	iters: 1400, epoch: 4 | loss: 0.6089233
	speed: 0.0105s/iter; left time: 140.6764s
	iters: 1500, epoch: 4 | loss: 0.6249130
	speed: 0.0104s/iter; left time: 138.0181s
	iters: 1600, epoch: 4 | loss: 0.5779492
	speed: 0.0104s/iter; left time: 136.9743s
	iters: 1700, epoch: 4 | loss: 0.5911734
	speed: 0.0101s/iter; left time: 132.9974s
	iters: 1800, epoch: 4 | loss: 0.5771337
	speed: 0.0104s/iter; left time: 134.7156s
	iters: 1900, epoch: 4 | loss: 0.6399637
	speed: 0.0100s/iter; left time: 129.4662s
	iters: 2000, epoch: 4 | loss: 0.6479369
	speed: 0.0109s/iter; left time: 139.7588s
	iters: 2100, epoch: 4 | loss: 0.6359476
	speed: 0.0104s/iter; left time: 132.7858s
Epoch: 4 cost time: 23.36362075805664
Epoch: 4, Steps: 2116 | Train Loss: 0.6228786 Vali Loss: 0.2598534 Test Loss: 0.3076074
EarlyStopping counter: 3 out of 3
Early stopping
>>>>>>>testing : long_term_forecast_LBext_bikes_DLinear_96_s2023_DLinear_custom_ftM_sl96_ll48_pl96_dm512_nh8_el3_dl1_df512_expand2_dc4_fc3_ebtimeF_dtTrue_Exp_0<<<<<<<<<<<<<<<<<<<<<<<<<<<<<<<<<
test 10426
test shape: (10426, 96, 441) (10426, 96, 441)
test shape: (10426, 96, 441) (10426, 96, 441)
mse:0.2998114228248596, mae:0.4171537160873413, dtw:Not calculated
