Using GPU
Args in experiment:
[1mBasic Config[0m
  Task Name:          long_term_forecast  Is Training:        1                   
  Model ID:           LBext_bikes_iTransformer_96_s2022Model:              iTransformer        

[1mData Loader[0m
  Data:               custom              Root Path:          ./dataset/bikes/    
  Data Path:          bikes.csv           Features:           M                   
  Target:             OT                  Freq:               h                   
  Checkpoints:        ./checkpoints/      

[1mForecasting Task[0m
  Seq Len:            96                  Label Len:          48                  
  Pred Len:           96                  Seasonal Patterns:  Monthly             
  Inverse:            0                   

[1mModel Parameters[0m
  Top k:              5                   Num Kernels:        6                   
  Enc In:             441                 Dec In:             441                 
  C Out:              441                 d model:            512                 
  n heads:            8                   e layers:           3                   
  d layers:           1                   d FF:               512                 
  Moving Avg:         25                  Factor:             3                   
  Distil:             1                   Dropout:            0.1                 
  Embed:              timeF               Activation:         gelu                

[1mRun Parameters[0m
  Num Workers:        4                   Itr:                1                   
  Train Epochs:       10                  Batch Size:         16                  
  Patience:           3                   Learning Rate:      0.0005              
  Des:                Exp                 Loss:               MSE                 
  Lradj:              type1               Use Amp:            0                   

[1mGPU[0m
  Use GPU:            1                   GPU:                0                   
  Use Multi GPU:      0                   Devices:            0,1,2,3             

[1mDe-stationary Projector Params[0m
  P Hidden Dims:      128, 128            P Hidden Layers:    2                   

Use GPU: cuda:0
🚀 Lazy Loading: iTransformer ...
>>>>>>>start training : long_term_forecast_LBext_bikes_iTransformer_96_s2022_iTransformer_custom_ftM_sl96_ll48_pl96_dm512_nh8_el3_dl1_df512_expand2_dc4_fc3_ebtimeF_dtTrue_Exp_0>>>>>>>>>>>>>>>>>>>>>>>>>>
train window subsample: keep 33850/36634 windows (max_train_windows=33850)
train 33850
val 5167
test 10426
	iters: 100, epoch: 1 | loss: 0.5709541
	speed: 0.0698s/iter; left time: 1470.6888s
	iters: 200, epoch: 1 | loss: 0.5650452
	speed: 0.0470s/iter; left time: 986.0867s
	iters: 300, epoch: 1 | loss: 0.5750512
	speed: 0.0495s/iter; left time: 1032.3115s
	iters: 400, epoch: 1 | loss: 0.5384443
	speed: 0.0614s/iter; left time: 1273.8025s
	iters: 500, epoch: 1 | loss: 0.5498322
	speed: 0.0696s/iter; left time: 1438.7679s
	iters: 600, epoch: 1 | loss: 0.5482275
	speed: 0.0683s/iter; left time: 1404.3913s
	iters: 700, epoch: 1 | loss: 0.5654847
	speed: 0.0613s/iter; left time: 1254.0057s
	iters: 800, epoch: 1 | loss: 0.5154333
	speed: 0.0613s/iter; left time: 1248.2485s
	iters: 900, epoch: 1 | loss: 0.4777166
	speed: 0.0611s/iter; left time: 1238.1833s
	iters: 1000, epoch: 1 | loss: 0.5855355
	speed: 0.0612s/iter; left time: 1233.5779s
	iters: 1100, epoch: 1 | loss: 0.4937017
	speed: 0.0614s/iter; left time: 1232.1612s
	iters: 1200, epoch: 1 | loss: 0.5133991
	speed: 0.0614s/iter; left time: 1226.2344s
	iters: 1300, epoch: 1 | loss: 0.4981365
	speed: 0.0605s/iter; left time: 1201.9116s
	iters: 1400, epoch: 1 | loss: 0.4470871
	speed: 0.0615s/iter; left time: 1214.5354s
	iters: 1500, epoch: 1 | loss: 0.4739318
	speed: 0.0612s/iter; left time: 1203.7863s
	iters: 1600, epoch: 1 | loss: 0.4694963
	speed: 0.0614s/iter; left time: 1200.8285s
	iters: 1700, epoch: 1 | loss: 0.4486494
	speed: 0.0602s/iter; left time: 1170.6344s
	iters: 1800, epoch: 1 | loss: 0.5341858
	speed: 0.0575s/iter; left time: 1112.9825s
	iters: 1900, epoch: 1 | loss: 0.4695579
	speed: 0.0575s/iter; left time: 1107.6560s
	iters: 2000, epoch: 1 | loss: 0.5107076
	speed: 0.0575s/iter; left time: 1101.5977s
	iters: 2100, epoch: 1 | loss: 0.4916643
	speed: 0.0574s/iter; left time: 1094.9510s
Epoch: 1 cost time: 126.35360980033875
Epoch: 1, Steps: 2116 | Train Loss: 0.5170250 Vali Loss: 0.1520045 Test Loss: 0.2349325
Validation loss decreased (inf --> 0.152005).  Saving model ...
Updating learning rate to 0.0005
	iters: 100, epoch: 2 | loss: 0.5639305
	speed: 0.3264s/iter; left time: 6183.9530s
	iters: 200, epoch: 2 | loss: 0.4852933
	speed: 0.0383s/iter; left time: 722.4197s
	iters: 300, epoch: 2 | loss: 0.4917117
	speed: 0.0377s/iter; left time: 707.0144s
	iters: 400, epoch: 2 | loss: 0.4676723
	speed: 0.0378s/iter; left time: 705.5429s
	iters: 500, epoch: 2 | loss: 0.5072135
	speed: 0.0377s/iter; left time: 698.8964s
	iters: 600, epoch: 2 | loss: 0.4836708
	speed: 0.0418s/iter; left time: 771.8037s
	iters: 700, epoch: 2 | loss: 0.4581202
	speed: 0.0573s/iter; left time: 1051.9349s
	iters: 800, epoch: 2 | loss: 0.5104427
	speed: 0.0574s/iter; left time: 1048.1750s
	iters: 900, epoch: 2 | loss: 0.4403158
	speed: 0.0575s/iter; left time: 1042.6080s
	iters: 1000, epoch: 2 | loss: 0.4861763
	speed: 0.0575s/iter; left time: 1038.0247s
	iters: 1100, epoch: 2 | loss: 0.4889535
	speed: 0.0575s/iter; left time: 1031.4999s
	iters: 1200, epoch: 2 | loss: 0.4631076
	speed: 0.0575s/iter; left time: 1025.6735s
	iters: 1300, epoch: 2 | loss: 0.4489740
	speed: 0.0575s/iter; left time: 1020.1542s
	iters: 1400, epoch: 2 | loss: 0.5001302
	speed: 0.0575s/iter; left time: 1014.3744s
	iters: 1500, epoch: 2 | loss: 0.4668343
	speed: 0.0574s/iter; left time: 1007.7387s
	iters: 1600, epoch: 2 | loss: 0.4698228
	speed: 0.0575s/iter; left time: 1003.2876s
	iters: 1700, epoch: 2 | loss: 0.4654092
	speed: 0.0575s/iter; left time: 998.0369s
	iters: 1800, epoch: 2 | loss: 0.4843667
	speed: 0.0575s/iter; left time: 991.8220s
	iters: 1900, epoch: 2 | loss: 0.4716361
	speed: 0.0575s/iter; left time: 985.7713s
	iters: 2000, epoch: 2 | loss: 0.4757639
	speed: 0.0575s/iter; left time: 980.8204s
	iters: 2100, epoch: 2 | loss: 0.4667256
	speed: 0.0575s/iter; left time: 974.0423s
Epoch: 2 cost time: 110.62202310562134
Epoch: 2, Steps: 2116 | Train Loss: 0.4758482 Vali Loss: 0.1548260 Test Loss: 0.2347827
EarlyStopping counter: 1 out of 3
Updating learning rate to 0.00025
	iters: 100, epoch: 3 | loss: 0.5137669
	speed: 0.3405s/iter; left time: 5731.1039s
	iters: 200, epoch: 3 | loss: 0.4290574
	speed: 0.0369s/iter; left time: 616.6835s
	iters: 300, epoch: 3 | loss: 0.4626497
	speed: 0.0373s/iter; left time: 619.8156s
	iters: 400, epoch: 3 | loss: 0.4472808
	speed: 0.0374s/iter; left time: 618.7444s
	iters: 500, epoch: 3 | loss: 0.4252485
	speed: 0.0372s/iter; left time: 610.7360s
	iters: 600, epoch: 3 | loss: 0.4921718
	speed: 0.0382s/iter; left time: 623.0473s
	iters: 700, epoch: 3 | loss: 0.4462070
	speed: 0.0369s/iter; left time: 598.2233s
	iters: 800, epoch: 3 | loss: 0.4347160
	speed: 0.0382s/iter; left time: 615.4235s
	iters: 900, epoch: 3 | loss: 0.4795606
	speed: 0.0328s/iter; left time: 526.2271s
	iters: 1000, epoch: 3 | loss: 0.4505728
	speed: 0.0334s/iter; left time: 532.6933s
	iters: 1100, epoch: 3 | loss: 0.4306117
	speed: 0.0352s/iter; left time: 556.5858s
	iters: 1200, epoch: 3 | loss: 0.5288130
	speed: 0.0349s/iter; left time: 548.3956s
	iters: 1300, epoch: 3 | loss: 0.4424134
	speed: 0.0358s/iter; left time: 558.8041s
	iters: 1400, epoch: 3 | loss: 0.4675528
	speed: 0.0357s/iter; left time: 554.8612s
	iters: 1500, epoch: 3 | loss: 0.4298747
	speed: 0.0358s/iter; left time: 552.2879s
	iters: 1600, epoch: 3 | loss: 0.4509803
	speed: 0.0356s/iter; left time: 546.2098s
	iters: 1700, epoch: 3 | loss: 0.4459980
	speed: 0.0353s/iter; left time: 537.4560s
	iters: 1800, epoch: 3 | loss: 0.4652520
	speed: 0.0335s/iter; left time: 506.5977s
	iters: 1900, epoch: 3 | loss: 0.4204474
	speed: 0.0286s/iter; left time: 430.5244s
	iters: 2000, epoch: 3 | loss: 0.4114460
	speed: 0.0283s/iter; left time: 422.3569s
	iters: 2100, epoch: 3 | loss: 0.4365787
	speed: 0.0289s/iter; left time: 428.5748s
Epoch: 3 cost time: 74.07878017425537
Epoch: 3, Steps: 2116 | Train Loss: 0.4604943 Vali Loss: 0.1600293 Test Loss: 0.2355752
EarlyStopping counter: 2 out of 3
Updating learning rate to 0.000125
	iters: 100, epoch: 4 | loss: 0.4381134
	speed: 0.2418s/iter; left time: 3557.3678s
	iters: 200, epoch: 4 | loss: 0.4336512
	speed: 0.0292s/iter; left time: 426.6189s
	iters: 300, epoch: 4 | loss: 0.4524665
	speed: 0.0298s/iter; left time: 432.1203s
	iters: 400, epoch: 4 | loss: 0.4114188
	speed: 0.0353s/iter; left time: 508.2852s
	iters: 500, epoch: 4 | loss: 0.4408915
	speed: 0.0362s/iter; left time: 517.8061s
	iters: 600, epoch: 4 | loss: 0.4511191
	speed: 0.0357s/iter; left time: 507.3083s
	iters: 700, epoch: 4 | loss: 0.4185070
	speed: 0.0368s/iter; left time: 519.2326s
	iters: 800, epoch: 4 | loss: 0.5191296
	speed: 0.0365s/iter; left time: 511.4283s
	iters: 900, epoch: 4 | loss: 0.4481171
	speed: 0.0368s/iter; left time: 511.8020s
	iters: 1000, epoch: 4 | loss: 0.4739689
	speed: 0.0367s/iter; left time: 506.3581s
	iters: 1100, epoch: 4 | loss: 0.4834765
	speed: 0.0367s/iter; left time: 503.6520s
	iters: 1200, epoch: 4 | loss: 0.4622017
	speed: 0.0375s/iter; left time: 510.4771s
	iters: 1300, epoch: 4 | loss: 0.4398343
	speed: 0.0367s/iter; left time: 495.4640s
	iters: 1400, epoch: 4 | loss: 0.4650711
	speed: 0.0370s/iter; left time: 496.6943s
	iters: 1500, epoch: 4 | loss: 0.4457058
	speed: 0.0363s/iter; left time: 482.7851s
	iters: 1600, epoch: 4 | loss: 0.4387753
	speed: 0.0358s/iter; left time: 473.4265s
	iters: 1700, epoch: 4 | loss: 0.4596210
	speed: 0.0363s/iter; left time: 476.0893s
	iters: 1800, epoch: 4 | loss: 0.4346127
	speed: 0.0369s/iter; left time: 480.6345s
	iters: 1900, epoch: 4 | loss: 0.4780375
	speed: 0.0357s/iter; left time: 460.7975s
	iters: 2000, epoch: 4 | loss: 0.4651012
	speed: 0.0357s/iter; left time: 456.8540s
	iters: 2100, epoch: 4 | loss: 0.4755634
	speed: 0.0356s/iter; left time: 451.9758s
Epoch: 4 cost time: 75.11803793907166
Epoch: 4, Steps: 2116 | Train Loss: 0.4535736 Vali Loss: 0.1737860 Test Loss: 0.2475959
EarlyStopping counter: 3 out of 3
Early stopping
>>>>>>>testing : long_term_forecast_LBext_bikes_iTransformer_96_s2022_iTransformer_custom_ftM_sl96_ll48_pl96_dm512_nh8_el3_dl1_df512_expand2_dc4_fc3_ebtimeF_dtTrue_Exp_0<<<<<<<<<<<<<<<<<<<<<<<<<<<<<<<<<
test 10426
test shape: (10426, 96, 441) (10426, 96, 441)
test shape: (10426, 96, 441) (10426, 96, 441)
mse:0.2349434494972229, mae:0.3030278980731964, dtw:Not calculated
