Using GPU
Args in experiment:
[1mBasic Config[0m
  Task Name:          long_term_forecast  Is Training:        1                   
  Model ID:           LBext_ercot_iTransformer_336_s2023Model:              iTransformer        

[1mData Loader[0m
  Data:               custom              Root Path:          ./dataset/ercot/    
  Data Path:          ercot.csv           Features:           M                   
  Target:             OT                  Freq:               h                   
  Checkpoints:        ./checkpoints/      

[1mForecasting Task[0m
  Seq Len:            336                 Label Len:          48                  
  Pred Len:           96                  Seasonal Patterns:  Monthly             
  Inverse:            0                   

[1mModel Parameters[0m
  Top k:              5                   Num Kernels:        6                   
  Enc In:             8                   Dec In:             8                   
  C Out:              8                   d model:            128                 
  n heads:            8                   e layers:           2                   
  d layers:           1                   d FF:               128                 
  Moving Avg:         25                  Factor:             3                   
  Distil:             1                   Dropout:            0.1                 
  Embed:              timeF               Activation:         gelu                

[1mRun Parameters[0m
  Num Workers:        4                   Itr:                1                   
  Train Epochs:       10                  Batch Size:         32                  
  Patience:           3                   Learning Rate:      0.0001              
  Des:                Exp                 Loss:               MSE                 
  Lradj:              type1               Use Amp:            0                   

[1mGPU[0m
  Use GPU:            1                   GPU:                0                   
  Use Multi GPU:      0                   Devices:            0,1,2,3             

[1mDe-stationary Projector Params[0m
  P Hidden Dims:      128, 128            P Hidden Layers:    2                   

Use GPU: cuda:0
🚀 Lazy Loading: iTransformer ...
>>>>>>>start training : long_term_forecast_LBext_ercot_iTransformer_336_s2023_iTransformer_custom_ftM_sl336_ll48_pl96_dm128_nh8_el2_dl1_df128_expand2_dc4_fc3_ebtimeF_dtTrue_Exp_0>>>>>>>>>>>>>>>>>>>>>>>>>>
train window subsample: keep 105435/107979 windows (max_train_windows=105435)
train 105435
val 15393
test 30879
	iters: 100, epoch: 1 | loss: 0.3346338
	speed: 0.0399s/iter; left time: 1309.6502s
	iters: 200, epoch: 1 | loss: 0.2298765
	speed: 0.0116s/iter; left time: 381.0053s
	iters: 300, epoch: 1 | loss: 0.2719047
	speed: 0.0115s/iter; left time: 375.4503s
	iters: 400, epoch: 1 | loss: 0.2523751
	speed: 0.0119s/iter; left time: 388.5969s
	iters: 500, epoch: 1 | loss: 0.3020833
	speed: 0.0114s/iter; left time: 368.9770s
	iters: 600, epoch: 1 | loss: 0.2018769
	speed: 0.0121s/iter; left time: 391.6357s
	iters: 700, epoch: 1 | loss: 0.2814177
	speed: 0.0116s/iter; left time: 373.2810s
	iters: 800, epoch: 1 | loss: 0.1698713
	speed: 0.0120s/iter; left time: 386.0069s
	iters: 900, epoch: 1 | loss: 0.1264616
	speed: 0.0114s/iter; left time: 366.1437s
	iters: 1000, epoch: 1 | loss: 0.1531960
	speed: 0.0118s/iter; left time: 376.1727s
	iters: 1100, epoch: 1 | loss: 0.2146025
	speed: 0.0115s/iter; left time: 367.2503s
	iters: 1200, epoch: 1 | loss: 0.1595654
	speed: 0.0116s/iter; left time: 367.4567s
	iters: 1300, epoch: 1 | loss: 0.1666826
	speed: 0.0114s/iter; left time: 361.3918s
	iters: 1400, epoch: 1 | loss: 0.2056417
	speed: 0.0115s/iter; left time: 361.4870s
	iters: 1500, epoch: 1 | loss: 0.1705615
	speed: 0.0114s/iter; left time: 358.4088s
	iters: 1600, epoch: 1 | loss: 0.1376686
	speed: 0.0115s/iter; left time: 360.1540s
	iters: 1700, epoch: 1 | loss: 0.1426080
	speed: 0.0118s/iter; left time: 368.8488s
	iters: 1800, epoch: 1 | loss: 0.2072252
	speed: 0.0117s/iter; left time: 364.6436s
	iters: 1900, epoch: 1 | loss: 0.1273197
	speed: 0.0119s/iter; left time: 369.3443s
	iters: 2000, epoch: 1 | loss: 0.1727635
	speed: 0.0119s/iter; left time: 368.9039s
	iters: 2100, epoch: 1 | loss: 0.1329455
	speed: 0.0119s/iter; left time: 368.1486s
	iters: 2200, epoch: 1 | loss: 0.1572325
	speed: 0.0117s/iter; left time: 360.2741s
	iters: 2300, epoch: 1 | loss: 0.1274627
	speed: 0.0118s/iter; left time: 360.5409s
	iters: 2400, epoch: 1 | loss: 0.1625108
	speed: 0.0119s/iter; left time: 362.2449s
	iters: 2500, epoch: 1 | loss: 0.1512413
	speed: 0.0112s/iter; left time: 342.2708s
	iters: 2600, epoch: 1 | loss: 0.1012476
	speed: 0.0116s/iter; left time: 350.7970s
	iters: 2700, epoch: 1 | loss: 0.1484106
	speed: 0.0123s/iter; left time: 373.4687s
	iters: 2800, epoch: 1 | loss: 0.1295485
	speed: 0.0116s/iter; left time: 350.9325s
	iters: 2900, epoch: 1 | loss: 0.1300267
	speed: 0.0119s/iter; left time: 358.5507s
	iters: 3000, epoch: 1 | loss: 0.1465372
	speed: 0.0113s/iter; left time: 337.6853s
	iters: 3100, epoch: 1 | loss: 0.1205082
	speed: 0.0117s/iter; left time: 349.9308s
	iters: 3200, epoch: 1 | loss: 0.1997422
	speed: 0.0118s/iter; left time: 351.5044s
Epoch: 1 cost time: 39.47295141220093
Epoch: 1, Steps: 3295 | Train Loss: 0.1787579 Vali Loss: 0.2109975 Test Loss: 0.2198926
Validation loss decreased (inf --> 0.210998).  Saving model ...
Updating learning rate to 0.0001
	iters: 100, epoch: 2 | loss: 0.2535333
	speed: 0.1196s/iter; left time: 3534.9899s
	iters: 200, epoch: 2 | loss: 0.2226986
	speed: 0.0123s/iter; left time: 362.8890s
	iters: 300, epoch: 2 | loss: 0.1658221
	speed: 0.0118s/iter; left time: 347.8338s
	iters: 400, epoch: 2 | loss: 0.1139789
	speed: 0.0118s/iter; left time: 344.2057s
	iters: 500, epoch: 2 | loss: 0.1680974
	speed: 0.0118s/iter; left time: 345.4242s
	iters: 600, epoch: 2 | loss: 0.1348156
	speed: 0.0117s/iter; left time: 340.0778s
	iters: 700, epoch: 2 | loss: 0.1084623
	speed: 0.0119s/iter; left time: 343.2528s
	iters: 800, epoch: 2 | loss: 0.2136333
	speed: 0.0119s/iter; left time: 343.1160s
	iters: 900, epoch: 2 | loss: 0.1261058
	speed: 0.0121s/iter; left time: 349.0817s
	iters: 1000, epoch: 2 | loss: 0.1752128
	speed: 0.0119s/iter; left time: 340.0301s
	iters: 1100, epoch: 2 | loss: 0.1332648
	speed: 0.0118s/iter; left time: 337.6296s
	iters: 1200, epoch: 2 | loss: 0.1390124
	speed: 0.0115s/iter; left time: 326.0546s
	iters: 1300, epoch: 2 | loss: 0.1751282
	speed: 0.0118s/iter; left time: 333.4078s
	iters: 1400, epoch: 2 | loss: 0.1341830
	speed: 0.0122s/iter; left time: 344.8460s
	iters: 1500, epoch: 2 | loss: 0.1233332
	speed: 0.0115s/iter; left time: 325.1114s
	iters: 1600, epoch: 2 | loss: 0.1594704
	speed: 0.0116s/iter; left time: 325.0098s
	iters: 1700, epoch: 2 | loss: 0.1292753
	speed: 0.0116s/iter; left time: 324.3934s
	iters: 1800, epoch: 2 | loss: 0.1416053
	speed: 0.0114s/iter; left time: 318.5560s
	iters: 1900, epoch: 2 | loss: 0.1232081
	speed: 0.0118s/iter; left time: 328.9051s
	iters: 2000, epoch: 2 | loss: 0.1398037
	speed: 0.0120s/iter; left time: 331.4387s
	iters: 2100, epoch: 2 | loss: 0.1820769
	speed: 0.0118s/iter; left time: 325.6412s
	iters: 2200, epoch: 2 | loss: 0.1582793
	speed: 0.0121s/iter; left time: 331.2771s
	iters: 2300, epoch: 2 | loss: 0.1066004
	speed: 0.0121s/iter; left time: 330.6778s
	iters: 2400, epoch: 2 | loss: 0.1849889
	speed: 0.0123s/iter; left time: 334.0455s
	iters: 2500, epoch: 2 | loss: 0.1243991
	speed: 0.0125s/iter; left time: 339.7928s
	iters: 2600, epoch: 2 | loss: 0.1125472
	speed: 0.0129s/iter; left time: 349.0276s
	iters: 2700, epoch: 2 | loss: 0.1561726
	speed: 0.0129s/iter; left time: 348.6300s
	iters: 2800, epoch: 2 | loss: 0.1665029
	speed: 0.0124s/iter; left time: 333.1336s
	iters: 2900, epoch: 2 | loss: 0.1200171
	speed: 0.0124s/iter; left time: 332.2153s
	iters: 3000, epoch: 2 | loss: 0.1425978
	speed: 0.0125s/iter; left time: 334.1581s
	iters: 3100, epoch: 2 | loss: 0.1627210
	speed: 0.0123s/iter; left time: 326.4638s
	iters: 3200, epoch: 2 | loss: 0.1693258
	speed: 0.0123s/iter; left time: 324.2288s
Epoch: 2 cost time: 39.95398139953613
Epoch: 2, Steps: 3295 | Train Loss: 0.1526151 Vali Loss: 0.2059520 Test Loss: 0.2156663
Validation loss decreased (0.210998 --> 0.205952).  Saving model ...
Updating learning rate to 5e-05
	iters: 100, epoch: 3 | loss: 0.1600256
	speed: 0.1271s/iter; left time: 3337.9881s
	iters: 200, epoch: 3 | loss: 0.1386011
	speed: 0.0122s/iter; left time: 318.0427s
	iters: 300, epoch: 3 | loss: 0.1535373
	speed: 0.0118s/iter; left time: 306.6417s
	iters: 400, epoch: 3 | loss: 0.1471148
	speed: 0.0122s/iter; left time: 316.5292s
	iters: 500, epoch: 3 | loss: 0.1410627
	speed: 0.0127s/iter; left time: 329.0952s
	iters: 600, epoch: 3 | loss: 0.1062936
	speed: 0.0127s/iter; left time: 328.1099s
	iters: 700, epoch: 3 | loss: 0.1572839
	speed: 0.0128s/iter; left time: 327.5963s
	iters: 800, epoch: 3 | loss: 0.1195493
	speed: 0.0118s/iter; left time: 300.5659s
	iters: 900, epoch: 3 | loss: 0.1551084
	speed: 0.0126s/iter; left time: 321.5424s
	iters: 1000, epoch: 3 | loss: 0.1607224
	speed: 0.0120s/iter; left time: 305.5707s
	iters: 1100, epoch: 3 | loss: 0.1400432
	speed: 0.0127s/iter; left time: 321.2625s
	iters: 1200, epoch: 3 | loss: 0.1657184
	speed: 0.0125s/iter; left time: 315.0742s
	iters: 1300, epoch: 3 | loss: 0.1601293
	speed: 0.0117s/iter; left time: 294.2476s
	iters: 1400, epoch: 3 | loss: 0.1403690
	speed: 0.0113s/iter; left time: 282.0766s
	iters: 1500, epoch: 3 | loss: 0.1223621
	speed: 0.0094s/iter; left time: 233.9344s
	iters: 1600, epoch: 3 | loss: 0.1483822
	speed: 0.0093s/iter; left time: 231.3791s
	iters: 1700, epoch: 3 | loss: 0.1360311
	speed: 0.0093s/iter; left time: 228.4862s
	iters: 1800, epoch: 3 | loss: 0.1227322
	speed: 0.0092s/iter; left time: 225.7184s
	iters: 1900, epoch: 3 | loss: 0.1119421
	speed: 0.0094s/iter; left time: 230.1679s
	iters: 2000, epoch: 3 | loss: 0.1259226
	speed: 0.0095s/iter; left time: 231.4545s
	iters: 2100, epoch: 3 | loss: 0.1486144
	speed: 0.0095s/iter; left time: 230.3523s
	iters: 2200, epoch: 3 | loss: 0.1279974
	speed: 0.0088s/iter; left time: 212.4553s
	iters: 2300, epoch: 3 | loss: 0.1539128
	speed: 0.0086s/iter; left time: 206.2961s
	iters: 2400, epoch: 3 | loss: 0.1527467
	speed: 0.0095s/iter; left time: 226.8557s
	iters: 2500, epoch: 3 | loss: 0.1594517
	speed: 0.0089s/iter; left time: 211.2781s
	iters: 2600, epoch: 3 | loss: 0.1331999
	speed: 0.0096s/iter; left time: 228.2728s
	iters: 2700, epoch: 3 | loss: 0.1421912
	speed: 0.0093s/iter; left time: 219.8541s
	iters: 2800, epoch: 3 | loss: 0.1479930
	speed: 0.0087s/iter; left time: 203.8843s
	iters: 2900, epoch: 3 | loss: 0.1435746
	speed: 0.0086s/iter; left time: 202.3814s
	iters: 3000, epoch: 3 | loss: 0.1900193
	speed: 0.0086s/iter; left time: 200.3301s
	iters: 3100, epoch: 3 | loss: 0.1298885
	speed: 0.0084s/iter; left time: 194.4625s
	iters: 3200, epoch: 3 | loss: 0.1486113
	speed: 0.0081s/iter; left time: 187.9120s
Epoch: 3 cost time: 34.52095580101013
Epoch: 3, Steps: 3295 | Train Loss: 0.1450079 Vali Loss: 0.2024084 Test Loss: 0.2130535
Validation loss decreased (0.205952 --> 0.202408).  Saving model ...
Updating learning rate to 2.5e-05
	iters: 100, epoch: 4 | loss: 0.1595344
	speed: 0.0803s/iter; left time: 1843.1126s
	iters: 200, epoch: 4 | loss: 0.1306206
	speed: 0.0088s/iter; left time: 201.7850s
	iters: 300, epoch: 4 | loss: 0.1119929
	speed: 0.0087s/iter; left time: 198.3882s
	iters: 400, epoch: 4 | loss: 0.1110668
	speed: 0.0085s/iter; left time: 192.9289s
	iters: 500, epoch: 4 | loss: 0.1173190
	speed: 0.0084s/iter; left time: 188.9272s
	iters: 600, epoch: 4 | loss: 0.1721975
	speed: 0.0086s/iter; left time: 192.6464s
	iters: 700, epoch: 4 | loss: 0.1138238
	speed: 0.0084s/iter; left time: 187.5368s
	iters: 800, epoch: 4 | loss: 0.1158531
	speed: 0.0086s/iter; left time: 191.0479s
	iters: 900, epoch: 4 | loss: 0.1584027
	speed: 0.0082s/iter; left time: 180.8821s
	iters: 1000, epoch: 4 | loss: 0.1464774
	speed: 0.0088s/iter; left time: 194.4608s
	iters: 1100, epoch: 4 | loss: 0.1432604
	speed: 0.0088s/iter; left time: 193.9010s
	iters: 1200, epoch: 4 | loss: 0.1460285
	speed: 0.0086s/iter; left time: 188.3074s
	iters: 1300, epoch: 4 | loss: 0.1114074
	speed: 0.0089s/iter; left time: 193.5016s
	iters: 1400, epoch: 4 | loss: 0.1567874
	speed: 0.0085s/iter; left time: 184.3751s
	iters: 1500, epoch: 4 | loss: 0.1441494
	speed: 0.0085s/iter; left time: 182.6811s
	iters: 1600, epoch: 4 | loss: 0.1197658
	speed: 0.0087s/iter; left time: 186.2034s
	iters: 1700, epoch: 4 | loss: 0.1519693
	speed: 0.0082s/iter; left time: 175.8614s
	iters: 1800, epoch: 4 | loss: 0.1271867
	speed: 0.0079s/iter; left time: 168.7119s
	iters: 1900, epoch: 4 | loss: 0.1228776
	speed: 0.0081s/iter; left time: 172.3876s
	iters: 2000, epoch: 4 | loss: 0.1603859
	speed: 0.0082s/iter; left time: 173.3719s
	iters: 2100, epoch: 4 | loss: 0.1458602
	speed: 0.0085s/iter; left time: 178.6615s
	iters: 2200, epoch: 4 | loss: 0.1354373
	speed: 0.0088s/iter; left time: 182.7383s
	iters: 2300, epoch: 4 | loss: 0.1295950
	speed: 0.0088s/iter; left time: 182.7091s
	iters: 2400, epoch: 4 | loss: 0.1394244
	speed: 0.0100s/iter; left time: 205.9822s
	iters: 2500, epoch: 4 | loss: 0.1301229
	speed: 0.0112s/iter; left time: 230.4632s
	iters: 2600, epoch: 4 | loss: 0.1149435
	speed: 0.0122s/iter; left time: 249.2191s
	iters: 2700, epoch: 4 | loss: 0.1425548
	speed: 0.0123s/iter; left time: 250.3447s
	iters: 2800, epoch: 4 | loss: 0.1327606
	speed: 0.0117s/iter; left time: 236.9667s
	iters: 2900, epoch: 4 | loss: 0.1300596
	speed: 0.0125s/iter; left time: 251.8157s
	iters: 3000, epoch: 4 | loss: 0.1349344
	speed: 0.0130s/iter; left time: 260.1770s
	iters: 3100, epoch: 4 | loss: 0.1417144
	speed: 0.0121s/iter; left time: 241.8188s
	iters: 3200, epoch: 4 | loss: 0.1412168
	speed: 0.0123s/iter; left time: 244.9607s
Epoch: 4 cost time: 31.809110164642334
Epoch: 4, Steps: 3295 | Train Loss: 0.1418193 Vali Loss: 0.1995486 Test Loss: 0.2106347
Validation loss decreased (0.202408 --> 0.199549).  Saving model ...
Updating learning rate to 1.25e-05
	iters: 100, epoch: 5 | loss: 0.1828635
	speed: 0.1396s/iter; left time: 2745.2488s
	iters: 200, epoch: 5 | loss: 0.1550390
	speed: 0.0128s/iter; left time: 250.7123s
	iters: 300, epoch: 5 | loss: 0.1013861
	speed: 0.0130s/iter; left time: 253.6258s
	iters: 400, epoch: 5 | loss: 0.1264853
	speed: 0.0129s/iter; left time: 248.9863s
	iters: 500, epoch: 5 | loss: 0.1361814
	speed: 0.0129s/iter; left time: 249.3140s
	iters: 600, epoch: 5 | loss: 0.1345669
	speed: 0.0126s/iter; left time: 240.8697s
	iters: 700, epoch: 5 | loss: 0.1283562
	speed: 0.0131s/iter; left time: 249.4478s
	iters: 800, epoch: 5 | loss: 0.1563290
	speed: 0.0130s/iter; left time: 245.6894s
	iters: 900, epoch: 5 | loss: 0.1158587
	speed: 0.0126s/iter; left time: 237.7183s
	iters: 1000, epoch: 5 | loss: 0.1364942
	speed: 0.0129s/iter; left time: 242.5165s
	iters: 1100, epoch: 5 | loss: 0.1767041
	speed: 0.0125s/iter; left time: 233.3051s
	iters: 1200, epoch: 5 | loss: 0.1398978
	speed: 0.0121s/iter; left time: 224.7017s
	iters: 1300, epoch: 5 | loss: 0.1065931
	speed: 0.0123s/iter; left time: 227.3790s
	iters: 1400, epoch: 5 | loss: 0.1252698
	speed: 0.0128s/iter; left time: 234.7935s
	iters: 1500, epoch: 5 | loss: 0.1530223
	speed: 0.0125s/iter; left time: 227.8929s
	iters: 1600, epoch: 5 | loss: 0.1469204
	speed: 0.0128s/iter; left time: 231.9942s
	iters: 1700, epoch: 5 | loss: 0.1140394
	speed: 0.0127s/iter; left time: 229.8158s
	iters: 1800, epoch: 5 | loss: 0.1800732
	speed: 0.0129s/iter; left time: 232.2108s
	iters: 1900, epoch: 5 | loss: 0.1400908
	speed: 0.0127s/iter; left time: 226.0878s
	iters: 2000, epoch: 5 | loss: 0.1342990
	speed: 0.0131s/iter; left time: 233.5446s
	iters: 2100, epoch: 5 | loss: 0.1642207
	speed: 0.0131s/iter; left time: 231.3859s
	iters: 2200, epoch: 5 | loss: 0.1193909
	speed: 0.0129s/iter; left time: 226.4632s
	iters: 2300, epoch: 5 | loss: 0.1458670
	speed: 0.0127s/iter; left time: 221.5272s
	iters: 2400, epoch: 5 | loss: 0.1385139
	speed: 0.0135s/iter; left time: 234.4610s
	iters: 2500, epoch: 5 | loss: 0.1219868
	speed: 0.0131s/iter; left time: 225.7421s
	iters: 2600, epoch: 5 | loss: 0.1169229
	speed: 0.0128s/iter; left time: 220.2798s
	iters: 2700, epoch: 5 | loss: 0.1231577
	speed: 0.0131s/iter; left time: 222.9620s
	iters: 2800, epoch: 5 | loss: 0.1443307
	speed: 0.0131s/iter; left time: 223.0966s
	iters: 2900, epoch: 5 | loss: 0.1356425
	speed: 0.0132s/iter; left time: 222.2017s
	iters: 3000, epoch: 5 | loss: 0.1237929
	speed: 0.0127s/iter; left time: 212.8623s
	iters: 3100, epoch: 5 | loss: 0.1053460
	speed: 0.0128s/iter; left time: 213.7368s
	iters: 3200, epoch: 5 | loss: 0.1907013
	speed: 0.0131s/iter; left time: 216.3660s
Epoch: 5 cost time: 42.57567858695984
Epoch: 5, Steps: 3295 | Train Loss: 0.1400127 Vali Loss: 0.2006923 Test Loss: 0.2116340
EarlyStopping counter: 1 out of 3
Updating learning rate to 6.25e-06
	iters: 100, epoch: 6 | loss: 0.1579264
	speed: 0.1357s/iter; left time: 2222.1559s
	iters: 200, epoch: 6 | loss: 0.1517555
	speed: 0.0128s/iter; left time: 208.8684s
	iters: 300, epoch: 6 | loss: 0.1011013
	speed: 0.0131s/iter; left time: 211.9578s
	iters: 400, epoch: 6 | loss: 0.1283009
	speed: 0.0132s/iter; left time: 212.8951s
	iters: 500, epoch: 6 | loss: 0.1345739
	speed: 0.0130s/iter; left time: 207.0905s
	iters: 600, epoch: 6 | loss: 0.1300949
	speed: 0.0133s/iter; left time: 211.3450s
	iters: 700, epoch: 6 | loss: 0.1337828
	speed: 0.0128s/iter; left time: 201.9518s
	iters: 800, epoch: 6 | loss: 0.1542847
	speed: 0.0125s/iter; left time: 196.6897s
	iters: 900, epoch: 6 | loss: 0.1236638
	speed: 0.0131s/iter; left time: 204.0576s
	iters: 1000, epoch: 6 | loss: 0.1172841
	speed: 0.0135s/iter; left time: 208.8909s
	iters: 1100, epoch: 6 | loss: 0.0908570
	speed: 0.0130s/iter; left time: 199.9397s
	iters: 1200, epoch: 6 | loss: 0.1699034
	speed: 0.0130s/iter; left time: 198.9794s
	iters: 1300, epoch: 6 | loss: 0.1320602
	speed: 0.0128s/iter; left time: 194.4374s
	iters: 1400, epoch: 6 | loss: 0.0985036
	speed: 0.0132s/iter; left time: 198.5096s
	iters: 1500, epoch: 6 | loss: 0.1028196
	speed: 0.0129s/iter; left time: 192.8073s
	iters: 1600, epoch: 6 | loss: 0.1388598
	speed: 0.0129s/iter; left time: 192.4180s
	iters: 1700, epoch: 6 | loss: 0.1271890
	speed: 0.0134s/iter; left time: 197.7206s
	iters: 1800, epoch: 6 | loss: 0.1532032
	speed: 0.0129s/iter; left time: 189.0890s
	iters: 1900, epoch: 6 | loss: 0.1564692
	speed: 0.0131s/iter; left time: 191.1597s
	iters: 2000, epoch: 6 | loss: 0.1378954
	speed: 0.0130s/iter; left time: 187.6582s
	iters: 2100, epoch: 6 | loss: 0.1534570
	speed: 0.0127s/iter; left time: 182.6999s
	iters: 2200, epoch: 6 | loss: 0.1285964
	speed: 0.0124s/iter; left time: 177.1842s
	iters: 2300, epoch: 6 | loss: 0.1235808
	speed: 0.0126s/iter; left time: 178.4202s
	iters: 2400, epoch: 6 | loss: 0.2171395
	speed: 0.0124s/iter; left time: 174.4577s
	iters: 2500, epoch: 6 | loss: 0.1246651
	speed: 0.0136s/iter; left time: 189.5837s
	iters: 2600, epoch: 6 | loss: 0.1870145
	speed: 0.0134s/iter; left time: 185.7984s
	iters: 2700, epoch: 6 | loss: 0.1345600
	speed: 0.0137s/iter; left time: 188.3796s
	iters: 2800, epoch: 6 | loss: 0.1452049
	speed: 0.0135s/iter; left time: 184.4528s
	iters: 2900, epoch: 6 | loss: 0.1899580
	speed: 0.0134s/iter; left time: 181.2773s
	iters: 3000, epoch: 6 | loss: 0.1499874
	speed: 0.0131s/iter; left time: 177.0634s
	iters: 3100, epoch: 6 | loss: 0.1900115
	speed: 0.0132s/iter; left time: 177.1298s
	iters: 3200, epoch: 6 | loss: 0.1356357
	speed: 0.0138s/iter; left time: 182.5793s
Epoch: 6 cost time: 43.3579957485199
Epoch: 6, Steps: 3295 | Train Loss: 0.1392887 Vali Loss: 0.2000662 Test Loss: 0.2110203
EarlyStopping counter: 2 out of 3
Updating learning rate to 3.125e-06
	iters: 100, epoch: 7 | loss: 0.1919800
	speed: 0.1501s/iter; left time: 1963.7077s
	iters: 200, epoch: 7 | loss: 0.1192098
	speed: 0.0131s/iter; left time: 169.4532s
	iters: 300, epoch: 7 | loss: 0.1443496
	speed: 0.0134s/iter; left time: 171.9712s
	iters: 400, epoch: 7 | loss: 0.1011251
	speed: 0.0131s/iter; left time: 166.8110s
	iters: 500, epoch: 7 | loss: 0.1489838
	speed: 0.0132s/iter; left time: 166.8916s
	iters: 600, epoch: 7 | loss: 0.1615082
	speed: 0.0126s/iter; left time: 158.8781s
	iters: 700, epoch: 7 | loss: 0.1146670
	speed: 0.0127s/iter; left time: 158.8844s
	iters: 800, epoch: 7 | loss: 0.1012008
	speed: 0.0133s/iter; left time: 164.4653s
	iters: 900, epoch: 7 | loss: 0.1591068
	speed: 0.0128s/iter; left time: 157.5313s
	iters: 1000, epoch: 7 | loss: 0.1039739
	speed: 0.0130s/iter; left time: 158.7528s
	iters: 1100, epoch: 7 | loss: 0.1351945
	speed: 0.0130s/iter; left time: 156.8963s
	iters: 1200, epoch: 7 | loss: 0.1150237
	speed: 0.0126s/iter; left time: 150.8096s
	iters: 1300, epoch: 7 | loss: 0.1302139
	speed: 0.0125s/iter; left time: 148.5858s
	iters: 1400, epoch: 7 | loss: 0.1176773
	speed: 0.0130s/iter; left time: 152.6208s
	iters: 1500, epoch: 7 | loss: 0.1194531
	speed: 0.0129s/iter; left time: 150.9137s
	iters: 1600, epoch: 7 | loss: 0.1372902
	speed: 0.0131s/iter; left time: 152.0194s
	iters: 1700, epoch: 7 | loss: 0.1248994
	speed: 0.0127s/iter; left time: 146.3730s
	iters: 1800, epoch: 7 | loss: 0.1265082
	speed: 0.0126s/iter; left time: 142.9590s
	iters: 1900, epoch: 7 | loss: 0.1263188
	speed: 0.0130s/iter; left time: 146.7993s
	iters: 2000, epoch: 7 | loss: 0.1328671
	speed: 0.0129s/iter; left time: 144.0517s
	iters: 2100, epoch: 7 | loss: 0.1392929
	speed: 0.0136s/iter; left time: 151.1544s
	iters: 2200, epoch: 7 | loss: 0.1141839
	speed: 0.0130s/iter; left time: 142.9726s
	iters: 2300, epoch: 7 | loss: 0.1442338
	speed: 0.0129s/iter; left time: 140.6425s
	iters: 2400, epoch: 7 | loss: 0.1555960
	speed: 0.0127s/iter; left time: 136.7107s
	iters: 2500, epoch: 7 | loss: 0.1270191
	speed: 0.0127s/iter; left time: 135.7793s
	iters: 2600, epoch: 7 | loss: 0.1347643
	speed: 0.0132s/iter; left time: 139.6690s
	iters: 2700, epoch: 7 | loss: 0.1480390
	speed: 0.0133s/iter; left time: 139.3095s
	iters: 2800, epoch: 7 | loss: 0.1681233
	speed: 0.0132s/iter; left time: 137.2384s
	iters: 2900, epoch: 7 | loss: 0.1153522
	speed: 0.0131s/iter; left time: 134.6185s
	iters: 3000, epoch: 7 | loss: 0.1296246
	speed: 0.0138s/iter; left time: 140.5498s
	iters: 3100, epoch: 7 | loss: 0.1752712
	speed: 0.0132s/iter; left time: 133.2453s
	iters: 3200, epoch: 7 | loss: 0.1330304
	speed: 0.0135s/iter; left time: 135.1277s
Epoch: 7 cost time: 43.376115798950195
Epoch: 7, Steps: 3295 | Train Loss: 0.1387894 Vali Loss: 0.1997996 Test Loss: 0.2109855
EarlyStopping counter: 3 out of 3
Early stopping
>>>>>>>testing : long_term_forecast_LBext_ercot_iTransformer_336_s2023_iTransformer_custom_ftM_sl336_ll48_pl96_dm128_nh8_el2_dl1_df128_expand2_dc4_fc3_ebtimeF_dtTrue_Exp_0<<<<<<<<<<<<<<<<<<<<<<<<<<<<<<<<<
test 30879
test shape: (30879, 96, 8) (30879, 96, 8)
test shape: (30879, 96, 8) (30879, 96, 8)
mse:0.21063823997974396, mae:0.3209908902645111, dtw:Not calculated
