Using GPU
Args in experiment:
[1mBasic Config[0m
  Task Name:          long_term_forecast  Is Training:        1                   
  Model ID:           LBext_ercot_iTransformer_2880_s2021Model:              iTransformer        

[1mData Loader[0m
  Data:               custom              Root Path:          ./dataset/ercot/    
  Data Path:          ercot.csv           Features:           M                   
  Target:             OT                  Freq:               h                   
  Checkpoints:        ./checkpoints/      

[1mForecasting Task[0m
  Seq Len:            2880                Label Len:          48                  
  Pred Len:           96                  Seasonal Patterns:  Monthly             
  Inverse:            0                   

[1mModel Parameters[0m
  Top k:              5                   Num Kernels:        6                   
  Enc In:             8                   Dec In:             8                   
  C Out:              8                   d model:            128                 
  n heads:            8                   e layers:           2                   
  d layers:           1                   d FF:               128                 
  Moving Avg:         25                  Factor:             3                   
  Distil:             1                   Dropout:            0.1                 
  Embed:              timeF               Activation:         gelu                

[1mRun Parameters[0m
  Num Workers:        4                   Itr:                1                   
  Train Epochs:       10                  Batch Size:         32                  
  Patience:           3                   Learning Rate:      0.0001              
  Des:                Exp                 Loss:               MSE                 
  Lradj:              type1               Use Amp:            0                   

[1mGPU[0m
  Use GPU:            1                   GPU:                0                   
  Use Multi GPU:      0                   Devices:            0,1,2,3             

[1mDe-stationary Projector Params[0m
  P Hidden Dims:      128, 128            P Hidden Layers:    2                   

Use GPU: cuda:0
🚀 Lazy Loading: iTransformer ...
>>>>>>>start training : long_term_forecast_LBext_ercot_iTransformer_2880_s2021_iTransformer_custom_ftM_sl2880_ll48_pl96_dm128_nh8_el2_dl1_df128_expand2_dc4_fc3_ebtimeF_dtTrue_Exp_0>>>>>>>>>>>>>>>>>>>>>>>>>>
train 105435
val 15393
test 30879
	iters: 100, epoch: 1 | loss: 0.2745383
	speed: 0.0367s/iter; left time: 1204.2040s
	iters: 200, epoch: 1 | loss: 0.2618336
	speed: 0.0146s/iter; left time: 479.5587s
	iters: 300, epoch: 1 | loss: 0.1965607
	speed: 0.0146s/iter; left time: 475.1579s
	iters: 400, epoch: 1 | loss: 0.1726628
	speed: 0.0144s/iter; left time: 469.0182s
	iters: 500, epoch: 1 | loss: 0.3105277
	speed: 0.0142s/iter; left time: 461.7048s
	iters: 600, epoch: 1 | loss: 0.2689197
	speed: 0.0143s/iter; left time: 462.1434s
	iters: 700, epoch: 1 | loss: 0.1458222
	speed: 0.0147s/iter; left time: 475.4140s
	iters: 800, epoch: 1 | loss: 0.1374600
	speed: 0.0144s/iter; left time: 461.6324s
	iters: 900, epoch: 1 | loss: 0.1928985
	speed: 0.0144s/iter; left time: 462.4542s
	iters: 1000, epoch: 1 | loss: 0.1579188
	speed: 0.0140s/iter; left time: 448.3449s
	iters: 1100, epoch: 1 | loss: 0.1335612
	speed: 0.0131s/iter; left time: 417.1535s
	iters: 1200, epoch: 1 | loss: 0.1610926
	speed: 0.0140s/iter; left time: 443.5741s
	iters: 1300, epoch: 1 | loss: 0.1301193
	speed: 0.0134s/iter; left time: 424.9994s
	iters: 1400, epoch: 1 | loss: 0.1793008
	speed: 0.0130s/iter; left time: 409.2277s
	iters: 1500, epoch: 1 | loss: 0.1290186
	speed: 0.0130s/iter; left time: 408.7099s
	iters: 1600, epoch: 1 | loss: 0.2084113
	speed: 0.0139s/iter; left time: 436.6124s
	iters: 1700, epoch: 1 | loss: 0.1647464
	speed: 0.0137s/iter; left time: 428.5725s
	iters: 1800, epoch: 1 | loss: 0.1418230
	speed: 0.0138s/iter; left time: 430.6209s
	iters: 1900, epoch: 1 | loss: 0.2069331
	speed: 0.0134s/iter; left time: 417.5232s
	iters: 2000, epoch: 1 | loss: 0.1938682
	speed: 0.0136s/iter; left time: 421.2721s
	iters: 2100, epoch: 1 | loss: 0.1383822
	speed: 0.0149s/iter; left time: 459.9807s
	iters: 2200, epoch: 1 | loss: 0.1787036
	speed: 0.0145s/iter; left time: 445.0576s
	iters: 2300, epoch: 1 | loss: 0.1983513
	speed: 0.0137s/iter; left time: 418.9249s
	iters: 2400, epoch: 1 | loss: 0.1619041
	speed: 0.0136s/iter; left time: 414.7411s
	iters: 2500, epoch: 1 | loss: 0.1772368
	speed: 0.0139s/iter; left time: 424.2518s
	iters: 2600, epoch: 1 | loss: 0.1309837
	speed: 0.0140s/iter; left time: 423.7189s
	iters: 2700, epoch: 1 | loss: 0.1625080
	speed: 0.0134s/iter; left time: 405.2547s
	iters: 2800, epoch: 1 | loss: 0.1670576
	speed: 0.0137s/iter; left time: 414.2630s
	iters: 2900, epoch: 1 | loss: 0.1766608
	speed: 0.0129s/iter; left time: 387.0414s
	iters: 3000, epoch: 1 | loss: 0.1442784
	speed: 0.0144s/iter; left time: 431.1246s
	iters: 3100, epoch: 1 | loss: 0.1631179
	speed: 0.0137s/iter; left time: 410.3797s
	iters: 3200, epoch: 1 | loss: 0.1371883
	speed: 0.0128s/iter; left time: 381.5400s
Epoch: 1 cost time: 46.52555179595947
Epoch: 1, Steps: 3295 | Train Loss: 0.1838146 Vali Loss: 0.2246539 Test Loss: 0.2257884
Validation loss decreased (inf --> 0.224654).  Saving model ...
Updating learning rate to 0.0001
	iters: 100, epoch: 2 | loss: 0.1397239
	speed: 0.1581s/iter; left time: 4671.5208s
	iters: 200, epoch: 2 | loss: 0.1882138
	speed: 0.0186s/iter; left time: 548.6195s
	iters: 300, epoch: 2 | loss: 0.1462240
	speed: 0.0206s/iter; left time: 605.0578s
	iters: 400, epoch: 2 | loss: 0.1479514
	speed: 0.0200s/iter; left time: 584.3651s
	iters: 500, epoch: 2 | loss: 0.1488134
	speed: 0.0214s/iter; left time: 624.4229s
	iters: 600, epoch: 2 | loss: 0.1873427
	speed: 0.0209s/iter; left time: 608.3347s
	iters: 700, epoch: 2 | loss: 0.1350920
	speed: 0.0207s/iter; left time: 598.0022s
	iters: 800, epoch: 2 | loss: 0.1100455
	speed: 0.0218s/iter; left time: 629.7308s
	iters: 900, epoch: 2 | loss: 0.1305415
	speed: 0.0215s/iter; left time: 619.0779s
	iters: 1000, epoch: 2 | loss: 0.1371853
	speed: 0.0221s/iter; left time: 632.5183s
	iters: 1100, epoch: 2 | loss: 0.2120326
	speed: 0.0217s/iter; left time: 620.3390s
	iters: 1200, epoch: 2 | loss: 0.1618392
	speed: 0.0215s/iter; left time: 612.2952s
	iters: 1300, epoch: 2 | loss: 0.1484190
	speed: 0.0223s/iter; left time: 630.9827s
	iters: 1400, epoch: 2 | loss: 0.1468939
	speed: 0.0218s/iter; left time: 617.0475s
	iters: 1500, epoch: 2 | loss: 0.1394897
	speed: 0.0228s/iter; left time: 642.7049s
	iters: 1600, epoch: 2 | loss: 0.1531361
	speed: 0.0234s/iter; left time: 656.2190s
	iters: 1700, epoch: 2 | loss: 0.1193106
	speed: 0.0223s/iter; left time: 624.5481s
	iters: 1800, epoch: 2 | loss: 0.1288468
	speed: 0.0227s/iter; left time: 633.2032s
	iters: 1900, epoch: 2 | loss: 0.1309077
	speed: 0.0230s/iter; left time: 637.8627s
	iters: 2000, epoch: 2 | loss: 0.1398532
	speed: 0.0218s/iter; left time: 603.6203s
	iters: 2100, epoch: 2 | loss: 0.1321051
	speed: 0.0224s/iter; left time: 616.1723s
	iters: 2200, epoch: 2 | loss: 0.1363244
	speed: 0.0223s/iter; left time: 611.9109s
	iters: 2300, epoch: 2 | loss: 0.1718888
	speed: 0.0228s/iter; left time: 622.7953s
	iters: 2400, epoch: 2 | loss: 0.1175692
	speed: 0.0215s/iter; left time: 587.2494s
	iters: 2500, epoch: 2 | loss: 0.1408594
	speed: 0.0220s/iter; left time: 598.6442s
	iters: 2600, epoch: 2 | loss: 0.1237785
	speed: 0.0226s/iter; left time: 612.1487s
	iters: 2700, epoch: 2 | loss: 0.1295870
	speed: 0.0224s/iter; left time: 604.3398s
	iters: 2800, epoch: 2 | loss: 0.1624706
	speed: 0.0217s/iter; left time: 583.3101s
	iters: 2900, epoch: 2 | loss: 0.1371614
	speed: 0.0223s/iter; left time: 597.7769s
	iters: 3000, epoch: 2 | loss: 0.1195701
	speed: 0.0225s/iter; left time: 598.9016s
	iters: 3100, epoch: 2 | loss: 0.1102229
	speed: 0.0223s/iter; left time: 591.8368s
	iters: 3200, epoch: 2 | loss: 0.1240252
	speed: 0.0213s/iter; left time: 562.8147s
Epoch: 2 cost time: 71.64856243133545
Epoch: 2, Steps: 3295 | Train Loss: 0.1393080 Vali Loss: 0.2381075 Test Loss: 0.2375708
EarlyStopping counter: 1 out of 3
Updating learning rate to 5e-05
	iters: 100, epoch: 3 | loss: 0.1214487
	speed: 0.2928s/iter; left time: 7689.0201s
	iters: 200, epoch: 3 | loss: 0.1070386
	speed: 0.0223s/iter; left time: 583.8016s
	iters: 300, epoch: 3 | loss: 0.1290980
	speed: 0.0230s/iter; left time: 599.2441s
	iters: 400, epoch: 3 | loss: 0.1349394
	speed: 0.0219s/iter; left time: 567.9548s
	iters: 500, epoch: 3 | loss: 0.1316102
	speed: 0.0223s/iter; left time: 575.4300s
	iters: 600, epoch: 3 | loss: 0.1278563
	speed: 0.0229s/iter; left time: 588.7980s
	iters: 700, epoch: 3 | loss: 0.1047127
	speed: 0.0216s/iter; left time: 555.5242s
	iters: 800, epoch: 3 | loss: 0.1229212
	speed: 0.0217s/iter; left time: 555.6907s
	iters: 900, epoch: 3 | loss: 0.1379650
	speed: 0.0218s/iter; left time: 555.1696s
	iters: 1000, epoch: 3 | loss: 0.1192009
	speed: 0.0209s/iter; left time: 529.6264s
	iters: 1100, epoch: 3 | loss: 0.1246086
	speed: 0.0220s/iter; left time: 554.8985s
	iters: 1200, epoch: 3 | loss: 0.1167256
	speed: 0.0214s/iter; left time: 539.4506s
	iters: 1300, epoch: 3 | loss: 0.1238098
	speed: 0.0210s/iter; left time: 526.6192s
	iters: 1400, epoch: 3 | loss: 0.1351569
	speed: 0.0207s/iter; left time: 517.2314s
	iters: 1500, epoch: 3 | loss: 0.1279170
	speed: 0.0206s/iter; left time: 512.2709s
	iters: 1600, epoch: 3 | loss: 0.1018249
	speed: 0.0213s/iter; left time: 526.5389s
	iters: 1700, epoch: 3 | loss: 0.0942522
	speed: 0.0215s/iter; left time: 530.9823s
	iters: 1800, epoch: 3 | loss: 0.0950166
	speed: 0.0220s/iter; left time: 540.6479s
	iters: 1900, epoch: 3 | loss: 0.1168165
	speed: 0.0212s/iter; left time: 518.6737s
	iters: 2000, epoch: 3 | loss: 0.0998872
	speed: 0.0217s/iter; left time: 527.9284s
	iters: 2100, epoch: 3 | loss: 0.1056970
	speed: 0.0213s/iter; left time: 516.2121s
	iters: 2200, epoch: 3 | loss: 0.1054563
	speed: 0.0210s/iter; left time: 506.1861s
	iters: 2300, epoch: 3 | loss: 0.1367615
	speed: 0.0226s/iter; left time: 543.5955s
	iters: 2400, epoch: 3 | loss: 0.1021594
	speed: 0.0224s/iter; left time: 536.5492s
	iters: 2500, epoch: 3 | loss: 0.1051120
	speed: 0.0225s/iter; left time: 536.6964s
	iters: 2600, epoch: 3 | loss: 0.1062491
	speed: 0.0223s/iter; left time: 529.8131s
	iters: 2700, epoch: 3 | loss: 0.1045334
	speed: 0.0223s/iter; left time: 528.1607s
	iters: 2800, epoch: 3 | loss: 0.1175387
	speed: 0.0229s/iter; left time: 539.3538s
	iters: 2900, epoch: 3 | loss: 0.1031082
	speed: 0.0207s/iter; left time: 486.7373s
	iters: 3000, epoch: 3 | loss: 0.1097768
	speed: 0.0218s/iter; left time: 510.2740s
	iters: 3100, epoch: 3 | loss: 0.0985594
	speed: 0.0222s/iter; left time: 516.0981s
	iters: 3200, epoch: 3 | loss: 0.0944434
	speed: 0.0219s/iter; left time: 508.0168s
Epoch: 3 cost time: 72.38333559036255
Epoch: 3, Steps: 3295 | Train Loss: 0.1163618 Vali Loss: 0.2427640 Test Loss: 0.2450452
EarlyStopping counter: 2 out of 3
Updating learning rate to 2.5e-05
	iters: 100, epoch: 4 | loss: 0.1217589
	speed: 0.2400s/iter; left time: 5511.9642s
	iters: 200, epoch: 4 | loss: 0.0987009
	speed: 0.0132s/iter; left time: 302.9650s
	iters: 300, epoch: 4 | loss: 0.1058117
	speed: 0.0134s/iter; left time: 305.1778s
	iters: 400, epoch: 4 | loss: 0.1084086
	speed: 0.0136s/iter; left time: 308.2870s
	iters: 500, epoch: 4 | loss: 0.1312033
	speed: 0.0140s/iter; left time: 315.3318s
	iters: 600, epoch: 4 | loss: 0.1096344
	speed: 0.0145s/iter; left time: 326.3874s
	iters: 700, epoch: 4 | loss: 0.1090194
	speed: 0.0138s/iter; left time: 308.3236s
	iters: 800, epoch: 4 | loss: 0.1057591
	speed: 0.0158s/iter; left time: 352.7171s
	iters: 900, epoch: 4 | loss: 0.1029960
	speed: 0.0157s/iter; left time: 348.6477s
	iters: 1000, epoch: 4 | loss: 0.0902658
	speed: 0.0184s/iter; left time: 406.9809s
	iters: 1100, epoch: 4 | loss: 0.1213975
	speed: 0.0191s/iter; left time: 420.1597s
	iters: 1200, epoch: 4 | loss: 0.0969874
	speed: 0.0200s/iter; left time: 436.5849s
	iters: 1300, epoch: 4 | loss: 0.0898843
	speed: 0.0218s/iter; left time: 475.4350s
	iters: 1400, epoch: 4 | loss: 0.1095272
	speed: 0.0223s/iter; left time: 484.1230s
	iters: 1500, epoch: 4 | loss: 0.1113975
	speed: 0.0217s/iter; left time: 467.0694s
	iters: 1600, epoch: 4 | loss: 0.1099275
	speed: 0.0227s/iter; left time: 487.5028s
	iters: 1700, epoch: 4 | loss: 0.1124240
	speed: 0.0237s/iter; left time: 505.8846s
	iters: 1800, epoch: 4 | loss: 0.1066556
	speed: 0.0229s/iter; left time: 487.9740s
	iters: 1900, epoch: 4 | loss: 0.1037329
	speed: 0.0238s/iter; left time: 504.6226s
	iters: 2000, epoch: 4 | loss: 0.1331899
	speed: 0.0220s/iter; left time: 464.2093s
	iters: 2100, epoch: 4 | loss: 0.1018324
	speed: 0.0214s/iter; left time: 449.2786s
	iters: 2200, epoch: 4 | loss: 0.0907322
	speed: 0.0223s/iter; left time: 465.2781s
	iters: 2300, epoch: 4 | loss: 0.0931694
	speed: 0.0221s/iter; left time: 459.1711s
	iters: 2400, epoch: 4 | loss: 0.1024191
	speed: 0.0217s/iter; left time: 448.7881s
	iters: 2500, epoch: 4 | loss: 0.1276482
	speed: 0.0226s/iter; left time: 464.2670s
	iters: 2600, epoch: 4 | loss: 0.1027609
	speed: 0.0216s/iter; left time: 441.8567s
	iters: 2700, epoch: 4 | loss: 0.1195021
	speed: 0.0213s/iter; left time: 434.7369s
	iters: 2800, epoch: 4 | loss: 0.1187252
	speed: 0.0217s/iter; left time: 439.9061s
	iters: 2900, epoch: 4 | loss: 0.1237210
	speed: 0.0205s/iter; left time: 412.7112s
	iters: 3000, epoch: 4 | loss: 0.1068534
	speed: 0.0209s/iter; left time: 419.3203s
	iters: 3100, epoch: 4 | loss: 0.0958828
	speed: 0.0212s/iter; left time: 423.5230s
	iters: 3200, epoch: 4 | loss: 0.1210540
	speed: 0.0204s/iter; left time: 405.8966s
Epoch: 4 cost time: 64.70123100280762
Epoch: 4, Steps: 3295 | Train Loss: 0.1074083 Vali Loss: 0.2518208 Test Loss: 0.2486924
EarlyStopping counter: 3 out of 3
Early stopping
>>>>>>>testing : long_term_forecast_LBext_ercot_iTransformer_2880_s2021_iTransformer_custom_ftM_sl2880_ll48_pl96_dm128_nh8_el2_dl1_df128_expand2_dc4_fc3_ebtimeF_dtTrue_Exp_0<<<<<<<<<<<<<<<<<<<<<<<<<<<<<<<<<
test 30879
test shape: (30879, 96, 8) (30879, 96, 8)
test shape: (30879, 96, 8) (30879, 96, 8)
mse:0.2257910966873169, mae:0.33854836225509644, dtw:Not calculated
