Using GPU
Args in experiment:
[1mBasic Config[0m
  Task Name:          long_term_forecast  Is Training:        1                   
  Model ID:           LBext_ercot_iTransformer_720_s2022Model:              iTransformer        

[1mData Loader[0m
  Data:               custom              Root Path:          ./dataset/ercot/    
  Data Path:          ercot.csv           Features:           M                   
  Target:             OT                  Freq:               h                   
  Checkpoints:        ./checkpoints/      

[1mForecasting Task[0m
  Seq Len:            720                 Label Len:          48                  
  Pred Len:           96                  Seasonal Patterns:  Monthly             
  Inverse:            0                   

[1mModel Parameters[0m
  Top k:              5                   Num Kernels:        6                   
  Enc In:             8                   Dec In:             8                   
  C Out:              8                   d model:            128                 
  n heads:            8                   e layers:           2                   
  d layers:           1                   d FF:               128                 
  Moving Avg:         25                  Factor:             3                   
  Distil:             1                   Dropout:            0.1                 
  Embed:              timeF               Activation:         gelu                

[1mRun Parameters[0m
  Num Workers:        4                   Itr:                1                   
  Train Epochs:       10                  Batch Size:         32                  
  Patience:           3                   Learning Rate:      0.0001              
  Des:                Exp                 Loss:               MSE                 
  Lradj:              type1               Use Amp:            0                   

[1mGPU[0m
  Use GPU:            1                   GPU:                0                   
  Use Multi GPU:      0                   Devices:            0,1,2,3             

[1mDe-stationary Projector Params[0m
  P Hidden Dims:      128, 128            P Hidden Layers:    2                   

Use GPU: cuda:0
🚀 Lazy Loading: iTransformer ...
>>>>>>>start training : long_term_forecast_LBext_ercot_iTransformer_720_s2022_iTransformer_custom_ftM_sl720_ll48_pl96_dm128_nh8_el2_dl1_df128_expand2_dc4_fc3_ebtimeF_dtTrue_Exp_0>>>>>>>>>>>>>>>>>>>>>>>>>>
train window subsample: keep 105435/107595 windows (max_train_windows=105435)
train 105435
val 15393
test 30879
	iters: 100, epoch: 1 | loss: 0.2287128
	speed: 0.0423s/iter; left time: 1391.1817s
	iters: 200, epoch: 1 | loss: 0.1970657
	speed: 0.0126s/iter; left time: 411.7870s
	iters: 300, epoch: 1 | loss: 0.2051253
	speed: 0.0125s/iter; left time: 409.3338s
	iters: 400, epoch: 1 | loss: 0.1685722
	speed: 0.0126s/iter; left time: 410.5197s
	iters: 500, epoch: 1 | loss: 0.1922225
	speed: 0.0124s/iter; left time: 401.5160s
	iters: 600, epoch: 1 | loss: 0.1474547
	speed: 0.0124s/iter; left time: 402.0440s
	iters: 700, epoch: 1 | loss: 0.1335834
	speed: 0.0124s/iter; left time: 400.7604s
	iters: 800, epoch: 1 | loss: 0.1455434
	speed: 0.0125s/iter; left time: 400.5920s
	iters: 900, epoch: 1 | loss: 0.1954452
	speed: 0.0122s/iter; left time: 392.5583s
	iters: 1000, epoch: 1 | loss: 0.1756045
	speed: 0.0121s/iter; left time: 387.2306s
	iters: 1100, epoch: 1 | loss: 0.1747343
	speed: 0.0120s/iter; left time: 383.6662s
	iters: 1200, epoch: 1 | loss: 0.2405729
	speed: 0.0126s/iter; left time: 401.1344s
	iters: 1300, epoch: 1 | loss: 0.1840343
	speed: 0.0129s/iter; left time: 408.0511s
	iters: 1400, epoch: 1 | loss: 0.1737554
	speed: 0.0127s/iter; left time: 401.7909s
	iters: 1500, epoch: 1 | loss: 0.1455163
	speed: 0.0124s/iter; left time: 388.6252s
	iters: 1600, epoch: 1 | loss: 0.1793798
	speed: 0.0129s/iter; left time: 404.6070s
	iters: 1700, epoch: 1 | loss: 0.1379395
	speed: 0.0121s/iter; left time: 378.8046s
	iters: 1800, epoch: 1 | loss: 0.1574091
	speed: 0.0131s/iter; left time: 407.2792s
	iters: 1900, epoch: 1 | loss: 0.1599945
	speed: 0.0130s/iter; left time: 402.9005s
	iters: 2000, epoch: 1 | loss: 0.3043528
	speed: 0.0128s/iter; left time: 395.4012s
	iters: 2100, epoch: 1 | loss: 0.1770727
	speed: 0.0126s/iter; left time: 388.2010s
	iters: 2200, epoch: 1 | loss: 0.1599119
	speed: 0.0127s/iter; left time: 390.0619s
	iters: 2300, epoch: 1 | loss: 0.1415916
	speed: 0.0125s/iter; left time: 382.4136s
	iters: 2400, epoch: 1 | loss: 0.1585673
	speed: 0.0128s/iter; left time: 391.8853s
	iters: 2500, epoch: 1 | loss: 0.1621430
	speed: 0.0126s/iter; left time: 383.8616s
	iters: 2600, epoch: 1 | loss: 0.1745132
	speed: 0.0128s/iter; left time: 389.1433s
	iters: 2700, epoch: 1 | loss: 0.1331493
	speed: 0.0122s/iter; left time: 370.0261s
	iters: 2800, epoch: 1 | loss: 0.2124851
	speed: 0.0128s/iter; left time: 384.5588s
	iters: 2900, epoch: 1 | loss: 0.1576114
	speed: 0.0122s/iter; left time: 367.1782s
	iters: 3000, epoch: 1 | loss: 0.1370063
	speed: 0.0127s/iter; left time: 381.4203s
	iters: 3100, epoch: 1 | loss: 0.1687539
	speed: 0.0127s/iter; left time: 379.6867s
	iters: 3200, epoch: 1 | loss: 0.1251558
	speed: 0.0134s/iter; left time: 398.1032s
Epoch: 1 cost time: 42.48216462135315
Epoch: 1, Steps: 3295 | Train Loss: 0.1779112 Vali Loss: 0.2104229 Test Loss: 0.2179406
Validation loss decreased (inf --> 0.210423).  Saving model ...
Updating learning rate to 0.0001
	iters: 100, epoch: 2 | loss: 0.1414835
	speed: 0.1425s/iter; left time: 4211.7588s
	iters: 200, epoch: 2 | loss: 0.1389968
	speed: 0.0126s/iter; left time: 371.3534s
	iters: 300, epoch: 2 | loss: 0.1496092
	speed: 0.0127s/iter; left time: 371.8598s
	iters: 400, epoch: 2 | loss: 0.1452013
	speed: 0.0129s/iter; left time: 376.8120s
	iters: 500, epoch: 2 | loss: 0.1850180
	speed: 0.0131s/iter; left time: 382.4342s
	iters: 600, epoch: 2 | loss: 0.1808748
	speed: 0.0128s/iter; left time: 372.3633s
	iters: 700, epoch: 2 | loss: 0.1367754
	speed: 0.0131s/iter; left time: 378.4851s
	iters: 800, epoch: 2 | loss: 0.1523783
	speed: 0.0126s/iter; left time: 364.3557s
	iters: 900, epoch: 2 | loss: 0.1579569
	speed: 0.0127s/iter; left time: 364.2535s
	iters: 1000, epoch: 2 | loss: 0.1153262
	speed: 0.0130s/iter; left time: 371.8090s
	iters: 1100, epoch: 2 | loss: 0.1022333
	speed: 0.0127s/iter; left time: 362.1182s
	iters: 1200, epoch: 2 | loss: 0.1538444
	speed: 0.0125s/iter; left time: 356.6206s
	iters: 1300, epoch: 2 | loss: 0.1509783
	speed: 0.0126s/iter; left time: 357.5445s
	iters: 1400, epoch: 2 | loss: 0.1189296
	speed: 0.0125s/iter; left time: 351.9271s
	iters: 1500, epoch: 2 | loss: 0.1565906
	speed: 0.0127s/iter; left time: 357.6946s
	iters: 1600, epoch: 2 | loss: 0.1253559
	speed: 0.0131s/iter; left time: 368.0872s
	iters: 1700, epoch: 2 | loss: 0.1894234
	speed: 0.0132s/iter; left time: 369.2025s
	iters: 1800, epoch: 2 | loss: 0.1361189
	speed: 0.0133s/iter; left time: 371.2686s
	iters: 1900, epoch: 2 | loss: 0.1731788
	speed: 0.0131s/iter; left time: 362.4280s
	iters: 2000, epoch: 2 | loss: 0.1491571
	speed: 0.0129s/iter; left time: 357.4639s
	iters: 2100, epoch: 2 | loss: 0.1451018
	speed: 0.0130s/iter; left time: 357.7326s
	iters: 2200, epoch: 2 | loss: 0.2168019
	speed: 0.0131s/iter; left time: 359.5653s
	iters: 2300, epoch: 2 | loss: 0.1723905
	speed: 0.0134s/iter; left time: 366.2194s
	iters: 2400, epoch: 2 | loss: 0.1386611
	speed: 0.0130s/iter; left time: 353.5358s
	iters: 2500, epoch: 2 | loss: 0.1284017
	speed: 0.0131s/iter; left time: 354.7993s
	iters: 2600, epoch: 2 | loss: 0.1299029
	speed: 0.0129s/iter; left time: 349.2106s
	iters: 2700, epoch: 2 | loss: 0.1634323
	speed: 0.0133s/iter; left time: 358.0405s
	iters: 2800, epoch: 2 | loss: 0.1777091
	speed: 0.0126s/iter; left time: 337.9937s
	iters: 2900, epoch: 2 | loss: 0.1176065
	speed: 0.0128s/iter; left time: 342.1975s
	iters: 3000, epoch: 2 | loss: 0.1278094
	speed: 0.0124s/iter; left time: 329.8520s
	iters: 3100, epoch: 2 | loss: 0.1616915
	speed: 0.0127s/iter; left time: 336.9527s
	iters: 3200, epoch: 2 | loss: 0.1761038
	speed: 0.0131s/iter; left time: 345.7675s
Epoch: 2 cost time: 42.72084355354309
Epoch: 2, Steps: 3295 | Train Loss: 0.1491631 Vali Loss: 0.2093408 Test Loss: 0.2177909
Validation loss decreased (0.210423 --> 0.209341).  Saving model ...
Updating learning rate to 5e-05
	iters: 100, epoch: 3 | loss: 0.1198297
	speed: 0.1405s/iter; left time: 3689.8630s
	iters: 200, epoch: 3 | loss: 0.1607475
	speed: 0.0132s/iter; left time: 344.7983s
	iters: 300, epoch: 3 | loss: 0.1038693
	speed: 0.0131s/iter; left time: 342.3216s
	iters: 400, epoch: 3 | loss: 0.1579545
	speed: 0.0134s/iter; left time: 346.7360s
	iters: 500, epoch: 3 | loss: 0.1195601
	speed: 0.0133s/iter; left time: 343.9726s
	iters: 600, epoch: 3 | loss: 0.1191657
	speed: 0.0134s/iter; left time: 345.6209s
	iters: 700, epoch: 3 | loss: 0.1342520
	speed: 0.0129s/iter; left time: 330.5671s
	iters: 800, epoch: 3 | loss: 0.1636265
	speed: 0.0128s/iter; left time: 327.6007s
	iters: 900, epoch: 3 | loss: 0.1205523
	speed: 0.0130s/iter; left time: 331.9755s
	iters: 1000, epoch: 3 | loss: 0.1113126
	speed: 0.0127s/iter; left time: 321.5671s
	iters: 1100, epoch: 3 | loss: 0.1241781
	speed: 0.0125s/iter; left time: 316.2126s
	iters: 1200, epoch: 3 | loss: 0.1510575
	speed: 0.0131s/iter; left time: 328.3737s
	iters: 1300, epoch: 3 | loss: 0.1597259
	speed: 0.0124s/iter; left time: 311.8787s
	iters: 1400, epoch: 3 | loss: 0.1313638
	speed: 0.0127s/iter; left time: 317.2094s
	iters: 1500, epoch: 3 | loss: 0.0992537
	speed: 0.0128s/iter; left time: 317.2315s
	iters: 1600, epoch: 3 | loss: 0.1178385
	speed: 0.0131s/iter; left time: 325.0075s
	iters: 1700, epoch: 3 | loss: 0.1070495
	speed: 0.0126s/iter; left time: 311.0463s
	iters: 1800, epoch: 3 | loss: 0.1634073
	speed: 0.0124s/iter; left time: 305.0999s
	iters: 1900, epoch: 3 | loss: 0.1798878
	speed: 0.0124s/iter; left time: 303.6933s
	iters: 2000, epoch: 3 | loss: 0.1308171
	speed: 0.0128s/iter; left time: 312.7767s
	iters: 2100, epoch: 3 | loss: 0.1365851
	speed: 0.0128s/iter; left time: 309.9575s
	iters: 2200, epoch: 3 | loss: 0.1210377
	speed: 0.0126s/iter; left time: 304.6027s
	iters: 2300, epoch: 3 | loss: 0.1119501
	speed: 0.0133s/iter; left time: 318.8686s
	iters: 2400, epoch: 3 | loss: 0.1353531
	speed: 0.0132s/iter; left time: 315.6205s
	iters: 2500, epoch: 3 | loss: 0.1133158
	speed: 0.0133s/iter; left time: 317.2266s
	iters: 2600, epoch: 3 | loss: 0.1369019
	speed: 0.0130s/iter; left time: 307.9053s
	iters: 2700, epoch: 3 | loss: 0.1175913
	speed: 0.0134s/iter; left time: 317.5233s
	iters: 2800, epoch: 3 | loss: 0.1573533
	speed: 0.0133s/iter; left time: 312.7093s
	iters: 2900, epoch: 3 | loss: 0.1305113
	speed: 0.0133s/iter; left time: 311.6629s
	iters: 3000, epoch: 3 | loss: 0.1588443
	speed: 0.0129s/iter; left time: 301.7451s
	iters: 3100, epoch: 3 | loss: 0.1579352
	speed: 0.0133s/iter; left time: 310.3231s
	iters: 3200, epoch: 3 | loss: 0.1610468
	speed: 0.0131s/iter; left time: 302.4405s
Epoch: 3 cost time: 43.070266008377075
Epoch: 3, Steps: 3295 | Train Loss: 0.1383429 Vali Loss: 0.2148087 Test Loss: 0.2223716
EarlyStopping counter: 1 out of 3
Updating learning rate to 2.5e-05
	iters: 100, epoch: 4 | loss: 0.1312899
	speed: 0.1541s/iter; left time: 3537.9316s
	iters: 200, epoch: 4 | loss: 0.1321309
	speed: 0.0141s/iter; left time: 323.1205s
	iters: 300, epoch: 4 | loss: 0.1105896
	speed: 0.0142s/iter; left time: 323.3025s
	iters: 400, epoch: 4 | loss: 0.1401553
	speed: 0.0141s/iter; left time: 319.3936s
	iters: 500, epoch: 4 | loss: 0.1269336
	speed: 0.0147s/iter; left time: 331.2049s
	iters: 600, epoch: 4 | loss: 0.1176846
	speed: 0.0140s/iter; left time: 315.5720s
	iters: 700, epoch: 4 | loss: 0.1095052
	speed: 0.0143s/iter; left time: 319.6661s
	iters: 800, epoch: 4 | loss: 0.1316128
	speed: 0.0143s/iter; left time: 318.5424s
	iters: 900, epoch: 4 | loss: 0.1077348
	speed: 0.0140s/iter; left time: 311.2590s
	iters: 1000, epoch: 4 | loss: 0.0994583
	speed: 0.0140s/iter; left time: 308.8053s
	iters: 1100, epoch: 4 | loss: 0.1355099
	speed: 0.0138s/iter; left time: 302.3889s
	iters: 1200, epoch: 4 | loss: 0.1171751
	speed: 0.0140s/iter; left time: 305.4262s
	iters: 1300, epoch: 4 | loss: 0.1278285
	speed: 0.0142s/iter; left time: 308.1642s
	iters: 1400, epoch: 4 | loss: 0.1056782
	speed: 0.0143s/iter; left time: 309.4567s
	iters: 1500, epoch: 4 | loss: 0.1067823
	speed: 0.0137s/iter; left time: 294.6900s
	iters: 1600, epoch: 4 | loss: 0.1881420
	speed: 0.0144s/iter; left time: 308.3852s
	iters: 1700, epoch: 4 | loss: 0.1403583
	speed: 0.0137s/iter; left time: 291.8798s
	iters: 1800, epoch: 4 | loss: 0.1456868
	speed: 0.0136s/iter; left time: 288.6521s
	iters: 1900, epoch: 4 | loss: 0.1448141
	speed: 0.0134s/iter; left time: 284.3653s
	iters: 2000, epoch: 4 | loss: 0.1545219
	speed: 0.0134s/iter; left time: 282.5795s
	iters: 2100, epoch: 4 | loss: 0.1142058
	speed: 0.0134s/iter; left time: 280.2398s
	iters: 2200, epoch: 4 | loss: 0.1307980
	speed: 0.0134s/iter; left time: 279.2905s
	iters: 2300, epoch: 4 | loss: 0.1617656
	speed: 0.0134s/iter; left time: 278.3899s
	iters: 2400, epoch: 4 | loss: 0.1117949
	speed: 0.0132s/iter; left time: 273.4884s
	iters: 2500, epoch: 4 | loss: 0.1483607
	speed: 0.0135s/iter; left time: 276.7319s
	iters: 2600, epoch: 4 | loss: 0.1316657
	speed: 0.0140s/iter; left time: 285.9035s
	iters: 2700, epoch: 4 | loss: 0.1441291
	speed: 0.0140s/iter; left time: 284.7012s
	iters: 2800, epoch: 4 | loss: 0.1314704
	speed: 0.0137s/iter; left time: 277.5425s
	iters: 2900, epoch: 4 | loss: 0.1372720
	speed: 0.0135s/iter; left time: 273.2472s
	iters: 3000, epoch: 4 | loss: 0.1124232
	speed: 0.0133s/iter; left time: 266.5387s
	iters: 3100, epoch: 4 | loss: 0.1457069
	speed: 0.0137s/iter; left time: 273.3739s
	iters: 3200, epoch: 4 | loss: 0.1367112
	speed: 0.0135s/iter; left time: 269.1149s
Epoch: 4 cost time: 45.787179470062256
Epoch: 4, Steps: 3295 | Train Loss: 0.1332314 Vali Loss: 0.2150185 Test Loss: 0.2204266
EarlyStopping counter: 2 out of 3
Updating learning rate to 1.25e-05
	iters: 100, epoch: 5 | loss: 0.1110780
	speed: 0.1552s/iter; left time: 3052.6643s
	iters: 200, epoch: 5 | loss: 0.1256285
	speed: 0.0131s/iter; left time: 256.7499s
	iters: 300, epoch: 5 | loss: 0.1432425
	speed: 0.0134s/iter; left time: 261.0500s
	iters: 400, epoch: 5 | loss: 0.1054960
	speed: 0.0127s/iter; left time: 246.5127s
	iters: 500, epoch: 5 | loss: 0.1699110
	speed: 0.0136s/iter; left time: 261.9239s
	iters: 600, epoch: 5 | loss: 0.1208515
	speed: 0.0134s/iter; left time: 257.7271s
	iters: 700, epoch: 5 | loss: 0.1808016
	speed: 0.0134s/iter; left time: 255.7594s
	iters: 800, epoch: 5 | loss: 0.1231700
	speed: 0.0131s/iter; left time: 248.4072s
	iters: 900, epoch: 5 | loss: 0.1293061
	speed: 0.0133s/iter; left time: 251.6416s
	iters: 1000, epoch: 5 | loss: 0.1401300
	speed: 0.0134s/iter; left time: 252.3151s
	iters: 1100, epoch: 5 | loss: 0.1148043
	speed: 0.0137s/iter; left time: 255.1132s
	iters: 1200, epoch: 5 | loss: 0.1062663
	speed: 0.0134s/iter; left time: 249.4885s
	iters: 1300, epoch: 5 | loss: 0.1719326
	speed: 0.0137s/iter; left time: 252.7301s
	iters: 1400, epoch: 5 | loss: 0.1418417
	speed: 0.0138s/iter; left time: 252.9932s
	iters: 1500, epoch: 5 | loss: 0.1329276
	speed: 0.0134s/iter; left time: 244.3487s
	iters: 1600, epoch: 5 | loss: 0.1224103
	speed: 0.0138s/iter; left time: 249.9273s
	iters: 1700, epoch: 5 | loss: 0.1129618
	speed: 0.0134s/iter; left time: 242.5801s
	iters: 1800, epoch: 5 | loss: 0.1572493
	speed: 0.0139s/iter; left time: 248.9396s
	iters: 1900, epoch: 5 | loss: 0.1235669
	speed: 0.0133s/iter; left time: 236.8751s
	iters: 2000, epoch: 5 | loss: 0.1259135
	speed: 0.0133s/iter; left time: 237.2397s
	iters: 2100, epoch: 5 | loss: 0.1113928
	speed: 0.0125s/iter; left time: 220.8787s
	iters: 2200, epoch: 5 | loss: 0.1213574
	speed: 0.0131s/iter; left time: 230.6862s
	iters: 2300, epoch: 5 | loss: 0.1248986
	speed: 0.0131s/iter; left time: 228.4643s
	iters: 2400, epoch: 5 | loss: 0.1245497
	speed: 0.0130s/iter; left time: 226.4753s
	iters: 2500, epoch: 5 | loss: 0.1090965
	speed: 0.0133s/iter; left time: 229.0217s
	iters: 2600, epoch: 5 | loss: 0.1589098
	speed: 0.0127s/iter; left time: 218.5473s
	iters: 2700, epoch: 5 | loss: 0.1103532
	speed: 0.0125s/iter; left time: 213.8139s
	iters: 2800, epoch: 5 | loss: 0.1095712
	speed: 0.0133s/iter; left time: 226.3846s
	iters: 2900, epoch: 5 | loss: 0.1200033
	speed: 0.0130s/iter; left time: 220.1403s
	iters: 3000, epoch: 5 | loss: 0.1013254
	speed: 0.0128s/iter; left time: 215.2944s
	iters: 3100, epoch: 5 | loss: 0.1356398
	speed: 0.0130s/iter; left time: 216.0571s
	iters: 3200, epoch: 5 | loss: 0.1317034
	speed: 0.0129s/iter; left time: 213.9744s
Epoch: 5 cost time: 43.85136532783508
Epoch: 5, Steps: 3295 | Train Loss: 0.1305386 Vali Loss: 0.2139487 Test Loss: 0.2215173
EarlyStopping counter: 3 out of 3
Early stopping
>>>>>>>testing : long_term_forecast_LBext_ercot_iTransformer_720_s2022_iTransformer_custom_ftM_sl720_ll48_pl96_dm128_nh8_el2_dl1_df128_expand2_dc4_fc3_ebtimeF_dtTrue_Exp_0<<<<<<<<<<<<<<<<<<<<<<<<<<<<<<<<<
test 30879
test shape: (30879, 96, 8) (30879, 96, 8)
test shape: (30879, 96, 8) (30879, 96, 8)
mse:0.21779367327690125, mae:0.3273070156574249, dtw:Not calculated
