Using GPU
Args in experiment:
[1mBasic Config[0m
  Task Name:          long_term_forecast  Is Training:        1                   
  Model ID:           LBext_ercot_iTransformer_336_s2022Model:              iTransformer        

[1mData Loader[0m
  Data:               custom              Root Path:          ./dataset/ercot/    
  Data Path:          ercot.csv           Features:           M                   
  Target:             OT                  Freq:               h                   
  Checkpoints:        ./checkpoints/      

[1mForecasting Task[0m
  Seq Len:            336                 Label Len:          48                  
  Pred Len:           96                  Seasonal Patterns:  Monthly             
  Inverse:            0                   

[1mModel Parameters[0m
  Top k:              5                   Num Kernels:        6                   
  Enc In:             8                   Dec In:             8                   
  C Out:              8                   d model:            128                 
  n heads:            8                   e layers:           2                   
  d layers:           1                   d FF:               128                 
  Moving Avg:         25                  Factor:             3                   
  Distil:             1                   Dropout:            0.1                 
  Embed:              timeF               Activation:         gelu                

[1mRun Parameters[0m
  Num Workers:        4                   Itr:                1                   
  Train Epochs:       10                  Batch Size:         32                  
  Patience:           3                   Learning Rate:      0.0001              
  Des:                Exp                 Loss:               MSE                 
  Lradj:              type1               Use Amp:            0                   

[1mGPU[0m
  Use GPU:            1                   GPU:                0                   
  Use Multi GPU:      0                   Devices:            0,1,2,3             

[1mDe-stationary Projector Params[0m
  P Hidden Dims:      128, 128            P Hidden Layers:    2                   

Use GPU: cuda:0
🚀 Lazy Loading: iTransformer ...
>>>>>>>start training : long_term_forecast_LBext_ercot_iTransformer_336_s2022_iTransformer_custom_ftM_sl336_ll48_pl96_dm128_nh8_el2_dl1_df128_expand2_dc4_fc3_ebtimeF_dtTrue_Exp_0>>>>>>>>>>>>>>>>>>>>>>>>>>
train window subsample: keep 105435/107979 windows (max_train_windows=105435)
train 105435
val 15393
test 30879
	iters: 100, epoch: 1 | loss: 0.3136343
	speed: 0.0395s/iter; left time: 1296.6116s
	iters: 200, epoch: 1 | loss: 0.1987621
	speed: 0.0124s/iter; left time: 406.3059s
	iters: 300, epoch: 1 | loss: 0.1891290
	speed: 0.0116s/iter; left time: 377.2170s
	iters: 400, epoch: 1 | loss: 0.1730576
	speed: 0.0116s/iter; left time: 376.7264s
	iters: 500, epoch: 1 | loss: 0.1693043
	speed: 0.0121s/iter; left time: 392.3037s
	iters: 600, epoch: 1 | loss: 0.1709214
	speed: 0.0119s/iter; left time: 383.9554s
	iters: 700, epoch: 1 | loss: 0.1565364
	speed: 0.0125s/iter; left time: 403.1872s
	iters: 800, epoch: 1 | loss: 0.1665566
	speed: 0.0123s/iter; left time: 393.8687s
	iters: 900, epoch: 1 | loss: 0.1751457
	speed: 0.0120s/iter; left time: 384.4122s
	iters: 1000, epoch: 1 | loss: 0.1956186
	speed: 0.0123s/iter; left time: 394.3982s
	iters: 1100, epoch: 1 | loss: 0.1709112
	speed: 0.0125s/iter; left time: 398.5050s
	iters: 1200, epoch: 1 | loss: 0.1588957
	speed: 0.0118s/iter; left time: 374.9605s
	iters: 1300, epoch: 1 | loss: 0.1910600
	speed: 0.0122s/iter; left time: 384.9427s
	iters: 1400, epoch: 1 | loss: 0.1482773
	speed: 0.0117s/iter; left time: 369.7325s
	iters: 1500, epoch: 1 | loss: 0.1757538
	speed: 0.0119s/iter; left time: 375.7160s
	iters: 1600, epoch: 1 | loss: 0.1810081
	speed: 0.0121s/iter; left time: 380.2863s
	iters: 1700, epoch: 1 | loss: 0.1241121
	speed: 0.0120s/iter; left time: 375.5071s
	iters: 1800, epoch: 1 | loss: 0.1684970
	speed: 0.0121s/iter; left time: 377.5833s
	iters: 1900, epoch: 1 | loss: 0.1458379
	speed: 0.0118s/iter; left time: 367.3918s
	iters: 2000, epoch: 1 | loss: 0.1988092
	speed: 0.0122s/iter; left time: 376.2760s
	iters: 2100, epoch: 1 | loss: 0.1631562
	speed: 0.0116s/iter; left time: 358.8815s
	iters: 2200, epoch: 1 | loss: 0.1795560
	speed: 0.0123s/iter; left time: 376.7405s
	iters: 2300, epoch: 1 | loss: 0.1539829
	speed: 0.0119s/iter; left time: 364.4265s
	iters: 2400, epoch: 1 | loss: 0.1694291
	speed: 0.0116s/iter; left time: 355.6678s
	iters: 2500, epoch: 1 | loss: 0.1562358
	speed: 0.0124s/iter; left time: 376.1241s
	iters: 2600, epoch: 1 | loss: 0.1730072
	speed: 0.0120s/iter; left time: 364.2724s
	iters: 2700, epoch: 1 | loss: 0.1489244
	speed: 0.0117s/iter; left time: 353.8007s
	iters: 2800, epoch: 1 | loss: 0.1560361
	speed: 0.0113s/iter; left time: 341.1826s
	iters: 2900, epoch: 1 | loss: 0.1718807
	speed: 0.0118s/iter; left time: 353.4061s
	iters: 3000, epoch: 1 | loss: 0.2132196
	speed: 0.0118s/iter; left time: 353.6157s
	iters: 3100, epoch: 1 | loss: 0.1450855
	speed: 0.0119s/iter; left time: 354.3497s
	iters: 3200, epoch: 1 | loss: 0.2692813
	speed: 0.0125s/iter; left time: 373.0416s
Epoch: 1 cost time: 40.56916666030884
Epoch: 1, Steps: 3295 | Train Loss: 0.1796112 Vali Loss: 0.2074881 Test Loss: 0.2200794
Validation loss decreased (inf --> 0.207488).  Saving model ...
Updating learning rate to 0.0001
	iters: 100, epoch: 2 | loss: 0.2167802
	speed: 0.1226s/iter; left time: 3624.7387s
	iters: 200, epoch: 2 | loss: 0.1381796
	speed: 0.0121s/iter; left time: 356.8179s
	iters: 300, epoch: 2 | loss: 0.1460871
	speed: 0.0121s/iter; left time: 356.0155s
	iters: 400, epoch: 2 | loss: 0.2579935
	speed: 0.0120s/iter; left time: 350.3582s
	iters: 500, epoch: 2 | loss: 0.1318720
	speed: 0.0120s/iter; left time: 349.5988s
	iters: 600, epoch: 2 | loss: 0.1756208
	speed: 0.0114s/iter; left time: 331.2260s
	iters: 700, epoch: 2 | loss: 0.1329833
	speed: 0.0120s/iter; left time: 346.7283s
	iters: 800, epoch: 2 | loss: 0.2067858
	speed: 0.0120s/iter; left time: 347.5819s
	iters: 900, epoch: 2 | loss: 0.1487984
	speed: 0.0121s/iter; left time: 348.2260s
	iters: 1000, epoch: 2 | loss: 0.1507457
	speed: 0.0122s/iter; left time: 348.5268s
	iters: 1100, epoch: 2 | loss: 0.1822901
	speed: 0.0121s/iter; left time: 345.4734s
	iters: 1200, epoch: 2 | loss: 0.1388620
	speed: 0.0118s/iter; left time: 334.6493s
	iters: 1300, epoch: 2 | loss: 0.1541336
	speed: 0.0121s/iter; left time: 344.2663s
	iters: 1400, epoch: 2 | loss: 0.1531005
	speed: 0.0116s/iter; left time: 326.5148s
	iters: 1500, epoch: 2 | loss: 0.1726829
	speed: 0.0113s/iter; left time: 319.2372s
	iters: 1600, epoch: 2 | loss: 0.1482630
	speed: 0.0126s/iter; left time: 352.5067s
	iters: 1700, epoch: 2 | loss: 0.1706905
	speed: 0.0115s/iter; left time: 321.0135s
	iters: 1800, epoch: 2 | loss: 0.1345322
	speed: 0.0121s/iter; left time: 337.5424s
	iters: 1900, epoch: 2 | loss: 0.1376330
	speed: 0.0120s/iter; left time: 334.1317s
	iters: 2000, epoch: 2 | loss: 0.1421818
	speed: 0.0126s/iter; left time: 348.8256s
	iters: 2100, epoch: 2 | loss: 0.1373528
	speed: 0.0134s/iter; left time: 370.6164s
	iters: 2200, epoch: 2 | loss: 0.1884323
	speed: 0.0127s/iter; left time: 348.9142s
	iters: 2300, epoch: 2 | loss: 0.1912247
	speed: 0.0126s/iter; left time: 345.7861s
	iters: 2400, epoch: 2 | loss: 0.1162980
	speed: 0.0127s/iter; left time: 345.1831s
	iters: 2500, epoch: 2 | loss: 0.1352029
	speed: 0.0125s/iter; left time: 340.6137s
	iters: 2600, epoch: 2 | loss: 0.1329126
	speed: 0.0127s/iter; left time: 344.5803s
	iters: 2700, epoch: 2 | loss: 0.1501570
	speed: 0.0128s/iter; left time: 344.6920s
	iters: 2800, epoch: 2 | loss: 0.1819445
	speed: 0.0116s/iter; left time: 312.5081s
	iters: 2900, epoch: 2 | loss: 0.1439703
	speed: 0.0121s/iter; left time: 323.1048s
	iters: 3000, epoch: 2 | loss: 0.1284639
	speed: 0.0121s/iter; left time: 321.7572s
	iters: 3100, epoch: 2 | loss: 0.1288140
	speed: 0.0126s/iter; left time: 333.8150s
	iters: 3200, epoch: 2 | loss: 0.1672196
	speed: 0.0120s/iter; left time: 317.2641s
Epoch: 2 cost time: 40.44308590888977
Epoch: 2, Steps: 3295 | Train Loss: 0.1525528 Vali Loss: 0.2016553 Test Loss: 0.2141763
Validation loss decreased (0.207488 --> 0.201655).  Saving model ...
Updating learning rate to 5e-05
	iters: 100, epoch: 3 | loss: 0.1580138
	speed: 0.1245s/iter; left time: 3269.3446s
	iters: 200, epoch: 3 | loss: 0.1801583
	speed: 0.0119s/iter; left time: 312.3407s
	iters: 300, epoch: 3 | loss: 0.1142469
	speed: 0.0129s/iter; left time: 336.1276s
	iters: 400, epoch: 3 | loss: 0.1477555
	speed: 0.0121s/iter; left time: 314.6014s
	iters: 500, epoch: 3 | loss: 0.1608092
	speed: 0.0122s/iter; left time: 315.6406s
	iters: 600, epoch: 3 | loss: 0.1520263
	speed: 0.0121s/iter; left time: 312.4212s
	iters: 700, epoch: 3 | loss: 0.1646903
	speed: 0.0120s/iter; left time: 308.2067s
	iters: 800, epoch: 3 | loss: 0.1581540
	speed: 0.0116s/iter; left time: 296.6425s
	iters: 900, epoch: 3 | loss: 0.1439429
	speed: 0.0114s/iter; left time: 289.2709s
	iters: 1000, epoch: 3 | loss: 0.1506115
	speed: 0.0116s/iter; left time: 294.7195s
	iters: 1100, epoch: 3 | loss: 0.1323234
	speed: 0.0117s/iter; left time: 296.3108s
	iters: 1200, epoch: 3 | loss: 0.1303799
	speed: 0.0118s/iter; left time: 297.6562s
	iters: 1300, epoch: 3 | loss: 0.1494193
	speed: 0.0117s/iter; left time: 292.7216s
	iters: 1400, epoch: 3 | loss: 0.1116908
	speed: 0.0119s/iter; left time: 295.9736s
	iters: 1500, epoch: 3 | loss: 0.1126548
	speed: 0.0122s/iter; left time: 304.4917s
	iters: 1600, epoch: 3 | loss: 0.1810431
	speed: 0.0120s/iter; left time: 296.0354s
	iters: 1700, epoch: 3 | loss: 0.0987741
	speed: 0.0120s/iter; left time: 296.9093s
	iters: 1800, epoch: 3 | loss: 0.1222567
	speed: 0.0121s/iter; left time: 298.0361s
	iters: 1900, epoch: 3 | loss: 0.1449354
	speed: 0.0117s/iter; left time: 287.1954s
	iters: 2000, epoch: 3 | loss: 0.1289995
	speed: 0.0113s/iter; left time: 274.5838s
	iters: 2100, epoch: 3 | loss: 0.1153897
	speed: 0.0119s/iter; left time: 289.6761s
	iters: 2200, epoch: 3 | loss: 0.1508778
	speed: 0.0123s/iter; left time: 296.5356s
	iters: 2300, epoch: 3 | loss: 0.1357414
	speed: 0.0119s/iter; left time: 286.2445s
	iters: 2400, epoch: 3 | loss: 0.1396005
	speed: 0.0120s/iter; left time: 287.2190s
	iters: 2500, epoch: 3 | loss: 0.1241873
	speed: 0.0118s/iter; left time: 282.2573s
	iters: 2600, epoch: 3 | loss: 0.1262960
	speed: 0.0120s/iter; left time: 284.9615s
	iters: 2700, epoch: 3 | loss: 0.1504389
	speed: 0.0116s/iter; left time: 273.4322s
	iters: 2800, epoch: 3 | loss: 0.1102940
	speed: 0.0119s/iter; left time: 279.3293s
	iters: 2900, epoch: 3 | loss: 0.1491123
	speed: 0.0116s/iter; left time: 272.3798s
	iters: 3000, epoch: 3 | loss: 0.1282618
	speed: 0.0119s/iter; left time: 278.1446s
	iters: 3100, epoch: 3 | loss: 0.1202616
	speed: 0.0118s/iter; left time: 273.9379s
	iters: 3200, epoch: 3 | loss: 0.1253961
	speed: 0.0111s/iter; left time: 256.8814s
Epoch: 3 cost time: 39.37663698196411
Epoch: 3, Steps: 3295 | Train Loss: 0.1445378 Vali Loss: 0.1993125 Test Loss: 0.2119845
Validation loss decreased (0.201655 --> 0.199312).  Saving model ...
Updating learning rate to 2.5e-05
	iters: 100, epoch: 4 | loss: 0.1124330
	speed: 0.1154s/iter; left time: 2650.6485s
	iters: 200, epoch: 4 | loss: 0.1377521
	speed: 0.0117s/iter; left time: 268.2866s
	iters: 300, epoch: 4 | loss: 0.1383718
	speed: 0.0117s/iter; left time: 265.7395s
	iters: 400, epoch: 4 | loss: 0.1725066
	speed: 0.0112s/iter; left time: 252.8497s
	iters: 500, epoch: 4 | loss: 0.1402781
	speed: 0.0112s/iter; left time: 252.8824s
	iters: 600, epoch: 4 | loss: 0.1481657
	speed: 0.0115s/iter; left time: 259.3364s
	iters: 700, epoch: 4 | loss: 0.1523643
	speed: 0.0108s/iter; left time: 240.6465s
	iters: 800, epoch: 4 | loss: 0.1333665
	speed: 0.0115s/iter; left time: 257.1271s
	iters: 900, epoch: 4 | loss: 0.1325027
	speed: 0.0113s/iter; left time: 250.5457s
	iters: 1000, epoch: 4 | loss: 0.1258043
	speed: 0.0114s/iter; left time: 251.0439s
	iters: 1100, epoch: 4 | loss: 0.1392919
	speed: 0.0114s/iter; left time: 250.4162s
	iters: 1200, epoch: 4 | loss: 0.1717831
	speed: 0.0121s/iter; left time: 265.5719s
	iters: 1300, epoch: 4 | loss: 0.1357080
	speed: 0.0121s/iter; left time: 263.1886s
	iters: 1400, epoch: 4 | loss: 0.1455563
	speed: 0.0114s/iter; left time: 246.8261s
	iters: 1500, epoch: 4 | loss: 0.1328333
	speed: 0.0115s/iter; left time: 247.5339s
	iters: 1600, epoch: 4 | loss: 0.1344615
	speed: 0.0116s/iter; left time: 248.2276s
	iters: 1700, epoch: 4 | loss: 0.1443902
	speed: 0.0120s/iter; left time: 256.3522s
	iters: 1800, epoch: 4 | loss: 0.1772487
	speed: 0.0122s/iter; left time: 259.1024s
	iters: 1900, epoch: 4 | loss: 0.1181296
	speed: 0.0122s/iter; left time: 258.2563s
	iters: 2000, epoch: 4 | loss: 0.1056161
	speed: 0.0124s/iter; left time: 261.4278s
	iters: 2100, epoch: 4 | loss: 0.1694721
	speed: 0.0125s/iter; left time: 262.1370s
	iters: 2200, epoch: 4 | loss: 0.1395005
	speed: 0.0125s/iter; left time: 261.3433s
	iters: 2300, epoch: 4 | loss: 0.1192906
	speed: 0.0120s/iter; left time: 249.8504s
	iters: 2400, epoch: 4 | loss: 0.1312357
	speed: 0.0121s/iter; left time: 249.3539s
	iters: 2500, epoch: 4 | loss: 0.0930985
	speed: 0.0116s/iter; left time: 238.6597s
	iters: 2600, epoch: 4 | loss: 0.1073413
	speed: 0.0120s/iter; left time: 245.5175s
	iters: 2700, epoch: 4 | loss: 0.1682127
	speed: 0.0119s/iter; left time: 242.1794s
	iters: 2800, epoch: 4 | loss: 0.1830338
	speed: 0.0122s/iter; left time: 248.0163s
	iters: 2900, epoch: 4 | loss: 0.1904205
	speed: 0.0125s/iter; left time: 251.9449s
	iters: 3000, epoch: 4 | loss: 0.1162967
	speed: 0.0119s/iter; left time: 238.5484s
	iters: 3100, epoch: 4 | loss: 0.1329280
	speed: 0.0119s/iter; left time: 238.3341s
	iters: 3200, epoch: 4 | loss: 0.1422169
	speed: 0.0119s/iter; left time: 236.4496s
Epoch: 4 cost time: 39.11265325546265
Epoch: 4, Steps: 3295 | Train Loss: 0.1411260 Vali Loss: 0.2010280 Test Loss: 0.2144190
EarlyStopping counter: 1 out of 3
Updating learning rate to 1.25e-05
	iters: 100, epoch: 5 | loss: 0.2025815
	speed: 0.1252s/iter; left time: 2463.0885s
	iters: 200, epoch: 5 | loss: 0.1174041
	speed: 0.0122s/iter; left time: 237.9613s
	iters: 300, epoch: 5 | loss: 0.1206810
	speed: 0.0119s/iter; left time: 230.7422s
	iters: 400, epoch: 5 | loss: 0.1311258
	speed: 0.0129s/iter; left time: 250.4111s
	iters: 500, epoch: 5 | loss: 0.1081318
	speed: 0.0123s/iter; left time: 237.1473s
	iters: 600, epoch: 5 | loss: 0.1176026
	speed: 0.0124s/iter; left time: 237.1997s
	iters: 700, epoch: 5 | loss: 0.1523239
	speed: 0.0124s/iter; left time: 236.2249s
	iters: 800, epoch: 5 | loss: 0.1591564
	speed: 0.0121s/iter; left time: 229.0873s
	iters: 900, epoch: 5 | loss: 0.1352679
	speed: 0.0126s/iter; left time: 237.6134s
	iters: 1000, epoch: 5 | loss: 0.1549704
	speed: 0.0123s/iter; left time: 231.0431s
	iters: 1100, epoch: 5 | loss: 0.1295827
	speed: 0.0127s/iter; left time: 236.8390s
	iters: 1200, epoch: 5 | loss: 0.1266298
	speed: 0.0129s/iter; left time: 238.8923s
	iters: 1300, epoch: 5 | loss: 0.1727993
	speed: 0.0126s/iter; left time: 232.2685s
	iters: 1400, epoch: 5 | loss: 0.1389644
	speed: 0.0125s/iter; left time: 230.0160s
	iters: 1500, epoch: 5 | loss: 0.1241022
	speed: 0.0128s/iter; left time: 234.2664s
	iters: 1600, epoch: 5 | loss: 0.1380865
	speed: 0.0127s/iter; left time: 230.0541s
	iters: 1700, epoch: 5 | loss: 0.1253096
	speed: 0.0123s/iter; left time: 221.4225s
	iters: 1800, epoch: 5 | loss: 0.1262768
	speed: 0.0125s/iter; left time: 225.3152s
	iters: 1900, epoch: 5 | loss: 0.1417030
	speed: 0.0126s/iter; left time: 224.3095s
	iters: 2000, epoch: 5 | loss: 0.1223812
	speed: 0.0125s/iter; left time: 221.7980s
	iters: 2100, epoch: 5 | loss: 0.1300414
	speed: 0.0122s/iter; left time: 215.5738s
	iters: 2200, epoch: 5 | loss: 0.1107356
	speed: 0.0121s/iter; left time: 213.0248s
	iters: 2300, epoch: 5 | loss: 0.1410775
	speed: 0.0122s/iter; left time: 213.2114s
	iters: 2400, epoch: 5 | loss: 0.1616252
	speed: 0.0126s/iter; left time: 218.5367s
	iters: 2500, epoch: 5 | loss: 0.1384514
	speed: 0.0126s/iter; left time: 217.1614s
	iters: 2600, epoch: 5 | loss: 0.1555569
	speed: 0.0124s/iter; left time: 213.6777s
	iters: 2700, epoch: 5 | loss: 0.1238803
	speed: 0.0125s/iter; left time: 213.3628s
	iters: 2800, epoch: 5 | loss: 0.1373459
	speed: 0.0129s/iter; left time: 219.0006s
	iters: 2900, epoch: 5 | loss: 0.1590642
	speed: 0.0129s/iter; left time: 218.1844s
	iters: 3000, epoch: 5 | loss: 0.1531181
	speed: 0.0126s/iter; left time: 211.3010s
	iters: 3100, epoch: 5 | loss: 0.1443234
	speed: 0.0129s/iter; left time: 214.6965s
	iters: 3200, epoch: 5 | loss: 0.1423817
	speed: 0.0127s/iter; left time: 209.8787s
Epoch: 5 cost time: 41.36555528640747
Epoch: 5, Steps: 3295 | Train Loss: 0.1395078 Vali Loss: 0.1974643 Test Loss: 0.2129163
Validation loss decreased (0.199312 --> 0.197464).  Saving model ...
Updating learning rate to 6.25e-06
	iters: 100, epoch: 6 | loss: 0.1375714
	speed: 0.1412s/iter; left time: 2312.6025s
	iters: 200, epoch: 6 | loss: 0.1506492
	speed: 0.0122s/iter; left time: 198.0604s
	iters: 300, epoch: 6 | loss: 0.1600918
	speed: 0.0126s/iter; left time: 204.3457s
	iters: 400, epoch: 6 | loss: 0.1264818
	speed: 0.0121s/iter; left time: 194.9883s
	iters: 500, epoch: 6 | loss: 0.1442025
	speed: 0.0126s/iter; left time: 200.9029s
	iters: 600, epoch: 6 | loss: 0.1449210
	speed: 0.0124s/iter; left time: 196.5960s
	iters: 700, epoch: 6 | loss: 0.1328488
	speed: 0.0126s/iter; left time: 198.3115s
	iters: 800, epoch: 6 | loss: 0.1405842
	speed: 0.0123s/iter; left time: 193.2191s
	iters: 900, epoch: 6 | loss: 0.1608990
	speed: 0.0126s/iter; left time: 196.7845s
	iters: 1000, epoch: 6 | loss: 0.1282678
	speed: 0.0125s/iter; left time: 192.9758s
	iters: 1100, epoch: 6 | loss: 0.1771015
	speed: 0.0121s/iter; left time: 186.5005s
	iters: 1200, epoch: 6 | loss: 0.1504155
	speed: 0.0125s/iter; left time: 190.4570s
	iters: 1300, epoch: 6 | loss: 0.1134170
	speed: 0.0127s/iter; left time: 192.1033s
	iters: 1400, epoch: 6 | loss: 0.1485599
	speed: 0.0127s/iter; left time: 191.9047s
	iters: 1500, epoch: 6 | loss: 0.1812416
	speed: 0.0123s/iter; left time: 184.2664s
	iters: 1600, epoch: 6 | loss: 0.1331516
	speed: 0.0124s/iter; left time: 185.1054s
	iters: 1700, epoch: 6 | loss: 0.1446626
	speed: 0.0123s/iter; left time: 182.2594s
	iters: 1800, epoch: 6 | loss: 0.1786317
	speed: 0.0125s/iter; left time: 183.2181s
	iters: 1900, epoch: 6 | loss: 0.1693923
	speed: 0.0121s/iter; left time: 176.4035s
	iters: 2000, epoch: 6 | loss: 0.1397520
	speed: 0.0123s/iter; left time: 177.7195s
	iters: 2100, epoch: 6 | loss: 0.1174589
	speed: 0.0124s/iter; left time: 177.5581s
	iters: 2200, epoch: 6 | loss: 0.1570192
	speed: 0.0129s/iter; left time: 184.5592s
	iters: 2300, epoch: 6 | loss: 0.1281595
	speed: 0.0124s/iter; left time: 175.6691s
	iters: 2400, epoch: 6 | loss: 0.1298628
	speed: 0.0129s/iter; left time: 181.3399s
	iters: 2500, epoch: 6 | loss: 0.1316850
	speed: 0.0125s/iter; left time: 174.7620s
	iters: 2600, epoch: 6 | loss: 0.1845670
	speed: 0.0123s/iter; left time: 171.0629s
	iters: 2700, epoch: 6 | loss: 0.1690159
	speed: 0.0126s/iter; left time: 173.4610s
	iters: 2800, epoch: 6 | loss: 0.1424354
	speed: 0.0124s/iter; left time: 169.5287s
	iters: 2900, epoch: 6 | loss: 0.1047951
	speed: 0.0125s/iter; left time: 169.0256s
	iters: 3000, epoch: 6 | loss: 0.1679161
	speed: 0.0123s/iter; left time: 165.9189s
	iters: 3100, epoch: 6 | loss: 0.1266880
	speed: 0.0126s/iter; left time: 169.0541s
	iters: 3200, epoch: 6 | loss: 0.1562408
	speed: 0.0124s/iter; left time: 164.0193s
Epoch: 6 cost time: 41.246246337890625
Epoch: 6, Steps: 3295 | Train Loss: 0.1386995 Vali Loss: 0.1978926 Test Loss: 0.2134903
EarlyStopping counter: 1 out of 3
Updating learning rate to 3.125e-06
	iters: 100, epoch: 7 | loss: 0.1367717
	speed: 0.1395s/iter; left time: 1824.8124s
	iters: 200, epoch: 7 | loss: 0.1350434
	speed: 0.0120s/iter; left time: 156.3813s
	iters: 300, epoch: 7 | loss: 0.1525642
	speed: 0.0126s/iter; left time: 161.9009s
	iters: 400, epoch: 7 | loss: 0.1163857
	speed: 0.0126s/iter; left time: 161.4146s
	iters: 500, epoch: 7 | loss: 0.1099375
	speed: 0.0129s/iter; left time: 163.1776s
	iters: 600, epoch: 7 | loss: 0.1250493
	speed: 0.0126s/iter; left time: 158.3591s
	iters: 700, epoch: 7 | loss: 0.0951123
	speed: 0.0125s/iter; left time: 156.0081s
	iters: 800, epoch: 7 | loss: 0.1297883
	speed: 0.0124s/iter; left time: 153.9390s
	iters: 900, epoch: 7 | loss: 0.1295821
	speed: 0.0115s/iter; left time: 141.7234s
	iters: 1000, epoch: 7 | loss: 0.0950369
	speed: 0.0124s/iter; left time: 151.5917s
	iters: 1100, epoch: 7 | loss: 0.1308592
	speed: 0.0125s/iter; left time: 150.4958s
	iters: 1200, epoch: 7 | loss: 0.1399497
	speed: 0.0125s/iter; left time: 149.3227s
	iters: 1300, epoch: 7 | loss: 0.1647315
	speed: 0.0125s/iter; left time: 148.8114s
	iters: 1400, epoch: 7 | loss: 0.1360978
	speed: 0.0130s/iter; left time: 152.9405s
	iters: 1500, epoch: 7 | loss: 0.1588124
	speed: 0.0126s/iter; left time: 147.0467s
	iters: 1600, epoch: 7 | loss: 0.1254246
	speed: 0.0130s/iter; left time: 150.1778s
	iters: 1700, epoch: 7 | loss: 0.1352592
	speed: 0.0126s/iter; left time: 144.9394s
	iters: 1800, epoch: 7 | loss: 0.1434791
	speed: 0.0126s/iter; left time: 143.4084s
	iters: 1900, epoch: 7 | loss: 0.1438258
	speed: 0.0122s/iter; left time: 137.4798s
	iters: 2000, epoch: 7 | loss: 0.1587168
	speed: 0.0123s/iter; left time: 137.8463s
	iters: 2100, epoch: 7 | loss: 0.1613127
	speed: 0.0124s/iter; left time: 137.1508s
	iters: 2200, epoch: 7 | loss: 0.1321757
	speed: 0.0124s/iter; left time: 135.9730s
	iters: 2300, epoch: 7 | loss: 0.1129891
	speed: 0.0131s/iter; left time: 142.0567s
	iters: 2400, epoch: 7 | loss: 0.1364342
	speed: 0.0126s/iter; left time: 135.6250s
	iters: 2500, epoch: 7 | loss: 0.1375250
	speed: 0.0122s/iter; left time: 130.7491s
	iters: 2600, epoch: 7 | loss: 0.1592607
	speed: 0.0126s/iter; left time: 133.6128s
	iters: 2700, epoch: 7 | loss: 0.1361793
	speed: 0.0125s/iter; left time: 131.1835s
	iters: 2800, epoch: 7 | loss: 0.2056612
	speed: 0.0122s/iter; left time: 126.5072s
	iters: 2900, epoch: 7 | loss: 0.1539229
	speed: 0.0130s/iter; left time: 133.5199s
	iters: 3000, epoch: 7 | loss: 0.1214155
	speed: 0.0122s/iter; left time: 124.0910s
	iters: 3100, epoch: 7 | loss: 0.1485332
	speed: 0.0121s/iter; left time: 121.5207s
	iters: 3200, epoch: 7 | loss: 0.1593063
	speed: 0.0126s/iter; left time: 126.1194s
Epoch: 7 cost time: 41.426228523254395
Epoch: 7, Steps: 3295 | Train Loss: 0.1382439 Vali Loss: 0.1979455 Test Loss: 0.2129863
EarlyStopping counter: 2 out of 3
Updating learning rate to 1.5625e-06
	iters: 100, epoch: 8 | loss: 0.1167400
	speed: 0.1305s/iter; left time: 1277.3250s
	iters: 200, epoch: 8 | loss: 0.1120110
	speed: 0.0135s/iter; left time: 130.8452s
	iters: 300, epoch: 8 | loss: 0.1084816
	speed: 0.0132s/iter; left time: 126.8958s
	iters: 400, epoch: 8 | loss: 0.1673918
	speed: 0.0132s/iter; left time: 124.8739s
	iters: 500, epoch: 8 | loss: 0.1461909
	speed: 0.0133s/iter; left time: 124.8440s
	iters: 600, epoch: 8 | loss: 0.1448407
	speed: 0.0139s/iter; left time: 129.2481s
	iters: 700, epoch: 8 | loss: 0.1567213
	speed: 0.0133s/iter; left time: 122.1088s
	iters: 800, epoch: 8 | loss: 0.1313011
	speed: 0.0131s/iter; left time: 118.7865s
	iters: 900, epoch: 8 | loss: 0.1312481
	speed: 0.0129s/iter; left time: 115.5066s
	iters: 1000, epoch: 8 | loss: 0.1230158
	speed: 0.0134s/iter; left time: 118.6745s
	iters: 1100, epoch: 8 | loss: 0.1470755
	speed: 0.0131s/iter; left time: 115.0204s
	iters: 1200, epoch: 8 | loss: 0.1226802
	speed: 0.0131s/iter; left time: 113.9247s
	iters: 1300, epoch: 8 | loss: 0.1181748
	speed: 0.0131s/iter; left time: 112.3853s
	iters: 1400, epoch: 8 | loss: 0.1530523
	speed: 0.0137s/iter; left time: 116.5343s
	iters: 1500, epoch: 8 | loss: 0.1635012
	speed: 0.0124s/iter; left time: 103.7364s
	iters: 1600, epoch: 8 | loss: 0.1381864
	speed: 0.0128s/iter; left time: 105.8512s
	iters: 1700, epoch: 8 | loss: 0.1556935
	speed: 0.0132s/iter; left time: 107.9112s
	iters: 1800, epoch: 8 | loss: 0.1337497
	speed: 0.0130s/iter; left time: 104.9450s
	iters: 1900, epoch: 8 | loss: 0.1526447
	speed: 0.0127s/iter; left time: 101.4477s
	iters: 2000, epoch: 8 | loss: 0.1358971
	speed: 0.0128s/iter; left time: 101.1545s
	iters: 2100, epoch: 8 | loss: 0.1063826
	speed: 0.0126s/iter; left time: 97.8993s
	iters: 2200, epoch: 8 | loss: 0.1279447
	speed: 0.0125s/iter; left time: 95.8845s
	iters: 2300, epoch: 8 | loss: 0.1308267
	speed: 0.0127s/iter; left time: 96.1517s
	iters: 2400, epoch: 8 | loss: 0.1217803
	speed: 0.0125s/iter; left time: 93.4758s
	iters: 2500, epoch: 8 | loss: 0.1967100
	speed: 0.0123s/iter; left time: 90.8912s
	iters: 2600, epoch: 8 | loss: 0.1505706
	speed: 0.0125s/iter; left time: 91.2141s
	iters: 2700, epoch: 8 | loss: 0.1218729
	speed: 0.0128s/iter; left time: 92.2434s
	iters: 2800, epoch: 8 | loss: 0.1197796
	speed: 0.0125s/iter; left time: 88.3700s
	iters: 2900, epoch: 8 | loss: 0.1825939
	speed: 0.0123s/iter; left time: 86.2097s
	iters: 3000, epoch: 8 | loss: 0.1746777
	speed: 0.0123s/iter; left time: 84.8907s
	iters: 3100, epoch: 8 | loss: 0.1446163
	speed: 0.0121s/iter; left time: 82.2577s
	iters: 3200, epoch: 8 | loss: 0.1615153
	speed: 0.0121s/iter; left time: 80.8765s
Epoch: 8 cost time: 42.606873750686646
Epoch: 8, Steps: 3295 | Train Loss: 0.1381004 Vali Loss: 0.1971664 Test Loss: 0.2131447
Validation loss decreased (0.197464 --> 0.197166).  Saving model ...
Updating learning rate to 7.8125e-07
	iters: 100, epoch: 9 | loss: 0.1385155
	speed: 0.1415s/iter; left time: 918.3445s
	iters: 200, epoch: 9 | loss: 0.1143041
	speed: 0.0129s/iter; left time: 82.2042s
	iters: 300, epoch: 9 | loss: 0.1155490
	speed: 0.0129s/iter; left time: 81.2298s
	iters: 400, epoch: 9 | loss: 0.0965355
	speed: 0.0124s/iter; left time: 76.7974s
	iters: 500, epoch: 9 | loss: 0.1043911
	speed: 0.0127s/iter; left time: 77.4053s
	iters: 600, epoch: 9 | loss: 0.1324973
	speed: 0.0124s/iter; left time: 74.4669s
	iters: 700, epoch: 9 | loss: 0.1228896
	speed: 0.0124s/iter; left time: 73.1865s
	iters: 800, epoch: 9 | loss: 0.1932111
	speed: 0.0120s/iter; left time: 69.3121s
	iters: 900, epoch: 9 | loss: 0.1395828
	speed: 0.0122s/iter; left time: 69.6512s
	iters: 1000, epoch: 9 | loss: 0.1706887
	speed: 0.0126s/iter; left time: 70.2378s
	iters: 1100, epoch: 9 | loss: 0.1359228
	speed: 0.0130s/iter; left time: 71.4074s
	iters: 1200, epoch: 9 | loss: 0.1612519
	speed: 0.0120s/iter; left time: 64.8906s
	iters: 1300, epoch: 9 | loss: 0.1107579
	speed: 0.0125s/iter; left time: 66.1387s
	iters: 1400, epoch: 9 | loss: 0.1164591
	speed: 0.0124s/iter; left time: 64.5810s
	iters: 1500, epoch: 9 | loss: 0.0896659
	speed: 0.0124s/iter; left time: 63.0884s
	iters: 1600, epoch: 9 | loss: 0.1289447
	speed: 0.0124s/iter; left time: 61.6645s
	iters: 1700, epoch: 9 | loss: 0.1581130
	speed: 0.0119s/iter; left time: 57.9749s
	iters: 1800, epoch: 9 | loss: 0.1228853
	speed: 0.0124s/iter; left time: 59.3078s
	iters: 1900, epoch: 9 | loss: 0.1291851
	speed: 0.0124s/iter; left time: 58.1938s
	iters: 2000, epoch: 9 | loss: 0.1187398
	speed: 0.0126s/iter; left time: 57.7540s
	iters: 2100, epoch: 9 | loss: 0.1393927
	speed: 0.0121s/iter; left time: 54.2519s
	iters: 2200, epoch: 9 | loss: 0.1737246
	speed: 0.0124s/iter; left time: 54.5309s
	iters: 2300, epoch: 9 | loss: 0.1240638
	speed: 0.0126s/iter; left time: 53.9050s
	iters: 2400, epoch: 9 | loss: 0.1341462
	speed: 0.0121s/iter; left time: 50.7203s
	iters: 2500, epoch: 9 | loss: 0.1493790
	speed: 0.0117s/iter; left time: 47.7130s
	iters: 2600, epoch: 9 | loss: 0.1331409
	speed: 0.0121s/iter; left time: 48.1696s
	iters: 2700, epoch: 9 | loss: 0.1609493
	speed: 0.0121s/iter; left time: 47.1261s
	iters: 2800, epoch: 9 | loss: 0.1372602
	speed: 0.0119s/iter; left time: 45.1768s
	iters: 2900, epoch: 9 | loss: 0.1236912
	speed: 0.0123s/iter; left time: 45.4644s
	iters: 3000, epoch: 9 | loss: 0.1248846
	speed: 0.0123s/iter; left time: 44.0484s
	iters: 3100, epoch: 9 | loss: 0.1221759
	speed: 0.0122s/iter; left time: 42.5511s
	iters: 3200, epoch: 9 | loss: 0.0951807
	speed: 0.0125s/iter; left time: 42.2890s
Epoch: 9 cost time: 40.94196081161499
Epoch: 9, Steps: 3295 | Train Loss: 0.1379243 Vali Loss: 0.1973598 Test Loss: 0.2132112
EarlyStopping counter: 1 out of 3
Updating learning rate to 3.90625e-07
	iters: 100, epoch: 10 | loss: 0.1334870
	speed: 0.1226s/iter; left time: 391.8949s
	iters: 200, epoch: 10 | loss: 0.1335217
	speed: 0.0118s/iter; left time: 36.5487s
	iters: 300, epoch: 10 | loss: 0.1216436
	speed: 0.0120s/iter; left time: 35.9374s
	iters: 400, epoch: 10 | loss: 0.1177004
	speed: 0.0118s/iter; left time: 34.0620s
	iters: 500, epoch: 10 | loss: 0.1012883
	speed: 0.0116s/iter; left time: 32.4748s
	iters: 600, epoch: 10 | loss: 0.1423249
	speed: 0.0116s/iter; left time: 31.2796s
	iters: 700, epoch: 10 | loss: 0.1315313
	speed: 0.0121s/iter; left time: 31.3979s
	iters: 800, epoch: 10 | loss: 0.1326495
	speed: 0.0121s/iter; left time: 30.2786s
	iters: 900, epoch: 10 | loss: 0.1564086
	speed: 0.0122s/iter; left time: 29.3300s
	iters: 1000, epoch: 10 | loss: 0.1444463
	speed: 0.0121s/iter; left time: 27.7055s
	iters: 1100, epoch: 10 | loss: 0.1171754
	speed: 0.0118s/iter; left time: 25.8709s
	iters: 1200, epoch: 10 | loss: 0.1229843
	speed: 0.0120s/iter; left time: 25.2174s
	iters: 1300, epoch: 10 | loss: 0.1293405
	speed: 0.0118s/iter; left time: 23.6186s
	iters: 1400, epoch: 10 | loss: 0.1277089
	speed: 0.0116s/iter; left time: 22.0417s
	iters: 1500, epoch: 10 | loss: 0.1992188
	speed: 0.0119s/iter; left time: 21.3304s
	iters: 1600, epoch: 10 | loss: 0.1029984
	speed: 0.0117s/iter; left time: 19.8675s
	iters: 1700, epoch: 10 | loss: 0.1498867
	speed: 0.0121s/iter; left time: 19.3866s
	iters: 1800, epoch: 10 | loss: 0.1616760
	speed: 0.0118s/iter; left time: 17.6843s
	iters: 1900, epoch: 10 | loss: 0.1553048
	speed: 0.0120s/iter; left time: 16.7785s
	iters: 2000, epoch: 10 | loss: 0.1489155
	speed: 0.0121s/iter; left time: 15.6440s
	iters: 2100, epoch: 10 | loss: 0.0970927
	speed: 0.0115s/iter; left time: 13.8110s
	iters: 2200, epoch: 10 | loss: 0.1443320
	speed: 0.0121s/iter; left time: 13.2736s
	iters: 2300, epoch: 10 | loss: 0.1818396
	speed: 0.0121s/iter; left time: 12.0089s
	iters: 2400, epoch: 10 | loss: 0.1368792
	speed: 0.0117s/iter; left time: 10.4935s
	iters: 2500, epoch: 10 | loss: 0.1482924
	speed: 0.0120s/iter; left time: 9.5787s
	iters: 2600, epoch: 10 | loss: 0.1124989
	speed: 0.0121s/iter; left time: 8.3880s
	iters: 2700, epoch: 10 | loss: 0.1231986
	speed: 0.0125s/iter; left time: 7.4716s
	iters: 2800, epoch: 10 | loss: 0.1058597
	speed: 0.0122s/iter; left time: 6.0708s
	iters: 2900, epoch: 10 | loss: 0.1525832
	speed: 0.0124s/iter; left time: 4.8913s
	iters: 3000, epoch: 10 | loss: 0.1289664
	speed: 0.0122s/iter; left time: 3.6119s
	iters: 3100, epoch: 10 | loss: 0.1287299
	speed: 0.0123s/iter; left time: 2.4096s
	iters: 3200, epoch: 10 | loss: 0.1272289
	speed: 0.0125s/iter; left time: 1.1991s
Epoch: 10 cost time: 40.00715184211731
Epoch: 10, Steps: 3295 | Train Loss: 0.1378570 Vali Loss: 0.1986127 Test Loss: 0.2131260
EarlyStopping counter: 2 out of 3
Updating learning rate to 1.953125e-07
>>>>>>>testing : long_term_forecast_LBext_ercot_iTransformer_336_s2022_iTransformer_custom_ftM_sl336_ll48_pl96_dm128_nh8_el2_dl1_df128_expand2_dc4_fc3_ebtimeF_dtTrue_Exp_0<<<<<<<<<<<<<<<<<<<<<<<<<<<<<<<<<
test 30879
test shape: (30879, 96, 8) (30879, 96, 8)
test shape: (30879, 96, 8) (30879, 96, 8)
mse:0.21314892172813416, mae:0.322000652551651, dtw:Not calculated
