Using GPU
Args in experiment:
[1mBasic Config[0m
  Task Name:          long_term_forecast  Is Training:        1                   
  Model ID:           LBext_ercot_iTransformer_2880_s2023Model:              iTransformer        

[1mData Loader[0m
  Data:               custom              Root Path:          ./dataset/ercot/    
  Data Path:          ercot.csv           Features:           M                   
  Target:             OT                  Freq:               h                   
  Checkpoints:        ./checkpoints/      

[1mForecasting Task[0m
  Seq Len:            2880                Label Len:          48                  
  Pred Len:           96                  Seasonal Patterns:  Monthly             
  Inverse:            0                   

[1mModel Parameters[0m
  Top k:              5                   Num Kernels:        6                   
  Enc In:             8                   Dec In:             8                   
  C Out:              8                   d model:            128                 
  n heads:            8                   e layers:           2                   
  d layers:           1                   d FF:               128                 
  Moving Avg:         25                  Factor:             3                   
  Distil:             1                   Dropout:            0.1                 
  Embed:              timeF               Activation:         gelu                

[1mRun Parameters[0m
  Num Workers:        4                   Itr:                1                   
  Train Epochs:       10                  Batch Size:         32                  
  Patience:           3                   Learning Rate:      0.0001              
  Des:                Exp                 Loss:               MSE                 
  Lradj:              type1               Use Amp:            0                   

[1mGPU[0m
  Use GPU:            1                   GPU:                0                   
  Use Multi GPU:      0                   Devices:            0,1,2,3             

[1mDe-stationary Projector Params[0m
  P Hidden Dims:      128, 128            P Hidden Layers:    2                   

Use GPU: cuda:0
🚀 Lazy Loading: iTransformer ...
>>>>>>>start training : long_term_forecast_LBext_ercot_iTransformer_2880_s2023_iTransformer_custom_ftM_sl2880_ll48_pl96_dm128_nh8_el2_dl1_df128_expand2_dc4_fc3_ebtimeF_dtTrue_Exp_0>>>>>>>>>>>>>>>>>>>>>>>>>>
train 105435
val 15393
test 30879
	iters: 100, epoch: 1 | loss: 0.3778184
	speed: 0.0506s/iter; left time: 1661.2336s
	iters: 200, epoch: 1 | loss: 0.2302121
	speed: 0.0217s/iter; left time: 710.9065s
	iters: 300, epoch: 1 | loss: 0.1992117
	speed: 0.0222s/iter; left time: 726.2489s
	iters: 400, epoch: 1 | loss: 0.1793237
	speed: 0.0220s/iter; left time: 717.3074s
	iters: 500, epoch: 1 | loss: 0.1460564
	speed: 0.0220s/iter; left time: 714.1170s
	iters: 600, epoch: 1 | loss: 0.1749905
	speed: 0.0225s/iter; left time: 726.8359s
	iters: 700, epoch: 1 | loss: 0.2031930
	speed: 0.0219s/iter; left time: 705.6776s
	iters: 800, epoch: 1 | loss: 0.2082361
	speed: 0.0214s/iter; left time: 687.4745s
	iters: 900, epoch: 1 | loss: 0.2030114
	speed: 0.0220s/iter; left time: 705.2726s
	iters: 1000, epoch: 1 | loss: 0.1604439
	speed: 0.0213s/iter; left time: 679.1801s
	iters: 1100, epoch: 1 | loss: 0.1742741
	speed: 0.0206s/iter; left time: 655.0690s
	iters: 1200, epoch: 1 | loss: 0.1391260
	speed: 0.0217s/iter; left time: 689.5778s
	iters: 1300, epoch: 1 | loss: 0.1527708
	speed: 0.0215s/iter; left time: 679.5872s
	iters: 1400, epoch: 1 | loss: 0.1938595
	speed: 0.0213s/iter; left time: 673.4519s
	iters: 1500, epoch: 1 | loss: 0.1359079
	speed: 0.0207s/iter; left time: 652.2684s
	iters: 1600, epoch: 1 | loss: 0.1979807
	speed: 0.0206s/iter; left time: 645.9873s
	iters: 1700, epoch: 1 | loss: 0.1791013
	speed: 0.0215s/iter; left time: 672.0907s
	iters: 1800, epoch: 1 | loss: 0.1118077
	speed: 0.0216s/iter; left time: 673.5262s
	iters: 1900, epoch: 1 | loss: 0.1502147
	speed: 0.0220s/iter; left time: 681.8054s
	iters: 2000, epoch: 1 | loss: 0.1264020
	speed: 0.0219s/iter; left time: 678.3539s
	iters: 2100, epoch: 1 | loss: 0.2376642
	speed: 0.0219s/iter; left time: 676.6331s
	iters: 2200, epoch: 1 | loss: 0.1665768
	speed: 0.0213s/iter; left time: 654.2926s
	iters: 2300, epoch: 1 | loss: 0.1685604
	speed: 0.0210s/iter; left time: 644.9822s
	iters: 2400, epoch: 1 | loss: 0.2169223
	speed: 0.0215s/iter; left time: 656.8805s
	iters: 2500, epoch: 1 | loss: 0.1639957
	speed: 0.0218s/iter; left time: 662.5675s
	iters: 2600, epoch: 1 | loss: 0.2361862
	speed: 0.0219s/iter; left time: 664.3585s
	iters: 2700, epoch: 1 | loss: 0.1325394
	speed: 0.0215s/iter; left time: 651.2715s
	iters: 2800, epoch: 1 | loss: 0.1287904
	speed: 0.0216s/iter; left time: 650.6795s
	iters: 2900, epoch: 1 | loss: 0.1425728
	speed: 0.0210s/iter; left time: 632.2972s
	iters: 3000, epoch: 1 | loss: 0.1699753
	speed: 0.0212s/iter; left time: 636.2449s
	iters: 3100, epoch: 1 | loss: 0.1442513
	speed: 0.0218s/iter; left time: 650.8053s
	iters: 3200, epoch: 1 | loss: 0.1567163
	speed: 0.0216s/iter; left time: 641.5991s
Epoch: 1 cost time: 72.14697933197021
Epoch: 1, Steps: 3295 | Train Loss: 0.1833250 Vali Loss: 0.2269703 Test Loss: 0.2286241
Validation loss decreased (inf --> 0.226970).  Saving model ...
Updating learning rate to 0.0001
	iters: 100, epoch: 2 | loss: 0.1653466
	speed: 0.2829s/iter; left time: 8361.4351s
	iters: 200, epoch: 2 | loss: 0.1055176
	speed: 0.0223s/iter; left time: 655.6864s
	iters: 300, epoch: 2 | loss: 0.1447027
	speed: 0.0213s/iter; left time: 624.0904s
	iters: 400, epoch: 2 | loss: 0.1235668
	speed: 0.0217s/iter; left time: 635.8942s
	iters: 500, epoch: 2 | loss: 0.1489771
	speed: 0.0222s/iter; left time: 647.8927s
	iters: 600, epoch: 2 | loss: 0.1655692
	speed: 0.0223s/iter; left time: 647.4151s
	iters: 700, epoch: 2 | loss: 0.1471650
	speed: 0.0220s/iter; left time: 638.4186s
	iters: 800, epoch: 2 | loss: 0.1433252
	speed: 0.0222s/iter; left time: 640.2105s
	iters: 900, epoch: 2 | loss: 0.1364978
	speed: 0.0212s/iter; left time: 608.6809s
	iters: 1000, epoch: 2 | loss: 0.1410170
	speed: 0.0193s/iter; left time: 553.4279s
	iters: 1100, epoch: 2 | loss: 0.1184515
	speed: 0.0186s/iter; left time: 530.6555s
	iters: 1200, epoch: 2 | loss: 0.1504370
	speed: 0.0191s/iter; left time: 544.5884s
	iters: 1300, epoch: 2 | loss: 0.1517483
	speed: 0.0184s/iter; left time: 522.1211s
	iters: 1400, epoch: 2 | loss: 0.1264904
	speed: 0.0180s/iter; left time: 507.2057s
	iters: 1500, epoch: 2 | loss: 0.1664439
	speed: 0.0167s/iter; left time: 470.6297s
	iters: 1600, epoch: 2 | loss: 0.1764968
	speed: 0.0172s/iter; left time: 483.1753s
	iters: 1700, epoch: 2 | loss: 0.1402641
	speed: 0.0176s/iter; left time: 492.7640s
	iters: 1800, epoch: 2 | loss: 0.1433493
	speed: 0.0166s/iter; left time: 461.1683s
	iters: 1900, epoch: 2 | loss: 0.1482199
	speed: 0.0158s/iter; left time: 438.4287s
	iters: 2000, epoch: 2 | loss: 0.1217444
	speed: 0.0164s/iter; left time: 453.3090s
	iters: 2100, epoch: 2 | loss: 0.1185857
	speed: 0.0154s/iter; left time: 423.8392s
	iters: 2200, epoch: 2 | loss: 0.1156771
	speed: 0.0141s/iter; left time: 386.4935s
	iters: 2300, epoch: 2 | loss: 0.1461086
	speed: 0.0154s/iter; left time: 420.7459s
	iters: 2400, epoch: 2 | loss: 0.1516624
	speed: 0.0153s/iter; left time: 417.7264s
	iters: 2500, epoch: 2 | loss: 0.1324174
	speed: 0.0150s/iter; left time: 408.4983s
	iters: 2600, epoch: 2 | loss: 0.1403938
	speed: 0.0162s/iter; left time: 438.5325s
	iters: 2700, epoch: 2 | loss: 0.1151860
	speed: 0.0154s/iter; left time: 414.2512s
	iters: 2800, epoch: 2 | loss: 0.1251235
	speed: 0.0151s/iter; left time: 405.7739s
	iters: 2900, epoch: 2 | loss: 0.1215665
	speed: 0.0161s/iter; left time: 431.1918s
	iters: 3000, epoch: 2 | loss: 0.1367354
	speed: 0.0151s/iter; left time: 402.8327s
	iters: 3100, epoch: 2 | loss: 0.0916644
	speed: 0.0146s/iter; left time: 387.7553s
	iters: 3200, epoch: 2 | loss: 0.1135554
	speed: 0.0152s/iter; left time: 400.9044s
Epoch: 2 cost time: 59.27067947387695
Epoch: 2, Steps: 3295 | Train Loss: 0.1365771 Vali Loss: 0.2361060 Test Loss: 0.2397978
EarlyStopping counter: 1 out of 3
Updating learning rate to 5e-05
	iters: 100, epoch: 3 | loss: 0.1010297
	speed: 0.1919s/iter; left time: 5039.9125s
	iters: 200, epoch: 3 | loss: 0.1087270
	speed: 0.0152s/iter; left time: 398.4854s
	iters: 300, epoch: 3 | loss: 0.1031097
	speed: 0.0152s/iter; left time: 395.5114s
	iters: 400, epoch: 3 | loss: 0.1179225
	speed: 0.0146s/iter; left time: 378.9045s
	iters: 500, epoch: 3 | loss: 0.1221923
	speed: 0.0141s/iter; left time: 365.7738s
	iters: 600, epoch: 3 | loss: 0.1158329
	speed: 0.0135s/iter; left time: 348.7448s
	iters: 700, epoch: 3 | loss: 0.1159918
	speed: 0.0146s/iter; left time: 374.0390s
	iters: 800, epoch: 3 | loss: 0.1164696
	speed: 0.0154s/iter; left time: 393.3995s
	iters: 900, epoch: 3 | loss: 0.0965198
	speed: 0.0160s/iter; left time: 407.8335s
	iters: 1000, epoch: 3 | loss: 0.1443523
	speed: 0.0177s/iter; left time: 448.7686s
	iters: 1100, epoch: 3 | loss: 0.1161554
	speed: 0.0173s/iter; left time: 435.9039s
	iters: 1200, epoch: 3 | loss: 0.1067724
	speed: 0.0174s/iter; left time: 438.4705s
	iters: 1300, epoch: 3 | loss: 0.1044178
	speed: 0.0172s/iter; left time: 431.4632s
	iters: 1400, epoch: 3 | loss: 0.1334313
	speed: 0.0163s/iter; left time: 407.2245s
	iters: 1500, epoch: 3 | loss: 0.1175886
	speed: 0.0167s/iter; left time: 414.4377s
	iters: 1600, epoch: 3 | loss: 0.1295526
	speed: 0.0163s/iter; left time: 403.7514s
	iters: 1700, epoch: 3 | loss: 0.1052173
	speed: 0.0165s/iter; left time: 407.5613s
	iters: 1800, epoch: 3 | loss: 0.1037997
	speed: 0.0168s/iter; left time: 413.5514s
	iters: 1900, epoch: 3 | loss: 0.1083405
	speed: 0.0150s/iter; left time: 366.8034s
	iters: 2000, epoch: 3 | loss: 0.0942014
	speed: 0.0158s/iter; left time: 384.8381s
	iters: 2100, epoch: 3 | loss: 0.1094485
	speed: 0.0159s/iter; left time: 384.6195s
	iters: 2200, epoch: 3 | loss: 0.1009260
	speed: 0.0157s/iter; left time: 379.7911s
	iters: 2300, epoch: 3 | loss: 0.0924666
	speed: 0.0150s/iter; left time: 360.2985s
	iters: 2400, epoch: 3 | loss: 0.1096307
	speed: 0.0157s/iter; left time: 376.5603s
	iters: 2500, epoch: 3 | loss: 0.0947877
	speed: 0.0146s/iter; left time: 347.5215s
	iters: 2600, epoch: 3 | loss: 0.1117088
	speed: 0.0152s/iter; left time: 361.8242s
	iters: 2700, epoch: 3 | loss: 0.1087725
	speed: 0.0151s/iter; left time: 357.0206s
	iters: 2800, epoch: 3 | loss: 0.1278334
	speed: 0.0162s/iter; left time: 382.4179s
	iters: 2900, epoch: 3 | loss: 0.1176224
	speed: 0.0153s/iter; left time: 358.3094s
	iters: 3000, epoch: 3 | loss: 0.0980478
	speed: 0.0156s/iter; left time: 364.7699s
	iters: 3100, epoch: 3 | loss: 0.1033215
	speed: 0.0173s/iter; left time: 401.7873s
	iters: 3200, epoch: 3 | loss: 0.1141048
	speed: 0.0168s/iter; left time: 388.0993s
Epoch: 3 cost time: 52.29083204269409
Epoch: 3, Steps: 3295 | Train Loss: 0.1154357 Vali Loss: 0.2498391 Test Loss: 0.2439765
EarlyStopping counter: 2 out of 3
Updating learning rate to 2.5e-05
	iters: 100, epoch: 4 | loss: 0.1183511
	speed: 0.1966s/iter; left time: 4516.0558s
	iters: 200, epoch: 4 | loss: 0.1220817
	speed: 0.0157s/iter; left time: 360.0244s
	iters: 300, epoch: 4 | loss: 0.1362892
	speed: 0.0158s/iter; left time: 360.1326s
	iters: 400, epoch: 4 | loss: 0.1051837
	speed: 0.0143s/iter; left time: 323.0885s
	iters: 500, epoch: 4 | loss: 0.0912430
	speed: 0.0140s/iter; left time: 316.5938s
	iters: 600, epoch: 4 | loss: 0.0962016
	speed: 0.0148s/iter; left time: 333.5817s
	iters: 700, epoch: 4 | loss: 0.1276564
	speed: 0.0144s/iter; left time: 321.5028s
	iters: 800, epoch: 4 | loss: 0.0935091
	speed: 0.0154s/iter; left time: 343.6165s
	iters: 900, epoch: 4 | loss: 0.1120104
	speed: 0.0151s/iter; left time: 333.8988s
	iters: 1000, epoch: 4 | loss: 0.1024261
	speed: 0.0153s/iter; left time: 337.8770s
	iters: 1100, epoch: 4 | loss: 0.1276153
	speed: 0.0141s/iter; left time: 310.2829s
	iters: 1200, epoch: 4 | loss: 0.1038409
	speed: 0.0150s/iter; left time: 326.9583s
	iters: 1300, epoch: 4 | loss: 0.1030421
	speed: 0.0150s/iter; left time: 325.7971s
	iters: 1400, epoch: 4 | loss: 0.1080200
	speed: 0.0151s/iter; left time: 326.3034s
	iters: 1500, epoch: 4 | loss: 0.1177888
	speed: 0.0150s/iter; left time: 322.8191s
	iters: 1600, epoch: 4 | loss: 0.0870317
	speed: 0.0153s/iter; left time: 329.2130s
	iters: 1700, epoch: 4 | loss: 0.1265427
	speed: 0.0154s/iter; left time: 328.8821s
	iters: 1800, epoch: 4 | loss: 0.0983057
	speed: 0.0159s/iter; left time: 337.3186s
	iters: 1900, epoch: 4 | loss: 0.1094510
	speed: 0.0155s/iter; left time: 327.2558s
	iters: 2000, epoch: 4 | loss: 0.1023437
	speed: 0.0153s/iter; left time: 321.4449s
	iters: 2100, epoch: 4 | loss: 0.1101630
	speed: 0.0157s/iter; left time: 329.2361s
	iters: 2200, epoch: 4 | loss: 0.0882796
	speed: 0.0163s/iter; left time: 340.3315s
	iters: 2300, epoch: 4 | loss: 0.0971264
	speed: 0.0162s/iter; left time: 336.1783s
	iters: 2400, epoch: 4 | loss: 0.1165040
	speed: 0.0168s/iter; left time: 346.8189s
	iters: 2500, epoch: 4 | loss: 0.1345298
	speed: 0.0167s/iter; left time: 343.7841s
	iters: 2600, epoch: 4 | loss: 0.0926808
	speed: 0.0176s/iter; left time: 360.6083s
	iters: 2700, epoch: 4 | loss: 0.1234093
	speed: 0.0156s/iter; left time: 316.8744s
	iters: 2800, epoch: 4 | loss: 0.1080111
	speed: 0.0155s/iter; left time: 313.4213s
	iters: 2900, epoch: 4 | loss: 0.1119040
	speed: 0.0167s/iter; left time: 337.3331s
	iters: 3000, epoch: 4 | loss: 0.0850045
	speed: 0.0163s/iter; left time: 326.4388s
	iters: 3100, epoch: 4 | loss: 0.0838810
	speed: 0.0172s/iter; left time: 342.4481s
	iters: 3200, epoch: 4 | loss: 0.1181192
	speed: 0.0171s/iter; left time: 339.8618s
Epoch: 4 cost time: 51.77656650543213
Epoch: 4, Steps: 3295 | Train Loss: 0.1068531 Vali Loss: 0.2483927 Test Loss: 0.2462756
EarlyStopping counter: 3 out of 3
Early stopping
>>>>>>>testing : long_term_forecast_LBext_ercot_iTransformer_2880_s2023_iTransformer_custom_ftM_sl2880_ll48_pl96_dm128_nh8_el2_dl1_df128_expand2_dc4_fc3_ebtimeF_dtTrue_Exp_0<<<<<<<<<<<<<<<<<<<<<<<<<<<<<<<<<
test 30879
test shape: (30879, 96, 8) (30879, 96, 8)
test shape: (30879, 96, 8) (30879, 96, 8)
mse:0.22862635552883148, mae:0.33731287717819214, dtw:Not calculated
