Using GPU
Args in experiment:
[1mBasic Config[0m
  Task Name:          long_term_forecast  Is Training:        1                   
  Model ID:           LBext_pedestrian_iTransformer_1440_s2021Model:              iTransformer        

[1mData Loader[0m
  Data:               custom              Root Path:          ./dataset/pedestrian/
  Data Path:          pedestrian.csv      Features:           M                   
  Target:             OT                  Freq:               h                   
  Checkpoints:        ./checkpoints/      

[1mForecasting Task[0m
  Seq Len:            1440                Label Len:          48                  
  Pred Len:           96                  Seasonal Patterns:  Monthly             
  Inverse:            0                   

[1mModel Parameters[0m
  Top k:              5                   Num Kernels:        6                   
  Enc In:             13                  Dec In:             13                  
  C Out:              13                  d model:            128                 
  n heads:            8                   e layers:           2                   
  d layers:           1                   d FF:               128                 
  Moving Avg:         25                  Factor:             3                   
  Distil:             1                   Dropout:            0.1                 
  Embed:              timeF               Activation:         gelu                

[1mRun Parameters[0m
  Num Workers:        4                   Itr:                1                   
  Train Epochs:       10                  Batch Size:         32                  
  Patience:           3                   Learning Rate:      0.0001              
  Des:                Exp                 Loss:               MSE                 
  Lradj:              type1               Use Amp:            0                   

[1mGPU[0m
  Use GPU:            1                   GPU:                0                   
  Use Multi GPU:      0                   Devices:            0,1,2,3             

[1mDe-stationary Projector Params[0m
  P Hidden Dims:      128, 128            P Hidden Layers:    2                   

Use GPU: cuda:0
🚀 Lazy Loading: iTransformer ...
>>>>>>>start training : long_term_forecast_LBext_pedestrian_iTransformer_1440_s2021_iTransformer_custom_ftM_sl1440_ll48_pl96_dm128_nh8_el2_dl1_df128_expand2_dc4_fc3_ebtimeF_dtTrue_Exp_0>>>>>>>>>>>>>>>>>>>>>>>>>>
train window subsample: keep 56056/57496 windows (max_train_windows=56056)
train 56056
val 8339
test 16771
	iters: 100, epoch: 1 | loss: 0.3874290
	speed: 0.0326s/iter; left time: 567.5616s
	iters: 200, epoch: 1 | loss: 0.2934793
	speed: 0.0108s/iter; left time: 186.6143s
	iters: 300, epoch: 1 | loss: 0.3352837
	speed: 0.0119s/iter; left time: 204.4709s
	iters: 400, epoch: 1 | loss: 0.2854878
	speed: 0.0126s/iter; left time: 215.3097s
	iters: 500, epoch: 1 | loss: 0.2917412
	speed: 0.0121s/iter; left time: 205.9507s
	iters: 600, epoch: 1 | loss: 0.3383729
	speed: 0.0120s/iter; left time: 202.8720s
	iters: 700, epoch: 1 | loss: 0.1929894
	speed: 0.0128s/iter; left time: 214.6656s
	iters: 800, epoch: 1 | loss: 0.1948435
	speed: 0.0127s/iter; left time: 212.8525s
	iters: 900, epoch: 1 | loss: 0.3114372
	speed: 0.0132s/iter; left time: 218.8826s
	iters: 1000, epoch: 1 | loss: 0.1990692
	speed: 0.0131s/iter; left time: 217.0012s
	iters: 1100, epoch: 1 | loss: 0.2810922
	speed: 0.0132s/iter; left time: 217.0320s
	iters: 1200, epoch: 1 | loss: 0.3104977
	speed: 0.0123s/iter; left time: 201.2163s
	iters: 1300, epoch: 1 | loss: 0.1905566
	speed: 0.0129s/iter; left time: 209.5313s
	iters: 1400, epoch: 1 | loss: 0.1713461
	speed: 0.0126s/iter; left time: 203.4397s
	iters: 1500, epoch: 1 | loss: 0.1590340
	speed: 0.0126s/iter; left time: 201.2704s
	iters: 1600, epoch: 1 | loss: 0.1610310
	speed: 0.0128s/iter; left time: 204.3370s
	iters: 1700, epoch: 1 | loss: 0.2026571
	speed: 0.0124s/iter; left time: 196.2213s
Epoch: 1 cost time: 22.39866280555725
Epoch: 1, Steps: 1752 | Train Loss: 0.2830225 Vali Loss: 0.2334215 Test Loss: 0.2516433
Validation loss decreased (inf --> 0.233421).  Saving model ...
Updating learning rate to 0.0001
	iters: 100, epoch: 2 | loss: 0.2995365
	speed: 0.0927s/iter; left time: 1452.6211s
	iters: 200, epoch: 2 | loss: 0.1704122
	speed: 0.0125s/iter; left time: 194.6028s
	iters: 300, epoch: 2 | loss: 0.3832263
	speed: 0.0124s/iter; left time: 192.0524s
	iters: 400, epoch: 2 | loss: 0.2196681
	speed: 0.0128s/iter; left time: 196.3620s
	iters: 500, epoch: 2 | loss: 0.1594166
	speed: 0.0126s/iter; left time: 191.7449s
	iters: 600, epoch: 2 | loss: 0.1561757
	speed: 0.0127s/iter; left time: 192.7639s
	iters: 700, epoch: 2 | loss: 0.1693965
	speed: 0.0129s/iter; left time: 194.5392s
	iters: 800, epoch: 2 | loss: 0.2638625
	speed: 0.0129s/iter; left time: 192.9798s
	iters: 900, epoch: 2 | loss: 0.1592759
	speed: 0.0118s/iter; left time: 175.9815s
	iters: 1000, epoch: 2 | loss: 0.1931672
	speed: 0.0116s/iter; left time: 171.3836s
	iters: 1100, epoch: 2 | loss: 0.2174568
	speed: 0.0120s/iter; left time: 175.3867s
	iters: 1200, epoch: 2 | loss: 0.1719384
	speed: 0.0124s/iter; left time: 180.3270s
	iters: 1300, epoch: 2 | loss: 0.1729225
	speed: 0.0127s/iter; left time: 183.2554s
	iters: 1400, epoch: 2 | loss: 0.2385187
	speed: 0.0128s/iter; left time: 183.9886s
	iters: 1500, epoch: 2 | loss: 0.2037738
	speed: 0.0125s/iter; left time: 178.7670s
	iters: 1600, epoch: 2 | loss: 0.2405856
	speed: 0.0125s/iter; left time: 176.6181s
	iters: 1700, epoch: 2 | loss: 0.1520679
	speed: 0.0120s/iter; left time: 169.0818s
Epoch: 2 cost time: 22.02392554283142
Epoch: 2, Steps: 1752 | Train Loss: 0.2182680 Vali Loss: 0.2733697 Test Loss: 0.3116116
EarlyStopping counter: 1 out of 3
Updating learning rate to 5e-05
	iters: 100, epoch: 3 | loss: 0.1259205
	speed: 0.0872s/iter; left time: 1214.1911s
	iters: 200, epoch: 3 | loss: 0.2356399
	speed: 0.0118s/iter; left time: 163.2560s
	iters: 300, epoch: 3 | loss: 0.2385308
	speed: 0.0116s/iter; left time: 158.8375s
	iters: 400, epoch: 3 | loss: 0.1899132
	speed: 0.0122s/iter; left time: 165.8673s
	iters: 500, epoch: 3 | loss: 0.1512534
	speed: 0.0119s/iter; left time: 160.7741s
	iters: 600, epoch: 3 | loss: 0.2892229
	speed: 0.0122s/iter; left time: 164.2273s
	iters: 700, epoch: 3 | loss: 0.1381249
	speed: 0.0130s/iter; left time: 173.3636s
	iters: 800, epoch: 3 | loss: 0.1446425
	speed: 0.0129s/iter; left time: 170.6602s
	iters: 900, epoch: 3 | loss: 0.3099278
	speed: 0.0122s/iter; left time: 160.4125s
	iters: 1000, epoch: 3 | loss: 0.1757481
	speed: 0.0127s/iter; left time: 164.6968s
	iters: 1100, epoch: 3 | loss: 0.1444058
	speed: 0.0131s/iter; left time: 169.7238s
	iters: 1200, epoch: 3 | loss: 0.1420137
	speed: 0.0123s/iter; left time: 157.9124s
	iters: 1300, epoch: 3 | loss: 0.1606313
	speed: 0.0118s/iter; left time: 150.5769s
	iters: 1400, epoch: 3 | loss: 0.2504220
	speed: 0.0120s/iter; left time: 151.3442s
	iters: 1500, epoch: 3 | loss: 0.1620944
	speed: 0.0121s/iter; left time: 151.2736s
	iters: 1600, epoch: 3 | loss: 0.1682630
	speed: 0.0122s/iter; left time: 151.8948s
	iters: 1700, epoch: 3 | loss: 0.2123745
	speed: 0.0128s/iter; left time: 157.2009s
Epoch: 3 cost time: 21.795114755630493
Epoch: 3, Steps: 1752 | Train Loss: 0.2085103 Vali Loss: 0.2861710 Test Loss: 0.3331162
EarlyStopping counter: 2 out of 3
Updating learning rate to 2.5e-05
	iters: 100, epoch: 4 | loss: 0.1488241
	speed: 0.0899s/iter; left time: 1093.6699s
	iters: 200, epoch: 4 | loss: 0.2091316
	speed: 0.0126s/iter; left time: 151.8202s
	iters: 300, epoch: 4 | loss: 0.1263899
	speed: 0.0117s/iter; left time: 140.0929s
	iters: 400, epoch: 4 | loss: 0.1350125
	speed: 0.0115s/iter; left time: 136.5196s
	iters: 500, epoch: 4 | loss: 0.1635589
	speed: 0.0126s/iter; left time: 147.6970s
	iters: 600, epoch: 4 | loss: 0.1306895
	speed: 0.0124s/iter; left time: 145.0284s
	iters: 700, epoch: 4 | loss: 0.1745580
	speed: 0.0121s/iter; left time: 140.4277s
	iters: 800, epoch: 4 | loss: 0.1140805
	speed: 0.0132s/iter; left time: 151.1499s
	iters: 900, epoch: 4 | loss: 0.3535535
	speed: 0.0125s/iter; left time: 141.6936s
	iters: 1000, epoch: 4 | loss: 0.1301364
	speed: 0.0127s/iter; left time: 142.6435s
	iters: 1100, epoch: 4 | loss: 0.1986461
	speed: 0.0125s/iter; left time: 139.6328s
	iters: 1200, epoch: 4 | loss: 0.1280021
	speed: 0.0129s/iter; left time: 142.8042s
	iters: 1300, epoch: 4 | loss: 0.1503597
	speed: 0.0128s/iter; left time: 139.9612s
	iters: 1400, epoch: 4 | loss: 0.1589341
	speed: 0.0135s/iter; left time: 146.1577s
	iters: 1500, epoch: 4 | loss: 0.2285395
	speed: 0.0128s/iter; left time: 137.4963s
	iters: 1600, epoch: 4 | loss: 0.1769228
	speed: 0.0131s/iter; left time: 139.2222s
	iters: 1700, epoch: 4 | loss: 0.2161768
	speed: 0.0138s/iter; left time: 146.0652s
Epoch: 4 cost time: 22.437154054641724
Epoch: 4, Steps: 1752 | Train Loss: 0.2051707 Vali Loss: 0.2805392 Test Loss: 0.3284000
EarlyStopping counter: 3 out of 3
Early stopping
>>>>>>>testing : long_term_forecast_LBext_pedestrian_iTransformer_1440_s2021_iTransformer_custom_ftM_sl1440_ll48_pl96_dm128_nh8_el2_dl1_df128_expand2_dc4_fc3_ebtimeF_dtTrue_Exp_0<<<<<<<<<<<<<<<<<<<<<<<<<<<<<<<<<
test 16771
test shape: (16771, 96, 13) (16771, 96, 13)
test shape: (16771, 96, 13) (16771, 96, 13)
mse:0.25171783566474915, mae:0.26903289556503296, dtw:Not calculated
