Using GPU
Args in experiment:
[1mBasic Config[0m
  Task Name:          long_term_forecast  Is Training:        1                   
  Model ID:           LBext_PEMS08_iTransformer_96_s2022Model:              iTransformer        

[1mData Loader[0m
  Data:               custom              Root Path:          ./dataset/PEMS08/   
  Data Path:          PEMS08.csv          Features:           M                   
  Target:             OT                  Freq:               h                   
  Checkpoints:        ./checkpoints/      

[1mForecasting Task[0m
  Seq Len:            96                  Label Len:          48                  
  Pred Len:           96                  Seasonal Patterns:  Monthly             
  Inverse:            0                   

[1mModel Parameters[0m
  Top k:              5                   Num Kernels:        6                   
  Enc In:             170                 Dec In:             170                 
  C Out:              170                 d model:            512                 
  n heads:            8                   e layers:           3                   
  d layers:           1                   d FF:               512                 
  Moving Avg:         25                  Factor:             3                   
  Distil:             1                   Dropout:            0.1                 
  Embed:              timeF               Activation:         gelu                

[1mRun Parameters[0m
  Num Workers:        4                   Itr:                1                   
  Train Epochs:       10                  Batch Size:         16                  
  Patience:           3                   Learning Rate:      0.0005              
  Des:                Exp                 Loss:               MSE                 
  Lradj:              type1               Use Amp:            0                   

[1mGPU[0m
  Use GPU:            1                   GPU:                0                   
  Use Multi GPU:      0                   Devices:            0,1,2,3             

[1mDe-stationary Projector Params[0m
  P Hidden Dims:      128, 128            P Hidden Layers:    2                   

Use GPU: cuda:0
🚀 Lazy Loading: iTransformer ...
>>>>>>>start training : long_term_forecast_LBext_PEMS08_iTransformer_96_s2022_iTransformer_custom_ftM_sl96_ll48_pl96_dm512_nh8_el3_dl1_df512_expand2_dc4_fc3_ebtimeF_dtTrue_Exp_0>>>>>>>>>>>>>>>>>>>>>>>>>>
train window subsample: keep 9524/12308 windows (max_train_windows=9524)
train 9524
val 1691
test 3476
	iters: 100, epoch: 1 | loss: 0.9702868
	speed: 0.0517s/iter; left time: 302.8761s
	iters: 200, epoch: 1 | loss: 0.8781268
	speed: 0.0208s/iter; left time: 119.5639s
	iters: 300, epoch: 1 | loss: 0.8050134
	speed: 0.0206s/iter; left time: 116.6742s
	iters: 400, epoch: 1 | loss: 0.9345465
	speed: 0.0207s/iter; left time: 115.2896s
	iters: 500, epoch: 1 | loss: 0.9461538
	speed: 0.0201s/iter; left time: 109.7576s
Epoch: 1 cost time: 13.498327016830444
Epoch: 1, Steps: 596 | Train Loss: 0.9023381 Vali Loss: 1.0119018 Test Loss: 1.0992931
Validation loss decreased (inf --> 1.011902).  Saving model ...
Updating learning rate to 0.0005
	iters: 100, epoch: 2 | loss: 0.7016023
	speed: 0.0931s/iter; left time: 490.1382s
	iters: 200, epoch: 2 | loss: 0.8008543
	speed: 0.0203s/iter; left time: 104.9130s
	iters: 300, epoch: 2 | loss: 0.8068318
	speed: 0.0199s/iter; left time: 100.6129s
	iters: 400, epoch: 2 | loss: 0.6871261
	speed: 0.0185s/iter; left time: 91.7198s
	iters: 500, epoch: 2 | loss: 0.8119231
	speed: 0.0175s/iter; left time: 84.9979s
Epoch: 2 cost time: 11.457729816436768
Epoch: 2, Steps: 596 | Train Loss: 0.7843573 Vali Loss: 0.9322114 Test Loss: 1.0390205
Validation loss decreased (1.011902 --> 0.932211).  Saving model ...
Updating learning rate to 0.00025
	iters: 100, epoch: 3 | loss: 0.5609112
	speed: 0.0702s/iter; left time: 327.6438s
	iters: 200, epoch: 3 | loss: 0.6517774
	speed: 0.0146s/iter; left time: 66.4866s
	iters: 300, epoch: 3 | loss: 0.7378467
	speed: 0.0142s/iter; left time: 63.2491s
	iters: 400, epoch: 3 | loss: 0.8977296
	speed: 0.0139s/iter; left time: 60.8643s
	iters: 500, epoch: 3 | loss: 0.7162069
	speed: 0.0131s/iter; left time: 56.0229s
Epoch: 3 cost time: 8.630400657653809
Epoch: 3, Steps: 596 | Train Loss: 0.7067493 Vali Loss: 0.8896707 Test Loss: 0.9937116
Validation loss decreased (0.932211 --> 0.889671).  Saving model ...
Updating learning rate to 0.000125
	iters: 100, epoch: 4 | loss: 0.7856574
	speed: 0.0580s/iter; left time: 236.3716s
	iters: 200, epoch: 4 | loss: 0.7582032
	speed: 0.0135s/iter; left time: 53.5514s
	iters: 300, epoch: 4 | loss: 0.6727514
	speed: 0.0133s/iter; left time: 51.4686s
	iters: 400, epoch: 4 | loss: 0.6795007
	speed: 0.0133s/iter; left time: 50.2999s
	iters: 500, epoch: 4 | loss: 0.6277896
	speed: 0.0155s/iter; left time: 56.9534s
Epoch: 4 cost time: 8.794970512390137
Epoch: 4, Steps: 596 | Train Loss: 0.6749100 Vali Loss: 0.8673556 Test Loss: 0.9723845
Validation loss decreased (0.889671 --> 0.867356).  Saving model ...
Updating learning rate to 6.25e-05
	iters: 100, epoch: 5 | loss: 0.6409317
	speed: 0.0836s/iter; left time: 290.8387s
	iters: 200, epoch: 5 | loss: 0.6778929
	speed: 0.0205s/iter; left time: 69.3245s
	iters: 300, epoch: 5 | loss: 0.7358342
	speed: 0.0193s/iter; left time: 63.0948s
	iters: 400, epoch: 5 | loss: 0.8655974
	speed: 0.0196s/iter; left time: 62.3017s
	iters: 500, epoch: 5 | loss: 0.4947798
	speed: 0.0206s/iter; left time: 63.2560s
Epoch: 5 cost time: 12.267626762390137
Epoch: 5, Steps: 596 | Train Loss: 0.6586079 Vali Loss: 0.8630338 Test Loss: 0.9687556
Validation loss decreased (0.867356 --> 0.863034).  Saving model ...
Updating learning rate to 3.125e-05
	iters: 100, epoch: 6 | loss: 0.6155393
	speed: 0.0930s/iter; left time: 268.0495s
	iters: 200, epoch: 6 | loss: 0.7177713
	speed: 0.0200s/iter; left time: 55.5898s
	iters: 300, epoch: 6 | loss: 0.5035213
	speed: 0.0205s/iter; left time: 54.9062s
	iters: 400, epoch: 6 | loss: 0.6486488
	speed: 0.0203s/iter; left time: 52.3940s
	iters: 500, epoch: 6 | loss: 0.5551146
	speed: 0.0202s/iter; left time: 50.1962s
Epoch: 6 cost time: 12.390191316604614
Epoch: 6, Steps: 596 | Train Loss: 0.6503073 Vali Loss: 0.8644416 Test Loss: 0.9719487
EarlyStopping counter: 1 out of 3
Updating learning rate to 1.5625e-05
	iters: 100, epoch: 7 | loss: 0.6729026
	speed: 0.0877s/iter; left time: 200.2826s
	iters: 200, epoch: 7 | loss: 0.6061928
	speed: 0.0198s/iter; left time: 43.2957s
	iters: 300, epoch: 7 | loss: 0.7123383
	speed: 0.0197s/iter; left time: 41.0406s
	iters: 400, epoch: 7 | loss: 0.5497217
	speed: 0.0200s/iter; left time: 39.7255s
	iters: 500, epoch: 7 | loss: 0.8025340
	speed: 0.0199s/iter; left time: 37.5049s
Epoch: 7 cost time: 12.21330189704895
Epoch: 7, Steps: 596 | Train Loss: 0.6455662 Vali Loss: 0.8636299 Test Loss: 0.9701607
EarlyStopping counter: 2 out of 3
Updating learning rate to 7.8125e-06
	iters: 100, epoch: 8 | loss: 0.7024772
	speed: 0.0868s/iter; left time: 146.6257s
	iters: 200, epoch: 8 | loss: 0.7890177
	speed: 0.0207s/iter; left time: 32.8426s
	iters: 300, epoch: 8 | loss: 0.6829009
	speed: 0.0198s/iter; left time: 29.4654s
	iters: 400, epoch: 8 | loss: 0.4613521
	speed: 0.0193s/iter; left time: 26.8632s
	iters: 500, epoch: 8 | loss: 0.7472164
	speed: 0.0198s/iter; left time: 25.5766s
Epoch: 8 cost time: 12.209123611450195
Epoch: 8, Steps: 596 | Train Loss: 0.6435576 Vali Loss: 0.8644661 Test Loss: 0.9708382
EarlyStopping counter: 3 out of 3
Early stopping
>>>>>>>testing : long_term_forecast_LBext_PEMS08_iTransformer_96_s2022_iTransformer_custom_ftM_sl96_ll48_pl96_dm512_nh8_el3_dl1_df512_expand2_dc4_fc3_ebtimeF_dtTrue_Exp_0<<<<<<<<<<<<<<<<<<<<<<<<<<<<<<<<<
test 3476
test shape: (3476, 96, 170) (3476, 96, 170)
test shape: (3476, 96, 170) (3476, 96, 170)
mse:0.9685030579566956, mae:0.5011882781982422, dtw:Not calculated
