Using GPU
Args in experiment:
[1mBasic Config[0m
  Task Name:          long_term_forecast  Is Training:        1                   
  Model ID:           LBext_PEMS08_DLinear_96_s2022Model:              DLinear             

[1mData Loader[0m
  Data:               custom              Root Path:          ./dataset/PEMS08/   
  Data Path:          PEMS08.csv          Features:           M                   
  Target:             OT                  Freq:               h                   
  Checkpoints:        ./checkpoints/      

[1mForecasting Task[0m
  Seq Len:            96                  Label Len:          48                  
  Pred Len:           96                  Seasonal Patterns:  Monthly             
  Inverse:            0                   

[1mModel Parameters[0m
  Top k:              5                   Num Kernels:        6                   
  Enc In:             170                 Dec In:             170                 
  C Out:              170                 d model:            512                 
  n heads:            8                   e layers:           3                   
  d layers:           1                   d FF:               512                 
  Moving Avg:         25                  Factor:             3                   
  Distil:             1                   Dropout:            0.1                 
  Embed:              timeF               Activation:         gelu                

[1mRun Parameters[0m
  Num Workers:        4                   Itr:                1                   
  Train Epochs:       10                  Batch Size:         16                  
  Patience:           3                   Learning Rate:      0.0005              
  Des:                Exp                 Loss:               MSE                 
  Lradj:              type1               Use Amp:            0                   

[1mGPU[0m
  Use GPU:            1                   GPU:                0                   
  Use Multi GPU:      0                   Devices:            0,1,2,3             

[1mDe-stationary Projector Params[0m
  P Hidden Dims:      128, 128            P Hidden Layers:    2                   

Use GPU: cuda:0
🚀 Lazy Loading: DLinear ...
>>>>>>>start training : long_term_forecast_LBext_PEMS08_DLinear_96_s2022_DLinear_custom_ftM_sl96_ll48_pl96_dm512_nh8_el3_dl1_df512_expand2_dc4_fc3_ebtimeF_dtTrue_Exp_0>>>>>>>>>>>>>>>>>>>>>>>>>>
train window subsample: keep 9524/12308 windows (max_train_windows=9524)
train 9524
val 1691
test 3476
	iters: 100, epoch: 1 | loss: 0.6924375
	speed: 0.0384s/iter; left time: 225.0076s
	iters: 200, epoch: 1 | loss: 0.7639489
	speed: 0.0109s/iter; left time: 62.9810s
	iters: 300, epoch: 1 | loss: 0.7531492
	speed: 0.0111s/iter; left time: 63.0912s
	iters: 400, epoch: 1 | loss: 0.7144840
	speed: 0.0112s/iter; left time: 62.3938s
	iters: 500, epoch: 1 | loss: 0.9446384
	speed: 0.0109s/iter; left time: 59.3413s
Epoch: 1 cost time: 7.344036817550659
Epoch: 1, Steps: 596 | Train Loss: 0.8093442 Vali Loss: 0.9593736 Test Loss: 1.0441862
Validation loss decreased (inf --> 0.959374).  Saving model ...
Updating learning rate to 0.0005
	iters: 100, epoch: 2 | loss: 0.7777867
	speed: 0.0637s/iter; left time: 335.3304s
	iters: 200, epoch: 2 | loss: 0.8469685
	speed: 0.0102s/iter; left time: 52.4614s
	iters: 300, epoch: 2 | loss: 0.8297116
	speed: 0.0106s/iter; left time: 53.5089s
	iters: 400, epoch: 2 | loss: 0.8174384
	speed: 0.0106s/iter; left time: 52.8117s
	iters: 500, epoch: 2 | loss: 0.8036867
	speed: 0.0109s/iter; left time: 53.1525s
Epoch: 2 cost time: 6.630650281906128
Epoch: 2, Steps: 596 | Train Loss: 0.7874374 Vali Loss: 0.9640372 Test Loss: 1.0540418
EarlyStopping counter: 1 out of 3
Updating learning rate to 0.00025
	iters: 100, epoch: 3 | loss: 0.8026648
	speed: 0.0651s/iter; left time: 304.1214s
	iters: 200, epoch: 3 | loss: 0.9037588
	speed: 0.0105s/iter; left time: 47.8088s
	iters: 300, epoch: 3 | loss: 0.7579461
	speed: 0.0105s/iter; left time: 46.8867s
	iters: 400, epoch: 3 | loss: 0.7550205
	speed: 0.0103s/iter; left time: 45.1295s
	iters: 500, epoch: 3 | loss: 0.8008934
	speed: 0.0106s/iter; left time: 45.2770s
Epoch: 3 cost time: 6.5555126667022705
Epoch: 3, Steps: 596 | Train Loss: 0.7862975 Vali Loss: 0.9586595 Test Loss: 1.0450150
Validation loss decreased (0.959374 --> 0.958659).  Saving model ...
Updating learning rate to 0.000125
	iters: 100, epoch: 4 | loss: 0.8796808
	speed: 0.0597s/iter; left time: 243.0814s
	iters: 200, epoch: 4 | loss: 0.8651252
	speed: 0.0102s/iter; left time: 40.4608s
	iters: 300, epoch: 4 | loss: 0.8911431
	speed: 0.0102s/iter; left time: 39.5269s
	iters: 400, epoch: 4 | loss: 0.9156675
	speed: 0.0099s/iter; left time: 37.2770s
	iters: 500, epoch: 4 | loss: 0.9070691
	speed: 0.0099s/iter; left time: 36.3282s
Epoch: 4 cost time: 6.313578844070435
Epoch: 4, Steps: 596 | Train Loss: 0.7855774 Vali Loss: 0.9577284 Test Loss: 1.0425323
Validation loss decreased (0.958659 --> 0.957728).  Saving model ...
Updating learning rate to 6.25e-05
	iters: 100, epoch: 5 | loss: 0.8332638
	speed: 0.0569s/iter; left time: 197.7618s
	iters: 200, epoch: 5 | loss: 0.8491451
	speed: 0.0096s/iter; left time: 32.5230s
	iters: 300, epoch: 5 | loss: 0.7948875
	speed: 0.0092s/iter; left time: 30.0005s
	iters: 400, epoch: 5 | loss: 0.7187269
	speed: 0.0091s/iter; left time: 29.0345s
	iters: 500, epoch: 5 | loss: 0.5924453
	speed: 0.0093s/iter; left time: 28.5297s
Epoch: 5 cost time: 5.823868989944458
Epoch: 5, Steps: 596 | Train Loss: 0.7855459 Vali Loss: 0.9579049 Test Loss: 1.0429627
EarlyStopping counter: 1 out of 3
Updating learning rate to 3.125e-05
	iters: 100, epoch: 6 | loss: 0.6634033
	speed: 0.0554s/iter; left time: 159.5338s
	iters: 200, epoch: 6 | loss: 0.8168231
	speed: 0.0092s/iter; left time: 25.7198s
	iters: 300, epoch: 6 | loss: 0.7556258
	speed: 0.0095s/iter; left time: 25.4712s
	iters: 400, epoch: 6 | loss: 0.6332148
	speed: 0.0088s/iter; left time: 22.7389s
	iters: 500, epoch: 6 | loss: 0.8122078
	speed: 0.0096s/iter; left time: 23.7400s
Epoch: 6 cost time: 5.825770616531372
Epoch: 6, Steps: 596 | Train Loss: 0.7855074 Vali Loss: 0.9579114 Test Loss: 1.0429260
EarlyStopping counter: 2 out of 3
Updating learning rate to 1.5625e-05
	iters: 100, epoch: 7 | loss: 0.7501068
	speed: 0.0551s/iter; left time: 125.9312s
	iters: 200, epoch: 7 | loss: 0.8553298
	speed: 0.0096s/iter; left time: 21.0318s
	iters: 300, epoch: 7 | loss: 0.8278959
	speed: 0.0098s/iter; left time: 20.4005s
	iters: 400, epoch: 7 | loss: 0.7752746
	speed: 0.0092s/iter; left time: 18.2326s
	iters: 500, epoch: 7 | loss: 0.9015554
	speed: 0.0094s/iter; left time: 17.7047s
Epoch: 7 cost time: 5.9431068897247314
Epoch: 7, Steps: 596 | Train Loss: 0.7851161 Vali Loss: 0.9581418 Test Loss: 1.0435099
EarlyStopping counter: 3 out of 3
Early stopping
>>>>>>>testing : long_term_forecast_LBext_PEMS08_DLinear_96_s2022_DLinear_custom_ftM_sl96_ll48_pl96_dm512_nh8_el3_dl1_df512_expand2_dc4_fc3_ebtimeF_dtTrue_Exp_0<<<<<<<<<<<<<<<<<<<<<<<<<<<<<<<<<
test 3476
test shape: (3476, 96, 170) (3476, 96, 170)
test shape: (3476, 96, 170) (3476, 96, 170)
mse:1.0419824123382568, mae:0.6081480979919434, dtw:Not calculated
