Using GPU
Args in experiment:
[1mBasic Config[0m
  Task Name:          long_term_forecast  Is Training:        1                   
  Model ID:           LBext_PEMS08_iTransformer_1440_s2022Model:              iTransformer        

[1mData Loader[0m
  Data:               custom              Root Path:          ./dataset/PEMS08/   
  Data Path:          PEMS08.csv          Features:           M                   
  Target:             OT                  Freq:               h                   
  Checkpoints:        ./checkpoints/      

[1mForecasting Task[0m
  Seq Len:            1440                Label Len:          48                  
  Pred Len:           96                  Seasonal Patterns:  Monthly             
  Inverse:            0                   

[1mModel Parameters[0m
  Top k:              5                   Num Kernels:        6                   
  Enc In:             170                 Dec In:             170                 
  C Out:              170                 d model:            512                 
  n heads:            8                   e layers:           3                   
  d layers:           1                   d FF:               512                 
  Moving Avg:         25                  Factor:             3                   
  Distil:             1                   Dropout:            0.1                 
  Embed:              timeF               Activation:         gelu                

[1mRun Parameters[0m
  Num Workers:        4                   Itr:                1                   
  Train Epochs:       10                  Batch Size:         16                  
  Patience:           3                   Learning Rate:      0.0005              
  Des:                Exp                 Loss:               MSE                 
  Lradj:              type1               Use Amp:            0                   

[1mGPU[0m
  Use GPU:            1                   GPU:                0                   
  Use Multi GPU:      0                   Devices:            0,1,2,3             

[1mDe-stationary Projector Params[0m
  P Hidden Dims:      128, 128            P Hidden Layers:    2                   

Use GPU: cuda:0
🚀 Lazy Loading: iTransformer ...
>>>>>>>start training : long_term_forecast_LBext_PEMS08_iTransformer_1440_s2022_iTransformer_custom_ftM_sl1440_ll48_pl96_dm512_nh8_el3_dl1_df512_expand2_dc4_fc3_ebtimeF_dtTrue_Exp_0>>>>>>>>>>>>>>>>>>>>>>>>>>
train window subsample: keep 9524/10964 windows (max_train_windows=9524)
train 9524
val 1691
test 3476
	iters: 100, epoch: 1 | loss: 0.6720061
	speed: 0.0800s/iter; left time: 468.6028s
	iters: 200, epoch: 1 | loss: 0.6703368
	speed: 0.0515s/iter; left time: 296.7136s
	iters: 300, epoch: 1 | loss: 0.5890034
	speed: 0.0498s/iter; left time: 281.7945s
	iters: 400, epoch: 1 | loss: 0.4649673
	speed: 0.0495s/iter; left time: 275.0916s
	iters: 500, epoch: 1 | loss: 0.3962823
	speed: 0.0506s/iter; left time: 276.1101s
Epoch: 1 cost time: 30.813668251037598
Epoch: 1, Steps: 596 | Train Loss: 0.5490260 Vali Loss: 0.6288844 Test Loss: 0.6970122
Validation loss decreased (inf --> 0.628884).  Saving model ...
Updating learning rate to 0.0005
	iters: 100, epoch: 2 | loss: 0.4093272
	speed: 0.2436s/iter; left time: 1282.8162s
	iters: 200, epoch: 2 | loss: 0.4044108
	speed: 0.0494s/iter; left time: 255.3898s
	iters: 300, epoch: 2 | loss: 0.3532391
	speed: 0.0473s/iter; left time: 239.5460s
	iters: 400, epoch: 2 | loss: 0.3952793
	speed: 0.0442s/iter; left time: 219.3556s
	iters: 500, epoch: 2 | loss: 0.4473059
	speed: 0.0458s/iter; left time: 222.8828s
Epoch: 2 cost time: 27.874881744384766
Epoch: 2, Steps: 596 | Train Loss: 0.4493592 Vali Loss: 0.6145049 Test Loss: 0.7025644
Validation loss decreased (0.628884 --> 0.614505).  Saving model ...
Updating learning rate to 0.00025
	iters: 100, epoch: 3 | loss: 0.3643210
	speed: 0.2237s/iter; left time: 1044.4626s
	iters: 200, epoch: 3 | loss: 0.3669108
	speed: 0.0451s/iter; left time: 206.1908s
	iters: 300, epoch: 3 | loss: 0.3939189
	speed: 0.0447s/iter; left time: 199.6140s
	iters: 400, epoch: 3 | loss: 0.3366745
	speed: 0.0439s/iter; left time: 191.7066s
	iters: 500, epoch: 3 | loss: 0.3208398
	speed: 0.0444s/iter; left time: 189.6012s
Epoch: 3 cost time: 26.961647987365723
Epoch: 3, Steps: 596 | Train Loss: 0.3826787 Vali Loss: 0.6205432 Test Loss: 0.6899407
EarlyStopping counter: 1 out of 3
Updating learning rate to 0.000125
	iters: 100, epoch: 4 | loss: 0.3184527
	speed: 0.2091s/iter; left time: 851.8061s
	iters: 200, epoch: 4 | loss: 0.4161561
	speed: 0.0419s/iter; left time: 166.4339s
	iters: 300, epoch: 4 | loss: 0.3358470
	speed: 0.0424s/iter; left time: 164.3845s
	iters: 400, epoch: 4 | loss: 0.3201568
	speed: 0.0432s/iter; left time: 162.9943s
	iters: 500, epoch: 4 | loss: 0.2837022
	speed: 0.0452s/iter; left time: 166.0877s
Epoch: 4 cost time: 26.321534395217896
Epoch: 4, Steps: 596 | Train Loss: 0.3403187 Vali Loss: 0.6297209 Test Loss: 0.7038539
EarlyStopping counter: 2 out of 3
Updating learning rate to 6.25e-05
	iters: 100, epoch: 5 | loss: 0.3427807
	speed: 0.2395s/iter; left time: 832.6581s
	iters: 200, epoch: 5 | loss: 0.3681655
	speed: 0.0512s/iter; left time: 172.9844s
	iters: 300, epoch: 5 | loss: 0.3250288
	speed: 0.0498s/iter; left time: 163.1170s
	iters: 400, epoch: 5 | loss: 0.2945713
	speed: 0.0483s/iter; left time: 153.5848s
	iters: 500, epoch: 5 | loss: 0.3508713
	speed: 0.0473s/iter; left time: 145.6394s
Epoch: 5 cost time: 29.554375648498535
Epoch: 5, Steps: 596 | Train Loss: 0.3164062 Vali Loss: 0.6309626 Test Loss: 0.6973275
EarlyStopping counter: 3 out of 3
Early stopping
>>>>>>>testing : long_term_forecast_LBext_PEMS08_iTransformer_1440_s2022_iTransformer_custom_ftM_sl1440_ll48_pl96_dm512_nh8_el3_dl1_df512_expand2_dc4_fc3_ebtimeF_dtTrue_Exp_0<<<<<<<<<<<<<<<<<<<<<<<<<<<<<<<<<
test 3476
test shape: (3476, 96, 170) (3476, 96, 170)
test shape: (3476, 96, 170) (3476, 96, 170)
mse:0.7022742629051208, mae:0.42207440733909607, dtw:Not calculated
