Using GPU
Args in experiment:
[1mBasic Config[0m
  Task Name:          long_term_forecast  Is Training:        1                   
  Model ID:           LBext_PEMS08_DLinear_96_s2021Model:              DLinear             

[1mData Loader[0m
  Data:               custom              Root Path:          ./dataset/PEMS08/   
  Data Path:          PEMS08.csv          Features:           M                   
  Target:             OT                  Freq:               h                   
  Checkpoints:        ./checkpoints/      

[1mForecasting Task[0m
  Seq Len:            96                  Label Len:          48                  
  Pred Len:           96                  Seasonal Patterns:  Monthly             
  Inverse:            0                   

[1mModel Parameters[0m
  Top k:              5                   Num Kernels:        6                   
  Enc In:             170                 Dec In:             170                 
  C Out:              170                 d model:            512                 
  n heads:            8                   e layers:           3                   
  d layers:           1                   d FF:               512                 
  Moving Avg:         25                  Factor:             3                   
  Distil:             1                   Dropout:            0.1                 
  Embed:              timeF               Activation:         gelu                

[1mRun Parameters[0m
  Num Workers:        4                   Itr:                1                   
  Train Epochs:       10                  Batch Size:         16                  
  Patience:           3                   Learning Rate:      0.0005              
  Des:                Exp                 Loss:               MSE                 
  Lradj:              type1               Use Amp:            0                   

[1mGPU[0m
  Use GPU:            1                   GPU:                0                   
  Use Multi GPU:      0                   Devices:            0,1,2,3             

[1mDe-stationary Projector Params[0m
  P Hidden Dims:      128, 128            P Hidden Layers:    2                   

Use GPU: cuda:0
🚀 Lazy Loading: DLinear ...
>>>>>>>start training : long_term_forecast_LBext_PEMS08_DLinear_96_s2021_DLinear_custom_ftM_sl96_ll48_pl96_dm512_nh8_el3_dl1_df512_expand2_dc4_fc3_ebtimeF_dtTrue_Exp_0>>>>>>>>>>>>>>>>>>>>>>>>>>
train window subsample: keep 9524/12308 windows (max_train_windows=9524)
train 9524
val 1691
test 3476
	iters: 100, epoch: 1 | loss: 0.7196479
	speed: 0.0239s/iter; left time: 139.8030s
	iters: 200, epoch: 1 | loss: 0.7042705
	speed: 0.0048s/iter; left time: 27.7282s
	iters: 300, epoch: 1 | loss: 0.7860748
	speed: 0.0047s/iter; left time: 26.7486s
	iters: 400, epoch: 1 | loss: 0.8245224
	speed: 0.0050s/iter; left time: 28.0446s
	iters: 500, epoch: 1 | loss: 0.7915525
	speed: 0.0054s/iter; left time: 29.4288s
Epoch: 1 cost time: 3.338552713394165
Epoch: 1, Steps: 596 | Train Loss: 0.8082872 Vali Loss: 0.9573404 Test Loss: 1.0424667
Validation loss decreased (inf --> 0.957340).  Saving model ...
Updating learning rate to 0.0005
	iters: 100, epoch: 2 | loss: 0.7866929
	speed: 0.0320s/iter; left time: 168.6192s
	iters: 200, epoch: 2 | loss: 0.6931305
	speed: 0.0057s/iter; left time: 29.2247s
	iters: 300, epoch: 2 | loss: 0.7211433
	speed: 0.0056s/iter; left time: 28.5874s
	iters: 400, epoch: 2 | loss: 0.7117230
	speed: 0.0058s/iter; left time: 28.5856s
	iters: 500, epoch: 2 | loss: 0.6382573
	speed: 0.0054s/iter; left time: 26.3306s
Epoch: 2 cost time: 3.4697153568267822
Epoch: 2, Steps: 596 | Train Loss: 0.7866111 Vali Loss: 0.9641977 Test Loss: 1.0541071
EarlyStopping counter: 1 out of 3
Updating learning rate to 0.00025
	iters: 100, epoch: 3 | loss: 0.6547527
	speed: 0.0316s/iter; left time: 147.6707s
	iters: 200, epoch: 3 | loss: 0.7241108
	speed: 0.0053s/iter; left time: 24.2186s
	iters: 300, epoch: 3 | loss: 0.7529401
	speed: 0.0055s/iter; left time: 24.5753s
	iters: 400, epoch: 3 | loss: 0.7255506
	speed: 0.0054s/iter; left time: 23.3961s
	iters: 500, epoch: 3 | loss: 0.8996728
	speed: 0.0057s/iter; left time: 24.2846s
Epoch: 3 cost time: 3.395749092102051
Epoch: 3, Steps: 596 | Train Loss: 0.7861554 Vali Loss: 0.9622864 Test Loss: 1.0509653
EarlyStopping counter: 2 out of 3
Updating learning rate to 0.000125
	iters: 100, epoch: 4 | loss: 0.8506179
	speed: 0.0314s/iter; left time: 127.9913s
	iters: 200, epoch: 4 | loss: 1.0505924
	speed: 0.0052s/iter; left time: 20.7041s
	iters: 300, epoch: 4 | loss: 0.9106410
	speed: 0.0051s/iter; left time: 19.9319s
	iters: 400, epoch: 4 | loss: 0.6871032
	speed: 0.0050s/iter; left time: 19.0004s
	iters: 500, epoch: 4 | loss: 0.7051331
	speed: 0.0051s/iter; left time: 18.7968s
Epoch: 4 cost time: 3.2005560398101807
Epoch: 4, Steps: 596 | Train Loss: 0.7857447 Vali Loss: 0.9599574 Test Loss: 1.0465661
EarlyStopping counter: 3 out of 3
Early stopping
>>>>>>>testing : long_term_forecast_LBext_PEMS08_DLinear_96_s2021_DLinear_custom_ftM_sl96_ll48_pl96_dm512_nh8_el3_dl1_df512_expand2_dc4_fc3_ebtimeF_dtTrue_Exp_0<<<<<<<<<<<<<<<<<<<<<<<<<<<<<<<<<
test 3476
test shape: (3476, 96, 170) (3476, 96, 170)
test shape: (3476, 96, 170) (3476, 96, 170)
mse:1.0419065952301025, mae:0.609402060508728, dtw:Not calculated
