Using GPU
Args in experiment:
[1mBasic Config[0m
  Task Name:          long_term_forecast  Is Training:        1                   
  Model ID:           LBext_solar_iTransformer_2880_s2021Model:              iTransformer        

[1mData Loader[0m
  Data:               custom              Root Path:          ./dataset/solar/    
  Data Path:          solar.csv           Features:           M                   
  Target:             OT                  Freq:               h                   
  Checkpoints:        ./checkpoints/      

[1mForecasting Task[0m
  Seq Len:            2880                Label Len:          48                  
  Pred Len:           96                  Seasonal Patterns:  Monthly             
  Inverse:            0                   

[1mModel Parameters[0m
  Top k:              5                   Num Kernels:        6                   
  Enc In:             137                 Dec In:             137                 
  C Out:              137                 d model:            512                 
  n heads:            8                   e layers:           3                   
  d layers:           1                   d FF:               512                 
  Moving Avg:         25                  Factor:             3                   
  Distil:             1                   Dropout:            0.1                 
  Embed:              timeF               Activation:         gelu                

[1mRun Parameters[0m
  Num Workers:        4                   Itr:                1                   
  Train Epochs:       10                  Batch Size:         16                  
  Patience:           3                   Learning Rate:      0.0005              
  Des:                Exp                 Loss:               MSE                 
  Lradj:              type1               Use Amp:            0                   

[1mGPU[0m
  Use GPU:            1                   GPU:                0                   
  Use Multi GPU:      0                   Devices:            0,1,2,3             

[1mDe-stationary Projector Params[0m
  P Hidden Dims:      128, 128            P Hidden Layers:    2                   

Use GPU: cuda:0
🚀 Lazy Loading: iTransformer ...
>>>>>>>start training : long_term_forecast_LBext_solar_iTransformer_2880_s2021_iTransformer_custom_ftM_sl2880_ll48_pl96_dm512_nh8_el3_dl1_df512_expand2_dc4_fc3_ebtimeF_dtTrue_Exp_0>>>>>>>>>>>>>>>>>>>>>>>>>>
train 33817
val 5161
test 10417
	iters: 100, epoch: 1 | loss: 0.1569878
	speed: 0.0622s/iter; left time: 1307.8165s
	iters: 200, epoch: 1 | loss: 0.2081444
	speed: 0.0398s/iter; left time: 833.0130s
	iters: 300, epoch: 1 | loss: 0.1863497
	speed: 0.0406s/iter; left time: 845.6394s
	iters: 400, epoch: 1 | loss: 0.1361936
	speed: 0.0420s/iter; left time: 871.7531s
	iters: 500, epoch: 1 | loss: 0.2079677
	speed: 0.0421s/iter; left time: 869.9962s
	iters: 600, epoch: 1 | loss: 0.1659952
	speed: 0.0416s/iter; left time: 853.7158s
	iters: 700, epoch: 1 | loss: 0.2006145
	speed: 0.0399s/iter; left time: 815.9960s
	iters: 800, epoch: 1 | loss: 0.0945260
	speed: 0.0391s/iter; left time: 795.2547s
	iters: 900, epoch: 1 | loss: 0.2057839
	speed: 0.0379s/iter; left time: 767.9732s
	iters: 1000, epoch: 1 | loss: 0.1765773
	speed: 0.0371s/iter; left time: 746.7693s
	iters: 1100, epoch: 1 | loss: 0.2162582
	speed: 0.0372s/iter; left time: 744.5543s
	iters: 1200, epoch: 1 | loss: 0.1760688
	speed: 0.0367s/iter; left time: 731.3210s
	iters: 1300, epoch: 1 | loss: 0.2149469
	speed: 0.0378s/iter; left time: 749.6310s
	iters: 1400, epoch: 1 | loss: 0.2483188
	speed: 0.0409s/iter; left time: 807.3090s
	iters: 1500, epoch: 1 | loss: 0.1931139
	speed: 0.0412s/iter; left time: 808.4036s
	iters: 1600, epoch: 1 | loss: 0.1367679
	speed: 0.0413s/iter; left time: 806.7126s
	iters: 1700, epoch: 1 | loss: 0.1396664
	speed: 0.0385s/iter; left time: 749.1586s
	iters: 1800, epoch: 1 | loss: 0.2332725
	speed: 0.0422s/iter; left time: 815.7255s
	iters: 1900, epoch: 1 | loss: 0.2301901
	speed: 0.0442s/iter; left time: 849.7198s
	iters: 2000, epoch: 1 | loss: 0.2398795
	speed: 0.0450s/iter; left time: 861.3125s
	iters: 2100, epoch: 1 | loss: 0.1497266
	speed: 0.0457s/iter; left time: 869.6198s
Epoch: 1 cost time: 86.61722898483276
Epoch: 1, Steps: 2114 | Train Loss: 0.1832345 Vali Loss: 0.1821743 Test Loss: 0.2086407
Validation loss decreased (inf --> 0.182174).  Saving model ...
Updating learning rate to 0.0005
	iters: 100, epoch: 2 | loss: 0.1242231
	speed: 0.5089s/iter; left time: 9632.3938s
	iters: 200, epoch: 2 | loss: 0.1796208
	speed: 0.0665s/iter; left time: 1251.8350s
	iters: 300, epoch: 2 | loss: 0.1923573
	speed: 0.0596s/iter; left time: 1116.1030s
	iters: 400, epoch: 2 | loss: 0.1628842
	speed: 0.0504s/iter; left time: 938.3138s
	iters: 500, epoch: 2 | loss: 0.2370593
	speed: 0.0526s/iter; left time: 974.5571s
	iters: 600, epoch: 2 | loss: 0.2180980
	speed: 0.0514s/iter; left time: 946.3845s
	iters: 700, epoch: 2 | loss: 0.1893228
	speed: 0.0595s/iter; left time: 1090.9765s
	iters: 800, epoch: 2 | loss: 0.1492483
	speed: 0.0723s/iter; left time: 1317.8602s
	iters: 900, epoch: 2 | loss: 0.1471131
	speed: 0.0723s/iter; left time: 1310.7243s
	iters: 1000, epoch: 2 | loss: 0.1453101
	speed: 0.0821s/iter; left time: 1479.2340s
	iters: 1100, epoch: 2 | loss: 0.1487184
	speed: 0.0753s/iter; left time: 1349.1105s
	iters: 1200, epoch: 2 | loss: 0.2191880
	speed: 0.0714s/iter; left time: 1272.4574s
	iters: 1300, epoch: 2 | loss: 0.1963593
	speed: 0.0692s/iter; left time: 1226.2662s
	iters: 1400, epoch: 2 | loss: 0.1249606
	speed: 0.0675s/iter; left time: 1189.3884s
	iters: 1500, epoch: 2 | loss: 0.1616368
	speed: 0.0664s/iter; left time: 1164.6264s
	iters: 1600, epoch: 2 | loss: 0.1783588
	speed: 0.0679s/iter; left time: 1184.0959s
	iters: 1700, epoch: 2 | loss: 0.1260251
	speed: 0.0648s/iter; left time: 1123.2032s
	iters: 1800, epoch: 2 | loss: 0.1304622
	speed: 0.0680s/iter; left time: 1170.8347s
	iters: 1900, epoch: 2 | loss: 0.1246308
	speed: 0.0652s/iter; left time: 1116.6864s
	iters: 2000, epoch: 2 | loss: 0.2610558
	speed: 0.0630s/iter; left time: 1072.4828s
	iters: 2100, epoch: 2 | loss: 0.1107566
	speed: 0.0664s/iter; left time: 1124.3721s
Epoch: 2 cost time: 137.6130175590515
Epoch: 2, Steps: 2114 | Train Loss: 0.1718566 Vali Loss: 0.1702168 Test Loss: 0.1929956
Validation loss decreased (0.182174 --> 0.170217).  Saving model ...
Updating learning rate to 0.00025
	iters: 100, epoch: 3 | loss: 0.1104313
	speed: 0.6181s/iter; left time: 10391.6996s
	iters: 200, epoch: 3 | loss: 0.1079886
	speed: 0.0670s/iter; left time: 1120.2765s
	iters: 300, epoch: 3 | loss: 0.0814072
	speed: 0.0621s/iter; left time: 1032.2556s
	iters: 400, epoch: 3 | loss: 0.1645115
	speed: 0.0627s/iter; left time: 1035.8664s
	iters: 500, epoch: 3 | loss: 0.1326002
	speed: 0.0618s/iter; left time: 1014.6108s
	iters: 600, epoch: 3 | loss: 0.1251227
	speed: 0.0609s/iter; left time: 992.9296s
	iters: 700, epoch: 3 | loss: 0.1211716
	speed: 0.0636s/iter; left time: 1031.0265s
	iters: 800, epoch: 3 | loss: 0.1162027
	speed: 0.0614s/iter; left time: 989.2166s
	iters: 900, epoch: 3 | loss: 0.1166560
	speed: 0.0604s/iter; left time: 966.7599s
	iters: 1000, epoch: 3 | loss: 0.1387192
	speed: 0.0581s/iter; left time: 924.4520s
	iters: 1100, epoch: 3 | loss: 0.1556141
	speed: 0.0582s/iter; left time: 920.7748s
	iters: 1200, epoch: 3 | loss: 0.1519325
	speed: 0.0630s/iter; left time: 989.7513s
	iters: 1300, epoch: 3 | loss: 0.1996100
	speed: 0.0621s/iter; left time: 968.9588s
	iters: 1400, epoch: 3 | loss: 0.1869398
	speed: 0.0625s/iter; left time: 969.5662s
	iters: 1500, epoch: 3 | loss: 0.2175757
	speed: 0.0658s/iter; left time: 1013.8747s
	iters: 1600, epoch: 3 | loss: 0.2132249
	speed: 0.0657s/iter; left time: 1005.6831s
	iters: 1700, epoch: 3 | loss: 0.1089196
	speed: 0.0670s/iter; left time: 1019.1540s
	iters: 1800, epoch: 3 | loss: 0.0795953
	speed: 0.0645s/iter; left time: 974.3533s
	iters: 1900, epoch: 3 | loss: 0.1302155
	speed: 0.0643s/iter; left time: 965.7480s
	iters: 2000, epoch: 3 | loss: 0.1254225
	speed: 0.0645s/iter; left time: 961.5586s
	iters: 2100, epoch: 3 | loss: 0.1563801
	speed: 0.0587s/iter; left time: 869.8190s
Epoch: 3 cost time: 133.79420161247253
Epoch: 3, Steps: 2114 | Train Loss: 0.1559502 Vali Loss: 0.1696103 Test Loss: 0.1985237
Validation loss decreased (0.170217 --> 0.169610).  Saving model ...
Updating learning rate to 0.000125
	iters: 100, epoch: 4 | loss: 0.1694705
	speed: 0.5785s/iter; left time: 8503.1518s
	iters: 200, epoch: 4 | loss: 0.1292265
	speed: 0.0605s/iter; left time: 882.7153s
	iters: 300, epoch: 4 | loss: 0.1233853
	speed: 0.0632s/iter; left time: 916.1898s
	iters: 400, epoch: 4 | loss: 0.1772285
	speed: 0.0605s/iter; left time: 871.4592s
	iters: 500, epoch: 4 | loss: 0.1201298
	speed: 0.0621s/iter; left time: 888.0952s
	iters: 600, epoch: 4 | loss: 0.1741989
	speed: 0.0614s/iter; left time: 871.3906s
	iters: 700, epoch: 4 | loss: 0.1814856
	speed: 0.0608s/iter; left time: 857.6991s
	iters: 800, epoch: 4 | loss: 0.1534342
	speed: 0.0622s/iter; left time: 870.2527s
	iters: 900, epoch: 4 | loss: 0.1532677
	speed: 0.0629s/iter; left time: 873.9284s
	iters: 1000, epoch: 4 | loss: 0.1223682
	speed: 0.0613s/iter; left time: 845.4818s
	iters: 1100, epoch: 4 | loss: 0.1306512
	speed: 0.0622s/iter; left time: 851.6315s
	iters: 1200, epoch: 4 | loss: 0.2382633
	speed: 0.0613s/iter; left time: 834.1474s
	iters: 1300, epoch: 4 | loss: 0.1154668
	speed: 0.0597s/iter; left time: 805.2176s
	iters: 1400, epoch: 4 | loss: 0.1287563
	speed: 0.0586s/iter; left time: 785.4122s
	iters: 1500, epoch: 4 | loss: 0.1075077
	speed: 0.0601s/iter; left time: 799.3837s
	iters: 1600, epoch: 4 | loss: 0.1133077
	speed: 0.0593s/iter; left time: 783.1262s
	iters: 1700, epoch: 4 | loss: 0.1879209
	speed: 0.0577s/iter; left time: 755.6437s
	iters: 1800, epoch: 4 | loss: 0.1579859
	speed: 0.0570s/iter; left time: 741.2550s
	iters: 1900, epoch: 4 | loss: 0.1280372
	speed: 0.0575s/iter; left time: 741.8584s
	iters: 2000, epoch: 4 | loss: 0.1115418
	speed: 0.0576s/iter; left time: 737.1398s
	iters: 2100, epoch: 4 | loss: 0.1756747
	speed: 0.0595s/iter; left time: 755.1434s
Epoch: 4 cost time: 127.582195520401
Epoch: 4, Steps: 2114 | Train Loss: 0.1439486 Vali Loss: 0.1592581 Test Loss: 0.1831209
Validation loss decreased (0.169610 --> 0.159258).  Saving model ...
Updating learning rate to 6.25e-05
	iters: 100, epoch: 5 | loss: 0.0918194
	speed: 0.6086s/iter; left time: 7659.3456s
	iters: 200, epoch: 5 | loss: 0.1248638
	speed: 0.0643s/iter; left time: 802.5713s
	iters: 300, epoch: 5 | loss: 0.1352562
	speed: 0.0651s/iter; left time: 806.7677s
	iters: 400, epoch: 5 | loss: 0.1170004
	speed: 0.0625s/iter; left time: 767.6331s
	iters: 500, epoch: 5 | loss: 0.1781904
	speed: 0.0598s/iter; left time: 728.8369s
	iters: 600, epoch: 5 | loss: 0.1707158
	speed: 0.0600s/iter; left time: 724.9810s
	iters: 700, epoch: 5 | loss: 0.1588203
	speed: 0.0586s/iter; left time: 701.8918s
	iters: 800, epoch: 5 | loss: 0.1466074
	speed: 0.0596s/iter; left time: 708.7059s
	iters: 900, epoch: 5 | loss: 0.1787664
	speed: 0.0595s/iter; left time: 701.6847s
	iters: 1000, epoch: 5 | loss: 0.1229321
	speed: 0.0582s/iter; left time: 680.0122s
	iters: 1100, epoch: 5 | loss: 0.1685020
	speed: 0.0546s/iter; left time: 631.9831s
	iters: 1200, epoch: 5 | loss: 0.1313383
	speed: 0.0549s/iter; left time: 630.9060s
	iters: 1300, epoch: 5 | loss: 0.0889756
	speed: 0.0506s/iter; left time: 575.9679s
	iters: 1400, epoch: 5 | loss: 0.1675298
	speed: 0.0500s/iter; left time: 564.4488s
	iters: 1500, epoch: 5 | loss: 0.2491179
	speed: 0.0487s/iter; left time: 544.8610s
	iters: 1600, epoch: 5 | loss: 0.1112766
	speed: 0.0497s/iter; left time: 551.4620s
	iters: 1700, epoch: 5 | loss: 0.1151863
	speed: 0.0503s/iter; left time: 552.2323s
	iters: 1800, epoch: 5 | loss: 0.1008671
	speed: 0.0529s/iter; left time: 575.9696s
	iters: 1900, epoch: 5 | loss: 0.1398329
	speed: 0.0537s/iter; left time: 579.3223s
	iters: 2000, epoch: 5 | loss: 0.1108049
	speed: 0.0526s/iter; left time: 562.0648s
	iters: 2100, epoch: 5 | loss: 0.1440497
	speed: 0.0513s/iter; left time: 543.1413s
Epoch: 5 cost time: 119.0570592880249
Epoch: 5, Steps: 2114 | Train Loss: 0.1336407 Vali Loss: 0.1566228 Test Loss: 0.1763223
Validation loss decreased (0.159258 --> 0.156623).  Saving model ...
Updating learning rate to 3.125e-05
	iters: 100, epoch: 6 | loss: 0.1034548
	speed: 0.5311s/iter; left time: 5561.6355s
	iters: 200, epoch: 6 | loss: 0.1162108
	speed: 0.0560s/iter; left time: 580.5968s
	iters: 300, epoch: 6 | loss: 0.1263324
	speed: 0.0559s/iter; left time: 574.1812s
	iters: 400, epoch: 6 | loss: 0.1350181
	speed: 0.0550s/iter; left time: 559.5276s
	iters: 500, epoch: 6 | loss: 0.1016956
	speed: 0.0580s/iter; left time: 584.2114s
	iters: 600, epoch: 6 | loss: 0.1474760
	speed: 0.0594s/iter; left time: 592.1054s
	iters: 700, epoch: 6 | loss: 0.1070121
	speed: 0.0599s/iter; left time: 591.6318s
	iters: 800, epoch: 6 | loss: 0.1972945
	speed: 0.0568s/iter; left time: 554.6095s
	iters: 900, epoch: 6 | loss: 0.1093514
	speed: 0.0576s/iter; left time: 556.7308s
	iters: 1000, epoch: 6 | loss: 0.1579741
	speed: 0.0586s/iter; left time: 560.9052s
	iters: 1100, epoch: 6 | loss: 0.1192414
	speed: 0.0587s/iter; left time: 555.5001s
	iters: 1200, epoch: 6 | loss: 0.0887234
	speed: 0.0560s/iter; left time: 524.6797s
	iters: 1300, epoch: 6 | loss: 0.0960372
	speed: 0.0561s/iter; left time: 519.8203s
	iters: 1400, epoch: 6 | loss: 0.1624432
	speed: 0.0540s/iter; left time: 495.1523s
	iters: 1500, epoch: 6 | loss: 0.1111441
	speed: 0.0558s/iter; left time: 506.1289s
	iters: 1600, epoch: 6 | loss: 0.1194255
	speed: 0.0585s/iter; left time: 524.5614s
	iters: 1700, epoch: 6 | loss: 0.1151975
	speed: 0.0579s/iter; left time: 513.5529s
	iters: 1800, epoch: 6 | loss: 0.0820619
	speed: 0.0588s/iter; left time: 515.9408s
	iters: 1900, epoch: 6 | loss: 0.0988477
	speed: 0.0615s/iter; left time: 533.1116s
	iters: 2000, epoch: 6 | loss: 0.1389326
	speed: 0.0613s/iter; left time: 525.0439s
	iters: 2100, epoch: 6 | loss: 0.1086246
	speed: 0.0681s/iter; left time: 577.2737s
Epoch: 6 cost time: 123.34156227111816
Epoch: 6, Steps: 2114 | Train Loss: 0.1257690 Vali Loss: 0.1542134 Test Loss: 0.1763876
Validation loss decreased (0.156623 --> 0.154213).  Saving model ...
Updating learning rate to 1.5625e-05
	iters: 100, epoch: 7 | loss: 0.0881898
	speed: 0.6534s/iter; left time: 5460.7215s
	iters: 200, epoch: 7 | loss: 0.0855311
	speed: 0.0614s/iter; left time: 507.0561s
	iters: 300, epoch: 7 | loss: 0.1186895
	speed: 0.0614s/iter; left time: 501.2456s
	iters: 400, epoch: 7 | loss: 0.1414130
	speed: 0.0610s/iter; left time: 491.5306s
	iters: 500, epoch: 7 | loss: 0.1172952
	speed: 0.0600s/iter; left time: 477.4163s
	iters: 600, epoch: 7 | loss: 0.0754057
	speed: 0.0613s/iter; left time: 481.5996s
	iters: 700, epoch: 7 | loss: 0.0671985
	speed: 0.0594s/iter; left time: 460.8589s
	iters: 800, epoch: 7 | loss: 0.1660630
	speed: 0.0581s/iter; left time: 444.7027s
	iters: 900, epoch: 7 | loss: 0.1558301
	speed: 0.0575s/iter; left time: 434.6073s
	iters: 1000, epoch: 7 | loss: 0.1576445
	speed: 0.0554s/iter; left time: 412.8858s
	iters: 1100, epoch: 7 | loss: 0.1731729
	speed: 0.0559s/iter; left time: 411.2498s
	iters: 1200, epoch: 7 | loss: 0.1265096
	speed: 0.0551s/iter; left time: 399.6254s
	iters: 1300, epoch: 7 | loss: 0.1483717
	speed: 0.0579s/iter; left time: 414.2649s
	iters: 1400, epoch: 7 | loss: 0.1145238
	speed: 0.0641s/iter; left time: 452.6036s
	iters: 1500, epoch: 7 | loss: 0.1462148
	speed: 0.0694s/iter; left time: 482.9580s
	iters: 1600, epoch: 7 | loss: 0.1784636
	speed: 0.0664s/iter; left time: 455.0055s
	iters: 1700, epoch: 7 | loss: 0.1122944
	speed: 0.0629s/iter; left time: 425.2792s
	iters: 1800, epoch: 7 | loss: 0.1355840
	speed: 0.0692s/iter; left time: 460.5904s
	iters: 1900, epoch: 7 | loss: 0.1467460
	speed: 0.0670s/iter; left time: 439.5764s
	iters: 2000, epoch: 7 | loss: 0.1443150
	speed: 0.0637s/iter; left time: 411.2610s
	iters: 2100, epoch: 7 | loss: 0.0959963
	speed: 0.0709s/iter; left time: 450.8887s
Epoch: 7 cost time: 131.0955309867859
Epoch: 7, Steps: 2114 | Train Loss: 0.1208818 Vali Loss: 0.1528064 Test Loss: 0.1737859
Validation loss decreased (0.154213 --> 0.152806).  Saving model ...
Updating learning rate to 7.8125e-06
	iters: 100, epoch: 8 | loss: 0.1521473
	speed: 0.7617s/iter; left time: 4755.1514s
	iters: 200, epoch: 8 | loss: 0.1245785
	speed: 0.0813s/iter; left time: 499.7256s
	iters: 300, epoch: 8 | loss: 0.1760412
	speed: 0.0837s/iter; left time: 505.8130s
	iters: 400, epoch: 8 | loss: 0.0956908
	speed: 0.0839s/iter; left time: 498.8270s
	iters: 500, epoch: 8 | loss: 0.1008036
	speed: 0.0826s/iter; left time: 482.8125s
	iters: 600, epoch: 8 | loss: 0.1161527
	speed: 0.0767s/iter; left time: 440.5301s
	iters: 700, epoch: 8 | loss: 0.1194673
	speed: 0.0755s/iter; left time: 425.9966s
	iters: 800, epoch: 8 | loss: 0.1085605
	speed: 0.0751s/iter; left time: 416.5019s
	iters: 900, epoch: 8 | loss: 0.1404489
	speed: 0.0760s/iter; left time: 413.4362s
	iters: 1000, epoch: 8 | loss: 0.1102792
	speed: 0.0768s/iter; left time: 410.1265s
	iters: 1100, epoch: 8 | loss: 0.1064281
	speed: 0.0778s/iter; left time: 407.7548s
	iters: 1200, epoch: 8 | loss: 0.1057560
	speed: 0.0782s/iter; left time: 402.0657s
	iters: 1300, epoch: 8 | loss: 0.1384355
	speed: 0.0770s/iter; left time: 388.4678s
	iters: 1400, epoch: 8 | loss: 0.0979328
	speed: 0.0794s/iter; left time: 392.6944s
	iters: 1500, epoch: 8 | loss: 0.0914033
	speed: 0.0757s/iter; left time: 366.4585s
	iters: 1600, epoch: 8 | loss: 0.1144735
	speed: 0.0751s/iter; left time: 356.0366s
	iters: 1700, epoch: 8 | loss: 0.0943510
	speed: 0.0798s/iter; left time: 370.3312s
	iters: 1800, epoch: 8 | loss: 0.1267124
	speed: 0.0776s/iter; left time: 352.3289s
	iters: 1900, epoch: 8 | loss: 0.0970036
	speed: 0.0768s/iter; left time: 341.1505s
	iters: 2000, epoch: 8 | loss: 0.1479398
	speed: 0.0789s/iter; left time: 342.6732s
	iters: 2100, epoch: 8 | loss: 0.1598462
	speed: 0.0821s/iter; left time: 348.2344s
Epoch: 8 cost time: 166.55491042137146
Epoch: 8, Steps: 2114 | Train Loss: 0.1184228 Vali Loss: 0.1560684 Test Loss: 0.1793703
EarlyStopping counter: 1 out of 3
Updating learning rate to 3.90625e-06
	iters: 100, epoch: 9 | loss: 0.1472502
	speed: 0.6072s/iter; left time: 2507.2771s
	iters: 200, epoch: 9 | loss: 0.0967283
	speed: 0.0486s/iter; left time: 195.9125s
	iters: 300, epoch: 9 | loss: 0.1008617
	speed: 0.0485s/iter; left time: 190.4268s
	iters: 400, epoch: 9 | loss: 0.1169801
	speed: 0.0566s/iter; left time: 216.7031s
	iters: 500, epoch: 9 | loss: 0.1112245
	speed: 0.0634s/iter; left time: 236.4875s
	iters: 600, epoch: 9 | loss: 0.0808538
	speed: 0.0727s/iter; left time: 263.8905s
	iters: 700, epoch: 9 | loss: 0.1155095
	speed: 0.0714s/iter; left time: 251.9908s
	iters: 800, epoch: 9 | loss: 0.0911187
	speed: 0.0717s/iter; left time: 245.7034s
	iters: 900, epoch: 9 | loss: 0.1249530
	speed: 0.0733s/iter; left time: 244.1407s
	iters: 1000, epoch: 9 | loss: 0.1267933
	speed: 0.0729s/iter; left time: 235.4992s
	iters: 1100, epoch: 9 | loss: 0.0905709
	speed: 0.0684s/iter; left time: 214.0223s
	iters: 1200, epoch: 9 | loss: 0.1559359
	speed: 0.0716s/iter; left time: 216.7885s
	iters: 1300, epoch: 9 | loss: 0.0858453
	speed: 0.0748s/iter; left time: 219.1086s
	iters: 1400, epoch: 9 | loss: 0.0902620
	speed: 0.0712s/iter; left time: 201.2864s
	iters: 1500, epoch: 9 | loss: 0.1110018
	speed: 0.0725s/iter; left time: 197.8478s
	iters: 1600, epoch: 9 | loss: 0.0999377
	speed: 0.0754s/iter; left time: 198.1550s
	iters: 1700, epoch: 9 | loss: 0.1690798
	speed: 0.0744s/iter; left time: 188.1522s
	iters: 1800, epoch: 9 | loss: 0.1151180
	speed: 0.0675s/iter; left time: 163.9457s
	iters: 1900, epoch: 9 | loss: 0.1279140
	speed: 0.0726s/iter; left time: 169.0438s
	iters: 2000, epoch: 9 | loss: 0.1042815
	speed: 0.0740s/iter; left time: 164.8940s
	iters: 2100, epoch: 9 | loss: 0.0954209
	speed: 0.0758s/iter; left time: 161.4060s
Epoch: 9 cost time: 143.9875841140747
Epoch: 9, Steps: 2114 | Train Loss: 0.1172466 Vali Loss: 0.1549313 Test Loss: 0.1768473
EarlyStopping counter: 2 out of 3
Updating learning rate to 1.953125e-06
	iters: 100, epoch: 10 | loss: 0.1115161
	speed: 0.6655s/iter; left time: 1341.0017s
	iters: 200, epoch: 10 | loss: 0.1003107
	speed: 0.0714s/iter; left time: 136.7156s
	iters: 300, epoch: 10 | loss: 0.1058783
	speed: 0.0658s/iter; left time: 119.3474s
	iters: 400, epoch: 10 | loss: 0.0759932
	speed: 0.0618s/iter; left time: 105.9266s
	iters: 500, epoch: 10 | loss: 0.0910976
	speed: 0.0638s/iter; left time: 103.1145s
	iters: 600, epoch: 10 | loss: 0.0972984
	speed: 0.0644s/iter; left time: 97.5515s
	iters: 700, epoch: 10 | loss: 0.0984791
	speed: 0.0654s/iter; left time: 92.5816s
	iters: 800, epoch: 10 | loss: 0.1105246
	speed: 0.0649s/iter; left time: 85.3740s
	iters: 900, epoch: 10 | loss: 0.1978884
	speed: 0.0656s/iter; left time: 79.6566s
	iters: 1000, epoch: 10 | loss: 0.1427873
	speed: 0.0658s/iter; left time: 73.3734s
	iters: 1100, epoch: 10 | loss: 0.1094828
	speed: 0.0646s/iter; left time: 65.6049s
	iters: 1200, epoch: 10 | loss: 0.1302983
	speed: 0.0623s/iter; left time: 57.0225s
	iters: 1300, epoch: 10 | loss: 0.0920715
	speed: 0.0611s/iter; left time: 49.7849s
	iters: 1400, epoch: 10 | loss: 0.1451632
	speed: 0.0585s/iter; left time: 41.8584s
	iters: 1500, epoch: 10 | loss: 0.1103747
	speed: 0.0638s/iter; left time: 39.2347s
	iters: 1600, epoch: 10 | loss: 0.1006548
	speed: 0.0610s/iter; left time: 31.3970s
	iters: 1700, epoch: 10 | loss: 0.1619063
	speed: 0.0659s/iter; left time: 27.3299s
	iters: 1800, epoch: 10 | loss: 0.1044034
	speed: 0.0648s/iter; left time: 20.4103s
	iters: 1900, epoch: 10 | loss: 0.1130379
	speed: 0.0683s/iter; left time: 14.6894s
	iters: 2000, epoch: 10 | loss: 0.1030290
	speed: 0.0607s/iter; left time: 6.9857s
	iters: 2100, epoch: 10 | loss: 0.1730290
	speed: 0.0645s/iter; left time: 0.9682s
Epoch: 10 cost time: 135.4218418598175
Epoch: 10, Steps: 2114 | Train Loss: 0.1164681 Vali Loss: 0.1543571 Test Loss: 0.1752645
EarlyStopping counter: 3 out of 3
Early stopping
>>>>>>>testing : long_term_forecast_LBext_solar_iTransformer_2880_s2021_iTransformer_custom_ftM_sl2880_ll48_pl96_dm512_nh8_el3_dl1_df512_expand2_dc4_fc3_ebtimeF_dtTrue_Exp_0<<<<<<<<<<<<<<<<<<<<<<<<<<<<<<<<<
test 10417
test shape: (10417, 96, 137) (10417, 96, 137)
test shape: (10417, 96, 137) (10417, 96, 137)
mse:0.1738925725221634, mae:0.254716694355011, dtw:Not calculated
