Using GPU
Args in experiment:
[1mBasic Config[0m
  Task Name:          long_term_forecast  Is Training:        1                   
  Model ID:           LBext_solar_iTransformer_1440_s2023Model:              iTransformer        

[1mData Loader[0m
  Data:               custom              Root Path:          ./dataset/solar/    
  Data Path:          solar.csv           Features:           M                   
  Target:             OT                  Freq:               h                   
  Checkpoints:        ./checkpoints/      

[1mForecasting Task[0m
  Seq Len:            1440                Label Len:          48                  
  Pred Len:           96                  Seasonal Patterns:  Monthly             
  Inverse:            0                   

[1mModel Parameters[0m
  Top k:              5                   Num Kernels:        6                   
  Enc In:             137                 Dec In:             137                 
  C Out:              137                 d model:            512                 
  n heads:            8                   e layers:           3                   
  d layers:           1                   d FF:               512                 
  Moving Avg:         25                  Factor:             3                   
  Distil:             1                   Dropout:            0.1                 
  Embed:              timeF               Activation:         gelu                

[1mRun Parameters[0m
  Num Workers:        4                   Itr:                1                   
  Train Epochs:       10                  Batch Size:         16                  
  Patience:           3                   Learning Rate:      0.0005              
  Des:                Exp                 Loss:               MSE                 
  Lradj:              type1               Use Amp:            0                   

[1mGPU[0m
  Use GPU:            1                   GPU:                0                   
  Use Multi GPU:      0                   Devices:            0,1,2,3             

[1mDe-stationary Projector Params[0m
  P Hidden Dims:      128, 128            P Hidden Layers:    2                   

Use GPU: cuda:0
🚀 Lazy Loading: iTransformer ...
>>>>>>>start training : long_term_forecast_LBext_solar_iTransformer_1440_s2023_iTransformer_custom_ftM_sl1440_ll48_pl96_dm512_nh8_el3_dl1_df512_expand2_dc4_fc3_ebtimeF_dtTrue_Exp_0>>>>>>>>>>>>>>>>>>>>>>>>>>
train window subsample: keep 33817/35257 windows (max_train_windows=33817)
train 33817
val 5161
test 10417
	iters: 100, epoch: 1 | loss: 0.1981247
	speed: 0.0677s/iter; left time: 1424.4586s
	iters: 200, epoch: 1 | loss: 0.2444803
	speed: 0.0419s/iter; left time: 878.0213s
	iters: 300, epoch: 1 | loss: 0.1590511
	speed: 0.0392s/iter; left time: 816.6769s
	iters: 400, epoch: 1 | loss: 0.1496348
	speed: 0.0396s/iter; left time: 820.5368s
	iters: 500, epoch: 1 | loss: 0.2726803
	speed: 0.0387s/iter; left time: 799.5586s
	iters: 600, epoch: 1 | loss: 0.2178128
	speed: 0.0392s/iter; left time: 805.8783s
	iters: 700, epoch: 1 | loss: 0.1120029
	speed: 0.0418s/iter; left time: 853.7431s
	iters: 800, epoch: 1 | loss: 0.1627322
	speed: 0.0408s/iter; left time: 830.2776s
	iters: 900, epoch: 1 | loss: 0.2037500
	speed: 0.0400s/iter; left time: 810.5773s
	iters: 1000, epoch: 1 | loss: 0.1548058
	speed: 0.0406s/iter; left time: 817.9549s
	iters: 1100, epoch: 1 | loss: 0.1278683
	speed: 0.0409s/iter; left time: 819.7174s
	iters: 1200, epoch: 1 | loss: 0.1767216
	speed: 0.0408s/iter; left time: 813.5348s
	iters: 1300, epoch: 1 | loss: 0.1650611
	speed: 0.0407s/iter; left time: 808.2725s
	iters: 1400, epoch: 1 | loss: 0.1864320
	speed: 0.0417s/iter; left time: 823.5375s
	iters: 1500, epoch: 1 | loss: 0.1372486
	speed: 0.0421s/iter; left time: 826.6928s
	iters: 1600, epoch: 1 | loss: 0.0912431
	speed: 0.0405s/iter; left time: 791.2430s
	iters: 1700, epoch: 1 | loss: 0.1789296
	speed: 0.0408s/iter; left time: 793.9335s
	iters: 1800, epoch: 1 | loss: 0.1401397
	speed: 0.0412s/iter; left time: 796.7306s
	iters: 1900, epoch: 1 | loss: 0.0982146
	speed: 0.0405s/iter; left time: 779.1497s
	iters: 2000, epoch: 1 | loss: 0.1199719
	speed: 0.0400s/iter; left time: 765.5425s
	iters: 2100, epoch: 1 | loss: 0.1786630
	speed: 0.0387s/iter; left time: 737.5312s
Epoch: 1 cost time: 86.50515723228455
Epoch: 1, Steps: 2114 | Train Loss: 0.1836964 Vali Loss: 0.1671129 Test Loss: 0.1816267
Validation loss decreased (inf --> 0.167113).  Saving model ...
Updating learning rate to 0.0005
	iters: 100, epoch: 2 | loss: 0.1702455
	speed: 0.3978s/iter; left time: 7530.0230s
	iters: 200, epoch: 2 | loss: 0.2030908
	speed: 0.0433s/iter; left time: 815.4106s
	iters: 300, epoch: 2 | loss: 0.1611881
	speed: 0.0435s/iter; left time: 814.2287s
	iters: 400, epoch: 2 | loss: 0.1945125
	speed: 0.0439s/iter; left time: 817.5677s
	iters: 500, epoch: 2 | loss: 0.1941947
	speed: 0.0450s/iter; left time: 833.1579s
	iters: 600, epoch: 2 | loss: 0.2207525
	speed: 0.0434s/iter; left time: 799.7317s
	iters: 700, epoch: 2 | loss: 0.1136201
	speed: 0.0445s/iter; left time: 814.7186s
	iters: 800, epoch: 2 | loss: 0.1103004
	speed: 0.0432s/iter; left time: 787.6299s
	iters: 900, epoch: 2 | loss: 0.1759422
	speed: 0.0426s/iter; left time: 771.6013s
	iters: 1000, epoch: 2 | loss: 0.2889130
	speed: 0.0440s/iter; left time: 794.0758s
	iters: 1100, epoch: 2 | loss: 0.1822502
	speed: 0.0430s/iter; left time: 770.5755s
	iters: 1200, epoch: 2 | loss: 0.2655734
	speed: 0.0440s/iter; left time: 784.4590s
	iters: 1300, epoch: 2 | loss: 0.2282661
	speed: 0.0446s/iter; left time: 790.4792s
	iters: 1400, epoch: 2 | loss: 0.1420645
	speed: 0.0444s/iter; left time: 783.1058s
	iters: 1500, epoch: 2 | loss: 0.1400607
	speed: 0.0452s/iter; left time: 791.3687s
	iters: 1600, epoch: 2 | loss: 0.1463186
	speed: 0.0429s/iter; left time: 747.4558s
	iters: 1700, epoch: 2 | loss: 0.1318799
	speed: 0.0455s/iter; left time: 788.4661s
	iters: 1800, epoch: 2 | loss: 0.1463260
	speed: 0.0456s/iter; left time: 786.1856s
	iters: 1900, epoch: 2 | loss: 0.1833864
	speed: 0.0419s/iter; left time: 717.5687s
	iters: 2000, epoch: 2 | loss: 0.2115041
	speed: 0.0422s/iter; left time: 718.7537s
	iters: 2100, epoch: 2 | loss: 0.1211160
	speed: 0.0427s/iter; left time: 722.8740s
Epoch: 2 cost time: 92.92441177368164
Epoch: 2, Steps: 2114 | Train Loss: 0.1688432 Vali Loss: 0.1619386 Test Loss: 0.1805310
Validation loss decreased (0.167113 --> 0.161939).  Saving model ...
Updating learning rate to 0.00025
	iters: 100, epoch: 3 | loss: 0.1379902
	speed: 0.4437s/iter; left time: 7459.9266s
	iters: 200, epoch: 3 | loss: 0.1065407
	speed: 0.0449s/iter; left time: 749.8225s
	iters: 300, epoch: 3 | loss: 0.2164866
	speed: 0.0443s/iter; left time: 735.4891s
	iters: 400, epoch: 3 | loss: 0.2094991
	speed: 0.0434s/iter; left time: 717.2000s
	iters: 500, epoch: 3 | loss: 0.1354221
	speed: 0.0436s/iter; left time: 715.6646s
	iters: 600, epoch: 3 | loss: 0.1153499
	speed: 0.0422s/iter; left time: 689.1194s
	iters: 700, epoch: 3 | loss: 0.1128216
	speed: 0.0433s/iter; left time: 702.2316s
	iters: 800, epoch: 3 | loss: 0.1658190
	speed: 0.0447s/iter; left time: 720.7594s
	iters: 900, epoch: 3 | loss: 0.1392153
	speed: 0.0459s/iter; left time: 735.0735s
	iters: 1000, epoch: 3 | loss: 0.1772633
	speed: 0.0453s/iter; left time: 721.0419s
	iters: 1100, epoch: 3 | loss: 0.0856689
	speed: 0.0440s/iter; left time: 696.0325s
	iters: 1200, epoch: 3 | loss: 0.2121573
	speed: 0.0445s/iter; left time: 699.6104s
	iters: 1300, epoch: 3 | loss: 0.1301662
	speed: 0.0430s/iter; left time: 671.6448s
	iters: 1400, epoch: 3 | loss: 0.1220843
	speed: 0.0439s/iter; left time: 681.5590s
	iters: 1500, epoch: 3 | loss: 0.1518067
	speed: 0.0458s/iter; left time: 705.2587s
	iters: 1600, epoch: 3 | loss: 0.1379358
	speed: 0.0479s/iter; left time: 733.6031s
	iters: 1700, epoch: 3 | loss: 0.1397758
	speed: 0.0475s/iter; left time: 722.5712s
	iters: 1800, epoch: 3 | loss: 0.1115831
	speed: 0.0452s/iter; left time: 682.5631s
	iters: 1900, epoch: 3 | loss: 0.2015304
	speed: 0.0449s/iter; left time: 674.0449s
	iters: 2000, epoch: 3 | loss: 0.1694278
	speed: 0.0431s/iter; left time: 643.3911s
	iters: 2100, epoch: 3 | loss: 0.0905581
	speed: 0.0453s/iter; left time: 671.3556s
Epoch: 3 cost time: 94.8853132724762
Epoch: 3, Steps: 2114 | Train Loss: 0.1515749 Vali Loss: 0.1566242 Test Loss: 0.1762083
Validation loss decreased (0.161939 --> 0.156624).  Saving model ...
Updating learning rate to 0.000125
	iters: 100, epoch: 4 | loss: 0.1199249
	speed: 0.4444s/iter; left time: 6531.9338s
	iters: 200, epoch: 4 | loss: 0.1357722
	speed: 0.0469s/iter; left time: 684.8635s
	iters: 300, epoch: 4 | loss: 0.2844050
	speed: 0.0465s/iter; left time: 674.1286s
	iters: 400, epoch: 4 | loss: 0.1009239
	speed: 0.0456s/iter; left time: 657.0758s
	iters: 500, epoch: 4 | loss: 0.1759307
	speed: 0.0447s/iter; left time: 639.6454s
	iters: 600, epoch: 4 | loss: 0.1813665
	speed: 0.0465s/iter; left time: 659.9962s
	iters: 700, epoch: 4 | loss: 0.1439426
	speed: 0.0450s/iter; left time: 634.2988s
	iters: 800, epoch: 4 | loss: 0.0868857
	speed: 0.0462s/iter; left time: 646.3172s
	iters: 900, epoch: 4 | loss: 0.1397673
	speed: 0.0439s/iter; left time: 609.5793s
	iters: 1000, epoch: 4 | loss: 0.1882549
	speed: 0.0443s/iter; left time: 610.6213s
	iters: 1100, epoch: 4 | loss: 0.1249063
	speed: 0.0432s/iter; left time: 591.2741s
	iters: 1200, epoch: 4 | loss: 0.1230474
	speed: 0.0469s/iter; left time: 637.2850s
	iters: 1300, epoch: 4 | loss: 0.1487644
	speed: 0.0482s/iter; left time: 650.9759s
	iters: 1400, epoch: 4 | loss: 0.1044876
	speed: 0.0491s/iter; left time: 657.6440s
	iters: 1500, epoch: 4 | loss: 0.1337591
	speed: 0.0439s/iter; left time: 583.7833s
	iters: 1600, epoch: 4 | loss: 0.1334226
	speed: 0.0457s/iter; left time: 602.7870s
	iters: 1700, epoch: 4 | loss: 0.1018833
	speed: 0.0473s/iter; left time: 619.0333s
	iters: 1800, epoch: 4 | loss: 0.1444584
	speed: 0.0473s/iter; left time: 614.2236s
	iters: 1900, epoch: 4 | loss: 0.1698509
	speed: 0.0423s/iter; left time: 546.0972s
	iters: 2000, epoch: 4 | loss: 0.1145108
	speed: 0.0404s/iter; left time: 517.3338s
	iters: 2100, epoch: 4 | loss: 0.1115686
	speed: 0.0352s/iter; left time: 447.1390s
Epoch: 4 cost time: 95.31021213531494
Epoch: 4, Steps: 2114 | Train Loss: 0.1356729 Vali Loss: 0.1530786 Test Loss: 0.2025873
Validation loss decreased (0.156624 --> 0.153079).  Saving model ...
Updating learning rate to 6.25e-05
	iters: 100, epoch: 5 | loss: 0.1642354
	speed: 0.2892s/iter; left time: 3639.4782s
	iters: 200, epoch: 5 | loss: 0.1429502
	speed: 0.0315s/iter; left time: 393.8625s
	iters: 300, epoch: 5 | loss: 0.1168146
	speed: 0.0304s/iter; left time: 376.2666s
	iters: 400, epoch: 5 | loss: 0.1123121
	speed: 0.0288s/iter; left time: 353.8192s
	iters: 500, epoch: 5 | loss: 0.0988182
	speed: 0.0288s/iter; left time: 351.4420s
	iters: 600, epoch: 5 | loss: 0.1118866
	speed: 0.0319s/iter; left time: 385.4371s
	iters: 700, epoch: 5 | loss: 0.0934390
	speed: 0.0313s/iter; left time: 374.7908s
	iters: 800, epoch: 5 | loss: 0.1340874
	speed: 0.0349s/iter; left time: 414.4926s
	iters: 900, epoch: 5 | loss: 0.1673053
	speed: 0.0341s/iter; left time: 402.0726s
	iters: 1000, epoch: 5 | loss: 0.1005989
	speed: 0.0305s/iter; left time: 356.9447s
	iters: 1100, epoch: 5 | loss: 0.1028031
	speed: 0.0314s/iter; left time: 364.0481s
	iters: 1200, epoch: 5 | loss: 0.1517911
	speed: 0.0325s/iter; left time: 373.2322s
	iters: 1300, epoch: 5 | loss: 0.1301391
	speed: 0.0300s/iter; left time: 341.9122s
	iters: 1400, epoch: 5 | loss: 0.1346014
	speed: 0.0329s/iter; left time: 371.1711s
	iters: 1500, epoch: 5 | loss: 0.1288864
	speed: 0.0311s/iter; left time: 347.7054s
	iters: 1600, epoch: 5 | loss: 0.1507651
	speed: 0.0301s/iter; left time: 333.6860s
	iters: 1700, epoch: 5 | loss: 0.1047906
	speed: 0.0285s/iter; left time: 312.9249s
	iters: 1800, epoch: 5 | loss: 0.0859135
	speed: 0.0293s/iter; left time: 318.5571s
	iters: 1900, epoch: 5 | loss: 0.1327811
	speed: 0.0300s/iter; left time: 324.0155s
	iters: 2000, epoch: 5 | loss: 0.1762216
	speed: 0.0282s/iter; left time: 301.3129s
	iters: 2100, epoch: 5 | loss: 0.1239985
	speed: 0.0294s/iter; left time: 310.9053s
Epoch: 5 cost time: 65.40052509307861
Epoch: 5, Steps: 2114 | Train Loss: 0.1214925 Vali Loss: 0.1520344 Test Loss: 0.2131706
Validation loss decreased (0.153079 --> 0.152034).  Saving model ...
Updating learning rate to 3.125e-05
	iters: 100, epoch: 6 | loss: 0.1018151
	speed: 0.2937s/iter; left time: 3075.2657s
	iters: 200, epoch: 6 | loss: 0.1330458
	speed: 0.0332s/iter; left time: 344.2925s
	iters: 300, epoch: 6 | loss: 0.0863345
	speed: 0.0319s/iter; left time: 327.8341s
	iters: 400, epoch: 6 | loss: 0.1155757
	speed: 0.0314s/iter; left time: 319.7329s
	iters: 500, epoch: 6 | loss: 0.1209926
	speed: 0.0293s/iter; left time: 294.5949s
	iters: 600, epoch: 6 | loss: 0.1424516
	speed: 0.0293s/iter; left time: 292.2007s
	iters: 700, epoch: 6 | loss: 0.1202959
	speed: 0.0289s/iter; left time: 285.7607s
	iters: 800, epoch: 6 | loss: 0.1269788
	speed: 0.0305s/iter; left time: 297.7413s
	iters: 900, epoch: 6 | loss: 0.0957198
	speed: 0.0291s/iter; left time: 281.6559s
	iters: 1000, epoch: 6 | loss: 0.1218914
	speed: 0.0294s/iter; left time: 281.4863s
	iters: 1100, epoch: 6 | loss: 0.0779240
	speed: 0.0296s/iter; left time: 280.6092s
	iters: 1200, epoch: 6 | loss: 0.0878525
	speed: 0.0283s/iter; left time: 265.0130s
	iters: 1300, epoch: 6 | loss: 0.0741886
	speed: 0.0293s/iter; left time: 271.8666s
	iters: 1400, epoch: 6 | loss: 0.1203145
	speed: 0.0295s/iter; left time: 270.9783s
	iters: 1500, epoch: 6 | loss: 0.1132814
	speed: 0.0308s/iter; left time: 279.3231s
	iters: 1600, epoch: 6 | loss: 0.1189379
	speed: 0.0307s/iter; left time: 275.1000s
	iters: 1700, epoch: 6 | loss: 0.0713129
	speed: 0.0292s/iter; left time: 258.8214s
	iters: 1800, epoch: 6 | loss: 0.1414748
	speed: 0.0324s/iter; left time: 284.2986s
	iters: 1900, epoch: 6 | loss: 0.1135880
	speed: 0.0304s/iter; left time: 263.9872s
	iters: 2000, epoch: 6 | loss: 0.1212484
	speed: 0.0300s/iter; left time: 257.1304s
	iters: 2100, epoch: 6 | loss: 0.0871844
	speed: 0.0301s/iter; left time: 255.3067s
Epoch: 6 cost time: 64.49442386627197
Epoch: 6, Steps: 2114 | Train Loss: 0.1109896 Vali Loss: 0.1546337 Test Loss: 0.2385127
EarlyStopping counter: 1 out of 3
Updating learning rate to 1.5625e-05
	iters: 100, epoch: 7 | loss: 0.1150168
	speed: 0.2905s/iter; left time: 2427.7860s
	iters: 200, epoch: 7 | loss: 0.1506891
	speed: 0.0330s/iter; left time: 272.8105s
	iters: 300, epoch: 7 | loss: 0.0841151
	speed: 0.0325s/iter; left time: 265.4959s
	iters: 400, epoch: 7 | loss: 0.1091585
	speed: 0.0322s/iter; left time: 259.0632s
	iters: 500, epoch: 7 | loss: 0.1242526
	speed: 0.0316s/iter; left time: 251.6076s
	iters: 600, epoch: 7 | loss: 0.0923371
	speed: 0.0314s/iter; left time: 246.5232s
	iters: 700, epoch: 7 | loss: 0.0950942
	speed: 0.0324s/iter; left time: 251.0341s
	iters: 800, epoch: 7 | loss: 0.0803298
	speed: 0.0316s/iter; left time: 242.0360s
	iters: 900, epoch: 7 | loss: 0.1082732
	speed: 0.0320s/iter; left time: 242.1862s
	iters: 1000, epoch: 7 | loss: 0.1338052
	speed: 0.0307s/iter; left time: 229.1043s
	iters: 1100, epoch: 7 | loss: 0.1106192
	speed: 0.0317s/iter; left time: 233.0795s
	iters: 1200, epoch: 7 | loss: 0.0818029
	speed: 0.0327s/iter; left time: 237.4570s
	iters: 1300, epoch: 7 | loss: 0.1037416
	speed: 0.0319s/iter; left time: 228.3626s
	iters: 1400, epoch: 7 | loss: 0.1189985
	speed: 0.0320s/iter; left time: 226.0825s
	iters: 1500, epoch: 7 | loss: 0.0957589
	speed: 0.0294s/iter; left time: 204.7215s
	iters: 1600, epoch: 7 | loss: 0.1046638
	speed: 0.0307s/iter; left time: 210.4140s
	iters: 1700, epoch: 7 | loss: 0.1269879
	speed: 0.0296s/iter; left time: 199.9546s
	iters: 1800, epoch: 7 | loss: 0.1119341
	speed: 0.0288s/iter; left time: 191.8814s
	iters: 1900, epoch: 7 | loss: 0.1247413
	speed: 0.0310s/iter; left time: 203.0174s
	iters: 2000, epoch: 7 | loss: 0.1707625
	speed: 0.0301s/iter; left time: 194.6250s
	iters: 2100, epoch: 7 | loss: 0.0741909
	speed: 0.0310s/iter; left time: 197.2216s
Epoch: 7 cost time: 66.62416815757751
Epoch: 7, Steps: 2114 | Train Loss: 0.1056818 Vali Loss: 0.1606371 Test Loss: 0.2518329
EarlyStopping counter: 2 out of 3
Updating learning rate to 7.8125e-06
	iters: 100, epoch: 8 | loss: 0.0960203
	speed: 0.2901s/iter; left time: 1811.2037s
	iters: 200, epoch: 8 | loss: 0.0996220
	speed: 0.0330s/iter; left time: 202.7171s
	iters: 300, epoch: 8 | loss: 0.0885485
	speed: 0.0319s/iter; left time: 192.6050s
	iters: 400, epoch: 8 | loss: 0.1077467
	speed: 0.0327s/iter; left time: 194.2706s
	iters: 500, epoch: 8 | loss: 0.0940370
	speed: 0.0303s/iter; left time: 177.2673s
	iters: 600, epoch: 8 | loss: 0.1391802
	speed: 0.0296s/iter; left time: 170.2765s
	iters: 700, epoch: 8 | loss: 0.0886928
	speed: 0.0321s/iter; left time: 181.1120s
	iters: 800, epoch: 8 | loss: 0.1004339
	speed: 0.0305s/iter; left time: 169.0541s
	iters: 900, epoch: 8 | loss: 0.0975438
	speed: 0.0323s/iter; left time: 175.7026s
	iters: 1000, epoch: 8 | loss: 0.0954374
	speed: 0.0290s/iter; left time: 154.8856s
	iters: 1100, epoch: 8 | loss: 0.0797475
	speed: 0.0311s/iter; left time: 162.9690s
	iters: 1200, epoch: 8 | loss: 0.1417243
	speed: 0.0312s/iter; left time: 160.7044s
	iters: 1300, epoch: 8 | loss: 0.1015167
	speed: 0.0332s/iter; left time: 167.5612s
	iters: 1400, epoch: 8 | loss: 0.1015851
	speed: 0.0311s/iter; left time: 153.6514s
	iters: 1500, epoch: 8 | loss: 0.0708218
	speed: 0.0305s/iter; left time: 147.8874s
	iters: 1600, epoch: 8 | loss: 0.0576656
	speed: 0.0306s/iter; left time: 145.2317s
	iters: 1700, epoch: 8 | loss: 0.1160164
	speed: 0.0290s/iter; left time: 134.5249s
	iters: 1800, epoch: 8 | loss: 0.0978015
	speed: 0.0276s/iter; left time: 125.4014s
	iters: 1900, epoch: 8 | loss: 0.1334553
	speed: 0.0279s/iter; left time: 123.8903s
	iters: 2000, epoch: 8 | loss: 0.0906473
	speed: 0.0281s/iter; left time: 122.1162s
	iters: 2100, epoch: 8 | loss: 0.1190308
	speed: 0.0290s/iter; left time: 122.9101s
Epoch: 8 cost time: 64.95760321617126
Epoch: 8, Steps: 2114 | Train Loss: 0.1034653 Vali Loss: 0.1529350 Test Loss: 0.2454746
EarlyStopping counter: 3 out of 3
Early stopping
>>>>>>>testing : long_term_forecast_LBext_solar_iTransformer_1440_s2023_iTransformer_custom_ftM_sl1440_ll48_pl96_dm512_nh8_el3_dl1_df512_expand2_dc4_fc3_ebtimeF_dtTrue_Exp_0<<<<<<<<<<<<<<<<<<<<<<<<<<<<<<<<<
test 10417
test shape: (10417, 96, 137) (10417, 96, 137)
test shape: (10417, 96, 137) (10417, 96, 137)
mse:0.21326357126235962, mae:0.2507447898387909, dtw:Not calculated
