Using GPU
Args in experiment:
[1mBasic Config[0m
  Task Name:          long_term_forecast  Is Training:        1                   
  Model ID:           LBext_solar_DLinear_2880_s2021Model:              DLinear             

[1mData Loader[0m
  Data:               custom              Root Path:          ./dataset/solar/    
  Data Path:          solar.csv           Features:           M                   
  Target:             OT                  Freq:               h                   
  Checkpoints:        ./checkpoints/      

[1mForecasting Task[0m
  Seq Len:            2880                Label Len:          48                  
  Pred Len:           96                  Seasonal Patterns:  Monthly             
  Inverse:            0                   

[1mModel Parameters[0m
  Top k:              5                   Num Kernels:        6                   
  Enc In:             137                 Dec In:             137                 
  C Out:              137                 d model:            512                 
  n heads:            8                   e layers:           3                   
  d layers:           1                   d FF:               512                 
  Moving Avg:         25                  Factor:             3                   
  Distil:             1                   Dropout:            0.1                 
  Embed:              timeF               Activation:         gelu                

[1mRun Parameters[0m
  Num Workers:        4                   Itr:                1                   
  Train Epochs:       10                  Batch Size:         16                  
  Patience:           3                   Learning Rate:      0.0005              
  Des:                Exp                 Loss:               MSE                 
  Lradj:              type1               Use Amp:            0                   

[1mGPU[0m
  Use GPU:            1                   GPU:                0                   
  Use Multi GPU:      0                   Devices:            0,1,2,3             

[1mDe-stationary Projector Params[0m
  P Hidden Dims:      128, 128            P Hidden Layers:    2                   

Use GPU: cuda:0
🚀 Lazy Loading: DLinear ...
>>>>>>>start training : long_term_forecast_LBext_solar_DLinear_2880_s2021_DLinear_custom_ftM_sl2880_ll48_pl96_dm512_nh8_el3_dl1_df512_expand2_dc4_fc3_ebtimeF_dtTrue_Exp_0>>>>>>>>>>>>>>>>>>>>>>>>>>
train 33817
val 5161
test 10417
	iters: 100, epoch: 1 | loss: 0.2514687
	speed: 0.0559s/iter; left time: 1175.9889s
	iters: 200, epoch: 1 | loss: 0.2035666
	speed: 0.0374s/iter; left time: 784.0420s
	iters: 300, epoch: 1 | loss: 0.2584003
	speed: 0.0368s/iter; left time: 767.8773s
	iters: 400, epoch: 1 | loss: 0.2159574
	speed: 0.0384s/iter; left time: 795.8080s
	iters: 500, epoch: 1 | loss: 0.2470872
	speed: 0.0376s/iter; left time: 775.4521s
	iters: 600, epoch: 1 | loss: 0.2218575
	speed: 0.0370s/iter; left time: 760.2090s
	iters: 700, epoch: 1 | loss: 0.1997017
	speed: 0.0477s/iter; left time: 975.8330s
	iters: 800, epoch: 1 | loss: 0.2426555
	speed: 0.0436s/iter; left time: 887.1200s
	iters: 900, epoch: 1 | loss: 0.1298002
	speed: 0.0486s/iter; left time: 983.6995s
	iters: 1000, epoch: 1 | loss: 0.1712581
	speed: 0.0535s/iter; left time: 1077.6806s
	iters: 1100, epoch: 1 | loss: 0.1090266
	speed: 0.0588s/iter; left time: 1178.5074s
	iters: 1200, epoch: 1 | loss: 0.1090225
	speed: 0.0650s/iter; left time: 1297.1436s
	iters: 1300, epoch: 1 | loss: 0.1806048
	speed: 0.0674s/iter; left time: 1337.0710s
	iters: 1400, epoch: 1 | loss: 0.1879229
	speed: 0.0662s/iter; left time: 1306.6142s
	iters: 1500, epoch: 1 | loss: 0.1762439
	speed: 0.0614s/iter; left time: 1205.4986s
	iters: 1600, epoch: 1 | loss: 0.1126420
	speed: 0.0588s/iter; left time: 1149.2644s
	iters: 1700, epoch: 1 | loss: 0.1892390
	speed: 0.0643s/iter; left time: 1249.0848s
	iters: 1800, epoch: 1 | loss: 0.1883942
	speed: 0.0615s/iter; left time: 1188.5138s
	iters: 1900, epoch: 1 | loss: 0.1823014
	speed: 0.0584s/iter; left time: 1123.7156s
	iters: 2000, epoch: 1 | loss: 0.1931194
	speed: 0.0690s/iter; left time: 1321.3149s
	iters: 2100, epoch: 1 | loss: 0.1681059
	speed: 0.0613s/iter; left time: 1167.1152s
Epoch: 1 cost time: 112.37321066856384
Epoch: 1, Steps: 2114 | Train Loss: 0.1910988 Vali Loss: 0.2431181 Test Loss: 0.2379962
Validation loss decreased (inf --> 0.243118).  Saving model ...
Updating learning rate to 0.0005
	iters: 100, epoch: 2 | loss: 0.1453568
	speed: 0.6331s/iter; left time: 11981.7699s
	iters: 200, epoch: 2 | loss: 0.3728291
	speed: 0.0547s/iter; left time: 1029.9245s
	iters: 300, epoch: 2 | loss: 0.1369582
	speed: 0.0539s/iter; left time: 1009.8611s
	iters: 400, epoch: 2 | loss: 0.2447558
	speed: 0.0550s/iter; left time: 1024.0273s
	iters: 500, epoch: 2 | loss: 0.1317606
	speed: 0.0568s/iter; left time: 1052.2400s
	iters: 600, epoch: 2 | loss: 0.2023811
	speed: 0.0479s/iter; left time: 882.6398s
	iters: 700, epoch: 2 | loss: 0.2496822
	speed: 0.0408s/iter; left time: 747.9703s
	iters: 800, epoch: 2 | loss: 0.1824963
	speed: 0.0439s/iter; left time: 801.0589s
	iters: 900, epoch: 2 | loss: 0.1424184
	speed: 0.0414s/iter; left time: 751.1330s
	iters: 1000, epoch: 2 | loss: 0.1639552
	speed: 0.0408s/iter; left time: 734.6872s
	iters: 1100, epoch: 2 | loss: 0.1533201
	speed: 0.0402s/iter; left time: 721.4013s
	iters: 1200, epoch: 2 | loss: 0.1765247
	speed: 0.0443s/iter; left time: 790.2216s
	iters: 1300, epoch: 2 | loss: 0.1938430
	speed: 0.0638s/iter; left time: 1130.7151s
	iters: 1400, epoch: 2 | loss: 0.1501577
	speed: 0.0585s/iter; left time: 1030.8758s
	iters: 1500, epoch: 2 | loss: 0.1917227
	speed: 0.0648s/iter; left time: 1135.5350s
	iters: 1600, epoch: 2 | loss: 0.1554488
	speed: 0.0649s/iter; left time: 1131.1315s
	iters: 1700, epoch: 2 | loss: 0.1276115
	speed: 0.0599s/iter; left time: 1038.1234s
	iters: 1800, epoch: 2 | loss: 0.2756178
	speed: 0.0564s/iter; left time: 971.0177s
	iters: 1900, epoch: 2 | loss: 0.2200193
	speed: 0.0535s/iter; left time: 916.5734s
	iters: 2000, epoch: 2 | loss: 0.2256339
	speed: 0.0518s/iter; left time: 881.3881s
	iters: 2100, epoch: 2 | loss: 0.1870285
	speed: 0.0523s/iter; left time: 886.0555s
Epoch: 2 cost time: 110.69696998596191
Epoch: 2, Steps: 2114 | Train Loss: 0.1890590 Vali Loss: 0.2069321 Test Loss: 0.2136023
Validation loss decreased (0.243118 --> 0.206932).  Saving model ...
Updating learning rate to 0.00025
	iters: 100, epoch: 3 | loss: 0.0956793
	speed: 0.5821s/iter; left time: 9787.5702s
	iters: 200, epoch: 3 | loss: 0.1546613
	speed: 0.0522s/iter; left time: 871.9648s
	iters: 300, epoch: 3 | loss: 0.1665587
	speed: 0.0577s/iter; left time: 958.7634s
	iters: 400, epoch: 3 | loss: 0.1886265
	speed: 0.0562s/iter; left time: 928.5838s
	iters: 500, epoch: 3 | loss: 0.1700338
	speed: 0.0569s/iter; left time: 934.2141s
	iters: 600, epoch: 3 | loss: 0.2785932
	speed: 0.0553s/iter; left time: 901.3474s
	iters: 700, epoch: 3 | loss: 0.1450332
	speed: 0.0532s/iter; left time: 862.2271s
	iters: 800, epoch: 3 | loss: 0.2070479
	speed: 0.0546s/iter; left time: 880.3814s
	iters: 900, epoch: 3 | loss: 0.1242807
	speed: 0.0532s/iter; left time: 851.6540s
	iters: 1000, epoch: 3 | loss: 0.1363833
	speed: 0.0495s/iter; left time: 788.0178s
	iters: 1100, epoch: 3 | loss: 0.1063152
	speed: 0.0462s/iter; left time: 730.4646s
	iters: 1200, epoch: 3 | loss: 0.1332794
	speed: 0.0482s/iter; left time: 757.3144s
	iters: 1300, epoch: 3 | loss: 0.2390283
	speed: 0.0485s/iter; left time: 757.9377s
	iters: 1400, epoch: 3 | loss: 0.1201277
	speed: 0.0495s/iter; left time: 767.3941s
	iters: 1500, epoch: 3 | loss: 0.2175696
	speed: 0.0484s/iter; left time: 746.1575s
	iters: 1600, epoch: 3 | loss: 0.2460801
	speed: 0.0508s/iter; left time: 778.3398s
	iters: 1700, epoch: 3 | loss: 0.1604735
	speed: 0.0491s/iter; left time: 747.5726s
	iters: 1800, epoch: 3 | loss: 0.1664322
	speed: 0.0472s/iter; left time: 713.7755s
	iters: 1900, epoch: 3 | loss: 0.1157618
	speed: 0.0491s/iter; left time: 737.1724s
	iters: 2000, epoch: 3 | loss: 0.1980161
	speed: 0.0505s/iter; left time: 752.7795s
	iters: 2100, epoch: 3 | loss: 0.0872357
	speed: 0.0515s/iter; left time: 762.7336s
Epoch: 3 cost time: 109.18821859359741
Epoch: 3, Steps: 2114 | Train Loss: 0.1679887 Vali Loss: 0.1719767 Test Loss: 0.1891967
Validation loss decreased (0.206932 --> 0.171977).  Saving model ...
Updating learning rate to 0.000125
	iters: 100, epoch: 4 | loss: 0.1346621
	speed: 0.6180s/iter; left time: 9084.3310s
	iters: 200, epoch: 4 | loss: 0.1691972
	speed: 0.0534s/iter; left time: 779.5263s
	iters: 300, epoch: 4 | loss: 0.1284285
	speed: 0.0500s/iter; left time: 724.3684s
	iters: 400, epoch: 4 | loss: 0.1738565
	speed: 0.0513s/iter; left time: 738.3810s
	iters: 500, epoch: 4 | loss: 0.2171981
	speed: 0.0530s/iter; left time: 758.3375s
	iters: 600, epoch: 4 | loss: 0.1590317
	speed: 0.0514s/iter; left time: 729.2218s
	iters: 700, epoch: 4 | loss: 0.1279049
	speed: 0.0502s/iter; left time: 708.0597s
	iters: 800, epoch: 4 | loss: 0.1749108
	speed: 0.0491s/iter; left time: 687.6655s
	iters: 900, epoch: 4 | loss: 0.1459447
	speed: 0.0466s/iter; left time: 647.9737s
	iters: 1000, epoch: 4 | loss: 0.1141850
	speed: 0.0482s/iter; left time: 664.6746s
	iters: 1100, epoch: 4 | loss: 0.1880816
	speed: 0.0500s/iter; left time: 684.3497s
	iters: 1200, epoch: 4 | loss: 0.1346951
	speed: 0.0489s/iter; left time: 664.5759s
	iters: 1300, epoch: 4 | loss: 0.1445932
	speed: 0.0506s/iter; left time: 682.9130s
	iters: 1400, epoch: 4 | loss: 0.1885370
	speed: 0.0507s/iter; left time: 679.7092s
	iters: 1500, epoch: 4 | loss: 0.2318348
	speed: 0.0525s/iter; left time: 698.1660s
	iters: 1600, epoch: 4 | loss: 0.1291728
	speed: 0.0531s/iter; left time: 701.1423s
	iters: 1700, epoch: 4 | loss: 0.2112830
	speed: 0.0524s/iter; left time: 686.3415s
	iters: 1800, epoch: 4 | loss: 0.2018551
	speed: 0.0528s/iter; left time: 686.9081s
	iters: 1900, epoch: 4 | loss: 0.0817536
	speed: 0.0526s/iter; left time: 678.4951s
	iters: 2000, epoch: 4 | loss: 0.2357034
	speed: 0.0508s/iter; left time: 649.9171s
	iters: 2100, epoch: 4 | loss: 0.1287289
	speed: 0.0505s/iter; left time: 640.8694s
Epoch: 4 cost time: 108.38958668708801
Epoch: 4, Steps: 2114 | Train Loss: 0.1600657 Vali Loss: 0.1626514 Test Loss: 0.1808719
Validation loss decreased (0.171977 --> 0.162651).  Saving model ...
Updating learning rate to 6.25e-05
	iters: 100, epoch: 5 | loss: 0.1399284
	speed: 0.5755s/iter; left time: 7242.9527s
	iters: 200, epoch: 5 | loss: 0.1638351
	speed: 0.0530s/iter; left time: 661.1376s
	iters: 300, epoch: 5 | loss: 0.1534196
	speed: 0.0509s/iter; left time: 630.4760s
	iters: 400, epoch: 5 | loss: 0.1514910
	speed: 0.0492s/iter; left time: 604.9182s
	iters: 500, epoch: 5 | loss: 0.1021182
	speed: 0.0476s/iter; left time: 580.4024s
	iters: 600, epoch: 5 | loss: 0.0900288
	speed: 0.0448s/iter; left time: 541.4601s
	iters: 700, epoch: 5 | loss: 0.1261248
	speed: 0.0462s/iter; left time: 553.2384s
	iters: 800, epoch: 5 | loss: 0.1705705
	speed: 0.0448s/iter; left time: 531.9200s
	iters: 900, epoch: 5 | loss: 0.1527723
	speed: 0.0428s/iter; left time: 504.6952s
	iters: 1000, epoch: 5 | loss: 0.0826063
	speed: 0.0423s/iter; left time: 494.8304s
	iters: 1100, epoch: 5 | loss: 0.1168176
	speed: 0.0400s/iter; left time: 463.7375s
	iters: 1200, epoch: 5 | loss: 0.1200683
	speed: 0.0394s/iter; left time: 452.6258s
	iters: 1300, epoch: 5 | loss: 0.1699663
	speed: 0.0408s/iter; left time: 464.2671s
	iters: 1400, epoch: 5 | loss: 0.1319988
	speed: 0.0437s/iter; left time: 493.5771s
	iters: 1500, epoch: 5 | loss: 0.1517303
	speed: 0.0435s/iter; left time: 486.1324s
	iters: 1600, epoch: 5 | loss: 0.1861751
	speed: 0.0429s/iter; left time: 476.0489s
	iters: 1700, epoch: 5 | loss: 0.1185680
	speed: 0.0402s/iter; left time: 441.3086s
	iters: 1800, epoch: 5 | loss: 0.2067058
	speed: 0.0401s/iter; left time: 436.3957s
	iters: 1900, epoch: 5 | loss: 0.1073757
	speed: 0.0427s/iter; left time: 460.7628s
	iters: 2000, epoch: 5 | loss: 0.1859865
	speed: 0.0425s/iter; left time: 454.5839s
	iters: 2100, epoch: 5 | loss: 0.1303332
	speed: 0.0407s/iter; left time: 431.1317s
Epoch: 5 cost time: 93.4948217868805
Epoch: 5, Steps: 2114 | Train Loss: 0.1554527 Vali Loss: 0.1621241 Test Loss: 0.1833003
Validation loss decreased (0.162651 --> 0.162124).  Saving model ...
Updating learning rate to 3.125e-05
	iters: 100, epoch: 6 | loss: 0.1578522
	speed: 0.4761s/iter; left time: 4985.5319s
	iters: 200, epoch: 6 | loss: 0.1295948
	speed: 0.0457s/iter; left time: 473.7623s
	iters: 300, epoch: 6 | loss: 0.1590598
	speed: 0.0451s/iter; left time: 463.0874s
	iters: 400, epoch: 6 | loss: 0.1973989
	speed: 0.0476s/iter; left time: 483.8987s
	iters: 500, epoch: 6 | loss: 0.1082257
	speed: 0.0494s/iter; left time: 497.8008s
	iters: 600, epoch: 6 | loss: 0.1339208
	speed: 0.0471s/iter; left time: 469.9697s
	iters: 700, epoch: 6 | loss: 0.1209799
	speed: 0.0497s/iter; left time: 490.3310s
	iters: 800, epoch: 6 | loss: 0.2048854
	speed: 0.0465s/iter; left time: 454.4966s
	iters: 900, epoch: 6 | loss: 0.1424902
	speed: 0.0474s/iter; left time: 458.3869s
	iters: 1000, epoch: 6 | loss: 0.1285128
	speed: 0.0490s/iter; left time: 468.5390s
	iters: 1100, epoch: 6 | loss: 0.1152828
	speed: 0.0537s/iter; left time: 508.5985s
	iters: 1200, epoch: 6 | loss: 0.0924386
	speed: 0.0480s/iter; left time: 449.6355s
	iters: 1300, epoch: 6 | loss: 0.1323923
	speed: 0.0468s/iter; left time: 433.5234s
	iters: 1400, epoch: 6 | loss: 0.0994449
	speed: 0.0460s/iter; left time: 422.0588s
	iters: 1500, epoch: 6 | loss: 0.1488017
	speed: 0.0442s/iter; left time: 401.0846s
	iters: 1600, epoch: 6 | loss: 0.1562563
	speed: 0.0460s/iter; left time: 412.2724s
	iters: 1700, epoch: 6 | loss: 0.1194550
	speed: 0.0484s/iter; left time: 429.5745s
	iters: 1800, epoch: 6 | loss: 0.0956023
	speed: 0.0485s/iter; left time: 425.6184s
	iters: 1900, epoch: 6 | loss: 0.0892245
	speed: 0.0492s/iter; left time: 426.4652s
	iters: 2000, epoch: 6 | loss: 0.0977091
	speed: 0.0505s/iter; left time: 432.8502s
	iters: 2100, epoch: 6 | loss: 0.1962856
	speed: 0.0505s/iter; left time: 427.9322s
Epoch: 6 cost time: 101.45774269104004
Epoch: 6, Steps: 2114 | Train Loss: 0.1531019 Vali Loss: 0.1592021 Test Loss: 0.1805966
Validation loss decreased (0.162124 --> 0.159202).  Saving model ...
Updating learning rate to 1.5625e-05
	iters: 100, epoch: 7 | loss: 0.1768699
	speed: 0.6232s/iter; left time: 5208.2058s
	iters: 200, epoch: 7 | loss: 0.2014183
	speed: 0.0516s/iter; left time: 425.9795s
	iters: 300, epoch: 7 | loss: 0.1700007
	speed: 0.0504s/iter; left time: 410.9543s
	iters: 400, epoch: 7 | loss: 0.2127883
	speed: 0.0504s/iter; left time: 406.3956s
	iters: 500, epoch: 7 | loss: 0.1130085
	speed: 0.0503s/iter; left time: 399.9343s
	iters: 600, epoch: 7 | loss: 0.1490949
	speed: 0.0527s/iter; left time: 413.7985s
	iters: 700, epoch: 7 | loss: 0.1155638
	speed: 0.0513s/iter; left time: 397.9918s
	iters: 800, epoch: 7 | loss: 0.1894287
	speed: 0.0528s/iter; left time: 404.3265s
	iters: 900, epoch: 7 | loss: 0.2099431
	speed: 0.0493s/iter; left time: 372.5600s
	iters: 1000, epoch: 7 | loss: 0.1366321
	speed: 0.0506s/iter; left time: 377.1563s
	iters: 1100, epoch: 7 | loss: 0.1463878
	speed: 0.0487s/iter; left time: 358.1857s
	iters: 1200, epoch: 7 | loss: 0.0826975
	speed: 0.0499s/iter; left time: 362.3836s
	iters: 1300, epoch: 7 | loss: 0.1329673
	speed: 0.0462s/iter; left time: 330.5230s
	iters: 1400, epoch: 7 | loss: 0.1950866
	speed: 0.0476s/iter; left time: 336.2407s
	iters: 1500, epoch: 7 | loss: 0.1111497
	speed: 0.0451s/iter; left time: 314.0073s
	iters: 1600, epoch: 7 | loss: 0.1910803
	speed: 0.0461s/iter; left time: 316.1981s
	iters: 1700, epoch: 7 | loss: 0.2175081
	speed: 0.0456s/iter; left time: 307.9021s
	iters: 1800, epoch: 7 | loss: 0.1608295
	speed: 0.0466s/iter; left time: 310.2882s
	iters: 1900, epoch: 7 | loss: 0.0935586
	speed: 0.0514s/iter; left time: 337.1605s
	iters: 2000, epoch: 7 | loss: 0.1263215
	speed: 0.0554s/iter; left time: 357.8839s
	iters: 2100, epoch: 7 | loss: 0.1699622
	speed: 0.0586s/iter; left time: 372.5108s
Epoch: 7 cost time: 106.88910365104675
Epoch: 7, Steps: 2114 | Train Loss: 0.1518452 Vali Loss: 0.1593038 Test Loss: 0.1797153
EarlyStopping counter: 1 out of 3
Updating learning rate to 7.8125e-06
	iters: 100, epoch: 8 | loss: 0.1085588
	speed: 0.6396s/iter; left time: 3993.1241s
	iters: 200, epoch: 8 | loss: 0.0965897
	speed: 0.0623s/iter; left time: 382.7673s
	iters: 300, epoch: 8 | loss: 0.1090952
	speed: 0.0605s/iter; left time: 365.3046s
	iters: 400, epoch: 8 | loss: 0.2050065
	speed: 0.0595s/iter; left time: 353.4261s
	iters: 500, epoch: 8 | loss: 0.1155555
	speed: 0.0616s/iter; left time: 360.0314s
	iters: 600, epoch: 8 | loss: 0.2053770
	speed: 0.0625s/iter; left time: 359.1315s
	iters: 700, epoch: 8 | loss: 0.1601534
	speed: 0.0610s/iter; left time: 344.0990s
	iters: 800, epoch: 8 | loss: 0.1231660
	speed: 0.0662s/iter; left time: 366.8178s
	iters: 900, epoch: 8 | loss: 0.1823356
	speed: 0.0671s/iter; left time: 365.3178s
	iters: 1000, epoch: 8 | loss: 0.2921802
	speed: 0.0655s/iter; left time: 350.0828s
	iters: 1100, epoch: 8 | loss: 0.1973679
	speed: 0.0716s/iter; left time: 375.4706s
	iters: 1200, epoch: 8 | loss: 0.1506760
	speed: 0.0704s/iter; left time: 362.0445s
	iters: 1300, epoch: 8 | loss: 0.1310219
	speed: 0.0703s/iter; left time: 354.6370s
	iters: 1400, epoch: 8 | loss: 0.2178975
	speed: 0.0680s/iter; left time: 336.2179s
	iters: 1500, epoch: 8 | loss: 0.0894377
	speed: 0.0650s/iter; left time: 314.6407s
	iters: 1600, epoch: 8 | loss: 0.2102265
	speed: 0.0621s/iter; left time: 294.4746s
	iters: 1700, epoch: 8 | loss: 0.1574048
	speed: 0.0619s/iter; left time: 287.2381s
	iters: 1800, epoch: 8 | loss: 0.1005658
	speed: 0.0621s/iter; left time: 282.2397s
	iters: 1900, epoch: 8 | loss: 0.1249406
	speed: 0.0633s/iter; left time: 281.0267s
	iters: 2000, epoch: 8 | loss: 0.1300837
	speed: 0.0639s/iter; left time: 277.4893s
	iters: 2100, epoch: 8 | loss: 0.1670396
	speed: 0.0669s/iter; left time: 283.6754s
Epoch: 8 cost time: 136.81566953659058
Epoch: 8, Steps: 2114 | Train Loss: 0.1510747 Vali Loss: 0.1583242 Test Loss: 0.1773089
Validation loss decreased (0.159202 --> 0.158324).  Saving model ...
Updating learning rate to 3.90625e-06
	iters: 100, epoch: 9 | loss: 0.2323896
	speed: 0.7443s/iter; left time: 3073.4172s
	iters: 200, epoch: 9 | loss: 0.1127774
	speed: 0.0736s/iter; left time: 296.4313s
	iters: 300, epoch: 9 | loss: 0.1625766
	speed: 0.0727s/iter; left time: 285.7983s
	iters: 400, epoch: 9 | loss: 0.1562558
	speed: 0.0749s/iter; left time: 286.8585s
	iters: 500, epoch: 9 | loss: 0.2932267
	speed: 0.0722s/iter; left time: 269.2775s
	iters: 600, epoch: 9 | loss: 0.1780948
	speed: 0.0647s/iter; left time: 234.9480s
	iters: 700, epoch: 9 | loss: 0.1700946
	speed: 0.0528s/iter; left time: 186.2728s
	iters: 800, epoch: 9 | loss: 0.1847667
	speed: 0.0434s/iter; left time: 148.9287s
	iters: 900, epoch: 9 | loss: 0.1274488
	speed: 0.0498s/iter; left time: 165.6986s
	iters: 1000, epoch: 9 | loss: 0.0984244
	speed: 0.0389s/iter; left time: 125.5539s
	iters: 1100, epoch: 9 | loss: 0.0750516
	speed: 0.0408s/iter; left time: 127.7954s
	iters: 1200, epoch: 9 | loss: 0.1176194
	speed: 0.0400s/iter; left time: 121.3038s
	iters: 1300, epoch: 9 | loss: 0.1746121
	speed: 0.0438s/iter; left time: 128.2102s
	iters: 1400, epoch: 9 | loss: 0.1831560
	speed: 0.0441s/iter; left time: 124.6389s
	iters: 1500, epoch: 9 | loss: 0.1257728
	speed: 0.0394s/iter; left time: 107.6430s
	iters: 1600, epoch: 9 | loss: 0.1684067
	speed: 0.0431s/iter; left time: 113.2679s
	iters: 1700, epoch: 9 | loss: 0.1633781
	speed: 0.0406s/iter; left time: 102.7371s
	iters: 1800, epoch: 9 | loss: 0.2167792
	speed: 0.0410s/iter; left time: 99.7043s
	iters: 1900, epoch: 9 | loss: 0.1157012
	speed: 0.0412s/iter; left time: 95.9661s
	iters: 2000, epoch: 9 | loss: 0.0840738
	speed: 0.0456s/iter; left time: 101.6945s
	iters: 2100, epoch: 9 | loss: 0.1909164
	speed: 0.0538s/iter; left time: 114.6177s
Epoch: 9 cost time: 109.86675691604614
Epoch: 9, Steps: 2114 | Train Loss: 0.1506968 Vali Loss: 0.1580854 Test Loss: 0.1780151
Validation loss decreased (0.158324 --> 0.158085).  Saving model ...
Updating learning rate to 1.953125e-06
	iters: 100, epoch: 10 | loss: 0.1055737
	speed: 0.6625s/iter; left time: 1334.8761s
	iters: 200, epoch: 10 | loss: 0.1591119
	speed: 0.0611s/iter; left time: 116.9687s
	iters: 300, epoch: 10 | loss: 0.2111941
	speed: 0.0567s/iter; left time: 102.9332s
	iters: 400, epoch: 10 | loss: 0.0782506
	speed: 0.0598s/iter; left time: 102.5275s
	iters: 500, epoch: 10 | loss: 0.1358075
	speed: 0.0622s/iter; left time: 100.3737s
	iters: 600, epoch: 10 | loss: 0.1268101
	speed: 0.0603s/iter; left time: 91.2926s
	iters: 700, epoch: 10 | loss: 0.2132226
	speed: 0.0669s/iter; left time: 94.6519s
	iters: 800, epoch: 10 | loss: 0.1859210
	speed: 0.0562s/iter; left time: 73.9479s
	iters: 900, epoch: 10 | loss: 0.1782186
	speed: 0.0643s/iter; left time: 78.1053s
	iters: 1000, epoch: 10 | loss: 0.2743871
	speed: 0.0510s/iter; left time: 56.9179s
	iters: 1100, epoch: 10 | loss: 0.1516447
	speed: 0.0523s/iter; left time: 53.1149s
	iters: 1200, epoch: 10 | loss: 0.1109093
	speed: 0.0573s/iter; left time: 52.3902s
	iters: 1300, epoch: 10 | loss: 0.0858566
	speed: 0.0596s/iter; left time: 48.5697s
	iters: 1400, epoch: 10 | loss: 0.1675889
	speed: 0.0571s/iter; left time: 40.8197s
	iters: 1500, epoch: 10 | loss: 0.2604378
	speed: 0.0571s/iter; left time: 35.1047s
	iters: 1600, epoch: 10 | loss: 0.1062790
	speed: 0.0601s/iter; left time: 30.9660s
	iters: 1700, epoch: 10 | loss: 0.0946774
	speed: 0.0591s/iter; left time: 24.5292s
	iters: 1800, epoch: 10 | loss: 0.1331336
	speed: 0.0557s/iter; left time: 17.5388s
	iters: 1900, epoch: 10 | loss: 0.1306150
	speed: 0.0584s/iter; left time: 12.5634s
	iters: 2000, epoch: 10 | loss: 0.1768885
	speed: 0.0598s/iter; left time: 6.8785s
	iters: 2100, epoch: 10 | loss: 0.1133924
	speed: 0.0549s/iter; left time: 0.8234s
Epoch: 10 cost time: 123.53640222549438
Epoch: 10, Steps: 2114 | Train Loss: 0.1504969 Vali Loss: 0.1579128 Test Loss: 0.1778515
Validation loss decreased (0.158085 --> 0.157913).  Saving model ...
Updating learning rate to 9.765625e-07
>>>>>>>testing : long_term_forecast_LBext_solar_DLinear_2880_s2021_DLinear_custom_ftM_sl2880_ll48_pl96_dm512_nh8_el3_dl1_df512_expand2_dc4_fc3_ebtimeF_dtTrue_Exp_0<<<<<<<<<<<<<<<<<<<<<<<<<<<<<<<<<
test 10417
test shape: (10417, 96, 137) (10417, 96, 137)
test shape: (10417, 96, 137) (10417, 96, 137)
mse:0.17765091359615326, mae:0.23724718391895294, dtw:Not calculated
