Using GPU
Args in experiment:
[1mBasic Config[0m
  Task Name:          long_term_forecast  Is Training:        1                   
  Model ID:           LBext_solar_iTransformer_2880_s2023Model:              iTransformer        

[1mData Loader[0m
  Data:               custom              Root Path:          ./dataset/solar/    
  Data Path:          solar.csv           Features:           M                   
  Target:             OT                  Freq:               h                   
  Checkpoints:        ./checkpoints/      

[1mForecasting Task[0m
  Seq Len:            2880                Label Len:          48                  
  Pred Len:           96                  Seasonal Patterns:  Monthly             
  Inverse:            0                   

[1mModel Parameters[0m
  Top k:              5                   Num Kernels:        6                   
  Enc In:             137                 Dec In:             137                 
  C Out:              137                 d model:            512                 
  n heads:            8                   e layers:           3                   
  d layers:           1                   d FF:               512                 
  Moving Avg:         25                  Factor:             3                   
  Distil:             1                   Dropout:            0.1                 
  Embed:              timeF               Activation:         gelu                

[1mRun Parameters[0m
  Num Workers:        4                   Itr:                1                   
  Train Epochs:       10                  Batch Size:         16                  
  Patience:           3                   Learning Rate:      0.0005              
  Des:                Exp                 Loss:               MSE                 
  Lradj:              type1               Use Amp:            0                   

[1mGPU[0m
  Use GPU:            1                   GPU:                0                   
  Use Multi GPU:      0                   Devices:            0,1,2,3             

[1mDe-stationary Projector Params[0m
  P Hidden Dims:      128, 128            P Hidden Layers:    2                   

Use GPU: cuda:0
🚀 Lazy Loading: iTransformer ...
>>>>>>>start training : long_term_forecast_LBext_solar_iTransformer_2880_s2023_iTransformer_custom_ftM_sl2880_ll48_pl96_dm512_nh8_el3_dl1_df512_expand2_dc4_fc3_ebtimeF_dtTrue_Exp_0>>>>>>>>>>>>>>>>>>>>>>>>>>
train 33817
val 5161
test 10417
	iters: 100, epoch: 1 | loss: 0.1747450
	speed: 0.1050s/iter; left time: 2210.0560s
	iters: 200, epoch: 1 | loss: 0.2423459
	speed: 0.0745s/iter; left time: 1560.3087s
	iters: 300, epoch: 1 | loss: 0.2191606
	speed: 0.0731s/iter; left time: 1523.0752s
	iters: 400, epoch: 1 | loss: 0.2311804
	speed: 0.0725s/iter; left time: 1504.0221s
	iters: 500, epoch: 1 | loss: 0.3025140
	speed: 0.0796s/iter; left time: 1642.8994s
	iters: 600, epoch: 1 | loss: 0.1111894
	speed: 0.0753s/iter; left time: 1545.9475s
	iters: 700, epoch: 1 | loss: 0.2118006
	speed: 0.0718s/iter; left time: 1468.2444s
	iters: 800, epoch: 1 | loss: 0.1682260
	speed: 0.0740s/iter; left time: 1504.5183s
	iters: 900, epoch: 1 | loss: 0.1650968
	speed: 0.0739s/iter; left time: 1496.2376s
	iters: 1000, epoch: 1 | loss: 0.1671751
	speed: 0.0768s/iter; left time: 1547.0302s
	iters: 1100, epoch: 1 | loss: 0.2286879
	speed: 0.0761s/iter; left time: 1525.7700s
	iters: 1200, epoch: 1 | loss: 0.1898769
	speed: 0.0728s/iter; left time: 1451.2773s
	iters: 1300, epoch: 1 | loss: 0.1357985
	speed: 0.0732s/iter; left time: 1452.9039s
	iters: 1400, epoch: 1 | loss: 0.1653438
	speed: 0.0740s/iter; left time: 1460.7603s
	iters: 1500, epoch: 1 | loss: 0.2301661
	speed: 0.0774s/iter; left time: 1519.6808s
	iters: 1600, epoch: 1 | loss: 0.1476500
	speed: 0.0747s/iter; left time: 1460.5214s
	iters: 1700, epoch: 1 | loss: 0.1730728
	speed: 0.0726s/iter; left time: 1410.9560s
	iters: 1800, epoch: 1 | loss: 0.2010447
	speed: 0.0748s/iter; left time: 1446.9037s
	iters: 1900, epoch: 1 | loss: 0.1534352
	speed: 0.0688s/iter; left time: 1322.9430s
	iters: 2000, epoch: 1 | loss: 0.3063041
	speed: 0.0680s/iter; left time: 1301.5594s
	iters: 2100, epoch: 1 | loss: 0.1417604
	speed: 0.0722s/iter; left time: 1374.3114s
Epoch: 1 cost time: 157.38647055625916
Epoch: 1, Steps: 2114 | Train Loss: 0.1843888 Vali Loss: 0.1892060 Test Loss: 0.2229615
Validation loss decreased (inf --> 0.189206).  Saving model ...
Updating learning rate to 0.0005
	iters: 100, epoch: 2 | loss: 0.1479950
	speed: 0.5687s/iter; left time: 10763.6422s
	iters: 200, epoch: 2 | loss: 0.1697463
	speed: 0.0480s/iter; left time: 903.7738s
	iters: 300, epoch: 2 | loss: 0.2254297
	speed: 0.0489s/iter; left time: 915.9787s
	iters: 400, epoch: 2 | loss: 0.1964547
	speed: 0.0471s/iter; left time: 876.5978s
	iters: 500, epoch: 2 | loss: 0.1411631
	speed: 0.0436s/iter; left time: 808.5813s
	iters: 600, epoch: 2 | loss: 0.2475162
	speed: 0.0443s/iter; left time: 817.0741s
	iters: 700, epoch: 2 | loss: 0.1192568
	speed: 0.0495s/iter; left time: 906.4545s
	iters: 800, epoch: 2 | loss: 0.1926123
	speed: 0.0519s/iter; left time: 945.9233s
	iters: 900, epoch: 2 | loss: 0.1432888
	speed: 0.0490s/iter; left time: 887.5424s
	iters: 1000, epoch: 2 | loss: 0.1736466
	speed: 0.0513s/iter; left time: 925.2378s
	iters: 1100, epoch: 2 | loss: 0.1633185
	speed: 0.0493s/iter; left time: 883.0221s
	iters: 1200, epoch: 2 | loss: 0.1850623
	speed: 0.0472s/iter; left time: 841.1946s
	iters: 1300, epoch: 2 | loss: 0.2120113
	speed: 0.0451s/iter; left time: 800.3663s
	iters: 1400, epoch: 2 | loss: 0.1336719
	speed: 0.0480s/iter; left time: 846.6455s
	iters: 1500, epoch: 2 | loss: 0.1823746
	speed: 0.0471s/iter; left time: 825.8704s
	iters: 1600, epoch: 2 | loss: 0.2913404
	speed: 0.0434s/iter; left time: 756.5206s
	iters: 1700, epoch: 2 | loss: 0.1541797
	speed: 0.0433s/iter; left time: 749.6065s
	iters: 1800, epoch: 2 | loss: 0.1772789
	speed: 0.0418s/iter; left time: 719.9233s
	iters: 1900, epoch: 2 | loss: 0.1335006
	speed: 0.0510s/iter; left time: 873.2181s
	iters: 2000, epoch: 2 | loss: 0.1740437
	speed: 0.0502s/iter; left time: 853.9057s
	iters: 2100, epoch: 2 | loss: 0.1972870
	speed: 0.0498s/iter; left time: 843.7032s
Epoch: 2 cost time: 100.88482785224915
Epoch: 2, Steps: 2114 | Train Loss: 0.1726329 Vali Loss: 0.1801168 Test Loss: 0.2025781
Validation loss decreased (0.189206 --> 0.180117).  Saving model ...
Updating learning rate to 0.00025
	iters: 100, epoch: 3 | loss: 0.1424091
	speed: 0.5276s/iter; left time: 8870.1306s
	iters: 200, epoch: 3 | loss: 0.1887631
	speed: 0.0547s/iter; left time: 914.0095s
	iters: 300, epoch: 3 | loss: 0.1971834
	speed: 0.0516s/iter; left time: 856.5472s
	iters: 400, epoch: 3 | loss: 0.1635044
	speed: 0.0532s/iter; left time: 878.4750s
	iters: 500, epoch: 3 | loss: 0.1501147
	speed: 0.0541s/iter; left time: 887.2362s
	iters: 600, epoch: 3 | loss: 0.1163999
	speed: 0.0495s/iter; left time: 807.0660s
	iters: 700, epoch: 3 | loss: 0.1558418
	speed: 0.0490s/iter; left time: 794.7536s
	iters: 800, epoch: 3 | loss: 0.1146779
	speed: 0.0511s/iter; left time: 822.8269s
	iters: 900, epoch: 3 | loss: 0.0951151
	speed: 0.0480s/iter; left time: 768.0396s
	iters: 1000, epoch: 3 | loss: 0.1293788
	speed: 0.0484s/iter; left time: 770.2368s
	iters: 1100, epoch: 3 | loss: 0.1932978
	speed: 0.0500s/iter; left time: 790.9067s
	iters: 1200, epoch: 3 | loss: 0.1569499
	speed: 0.0492s/iter; left time: 772.5333s
	iters: 1300, epoch: 3 | loss: 0.1168998
	speed: 0.0513s/iter; left time: 800.5487s
	iters: 1400, epoch: 3 | loss: 0.1955074
	speed: 0.0507s/iter; left time: 786.7273s
	iters: 1500, epoch: 3 | loss: 0.0765145
	speed: 0.0521s/iter; left time: 803.0596s
	iters: 1600, epoch: 3 | loss: 0.1501407
	speed: 0.0500s/iter; left time: 765.0782s
	iters: 1700, epoch: 3 | loss: 0.1652293
	speed: 0.0490s/iter; left time: 745.2068s
	iters: 1800, epoch: 3 | loss: 0.1700722
	speed: 0.0457s/iter; left time: 690.6928s
	iters: 1900, epoch: 3 | loss: 0.1154908
	speed: 0.0489s/iter; left time: 733.4937s
	iters: 2000, epoch: 3 | loss: 0.1029513
	speed: 0.0463s/iter; left time: 689.8201s
	iters: 2100, epoch: 3 | loss: 0.1369108
	speed: 0.0439s/iter; left time: 650.3128s
Epoch: 3 cost time: 105.90018558502197
Epoch: 3, Steps: 2114 | Train Loss: 0.1569547 Vali Loss: 0.1602054 Test Loss: 0.1851812
Validation loss decreased (0.180117 --> 0.160205).  Saving model ...
Updating learning rate to 0.000125
	iters: 100, epoch: 4 | loss: 0.1257675
	speed: 0.4940s/iter; left time: 7261.4863s
	iters: 200, epoch: 4 | loss: 0.1397774
	speed: 0.0505s/iter; left time: 737.7600s
	iters: 300, epoch: 4 | loss: 0.1373459
	speed: 0.0482s/iter; left time: 698.5083s
	iters: 400, epoch: 4 | loss: 0.1054025
	speed: 0.0498s/iter; left time: 716.5222s
	iters: 500, epoch: 4 | loss: 0.1339949
	speed: 0.0499s/iter; left time: 713.5565s
	iters: 600, epoch: 4 | loss: 0.1639207
	speed: 0.0525s/iter; left time: 745.5705s
	iters: 700, epoch: 4 | loss: 0.1097159
	speed: 0.0524s/iter; left time: 739.1170s
	iters: 800, epoch: 4 | loss: 0.1613417
	speed: 0.0458s/iter; left time: 641.3594s
	iters: 900, epoch: 4 | loss: 0.1235411
	speed: 0.0462s/iter; left time: 642.2292s
	iters: 1000, epoch: 4 | loss: 0.1787114
	speed: 0.0463s/iter; left time: 638.2891s
	iters: 1100, epoch: 4 | loss: 0.0842440
	speed: 0.0445s/iter; left time: 608.9896s
	iters: 1200, epoch: 4 | loss: 0.1973631
	speed: 0.0499s/iter; left time: 678.3724s
	iters: 1300, epoch: 4 | loss: 0.1687198
	speed: 0.0489s/iter; left time: 660.7579s
	iters: 1400, epoch: 4 | loss: 0.1159749
	speed: 0.0483s/iter; left time: 646.5358s
	iters: 1500, epoch: 4 | loss: 0.1425397
	speed: 0.0490s/iter; left time: 651.6721s
	iters: 1600, epoch: 4 | loss: 0.1016772
	speed: 0.0513s/iter; left time: 677.5872s
	iters: 1700, epoch: 4 | loss: 0.1639464
	speed: 0.0486s/iter; left time: 636.5017s
	iters: 1800, epoch: 4 | loss: 0.1235019
	speed: 0.0485s/iter; left time: 630.9425s
	iters: 1900, epoch: 4 | loss: 0.1124907
	speed: 0.0499s/iter; left time: 644.0908s
	iters: 2000, epoch: 4 | loss: 0.0729983
	speed: 0.0518s/iter; left time: 663.4898s
	iters: 2100, epoch: 4 | loss: 0.1177877
	speed: 0.0492s/iter; left time: 624.8239s
Epoch: 4 cost time: 103.99809765815735
Epoch: 4, Steps: 2114 | Train Loss: 0.1464372 Vali Loss: 0.1621150 Test Loss: 0.1845744
EarlyStopping counter: 1 out of 3
Updating learning rate to 6.25e-05
	iters: 100, epoch: 5 | loss: 0.1239226
	speed: 0.4627s/iter; left time: 5823.2408s
	iters: 200, epoch: 5 | loss: 0.0708024
	speed: 0.0459s/iter; left time: 572.8984s
	iters: 300, epoch: 5 | loss: 0.1479542
	speed: 0.0439s/iter; left time: 543.4395s
	iters: 400, epoch: 5 | loss: 0.1366334
	speed: 0.0452s/iter; left time: 554.8058s
	iters: 500, epoch: 5 | loss: 0.1380349
	speed: 0.0428s/iter; left time: 521.2427s
	iters: 600, epoch: 5 | loss: 0.1001148
	speed: 0.0441s/iter; left time: 533.0951s
	iters: 700, epoch: 5 | loss: 0.1149899
	speed: 0.0452s/iter; left time: 541.6560s
	iters: 800, epoch: 5 | loss: 0.1743153
	speed: 0.0455s/iter; left time: 540.3807s
	iters: 900, epoch: 5 | loss: 0.1835897
	speed: 0.0460s/iter; left time: 542.4276s
	iters: 1000, epoch: 5 | loss: 0.0894247
	speed: 0.0475s/iter; left time: 555.4486s
	iters: 1100, epoch: 5 | loss: 0.1924534
	speed: 0.0485s/iter; left time: 562.2449s
	iters: 1200, epoch: 5 | loss: 0.1464452
	speed: 0.0489s/iter; left time: 561.6241s
	iters: 1300, epoch: 5 | loss: 0.1630246
	speed: 0.0497s/iter; left time: 565.8166s
	iters: 1400, epoch: 5 | loss: 0.1545017
	speed: 0.0456s/iter; left time: 514.7970s
	iters: 1500, epoch: 5 | loss: 0.1485215
	speed: 0.0461s/iter; left time: 515.1618s
	iters: 1600, epoch: 5 | loss: 0.1390006
	speed: 0.0461s/iter; left time: 510.8963s
	iters: 1700, epoch: 5 | loss: 0.2209748
	speed: 0.0463s/iter; left time: 508.3729s
	iters: 1800, epoch: 5 | loss: 0.1510243
	speed: 0.0445s/iter; left time: 484.3726s
	iters: 1900, epoch: 5 | loss: 0.1490327
	speed: 0.0461s/iter; left time: 497.4362s
	iters: 2000, epoch: 5 | loss: 0.0825699
	speed: 0.0456s/iter; left time: 487.4427s
	iters: 2100, epoch: 5 | loss: 0.0780353
	speed: 0.0469s/iter; left time: 496.8083s
Epoch: 5 cost time: 97.54033827781677
Epoch: 5, Steps: 2114 | Train Loss: 0.1370779 Vali Loss: 0.1569831 Test Loss: 0.1857276
Validation loss decreased (0.160205 --> 0.156983).  Saving model ...
Updating learning rate to 3.125e-05
	iters: 100, epoch: 6 | loss: 0.1712338
	speed: 0.4828s/iter; left time: 5055.1961s
	iters: 200, epoch: 6 | loss: 0.1113239
	speed: 0.0548s/iter; left time: 568.7733s
	iters: 300, epoch: 6 | loss: 0.1664675
	speed: 0.0536s/iter; left time: 550.2886s
	iters: 400, epoch: 6 | loss: 0.1333955
	speed: 0.0509s/iter; left time: 517.9383s
	iters: 500, epoch: 6 | loss: 0.1210459
	speed: 0.0472s/iter; left time: 475.2743s
	iters: 600, epoch: 6 | loss: 0.1290314
	speed: 0.0512s/iter; left time: 510.3233s
	iters: 700, epoch: 6 | loss: 0.1480985
	speed: 0.0426s/iter; left time: 420.9933s
	iters: 800, epoch: 6 | loss: 0.1923815
	speed: 0.0431s/iter; left time: 420.7556s
	iters: 900, epoch: 6 | loss: 0.1339521
	speed: 0.0439s/iter; left time: 424.3746s
	iters: 1000, epoch: 6 | loss: 0.1043226
	speed: 0.0413s/iter; left time: 395.5570s
	iters: 1100, epoch: 6 | loss: 0.1270059
	speed: 0.0428s/iter; left time: 405.6050s
	iters: 1200, epoch: 6 | loss: 0.1297012
	speed: 0.0446s/iter; left time: 417.9464s
	iters: 1300, epoch: 6 | loss: 0.1068663
	speed: 0.0419s/iter; left time: 388.5998s
	iters: 1400, epoch: 6 | loss: 0.1191522
	speed: 0.0418s/iter; left time: 383.1892s
	iters: 1500, epoch: 6 | loss: 0.1597467
	speed: 0.0418s/iter; left time: 379.4352s
	iters: 1600, epoch: 6 | loss: 0.1890775
	speed: 0.0431s/iter; left time: 386.4568s
	iters: 1700, epoch: 6 | loss: 0.1815535
	speed: 0.0420s/iter; left time: 372.8788s
	iters: 1800, epoch: 6 | loss: 0.1359823
	speed: 0.0421s/iter; left time: 369.5826s
	iters: 1900, epoch: 6 | loss: 0.0762694
	speed: 0.0416s/iter; left time: 360.3039s
	iters: 2000, epoch: 6 | loss: 0.1434608
	speed: 0.0417s/iter; left time: 357.4828s
	iters: 2100, epoch: 6 | loss: 0.1323798
	speed: 0.0417s/iter; left time: 353.2902s
Epoch: 6 cost time: 95.70730233192444
Epoch: 6, Steps: 2114 | Train Loss: 0.1287292 Vali Loss: 0.1545318 Test Loss: 0.1794343
Validation loss decreased (0.156983 --> 0.154532).  Saving model ...
Updating learning rate to 1.5625e-05
	iters: 100, epoch: 7 | loss: 0.1468563
	speed: 0.4417s/iter; left time: 3691.0570s
	iters: 200, epoch: 7 | loss: 0.1194415
	speed: 0.0410s/iter; left time: 338.5289s
	iters: 300, epoch: 7 | loss: 0.0998307
	speed: 0.0390s/iter; left time: 318.0635s
	iters: 400, epoch: 7 | loss: 0.0840524
	speed: 0.0400s/iter; left time: 322.4031s
	iters: 500, epoch: 7 | loss: 0.1434782
	speed: 0.0410s/iter; left time: 326.5921s
	iters: 600, epoch: 7 | loss: 0.0686862
	speed: 0.0383s/iter; left time: 300.5551s
	iters: 700, epoch: 7 | loss: 0.1618582
	speed: 0.0397s/iter; left time: 307.5686s
	iters: 800, epoch: 7 | loss: 0.0971572
	speed: 0.0380s/iter; left time: 290.6908s
	iters: 900, epoch: 7 | loss: 0.1463749
	speed: 0.0394s/iter; left time: 297.4440s
	iters: 1000, epoch: 7 | loss: 0.1072263
	speed: 0.0414s/iter; left time: 309.0302s
	iters: 1100, epoch: 7 | loss: 0.1258205
	speed: 0.0404s/iter; left time: 297.4905s
	iters: 1200, epoch: 7 | loss: 0.1083582
	speed: 0.0415s/iter; left time: 301.0356s
	iters: 1300, epoch: 7 | loss: 0.1522711
	speed: 0.0388s/iter; left time: 278.0435s
	iters: 1400, epoch: 7 | loss: 0.1276738
	speed: 0.0400s/iter; left time: 282.4210s
	iters: 1500, epoch: 7 | loss: 0.1714053
	speed: 0.0413s/iter; left time: 287.6274s
	iters: 1600, epoch: 7 | loss: 0.1256336
	speed: 0.0416s/iter; left time: 285.0471s
	iters: 1700, epoch: 7 | loss: 0.1467872
	speed: 0.0411s/iter; left time: 277.7791s
	iters: 1800, epoch: 7 | loss: 0.1490686
	speed: 0.0400s/iter; left time: 266.2138s
	iters: 1900, epoch: 7 | loss: 0.0746281
	speed: 0.0395s/iter; left time: 258.8566s
	iters: 2000, epoch: 7 | loss: 0.1686644
	speed: 0.0409s/iter; left time: 264.1941s
	iters: 2100, epoch: 7 | loss: 0.1864615
	speed: 0.0417s/iter; left time: 264.9377s
Epoch: 7 cost time: 85.34060287475586
Epoch: 7, Steps: 2114 | Train Loss: 0.1236322 Vali Loss: 0.1556400 Test Loss: 0.1852729
EarlyStopping counter: 1 out of 3
Updating learning rate to 7.8125e-06
	iters: 100, epoch: 8 | loss: 0.1747334
	speed: 0.4529s/iter; left time: 2827.6032s
	iters: 200, epoch: 8 | loss: 0.0869799
	speed: 0.0490s/iter; left time: 301.1660s
	iters: 300, epoch: 8 | loss: 0.0898757
	speed: 0.0453s/iter; left time: 273.7271s
	iters: 400, epoch: 8 | loss: 0.0966242
	speed: 0.0439s/iter; left time: 260.6776s
	iters: 500, epoch: 8 | loss: 0.1010049
	speed: 0.0434s/iter; left time: 253.6055s
	iters: 600, epoch: 8 | loss: 0.1266900
	speed: 0.0453s/iter; left time: 259.9754s
	iters: 700, epoch: 8 | loss: 0.0814354
	speed: 0.0436s/iter; left time: 245.9665s
	iters: 800, epoch: 8 | loss: 0.1043994
	speed: 0.0462s/iter; left time: 256.2064s
	iters: 900, epoch: 8 | loss: 0.1625397
	speed: 0.0453s/iter; left time: 246.6277s
	iters: 1000, epoch: 8 | loss: 0.0879738
	speed: 0.0454s/iter; left time: 242.8145s
	iters: 1100, epoch: 8 | loss: 0.1521511
	speed: 0.0466s/iter; left time: 244.2562s
	iters: 1200, epoch: 8 | loss: 0.1236938
	speed: 0.0451s/iter; left time: 231.8483s
	iters: 1300, epoch: 8 | loss: 0.0812497
	speed: 0.0448s/iter; left time: 225.8002s
	iters: 1400, epoch: 8 | loss: 0.0577263
	speed: 0.0442s/iter; left time: 218.6724s
	iters: 1500, epoch: 8 | loss: 0.1044327
	speed: 0.0442s/iter; left time: 214.2365s
	iters: 1600, epoch: 8 | loss: 0.1475264
	speed: 0.0441s/iter; left time: 208.9854s
	iters: 1700, epoch: 8 | loss: 0.0812174
	speed: 0.0423s/iter; left time: 196.5434s
	iters: 1800, epoch: 8 | loss: 0.1055262
	speed: 0.0455s/iter; left time: 206.6960s
	iters: 1900, epoch: 8 | loss: 0.1548215
	speed: 0.0437s/iter; left time: 193.9373s
	iters: 2000, epoch: 8 | loss: 0.1009817
	speed: 0.0436s/iter; left time: 189.2994s
	iters: 2100, epoch: 8 | loss: 0.0837933
	speed: 0.0445s/iter; left time: 188.9831s
Epoch: 8 cost time: 95.07990336418152
Epoch: 8, Steps: 2114 | Train Loss: 0.1211523 Vali Loss: 0.1567555 Test Loss: 0.1860831
EarlyStopping counter: 2 out of 3
Updating learning rate to 3.90625e-06
	iters: 100, epoch: 9 | loss: 0.1046056
	speed: 0.4427s/iter; left time: 1827.7468s
	iters: 200, epoch: 9 | loss: 0.1015662
	speed: 0.0464s/iter; left time: 186.9608s
	iters: 300, epoch: 9 | loss: 0.1156140
	speed: 0.0500s/iter; left time: 196.3683s
	iters: 400, epoch: 9 | loss: 0.0932455
	speed: 0.0435s/iter; left time: 166.4773s
	iters: 500, epoch: 9 | loss: 0.1433699
	speed: 0.0431s/iter; left time: 160.6673s
	iters: 600, epoch: 9 | loss: 0.1189637
	speed: 0.0433s/iter; left time: 157.2821s
	iters: 700, epoch: 9 | loss: 0.0954528
	speed: 0.0449s/iter; left time: 158.4690s
	iters: 800, epoch: 9 | loss: 0.0926969
	speed: 0.0426s/iter; left time: 145.9054s
	iters: 900, epoch: 9 | loss: 0.0981979
	speed: 0.0391s/iter; left time: 130.0503s
	iters: 1000, epoch: 9 | loss: 0.0902299
	speed: 0.0407s/iter; left time: 131.5312s
	iters: 1100, epoch: 9 | loss: 0.1541158
	speed: 0.0402s/iter; left time: 125.8525s
	iters: 1200, epoch: 9 | loss: 0.1170123
	speed: 0.0417s/iter; left time: 126.1959s
	iters: 1300, epoch: 9 | loss: 0.1083754
	speed: 0.0432s/iter; left time: 126.6417s
	iters: 1400, epoch: 9 | loss: 0.1152379
	speed: 0.0413s/iter; left time: 116.8008s
	iters: 1500, epoch: 9 | loss: 0.1104919
	speed: 0.0427s/iter; left time: 116.4781s
	iters: 1600, epoch: 9 | loss: 0.0982032
	speed: 0.0421s/iter; left time: 110.6474s
	iters: 1700, epoch: 9 | loss: 0.1519943
	speed: 0.0404s/iter; left time: 102.1237s
	iters: 1800, epoch: 9 | loss: 0.0694523
	speed: 0.0428s/iter; left time: 103.9134s
	iters: 1900, epoch: 9 | loss: 0.1316324
	speed: 0.0439s/iter; left time: 102.3480s
	iters: 2000, epoch: 9 | loss: 0.1332480
	speed: 0.0409s/iter; left time: 91.2360s
	iters: 2100, epoch: 9 | loss: 0.1388708
	speed: 0.0390s/iter; left time: 83.1056s
Epoch: 9 cost time: 90.1080174446106
Epoch: 9, Steps: 2114 | Train Loss: 0.1197449 Vali Loss: 0.1580052 Test Loss: 0.1861808
EarlyStopping counter: 3 out of 3
Early stopping
>>>>>>>testing : long_term_forecast_LBext_solar_iTransformer_2880_s2023_iTransformer_custom_ftM_sl2880_ll48_pl96_dm512_nh8_el3_dl1_df512_expand2_dc4_fc3_ebtimeF_dtTrue_Exp_0<<<<<<<<<<<<<<<<<<<<<<<<<<<<<<<<<
test 10417
test shape: (10417, 96, 137) (10417, 96, 137)
test shape: (10417, 96, 137) (10417, 96, 137)
mse:0.17957855761051178, mae:0.2581429183483124, dtw:Not calculated
