Using GPU
Args in experiment:
[1mBasic Config[0m
  Task Name:          long_term_forecast  Is Training:        1                   
  Model ID:           LBext_solar_DLinear_1440_s2023Model:              DLinear             

[1mData Loader[0m
  Data:               custom              Root Path:          ./dataset/solar/    
  Data Path:          solar.csv           Features:           M                   
  Target:             OT                  Freq:               h                   
  Checkpoints:        ./checkpoints/      

[1mForecasting Task[0m
  Seq Len:            1440                Label Len:          48                  
  Pred Len:           96                  Seasonal Patterns:  Monthly             
  Inverse:            0                   

[1mModel Parameters[0m
  Top k:              5                   Num Kernels:        6                   
  Enc In:             137                 Dec In:             137                 
  C Out:              137                 d model:            512                 
  n heads:            8                   e layers:           3                   
  d layers:           1                   d FF:               512                 
  Moving Avg:         25                  Factor:             3                   
  Distil:             1                   Dropout:            0.1                 
  Embed:              timeF               Activation:         gelu                

[1mRun Parameters[0m
  Num Workers:        4                   Itr:                1                   
  Train Epochs:       10                  Batch Size:         16                  
  Patience:           3                   Learning Rate:      0.0005              
  Des:                Exp                 Loss:               MSE                 
  Lradj:              type1               Use Amp:            0                   

[1mGPU[0m
  Use GPU:            1                   GPU:                0                   
  Use Multi GPU:      0                   Devices:            0,1,2,3             

[1mDe-stationary Projector Params[0m
  P Hidden Dims:      128, 128            P Hidden Layers:    2                   

Use GPU: cuda:0
🚀 Lazy Loading: DLinear ...
>>>>>>>start training : long_term_forecast_LBext_solar_DLinear_1440_s2023_DLinear_custom_ftM_sl1440_ll48_pl96_dm512_nh8_el3_dl1_df512_expand2_dc4_fc3_ebtimeF_dtTrue_Exp_0>>>>>>>>>>>>>>>>>>>>>>>>>>
train window subsample: keep 33817/35257 windows (max_train_windows=33817)
train 33817
val 5161
test 10417
	iters: 100, epoch: 1 | loss: 0.1714598
	speed: 0.0575s/iter; left time: 1209.2222s
	iters: 200, epoch: 1 | loss: 0.1929639
	speed: 0.0327s/iter; left time: 684.0206s
	iters: 300, epoch: 1 | loss: 0.2449338
	speed: 0.0352s/iter; left time: 734.4686s
	iters: 400, epoch: 1 | loss: 0.2311404
	speed: 0.0344s/iter; left time: 714.2102s
	iters: 500, epoch: 1 | loss: 0.1182899
	speed: 0.0342s/iter; left time: 706.8741s
	iters: 600, epoch: 1 | loss: 0.1820256
	speed: 0.0342s/iter; left time: 702.7008s
	iters: 700, epoch: 1 | loss: 0.1874773
	speed: 0.0332s/iter; left time: 679.2420s
	iters: 800, epoch: 1 | loss: 0.2073308
	speed: 0.0334s/iter; left time: 679.2178s
	iters: 900, epoch: 1 | loss: 0.1749373
	speed: 0.0334s/iter; left time: 675.1879s
	iters: 1000, epoch: 1 | loss: 0.1857657
	speed: 0.0324s/iter; left time: 651.6020s
	iters: 1100, epoch: 1 | loss: 0.2042481
	speed: 0.0327s/iter; left time: 654.8751s
	iters: 1200, epoch: 1 | loss: 0.1775310
	speed: 0.0330s/iter; left time: 658.4246s
	iters: 1300, epoch: 1 | loss: 0.1244724
	speed: 0.0327s/iter; left time: 648.3686s
	iters: 1400, epoch: 1 | loss: 0.1273237
	speed: 0.0334s/iter; left time: 659.1172s
	iters: 1500, epoch: 1 | loss: 0.1379324
	speed: 0.0334s/iter; left time: 656.4020s
	iters: 1600, epoch: 1 | loss: 0.2348740
	speed: 0.0322s/iter; left time: 629.1605s
	iters: 1700, epoch: 1 | loss: 0.2039169
	speed: 0.0326s/iter; left time: 633.2567s
	iters: 1800, epoch: 1 | loss: 0.2185763
	speed: 0.0324s/iter; left time: 626.6593s
	iters: 1900, epoch: 1 | loss: 0.2022123
	speed: 0.0314s/iter; left time: 604.4628s
	iters: 2000, epoch: 1 | loss: 0.1240816
	speed: 0.0325s/iter; left time: 622.6863s
	iters: 2100, epoch: 1 | loss: 0.1614918
	speed: 0.0331s/iter; left time: 630.0068s
Epoch: 1 cost time: 70.65599799156189
Epoch: 1, Steps: 2114 | Train Loss: 0.1841057 Vali Loss: 0.1836792 Test Loss: 0.1973043
Validation loss decreased (inf --> 0.183679).  Saving model ...
Updating learning rate to 0.0005
	iters: 100, epoch: 2 | loss: 0.2129816
	speed: 0.3711s/iter; left time: 7023.7808s
	iters: 200, epoch: 2 | loss: 0.1527327
	speed: 0.0309s/iter; left time: 580.9853s
	iters: 300, epoch: 2 | loss: 0.1575456
	speed: 0.0313s/iter; left time: 586.8986s
	iters: 400, epoch: 2 | loss: 0.2164749
	speed: 0.0335s/iter; left time: 624.2755s
	iters: 500, epoch: 2 | loss: 0.1513480
	speed: 0.0345s/iter; left time: 639.8538s
	iters: 600, epoch: 2 | loss: 0.2098515
	speed: 0.0354s/iter; left time: 651.9440s
	iters: 700, epoch: 2 | loss: 0.1391185
	speed: 0.0349s/iter; left time: 640.4755s
	iters: 800, epoch: 2 | loss: 0.1283048
	speed: 0.0344s/iter; left time: 627.1462s
	iters: 900, epoch: 2 | loss: 0.1850742
	speed: 0.0355s/iter; left time: 643.1757s
	iters: 1000, epoch: 2 | loss: 0.2477363
	speed: 0.0346s/iter; left time: 623.0222s
	iters: 1100, epoch: 2 | loss: 0.2238152
	speed: 0.0362s/iter; left time: 648.8341s
	iters: 1200, epoch: 2 | loss: 0.2215457
	speed: 0.0363s/iter; left time: 647.3580s
	iters: 1300, epoch: 2 | loss: 0.1642082
	speed: 0.0360s/iter; left time: 638.3986s
	iters: 1400, epoch: 2 | loss: 0.2019206
	speed: 0.0371s/iter; left time: 653.6208s
	iters: 1500, epoch: 2 | loss: 0.1410013
	speed: 0.0365s/iter; left time: 640.4930s
	iters: 1600, epoch: 2 | loss: 0.1910306
	speed: 0.0351s/iter; left time: 611.1681s
	iters: 1700, epoch: 2 | loss: 0.1936359
	speed: 0.0330s/iter; left time: 571.1543s
	iters: 1800, epoch: 2 | loss: 0.1322140
	speed: 0.0344s/iter; left time: 592.1842s
	iters: 1900, epoch: 2 | loss: 0.2134640
	speed: 0.0336s/iter; left time: 574.7087s
	iters: 2000, epoch: 2 | loss: 0.2211511
	speed: 0.0344s/iter; left time: 586.3718s
	iters: 2100, epoch: 2 | loss: 0.1722664
	speed: 0.0331s/iter; left time: 560.2403s
Epoch: 2 cost time: 72.86473393440247
Epoch: 2, Steps: 2114 | Train Loss: 0.1810555 Vali Loss: 0.1706801 Test Loss: 0.1895751
Validation loss decreased (0.183679 --> 0.170680).  Saving model ...
Updating learning rate to 0.00025
	iters: 100, epoch: 3 | loss: 0.1081433
	speed: 0.3799s/iter; left time: 6387.1526s
	iters: 200, epoch: 3 | loss: 0.2345060
	speed: 0.0335s/iter; left time: 560.6570s
	iters: 300, epoch: 3 | loss: 0.0860955
	speed: 0.0362s/iter; left time: 601.9702s
	iters: 400, epoch: 3 | loss: 0.1459852
	speed: 0.0374s/iter; left time: 618.2659s
	iters: 500, epoch: 3 | loss: 0.2446786
	speed: 0.0359s/iter; left time: 589.6598s
	iters: 600, epoch: 3 | loss: 0.1741656
	speed: 0.0352s/iter; left time: 574.7587s
	iters: 700, epoch: 3 | loss: 0.2162249
	speed: 0.0348s/iter; left time: 564.2839s
	iters: 800, epoch: 3 | loss: 0.1280516
	speed: 0.0326s/iter; left time: 525.4829s
	iters: 900, epoch: 3 | loss: 0.1858632
	speed: 0.0320s/iter; left time: 512.2560s
	iters: 1000, epoch: 3 | loss: 0.1462101
	speed: 0.0349s/iter; left time: 555.0636s
	iters: 1100, epoch: 3 | loss: 0.1171538
	speed: 0.0355s/iter; left time: 560.5728s
	iters: 1200, epoch: 3 | loss: 0.1626211
	speed: 0.0361s/iter; left time: 567.5226s
	iters: 1300, epoch: 3 | loss: 0.2025460
	speed: 0.0334s/iter; left time: 521.1399s
	iters: 1400, epoch: 3 | loss: 0.1828791
	speed: 0.0362s/iter; left time: 561.5829s
	iters: 1500, epoch: 3 | loss: 0.3192409
	speed: 0.0373s/iter; left time: 574.9868s
	iters: 1600, epoch: 3 | loss: 0.1218163
	speed: 0.0370s/iter; left time: 566.2824s
	iters: 1700, epoch: 3 | loss: 0.0985832
	speed: 0.0344s/iter; left time: 523.9246s
	iters: 1800, epoch: 3 | loss: 0.2019269
	speed: 0.0369s/iter; left time: 557.5095s
	iters: 1900, epoch: 3 | loss: 0.1979511
	speed: 0.0341s/iter; left time: 511.6254s
	iters: 2000, epoch: 3 | loss: 0.1694655
	speed: 0.0347s/iter; left time: 517.8647s
	iters: 2100, epoch: 3 | loss: 0.1799892
	speed: 0.0344s/iter; left time: 509.5451s
Epoch: 3 cost time: 74.57038474082947
Epoch: 3, Steps: 2114 | Train Loss: 0.1711225 Vali Loss: 0.1656124 Test Loss: 0.1880178
Validation loss decreased (0.170680 --> 0.165612).  Saving model ...
Updating learning rate to 0.000125
	iters: 100, epoch: 4 | loss: 0.1950549
	speed: 0.3919s/iter; left time: 5760.3320s
	iters: 200, epoch: 4 | loss: 0.1789324
	speed: 0.0339s/iter; left time: 495.0642s
	iters: 300, epoch: 4 | loss: 0.2607561
	speed: 0.0342s/iter; left time: 496.4085s
	iters: 400, epoch: 4 | loss: 0.0983629
	speed: 0.0347s/iter; left time: 499.9116s
	iters: 500, epoch: 4 | loss: 0.1964708
	speed: 0.0331s/iter; left time: 473.3317s
	iters: 600, epoch: 4 | loss: 0.2175457
	speed: 0.0357s/iter; left time: 506.9815s
	iters: 700, epoch: 4 | loss: 0.1253825
	speed: 0.0363s/iter; left time: 511.4140s
	iters: 800, epoch: 4 | loss: 0.1988571
	speed: 0.0380s/iter; left time: 532.1008s
	iters: 900, epoch: 4 | loss: 0.2136734
	speed: 0.0374s/iter; left time: 520.4183s
	iters: 1000, epoch: 4 | loss: 0.1853642
	speed: 0.0366s/iter; left time: 505.4987s
	iters: 1100, epoch: 4 | loss: 0.2068703
	speed: 0.0351s/iter; left time: 481.4137s
	iters: 1200, epoch: 4 | loss: 0.1167688
	speed: 0.0362s/iter; left time: 492.7205s
	iters: 1300, epoch: 4 | loss: 0.1003581
	speed: 0.0373s/iter; left time: 503.4365s
	iters: 1400, epoch: 4 | loss: 0.1891914
	speed: 0.0364s/iter; left time: 487.1463s
	iters: 1500, epoch: 4 | loss: 0.2139713
	speed: 0.0331s/iter; left time: 440.5904s
	iters: 1600, epoch: 4 | loss: 0.2334617
	speed: 0.0312s/iter; left time: 411.9669s
	iters: 1700, epoch: 4 | loss: 0.1010919
	speed: 0.0302s/iter; left time: 395.8680s
	iters: 1800, epoch: 4 | loss: 0.2053625
	speed: 0.0256s/iter; left time: 332.4048s
	iters: 1900, epoch: 4 | loss: 0.1241227
	speed: 0.0264s/iter; left time: 340.1579s
	iters: 2000, epoch: 4 | loss: 0.1767147
	speed: 0.0253s/iter; left time: 323.5556s
	iters: 2100, epoch: 4 | loss: 0.2095610
	speed: 0.0234s/iter; left time: 296.7961s
Epoch: 4 cost time: 70.24681806564331
Epoch: 4, Steps: 2114 | Train Loss: 0.1663210 Vali Loss: 0.1594827 Test Loss: 0.1796981
Validation loss decreased (0.165612 --> 0.159483).  Saving model ...
Updating learning rate to 6.25e-05
	iters: 100, epoch: 5 | loss: 0.2177232
	speed: 0.2361s/iter; left time: 2970.8380s
	iters: 200, epoch: 5 | loss: 0.1658363
	speed: 0.0240s/iter; left time: 299.7139s
	iters: 300, epoch: 5 | loss: 0.2214834
	speed: 0.0222s/iter; left time: 274.7654s
	iters: 400, epoch: 5 | loss: 0.2030298
	speed: 0.0213s/iter; left time: 262.0058s
	iters: 500, epoch: 5 | loss: 0.1244819
	speed: 0.0212s/iter; left time: 258.7946s
	iters: 600, epoch: 5 | loss: 0.2061334
	speed: 0.0215s/iter; left time: 260.1871s
	iters: 700, epoch: 5 | loss: 0.1726642
	speed: 0.0200s/iter; left time: 239.7417s
	iters: 800, epoch: 5 | loss: 0.1553633
	speed: 0.0209s/iter; left time: 248.0856s
	iters: 900, epoch: 5 | loss: 0.1734744
	speed: 0.0211s/iter; left time: 248.5049s
	iters: 1000, epoch: 5 | loss: 0.2268747
	speed: 0.0188s/iter; left time: 219.9718s
	iters: 1100, epoch: 5 | loss: 0.2740327
	speed: 0.0189s/iter; left time: 218.5958s
	iters: 1200, epoch: 5 | loss: 0.2229773
	speed: 0.0191s/iter; left time: 219.6288s
	iters: 1300, epoch: 5 | loss: 0.1434882
	speed: 0.0218s/iter; left time: 248.4955s
	iters: 1400, epoch: 5 | loss: 0.1381910
	speed: 0.0267s/iter; left time: 301.6982s
	iters: 1500, epoch: 5 | loss: 0.1763472
	speed: 0.0286s/iter; left time: 319.4387s
	iters: 1600, epoch: 5 | loss: 0.1266076
	speed: 0.0248s/iter; left time: 275.0974s
	iters: 1700, epoch: 5 | loss: 0.2467031
	speed: 0.0247s/iter; left time: 271.5658s
	iters: 1800, epoch: 5 | loss: 0.1305793
	speed: 0.0247s/iter; left time: 269.3129s
	iters: 1900, epoch: 5 | loss: 0.1878247
	speed: 0.0243s/iter; left time: 261.7564s
	iters: 2000, epoch: 5 | loss: 0.1686476
	speed: 0.0238s/iter; left time: 254.5797s
	iters: 2100, epoch: 5 | loss: 0.2183664
	speed: 0.0224s/iter; left time: 236.6556s
Epoch: 5 cost time: 48.04760670661926
Epoch: 5, Steps: 2114 | Train Loss: 0.1640462 Vali Loss: 0.1580950 Test Loss: 0.1796531
Validation loss decreased (0.159483 --> 0.158095).  Saving model ...
Updating learning rate to 3.125e-05
	iters: 100, epoch: 6 | loss: 0.1428851
	speed: 0.2519s/iter; left time: 2637.5794s
	iters: 200, epoch: 6 | loss: 0.1482840
	speed: 0.0249s/iter; left time: 257.9048s
	iters: 300, epoch: 6 | loss: 0.1350383
	speed: 0.0261s/iter; left time: 268.1930s
	iters: 400, epoch: 6 | loss: 0.1241846
	speed: 0.0235s/iter; left time: 239.2611s
	iters: 500, epoch: 6 | loss: 0.1845995
	speed: 0.0252s/iter; left time: 253.6775s
	iters: 600, epoch: 6 | loss: 0.1497683
	speed: 0.0227s/iter; left time: 225.8644s
	iters: 700, epoch: 6 | loss: 0.1499487
	speed: 0.0239s/iter; left time: 235.7487s
	iters: 800, epoch: 6 | loss: 0.0939395
	speed: 0.0233s/iter; left time: 228.0757s
	iters: 900, epoch: 6 | loss: 0.1597922
	speed: 0.0212s/iter; left time: 205.1085s
	iters: 1000, epoch: 6 | loss: 0.1945166
	speed: 0.0221s/iter; left time: 211.4259s
	iters: 1100, epoch: 6 | loss: 0.1529177
	speed: 0.0212s/iter; left time: 200.7237s
	iters: 1200, epoch: 6 | loss: 0.1508407
	speed: 0.0197s/iter; left time: 184.8091s
	iters: 1300, epoch: 6 | loss: 0.1776689
	speed: 0.0185s/iter; left time: 171.2290s
	iters: 1400, epoch: 6 | loss: 0.1191774
	speed: 0.0213s/iter; left time: 194.9996s
	iters: 1500, epoch: 6 | loss: 0.1803980
	speed: 0.0220s/iter; left time: 199.3417s
	iters: 1600, epoch: 6 | loss: 0.1923427
	speed: 0.0219s/iter; left time: 196.5877s
	iters: 1700, epoch: 6 | loss: 0.1494999
	speed: 0.0228s/iter; left time: 202.4319s
	iters: 1800, epoch: 6 | loss: 0.1035408
	speed: 0.0225s/iter; left time: 197.7139s
	iters: 1900, epoch: 6 | loss: 0.1556190
	speed: 0.0229s/iter; left time: 198.4755s
	iters: 2000, epoch: 6 | loss: 0.1787705
	speed: 0.0227s/iter; left time: 194.8088s
	iters: 2100, epoch: 6 | loss: 0.1243792
	speed: 0.0248s/iter; left time: 209.8792s
Epoch: 6 cost time: 48.224475622177124
Epoch: 6, Steps: 2114 | Train Loss: 0.1626431 Vali Loss: 0.1567208 Test Loss: 0.1772546
Validation loss decreased (0.158095 --> 0.156721).  Saving model ...
Updating learning rate to 1.5625e-05
	iters: 100, epoch: 7 | loss: 0.1623983
	speed: 0.2847s/iter; left time: 2379.5608s
	iters: 200, epoch: 7 | loss: 0.1940681
	speed: 0.0247s/iter; left time: 203.8295s
	iters: 300, epoch: 7 | loss: 0.1853742
	speed: 0.0232s/iter; left time: 189.5830s
	iters: 400, epoch: 7 | loss: 0.1987175
	speed: 0.0264s/iter; left time: 212.4273s
	iters: 500, epoch: 7 | loss: 0.1306552
	speed: 0.0253s/iter; left time: 201.2652s
	iters: 600, epoch: 7 | loss: 0.1068131
	speed: 0.0232s/iter; left time: 181.9367s
	iters: 700, epoch: 7 | loss: 0.1664865
	speed: 0.0226s/iter; left time: 175.1212s
	iters: 800, epoch: 7 | loss: 0.1516975
	speed: 0.0209s/iter; left time: 159.7046s
	iters: 900, epoch: 7 | loss: 0.2466973
	speed: 0.0226s/iter; left time: 171.1012s
	iters: 1000, epoch: 7 | loss: 0.2374886
	speed: 0.0209s/iter; left time: 155.8219s
	iters: 1100, epoch: 7 | loss: 0.1699488
	speed: 0.0202s/iter; left time: 148.3004s
	iters: 1200, epoch: 7 | loss: 0.1977973
	speed: 0.0213s/iter; left time: 154.2255s
	iters: 1300, epoch: 7 | loss: 0.1941184
	speed: 0.0203s/iter; left time: 144.9916s
	iters: 1400, epoch: 7 | loss: 0.1969437
	speed: 0.0195s/iter; left time: 137.5128s
	iters: 1500, epoch: 7 | loss: 0.1266946
	speed: 0.0231s/iter; left time: 160.5240s
	iters: 1600, epoch: 7 | loss: 0.1389269
	speed: 0.0221s/iter; left time: 151.3717s
	iters: 1700, epoch: 7 | loss: 0.0966980
	speed: 0.0226s/iter; left time: 152.8111s
	iters: 1800, epoch: 7 | loss: 0.1122747
	speed: 0.0222s/iter; left time: 147.6503s
	iters: 1900, epoch: 7 | loss: 0.1553069
	speed: 0.0210s/iter; left time: 137.8382s
	iters: 2000, epoch: 7 | loss: 0.1350984
	speed: 0.0222s/iter; left time: 143.6496s
	iters: 2100, epoch: 7 | loss: 0.1504393
	speed: 0.0225s/iter; left time: 143.0981s
Epoch: 7 cost time: 47.79868817329407
Epoch: 7, Steps: 2114 | Train Loss: 0.1618908 Vali Loss: 0.1561698 Test Loss: 0.1768418
Validation loss decreased (0.156721 --> 0.156170).  Saving model ...
Updating learning rate to 7.8125e-06
	iters: 100, epoch: 8 | loss: 0.2863988
	speed: 0.2872s/iter; left time: 1792.8380s
	iters: 200, epoch: 8 | loss: 0.1271811
	speed: 0.0259s/iter; left time: 159.2862s
	iters: 300, epoch: 8 | loss: 0.1266644
	speed: 0.0268s/iter; left time: 162.0207s
	iters: 400, epoch: 8 | loss: 0.1586467
	speed: 0.0246s/iter; left time: 146.0933s
	iters: 500, epoch: 8 | loss: 0.2338058
	speed: 0.0243s/iter; left time: 142.2156s
	iters: 600, epoch: 8 | loss: 0.2329694
	speed: 0.0226s/iter; left time: 129.7363s
	iters: 700, epoch: 8 | loss: 0.1172426
	speed: 0.0218s/iter; left time: 122.8297s
	iters: 800, epoch: 8 | loss: 0.1387611
	speed: 0.0217s/iter; left time: 120.0997s
	iters: 900, epoch: 8 | loss: 0.1353819
	speed: 0.0227s/iter; left time: 123.6108s
	iters: 1000, epoch: 8 | loss: 0.1240394
	speed: 0.0235s/iter; left time: 125.3768s
	iters: 1100, epoch: 8 | loss: 0.1939985
	speed: 0.0253s/iter; left time: 132.5218s
	iters: 1200, epoch: 8 | loss: 0.0825639
	speed: 0.0252s/iter; left time: 129.5498s
	iters: 1300, epoch: 8 | loss: 0.1526568
	speed: 0.0245s/iter; left time: 123.6411s
	iters: 1400, epoch: 8 | loss: 0.1758097
	speed: 0.0260s/iter; left time: 128.2902s
	iters: 1500, epoch: 8 | loss: 0.1513309
	speed: 0.0269s/iter; left time: 130.3094s
	iters: 1600, epoch: 8 | loss: 0.1591455
	speed: 0.0283s/iter; left time: 134.4574s
	iters: 1700, epoch: 8 | loss: 0.1471135
	speed: 0.0244s/iter; left time: 113.3563s
	iters: 1800, epoch: 8 | loss: 0.1784660
	speed: 0.0228s/iter; left time: 103.5471s
	iters: 1900, epoch: 8 | loss: 0.1714508
	speed: 0.0260s/iter; left time: 115.5180s
	iters: 2000, epoch: 8 | loss: 0.2492076
	speed: 0.0230s/iter; left time: 99.8327s
	iters: 2100, epoch: 8 | loss: 0.1113913
	speed: 0.0266s/iter; left time: 112.9146s
Epoch: 8 cost time: 52.47304964065552
Epoch: 8, Steps: 2114 | Train Loss: 0.1615426 Vali Loss: 0.1558859 Test Loss: 0.1763369
Validation loss decreased (0.156170 --> 0.155886).  Saving model ...
Updating learning rate to 3.90625e-06
	iters: 100, epoch: 9 | loss: 0.2090654
	speed: 0.2582s/iter; left time: 1066.1472s
	iters: 200, epoch: 9 | loss: 0.1604747
	speed: 0.0223s/iter; left time: 89.6471s
	iters: 300, epoch: 9 | loss: 0.2031938
	speed: 0.0230s/iter; left time: 90.3226s
	iters: 400, epoch: 9 | loss: 0.1151757
	speed: 0.0232s/iter; left time: 89.0061s
	iters: 500, epoch: 9 | loss: 0.1630241
	speed: 0.0250s/iter; left time: 93.2496s
	iters: 600, epoch: 9 | loss: 0.2050000
	speed: 0.0246s/iter; left time: 89.1036s
	iters: 700, epoch: 9 | loss: 0.2189330
	speed: 0.0231s/iter; left time: 81.5837s
	iters: 800, epoch: 9 | loss: 0.1356766
	speed: 0.0230s/iter; left time: 78.7391s
	iters: 900, epoch: 9 | loss: 0.2562127
	speed: 0.0264s/iter; left time: 87.8779s
	iters: 1000, epoch: 9 | loss: 0.1491751
	speed: 0.0256s/iter; left time: 82.5951s
	iters: 1100, epoch: 9 | loss: 0.1268961
	speed: 0.0222s/iter; left time: 69.4576s
	iters: 1200, epoch: 9 | loss: 0.1591651
	speed: 0.0229s/iter; left time: 69.4040s
	iters: 1300, epoch: 9 | loss: 0.2236476
	speed: 0.0250s/iter; left time: 73.3157s
	iters: 1400, epoch: 9 | loss: 0.1555898
	speed: 0.0242s/iter; left time: 68.5055s
	iters: 1500, epoch: 9 | loss: 0.1370510
	speed: 0.0234s/iter; left time: 63.9665s
	iters: 1600, epoch: 9 | loss: 0.0652305
	speed: 0.0218s/iter; left time: 57.3161s
	iters: 1700, epoch: 9 | loss: 0.1309148
	speed: 0.0233s/iter; left time: 58.9021s
	iters: 1800, epoch: 9 | loss: 0.1126062
	speed: 0.0234s/iter; left time: 56.7557s
	iters: 1900, epoch: 9 | loss: 0.1252988
	speed: 0.0231s/iter; left time: 53.6978s
	iters: 2000, epoch: 9 | loss: 0.1606556
	speed: 0.0231s/iter; left time: 51.6012s
	iters: 2100, epoch: 9 | loss: 0.1695273
	speed: 0.0223s/iter; left time: 47.4685s
Epoch: 9 cost time: 49.689805030822754
Epoch: 9, Steps: 2114 | Train Loss: 0.1613325 Vali Loss: 0.1561079 Test Loss: 0.1763958
EarlyStopping counter: 1 out of 3
Updating learning rate to 1.953125e-06
	iters: 100, epoch: 10 | loss: 0.2299321
	speed: 0.2581s/iter; left time: 520.0445s
	iters: 200, epoch: 10 | loss: 0.2008635
	speed: 0.0207s/iter; left time: 39.5757s
	iters: 300, epoch: 10 | loss: 0.1398024
	speed: 0.0204s/iter; left time: 37.0398s
	iters: 400, epoch: 10 | loss: 0.1601732
	speed: 0.0203s/iter; left time: 34.8446s
	iters: 500, epoch: 10 | loss: 0.1475884
	speed: 0.0187s/iter; left time: 30.2473s
	iters: 600, epoch: 10 | loss: 0.1382062
	speed: 0.0180s/iter; left time: 27.3309s
	iters: 700, epoch: 10 | loss: 0.1614250
	speed: 0.0256s/iter; left time: 36.2161s
	iters: 800, epoch: 10 | loss: 0.1028856
	speed: 0.0258s/iter; left time: 33.9040s
	iters: 900, epoch: 10 | loss: 0.1802182
	speed: 0.0249s/iter; left time: 30.2292s
	iters: 1000, epoch: 10 | loss: 0.1232982
	speed: 0.0268s/iter; left time: 29.9242s
	iters: 1100, epoch: 10 | loss: 0.1603844
	speed: 0.0247s/iter; left time: 25.0598s
	iters: 1200, epoch: 10 | loss: 0.1431916
	speed: 0.0258s/iter; left time: 23.6153s
	iters: 1300, epoch: 10 | loss: 0.1948394
	speed: 0.0200s/iter; left time: 16.2981s
	iters: 1400, epoch: 10 | loss: 0.1193975
	speed: 0.0210s/iter; left time: 15.0381s
	iters: 1500, epoch: 10 | loss: 0.1380638
	speed: 0.0226s/iter; left time: 13.9067s
	iters: 1600, epoch: 10 | loss: 0.0799145
	speed: 0.0205s/iter; left time: 10.5471s
	iters: 1700, epoch: 10 | loss: 0.1386570
	speed: 0.0224s/iter; left time: 9.2818s
	iters: 1800, epoch: 10 | loss: 0.1880204
	speed: 0.0227s/iter; left time: 7.1456s
	iters: 1900, epoch: 10 | loss: 0.1581914
	speed: 0.0240s/iter; left time: 5.1572s
	iters: 2000, epoch: 10 | loss: 0.0981025
	speed: 0.0234s/iter; left time: 2.6955s
	iters: 2100, epoch: 10 | loss: 0.1559832
	speed: 0.0247s/iter; left time: 0.3710s
Epoch: 10 cost time: 48.138590812683105
Epoch: 10, Steps: 2114 | Train Loss: 0.1612014 Vali Loss: 0.1555378 Test Loss: 0.1762575
Validation loss decreased (0.155886 --> 0.155538).  Saving model ...
Updating learning rate to 9.765625e-07
>>>>>>>testing : long_term_forecast_LBext_solar_DLinear_1440_s2023_DLinear_custom_ftM_sl1440_ll48_pl96_dm512_nh8_el3_dl1_df512_expand2_dc4_fc3_ebtimeF_dtTrue_Exp_0<<<<<<<<<<<<<<<<<<<<<<<<<<<<<<<<<
test 10417
test shape: (10417, 96, 137) (10417, 96, 137)
test shape: (10417, 96, 137) (10417, 96, 137)
mse:0.1761205792427063, mae:0.23923784494400024, dtw:Not calculated
