Using GPU
Args in experiment:
[1mBasic Config[0m
  Task Name:          long_term_forecast  Is Training:        1                   
  Model ID:           LBext_solar_DLinear_1440_s2022Model:              DLinear             

[1mData Loader[0m
  Data:               custom              Root Path:          ./dataset/solar/    
  Data Path:          solar.csv           Features:           M                   
  Target:             OT                  Freq:               h                   
  Checkpoints:        ./checkpoints/      

[1mForecasting Task[0m
  Seq Len:            1440                Label Len:          48                  
  Pred Len:           96                  Seasonal Patterns:  Monthly             
  Inverse:            0                   

[1mModel Parameters[0m
  Top k:              5                   Num Kernels:        6                   
  Enc In:             137                 Dec In:             137                 
  C Out:              137                 d model:            512                 
  n heads:            8                   e layers:           3                   
  d layers:           1                   d FF:               512                 
  Moving Avg:         25                  Factor:             3                   
  Distil:             1                   Dropout:            0.1                 
  Embed:              timeF               Activation:         gelu                

[1mRun Parameters[0m
  Num Workers:        4                   Itr:                1                   
  Train Epochs:       10                  Batch Size:         16                  
  Patience:           3                   Learning Rate:      0.0005              
  Des:                Exp                 Loss:               MSE                 
  Lradj:              type1               Use Amp:            0                   

[1mGPU[0m
  Use GPU:            1                   GPU:                0                   
  Use Multi GPU:      0                   Devices:            0,1,2,3             

[1mDe-stationary Projector Params[0m
  P Hidden Dims:      128, 128            P Hidden Layers:    2                   

Use GPU: cuda:0
🚀 Lazy Loading: DLinear ...
>>>>>>>start training : long_term_forecast_LBext_solar_DLinear_1440_s2022_DLinear_custom_ftM_sl1440_ll48_pl96_dm512_nh8_el3_dl1_df512_expand2_dc4_fc3_ebtimeF_dtTrue_Exp_0>>>>>>>>>>>>>>>>>>>>>>>>>>
train window subsample: keep 33817/35257 windows (max_train_windows=33817)
train 33817
val 5161
test 10417
	iters: 100, epoch: 1 | loss: 0.1677192
	speed: 0.0527s/iter; left time: 1108.7136s
	iters: 200, epoch: 1 | loss: 0.2063219
	speed: 0.0297s/iter; left time: 622.2642s
	iters: 300, epoch: 1 | loss: 0.1816964
	speed: 0.0309s/iter; left time: 643.9356s
	iters: 400, epoch: 1 | loss: 0.1442100
	speed: 0.0328s/iter; left time: 680.2294s
	iters: 500, epoch: 1 | loss: 0.1566607
	speed: 0.0334s/iter; left time: 689.0435s
	iters: 600, epoch: 1 | loss: 0.2423490
	speed: 0.0334s/iter; left time: 686.4059s
	iters: 700, epoch: 1 | loss: 0.1368271
	speed: 0.0322s/iter; left time: 659.2138s
	iters: 800, epoch: 1 | loss: 0.2515865
	speed: 0.0314s/iter; left time: 639.1470s
	iters: 900, epoch: 1 | loss: 0.0928243
	speed: 0.0299s/iter; left time: 604.2321s
	iters: 1000, epoch: 1 | loss: 0.2351297
	speed: 0.0316s/iter; left time: 637.0579s
	iters: 1100, epoch: 1 | loss: 0.1507323
	speed: 0.0346s/iter; left time: 693.9871s
	iters: 1200, epoch: 1 | loss: 0.2793963
	speed: 0.0331s/iter; left time: 660.4229s
	iters: 1300, epoch: 1 | loss: 0.1228122
	speed: 0.0331s/iter; left time: 656.3813s
	iters: 1400, epoch: 1 | loss: 0.1477351
	speed: 0.0324s/iter; left time: 639.8286s
	iters: 1500, epoch: 1 | loss: 0.2008494
	speed: 0.0305s/iter; left time: 599.4011s
	iters: 1600, epoch: 1 | loss: 0.1157193
	speed: 0.0319s/iter; left time: 623.8815s
	iters: 1700, epoch: 1 | loss: 0.2793803
	speed: 0.0328s/iter; left time: 637.6229s
	iters: 1800, epoch: 1 | loss: 0.1408556
	speed: 0.0350s/iter; left time: 675.9720s
	iters: 1900, epoch: 1 | loss: 0.1559330
	speed: 0.0353s/iter; left time: 678.7046s
	iters: 2000, epoch: 1 | loss: 0.1416741
	speed: 0.0366s/iter; left time: 700.5489s
	iters: 2100, epoch: 1 | loss: 0.1641221
	speed: 0.0381s/iter; left time: 725.6091s
Epoch: 1 cost time: 69.86545705795288
Epoch: 1, Steps: 2114 | Train Loss: 0.1841858 Vali Loss: 0.1677300 Test Loss: 0.1876289
Validation loss decreased (inf --> 0.167730).  Saving model ...
Updating learning rate to 0.0005
	iters: 100, epoch: 2 | loss: 0.1601011
	speed: 0.3888s/iter; left time: 7359.3008s
	iters: 200, epoch: 2 | loss: 0.1905887
	speed: 0.0350s/iter; left time: 658.3792s
	iters: 300, epoch: 2 | loss: 0.2329693
	speed: 0.0361s/iter; left time: 675.7957s
	iters: 400, epoch: 2 | loss: 0.1790215
	speed: 0.0331s/iter; left time: 616.4519s
	iters: 500, epoch: 2 | loss: 0.1711173
	speed: 0.0351s/iter; left time: 649.8806s
	iters: 600, epoch: 2 | loss: 0.2242452
	speed: 0.0379s/iter; left time: 698.1678s
	iters: 700, epoch: 2 | loss: 0.1422875
	speed: 0.0371s/iter; left time: 680.2287s
	iters: 800, epoch: 2 | loss: 0.1645606
	speed: 0.0380s/iter; left time: 692.5250s
	iters: 900, epoch: 2 | loss: 0.2801148
	speed: 0.0374s/iter; left time: 678.5160s
	iters: 1000, epoch: 2 | loss: 0.2048292
	speed: 0.0380s/iter; left time: 685.5103s
	iters: 1100, epoch: 2 | loss: 0.1761930
	speed: 0.0401s/iter; left time: 719.7191s
	iters: 1200, epoch: 2 | loss: 0.2031296
	speed: 0.0370s/iter; left time: 660.3072s
	iters: 1300, epoch: 2 | loss: 0.1698976
	speed: 0.0375s/iter; left time: 664.6428s
	iters: 1400, epoch: 2 | loss: 0.2011531
	speed: 0.0400s/iter; left time: 704.7389s
	iters: 1500, epoch: 2 | loss: 0.1854667
	speed: 0.0387s/iter; left time: 678.2756s
	iters: 1600, epoch: 2 | loss: 0.2019439
	speed: 0.0386s/iter; left time: 672.1804s
	iters: 1700, epoch: 2 | loss: 0.2326136
	speed: 0.0372s/iter; left time: 644.8702s
	iters: 1800, epoch: 2 | loss: 0.1676210
	speed: 0.0348s/iter; left time: 599.3859s
	iters: 1900, epoch: 2 | loss: 0.1463687
	speed: 0.0359s/iter; left time: 614.8396s
	iters: 2000, epoch: 2 | loss: 0.1262649
	speed: 0.0351s/iter; left time: 597.0460s
	iters: 2100, epoch: 2 | loss: 0.1438089
	speed: 0.0340s/iter; left time: 575.0377s
Epoch: 2 cost time: 77.9648756980896
Epoch: 2, Steps: 2114 | Train Loss: 0.1811636 Vali Loss: 0.1770412 Test Loss: 0.1887529
EarlyStopping counter: 1 out of 3
Updating learning rate to 0.00025
	iters: 100, epoch: 3 | loss: 0.1993551
	speed: 0.4029s/iter; left time: 6773.2568s
	iters: 200, epoch: 3 | loss: 0.2726840
	speed: 0.0365s/iter; left time: 609.3918s
	iters: 300, epoch: 3 | loss: 0.1738120
	speed: 0.0378s/iter; left time: 628.4989s
	iters: 400, epoch: 3 | loss: 0.1825053
	speed: 0.0365s/iter; left time: 601.9738s
	iters: 500, epoch: 3 | loss: 0.2250768
	speed: 0.0367s/iter; left time: 603.0308s
	iters: 600, epoch: 3 | loss: 0.2034095
	speed: 0.0354s/iter; left time: 577.4394s
	iters: 700, epoch: 3 | loss: 0.2039527
	speed: 0.0352s/iter; left time: 570.7201s
	iters: 800, epoch: 3 | loss: 0.1493261
	speed: 0.0371s/iter; left time: 597.0156s
	iters: 900, epoch: 3 | loss: 0.1818883
	speed: 0.0367s/iter; left time: 587.0163s
	iters: 1000, epoch: 3 | loss: 0.1652921
	speed: 0.0369s/iter; left time: 587.8020s
	iters: 1100, epoch: 3 | loss: 0.1592135
	speed: 0.0405s/iter; left time: 640.5131s
	iters: 1200, epoch: 3 | loss: 0.2211903
	speed: 0.0387s/iter; left time: 607.8815s
	iters: 1300, epoch: 3 | loss: 0.1849747
	speed: 0.0369s/iter; left time: 576.3794s
	iters: 1400, epoch: 3 | loss: 0.2234078
	speed: 0.0367s/iter; left time: 568.9819s
	iters: 1500, epoch: 3 | loss: 0.1569828
	speed: 0.0374s/iter; left time: 575.8948s
	iters: 1600, epoch: 3 | loss: 0.2511629
	speed: 0.0376s/iter; left time: 576.3660s
	iters: 1700, epoch: 3 | loss: 0.1156565
	speed: 0.0377s/iter; left time: 573.6432s
	iters: 1800, epoch: 3 | loss: 0.1435224
	speed: 0.0392s/iter; left time: 591.7678s
	iters: 1900, epoch: 3 | loss: 0.1533000
	speed: 0.0411s/iter; left time: 617.4866s
	iters: 2000, epoch: 3 | loss: 0.1596597
	speed: 0.0407s/iter; left time: 607.2372s
	iters: 2100, epoch: 3 | loss: 0.2386252
	speed: 0.0405s/iter; left time: 599.3995s
Epoch: 3 cost time: 80.17643618583679
Epoch: 3, Steps: 2114 | Train Loss: 0.1709724 Vali Loss: 0.1613804 Test Loss: 0.1809732
Validation loss decreased (0.167730 --> 0.161380).  Saving model ...
Updating learning rate to 0.000125
	iters: 100, epoch: 4 | loss: 0.2323473
	speed: 0.2909s/iter; left time: 4275.4577s
	iters: 200, epoch: 4 | loss: 0.1456409
	speed: 0.0194s/iter; left time: 282.6081s
	iters: 300, epoch: 4 | loss: 0.2003698
	speed: 0.0192s/iter; left time: 278.9418s
	iters: 400, epoch: 4 | loss: 0.1317324
	speed: 0.0183s/iter; left time: 262.8789s
	iters: 500, epoch: 4 | loss: 0.1629255
	speed: 0.0178s/iter; left time: 254.5884s
	iters: 600, epoch: 4 | loss: 0.1828365
	speed: 0.0203s/iter; left time: 288.3459s
	iters: 700, epoch: 4 | loss: 0.3391999
	speed: 0.0192s/iter; left time: 270.2472s
	iters: 800, epoch: 4 | loss: 0.1409989
	speed: 0.0198s/iter; left time: 277.3073s
	iters: 900, epoch: 4 | loss: 0.2058684
	speed: 0.0172s/iter; left time: 239.0769s
	iters: 1000, epoch: 4 | loss: 0.1170862
	speed: 0.0167s/iter; left time: 229.7880s
	iters: 1100, epoch: 4 | loss: 0.1567737
	speed: 0.0196s/iter; left time: 268.2732s
	iters: 1200, epoch: 4 | loss: 0.0831766
	speed: 0.0185s/iter; left time: 251.4988s
	iters: 1300, epoch: 4 | loss: 0.1469250
	speed: 0.0191s/iter; left time: 258.2975s
	iters: 1400, epoch: 4 | loss: 0.1097988
	speed: 0.0201s/iter; left time: 269.2298s
	iters: 1500, epoch: 4 | loss: 0.2178247
	speed: 0.0201s/iter; left time: 267.4047s
	iters: 1600, epoch: 4 | loss: 0.1525968
	speed: 0.0208s/iter; left time: 274.6590s
	iters: 1700, epoch: 4 | loss: 0.1592153
	speed: 0.0192s/iter; left time: 250.8511s
	iters: 1800, epoch: 4 | loss: 0.2326647
	speed: 0.0193s/iter; left time: 250.6790s
	iters: 1900, epoch: 4 | loss: 0.1081323
	speed: 0.0210s/iter; left time: 270.8182s
	iters: 2000, epoch: 4 | loss: 0.1633126
	speed: 0.0218s/iter; left time: 279.5207s
	iters: 2100, epoch: 4 | loss: 0.1900117
	speed: 0.0258s/iter; left time: 327.6101s
Epoch: 4 cost time: 41.98574638366699
Epoch: 4, Steps: 2114 | Train Loss: 0.1663635 Vali Loss: 0.1562945 Test Loss: 0.1798443
Validation loss decreased (0.161380 --> 0.156295).  Saving model ...
Updating learning rate to 6.25e-05
	iters: 100, epoch: 5 | loss: 0.1502112
	speed: 0.3590s/iter; left time: 4518.5720s
	iters: 200, epoch: 5 | loss: 0.1690146
	speed: 0.0285s/iter; left time: 355.2618s
	iters: 300, epoch: 5 | loss: 0.1346519
	speed: 0.0355s/iter; left time: 439.0990s
	iters: 400, epoch: 5 | loss: 0.0990585
	speed: 0.0364s/iter; left time: 447.1808s
	iters: 500, epoch: 5 | loss: 0.1294080
	speed: 0.0371s/iter; left time: 451.5023s
	iters: 600, epoch: 5 | loss: 0.1168740
	speed: 0.0385s/iter; left time: 465.5005s
	iters: 700, epoch: 5 | loss: 0.1383658
	speed: 0.0360s/iter; left time: 431.9955s
	iters: 800, epoch: 5 | loss: 0.1955789
	speed: 0.0370s/iter; left time: 439.1960s
	iters: 900, epoch: 5 | loss: 0.1869089
	speed: 0.0366s/iter; left time: 431.4037s
	iters: 1000, epoch: 5 | loss: 0.1044288
	speed: 0.0358s/iter; left time: 418.7293s
	iters: 1100, epoch: 5 | loss: 0.1438861
	speed: 0.0373s/iter; left time: 432.2688s
	iters: 1200, epoch: 5 | loss: 0.1501125
	speed: 0.0379s/iter; left time: 435.4704s
	iters: 1300, epoch: 5 | loss: 0.1666406
	speed: 0.0371s/iter; left time: 422.5700s
	iters: 1400, epoch: 5 | loss: 0.1873624
	speed: 0.0378s/iter; left time: 426.3697s
	iters: 1500, epoch: 5 | loss: 0.1268438
	speed: 0.0377s/iter; left time: 421.9639s
	iters: 1600, epoch: 5 | loss: 0.1143887
	speed: 0.0377s/iter; left time: 418.1642s
	iters: 1700, epoch: 5 | loss: 0.2111579
	speed: 0.0375s/iter; left time: 411.9585s
	iters: 1800, epoch: 5 | loss: 0.1422818
	speed: 0.0342s/iter; left time: 372.7685s
	iters: 1900, epoch: 5 | loss: 0.1979600
	speed: 0.0360s/iter; left time: 388.4520s
	iters: 2000, epoch: 5 | loss: 0.1352959
	speed: 0.0358s/iter; left time: 382.4967s
	iters: 2100, epoch: 5 | loss: 0.1398278
	speed: 0.0362s/iter; left time: 383.6257s
Epoch: 5 cost time: 76.96677041053772
Epoch: 5, Steps: 2114 | Train Loss: 0.1640655 Vali Loss: 0.1567182 Test Loss: 0.1774313
EarlyStopping counter: 1 out of 3
Updating learning rate to 3.125e-05
	iters: 100, epoch: 6 | loss: 0.1948379
	speed: 0.3993s/iter; left time: 4180.9390s
	iters: 200, epoch: 6 | loss: 0.1744165
	speed: 0.0304s/iter; left time: 314.8831s
	iters: 300, epoch: 6 | loss: 0.1697133
	speed: 0.0340s/iter; left time: 349.5249s
	iters: 400, epoch: 6 | loss: 0.0776521
	speed: 0.0350s/iter; left time: 355.9154s
	iters: 500, epoch: 6 | loss: 0.1378446
	speed: 0.0346s/iter; left time: 348.0204s
	iters: 600, epoch: 6 | loss: 0.1312697
	speed: 0.0341s/iter; left time: 339.7270s
	iters: 700, epoch: 6 | loss: 0.1070553
	speed: 0.0362s/iter; left time: 356.9269s
	iters: 800, epoch: 6 | loss: 0.1957267
	speed: 0.0336s/iter; left time: 328.7838s
	iters: 900, epoch: 6 | loss: 0.1424763
	speed: 0.0357s/iter; left time: 345.5770s
	iters: 1000, epoch: 6 | loss: 0.1313306
	speed: 0.0354s/iter; left time: 339.0107s
	iters: 1100, epoch: 6 | loss: 0.1723860
	speed: 0.0353s/iter; left time: 334.0215s
	iters: 1200, epoch: 6 | loss: 0.1071658
	speed: 0.0344s/iter; left time: 322.0936s
	iters: 1300, epoch: 6 | loss: 0.1455210
	speed: 0.0335s/iter; left time: 310.4918s
	iters: 1400, epoch: 6 | loss: 0.2172089
	speed: 0.0367s/iter; left time: 336.9267s
	iters: 1500, epoch: 6 | loss: 0.1671661
	speed: 0.0346s/iter; left time: 314.2467s
	iters: 1600, epoch: 6 | loss: 0.1555658
	speed: 0.0346s/iter; left time: 310.1999s
	iters: 1700, epoch: 6 | loss: 0.2894922
	speed: 0.0344s/iter; left time: 304.7968s
	iters: 1800, epoch: 6 | loss: 0.1262372
	speed: 0.0303s/iter; left time: 265.4439s
	iters: 1900, epoch: 6 | loss: 0.1722686
	speed: 0.0339s/iter; left time: 294.3292s
	iters: 2000, epoch: 6 | loss: 0.1484458
	speed: 0.0357s/iter; left time: 306.3790s
	iters: 2100, epoch: 6 | loss: 0.1690300
	speed: 0.0339s/iter; left time: 287.1687s
Epoch: 6 cost time: 72.62816572189331
Epoch: 6, Steps: 2114 | Train Loss: 0.1626694 Vali Loss: 0.1566852 Test Loss: 0.1765072
EarlyStopping counter: 2 out of 3
Updating learning rate to 1.5625e-05
	iters: 100, epoch: 7 | loss: 0.1126344
	speed: 0.3626s/iter; left time: 3030.1642s
	iters: 200, epoch: 7 | loss: 0.0870635
	speed: 0.0320s/iter; left time: 264.0272s
	iters: 300, epoch: 7 | loss: 0.1016282
	speed: 0.0316s/iter; left time: 257.5418s
	iters: 400, epoch: 7 | loss: 0.0891251
	speed: 0.0300s/iter; left time: 241.7048s
	iters: 500, epoch: 7 | loss: 0.2118734
	speed: 0.0314s/iter; left time: 250.0838s
	iters: 600, epoch: 7 | loss: 0.1717052
	speed: 0.0272s/iter; left time: 213.6585s
	iters: 700, epoch: 7 | loss: 0.1420491
	speed: 0.0274s/iter; left time: 212.2114s
	iters: 800, epoch: 7 | loss: 0.1117203
	speed: 0.0271s/iter; left time: 207.7052s
	iters: 900, epoch: 7 | loss: 0.1948044
	speed: 0.0292s/iter; left time: 221.0249s
	iters: 1000, epoch: 7 | loss: 0.1376180
	speed: 0.0292s/iter; left time: 218.0091s
	iters: 1100, epoch: 7 | loss: 0.1404562
	speed: 0.0286s/iter; left time: 210.7055s
	iters: 1200, epoch: 7 | loss: 0.1251444
	speed: 0.0288s/iter; left time: 209.0783s
	iters: 1300, epoch: 7 | loss: 0.1066737
	speed: 0.0295s/iter; left time: 211.1023s
	iters: 1400, epoch: 7 | loss: 0.1425040
	speed: 0.0326s/iter; left time: 229.9380s
	iters: 1500, epoch: 7 | loss: 0.1353462
	speed: 0.0324s/iter; left time: 225.2318s
	iters: 1600, epoch: 7 | loss: 0.1342555
	speed: 0.0310s/iter; left time: 212.5322s
	iters: 1700, epoch: 7 | loss: 0.1924907
	speed: 0.0324s/iter; left time: 218.6067s
	iters: 1800, epoch: 7 | loss: 0.1735188
	speed: 0.0326s/iter; left time: 216.6962s
	iters: 1900, epoch: 7 | loss: 0.0797574
	speed: 0.0309s/iter; left time: 202.6347s
	iters: 2000, epoch: 7 | loss: 0.1233969
	speed: 0.0295s/iter; left time: 190.1648s
	iters: 2100, epoch: 7 | loss: 0.2314467
	speed: 0.0298s/iter; left time: 189.4761s
Epoch: 7 cost time: 64.34554505348206
Epoch: 7, Steps: 2114 | Train Loss: 0.1618986 Vali Loss: 0.1562608 Test Loss: 0.1765451
Validation loss decreased (0.156295 --> 0.156261).  Saving model ...
Updating learning rate to 7.8125e-06
	iters: 100, epoch: 8 | loss: 0.0894981
	speed: 0.3237s/iter; left time: 2021.1321s
	iters: 200, epoch: 8 | loss: 0.1158393
	speed: 0.0279s/iter; left time: 171.2266s
	iters: 300, epoch: 8 | loss: 0.1854859
	speed: 0.0281s/iter; left time: 169.5467s
	iters: 400, epoch: 8 | loss: 0.1434813
	speed: 0.0287s/iter; left time: 170.7367s
	iters: 500, epoch: 8 | loss: 0.1666216
	speed: 0.0306s/iter; left time: 178.5333s
	iters: 600, epoch: 8 | loss: 0.1175177
	speed: 0.0284s/iter; left time: 163.2383s
	iters: 700, epoch: 8 | loss: 0.1050398
	speed: 0.0291s/iter; left time: 164.2266s
	iters: 800, epoch: 8 | loss: 0.1475197
	speed: 0.0288s/iter; left time: 159.8998s
	iters: 900, epoch: 8 | loss: 0.1808455
	speed: 0.0288s/iter; left time: 156.7530s
	iters: 1000, epoch: 8 | loss: 0.2142047
	speed: 0.0285s/iter; left time: 152.1722s
	iters: 1100, epoch: 8 | loss: 0.1529150
	speed: 0.0293s/iter; left time: 153.4286s
	iters: 1200, epoch: 8 | loss: 0.1607553
	speed: 0.0252s/iter; left time: 129.7561s
	iters: 1300, epoch: 8 | loss: 0.1471506
	speed: 0.0261s/iter; left time: 131.3895s
	iters: 1400, epoch: 8 | loss: 0.1266453
	speed: 0.0269s/iter; left time: 133.0446s
	iters: 1500, epoch: 8 | loss: 0.1336403
	speed: 0.0266s/iter; left time: 129.0294s
	iters: 1600, epoch: 8 | loss: 0.0941250
	speed: 0.0274s/iter; left time: 129.8885s
	iters: 1700, epoch: 8 | loss: 0.2977729
	speed: 0.0275s/iter; left time: 127.6680s
	iters: 1800, epoch: 8 | loss: 0.1798177
	speed: 0.0270s/iter; left time: 122.5777s
	iters: 1900, epoch: 8 | loss: 0.1560280
	speed: 0.0280s/iter; left time: 124.3420s
	iters: 2000, epoch: 8 | loss: 0.1493156
	speed: 0.0277s/iter; left time: 120.5039s
	iters: 2100, epoch: 8 | loss: 0.2014961
	speed: 0.0274s/iter; left time: 116.1471s
Epoch: 8 cost time: 59.43184542655945
Epoch: 8, Steps: 2114 | Train Loss: 0.1614948 Vali Loss: 0.1554706 Test Loss: 0.1766302
Validation loss decreased (0.156261 --> 0.155471).  Saving model ...
Updating learning rate to 3.90625e-06
	iters: 100, epoch: 9 | loss: 0.1400116
	speed: 0.3228s/iter; left time: 1332.7087s
	iters: 200, epoch: 9 | loss: 0.2571997
	speed: 0.0264s/iter; left time: 106.2611s
	iters: 300, epoch: 9 | loss: 0.1666223
	speed: 0.0284s/iter; left time: 111.3998s
	iters: 400, epoch: 9 | loss: 0.1901212
	speed: 0.0280s/iter; left time: 107.2935s
	iters: 500, epoch: 9 | loss: 0.1594504
	speed: 0.0270s/iter; left time: 100.8568s
	iters: 600, epoch: 9 | loss: 0.1218294
	speed: 0.0282s/iter; left time: 102.4266s
	iters: 700, epoch: 9 | loss: 0.1101829
	speed: 0.0287s/iter; left time: 101.2106s
	iters: 800, epoch: 9 | loss: 0.1527935
	speed: 0.0272s/iter; left time: 93.1410s
	iters: 900, epoch: 9 | loss: 0.2667468
	speed: 0.0261s/iter; left time: 86.8128s
	iters: 1000, epoch: 9 | loss: 0.1653250
	speed: 0.0256s/iter; left time: 82.7628s
	iters: 1100, epoch: 9 | loss: 0.1240316
	speed: 0.0264s/iter; left time: 82.5061s
	iters: 1200, epoch: 9 | loss: 0.1065529
	speed: 0.0267s/iter; left time: 81.0233s
	iters: 1300, epoch: 9 | loss: 0.1854848
	speed: 0.0272s/iter; left time: 79.7511s
	iters: 1400, epoch: 9 | loss: 0.0886544
	speed: 0.0252s/iter; left time: 71.1792s
	iters: 1500, epoch: 9 | loss: 0.1546768
	speed: 0.0248s/iter; left time: 67.7686s
	iters: 1600, epoch: 9 | loss: 0.1972107
	speed: 0.0268s/iter; left time: 70.3662s
	iters: 1700, epoch: 9 | loss: 0.1155142
	speed: 0.0265s/iter; left time: 67.1255s
	iters: 1800, epoch: 9 | loss: 0.1277142
	speed: 0.0258s/iter; left time: 62.6787s
	iters: 1900, epoch: 9 | loss: 0.1639901
	speed: 0.0264s/iter; left time: 61.5618s
	iters: 2000, epoch: 9 | loss: 0.1347142
	speed: 0.0246s/iter; left time: 54.7425s
	iters: 2100, epoch: 9 | loss: 0.1673763
	speed: 0.0259s/iter; left time: 55.1358s
Epoch: 9 cost time: 56.79767107963562
Epoch: 9, Steps: 2114 | Train Loss: 0.1613211 Vali Loss: 0.1555322 Test Loss: 0.1763333
EarlyStopping counter: 1 out of 3
Updating learning rate to 1.953125e-06
	iters: 100, epoch: 10 | loss: 0.1564551
	speed: 0.2878s/iter; left time: 579.9905s
	iters: 200, epoch: 10 | loss: 0.1135987
	speed: 0.0271s/iter; left time: 51.9529s
	iters: 300, epoch: 10 | loss: 0.1306263
	speed: 0.0278s/iter; left time: 50.3739s
	iters: 400, epoch: 10 | loss: 0.1671366
	speed: 0.0239s/iter; left time: 40.9967s
	iters: 500, epoch: 10 | loss: 0.1460798
	speed: 0.0262s/iter; left time: 42.2983s
	iters: 600, epoch: 10 | loss: 0.1678665
	speed: 0.0260s/iter; left time: 39.4292s
	iters: 700, epoch: 10 | loss: 0.2167754
	speed: 0.0269s/iter; left time: 38.1123s
	iters: 800, epoch: 10 | loss: 0.1689698
	speed: 0.0282s/iter; left time: 37.0972s
	iters: 900, epoch: 10 | loss: 0.0981744
	speed: 0.0283s/iter; left time: 34.4036s
	iters: 1000, epoch: 10 | loss: 0.1739605
	speed: 0.0297s/iter; left time: 33.1644s
	iters: 1100, epoch: 10 | loss: 0.1282932
	speed: 0.0326s/iter; left time: 33.1218s
	iters: 1200, epoch: 10 | loss: 0.1271683
	speed: 0.0329s/iter; left time: 30.0870s
	iters: 1300, epoch: 10 | loss: 0.1280370
	speed: 0.0328s/iter; left time: 26.6931s
	iters: 1400, epoch: 10 | loss: 0.1305168
	speed: 0.0330s/iter; left time: 23.5827s
	iters: 1500, epoch: 10 | loss: 0.1664626
	speed: 0.0316s/iter; left time: 19.4578s
	iters: 1600, epoch: 10 | loss: 0.1119200
	speed: 0.0307s/iter; left time: 15.7952s
	iters: 1700, epoch: 10 | loss: 0.1262563
	speed: 0.0300s/iter; left time: 12.4380s
	iters: 1800, epoch: 10 | loss: 0.1199209
	speed: 0.0289s/iter; left time: 9.1072s
	iters: 1900, epoch: 10 | loss: 0.0787275
	speed: 0.0299s/iter; left time: 6.4290s
	iters: 2000, epoch: 10 | loss: 0.2143164
	speed: 0.0268s/iter; left time: 3.0853s
	iters: 2100, epoch: 10 | loss: 0.1892579
	speed: 0.0284s/iter; left time: 0.4259s
Epoch: 10 cost time: 61.61015462875366
Epoch: 10, Steps: 2114 | Train Loss: 0.1611708 Vali Loss: 0.1554763 Test Loss: 0.1763184
EarlyStopping counter: 2 out of 3
Updating learning rate to 9.765625e-07
>>>>>>>testing : long_term_forecast_LBext_solar_DLinear_1440_s2022_DLinear_custom_ftM_sl1440_ll48_pl96_dm512_nh8_el3_dl1_df512_expand2_dc4_fc3_ebtimeF_dtTrue_Exp_0<<<<<<<<<<<<<<<<<<<<<<<<<<<<<<<<<
test 10417
test shape: (10417, 96, 137) (10417, 96, 137)
test shape: (10417, 96, 137) (10417, 96, 137)
mse:0.17651735246181488, mae:0.2405896931886673, dtw:Not calculated
