Using GPU
Args in experiment:
[1mBasic Config[0m
  Task Name:          long_term_forecast  Is Training:        1                   
  Model ID:           E4_ETTh1_PTG_b720_2880_s2021Model:              PatchTSTGated       

[1mData Loader[0m
  Data:               ETTh1               Root Path:          ./dataset/ETT-small/
  Data Path:          ETTh1.csv           Features:           M                   
  Target:             OT                  Freq:               h                   
  Checkpoints:        ./checkpoints/      

[1mForecasting Task[0m
  Seq Len:            2880                Label Len:          48                  
  Pred Len:           96                  Seasonal Patterns:  Monthly             
  Inverse:            0                   

[1mModel Parameters[0m
  Top k:              5                   Num Kernels:        6                   
  Enc In:             7                   Dec In:             7                   
  C Out:              7                   d model:            512                 
  n heads:            2                   e layers:           1                   
  d layers:           1                   d FF:               2048                
  Moving Avg:         25                  Factor:             3                   
  Distil:             1                   Dropout:            0.1                 
  Embed:              timeF               Activation:         gelu                

[1mRun Parameters[0m
  Num Workers:        4                   Itr:                1                   
  Train Epochs:       10                  Batch Size:         32                  
  Patience:           3                   Learning Rate:      0.0001              
  Des:                Exp                 Loss:               MSE                 
  Lradj:              type1               Use Amp:            0                   

[1mGPU[0m
  Use GPU:            1                   GPU:                0                   
  Use Multi GPU:      0                   Devices:            0,1,2,3             

[1mDe-stationary Projector Params[0m
  P Hidden Dims:      128, 128            P Hidden Layers:    2                   

Use GPU: cuda:0
🚀 Lazy Loading: PatchTSTGated ...
>>>>>>>start training : long_term_forecast_E4_ETTh1_PTG_b720_2880_s2021_PatchTSTGated_ETTh1_ftM_sl2880_ll48_pl96_dm512_nh2_el1_dl1_df2048_expand2_dc4_fc3_ebtimeF_dtTrue_Exp_0>>>>>>>>>>>>>>>>>>>>>>>>>>
input budget: keeping most recent 720/2880 steps, rest zeroed
train 5665
input budget: keeping most recent 720/2880 steps, rest zeroed
val 2785
input budget: keeping most recent 720/2880 steps, rest zeroed
test 2785
	iters: 100, epoch: 1 | loss: 0.3646585
	speed: 0.2300s/iter; left time: 386.6366s
Epoch: 1 cost time: 33.82165718078613
Epoch: 1, Steps: 178 | Train Loss: 0.8396773 Vali Loss: 0.8754806 Test Loss: 0.4617220
Validation loss decreased (inf --> 0.875481).  Saving model ...
Updating learning rate to 0.0001
	iters: 100, epoch: 2 | loss: 0.4138804
	speed: 0.5790s/iter; left time: 870.3001s
Epoch: 2 cost time: 32.44908833503723
Epoch: 2, Steps: 178 | Train Loss: 0.4127886 Vali Loss: 1.0005722 Test Loss: 0.5657357
EarlyStopping counter: 1 out of 3
Updating learning rate to 5e-05
	iters: 100, epoch: 3 | loss: 0.4096853
	speed: 0.5264s/iter; left time: 697.4303s
Epoch: 3 cost time: 30.706701278686523
Epoch: 3, Steps: 178 | Train Loss: 0.3766160 Vali Loss: 0.9026863 Test Loss: 0.4700378
EarlyStopping counter: 2 out of 3
Updating learning rate to 2.5e-05
	iters: 100, epoch: 4 | loss: 0.3979766
	speed: 0.4634s/iter; left time: 531.5052s
Epoch: 4 cost time: 30.197065353393555
Epoch: 4, Steps: 178 | Train Loss: 0.3595819 Vali Loss: 0.8674288 Test Loss: 0.4454858
Validation loss decreased (0.875481 --> 0.867429).  Saving model ...
Updating learning rate to 1.25e-05
	iters: 100, epoch: 5 | loss: 0.3517058
	speed: 0.4802s/iter; left time: 465.3022s
Epoch: 5 cost time: 30.423359155654907
Epoch: 5, Steps: 178 | Train Loss: 0.3541691 Vali Loss: 0.8684073 Test Loss: 0.4595730
EarlyStopping counter: 1 out of 3
Updating learning rate to 6.25e-06
	iters: 100, epoch: 6 | loss: 0.3599870
	speed: 0.4674s/iter; left time: 369.7103s
Epoch: 6 cost time: 30.57466173171997
Epoch: 6, Steps: 178 | Train Loss: 0.3454251 Vali Loss: 0.8515295 Test Loss: 0.4266800
Validation loss decreased (0.867429 --> 0.851529).  Saving model ...
Updating learning rate to 3.125e-06
	iters: 100, epoch: 7 | loss: 0.3245634
	speed: 0.4752s/iter; left time: 291.2896s
Epoch: 7 cost time: 30.587665557861328
Epoch: 7, Steps: 178 | Train Loss: 0.3392937 Vali Loss: 0.8795469 Test Loss: 0.4370984
EarlyStopping counter: 1 out of 3
Updating learning rate to 1.5625e-06
	iters: 100, epoch: 8 | loss: 0.3405035
	speed: 0.4503s/iter; left time: 195.8807s
Epoch: 8 cost time: 30.265737771987915
Epoch: 8, Steps: 178 | Train Loss: 0.3373232 Vali Loss: 0.8575261 Test Loss: 0.4210689
EarlyStopping counter: 2 out of 3
Updating learning rate to 7.8125e-07
	iters: 100, epoch: 9 | loss: 0.3273008
	speed: 0.4284s/iter; left time: 110.1098s
Epoch: 9 cost time: 28.989381313323975
Epoch: 9, Steps: 178 | Train Loss: 0.3358783 Vali Loss: 0.8540551 Test Loss: 0.4291240
EarlyStopping counter: 3 out of 3
Early stopping
>>>>>>>testing : long_term_forecast_E4_ETTh1_PTG_b720_2880_s2021_PatchTSTGated_ETTh1_ftM_sl2880_ll48_pl96_dm512_nh2_el1_dl1_df2048_expand2_dc4_fc3_ebtimeF_dtTrue_Exp_0<<<<<<<<<<<<<<<<<<<<<<<<<<<<<<<<<
input budget: keeping most recent 720/2880 steps, rest zeroed
test 2785
test shape: (2785, 96, 7) (2785, 96, 7)
test shape: (2785, 96, 7) (2785, 96, 7)
mse:0.42475420236587524, mae:0.44516026973724365, dtw:Not calculated
