Using GPU
Args in experiment:
[1mBasic Config[0m
  Task Name:          long_term_forecast  Is Training:        1                   
  Model ID:           E4_ETTh1_PTG_nb_720_s2022Model:              PatchTSTGated       

[1mData Loader[0m
  Data:               ETTh1               Root Path:          ./dataset/ETT-small/
  Data Path:          ETTh1.csv           Features:           M                   
  Target:             OT                  Freq:               h                   
  Checkpoints:        ./checkpoints/      

[1mForecasting Task[0m
  Seq Len:            720                 Label Len:          48                  
  Pred Len:           96                  Seasonal Patterns:  Monthly             
  Inverse:            0                   

[1mModel Parameters[0m
  Top k:              5                   Num Kernels:        6                   
  Enc In:             7                   Dec In:             7                   
  C Out:              7                   d model:            512                 
  n heads:            2                   e layers:           1                   
  d layers:           1                   d FF:               2048                
  Moving Avg:         25                  Factor:             3                   
  Distil:             1                   Dropout:            0.1                 
  Embed:              timeF               Activation:         gelu                

[1mRun Parameters[0m
  Num Workers:        4                   Itr:                1                   
  Train Epochs:       10                  Batch Size:         32                  
  Patience:           3                   Learning Rate:      0.0001              
  Des:                Exp                 Loss:               MSE                 
  Lradj:              type1               Use Amp:            0                   

[1mGPU[0m
  Use GPU:            1                   GPU:                0                   
  Use Multi GPU:      0                   Devices:            0,1,2,3             

[1mDe-stationary Projector Params[0m
  P Hidden Dims:      128, 128            P Hidden Layers:    2                   

Use GPU: cuda:0
🚀 Lazy Loading: PatchTSTGated ...
>>>>>>>start training : long_term_forecast_E4_ETTh1_PTG_nb_720_s2022_PatchTSTGated_ETTh1_ftM_sl720_ll48_pl96_dm512_nh2_el1_dl1_df2048_expand2_dc4_fc3_ebtimeF_dtTrue_Exp_0>>>>>>>>>>>>>>>>>>>>>>>>>>
train 7825
val 2785
test 2785
	iters: 100, epoch: 1 | loss: 0.4190702
	speed: 0.0919s/iter; left time: 215.9506s
	iters: 200, epoch: 1 | loss: 0.4782591
	speed: 0.0620s/iter; left time: 139.5388s
Epoch: 1 cost time: 16.177378177642822
Epoch: 1, Steps: 245 | Train Loss: 0.4682191 Vali Loss: 0.9443907 Test Loss: 0.4517328
Validation loss decreased (inf --> 0.944391).  Saving model ...
Updating learning rate to 0.0001
	iters: 100, epoch: 2 | loss: 0.4008875
	speed: 0.1859s/iter; left time: 391.4198s
	iters: 200, epoch: 2 | loss: 0.4083318
	speed: 0.0538s/iter; left time: 107.9096s
Epoch: 2 cost time: 14.23655891418457
Epoch: 2, Steps: 245 | Train Loss: 0.4064887 Vali Loss: 0.9483932 Test Loss: 0.4279236
EarlyStopping counter: 1 out of 3
Updating learning rate to 5e-05
	iters: 100, epoch: 3 | loss: 0.3428175
	speed: 0.1415s/iter; left time: 263.3055s
	iters: 200, epoch: 3 | loss: 0.4002979
	speed: 0.0502s/iter; left time: 88.4713s
Epoch: 3 cost time: 12.624051809310913
Epoch: 3, Steps: 245 | Train Loss: 0.3500113 Vali Loss: 0.9847493 Test Loss: 0.4290795
EarlyStopping counter: 2 out of 3
Updating learning rate to 2.5e-05
	iters: 100, epoch: 4 | loss: 0.2877935
	speed: 0.1416s/iter; left time: 228.8095s
	iters: 200, epoch: 4 | loss: 0.3396874
	speed: 0.0537s/iter; left time: 81.4620s
Epoch: 4 cost time: 13.129789590835571
Epoch: 4, Steps: 245 | Train Loss: 0.3252015 Vali Loss: 0.9397630 Test Loss: 0.4174165
Validation loss decreased (0.944391 --> 0.939763).  Saving model ...
Updating learning rate to 1.25e-05
	iters: 100, epoch: 5 | loss: 0.2759247
	speed: 0.1324s/iter; left time: 181.5752s
	iters: 200, epoch: 5 | loss: 0.3365226
	speed: 0.0498s/iter; left time: 63.2436s
Epoch: 5 cost time: 12.321931600570679
Epoch: 5, Steps: 245 | Train Loss: 0.3134327 Vali Loss: 0.9527116 Test Loss: 0.4340016
EarlyStopping counter: 1 out of 3
Updating learning rate to 6.25e-06
	iters: 100, epoch: 6 | loss: 0.3192473
	speed: 0.1385s/iter; left time: 155.9330s
	iters: 200, epoch: 6 | loss: 0.2956934
	speed: 0.0543s/iter; left time: 55.7469s
Epoch: 6 cost time: 13.291217803955078
Epoch: 6, Steps: 245 | Train Loss: 0.3073366 Vali Loss: 0.9473241 Test Loss: 0.4245770
EarlyStopping counter: 2 out of 3
Updating learning rate to 3.125e-06
	iters: 100, epoch: 7 | loss: 0.3591370
	speed: 0.1607s/iter; left time: 141.5855s
	iters: 200, epoch: 7 | loss: 0.3111624
	speed: 0.0514s/iter; left time: 40.1251s
Epoch: 7 cost time: 12.588528871536255
Epoch: 7, Steps: 245 | Train Loss: 0.3037705 Vali Loss: 0.9405883 Test Loss: 0.4266123
EarlyStopping counter: 3 out of 3
Early stopping
>>>>>>>testing : long_term_forecast_E4_ETTh1_PTG_nb_720_s2022_PatchTSTGated_ETTh1_ftM_sl720_ll48_pl96_dm512_nh2_el1_dl1_df2048_expand2_dc4_fc3_ebtimeF_dtTrue_Exp_0<<<<<<<<<<<<<<<<<<<<<<<<<<<<<<<<<
test 2785
test shape: (2785, 96, 7) (2785, 96, 7)
test shape: (2785, 96, 7) (2785, 96, 7)
mse:0.4155493676662445, mae:0.4298476278781891, dtw:Not calculated
