Using GPU
Args in experiment:
[1mBasic Config[0m
  Task Name:          long_term_forecast  Is Training:        1                   
  Model ID:           DEC_electricity_iTransformer_autorc_sl2880_s2021Model:              iTransformer        

[1mData Loader[0m
  Data:               custom              Root Path:          ./dataset/electricity/
  Data Path:          electricity.csv     Features:           M                   
  Target:             OT                  Freq:               h                   
  Checkpoints:        ./checkpoints/      

[1mForecasting Task[0m
  Seq Len:            2880                Label Len:          48                  
  Pred Len:           96                  Seasonal Patterns:  Monthly             
  Inverse:            0                   

[1mModel Parameters[0m
  Top k:              5                   Num Kernels:        6                   
  Enc In:             321                 Dec In:             321                 
  C Out:              321                 d model:            512                 
  n heads:            8                   e layers:           3                   
  d layers:           1                   d FF:               512                 
  Moving Avg:         25                  Factor:             3                   
  Distil:             1                   Dropout:            0.1                 
  Embed:              timeF               Activation:         gelu                

[1mRun Parameters[0m
  Num Workers:        2                   Itr:                1                   
  Train Epochs:       10                  Batch Size:         16                  
  Patience:           3                   Learning Rate:      0.0005              
  Des:                Exp                 Loss:               MSE                 
  Lradj:              type1               Use Amp:            0                   

[1mGPU[0m
  Use GPU:            1                   GPU:                0                   
  Use Multi GPU:      0                   Devices:            0,1,2,3             

[1mDe-stationary Projector Params[0m
  P Hidden Dims:      128, 128            P Hidden Layers:    2                   

Use GPU: cuda:0
🚀 Lazy Loading: iTransformer ...
>>>>>>>start training : long_term_forecast_DEC_electricity_iTransformer_autorc_sl2880_s2021_iTransformer_custom_ftM_sl2880_ll48_pl96_dm512_nh8_el3_dl1_df512_expand2_dc4_fc3_ebtimeF_dtTrue_Exp_0>>>>>>>>>>>>>>>>>>>>>>>>>>
decay_auto: drift=0.1810 -> lambda=0.006807 -> N*=656 -> mu=0.998478 (c=124.39, extrapolate=True, floor=0)
input decay: exp forgetting mu=0.998478 (equivalent window N*=656)
train 15437
input decay: exp forgetting mu=0.998478 (equivalent window N*=656)
val 2537
input decay: exp forgetting mu=0.998478 (equivalent window N*=656)
test 5165
	iters: 100, epoch: 1 | loss: 0.1602782
	speed: 0.0922s/iter; left time: 880.5015s
	iters: 200, epoch: 1 | loss: 0.1381403
	speed: 0.0743s/iter; left time: 702.3614s
	iters: 300, epoch: 1 | loss: 0.1637350
	speed: 0.0739s/iter; left time: 690.9934s
	iters: 400, epoch: 1 | loss: 0.1248073
	speed: 0.0744s/iter; left time: 688.1323s
	iters: 500, epoch: 1 | loss: 0.1359668
	speed: 0.0741s/iter; left time: 678.3027s
	iters: 600, epoch: 1 | loss: 0.1525260
	speed: 0.0762s/iter; left time: 689.6389s
	iters: 700, epoch: 1 | loss: 0.1679294
	speed: 0.0747s/iter; left time: 668.2245s
	iters: 800, epoch: 1 | loss: 0.1234548
	speed: 0.0747s/iter; left time: 660.8009s
	iters: 900, epoch: 1 | loss: 0.1143487
	speed: 0.0744s/iter; left time: 651.2662s
Epoch: 1 cost time: 72.52204442024231
Epoch: 1, Steps: 965 | Train Loss: 0.1554480 Vali Loss: 0.1227498 Test Loss: 0.1394743
Validation loss decreased (inf --> 0.122750).  Saving model ...
Updating learning rate to 0.0005
	iters: 100, epoch: 2 | loss: 0.1375601
	speed: 0.4743s/iter; left time: 4071.9969s
	iters: 200, epoch: 2 | loss: 0.1216163
	speed: 0.0721s/iter; left time: 612.1964s
	iters: 300, epoch: 2 | loss: 0.1367356
	speed: 0.0722s/iter; left time: 605.1583s
	iters: 400, epoch: 2 | loss: 0.1282259
	speed: 0.0708s/iter; left time: 586.7304s
	iters: 500, epoch: 2 | loss: 0.1123413
	speed: 0.0734s/iter; left time: 600.5817s
	iters: 600, epoch: 2 | loss: 0.1087259
	speed: 0.0725s/iter; left time: 585.8431s
	iters: 700, epoch: 2 | loss: 0.1153852
	speed: 0.0720s/iter; left time: 574.7391s
	iters: 800, epoch: 2 | loss: 0.1167285
	speed: 0.0725s/iter; left time: 571.5052s
	iters: 900, epoch: 2 | loss: 0.1127694
	speed: 0.0727s/iter; left time: 566.2436s
Epoch: 2 cost time: 70.1244626045227
Epoch: 2, Steps: 965 | Train Loss: 0.1281691 Vali Loss: 0.1232135 Test Loss: 0.1391451
EarlyStopping counter: 1 out of 3
Updating learning rate to 0.00025
	iters: 100, epoch: 3 | loss: 0.1151510
	speed: 0.4697s/iter; left time: 3579.6886s
	iters: 200, epoch: 3 | loss: 0.1070400
	speed: 0.0755s/iter; left time: 568.1230s
	iters: 300, epoch: 3 | loss: 0.1154775
	speed: 0.0729s/iter; left time: 541.2901s
	iters: 400, epoch: 3 | loss: 0.1033975
	speed: 0.0721s/iter; left time: 527.9993s
	iters: 500, epoch: 3 | loss: 0.0957227
	speed: 0.0726s/iter; left time: 524.6042s
	iters: 600, epoch: 3 | loss: 0.1028132
	speed: 0.0731s/iter; left time: 520.8898s
	iters: 700, epoch: 3 | loss: 0.0982514
	speed: 0.0711s/iter; left time: 499.0379s
	iters: 800, epoch: 3 | loss: 0.0970245
	speed: 0.0709s/iter; left time: 490.9728s
	iters: 900, epoch: 3 | loss: 0.1080573
	speed: 0.0712s/iter; left time: 485.9807s
Epoch: 3 cost time: 70.04132890701294
Epoch: 3, Steps: 965 | Train Loss: 0.1088192 Vali Loss: 0.1150683 Test Loss: 0.1328244
Validation loss decreased (0.122750 --> 0.115068).  Saving model ...
Updating learning rate to 0.000125
	iters: 100, epoch: 4 | loss: 0.1003014
	speed: 0.4618s/iter; left time: 3073.7655s
	iters: 200, epoch: 4 | loss: 0.1066596
	speed: 0.0727s/iter; left time: 476.4916s
	iters: 300, epoch: 4 | loss: 0.0937632
	speed: 0.0728s/iter; left time: 470.0043s
	iters: 400, epoch: 4 | loss: 0.1010851
	speed: 0.0740s/iter; left time: 470.3618s
	iters: 500, epoch: 4 | loss: 0.1012536
	speed: 0.0729s/iter; left time: 456.2756s
	iters: 600, epoch: 4 | loss: 0.1116486
	speed: 0.0729s/iter; left time: 448.6358s
	iters: 700, epoch: 4 | loss: 0.1067188
	speed: 0.0733s/iter; left time: 443.8941s
	iters: 800, epoch: 4 | loss: 0.0922026
	speed: 0.0722s/iter; left time: 430.1772s
	iters: 900, epoch: 4 | loss: 0.1016530
	speed: 0.0725s/iter; left time: 424.6537s
Epoch: 4 cost time: 70.46945786476135
Epoch: 4, Steps: 965 | Train Loss: 0.1008704 Vali Loss: 0.1141418 Test Loss: 0.1316086
Validation loss decreased (0.115068 --> 0.114142).  Saving model ...
Updating learning rate to 6.25e-05
	iters: 100, epoch: 5 | loss: 0.0970709
	speed: 0.4669s/iter; left time: 2657.0532s
	iters: 200, epoch: 5 | loss: 0.1043154
	speed: 0.0720s/iter; left time: 402.3448s
	iters: 300, epoch: 5 | loss: 0.1037902
	speed: 0.0713s/iter; left time: 391.4242s
	iters: 400, epoch: 5 | loss: 0.0910508
	speed: 0.0717s/iter; left time: 386.3550s
	iters: 500, epoch: 5 | loss: 0.0944695
	speed: 0.0726s/iter; left time: 384.2136s
	iters: 600, epoch: 5 | loss: 0.0922205
	speed: 0.0724s/iter; left time: 375.9969s
	iters: 700, epoch: 5 | loss: 0.0949953
	speed: 0.0717s/iter; left time: 365.1040s
	iters: 800, epoch: 5 | loss: 0.0912718
	speed: 0.0723s/iter; left time: 360.7322s
	iters: 900, epoch: 5 | loss: 0.0894282
	speed: 0.0720s/iter; left time: 352.3428s
Epoch: 5 cost time: 69.85556054115295
Epoch: 5, Steps: 965 | Train Loss: 0.0972072 Vali Loss: 0.1129558 Test Loss: 0.1309969
Validation loss decreased (0.114142 --> 0.112956).  Saving model ...
Updating learning rate to 3.125e-05
	iters: 100, epoch: 6 | loss: 0.1004015
	speed: 0.4632s/iter; left time: 2188.8471s
	iters: 200, epoch: 6 | loss: 0.0937871
	speed: 0.0715s/iter; left time: 330.7426s
	iters: 300, epoch: 6 | loss: 0.0961217
	speed: 0.0706s/iter; left time: 319.3981s
	iters: 400, epoch: 6 | loss: 0.0919608
	speed: 0.0714s/iter; left time: 315.9930s
	iters: 500, epoch: 6 | loss: 0.1042043
	speed: 0.0726s/iter; left time: 314.2666s
	iters: 600, epoch: 6 | loss: 0.0935685
	speed: 0.0712s/iter; left time: 300.9974s
	iters: 700, epoch: 6 | loss: 0.0895070
	speed: 0.0703s/iter; left time: 290.2361s
	iters: 800, epoch: 6 | loss: 0.0911802
	speed: 0.0708s/iter; left time: 285.1627s
	iters: 900, epoch: 6 | loss: 0.1018536
	speed: 0.0735s/iter; left time: 288.3888s
Epoch: 6 cost time: 69.40383887290955
Epoch: 6, Steps: 965 | Train Loss: 0.0953376 Vali Loss: 0.1132268 Test Loss: 0.1306881
EarlyStopping counter: 1 out of 3
Updating learning rate to 1.5625e-05
	iters: 100, epoch: 7 | loss: 0.0962385
	speed: 0.4602s/iter; left time: 1730.7244s
	iters: 200, epoch: 7 | loss: 0.1031909
	speed: 0.0724s/iter; left time: 264.9736s
	iters: 300, epoch: 7 | loss: 0.0950170
	speed: 0.0728s/iter; left time: 259.1712s
	iters: 400, epoch: 7 | loss: 0.1087676
	speed: 0.0713s/iter; left time: 246.7645s
	iters: 500, epoch: 7 | loss: 0.1012739
	speed: 0.0725s/iter; left time: 243.6007s
	iters: 600, epoch: 7 | loss: 0.0855871
	speed: 0.0720s/iter; left time: 234.6375s
	iters: 700, epoch: 7 | loss: 0.0999219
	speed: 0.0706s/iter; left time: 223.2474s
	iters: 800, epoch: 7 | loss: 0.0898707
	speed: 0.0731s/iter; left time: 223.7419s
	iters: 900, epoch: 7 | loss: 0.0928089
	speed: 0.0730s/iter; left time: 216.0300s
Epoch: 7 cost time: 70.04325246810913
Epoch: 7, Steps: 965 | Train Loss: 0.0943395 Vali Loss: 0.1127982 Test Loss: 0.1305493
Validation loss decreased (0.112956 --> 0.112798).  Saving model ...
Updating learning rate to 7.8125e-06
	iters: 100, epoch: 8 | loss: 0.0877673
	speed: 0.4624s/iter; left time: 1292.8330s
	iters: 200, epoch: 8 | loss: 0.0883218
	speed: 0.0737s/iter; left time: 198.6725s
	iters: 300, epoch: 8 | loss: 0.0873397
	speed: 0.0729s/iter; left time: 189.1566s
	iters: 400, epoch: 8 | loss: 0.0846007
	speed: 0.0718s/iter; left time: 179.2206s
	iters: 500, epoch: 8 | loss: 0.0839428
	speed: 0.0732s/iter; left time: 175.3111s
	iters: 600, epoch: 8 | loss: 0.0835590
	speed: 0.0695s/iter; left time: 159.5580s
	iters: 700, epoch: 8 | loss: 0.0954447
	speed: 0.0697s/iter; left time: 153.0385s
	iters: 800, epoch: 8 | loss: 0.1076877
	speed: 0.0712s/iter; left time: 149.2483s
	iters: 900, epoch: 8 | loss: 0.1094715
	speed: 0.0717s/iter; left time: 143.0323s
Epoch: 8 cost time: 69.27110862731934
Epoch: 8, Steps: 965 | Train Loss: 0.0938333 Vali Loss: 0.1129163 Test Loss: 0.1307633
EarlyStopping counter: 1 out of 3
Updating learning rate to 3.90625e-06
	iters: 100, epoch: 9 | loss: 0.0845892
	speed: 0.4554s/iter; left time: 833.7580s
	iters: 200, epoch: 9 | loss: 0.0962936
	speed: 0.0714s/iter; left time: 123.6247s
	iters: 300, epoch: 9 | loss: 0.0984249
	speed: 0.0728s/iter; left time: 118.7501s
	iters: 400, epoch: 9 | loss: 0.0994826
	speed: 0.0737s/iter; left time: 112.8226s
	iters: 500, epoch: 9 | loss: 0.0874262
	speed: 0.0729s/iter; left time: 104.3052s
	iters: 600, epoch: 9 | loss: 0.0922547
	speed: 0.0734s/iter; left time: 97.7499s
	iters: 700, epoch: 9 | loss: 0.0979506
	speed: 0.0762s/iter; left time: 93.8273s
	iters: 800, epoch: 9 | loss: 0.0879275
	speed: 0.0728s/iter; left time: 82.3521s
	iters: 900, epoch: 9 | loss: 0.0902844
	speed: 0.0719s/iter; left time: 74.1569s
Epoch: 9 cost time: 70.53080296516418
Epoch: 9, Steps: 965 | Train Loss: 0.0935868 Vali Loss: 0.1128705 Test Loss: 0.1304850
EarlyStopping counter: 2 out of 3
Updating learning rate to 1.953125e-06
	iters: 100, epoch: 10 | loss: 0.0922348
	speed: 0.4632s/iter; left time: 401.0887s
	iters: 200, epoch: 10 | loss: 0.0928498
	speed: 0.0716s/iter; left time: 54.8392s
	iters: 300, epoch: 10 | loss: 0.0907384
	speed: 0.0721s/iter; left time: 48.0361s
	iters: 400, epoch: 10 | loss: 0.0909496
	speed: 0.0731s/iter; left time: 41.3809s
	iters: 500, epoch: 10 | loss: 0.0952299
	speed: 0.0719s/iter; left time: 33.5025s
	iters: 600, epoch: 10 | loss: 0.0937502
	speed: 0.0731s/iter; left time: 26.7551s
	iters: 700, epoch: 10 | loss: 0.1019208
	speed: 0.0720s/iter; left time: 19.1497s
	iters: 800, epoch: 10 | loss: 0.0984341
	speed: 0.0712s/iter; left time: 11.8110s
	iters: 900, epoch: 10 | loss: 0.0968799
	speed: 0.0711s/iter; left time: 4.6917s
Epoch: 10 cost time: 69.83965682983398
Epoch: 10, Steps: 965 | Train Loss: 0.0934472 Vali Loss: 0.1127513 Test Loss: 0.1306277
Validation loss decreased (0.112798 --> 0.112751).  Saving model ...
Updating learning rate to 9.765625e-07
>>>>>>>testing : long_term_forecast_DEC_electricity_iTransformer_autorc_sl2880_s2021_iTransformer_custom_ftM_sl2880_ll48_pl96_dm512_nh8_el3_dl1_df512_expand2_dc4_fc3_ebtimeF_dtTrue_Exp_0<<<<<<<<<<<<<<<<<<<<<<<<<<<<<<<<<
input decay: exp forgetting mu=0.998478 (equivalent window N*=656)
test 5165
test shape: (5165, 96, 321) (5165, 96, 321)
test shape: (5165, 96, 321) (5165, 96, 321)
mse:0.13061131536960602, mae:0.2279256284236908, dtw:Not calculated
