Using GPU
Args in experiment:
[1mBasic Config[0m
  Task Name:          long_term_forecast  Is Training:        1                   
  Model ID:           DEC_electricity_iTransformer_mu0p995_sl2880_s2022Model:              iTransformer        

[1mData Loader[0m
  Data:               custom              Root Path:          ./dataset/electricity/
  Data Path:          electricity.csv     Features:           M                   
  Target:             OT                  Freq:               h                   
  Checkpoints:        ./checkpoints/      

[1mForecasting Task[0m
  Seq Len:            2880                Label Len:          48                  
  Pred Len:           96                  Seasonal Patterns:  Monthly             
  Inverse:            0                   

[1mModel Parameters[0m
  Top k:              5                   Num Kernels:        6                   
  Enc In:             321                 Dec In:             321                 
  C Out:              321                 d model:            512                 
  n heads:            8                   e layers:           3                   
  d layers:           1                   d FF:               512                 
  Moving Avg:         25                  Factor:             3                   
  Distil:             1                   Dropout:            0.1                 
  Embed:              timeF               Activation:         gelu                

[1mRun Parameters[0m
  Num Workers:        2                   Itr:                1                   
  Train Epochs:       10                  Batch Size:         16                  
  Patience:           3                   Learning Rate:      0.0005              
  Des:                Exp                 Loss:               MSE                 
  Lradj:              type1               Use Amp:            0                   

[1mGPU[0m
  Use GPU:            1                   GPU:                0                   
  Use Multi GPU:      0                   Devices:            0,1,2,3             

[1mDe-stationary Projector Params[0m
  P Hidden Dims:      128, 128            P Hidden Layers:    2                   

Use GPU: cuda:0
🚀 Lazy Loading: iTransformer ...
>>>>>>>start training : long_term_forecast_DEC_electricity_iTransformer_mu0p995_sl2880_s2022_iTransformer_custom_ftM_sl2880_ll48_pl96_dm512_nh8_el3_dl1_df512_expand2_dc4_fc3_ebtimeF_dtTrue_Exp_0>>>>>>>>>>>>>>>>>>>>>>>>>>
input decay: exp forgetting mu=0.995000 (equivalent window N*=199)
train 15437
input decay: exp forgetting mu=0.995000 (equivalent window N*=199)
val 2537
input decay: exp forgetting mu=0.995000 (equivalent window N*=199)
test 5165
	iters: 100, epoch: 1 | loss: 0.1789235
	speed: 0.1832s/iter; left time: 1749.7548s
	iters: 200, epoch: 1 | loss: 0.1526909
	speed: 0.1421s/iter; left time: 1342.8007s
	iters: 300, epoch: 1 | loss: 0.1556139
	speed: 0.1380s/iter; left time: 1290.3876s
	iters: 400, epoch: 1 | loss: 0.1220174
	speed: 0.1394s/iter; left time: 1289.4799s
	iters: 500, epoch: 1 | loss: 0.1230763
	speed: 0.1423s/iter; left time: 1302.3491s
	iters: 600, epoch: 1 | loss: 0.1432047
	speed: 0.1376s/iter; left time: 1245.2805s
	iters: 700, epoch: 1 | loss: 0.1329891
	speed: 0.1329s/iter; left time: 1189.6781s
	iters: 800, epoch: 1 | loss: 0.1384840
	speed: 0.1416s/iter; left time: 1253.6722s
	iters: 900, epoch: 1 | loss: 0.1540612
	speed: 0.1319s/iter; left time: 1154.4758s
Epoch: 1 cost time: 134.98795223236084
Epoch: 1, Steps: 965 | Train Loss: 0.1662742 Vali Loss: 0.1261286 Test Loss: 0.1423064
Validation loss decreased (inf --> 0.126129).  Saving model ...
Updating learning rate to 0.0005
	iters: 100, epoch: 2 | loss: 0.1466775
	speed: 0.8058s/iter; left time: 6918.2287s
	iters: 200, epoch: 2 | loss: 0.1199315
	speed: 0.1339s/iter; left time: 1135.9222s
	iters: 300, epoch: 2 | loss: 0.1167748
	speed: 0.1385s/iter; left time: 1161.5501s
	iters: 400, epoch: 2 | loss: 0.1592138
	speed: 0.1251s/iter; left time: 1036.3185s
	iters: 500, epoch: 2 | loss: 0.1159163
	speed: 0.1252s/iter; left time: 1025.1482s
	iters: 600, epoch: 2 | loss: 0.1713993
	speed: 0.1164s/iter; left time: 941.4426s
	iters: 700, epoch: 2 | loss: 0.1266035
	speed: 0.1164s/iter; left time: 929.7597s
	iters: 800, epoch: 2 | loss: 0.1259959
	speed: 0.1109s/iter; left time: 874.8038s
	iters: 900, epoch: 2 | loss: 0.1246621
	speed: 0.1124s/iter; left time: 875.0170s
Epoch: 2 cost time: 118.67953491210938
Epoch: 2, Steps: 965 | Train Loss: 0.1331724 Vali Loss: 0.1230790 Test Loss: 0.1413052
Validation loss decreased (0.126129 --> 0.123079).  Saving model ...
Updating learning rate to 0.00025
	iters: 100, epoch: 3 | loss: 0.1185134
	speed: 0.7540s/iter; left time: 5746.4486s
	iters: 200, epoch: 3 | loss: 0.1121862
	speed: 0.1233s/iter; left time: 927.2527s
	iters: 300, epoch: 3 | loss: 0.1155592
	speed: 0.1283s/iter; left time: 952.4200s
	iters: 400, epoch: 3 | loss: 0.1231063
	speed: 0.1164s/iter; left time: 852.5202s
	iters: 500, epoch: 3 | loss: 0.1246253
	speed: 0.1213s/iter; left time: 875.7187s
	iters: 600, epoch: 3 | loss: 0.1236746
	speed: 0.1158s/iter; left time: 824.3158s
	iters: 700, epoch: 3 | loss: 0.0971057
	speed: 0.1135s/iter; left time: 796.5461s
	iters: 800, epoch: 3 | loss: 0.1168289
	speed: 0.1089s/iter; left time: 753.3627s
	iters: 900, epoch: 3 | loss: 0.1102612
	speed: 0.1144s/iter; left time: 779.9855s
Epoch: 3 cost time: 115.98154807090759
Epoch: 3, Steps: 965 | Train Loss: 0.1156817 Vali Loss: 0.1164665 Test Loss: 0.1316298
Validation loss decreased (0.123079 --> 0.116466).  Saving model ...
Updating learning rate to 0.000125
	iters: 100, epoch: 4 | loss: 0.0933096
	speed: 0.8024s/iter; left time: 5340.8987s
	iters: 200, epoch: 4 | loss: 0.1056108
	speed: 0.1198s/iter; left time: 785.2896s
	iters: 300, epoch: 4 | loss: 0.1029551
	speed: 0.1061s/iter; left time: 684.9973s
	iters: 400, epoch: 4 | loss: 0.1018004
	speed: 0.1061s/iter; left time: 674.6171s
	iters: 500, epoch: 4 | loss: 0.1156976
	speed: 0.1067s/iter; left time: 667.4693s
	iters: 600, epoch: 4 | loss: 0.1066653
	speed: 0.1068s/iter; left time: 657.6023s
	iters: 700, epoch: 4 | loss: 0.1106922
	speed: 0.1230s/iter; left time: 744.9842s
	iters: 800, epoch: 4 | loss: 0.1004511
	speed: 0.1256s/iter; left time: 748.3381s
	iters: 900, epoch: 4 | loss: 0.0997179
	speed: 0.1276s/iter; left time: 746.9809s
Epoch: 4 cost time: 113.727792263031
Epoch: 4, Steps: 965 | Train Loss: 0.1063291 Vali Loss: 0.1141619 Test Loss: 0.1312780
Validation loss decreased (0.116466 --> 0.114162).  Saving model ...
Updating learning rate to 6.25e-05
	iters: 100, epoch: 5 | loss: 0.0913846
	speed: 0.7251s/iter; left time: 4126.6592s
	iters: 200, epoch: 5 | loss: 0.1061749
	speed: 0.1022s/iter; left time: 571.4826s
	iters: 300, epoch: 5 | loss: 0.1051057
	speed: 0.1008s/iter; left time: 553.7106s
	iters: 400, epoch: 5 | loss: 0.1018525
	speed: 0.1047s/iter; left time: 564.1876s
	iters: 500, epoch: 5 | loss: 0.0982305
	speed: 0.1078s/iter; left time: 570.1260s
	iters: 600, epoch: 5 | loss: 0.0925592
	speed: 0.1026s/iter; left time: 532.6572s
	iters: 700, epoch: 5 | loss: 0.0913320
	speed: 0.1064s/iter; left time: 541.6293s
	iters: 800, epoch: 5 | loss: 0.0996365
	speed: 0.1146s/iter; left time: 572.1358s
	iters: 900, epoch: 5 | loss: 0.1019260
	speed: 0.1135s/iter; left time: 555.3408s
Epoch: 5 cost time: 103.74139475822449
Epoch: 5, Steps: 965 | Train Loss: 0.1023530 Vali Loss: 0.1142159 Test Loss: 0.1295611
EarlyStopping counter: 1 out of 3
Updating learning rate to 3.125e-05
	iters: 100, epoch: 6 | loss: 0.0931967
	speed: 0.7865s/iter; left time: 3716.9112s
	iters: 200, epoch: 6 | loss: 0.0909460
	speed: 0.1145s/iter; left time: 529.8762s
	iters: 300, epoch: 6 | loss: 0.1074116
	speed: 0.1135s/iter; left time: 513.6119s
	iters: 400, epoch: 6 | loss: 0.0915684
	speed: 0.1197s/iter; left time: 529.7309s
	iters: 500, epoch: 6 | loss: 0.1056763
	speed: 0.1167s/iter; left time: 504.9906s
	iters: 600, epoch: 6 | loss: 0.0931797
	speed: 0.1106s/iter; left time: 467.5359s
	iters: 700, epoch: 6 | loss: 0.0887734
	speed: 0.1032s/iter; left time: 425.7060s
	iters: 800, epoch: 6 | loss: 0.1156453
	speed: 0.1048s/iter; left time: 421.9345s
	iters: 900, epoch: 6 | loss: 0.1014407
	speed: 0.1008s/iter; left time: 395.8700s
Epoch: 6 cost time: 107.22323870658875
Epoch: 6, Steps: 965 | Train Loss: 0.1004361 Vali Loss: 0.1136019 Test Loss: 0.1293740
Validation loss decreased (0.114162 --> 0.113602).  Saving model ...
Updating learning rate to 1.5625e-05
	iters: 100, epoch: 7 | loss: 0.1007845
	speed: 0.6750s/iter; left time: 2538.6690s
	iters: 200, epoch: 7 | loss: 0.1096350
	speed: 0.1060s/iter; left time: 387.9839s
	iters: 300, epoch: 7 | loss: 0.0918405
	speed: 0.1034s/iter; left time: 368.2816s
	iters: 400, epoch: 7 | loss: 0.1043667
	speed: 0.1118s/iter; left time: 387.1103s
	iters: 500, epoch: 7 | loss: 0.0969494
	speed: 0.1069s/iter; left time: 359.2711s
	iters: 600, epoch: 7 | loss: 0.0928727
	speed: 0.1054s/iter; left time: 343.6515s
	iters: 700, epoch: 7 | loss: 0.0945528
	speed: 0.1013s/iter; left time: 320.1184s
	iters: 800, epoch: 7 | loss: 0.0978291
	speed: 0.1007s/iter; left time: 308.3801s
	iters: 900, epoch: 7 | loss: 0.0932116
	speed: 0.1009s/iter; left time: 298.8414s
Epoch: 7 cost time: 100.79138922691345
Epoch: 7, Steps: 965 | Train Loss: 0.0994139 Vali Loss: 0.1135734 Test Loss: 0.1293844
Validation loss decreased (0.113602 --> 0.113573).  Saving model ...
Updating learning rate to 7.8125e-06
	iters: 100, epoch: 8 | loss: 0.0907057
	speed: 0.6834s/iter; left time: 1910.9224s
	iters: 200, epoch: 8 | loss: 0.1086603
	speed: 0.0977s/iter; left time: 263.5180s
	iters: 300, epoch: 8 | loss: 0.0957855
	speed: 0.0992s/iter; left time: 257.5157s
	iters: 400, epoch: 8 | loss: 0.0861663
	speed: 0.0945s/iter; left time: 235.8427s
	iters: 500, epoch: 8 | loss: 0.0981135
	speed: 0.0894s/iter; left time: 214.1141s
	iters: 600, epoch: 8 | loss: 0.0958646
	speed: 0.0827s/iter; left time: 189.8452s
	iters: 700, epoch: 8 | loss: 0.0904206
	speed: 0.0831s/iter; left time: 182.4273s
	iters: 800, epoch: 8 | loss: 0.0916128
	speed: 0.0814s/iter; left time: 170.6827s
	iters: 900, epoch: 8 | loss: 0.0982971
	speed: 0.0795s/iter; left time: 158.7221s
Epoch: 8 cost time: 86.81570649147034
Epoch: 8, Steps: 965 | Train Loss: 0.0988885 Vali Loss: 0.1137147 Test Loss: 0.1295904
EarlyStopping counter: 1 out of 3
Updating learning rate to 3.90625e-06
	iters: 100, epoch: 9 | loss: 0.0927835
	speed: 0.5980s/iter; left time: 1094.9708s
	iters: 200, epoch: 9 | loss: 0.1025397
	speed: 0.0963s/iter; left time: 166.6448s
	iters: 300, epoch: 9 | loss: 0.1009133
	speed: 0.0906s/iter; left time: 147.7511s
	iters: 400, epoch: 9 | loss: 0.1022056
	speed: 0.0892s/iter; left time: 136.5819s
	iters: 500, epoch: 9 | loss: 0.0878589
	speed: 0.0870s/iter; left time: 124.5294s
	iters: 600, epoch: 9 | loss: 0.0955068
	speed: 0.0861s/iter; left time: 114.6101s
	iters: 700, epoch: 9 | loss: 0.0990446
	speed: 0.0872s/iter; left time: 107.3971s
	iters: 800, epoch: 9 | loss: 0.0968466
	speed: 0.0876s/iter; left time: 99.0643s
	iters: 900, epoch: 9 | loss: 0.0929833
	speed: 0.0863s/iter; left time: 88.9496s
Epoch: 9 cost time: 86.17392373085022
Epoch: 9, Steps: 965 | Train Loss: 0.0986135 Vali Loss: 0.1135061 Test Loss: 0.1294842
Validation loss decreased (0.113573 --> 0.113506).  Saving model ...
Updating learning rate to 1.953125e-06
	iters: 100, epoch: 10 | loss: 0.0948309
	speed: 0.5535s/iter; left time: 479.3294s
	iters: 200, epoch: 10 | loss: 0.1036813
	speed: 0.0882s/iter; left time: 67.5944s
	iters: 300, epoch: 10 | loss: 0.0987764
	speed: 0.0856s/iter; left time: 56.9763s
	iters: 400, epoch: 10 | loss: 0.0938510
	speed: 0.0819s/iter; left time: 46.3470s
	iters: 500, epoch: 10 | loss: 0.1064994
	speed: 0.0843s/iter; left time: 39.2989s
	iters: 600, epoch: 10 | loss: 0.0987931
	speed: 0.0850s/iter; left time: 31.1083s
	iters: 700, epoch: 10 | loss: 0.0944115
	speed: 0.0839s/iter; left time: 22.3246s
	iters: 800, epoch: 10 | loss: 0.0944633
	speed: 0.0816s/iter; left time: 13.5449s
	iters: 900, epoch: 10 | loss: 0.1011736
	speed: 0.0808s/iter; left time: 5.3358s
Epoch: 10 cost time: 81.418133020401
Epoch: 10, Steps: 965 | Train Loss: 0.0984795 Vali Loss: 0.1134706 Test Loss: 0.1295123
Validation loss decreased (0.113506 --> 0.113471).  Saving model ...
Updating learning rate to 9.765625e-07
>>>>>>>testing : long_term_forecast_DEC_electricity_iTransformer_mu0p995_sl2880_s2022_iTransformer_custom_ftM_sl2880_ll48_pl96_dm512_nh8_el3_dl1_df512_expand2_dc4_fc3_ebtimeF_dtTrue_Exp_0<<<<<<<<<<<<<<<<<<<<<<<<<<<<<<<<<
input decay: exp forgetting mu=0.995000 (equivalent window N*=199)
test 5165
test shape: (5165, 96, 321) (5165, 96, 321)
test shape: (5165, 96, 321) (5165, 96, 321)
mse:0.12949450314044952, mae:0.22963379323482513, dtw:Not calculated
