Using GPU
Args in experiment:
[1mBasic Config[0m
  Task Name:          long_term_forecast  Is Training:        1                   
  Model ID:           DEC_electricity_iTransformer_mu0p9995_sl2880_s2022Model:              iTransformer        

[1mData Loader[0m
  Data:               custom              Root Path:          ./dataset/electricity/
  Data Path:          electricity.csv     Features:           M                   
  Target:             OT                  Freq:               h                   
  Checkpoints:        ./checkpoints/      

[1mForecasting Task[0m
  Seq Len:            2880                Label Len:          48                  
  Pred Len:           96                  Seasonal Patterns:  Monthly             
  Inverse:            0                   

[1mModel Parameters[0m
  Top k:              5                   Num Kernels:        6                   
  Enc In:             321                 Dec In:             321                 
  C Out:              321                 d model:            512                 
  n heads:            8                   e layers:           3                   
  d layers:           1                   d FF:               512                 
  Moving Avg:         25                  Factor:             3                   
  Distil:             1                   Dropout:            0.1                 
  Embed:              timeF               Activation:         gelu                

[1mRun Parameters[0m
  Num Workers:        2                   Itr:                1                   
  Train Epochs:       10                  Batch Size:         16                  
  Patience:           3                   Learning Rate:      0.0005              
  Des:                Exp                 Loss:               MSE                 
  Lradj:              type1               Use Amp:            0                   

[1mGPU[0m
  Use GPU:            1                   GPU:                0                   
  Use Multi GPU:      0                   Devices:            0,1,2,3             

[1mDe-stationary Projector Params[0m
  P Hidden Dims:      128, 128            P Hidden Layers:    2                   

Use GPU: cuda:0
🚀 Lazy Loading: iTransformer ...
>>>>>>>start training : long_term_forecast_DEC_electricity_iTransformer_mu0p9995_sl2880_s2022_iTransformer_custom_ftM_sl2880_ll48_pl96_dm512_nh8_el3_dl1_df512_expand2_dc4_fc3_ebtimeF_dtTrue_Exp_0>>>>>>>>>>>>>>>>>>>>>>>>>>
input decay: exp forgetting mu=0.999500 (equivalent window N*=1999)
train 15437
input decay: exp forgetting mu=0.999500 (equivalent window N*=1999)
val 2537
input decay: exp forgetting mu=0.999500 (equivalent window N*=1999)
test 5165
	iters: 100, epoch: 1 | loss: 0.1740017
	speed: 0.1126s/iter; left time: 1075.7948s
	iters: 200, epoch: 1 | loss: 0.1453459
	speed: 0.0940s/iter; left time: 888.0778s
	iters: 300, epoch: 1 | loss: 0.1452753
	speed: 0.0984s/iter; left time: 920.4034s
	iters: 400, epoch: 1 | loss: 0.1185242
	speed: 0.0960s/iter; left time: 888.2645s
	iters: 500, epoch: 1 | loss: 0.1234062
	speed: 0.0975s/iter; left time: 891.9892s
	iters: 600, epoch: 1 | loss: 0.1342657
	speed: 0.0972s/iter; left time: 879.8753s
	iters: 700, epoch: 1 | loss: 0.1369755
	speed: 0.0958s/iter; left time: 857.3731s
	iters: 800, epoch: 1 | loss: 0.1296834
	speed: 0.0959s/iter; left time: 848.7039s
	iters: 900, epoch: 1 | loss: 0.1460328
	speed: 0.0963s/iter; left time: 842.6081s
Epoch: 1 cost time: 93.16319870948792
Epoch: 1, Steps: 965 | Train Loss: 0.1586102 Vali Loss: 0.1216513 Test Loss: 0.1383526
Validation loss decreased (inf --> 0.121651).  Saving model ...
Updating learning rate to 0.0005
	iters: 100, epoch: 2 | loss: 0.1329058
	speed: 0.6316s/iter; left time: 5422.8138s
	iters: 200, epoch: 2 | loss: 0.1150047
	speed: 0.0957s/iter; left time: 812.2138s
	iters: 300, epoch: 2 | loss: 0.1103405
	speed: 0.0891s/iter; left time: 747.4674s
	iters: 400, epoch: 2 | loss: 0.1519244
	speed: 0.0919s/iter; left time: 761.1184s
	iters: 500, epoch: 2 | loss: 0.1152999
	speed: 0.0950s/iter; left time: 777.9474s
	iters: 600, epoch: 2 | loss: 0.1590952
	speed: 0.0948s/iter; left time: 766.6283s
	iters: 700, epoch: 2 | loss: 0.1201154
	speed: 0.0900s/iter; left time: 719.1175s
	iters: 800, epoch: 2 | loss: 0.1196832
	speed: 0.0872s/iter; left time: 687.7444s
	iters: 900, epoch: 2 | loss: 0.1195387
	speed: 0.0861s/iter; left time: 670.4444s
Epoch: 2 cost time: 88.45389103889465
Epoch: 2, Steps: 965 | Train Loss: 0.1274578 Vali Loss: 0.1215483 Test Loss: 0.1374360
Validation loss decreased (0.121651 --> 0.121548).  Saving model ...
Updating learning rate to 0.00025
	iters: 100, epoch: 3 | loss: 0.1151111
	speed: 0.5741s/iter; left time: 4374.9731s
	iters: 200, epoch: 3 | loss: 0.1111285
	speed: 0.0891s/iter; left time: 670.1805s
	iters: 300, epoch: 3 | loss: 0.1077641
	speed: 0.0885s/iter; left time: 657.0898s
	iters: 400, epoch: 3 | loss: 0.1160206
	speed: 0.0890s/iter; left time: 651.3958s
	iters: 500, epoch: 3 | loss: 0.1102068
	speed: 0.0877s/iter; left time: 633.5906s
	iters: 600, epoch: 3 | loss: 0.1152459
	speed: 0.0890s/iter; left time: 633.8677s
	iters: 700, epoch: 3 | loss: 0.0920747
	speed: 0.0873s/iter; left time: 612.9990s
	iters: 800, epoch: 3 | loss: 0.1066997
	speed: 0.0860s/iter; left time: 595.2510s
	iters: 900, epoch: 3 | loss: 0.1052048
	speed: 0.0871s/iter; left time: 594.0811s
Epoch: 3 cost time: 85.47368288040161
Epoch: 3, Steps: 965 | Train Loss: 0.1081966 Vali Loss: 0.1131203 Test Loss: 0.1318518
Validation loss decreased (0.121548 --> 0.113120).  Saving model ...
Updating learning rate to 0.000125
	iters: 100, epoch: 4 | loss: 0.0895835
	speed: 0.5731s/iter; left time: 3814.5881s
	iters: 200, epoch: 4 | loss: 0.0986067
	speed: 0.0873s/iter; left time: 572.3150s
	iters: 300, epoch: 4 | loss: 0.0985848
	speed: 0.0876s/iter; left time: 565.7505s
	iters: 400, epoch: 4 | loss: 0.0944889
	speed: 0.0877s/iter; left time: 557.2735s
	iters: 500, epoch: 4 | loss: 0.1074041
	speed: 0.0881s/iter; left time: 550.9067s
	iters: 600, epoch: 4 | loss: 0.0987025
	speed: 0.0883s/iter; left time: 543.5095s
	iters: 700, epoch: 4 | loss: 0.1055476
	speed: 0.0893s/iter; left time: 540.7751s
	iters: 800, epoch: 4 | loss: 0.0933849
	speed: 0.0888s/iter; left time: 528.8010s
	iters: 900, epoch: 4 | loss: 0.0947988
	speed: 0.0866s/iter; left time: 506.8565s
Epoch: 4 cost time: 85.18621015548706
Epoch: 4, Steps: 965 | Train Loss: 0.1002049 Vali Loss: 0.1132782 Test Loss: 0.1309420
EarlyStopping counter: 1 out of 3
Updating learning rate to 6.25e-05
	iters: 100, epoch: 5 | loss: 0.0843940
	speed: 0.5671s/iter; left time: 3227.1130s
	iters: 200, epoch: 5 | loss: 0.1014089
	speed: 0.0871s/iter; left time: 487.0106s
	iters: 300, epoch: 5 | loss: 0.0992953
	speed: 0.0863s/iter; left time: 473.6658s
	iters: 400, epoch: 5 | loss: 0.0967673
	speed: 0.0870s/iter; left time: 468.7533s
	iters: 500, epoch: 5 | loss: 0.0930690
	speed: 0.0887s/iter; left time: 469.5212s
	iters: 600, epoch: 5 | loss: 0.0862911
	speed: 0.0913s/iter; left time: 474.1946s
	iters: 700, epoch: 5 | loss: 0.0867966
	speed: 0.0892s/iter; left time: 454.3421s
	iters: 800, epoch: 5 | loss: 0.0935775
	speed: 0.0892s/iter; left time: 445.4220s
	iters: 900, epoch: 5 | loss: 0.0973164
	speed: 0.0905s/iter; left time: 442.4133s
Epoch: 5 cost time: 85.8028724193573
Epoch: 5, Steps: 965 | Train Loss: 0.0966055 Vali Loss: 0.1124944 Test Loss: 0.1302511
Validation loss decreased (0.113120 --> 0.112494).  Saving model ...
Updating learning rate to 3.125e-05
	iters: 100, epoch: 6 | loss: 0.0890483
	speed: 0.5933s/iter; left time: 2803.9361s
	iters: 200, epoch: 6 | loss: 0.0847960
	speed: 0.0910s/iter; left time: 420.8452s
	iters: 300, epoch: 6 | loss: 0.1023639
	speed: 0.0896s/iter; left time: 405.5535s
	iters: 400, epoch: 6 | loss: 0.0865675
	speed: 0.0913s/iter; left time: 404.2650s
	iters: 500, epoch: 6 | loss: 0.0997094
	speed: 0.0900s/iter; left time: 389.4840s
	iters: 600, epoch: 6 | loss: 0.0890174
	speed: 0.0927s/iter; left time: 391.5757s
	iters: 700, epoch: 6 | loss: 0.0835316
	speed: 0.0903s/iter; left time: 372.4187s
	iters: 800, epoch: 6 | loss: 0.1087758
	speed: 0.0909s/iter; left time: 365.9157s
	iters: 900, epoch: 6 | loss: 0.0966096
	speed: 0.0892s/iter; left time: 350.2214s
Epoch: 6 cost time: 88.08613920211792
Epoch: 6, Steps: 965 | Train Loss: 0.0946775 Vali Loss: 0.1121428 Test Loss: 0.1296341
Validation loss decreased (0.112494 --> 0.112143).  Saving model ...
Updating learning rate to 1.5625e-05
	iters: 100, epoch: 7 | loss: 0.0957449
	speed: 0.5754s/iter; left time: 2164.0792s
	iters: 200, epoch: 7 | loss: 0.1035023
	speed: 0.0934s/iter; left time: 341.7989s
	iters: 300, epoch: 7 | loss: 0.0874425
	speed: 0.0884s/iter; left time: 314.6919s
	iters: 400, epoch: 7 | loss: 0.0973037
	speed: 0.0887s/iter; left time: 307.0641s
	iters: 500, epoch: 7 | loss: 0.0906115
	speed: 0.0895s/iter; left time: 300.8267s
	iters: 600, epoch: 7 | loss: 0.0871235
	speed: 0.0910s/iter; left time: 296.7941s
	iters: 700, epoch: 7 | loss: 0.0875745
	speed: 0.0870s/iter; left time: 275.0827s
	iters: 800, epoch: 7 | loss: 0.0919244
	speed: 0.0883s/iter; left time: 270.3405s
	iters: 900, epoch: 7 | loss: 0.0872366
	speed: 0.0891s/iter; left time: 263.7133s
Epoch: 7 cost time: 86.59330940246582
Epoch: 7, Steps: 965 | Train Loss: 0.0936674 Vali Loss: 0.1122108 Test Loss: 0.1297957
EarlyStopping counter: 1 out of 3
Updating learning rate to 7.8125e-06
	iters: 100, epoch: 8 | loss: 0.0851493
	speed: 0.5809s/iter; left time: 1624.1029s
	iters: 200, epoch: 8 | loss: 0.1030830
	speed: 0.0898s/iter; left time: 242.0733s
	iters: 300, epoch: 8 | loss: 0.0915914
	speed: 0.0896s/iter; left time: 232.5021s
	iters: 400, epoch: 8 | loss: 0.0824132
	speed: 0.0901s/iter; left time: 224.8777s
	iters: 500, epoch: 8 | loss: 0.0927076
	speed: 0.0871s/iter; left time: 208.7018s
	iters: 600, epoch: 8 | loss: 0.0905691
	speed: 0.0860s/iter; left time: 197.4861s
	iters: 700, epoch: 8 | loss: 0.0846329
	speed: 0.0848s/iter; left time: 186.1413s
	iters: 800, epoch: 8 | loss: 0.0872984
	speed: 0.0853s/iter; left time: 178.6866s
	iters: 900, epoch: 8 | loss: 0.0921585
	speed: 0.0860s/iter; left time: 171.5967s
Epoch: 8 cost time: 84.77803039550781
Epoch: 8, Steps: 965 | Train Loss: 0.0931273 Vali Loss: 0.1122510 Test Loss: 0.1297619
EarlyStopping counter: 2 out of 3
Updating learning rate to 3.90625e-06
	iters: 100, epoch: 9 | loss: 0.0863878
	speed: 0.5606s/iter; left time: 1026.4848s
	iters: 200, epoch: 9 | loss: 0.0976773
	speed: 0.0863s/iter; left time: 149.3556s
	iters: 300, epoch: 9 | loss: 0.0960679
	speed: 0.0838s/iter; left time: 136.7108s
	iters: 400, epoch: 9 | loss: 0.0960103
	speed: 0.0835s/iter; left time: 127.7773s
	iters: 500, epoch: 9 | loss: 0.0837338
	speed: 0.0848s/iter; left time: 121.2976s
	iters: 600, epoch: 9 | loss: 0.0872033
	speed: 0.0844s/iter; left time: 112.3176s
	iters: 700, epoch: 9 | loss: 0.0931547
	speed: 0.0839s/iter; left time: 103.3078s
	iters: 800, epoch: 9 | loss: 0.0906654
	speed: 0.0848s/iter; left time: 95.8583s
	iters: 900, epoch: 9 | loss: 0.0884970
	speed: 0.0849s/iter; left time: 87.5123s
Epoch: 9 cost time: 82.29412126541138
Epoch: 9, Steps: 965 | Train Loss: 0.0928664 Vali Loss: 0.1121994 Test Loss: 0.1296835
EarlyStopping counter: 3 out of 3
Early stopping
>>>>>>>testing : long_term_forecast_DEC_electricity_iTransformer_mu0p9995_sl2880_s2022_iTransformer_custom_ftM_sl2880_ll48_pl96_dm512_nh8_el3_dl1_df512_expand2_dc4_fc3_ebtimeF_dtTrue_Exp_0<<<<<<<<<<<<<<<<<<<<<<<<<<<<<<<<<
input decay: exp forgetting mu=0.999500 (equivalent window N*=1999)
test 5165
test shape: (5165, 96, 321) (5165, 96, 321)
test shape: (5165, 96, 321) (5165, 96, 321)
mse:0.12961995601654053, mae:0.22676865756511688, dtw:Not calculated
