Using GPU
Args in experiment:
[1mBasic Config[0m
  Task Name:          long_term_forecast  Is Training:        1                   
  Model ID:           DEC_electricity_iTransformer_mu0p998_sl2880_s2022Model:              iTransformer        

[1mData Loader[0m
  Data:               custom              Root Path:          ./dataset/electricity/
  Data Path:          electricity.csv     Features:           M                   
  Target:             OT                  Freq:               h                   
  Checkpoints:        ./checkpoints/      

[1mForecasting Task[0m
  Seq Len:            2880                Label Len:          48                  
  Pred Len:           96                  Seasonal Patterns:  Monthly             
  Inverse:            0                   

[1mModel Parameters[0m
  Top k:              5                   Num Kernels:        6                   
  Enc In:             321                 Dec In:             321                 
  C Out:              321                 d model:            512                 
  n heads:            8                   e layers:           3                   
  d layers:           1                   d FF:               512                 
  Moving Avg:         25                  Factor:             3                   
  Distil:             1                   Dropout:            0.1                 
  Embed:              timeF               Activation:         gelu                

[1mRun Parameters[0m
  Num Workers:        2                   Itr:                1                   
  Train Epochs:       10                  Batch Size:         16                  
  Patience:           3                   Learning Rate:      0.0005              
  Des:                Exp                 Loss:               MSE                 
  Lradj:              type1               Use Amp:            0                   

[1mGPU[0m
  Use GPU:            1                   GPU:                0                   
  Use Multi GPU:      0                   Devices:            0,1,2,3             

[1mDe-stationary Projector Params[0m
  P Hidden Dims:      128, 128            P Hidden Layers:    2                   

Use GPU: cuda:0
🚀 Lazy Loading: iTransformer ...
>>>>>>>start training : long_term_forecast_DEC_electricity_iTransformer_mu0p998_sl2880_s2022_iTransformer_custom_ftM_sl2880_ll48_pl96_dm512_nh8_el3_dl1_df512_expand2_dc4_fc3_ebtimeF_dtTrue_Exp_0>>>>>>>>>>>>>>>>>>>>>>>>>>
input decay: exp forgetting mu=0.998000 (equivalent window N*=499)
train 15437
input decay: exp forgetting mu=0.998000 (equivalent window N*=499)
val 2537
input decay: exp forgetting mu=0.998000 (equivalent window N*=499)
test 5165
	iters: 100, epoch: 1 | loss: 0.1686257
	speed: 0.1746s/iter; left time: 1667.3587s
	iters: 200, epoch: 1 | loss: 0.1441729
	speed: 0.1487s/iter; left time: 1405.1268s
	iters: 300, epoch: 1 | loss: 0.1447320
	speed: 0.1472s/iter; left time: 1376.8211s
	iters: 400, epoch: 1 | loss: 0.1159611
	speed: 0.1404s/iter; left time: 1299.2475s
	iters: 500, epoch: 1 | loss: 0.1187450
	speed: 0.1442s/iter; left time: 1319.4122s
	iters: 600, epoch: 1 | loss: 0.1344421
	speed: 0.1455s/iter; left time: 1316.9544s
	iters: 700, epoch: 1 | loss: 0.1322499
	speed: 0.1395s/iter; left time: 1248.4399s
	iters: 800, epoch: 1 | loss: 0.1371128
	speed: 0.1400s/iter; left time: 1239.0302s
	iters: 900, epoch: 1 | loss: 0.1401859
	speed: 0.1369s/iter; left time: 1198.3137s
Epoch: 1 cost time: 139.6932406425476
Epoch: 1, Steps: 965 | Train Loss: 0.1563161 Vali Loss: 0.1234178 Test Loss: 0.1389286
Validation loss decreased (inf --> 0.123418).  Saving model ...
Updating learning rate to 0.0005
	iters: 100, epoch: 2 | loss: 0.1440195
	speed: 0.8566s/iter; left time: 7355.0196s
	iters: 200, epoch: 2 | loss: 0.1153682
	speed: 0.1416s/iter; left time: 1201.7660s
	iters: 300, epoch: 2 | loss: 0.1149006
	speed: 0.1302s/iter; left time: 1091.8131s
	iters: 400, epoch: 2 | loss: 0.1548433
	speed: 0.1185s/iter; left time: 981.8022s
	iters: 500, epoch: 2 | loss: 0.1139372
	speed: 0.1217s/iter; left time: 995.9750s
	iters: 600, epoch: 2 | loss: 0.1602232
	speed: 0.1143s/iter; left time: 923.9273s
	iters: 700, epoch: 2 | loss: 0.1216467
	speed: 0.1067s/iter; left time: 852.2014s
	iters: 800, epoch: 2 | loss: 0.1213512
	speed: 0.1083s/iter; left time: 854.2622s
	iters: 900, epoch: 2 | loss: 0.1282645
	speed: 0.1122s/iter; left time: 873.7068s
Epoch: 2 cost time: 116.47407627105713
Epoch: 2, Steps: 965 | Train Loss: 0.1293592 Vali Loss: 0.1244228 Test Loss: 0.1409266
EarlyStopping counter: 1 out of 3
Updating learning rate to 0.00025
	iters: 100, epoch: 3 | loss: 0.1156594
	speed: 0.7584s/iter; left time: 5779.4543s
	iters: 200, epoch: 3 | loss: 0.1125690
	speed: 0.1148s/iter; left time: 863.5621s
	iters: 300, epoch: 3 | loss: 0.1103188
	speed: 0.1102s/iter; left time: 818.0988s
	iters: 400, epoch: 3 | loss: 0.1196297
	speed: 0.1092s/iter; left time: 799.2964s
	iters: 500, epoch: 3 | loss: 0.1153590
	speed: 0.1086s/iter; left time: 784.2354s
	iters: 600, epoch: 3 | loss: 0.1213652
	speed: 0.1065s/iter; left time: 758.3738s
	iters: 700, epoch: 3 | loss: 0.0937669
	speed: 0.1046s/iter; left time: 734.2345s
	iters: 800, epoch: 3 | loss: 0.1098287
	speed: 0.1043s/iter; left time: 721.5683s
	iters: 900, epoch: 3 | loss: 0.1039091
	speed: 0.1022s/iter; left time: 697.2352s
Epoch: 3 cost time: 106.13340783119202
Epoch: 3, Steps: 965 | Train Loss: 0.1105546 Vali Loss: 0.1159392 Test Loss: 0.1318911
Validation loss decreased (0.123418 --> 0.115939).  Saving model ...
Updating learning rate to 0.000125
	iters: 100, epoch: 4 | loss: 0.0910670
	speed: 0.7638s/iter; left time: 5083.5709s
	iters: 200, epoch: 4 | loss: 0.1016227
	speed: 0.1162s/iter; left time: 762.0485s
	iters: 300, epoch: 4 | loss: 0.0990567
	speed: 0.1055s/iter; left time: 681.3956s
	iters: 400, epoch: 4 | loss: 0.0966510
	speed: 0.1049s/iter; left time: 666.8123s
	iters: 500, epoch: 4 | loss: 0.1112261
	speed: 0.1055s/iter; left time: 659.7782s
	iters: 600, epoch: 4 | loss: 0.1009342
	speed: 0.1060s/iter; left time: 652.7915s
	iters: 700, epoch: 4 | loss: 0.1073465
	speed: 0.1107s/iter; left time: 670.5871s
	iters: 800, epoch: 4 | loss: 0.0958903
	speed: 0.1226s/iter; left time: 730.1694s
	iters: 900, epoch: 4 | loss: 0.0962889
	speed: 0.1301s/iter; left time: 761.6910s
Epoch: 4 cost time: 109.99867796897888
Epoch: 4, Steps: 965 | Train Loss: 0.1021946 Vali Loss: 0.1152739 Test Loss: 0.1322352
Validation loss decreased (0.115939 --> 0.115274).  Saving model ...
Updating learning rate to 6.25e-05
	iters: 100, epoch: 5 | loss: 0.0862626
	speed: 0.7394s/iter; left time: 4208.0027s
	iters: 200, epoch: 5 | loss: 0.1034820
	speed: 0.0971s/iter; left time: 542.7493s
	iters: 300, epoch: 5 | loss: 0.1016836
	speed: 0.0995s/iter; left time: 546.1027s
	iters: 400, epoch: 5 | loss: 0.0978659
	speed: 0.0983s/iter; left time: 530.1299s
	iters: 500, epoch: 5 | loss: 0.0955366
	speed: 0.1010s/iter; left time: 534.2238s
	iters: 600, epoch: 5 | loss: 0.0890885
	speed: 0.1024s/iter; left time: 531.5586s
	iters: 700, epoch: 5 | loss: 0.0887261
	speed: 0.0990s/iter; left time: 503.8586s
	iters: 800, epoch: 5 | loss: 0.0952608
	speed: 0.1044s/iter; left time: 521.2053s
	iters: 900, epoch: 5 | loss: 0.0996954
	speed: 0.1088s/iter; left time: 532.1030s
Epoch: 5 cost time: 98.16540741920471
Epoch: 5, Steps: 965 | Train Loss: 0.0985591 Vali Loss: 0.1156312 Test Loss: 0.1308338
EarlyStopping counter: 1 out of 3
Updating learning rate to 3.125e-05
	iters: 100, epoch: 6 | loss: 0.0901052
	speed: 0.7430s/iter; left time: 3511.5387s
	iters: 200, epoch: 6 | loss: 0.0868491
	speed: 0.1152s/iter; left time: 532.8151s
	iters: 300, epoch: 6 | loss: 0.1041403
	speed: 0.1180s/iter; left time: 533.9837s
	iters: 400, epoch: 6 | loss: 0.0886216
	speed: 0.1119s/iter; left time: 495.2130s
	iters: 500, epoch: 6 | loss: 0.1020163
	speed: 0.1137s/iter; left time: 492.0640s
	iters: 600, epoch: 6 | loss: 0.0906245
	speed: 0.1095s/iter; left time: 462.6380s
	iters: 700, epoch: 6 | loss: 0.0856089
	speed: 0.1132s/iter; left time: 466.9079s
	iters: 800, epoch: 6 | loss: 0.1104188
	speed: 0.1073s/iter; left time: 432.0077s
	iters: 900, epoch: 6 | loss: 0.0981942
	speed: 0.1092s/iter; left time: 428.8451s
Epoch: 6 cost time: 109.52206611633301
Epoch: 6, Steps: 965 | Train Loss: 0.0967108 Vali Loss: 0.1149199 Test Loss: 0.1310631
Validation loss decreased (0.115274 --> 0.114920).  Saving model ...
Updating learning rate to 1.5625e-05
	iters: 100, epoch: 7 | loss: 0.0973982
	speed: 0.6790s/iter; left time: 2553.6726s
	iters: 200, epoch: 7 | loss: 0.1054061
	speed: 0.0983s/iter; left time: 359.9842s
	iters: 300, epoch: 7 | loss: 0.0888952
	speed: 0.0979s/iter; left time: 348.5154s
	iters: 400, epoch: 7 | loss: 0.0998089
	speed: 0.1009s/iter; left time: 349.1092s
	iters: 500, epoch: 7 | loss: 0.0927567
	speed: 0.1027s/iter; left time: 345.2753s
	iters: 600, epoch: 7 | loss: 0.0899340
	speed: 0.1057s/iter; left time: 344.7509s
	iters: 700, epoch: 7 | loss: 0.0892641
	speed: 0.1029s/iter; left time: 325.2201s
	iters: 800, epoch: 7 | loss: 0.0940759
	speed: 0.1016s/iter; left time: 311.1278s
	iters: 900, epoch: 7 | loss: 0.0894933
	speed: 0.1009s/iter; left time: 298.8058s
Epoch: 7 cost time: 98.09474730491638
Epoch: 7, Steps: 965 | Train Loss: 0.0957108 Vali Loss: 0.1148785 Test Loss: 0.1311492
Validation loss decreased (0.114920 --> 0.114879).  Saving model ...
Updating learning rate to 7.8125e-06
	iters: 100, epoch: 8 | loss: 0.0865214
	speed: 0.6823s/iter; left time: 1907.8025s
	iters: 200, epoch: 8 | loss: 0.1038532
	speed: 0.1000s/iter; left time: 269.5109s
	iters: 300, epoch: 8 | loss: 0.0935261
	speed: 0.1021s/iter; left time: 265.1342s
	iters: 400, epoch: 8 | loss: 0.0833159
	speed: 0.0967s/iter; left time: 241.4406s
	iters: 500, epoch: 8 | loss: 0.0944419
	speed: 0.1002s/iter; left time: 240.1229s
	iters: 600, epoch: 8 | loss: 0.0922774
	speed: 0.1013s/iter; left time: 232.4976s
	iters: 700, epoch: 8 | loss: 0.0867883
	speed: 0.0958s/iter; left time: 210.4222s
	iters: 800, epoch: 8 | loss: 0.0883290
	speed: 0.0947s/iter; left time: 198.3897s
	iters: 900, epoch: 8 | loss: 0.0941770
	speed: 0.0914s/iter; left time: 182.4016s
Epoch: 8 cost time: 94.75845646858215
Epoch: 8, Steps: 965 | Train Loss: 0.0952236 Vali Loss: 0.1148849 Test Loss: 0.1309442
EarlyStopping counter: 1 out of 3
Updating learning rate to 3.90625e-06
	iters: 100, epoch: 9 | loss: 0.0893673
	speed: 0.6229s/iter; left time: 1140.4626s
	iters: 200, epoch: 9 | loss: 0.0991581
	speed: 0.0949s/iter; left time: 164.1917s
	iters: 300, epoch: 9 | loss: 0.0972227
	speed: 0.0948s/iter; left time: 154.6789s
	iters: 400, epoch: 9 | loss: 0.0978378
	speed: 0.0902s/iter; left time: 138.1193s
	iters: 500, epoch: 9 | loss: 0.0853786
	speed: 0.0879s/iter; left time: 125.8438s
	iters: 600, epoch: 9 | loss: 0.0900492
	speed: 0.0863s/iter; left time: 114.8840s
	iters: 700, epoch: 9 | loss: 0.0951482
	speed: 0.0869s/iter; left time: 106.9268s
	iters: 800, epoch: 9 | loss: 0.0941474
	speed: 0.0887s/iter; left time: 100.2864s
	iters: 900, epoch: 9 | loss: 0.0909582
	speed: 0.0860s/iter; left time: 88.6264s
Epoch: 9 cost time: 86.88483810424805
Epoch: 9, Steps: 965 | Train Loss: 0.0949438 Vali Loss: 0.1148764 Test Loss: 0.1311273
Validation loss decreased (0.114879 --> 0.114876).  Saving model ...
Updating learning rate to 1.953125e-06
	iters: 100, epoch: 10 | loss: 0.0905095
	speed: 0.5744s/iter; left time: 497.4528s
	iters: 200, epoch: 10 | loss: 0.0997793
	speed: 0.0865s/iter; left time: 66.2604s
	iters: 300, epoch: 10 | loss: 0.0951703
	speed: 0.0869s/iter; left time: 57.8534s
	iters: 400, epoch: 10 | loss: 0.0893387
	speed: 0.0832s/iter; left time: 47.0861s
	iters: 500, epoch: 10 | loss: 0.1041677
	speed: 0.0856s/iter; left time: 39.8738s
	iters: 600, epoch: 10 | loss: 0.0952515
	speed: 0.0857s/iter; left time: 31.3798s
	iters: 700, epoch: 10 | loss: 0.0906667
	speed: 0.0846s/iter; left time: 22.4932s
	iters: 800, epoch: 10 | loss: 0.0913186
	speed: 0.0836s/iter; left time: 13.8779s
	iters: 900, epoch: 10 | loss: 0.0977082
	speed: 0.0832s/iter; left time: 5.4930s
Epoch: 10 cost time: 82.74967050552368
Epoch: 10, Steps: 965 | Train Loss: 0.0948156 Vali Loss: 0.1146807 Test Loss: 0.1308432
Validation loss decreased (0.114876 --> 0.114681).  Saving model ...
Updating learning rate to 9.765625e-07
>>>>>>>testing : long_term_forecast_DEC_electricity_iTransformer_mu0p998_sl2880_s2022_iTransformer_custom_ftM_sl2880_ll48_pl96_dm512_nh8_el3_dl1_df512_expand2_dc4_fc3_ebtimeF_dtTrue_Exp_0<<<<<<<<<<<<<<<<<<<<<<<<<<<<<<<<<
input decay: exp forgetting mu=0.998000 (equivalent window N*=499)
test 5165
test shape: (5165, 96, 321) (5165, 96, 321)
test shape: (5165, 96, 321) (5165, 96, 321)
mse:0.13081692159175873, mae:0.22843028604984283, dtw:Not calculated
