Using GPU
Args in experiment:
[1mBasic Config[0m
  Task Name:          long_term_forecast  Is Training:        1                   
  Model ID:           DEC_electricity_iTransformer_mu0p999_sl2880_s2021Model:              iTransformer        

[1mData Loader[0m
  Data:               custom              Root Path:          ./dataset/electricity/
  Data Path:          electricity.csv     Features:           M                   
  Target:             OT                  Freq:               h                   
  Checkpoints:        ./checkpoints/      

[1mForecasting Task[0m
  Seq Len:            2880                Label Len:          48                  
  Pred Len:           96                  Seasonal Patterns:  Monthly             
  Inverse:            0                   

[1mModel Parameters[0m
  Top k:              5                   Num Kernels:        6                   
  Enc In:             321                 Dec In:             321                 
  C Out:              321                 d model:            512                 
  n heads:            8                   e layers:           3                   
  d layers:           1                   d FF:               512                 
  Moving Avg:         25                  Factor:             3                   
  Distil:             1                   Dropout:            0.1                 
  Embed:              timeF               Activation:         gelu                

[1mRun Parameters[0m
  Num Workers:        2                   Itr:                1                   
  Train Epochs:       10                  Batch Size:         16                  
  Patience:           3                   Learning Rate:      0.0005              
  Des:                Exp                 Loss:               MSE                 
  Lradj:              type1               Use Amp:            0                   

[1mGPU[0m
  Use GPU:            1                   GPU:                0                   
  Use Multi GPU:      0                   Devices:            0,1,2,3             

[1mDe-stationary Projector Params[0m
  P Hidden Dims:      128, 128            P Hidden Layers:    2                   

Use GPU: cuda:0
🚀 Lazy Loading: iTransformer ...
>>>>>>>start training : long_term_forecast_DEC_electricity_iTransformer_mu0p999_sl2880_s2021_iTransformer_custom_ftM_sl2880_ll48_pl96_dm512_nh8_el3_dl1_df512_expand2_dc4_fc3_ebtimeF_dtTrue_Exp_0>>>>>>>>>>>>>>>>>>>>>>>>>>
input decay: exp forgetting mu=0.999000 (equivalent window N*=999)
train 15437
input decay: exp forgetting mu=0.999000 (equivalent window N*=999)
val 2537
input decay: exp forgetting mu=0.999000 (equivalent window N*=999)
test 5165
	iters: 100, epoch: 1 | loss: 0.1600336
	speed: 0.1144s/iter; left time: 1092.8464s
	iters: 200, epoch: 1 | loss: 0.1382465
	speed: 0.0970s/iter; left time: 916.9779s
	iters: 300, epoch: 1 | loss: 0.1613884
	speed: 0.0997s/iter; left time: 932.2830s
	iters: 400, epoch: 1 | loss: 0.1229722
	speed: 0.0969s/iter; left time: 896.0200s
	iters: 500, epoch: 1 | loss: 0.1347164
	speed: 0.0977s/iter; left time: 893.8683s
	iters: 600, epoch: 1 | loss: 0.1460760
	speed: 0.0988s/iter; left time: 894.2428s
	iters: 700, epoch: 1 | loss: 0.1674881
	speed: 0.0964s/iter; left time: 863.1068s
	iters: 800, epoch: 1 | loss: 0.1221303
	speed: 0.0980s/iter; left time: 867.0838s
	iters: 900, epoch: 1 | loss: 0.1157837
	speed: 0.0978s/iter; left time: 855.5108s
Epoch: 1 cost time: 94.70763230323792
Epoch: 1, Steps: 965 | Train Loss: 0.1552773 Vali Loss: 0.1224497 Test Loss: 0.1400367
Validation loss decreased (inf --> 0.122450).  Saving model ...
Updating learning rate to 0.0005
	iters: 100, epoch: 2 | loss: 0.1412084
	speed: 0.6369s/iter; left time: 5468.2400s
	iters: 200, epoch: 2 | loss: 0.1194136
	speed: 0.0933s/iter; left time: 791.6053s
	iters: 300, epoch: 2 | loss: 0.1339009
	speed: 0.0896s/iter; left time: 751.4659s
	iters: 400, epoch: 2 | loss: 0.1208142
	speed: 0.0934s/iter; left time: 774.0733s
	iters: 500, epoch: 2 | loss: 0.1116513
	speed: 0.0951s/iter; left time: 778.8833s
	iters: 600, epoch: 2 | loss: 0.1097018
	speed: 0.0948s/iter; left time: 766.5991s
	iters: 700, epoch: 2 | loss: 0.1127549
	speed: 0.0901s/iter; left time: 719.3402s
	iters: 800, epoch: 2 | loss: 0.1184880
	speed: 0.0867s/iter; left time: 683.4779s
	iters: 900, epoch: 2 | loss: 0.1108349
	speed: 0.0868s/iter; left time: 675.9765s
Epoch: 2 cost time: 88.78249907493591
Epoch: 2, Steps: 965 | Train Loss: 0.1272187 Vali Loss: 0.1215427 Test Loss: 0.1392801
Validation loss decreased (0.122450 --> 0.121543).  Saving model ...
Updating learning rate to 0.00025
	iters: 100, epoch: 3 | loss: 0.1140768
	speed: 0.5809s/iter; left time: 4427.3012s
	iters: 200, epoch: 3 | loss: 0.1048534
	speed: 0.0891s/iter; left time: 669.8078s
	iters: 300, epoch: 3 | loss: 0.1141587
	speed: 0.0882s/iter; left time: 654.6162s
	iters: 400, epoch: 3 | loss: 0.1015104
	speed: 0.0905s/iter; left time: 662.2935s
	iters: 500, epoch: 3 | loss: 0.0946376
	speed: 0.0871s/iter; left time: 628.7985s
	iters: 600, epoch: 3 | loss: 0.1023509
	speed: 0.0887s/iter; left time: 631.3246s
	iters: 700, epoch: 3 | loss: 0.0972329
	speed: 0.0880s/iter; left time: 617.8985s
	iters: 800, epoch: 3 | loss: 0.0955829
	speed: 0.0855s/iter; left time: 591.7005s
	iters: 900, epoch: 3 | loss: 0.1081657
	speed: 0.0864s/iter; left time: 589.2624s
Epoch: 3 cost time: 85.52585434913635
Epoch: 3, Steps: 965 | Train Loss: 0.1079441 Vali Loss: 0.1153332 Test Loss: 0.1312158
Validation loss decreased (0.121543 --> 0.115333).  Saving model ...
Updating learning rate to 0.000125
	iters: 100, epoch: 4 | loss: 0.0995729
	speed: 0.5733s/iter; left time: 3815.6903s
	iters: 200, epoch: 4 | loss: 0.1058684
	speed: 0.0885s/iter; left time: 580.0764s
	iters: 300, epoch: 4 | loss: 0.0932408
	speed: 0.0887s/iter; left time: 572.8575s
	iters: 400, epoch: 4 | loss: 0.1006447
	speed: 0.0886s/iter; left time: 563.4392s
	iters: 500, epoch: 4 | loss: 0.0996332
	speed: 0.0887s/iter; left time: 554.9278s
	iters: 600, epoch: 4 | loss: 0.1115721
	speed: 0.0888s/iter; left time: 546.4170s
	iters: 700, epoch: 4 | loss: 0.1063494
	speed: 0.0905s/iter; left time: 547.9446s
	iters: 800, epoch: 4 | loss: 0.0908875
	speed: 0.0896s/iter; left time: 533.5229s
	iters: 900, epoch: 4 | loss: 0.0999141
	speed: 0.0872s/iter; left time: 510.3684s
Epoch: 4 cost time: 86.09786581993103
Epoch: 4, Steps: 965 | Train Loss: 0.1000864 Vali Loss: 0.1134574 Test Loss: 0.1298234
Validation loss decreased (0.115333 --> 0.113457).  Saving model ...
Updating learning rate to 6.25e-05
	iters: 100, epoch: 5 | loss: 0.0959104
	speed: 0.5681s/iter; left time: 3233.0609s
	iters: 200, epoch: 5 | loss: 0.1029712
	speed: 0.0862s/iter; left time: 481.7487s
	iters: 300, epoch: 5 | loss: 0.1035174
	speed: 0.0859s/iter; left time: 471.8486s
	iters: 400, epoch: 5 | loss: 0.0896716
	speed: 0.0877s/iter; left time: 472.7251s
	iters: 500, epoch: 5 | loss: 0.0940337
	speed: 0.0901s/iter; left time: 476.5075s
	iters: 600, epoch: 5 | loss: 0.0910710
	speed: 0.0888s/iter; left time: 460.9080s
	iters: 700, epoch: 5 | loss: 0.0945905
	speed: 0.0911s/iter; left time: 463.5362s
	iters: 800, epoch: 5 | loss: 0.0912403
	speed: 0.0888s/iter; left time: 443.1697s
	iters: 900, epoch: 5 | loss: 0.0888253
	speed: 0.0897s/iter; left time: 438.5925s
Epoch: 5 cost time: 85.66500282287598
Epoch: 5, Steps: 965 | Train Loss: 0.0964800 Vali Loss: 0.1136804 Test Loss: 0.1294386
EarlyStopping counter: 1 out of 3
Updating learning rate to 3.125e-05
	iters: 100, epoch: 6 | loss: 0.0991623
	speed: 0.5921s/iter; left time: 2798.3926s
	iters: 200, epoch: 6 | loss: 0.0929815
	speed: 0.0896s/iter; left time: 414.4810s
	iters: 300, epoch: 6 | loss: 0.0943538
	speed: 0.0900s/iter; left time: 407.1426s
	iters: 400, epoch: 6 | loss: 0.0912132
	speed: 0.0896s/iter; left time: 396.3935s
	iters: 500, epoch: 6 | loss: 0.1046067
	speed: 0.0905s/iter; left time: 391.4346s
	iters: 600, epoch: 6 | loss: 0.0936314
	speed: 0.0923s/iter; left time: 390.1616s
	iters: 700, epoch: 6 | loss: 0.0882114
	speed: 0.0914s/iter; left time: 377.0820s
	iters: 800, epoch: 6 | loss: 0.0906087
	speed: 0.0897s/iter; left time: 361.1783s
	iters: 900, epoch: 6 | loss: 0.1010803
	speed: 0.0918s/iter; left time: 360.4177s
Epoch: 6 cost time: 88.01879262924194
Epoch: 6, Steps: 965 | Train Loss: 0.0946040 Vali Loss: 0.1137416 Test Loss: 0.1294659
EarlyStopping counter: 2 out of 3
Updating learning rate to 1.5625e-05
	iters: 100, epoch: 7 | loss: 0.0966108
	speed: 0.5756s/iter; left time: 2164.8932s
	iters: 200, epoch: 7 | loss: 0.1024461
	speed: 0.0896s/iter; left time: 328.0529s
	iters: 300, epoch: 7 | loss: 0.0940481
	speed: 0.0894s/iter; left time: 318.4312s
	iters: 400, epoch: 7 | loss: 0.1079074
	speed: 0.0889s/iter; left time: 307.5171s
	iters: 500, epoch: 7 | loss: 0.1000615
	speed: 0.0909s/iter; left time: 305.5863s
	iters: 600, epoch: 7 | loss: 0.0850563
	speed: 0.0893s/iter; left time: 291.1192s
	iters: 700, epoch: 7 | loss: 0.0988523
	speed: 0.0877s/iter; left time: 277.3729s
	iters: 800, epoch: 7 | loss: 0.0894282
	speed: 0.0889s/iter; left time: 272.1739s
	iters: 900, epoch: 7 | loss: 0.0925271
	speed: 0.0890s/iter; left time: 263.4916s
Epoch: 7 cost time: 86.35756397247314
Epoch: 7, Steps: 965 | Train Loss: 0.0936117 Vali Loss: 0.1140486 Test Loss: 0.1295835
EarlyStopping counter: 3 out of 3
Early stopping
>>>>>>>testing : long_term_forecast_DEC_electricity_iTransformer_mu0p999_sl2880_s2021_iTransformer_custom_ftM_sl2880_ll48_pl96_dm512_nh8_el3_dl1_df512_expand2_dc4_fc3_ebtimeF_dtTrue_Exp_0<<<<<<<<<<<<<<<<<<<<<<<<<<<<<<<<<
input decay: exp forgetting mu=0.999000 (equivalent window N*=999)
test 5165
test shape: (5165, 96, 321) (5165, 96, 321)
test shape: (5165, 96, 321) (5165, 96, 321)
mse:0.1298021525144577, mae:0.2279474139213562, dtw:Not calculated
