Using GPU
Args in experiment:
[1mBasic Config[0m
  Task Name:          long_term_forecast  Is Training:        1                   
  Model ID:           DEC_ETTh1_iTransformer_mu0p995_sl2880_s2021Model:              iTransformer        

[1mData Loader[0m
  Data:               ETTh1               Root Path:          ./dataset/ETT-small/
  Data Path:          ETTh1.csv           Features:           M                   
  Target:             OT                  Freq:               h                   
  Checkpoints:        ./checkpoints/      

[1mForecasting Task[0m
  Seq Len:            2880                Label Len:          48                  
  Pred Len:           96                  Seasonal Patterns:  Monthly             
  Inverse:            0                   

[1mModel Parameters[0m
  Top k:              5                   Num Kernels:        6                   
  Enc In:             7                   Dec In:             7                   
  C Out:              7                   d model:            128                 
  n heads:            8                   e layers:           2                   
  d layers:           1                   d FF:               128                 
  Moving Avg:         25                  Factor:             3                   
  Distil:             1                   Dropout:            0.1                 
  Embed:              timeF               Activation:         gelu                

[1mRun Parameters[0m
  Num Workers:        2                   Itr:                1                   
  Train Epochs:       10                  Batch Size:         32                  
  Patience:           3                   Learning Rate:      0.0001              
  Des:                Exp                 Loss:               MSE                 
  Lradj:              type1               Use Amp:            0                   

[1mGPU[0m
  Use GPU:            1                   GPU:                0                   
  Use Multi GPU:      0                   Devices:            0,1,2,3             

[1mDe-stationary Projector Params[0m
  P Hidden Dims:      128, 128            P Hidden Layers:    2                   

Use GPU: cuda:0
🚀 Lazy Loading: iTransformer ...
>>>>>>>start training : long_term_forecast_DEC_ETTh1_iTransformer_mu0p995_sl2880_s2021_iTransformer_ETTh1_ftM_sl2880_ll48_pl96_dm128_nh8_el2_dl1_df128_expand2_dc4_fc3_ebtimeF_dtTrue_Exp_0>>>>>>>>>>>>>>>>>>>>>>>>>>
input decay: exp forgetting mu=0.995000 (equivalent window N*=199)
train 5665
input decay: exp forgetting mu=0.995000 (equivalent window N*=199)
val 2785
input decay: exp forgetting mu=0.995000 (equivalent window N*=199)
test 2785
	iters: 100, epoch: 1 | loss: 0.6887255
	speed: 0.0286s/iter; left time: 48.0603s
Epoch: 1 cost time: 2.258256196975708
Epoch: 1, Steps: 178 | Train Loss: 0.6664617 Vali Loss: 0.9817473 Test Loss: 0.6647338
Validation loss decreased (inf --> 0.981747).  Saving model ...
Updating learning rate to 0.0001
	iters: 100, epoch: 2 | loss: 0.5093055
	speed: 0.0423s/iter; left time: 63.6294s
Epoch: 2 cost time: 3.139730930328369
Epoch: 2, Steps: 178 | Train Loss: 0.5028166 Vali Loss: 0.8702886 Test Loss: 0.5502585
Validation loss decreased (0.981747 --> 0.870289).  Saving model ...
Updating learning rate to 5e-05
	iters: 100, epoch: 3 | loss: 0.4196181
	speed: 0.0556s/iter; left time: 73.7234s
Epoch: 3 cost time: 3.242818593978882
Epoch: 3, Steps: 178 | Train Loss: 0.4294941 Vali Loss: 0.8282946 Test Loss: 0.5042096
Validation loss decreased (0.870289 --> 0.828295).  Saving model ...
Updating learning rate to 2.5e-05
	iters: 100, epoch: 4 | loss: 0.3915592
	speed: 0.0552s/iter; left time: 63.3445s
Epoch: 4 cost time: 3.1304397583007812
Epoch: 4, Steps: 178 | Train Loss: 0.4043128 Vali Loss: 0.8228131 Test Loss: 0.4906078
Validation loss decreased (0.828295 --> 0.822813).  Saving model ...
Updating learning rate to 1.25e-05
	iters: 100, epoch: 5 | loss: 0.3910378
	speed: 0.0559s/iter; left time: 54.1326s
Epoch: 5 cost time: 3.2214629650115967
Epoch: 5, Steps: 178 | Train Loss: 0.3940486 Vali Loss: 0.7997721 Test Loss: 0.4861245
Validation loss decreased (0.822813 --> 0.799772).  Saving model ...
Updating learning rate to 6.25e-06
	iters: 100, epoch: 6 | loss: 0.3877311
	speed: 0.0550s/iter; left time: 43.5439s
Epoch: 6 cost time: 3.124631881713867
Epoch: 6, Steps: 178 | Train Loss: 0.3893403 Vali Loss: 0.8016034 Test Loss: 0.4813937
EarlyStopping counter: 1 out of 3
Updating learning rate to 3.125e-06
	iters: 100, epoch: 7 | loss: 0.4066060
	speed: 0.0530s/iter; left time: 32.4923s
Epoch: 7 cost time: 3.0019967555999756
Epoch: 7, Steps: 178 | Train Loss: 0.3865421 Vali Loss: 0.8092181 Test Loss: 0.4809253
EarlyStopping counter: 2 out of 3
Updating learning rate to 1.5625e-06
	iters: 100, epoch: 8 | loss: 0.4016171
	speed: 0.0536s/iter; left time: 23.3360s
Epoch: 8 cost time: 3.126718044281006
Epoch: 8, Steps: 178 | Train Loss: 0.3851005 Vali Loss: 0.7922578 Test Loss: 0.4792955
Validation loss decreased (0.799772 --> 0.792258).  Saving model ...
Updating learning rate to 7.8125e-07
	iters: 100, epoch: 9 | loss: 0.3316247
	speed: 0.0523s/iter; left time: 13.4529s
Epoch: 9 cost time: 3.0971951484680176
Epoch: 9, Steps: 178 | Train Loss: 0.3841102 Vali Loss: 0.7901906 Test Loss: 0.4785195
Validation loss decreased (0.792258 --> 0.790191).  Saving model ...
Updating learning rate to 3.90625e-07
	iters: 100, epoch: 10 | loss: 0.3996467
	speed: 0.0546s/iter; left time: 4.3164s
Epoch: 10 cost time: 3.1667728424072266
Epoch: 10, Steps: 178 | Train Loss: 0.3844961 Vali Loss: 0.8204882 Test Loss: 0.4783350
EarlyStopping counter: 1 out of 3
Updating learning rate to 1.953125e-07
>>>>>>>testing : long_term_forecast_DEC_ETTh1_iTransformer_mu0p995_sl2880_s2021_iTransformer_ETTh1_ftM_sl2880_ll48_pl96_dm128_nh8_el2_dl1_df128_expand2_dc4_fc3_ebtimeF_dtTrue_Exp_0<<<<<<<<<<<<<<<<<<<<<<<<<<<<<<<<<
input decay: exp forgetting mu=0.995000 (equivalent window N*=199)
test 2785
test shape: (2785, 96, 7) (2785, 96, 7)
test shape: (2785, 96, 7) (2785, 96, 7)
mse:0.4785485863685608, mae:0.47501760721206665, dtw:Not calculated
