Using GPU
Args in experiment:
[1mBasic Config[0m
  Task Name:          long_term_forecast  Is Training:        1                   
  Model ID:           DEC_ETTh1_iTransformer_mu0p9995_sl2880_s2022Model:              iTransformer        

[1mData Loader[0m
  Data:               ETTh1               Root Path:          ./dataset/ETT-small/
  Data Path:          ETTh1.csv           Features:           M                   
  Target:             OT                  Freq:               h                   
  Checkpoints:        ./checkpoints/      

[1mForecasting Task[0m
  Seq Len:            2880                Label Len:          48                  
  Pred Len:           96                  Seasonal Patterns:  Monthly             
  Inverse:            0                   

[1mModel Parameters[0m
  Top k:              5                   Num Kernels:        6                   
  Enc In:             7                   Dec In:             7                   
  C Out:              7                   d model:            128                 
  n heads:            8                   e layers:           2                   
  d layers:           1                   d FF:               128                 
  Moving Avg:         25                  Factor:             3                   
  Distil:             1                   Dropout:            0.1                 
  Embed:              timeF               Activation:         gelu                

[1mRun Parameters[0m
  Num Workers:        2                   Itr:                1                   
  Train Epochs:       10                  Batch Size:         32                  
  Patience:           3                   Learning Rate:      0.0001              
  Des:                Exp                 Loss:               MSE                 
  Lradj:              type1               Use Amp:            0                   

[1mGPU[0m
  Use GPU:            1                   GPU:                0                   
  Use Multi GPU:      0                   Devices:            0,1,2,3             

[1mDe-stationary Projector Params[0m
  P Hidden Dims:      128, 128            P Hidden Layers:    2                   

Use GPU: cuda:0
🚀 Lazy Loading: iTransformer ...
>>>>>>>start training : long_term_forecast_DEC_ETTh1_iTransformer_mu0p9995_sl2880_s2022_iTransformer_ETTh1_ftM_sl2880_ll48_pl96_dm128_nh8_el2_dl1_df128_expand2_dc4_fc3_ebtimeF_dtTrue_Exp_0>>>>>>>>>>>>>>>>>>>>>>>>>>
input decay: exp forgetting mu=0.999500 (equivalent window N*=1999)
train 5665
input decay: exp forgetting mu=0.999500 (equivalent window N*=1999)
val 2785
input decay: exp forgetting mu=0.999500 (equivalent window N*=1999)
test 2785
	iters: 100, epoch: 1 | loss: 0.4540029
	speed: 0.0353s/iter; left time: 59.3331s
Epoch: 1 cost time: 2.891181230545044
Epoch: 1, Steps: 178 | Train Loss: 0.5200870 Vali Loss: 0.8457258 Test Loss: 0.4364647
Validation loss decreased (inf --> 0.845726).  Saving model ...
Updating learning rate to 0.0001
	iters: 100, epoch: 2 | loss: 0.3380627
	speed: 0.0415s/iter; left time: 62.3065s
Epoch: 2 cost time: 2.4378933906555176
Epoch: 2, Steps: 178 | Train Loss: 0.3686241 Vali Loss: 0.8157662 Test Loss: 0.4128688
Validation loss decreased (0.845726 --> 0.815766).  Saving model ...
Updating learning rate to 5e-05
	iters: 100, epoch: 3 | loss: 0.2966776
	speed: 0.0418s/iter; left time: 55.4046s
Epoch: 3 cost time: 2.6713764667510986
Epoch: 3, Steps: 178 | Train Loss: 0.3261749 Vali Loss: 0.8027930 Test Loss: 0.4223840
Validation loss decreased (0.815766 --> 0.802793).  Saving model ...
Updating learning rate to 2.5e-05
	iters: 100, epoch: 4 | loss: 0.3098145
	speed: 0.0417s/iter; left time: 47.8205s
Epoch: 4 cost time: 2.4185428619384766
Epoch: 4, Steps: 178 | Train Loss: 0.3102928 Vali Loss: 0.8031781 Test Loss: 0.4312940
EarlyStopping counter: 1 out of 3
Updating learning rate to 1.25e-05
	iters: 100, epoch: 5 | loss: 0.2873700
	speed: 0.0411s/iter; left time: 39.7823s
Epoch: 5 cost time: 2.4717800617218018
Epoch: 5, Steps: 178 | Train Loss: 0.3038892 Vali Loss: 0.8147360 Test Loss: 0.4349480
EarlyStopping counter: 2 out of 3
Updating learning rate to 6.25e-06
	iters: 100, epoch: 6 | loss: 0.2734487
	speed: 0.0448s/iter; left time: 35.4489s
Epoch: 6 cost time: 2.6265997886657715
Epoch: 6, Steps: 178 | Train Loss: 0.3008042 Vali Loss: 0.8035830 Test Loss: 0.4362097
EarlyStopping counter: 3 out of 3
Early stopping
>>>>>>>testing : long_term_forecast_DEC_ETTh1_iTransformer_mu0p9995_sl2880_s2022_iTransformer_ETTh1_ftM_sl2880_ll48_pl96_dm128_nh8_el2_dl1_df128_expand2_dc4_fc3_ebtimeF_dtTrue_Exp_0<<<<<<<<<<<<<<<<<<<<<<<<<<<<<<<<<
input decay: exp forgetting mu=0.999500 (equivalent window N*=1999)
test 2785
test shape: (2785, 96, 7) (2785, 96, 7)
test shape: (2785, 96, 7) (2785, 96, 7)
mse:0.4217308759689331, mae:0.450874000787735, dtw:Not calculated
