Using GPU
Args in experiment:
[1mBasic Config[0m
  Task Name:          long_term_forecast  Is Training:        1                   
  Model ID:           DEC_ETTh1_iTransformer_mu0p999_sl2880_s2022Model:              iTransformer        

[1mData Loader[0m
  Data:               ETTh1               Root Path:          ./dataset/ETT-small/
  Data Path:          ETTh1.csv           Features:           M                   
  Target:             OT                  Freq:               h                   
  Checkpoints:        ./checkpoints/      

[1mForecasting Task[0m
  Seq Len:            2880                Label Len:          48                  
  Pred Len:           96                  Seasonal Patterns:  Monthly             
  Inverse:            0                   

[1mModel Parameters[0m
  Top k:              5                   Num Kernels:        6                   
  Enc In:             7                   Dec In:             7                   
  C Out:              7                   d model:            128                 
  n heads:            8                   e layers:           2                   
  d layers:           1                   d FF:               128                 
  Moving Avg:         25                  Factor:             3                   
  Distil:             1                   Dropout:            0.1                 
  Embed:              timeF               Activation:         gelu                

[1mRun Parameters[0m
  Num Workers:        2                   Itr:                1                   
  Train Epochs:       10                  Batch Size:         32                  
  Patience:           3                   Learning Rate:      0.0001              
  Des:                Exp                 Loss:               MSE                 
  Lradj:              type1               Use Amp:            0                   

[1mGPU[0m
  Use GPU:            1                   GPU:                0                   
  Use Multi GPU:      0                   Devices:            0,1,2,3             

[1mDe-stationary Projector Params[0m
  P Hidden Dims:      128, 128            P Hidden Layers:    2                   

Use GPU: cuda:0
🚀 Lazy Loading: iTransformer ...
>>>>>>>start training : long_term_forecast_DEC_ETTh1_iTransformer_mu0p999_sl2880_s2022_iTransformer_ETTh1_ftM_sl2880_ll48_pl96_dm128_nh8_el2_dl1_df128_expand2_dc4_fc3_ebtimeF_dtTrue_Exp_0>>>>>>>>>>>>>>>>>>>>>>>>>>
input decay: exp forgetting mu=0.999000 (equivalent window N*=999)
train 5665
input decay: exp forgetting mu=0.999000 (equivalent window N*=999)
val 2785
input decay: exp forgetting mu=0.999000 (equivalent window N*=999)
test 2785
	iters: 100, epoch: 1 | loss: 0.4716392
	speed: 0.0399s/iter; left time: 67.1398s
Epoch: 1 cost time: 3.7901031970977783
Epoch: 1, Steps: 178 | Train Loss: 0.5355016 Vali Loss: 0.8558793 Test Loss: 0.4730031
Validation loss decreased (inf --> 0.855879).  Saving model ...
Updating learning rate to 0.0001
	iters: 100, epoch: 2 | loss: 0.3509606
	speed: 0.0517s/iter; left time: 77.7213s
Epoch: 2 cost time: 2.821277141571045
Epoch: 2, Steps: 178 | Train Loss: 0.3828662 Vali Loss: 0.7931463 Test Loss: 0.4112805
Validation loss decreased (0.855879 --> 0.793146).  Saving model ...
Updating learning rate to 5e-05
	iters: 100, epoch: 3 | loss: 0.3089377
	speed: 0.0500s/iter; left time: 66.2394s
Epoch: 3 cost time: 2.89958119392395
Epoch: 3, Steps: 178 | Train Loss: 0.3368254 Vali Loss: 0.7773726 Test Loss: 0.4111981
Validation loss decreased (0.793146 --> 0.777373).  Saving model ...
Updating learning rate to 2.5e-05
	iters: 100, epoch: 4 | loss: 0.3162485
	speed: 0.0496s/iter; left time: 56.8997s
Epoch: 4 cost time: 2.9198849201202393
Epoch: 4, Steps: 178 | Train Loss: 0.3190956 Vali Loss: 0.7814673 Test Loss: 0.4186862
EarlyStopping counter: 1 out of 3
Updating learning rate to 1.25e-05
	iters: 100, epoch: 5 | loss: 0.2967030
	speed: 0.0539s/iter; left time: 52.1969s
Epoch: 5 cost time: 3.148380994796753
Epoch: 5, Steps: 178 | Train Loss: 0.3120212 Vali Loss: 0.7926368 Test Loss: 0.4203103
EarlyStopping counter: 2 out of 3
Updating learning rate to 6.25e-06
	iters: 100, epoch: 6 | loss: 0.2817711
	speed: 0.0542s/iter; left time: 42.8914s
Epoch: 6 cost time: 3.093870162963867
Epoch: 6, Steps: 178 | Train Loss: 0.3087216 Vali Loss: 0.7847646 Test Loss: 0.4216249
EarlyStopping counter: 3 out of 3
Early stopping
>>>>>>>testing : long_term_forecast_DEC_ETTh1_iTransformer_mu0p999_sl2880_s2022_iTransformer_ETTh1_ftM_sl2880_ll48_pl96_dm128_nh8_el2_dl1_df128_expand2_dc4_fc3_ebtimeF_dtTrue_Exp_0<<<<<<<<<<<<<<<<<<<<<<<<<<<<<<<<<
input decay: exp forgetting mu=0.999000 (equivalent window N*=999)
test 2785
test shape: (2785, 96, 7) (2785, 96, 7)
test shape: (2785, 96, 7) (2785, 96, 7)
mse:0.4107590317726135, mae:0.440737783908844, dtw:Not calculated
