Using GPU
Args in experiment:
[1mBasic Config[0m
  Task Name:          long_term_forecast  Is Training:        1                   
  Model ID:           DEC_ETTh1_iTransformer_mu0p9995_sl2880_s2021Model:              iTransformer        

[1mData Loader[0m
  Data:               ETTh1               Root Path:          ./dataset/ETT-small/
  Data Path:          ETTh1.csv           Features:           M                   
  Target:             OT                  Freq:               h                   
  Checkpoints:        ./checkpoints/      

[1mForecasting Task[0m
  Seq Len:            2880                Label Len:          48                  
  Pred Len:           96                  Seasonal Patterns:  Monthly             
  Inverse:            0                   

[1mModel Parameters[0m
  Top k:              5                   Num Kernels:        6                   
  Enc In:             7                   Dec In:             7                   
  C Out:              7                   d model:            128                 
  n heads:            8                   e layers:           2                   
  d layers:           1                   d FF:               128                 
  Moving Avg:         25                  Factor:             3                   
  Distil:             1                   Dropout:            0.1                 
  Embed:              timeF               Activation:         gelu                

[1mRun Parameters[0m
  Num Workers:        2                   Itr:                1                   
  Train Epochs:       10                  Batch Size:         32                  
  Patience:           3                   Learning Rate:      0.0001              
  Des:                Exp                 Loss:               MSE                 
  Lradj:              type1               Use Amp:            0                   

[1mGPU[0m
  Use GPU:            1                   GPU:                0                   
  Use Multi GPU:      0                   Devices:            0,1,2,3             

[1mDe-stationary Projector Params[0m
  P Hidden Dims:      128, 128            P Hidden Layers:    2                   

Use GPU: cuda:0
🚀 Lazy Loading: iTransformer ...
>>>>>>>start training : long_term_forecast_DEC_ETTh1_iTransformer_mu0p9995_sl2880_s2021_iTransformer_ETTh1_ftM_sl2880_ll48_pl96_dm128_nh8_el2_dl1_df128_expand2_dc4_fc3_ebtimeF_dtTrue_Exp_0>>>>>>>>>>>>>>>>>>>>>>>>>>
input decay: exp forgetting mu=0.999500 (equivalent window N*=1999)
train 5665
input decay: exp forgetting mu=0.999500 (equivalent window N*=1999)
val 2785
input decay: exp forgetting mu=0.999500 (equivalent window N*=1999)
test 2785
	iters: 100, epoch: 1 | loss: 0.5364668
	speed: 0.0399s/iter; left time: 67.1224s
Epoch: 1 cost time: 3.6069328784942627
Epoch: 1, Steps: 178 | Train Loss: 0.5128500 Vali Loss: 0.8391976 Test Loss: 0.4317000
Validation loss decreased (inf --> 0.839198).  Saving model ...
Updating learning rate to 0.0001
	iters: 100, epoch: 2 | loss: 0.3620771
	speed: 0.0523s/iter; left time: 78.5994s
Epoch: 2 cost time: 2.8898913860321045
Epoch: 2, Steps: 178 | Train Loss: 0.3703911 Vali Loss: 0.8401363 Test Loss: 0.4167571
EarlyStopping counter: 1 out of 3
Updating learning rate to 5e-05
	iters: 100, epoch: 3 | loss: 0.3218399
	speed: 0.0519s/iter; left time: 68.7641s
Epoch: 3 cost time: 2.9905710220336914
Epoch: 3, Steps: 178 | Train Loss: 0.3256662 Vali Loss: 0.8287459 Test Loss: 0.4183964
Validation loss decreased (0.839198 --> 0.828746).  Saving model ...
Updating learning rate to 2.5e-05
	iters: 100, epoch: 4 | loss: 0.3213889
	speed: 0.0503s/iter; left time: 57.7094s
Epoch: 4 cost time: 2.8784918785095215
Epoch: 4, Steps: 178 | Train Loss: 0.3109491 Vali Loss: 0.8330909 Test Loss: 0.4280684
EarlyStopping counter: 1 out of 3
Updating learning rate to 1.25e-05
	iters: 100, epoch: 5 | loss: 0.2847031
	speed: 0.0527s/iter; left time: 51.0333s
Epoch: 5 cost time: 3.05082631111145
Epoch: 5, Steps: 178 | Train Loss: 0.3051832 Vali Loss: 0.8178735 Test Loss: 0.4304456
Validation loss decreased (0.828746 --> 0.817873).  Saving model ...
Updating learning rate to 6.25e-06
	iters: 100, epoch: 6 | loss: 0.2958679
	speed: 0.0512s/iter; left time: 40.4877s
Epoch: 6 cost time: 2.8385939598083496
Epoch: 6, Steps: 178 | Train Loss: 0.3022586 Vali Loss: 0.8226993 Test Loss: 0.4301826
EarlyStopping counter: 1 out of 3
Updating learning rate to 3.125e-06
	iters: 100, epoch: 7 | loss: 0.3072261
	speed: 0.0501s/iter; left time: 30.6836s
Epoch: 7 cost time: 2.8453831672668457
Epoch: 7, Steps: 178 | Train Loss: 0.3009916 Vali Loss: 0.8457524 Test Loss: 0.4309236
EarlyStopping counter: 2 out of 3
Updating learning rate to 1.5625e-06
	iters: 100, epoch: 8 | loss: 0.3208602
	speed: 0.0516s/iter; left time: 22.4515s
Epoch: 8 cost time: 3.107780933380127
Epoch: 8, Steps: 178 | Train Loss: 0.3000263 Vali Loss: 0.8221831 Test Loss: 0.4305394
EarlyStopping counter: 3 out of 3
Early stopping
>>>>>>>testing : long_term_forecast_DEC_ETTh1_iTransformer_mu0p9995_sl2880_s2021_iTransformer_ETTh1_ftM_sl2880_ll48_pl96_dm128_nh8_el2_dl1_df128_expand2_dc4_fc3_ebtimeF_dtTrue_Exp_0<<<<<<<<<<<<<<<<<<<<<<<<<<<<<<<<<
input decay: exp forgetting mu=0.999500 (equivalent window N*=1999)
test 2785
test shape: (2785, 96, 7) (2785, 96, 7)
test shape: (2785, 96, 7) (2785, 96, 7)
mse:0.42925992608070374, mae:0.45544329285621643, dtw:Not calculated
