Using GPU
Args in experiment:
[1mBasic Config[0m
  Task Name:          long_term_forecast  Is Training:        1                   
  Model ID:           DEC_exchange_rate_iTransformer_mu0p9995_sl2880_s2021Model:              iTransformer        

[1mData Loader[0m
  Data:               custom              Root Path:          ./dataset/exchange_rate/
  Data Path:          exchange_rate.csv   Features:           M                   
  Target:             OT                  Freq:               h                   
  Checkpoints:        ./checkpoints/      

[1mForecasting Task[0m
  Seq Len:            2880                Label Len:          48                  
  Pred Len:           96                  Seasonal Patterns:  Monthly             
  Inverse:            0                   

[1mModel Parameters[0m
  Top k:              5                   Num Kernels:        6                   
  Enc In:             8                   Dec In:             8                   
  C Out:              8                   d model:            128                 
  n heads:            8                   e layers:           2                   
  d layers:           1                   d FF:               128                 
  Moving Avg:         25                  Factor:             3                   
  Distil:             1                   Dropout:            0.1                 
  Embed:              timeF               Activation:         gelu                

[1mRun Parameters[0m
  Num Workers:        2                   Itr:                1                   
  Train Epochs:       10                  Batch Size:         32                  
  Patience:           3                   Learning Rate:      0.0001              
  Des:                Exp                 Loss:               MSE                 
  Lradj:              type1               Use Amp:            0                   

[1mGPU[0m
  Use GPU:            1                   GPU:                0                   
  Use Multi GPU:      0                   Devices:            0,1,2,3             

[1mDe-stationary Projector Params[0m
  P Hidden Dims:      128, 128            P Hidden Layers:    2                   

Use GPU: cuda:0
🚀 Lazy Loading: iTransformer ...
>>>>>>>start training : long_term_forecast_DEC_exchange_rate_iTransformer_mu0p9995_sl2880_s2021_iTransformer_custom_ftM_sl2880_ll48_pl96_dm128_nh8_el2_dl1_df128_expand2_dc4_fc3_ebtimeF_dtTrue_Exp_0>>>>>>>>>>>>>>>>>>>>>>>>>>
input decay: exp forgetting mu=0.999500 (equivalent window N*=1999)
train 2336
input decay: exp forgetting mu=0.999500 (equivalent window N*=1999)
val 665
input decay: exp forgetting mu=0.999500 (equivalent window N*=1999)
test 1422
Epoch: 1 cost time: 1.5423076152801514
Epoch: 1, Steps: 73 | Train Loss: 0.6271200 Vali Loss: 1.3428639 Test Loss: 0.3418698
Validation loss decreased (inf --> 1.342864).  Saving model ...
Updating learning rate to 0.0001
Epoch: 2 cost time: 1.0777642726898193
Epoch: 2, Steps: 73 | Train Loss: 0.3091544 Vali Loss: 0.6644001 Test Loss: 0.2539802
Validation loss decreased (1.342864 --> 0.664400).  Saving model ...
Updating learning rate to 5e-05
Epoch: 3 cost time: 1.1200511455535889
Epoch: 3, Steps: 73 | Train Loss: 0.1892974 Vali Loss: 0.4937140 Test Loss: 0.3068839
Validation loss decreased (0.664400 --> 0.493714).  Saving model ...
Updating learning rate to 2.5e-05
Epoch: 4 cost time: 1.1077804565429688
Epoch: 4, Steps: 73 | Train Loss: 0.1521280 Vali Loss: 0.4314897 Test Loss: 0.3159077
Validation loss decreased (0.493714 --> 0.431490).  Saving model ...
Updating learning rate to 1.25e-05
Epoch: 5 cost time: 1.1120924949645996
Epoch: 5, Steps: 73 | Train Loss: 0.1392387 Vali Loss: 0.4071423 Test Loss: 0.3325409
Validation loss decreased (0.431490 --> 0.407142).  Saving model ...
Updating learning rate to 6.25e-06
Epoch: 6 cost time: 1.1661481857299805
Epoch: 6, Steps: 73 | Train Loss: 0.1333821 Vali Loss: 0.3950768 Test Loss: 0.3179520
Validation loss decreased (0.407142 --> 0.395077).  Saving model ...
Updating learning rate to 3.125e-06
Epoch: 7 cost time: 1.2007417678833008
Epoch: 7, Steps: 73 | Train Loss: 0.1308576 Vali Loss: 0.3885663 Test Loss: 0.3338393
Validation loss decreased (0.395077 --> 0.388566).  Saving model ...
Updating learning rate to 1.5625e-06
Epoch: 8 cost time: 1.2224202156066895
Epoch: 8, Steps: 73 | Train Loss: 0.1293115 Vali Loss: 0.3863229 Test Loss: 0.3256385
Validation loss decreased (0.388566 --> 0.386323).  Saving model ...
Updating learning rate to 7.8125e-07
Epoch: 9 cost time: 1.1250383853912354
Epoch: 9, Steps: 73 | Train Loss: 0.1286605 Vali Loss: 0.3842854 Test Loss: 0.3292269
Validation loss decreased (0.386323 --> 0.384285).  Saving model ...
Updating learning rate to 3.90625e-07
Epoch: 10 cost time: 1.108088731765747
Epoch: 10, Steps: 73 | Train Loss: 0.1281271 Vali Loss: 0.3840161 Test Loss: 0.3303978
Validation loss decreased (0.384285 --> 0.384016).  Saving model ...
Updating learning rate to 1.953125e-07
>>>>>>>testing : long_term_forecast_DEC_exchange_rate_iTransformer_mu0p9995_sl2880_s2021_iTransformer_custom_ftM_sl2880_ll48_pl96_dm128_nh8_el2_dl1_df128_expand2_dc4_fc3_ebtimeF_dtTrue_Exp_0<<<<<<<<<<<<<<<<<<<<<<<<<<<<<<<<<
input decay: exp forgetting mu=0.999500 (equivalent window N*=1999)
test 1422
test shape: (1422, 96, 8) (1422, 96, 8)
test shape: (1422, 96, 8) (1422, 96, 8)
mse:0.3270590007305145, mae:0.4451681077480316, dtw:Not calculated
