Using GPU
Args in experiment:
[1mBasic Config[0m
  Task Name:          long_term_forecast  Is Training:        1                   
  Model ID:           DEC_exchange_rate_iTransformer_autorc_sl2880_s2021Model:              iTransformer        

[1mData Loader[0m
  Data:               custom              Root Path:          ./dataset/exchange_rate/
  Data Path:          exchange_rate.csv   Features:           M                   
  Target:             OT                  Freq:               h                   
  Checkpoints:        ./checkpoints/      

[1mForecasting Task[0m
  Seq Len:            2880                Label Len:          48                  
  Pred Len:           96                  Seasonal Patterns:  Monthly             
  Inverse:            0                   

[1mModel Parameters[0m
  Top k:              5                   Num Kernels:        6                   
  Enc In:             8                   Dec In:             8                   
  C Out:              8                   d model:            128                 
  n heads:            8                   e layers:           2                   
  d layers:           1                   d FF:               128                 
  Moving Avg:         25                  Factor:             3                   
  Distil:             1                   Dropout:            0.1                 
  Embed:              timeF               Activation:         gelu                

[1mRun Parameters[0m
  Num Workers:        2                   Itr:                1                   
  Train Epochs:       10                  Batch Size:         32                  
  Patience:           3                   Learning Rate:      0.0001              
  Des:                Exp                 Loss:               MSE                 
  Lradj:              type1               Use Amp:            0                   

[1mGPU[0m
  Use GPU:            1                   GPU:                0                   
  Use Multi GPU:      0                   Devices:            0,1,2,3             

[1mDe-stationary Projector Params[0m
  P Hidden Dims:      128, 128            P Hidden Layers:    2                   

Use GPU: cuda:0
🚀 Lazy Loading: iTransformer ...
>>>>>>>start training : long_term_forecast_DEC_exchange_rate_iTransformer_autorc_sl2880_s2021_iTransformer_custom_ftM_sl2880_ll48_pl96_dm128_nh8_el2_dl1_df128_expand2_dc4_fc3_ebtimeF_dtTrue_Exp_0>>>>>>>>>>>>>>>>>>>>>>>>>>
decay_auto: drift=0.8974 -> lambda=0.048190 -> N*=342 -> mu=0.997079 (c=124.39, extrapolate=True, floor=0)
input decay: exp forgetting mu=0.997079 (equivalent window N*=342)
train 2336
input decay: exp forgetting mu=0.997079 (equivalent window N*=342)
val 665
input decay: exp forgetting mu=0.997079 (equivalent window N*=342)
test 1422
Epoch: 1 cost time: 1.2002286911010742
Epoch: 1, Steps: 73 | Train Loss: 0.6885685 Vali Loss: 2.5797107 Test Loss: 1.1393231
Validation loss decreased (inf --> 2.579711).  Saving model ...
Updating learning rate to 0.0001
Epoch: 2 cost time: 0.8275907039642334
Epoch: 2, Steps: 73 | Train Loss: 0.4648491 Vali Loss: 1.5393647 Test Loss: 0.5918848
Validation loss decreased (2.579711 --> 1.539365).  Saving model ...
Updating learning rate to 5e-05
Epoch: 3 cost time: 0.9471359252929688
Epoch: 3, Steps: 73 | Train Loss: 0.3365418 Vali Loss: 1.2192212 Test Loss: 0.4809064
Validation loss decreased (1.539365 --> 1.219221).  Saving model ...
Updating learning rate to 2.5e-05
Epoch: 4 cost time: 0.8906490802764893
Epoch: 4, Steps: 73 | Train Loss: 0.2846172 Vali Loss: 1.0362625 Test Loss: 0.3990522
Validation loss decreased (1.219221 --> 1.036263).  Saving model ...
Updating learning rate to 1.25e-05
Epoch: 5 cost time: 0.9790797233581543
Epoch: 5, Steps: 73 | Train Loss: 0.2617812 Vali Loss: 0.9964400 Test Loss: 0.3925180
Validation loss decreased (1.036263 --> 0.996440).  Saving model ...
Updating learning rate to 6.25e-06
Epoch: 6 cost time: 0.9180047512054443
Epoch: 6, Steps: 73 | Train Loss: 0.2514359 Vali Loss: 0.9992644 Test Loss: 0.4019165
EarlyStopping counter: 1 out of 3
Updating learning rate to 3.125e-06
Epoch: 7 cost time: 0.8940706253051758
Epoch: 7, Steps: 73 | Train Loss: 0.2460239 Vali Loss: 0.9888948 Test Loss: 0.3989407
Validation loss decreased (0.996440 --> 0.988895).  Saving model ...
Updating learning rate to 1.5625e-06
Epoch: 8 cost time: 0.9091835021972656
Epoch: 8, Steps: 73 | Train Loss: 0.2439094 Vali Loss: 0.9931444 Test Loss: 0.4037361
EarlyStopping counter: 1 out of 3
Updating learning rate to 7.8125e-07
Epoch: 9 cost time: 0.946030855178833
Epoch: 9, Steps: 73 | Train Loss: 0.2426533 Vali Loss: 0.9881921 Test Loss: 0.4008252
Validation loss decreased (0.988895 --> 0.988192).  Saving model ...
Updating learning rate to 3.90625e-07
Epoch: 10 cost time: 0.9107463359832764
Epoch: 10, Steps: 73 | Train Loss: 0.2421299 Vali Loss: 0.9845345 Test Loss: 0.3980520
Validation loss decreased (0.988192 --> 0.984535).  Saving model ...
Updating learning rate to 1.953125e-07
>>>>>>>testing : long_term_forecast_DEC_exchange_rate_iTransformer_autorc_sl2880_s2021_iTransformer_custom_ftM_sl2880_ll48_pl96_dm128_nh8_el2_dl1_df128_expand2_dc4_fc3_ebtimeF_dtTrue_Exp_0<<<<<<<<<<<<<<<<<<<<<<<<<<<<<<<<<
input decay: exp forgetting mu=0.997079 (equivalent window N*=342)
test 1422
test shape: (1422, 96, 8) (1422, 96, 8)
test shape: (1422, 96, 8) (1422, 96, 8)
mse:0.39895766973495483, mae:0.5047879815101624, dtw:Not calculated
