Using GPU
Args in experiment:
[1mBasic Config[0m
  Task Name:          long_term_forecast  Is Training:        1                   
  Model ID:           DEC_exchange_rate_iTransformer_autorc_sl2880_s2022Model:              iTransformer        

[1mData Loader[0m
  Data:               custom              Root Path:          ./dataset/exchange_rate/
  Data Path:          exchange_rate.csv   Features:           M                   
  Target:             OT                  Freq:               h                   
  Checkpoints:        ./checkpoints/      

[1mForecasting Task[0m
  Seq Len:            2880                Label Len:          48                  
  Pred Len:           96                  Seasonal Patterns:  Monthly             
  Inverse:            0                   

[1mModel Parameters[0m
  Top k:              5                   Num Kernels:        6                   
  Enc In:             8                   Dec In:             8                   
  C Out:              8                   d model:            128                 
  n heads:            8                   e layers:           2                   
  d layers:           1                   d FF:               128                 
  Moving Avg:         25                  Factor:             3                   
  Distil:             1                   Dropout:            0.1                 
  Embed:              timeF               Activation:         gelu                

[1mRun Parameters[0m
  Num Workers:        2                   Itr:                1                   
  Train Epochs:       10                  Batch Size:         32                  
  Patience:           3                   Learning Rate:      0.0001              
  Des:                Exp                 Loss:               MSE                 
  Lradj:              type1               Use Amp:            0                   

[1mGPU[0m
  Use GPU:            1                   GPU:                0                   
  Use Multi GPU:      0                   Devices:            0,1,2,3             

[1mDe-stationary Projector Params[0m
  P Hidden Dims:      128, 128            P Hidden Layers:    2                   

Use GPU: cuda:0
🚀 Lazy Loading: iTransformer ...
>>>>>>>start training : long_term_forecast_DEC_exchange_rate_iTransformer_autorc_sl2880_s2022_iTransformer_custom_ftM_sl2880_ll48_pl96_dm128_nh8_el2_dl1_df128_expand2_dc4_fc3_ebtimeF_dtTrue_Exp_0>>>>>>>>>>>>>>>>>>>>>>>>>>
decay_auto: drift=0.8974 -> lambda=0.048190 -> N*=342 -> mu=0.997079 (c=124.39, extrapolate=True, floor=0)
input decay: exp forgetting mu=0.997079 (equivalent window N*=342)
train 2336
input decay: exp forgetting mu=0.997079 (equivalent window N*=342)
val 665
input decay: exp forgetting mu=0.997079 (equivalent window N*=342)
test 1422
Epoch: 1 cost time: 1.1097216606140137
Epoch: 1, Steps: 73 | Train Loss: 0.6873838 Vali Loss: 2.5787652 Test Loss: 1.1184733
Validation loss decreased (inf --> 2.578765).  Saving model ...
Updating learning rate to 0.0001
Epoch: 2 cost time: 0.8210926055908203
Epoch: 2, Steps: 73 | Train Loss: 0.4673522 Vali Loss: 1.5569058 Test Loss: 0.5990481
Validation loss decreased (2.578765 --> 1.556906).  Saving model ...
Updating learning rate to 5e-05
Epoch: 3 cost time: 0.777594804763794
Epoch: 3, Steps: 73 | Train Loss: 0.3425229 Vali Loss: 1.1836396 Test Loss: 0.4257213
Validation loss decreased (1.556906 --> 1.183640).  Saving model ...
Updating learning rate to 2.5e-05
Epoch: 4 cost time: 0.7983922958374023
Epoch: 4, Steps: 73 | Train Loss: 0.2922001 Vali Loss: 1.0347136 Test Loss: 0.3816026
Validation loss decreased (1.183640 --> 1.034714).  Saving model ...
Updating learning rate to 1.25e-05
Epoch: 5 cost time: 0.8067688941955566
Epoch: 5, Steps: 73 | Train Loss: 0.2682157 Vali Loss: 0.9643522 Test Loss: 0.3574897
Validation loss decreased (1.034714 --> 0.964352).  Saving model ...
Updating learning rate to 6.25e-06
Epoch: 6 cost time: 0.8160445690155029
Epoch: 6, Steps: 73 | Train Loss: 0.2566736 Vali Loss: 0.9626242 Test Loss: 0.3781931
Validation loss decreased (0.964352 --> 0.962624).  Saving model ...
Updating learning rate to 3.125e-06
Epoch: 7 cost time: 0.8115425109863281
Epoch: 7, Steps: 73 | Train Loss: 0.2516172 Vali Loss: 0.9236969 Test Loss: 0.3485976
Validation loss decreased (0.962624 --> 0.923697).  Saving model ...
Updating learning rate to 1.5625e-06
Epoch: 8 cost time: 0.8204464912414551
Epoch: 8, Steps: 73 | Train Loss: 0.2486682 Vali Loss: 0.9216974 Test Loss: 0.3505881
Validation loss decreased (0.923697 --> 0.921697).  Saving model ...
Updating learning rate to 7.8125e-07
Epoch: 9 cost time: 0.8377373218536377
Epoch: 9, Steps: 73 | Train Loss: 0.2475683 Vali Loss: 0.9206795 Test Loss: 0.3509283
Validation loss decreased (0.921697 --> 0.920679).  Saving model ...
Updating learning rate to 3.90625e-07
Epoch: 10 cost time: 0.8010404109954834
Epoch: 10, Steps: 73 | Train Loss: 0.2467241 Vali Loss: 0.9160055 Test Loss: 0.3497827
Validation loss decreased (0.920679 --> 0.916006).  Saving model ...
Updating learning rate to 1.953125e-07
>>>>>>>testing : long_term_forecast_DEC_exchange_rate_iTransformer_autorc_sl2880_s2022_iTransformer_custom_ftM_sl2880_ll48_pl96_dm128_nh8_el2_dl1_df128_expand2_dc4_fc3_ebtimeF_dtTrue_Exp_0<<<<<<<<<<<<<<<<<<<<<<<<<<<<<<<<<
input decay: exp forgetting mu=0.997079 (equivalent window N*=342)
test 1422
test shape: (1422, 96, 8) (1422, 96, 8)
test shape: (1422, 96, 8) (1422, 96, 8)
mse:0.35010331869125366, mae:0.47311902046203613, dtw:Not calculated
