Using GPU
Args in experiment:
[1mBasic Config[0m
  Task Name:          long_term_forecast  Is Training:        1                   
  Model ID:           DEC_exchange_rate_PatchTSTGated_mu0p998_sl2880_s2021Model:              PatchTSTGated       

[1mData Loader[0m
  Data:               custom              Root Path:          ./dataset/exchange_rate/
  Data Path:          exchange_rate.csv   Features:           M                   
  Target:             OT                  Freq:               h                   
  Checkpoints:        ./checkpoints/      

[1mForecasting Task[0m
  Seq Len:            2880                Label Len:          48                  
  Pred Len:           96                  Seasonal Patterns:  Monthly             
  Inverse:            0                   

[1mModel Parameters[0m
  Top k:              5                   Num Kernels:        6                   
  Enc In:             8                   Dec In:             8                   
  C Out:              8                   d model:            512                 
  n heads:            8                   e layers:           2                   
  d layers:           1                   d FF:               2048                
  Moving Avg:         25                  Factor:             3                   
  Distil:             1                   Dropout:            0.1                 
  Embed:              timeF               Activation:         gelu                

[1mRun Parameters[0m
  Num Workers:        2                   Itr:                1                   
  Train Epochs:       10                  Batch Size:         32                  
  Patience:           3                   Learning Rate:      0.0001              
  Des:                Exp                 Loss:               MSE                 
  Lradj:              type1               Use Amp:            0                   

[1mGPU[0m
  Use GPU:            1                   GPU:                0                   
  Use Multi GPU:      0                   Devices:            0,1,2,3             

[1mDe-stationary Projector Params[0m
  P Hidden Dims:      128, 128            P Hidden Layers:    2                   

Use GPU: cuda:0
🚀 Lazy Loading: PatchTSTGated ...
>>>>>>>start training : long_term_forecast_DEC_exchange_rate_PatchTSTGated_mu0p998_sl2880_s2021_PatchTSTGated_custom_ftM_sl2880_ll48_pl96_dm512_nh8_el2_dl1_df2048_expand2_dc4_fc3_ebtimeF_dtTrue_Exp_0>>>>>>>>>>>>>>>>>>>>>>>>>>
input decay: exp forgetting mu=0.998000 (equivalent window N*=499)
train 2336
input decay: exp forgetting mu=0.998000 (equivalent window N*=499)
val 665
input decay: exp forgetting mu=0.998000 (equivalent window N*=499)
test 1422
Epoch: 1 cost time: 25.11749815940857
Epoch: 1, Steps: 73 | Train Loss: 0.5446853 Vali Loss: 0.4616509 Test Loss: 0.2037647
Validation loss decreased (inf --> 0.461651).  Saving model ...
Updating learning rate to 0.0001
Epoch: 2 cost time: 24.958614826202393
Epoch: 2, Steps: 73 | Train Loss: 0.2034502 Vali Loss: 0.2731310 Test Loss: 0.1522837
Validation loss decreased (0.461651 --> 0.273131).  Saving model ...
Updating learning rate to 5e-05
Epoch: 3 cost time: 24.97419810295105
Epoch: 3, Steps: 73 | Train Loss: 0.1854872 Vali Loss: 0.3227856 Test Loss: 0.1761453
EarlyStopping counter: 1 out of 3
Updating learning rate to 2.5e-05
Epoch: 4 cost time: 20.050848722457886
Epoch: 4, Steps: 73 | Train Loss: 0.1739722 Vali Loss: 0.4418582 Test Loss: 0.2256561
EarlyStopping counter: 2 out of 3
Updating learning rate to 1.25e-05
Epoch: 5 cost time: 17.67057156562805
Epoch: 5, Steps: 73 | Train Loss: 0.1691863 Vali Loss: 0.3095427 Test Loss: 0.1673375
EarlyStopping counter: 3 out of 3
Early stopping
>>>>>>>testing : long_term_forecast_DEC_exchange_rate_PatchTSTGated_mu0p998_sl2880_s2021_PatchTSTGated_custom_ftM_sl2880_ll48_pl96_dm512_nh8_el2_dl1_df2048_expand2_dc4_fc3_ebtimeF_dtTrue_Exp_0<<<<<<<<<<<<<<<<<<<<<<<<<<<<<<<<<
input decay: exp forgetting mu=0.998000 (equivalent window N*=499)
test 1422
test shape: (1422, 96, 8) (1422, 96, 8)
test shape: (1422, 96, 8) (1422, 96, 8)
mse:0.1509922593832016, mae:0.28198736906051636, dtw:Not calculated
