Using GPU
Args in experiment:
[1mBasic Config[0m
  Task Name:          long_term_forecast  Is Training:        1                   
  Model ID:           DEC_exchange_rate_iTransformer_mu0p999_sl2880_s2022Model:              iTransformer        

[1mData Loader[0m
  Data:               custom              Root Path:          ./dataset/exchange_rate/
  Data Path:          exchange_rate.csv   Features:           M                   
  Target:             OT                  Freq:               h                   
  Checkpoints:        ./checkpoints/      

[1mForecasting Task[0m
  Seq Len:            2880                Label Len:          48                  
  Pred Len:           96                  Seasonal Patterns:  Monthly             
  Inverse:            0                   

[1mModel Parameters[0m
  Top k:              5                   Num Kernels:        6                   
  Enc In:             8                   Dec In:             8                   
  C Out:              8                   d model:            128                 
  n heads:            8                   e layers:           2                   
  d layers:           1                   d FF:               128                 
  Moving Avg:         25                  Factor:             3                   
  Distil:             1                   Dropout:            0.1                 
  Embed:              timeF               Activation:         gelu                

[1mRun Parameters[0m
  Num Workers:        2                   Itr:                1                   
  Train Epochs:       10                  Batch Size:         32                  
  Patience:           3                   Learning Rate:      0.0001              
  Des:                Exp                 Loss:               MSE                 
  Lradj:              type1               Use Amp:            0                   

[1mGPU[0m
  Use GPU:            1                   GPU:                0                   
  Use Multi GPU:      0                   Devices:            0,1,2,3             

[1mDe-stationary Projector Params[0m
  P Hidden Dims:      128, 128            P Hidden Layers:    2                   

Use GPU: cuda:0
🚀 Lazy Loading: iTransformer ...
>>>>>>>start training : long_term_forecast_DEC_exchange_rate_iTransformer_mu0p999_sl2880_s2022_iTransformer_custom_ftM_sl2880_ll48_pl96_dm128_nh8_el2_dl1_df128_expand2_dc4_fc3_ebtimeF_dtTrue_Exp_0>>>>>>>>>>>>>>>>>>>>>>>>>>
input decay: exp forgetting mu=0.999000 (equivalent window N*=999)
train 2336
input decay: exp forgetting mu=0.999000 (equivalent window N*=999)
val 665
input decay: exp forgetting mu=0.999000 (equivalent window N*=999)
test 1422
Epoch: 1 cost time: 1.49764084815979
Epoch: 1, Steps: 73 | Train Loss: 0.6174784 Vali Loss: 1.6887882 Test Loss: 0.5024135
Validation loss decreased (inf --> 1.688788).  Saving model ...
Updating learning rate to 0.0001
Epoch: 2 cost time: 1.0797638893127441
Epoch: 2, Steps: 73 | Train Loss: 0.3463444 Vali Loss: 0.8723385 Test Loss: 0.2368724
Validation loss decreased (1.688788 --> 0.872338).  Saving model ...
Updating learning rate to 5e-05
Epoch: 3 cost time: 1.0630793571472168
Epoch: 3, Steps: 73 | Train Loss: 0.2268396 Vali Loss: 0.6242920 Test Loss: 0.2215516
Validation loss decreased (0.872338 --> 0.624292).  Saving model ...
Updating learning rate to 2.5e-05
Epoch: 4 cost time: 1.0811645984649658
Epoch: 4, Steps: 73 | Train Loss: 0.1824880 Vali Loss: 0.5562687 Test Loss: 0.2058835
Validation loss decreased (0.624292 --> 0.556269).  Saving model ...
Updating learning rate to 1.25e-05
Epoch: 5 cost time: 1.0717926025390625
Epoch: 5, Steps: 73 | Train Loss: 0.1646662 Vali Loss: 0.5036627 Test Loss: 0.2155848
Validation loss decreased (0.556269 --> 0.503663).  Saving model ...
Updating learning rate to 6.25e-06
Epoch: 6 cost time: 0.9731922149658203
Epoch: 6, Steps: 73 | Train Loss: 0.1574006 Vali Loss: 0.4890420 Test Loss: 0.2266143
Validation loss decreased (0.503663 --> 0.489042).  Saving model ...
Updating learning rate to 3.125e-06
Epoch: 7 cost time: 1.0938317775726318
Epoch: 7, Steps: 73 | Train Loss: 0.1539380 Vali Loss: 0.4732712 Test Loss: 0.2443814
Validation loss decreased (0.489042 --> 0.473271).  Saving model ...
Updating learning rate to 1.5625e-06
Epoch: 8 cost time: 1.0397558212280273
Epoch: 8, Steps: 73 | Train Loss: 0.1519029 Vali Loss: 0.4706753 Test Loss: 0.2424367
Validation loss decreased (0.473271 --> 0.470675).  Saving model ...
Updating learning rate to 7.8125e-07
Epoch: 9 cost time: 1.123969316482544
Epoch: 9, Steps: 73 | Train Loss: 0.1511511 Vali Loss: 0.4685969 Test Loss: 0.2434581
Validation loss decreased (0.470675 --> 0.468597).  Saving model ...
Updating learning rate to 3.90625e-07
Epoch: 10 cost time: 1.1454188823699951
Epoch: 10, Steps: 73 | Train Loss: 0.1504139 Vali Loss: 0.4667599 Test Loss: 0.2415788
Validation loss decreased (0.468597 --> 0.466760).  Saving model ...
Updating learning rate to 1.953125e-07
>>>>>>>testing : long_term_forecast_DEC_exchange_rate_iTransformer_mu0p999_sl2880_s2022_iTransformer_custom_ftM_sl2880_ll48_pl96_dm128_nh8_el2_dl1_df128_expand2_dc4_fc3_ebtimeF_dtTrue_Exp_0<<<<<<<<<<<<<<<<<<<<<<<<<<<<<<<<<
input decay: exp forgetting mu=0.999000 (equivalent window N*=999)
test 1422
test shape: (1422, 96, 8) (1422, 96, 8)
test shape: (1422, 96, 8) (1422, 96, 8)
mse:0.24033181369304657, mae:0.3733789622783661, dtw:Not calculated
