[decay] 48 runs total, 48 to do
[decay] start DEC_electricity_iTransformer_mu0p995_sl2880_s2021 on GPU 0 lane 0 (pid 2410699)
[decay] start DEC_electricity_iTransformer_mu0p995_sl2880_s2022 on GPU 0 lane 1 (pid 2410700)
[decay] start DEC_electricity_iTransformer_mu0p998_sl2880_s2021 on GPU 1 lane 0 (pid 2410701)
[decay] start DEC_electricity_iTransformer_mu0p998_sl2880_s2022 on GPU 1 lane 1 (pid 2410702)
[decay] start DEC_electricity_iTransformer_mu0p999_sl2880_s2021 on GPU 2 lane 0 (pid 2410703)
[decay] start DEC_electricity_iTransformer_mu0p999_sl2880_s2022 on GPU 2 lane 1 (pid 2410704)
[decay] start DEC_electricity_iTransformer_mu0p9995_sl2880_s2021 on GPU 3 lane 0 (pid 2410705)
[decay] start DEC_electricity_iTransformer_mu0p9995_sl2880_s2022 on GPU 3 lane 1 (pid 2410706)
[decay] start DEC_electricity_iTransformer_auto_sl2880_s2021 on GPU 4 lane 0 (pid 2410707)
[decay] start DEC_electricity_iTransformer_auto_sl2880_s2022 on GPU 4 lane 1 (pid 2410708)
[decay] start DEC_weather_iTransformer_auto_sl2880_s2021 on GPU 5 lane 0 (pid 2410709)
[decay] start DEC_weather_iTransformer_auto_sl2880_s2022 on GPU 5 lane 1 (pid 2410710)
[decay] start DEC_ETTh1_iTransformer_mu0p995_sl2880_s2021 on GPU 6 lane 0 (pid 2410711)
[decay] start DEC_ETTh1_iTransformer_mu0p995_sl2880_s2022 on GPU 6 lane 1 (pid 2410712)
[decay] start DEC_ETTh1_iTransformer_mu0p998_sl2880_s2021 on GPU 7 lane 0 (pid 2410713)
[decay] start DEC_ETTh1_iTransformer_mu0p998_sl2880_s2022 on GPU 7 lane 1 (pid 2410714)
[decay] done DEC_ETTh1_iTransformer_mu0p998_sl2880_s2022 (GPU 7), metrics_written=True
[decay] start DEC_ETTh1_iTransformer_mu0p999_sl2880_s2021 on GPU 7 lane 1 (pid 2412519)
[decay] done DEC_ETTh1_iTransformer_mu0p998_sl2880_s2021 (GPU 7), metrics_written=True
[decay] start DEC_ETTh1_iTransformer_mu0p999_sl2880_s2022 on GPU 7 lane 0 (pid 2412738)
[decay] done DEC_ETTh1_iTransformer_mu0p995_sl2880_s2021 (GPU 6), metrics_written=True
[decay] done DEC_ETTh1_iTransformer_mu0p995_sl2880_s2022 (GPU 6), metrics_written=True
[decay] start DEC_ETTh1_iTransformer_mu0p9995_sl2880_s2021 on GPU 6 lane 0 (pid 2413286)
[decay] start DEC_ETTh1_iTransformer_mu0p9995_sl2880_s2022 on GPU 6 lane 1 (pid 2413289)
[decay] done DEC_ETTh1_iTransformer_mu0p999_sl2880_s2021 (GPU 7), metrics_written=True
[decay] start DEC_ETTh1_iTransformer_auto_sl2880_s2021 on GPU 7 lane 1 (pid 2413738)
[decay] done DEC_ETTh1_iTransformer_mu0p999_sl2880_s2022 (GPU 7), metrics_written=True
[decay] start DEC_ETTh1_iTransformer_auto_sl2880_s2022 on GPU 7 lane 0 (pid 2414837)
[decay] done DEC_ETTh1_iTransformer_mu0p9995_sl2880_s2022 (GPU 6), metrics_written=True
[decay] start DEC_exchange_rate_iTransformer_mu0p995_sl2880_s2021 on GPU 6 lane 1 (pid 2415064)
[decay] done DEC_ETTh1_iTransformer_mu0p9995_sl2880_s2021 (GPU 6), metrics_written=True
[decay] start DEC_exchange_rate_iTransformer_mu0p995_sl2880_s2022 on GPU 6 lane 0 (pid 2415816)
[decay] done DEC_weather_iTransformer_auto_sl2880_s2021 (GPU 5), metrics_written=True
[decay] done DEC_exchange_rate_iTransformer_mu0p995_sl2880_s2021 (GPU 6), metrics_written=True
[decay] start DEC_exchange_rate_iTransformer_mu0p998_sl2880_s2021 on GPU 5 lane 0 (pid 2416089)
[decay] start DEC_exchange_rate_iTransformer_mu0p998_sl2880_s2022 on GPU 6 lane 1 (pid 2416090)
[decay] done DEC_ETTh1_iTransformer_auto_sl2880_s2021 (GPU 7), metrics_written=True
[decay] start DEC_exchange_rate_iTransformer_mu0p999_sl2880_s2021 on GPU 7 lane 1 (pid 2416547)
[decay] done DEC_ETTh1_iTransformer_auto_sl2880_s2022 (GPU 7), metrics_written=True
[decay] start DEC_exchange_rate_iTransformer_mu0p999_sl2880_s2022 on GPU 7 lane 0 (pid 2417654)
[decay] done DEC_exchange_rate_iTransformer_mu0p995_sl2880_s2022 (GPU 6), metrics_written=True
[decay] start DEC_exchange_rate_iTransformer_mu0p9995_sl2880_s2021 on GPU 6 lane 0 (pid 2418209)
[decay] done DEC_weather_iTransformer_auto_sl2880_s2022 (GPU 5), metrics_written=True
[decay] done DEC_exchange_rate_iTransformer_mu0p998_sl2880_s2021 (GPU 5), metrics_written=True
[decay] done DEC_exchange_rate_iTransformer_mu0p998_sl2880_s2022 (GPU 6), metrics_written=True
[decay] start DEC_exchange_rate_iTransformer_mu0p9995_sl2880_s2022 on GPU 5 lane 1 (pid 2418582)
[decay] start DEC_exchange_rate_iTransformer_auto_sl2880_s2021 on GPU 5 lane 0 (pid 2418583)
[decay] start DEC_exchange_rate_iTransformer_auto_sl2880_s2022 on GPU 6 lane 1 (pid 2418584)
[decay] done DEC_exchange_rate_iTransformer_mu0p999_sl2880_s2021 (GPU 7), metrics_written=True
[decay] done DEC_exchange_rate_iTransformer_mu0p999_sl2880_s2022 (GPU 7), metrics_written=True
[decay] start DEC_exchange_rate_iTransformer_none_sl2880_s2021 on GPU 7 lane 1 (pid 2418991)
[decay] start DEC_exchange_rate_iTransformer_none_sl2880_s2022 on GPU 7 lane 0 (pid 2418992)
[decay] done DEC_exchange_rate_iTransformer_mu0p9995_sl2880_s2021 (GPU 6), metrics_written=True
[decay] start DEC_exchange_rate_PatchTSTGated_mu0p995_sl2880_s2021 on GPU 6 lane 0 (pid 2419566)
[decay] done DEC_exchange_rate_iTransformer_mu0p9995_sl2880_s2022 (GPU 5), metrics_written=True
[decay] done DEC_exchange_rate_iTransformer_auto_sl2880_s2022 (GPU 6), metrics_written=True
[decay] start DEC_exchange_rate_PatchTSTGated_mu0p995_sl2880_s2022 on GPU 5 lane 1 (pid 2420172)
[decay] start DEC_exchange_rate_PatchTSTGated_mu0p998_sl2880_s2021 on GPU 6 lane 1 (pid 2420173)
[decay] done DEC_exchange_rate_iTransformer_auto_sl2880_s2021 (GPU 5), metrics_written=True
[decay] done DEC_exchange_rate_iTransformer_none_sl2880_s2022 (GPU 7), metrics_written=True
[decay] start DEC_exchange_rate_PatchTSTGated_mu0p998_sl2880_s2022 on GPU 5 lane 0 (pid 2421285)
[decay] start DEC_exchange_rate_PatchTSTGated_mu0p999_sl2880_s2021 on GPU 7 lane 0 (pid 2421286)
[decay] done DEC_exchange_rate_iTransformer_none_sl2880_s2021 (GPU 7), metrics_written=True
[decay] start DEC_exchange_rate_PatchTSTGated_mu0p999_sl2880_s2022 on GPU 7 lane 1 (pid 2421525)
[decay] done DEC_exchange_rate_PatchTSTGated_mu0p995_sl2880_s2021 (GPU 6), metrics_written=True
[decay] start DEC_exchange_rate_PatchTSTGated_mu0p9995_sl2880_s2021 on GPU 6 lane 0 (pid 2424497)
[decay] done DEC_exchange_rate_PatchTSTGated_mu0p999_sl2880_s2021 (GPU 7), metrics_written=True
[decay] start DEC_exchange_rate_PatchTSTGated_mu0p9995_sl2880_s2022 on GPU 7 lane 0 (pid 2424988)
[decay] done DEC_exchange_rate_PatchTSTGated_mu0p995_sl2880_s2022 (GPU 5), metrics_written=True
[decay] done DEC_exchange_rate_PatchTSTGated_mu0p998_sl2880_s2021 (GPU 6), metrics_written=True
[decay] start DEC_exchange_rate_PatchTSTGated_auto_sl2880_s2021 on GPU 5 lane 1 (pid 2425401)
[decay] start DEC_exchange_rate_PatchTSTGated_auto_sl2880_s2022 on GPU 6 lane 1 (pid 2425402)
[decay] done DEC_exchange_rate_PatchTSTGated_mu0p998_sl2880_s2022 (GPU 5), metrics_written=True
[decay] start DEC_exchange_rate_PatchTSTGated_none_sl2880_s2021 on GPU 5 lane 0 (pid 2425756)
[decay] done DEC_exchange_rate_PatchTSTGated_mu0p999_sl2880_s2022 (GPU 7), metrics_written=True
[decay] start DEC_exchange_rate_PatchTSTGated_none_sl2880_s2022 on GPU 7 lane 1 (pid 2426302)
[decay] done DEC_exchange_rate_PatchTSTGated_mu0p9995_sl2880_s2022 (GPU 7), metrics_written=True
[decay] start DEC_exchange_rate_PatchTSTGated_zero96_sl2880_s2021 on GPU 7 lane 0 (pid 2429371)
[decay] done DEC_exchange_rate_PatchTSTGated_mu0p9995_sl2880_s2021 (GPU 6), metrics_written=True
[decay] start DEC_exchange_rate_PatchTSTGated_zero96_sl2880_s2022 on GPU 6 lane 0 (pid 2429587)
[decay] done DEC_exchange_rate_PatchTSTGated_auto_sl2880_s2021 (GPU 5), metrics_written=True
[decay] done DEC_exchange_rate_PatchTSTGated_auto_sl2880_s2022 (GPU 6), metrics_written=True
[decay] done DEC_exchange_rate_PatchTSTGated_none_sl2880_s2021 (GPU 5), metrics_written=True
[decay] done DEC_exchange_rate_PatchTSTGated_zero96_sl2880_s2022 (GPU 6), metrics_written=True
[decay] done DEC_exchange_rate_PatchTSTGated_none_sl2880_s2022 (GPU 7), metrics_written=True
[decay] done DEC_exchange_rate_PatchTSTGated_zero96_sl2880_s2021 (GPU 7), metrics_written=True
[decay] done DEC_electricity_iTransformer_mu0p999_sl2880_s2021 (GPU 2), metrics_written=True
[decay] done DEC_electricity_iTransformer_mu0p9995_sl2880_s2022 (GPU 3), metrics_written=True
[decay] done DEC_electricity_iTransformer_auto_sl2880_s2022 (GPU 4), metrics_written=True
[decay] done DEC_electricity_iTransformer_mu0p999_sl2880_s2022 (GPU 2), metrics_written=True
[decay] done DEC_electricity_iTransformer_mu0p9995_sl2880_s2021 (GPU 3), metrics_written=True
[decay] done DEC_electricity_iTransformer_mu0p995_sl2880_s2021 (GPU 0), metrics_written=True
[decay] done DEC_electricity_iTransformer_auto_sl2880_s2021 (GPU 4), metrics_written=True
[decay] done DEC_electricity_iTransformer_mu0p995_sl2880_s2022 (GPU 0), metrics_written=True
[decay] done DEC_electricity_iTransformer_mu0p998_sl2880_s2021 (GPU 1), metrics_written=True
[decay] done DEC_electricity_iTransformer_mu0p998_sl2880_s2022 (GPU 1), metrics_written=True
[decay] all runs finished
