Using GPU
Args in experiment:
[1mBasic Config[0m
  Task Name:          long_term_forecast  Is Training:        1                   
  Model ID:           LBv2_electricity_PatchTST_1440_s2021Model:              PatchTST            

[1mData Loader[0m
  Data:               custom              Root Path:          ./dataset/electricity/
  Data Path:          electricity.csv     Features:           M                   
  Target:             OT                  Freq:               h                   
  Checkpoints:        ./checkpoints/      

[1mForecasting Task[0m
  Seq Len:            1440                Label Len:          48                  
  Pred Len:           96                  Seasonal Patterns:  Monthly             
  Inverse:            0                   

[1mModel Parameters[0m
  Top k:              5                   Num Kernels:        6                   
  Enc In:             321                 Dec In:             321                 
  C Out:              321                 d model:            512                 
  n heads:            8                   e layers:           2                   
  d layers:           1                   d FF:               2048                
  Moving Avg:         25                  Factor:             3                   
  Distil:             1                   Dropout:            0.1                 
  Embed:              timeF               Activation:         gelu                

[1mRun Parameters[0m
  Num Workers:        10                  Itr:                1                   
  Train Epochs:       10                  Batch Size:         8                   
  Patience:           3                   Learning Rate:      0.0001              
  Des:                Exp                 Loss:               MSE                 
  Lradj:              type1               Use Amp:            0                   

[1mGPU[0m
  Use GPU:            1                   GPU:                0                   
  Use Multi GPU:      0                   Devices:            0,1,2,3             

[1mDe-stationary Projector Params[0m
  P Hidden Dims:      128, 128            P Hidden Layers:    2                   

Use GPU: cuda:0
🚀 Lazy Loading: PatchTST ...
>>>>>>>start training : long_term_forecast_LBv2_electricity_PatchTST_1440_s2021_PatchTST_custom_ftM_sl1440_ll48_pl96_dm512_nh8_el2_dl1_df2048_expand2_dc4_fc3_ebtimeF_dtTrue_Exp_0>>>>>>>>>>>>>>>>>>>>>>>>>>
train window subsample: keep 15437/16877 windows (max_train_windows=15437)
train 15437
val 2537
test 5165
	iters: 100, epoch: 1 | loss: 0.3377677
	speed: 0.9031s/iter; left time: 17340.5139s
	iters: 200, epoch: 1 | loss: 0.3988834
	speed: 0.8817s/iter; left time: 16842.1696s
	iters: 300, epoch: 1 | loss: 0.3046008
	speed: 0.8818s/iter; left time: 16754.7067s
	iters: 400, epoch: 1 | loss: 0.3288918
	speed: 0.8817s/iter; left time: 16664.8933s
	iters: 500, epoch: 1 | loss: 0.3123584
	speed: 0.8812s/iter; left time: 16567.4161s
	iters: 600, epoch: 1 | loss: 0.2827942
	speed: 0.8815s/iter; left time: 16484.0577s
	iters: 700, epoch: 1 | loss: 0.2672571
	speed: 0.8815s/iter; left time: 16397.6953s
	iters: 800, epoch: 1 | loss: 0.2890173
	speed: 0.8816s/iter; left time: 16310.7060s
	iters: 900, epoch: 1 | loss: 0.2535104
	speed: 0.8819s/iter; left time: 16227.9891s
	iters: 1000, epoch: 1 | loss: 0.2533237
	speed: 0.8818s/iter; left time: 16137.5298s
	iters: 1100, epoch: 1 | loss: 0.3029865
	speed: 0.8817s/iter; left time: 16047.7082s
	iters: 1200, epoch: 1 | loss: 0.3236476
	speed: 0.8815s/iter; left time: 15955.5450s
	iters: 1300, epoch: 1 | loss: 0.2842250
	speed: 0.8811s/iter; left time: 15861.0030s
	iters: 1400, epoch: 1 | loss: 0.2731539
	speed: 0.8815s/iter; left time: 15779.4488s
	iters: 1500, epoch: 1 | loss: 0.2511273
	speed: 0.8818s/iter; left time: 15696.6277s
	iters: 1600, epoch: 1 | loss: 0.2403294
	speed: 0.8817s/iter; left time: 15606.9175s
	iters: 1700, epoch: 1 | loss: 0.2354099
	speed: 0.8818s/iter; left time: 15521.0186s
	iters: 1800, epoch: 1 | loss: 0.2310570
	speed: 0.8819s/iter; left time: 15434.8631s
	iters: 1900, epoch: 1 | loss: 0.2077911
	speed: 0.8819s/iter; left time: 15345.1606s
Epoch: 1 cost time: 1702.2250156402588
Epoch: 1, Steps: 1930 | Train Loss: 0.3159543 Vali Loss: 0.1540469 Test Loss: 0.1800031
Validation loss decreased (inf --> 0.154047).  Saving model ...
Updating learning rate to 0.0001
	iters: 100, epoch: 2 | loss: 0.3386559
	speed: 3.9986s/iter; left time: 69060.3652s
	iters: 200, epoch: 2 | loss: 0.2255665
	speed: 0.8831s/iter; left time: 15164.2799s
	iters: 300, epoch: 2 | loss: 0.2460918
	speed: 0.8835s/iter; left time: 15081.4683s
	iters: 400, epoch: 2 | loss: 0.2316172
	speed: 0.8832s/iter; left time: 14989.3848s
	iters: 500, epoch: 2 | loss: 0.2530583
	speed: 0.8832s/iter; left time: 14900.6887s
	iters: 600, epoch: 2 | loss: 0.2282499
	speed: 0.8830s/iter; left time: 14808.3009s
	iters: 700, epoch: 2 | loss: 0.2471293
	speed: 0.8832s/iter; left time: 14723.1425s
	iters: 800, epoch: 2 | loss: 0.2918345
	speed: 0.8830s/iter; left time: 14632.5223s
	iters: 900, epoch: 2 | loss: 0.2460883
	speed: 0.8831s/iter; left time: 14545.5046s
	iters: 1000, epoch: 2 | loss: 0.2292991
	speed: 0.8830s/iter; left time: 14455.8808s
	iters: 1100, epoch: 2 | loss: 0.2876644
	speed: 0.8830s/iter; left time: 14367.1959s
	iters: 1200, epoch: 2 | loss: 0.2958590
	speed: 0.8832s/iter; left time: 14281.4254s
	iters: 1300, epoch: 2 | loss: 0.2789212
	speed: 0.8829s/iter; left time: 14188.3432s
	iters: 1400, epoch: 2 | loss: 0.2237761
	speed: 0.8830s/iter; left time: 14101.7166s
	iters: 1500, epoch: 2 | loss: 0.3043776
	speed: 0.8831s/iter; left time: 14015.0832s
	iters: 1600, epoch: 2 | loss: 0.1774811
	speed: 0.8827s/iter; left time: 13921.5413s
	iters: 1700, epoch: 2 | loss: 0.2048153
	speed: 0.8831s/iter; left time: 13839.4956s
	iters: 1800, epoch: 2 | loss: 0.2215565
	speed: 0.8830s/iter; left time: 13749.7483s
	iters: 1900, epoch: 2 | loss: 0.1925127
	speed: 0.8832s/iter; left time: 13663.2543s
Epoch: 2 cost time: 1703.870506286621
Epoch: 2, Steps: 1930 | Train Loss: 0.2485143 Vali Loss: 0.1170325 Test Loss: 0.1368542
Validation loss decreased (0.154047 --> 0.117032).  Saving model ...
Updating learning rate to 5e-05
