Using GPU
Args in experiment:
[1mBasic Config[0m
  Task Name:          long_term_forecast  Is Training:        1                   
  Model ID:           LBv2_electricity_TimesNet_1440_s2021Model:              TimesNet            

[1mData Loader[0m
  Data:               custom              Root Path:          ./dataset/electricity/
  Data Path:          electricity.csv     Features:           M                   
  Target:             OT                  Freq:               h                   
  Checkpoints:        ./checkpoints/      

[1mForecasting Task[0m
  Seq Len:            1440                Label Len:          48                  
  Pred Len:           96                  Seasonal Patterns:  Monthly             
  Inverse:            0                   

[1mModel Parameters[0m
  Top k:              5                   Num Kernels:        6                   
  Enc In:             321                 Dec In:             321                 
  C Out:              321                 d model:            256                 
  n heads:            8                   e layers:           2                   
  d layers:           1                   d FF:               512                 
  Moving Avg:         25                  Factor:             3                   
  Distil:             1                   Dropout:            0.1                 
  Embed:              timeF               Activation:         gelu                

[1mRun Parameters[0m
  Num Workers:        10                  Itr:                1                   
  Train Epochs:       10                  Batch Size:         32                  
  Patience:           3                   Learning Rate:      0.0001              
  Des:                Exp                 Loss:               MSE                 
  Lradj:              type1               Use Amp:            0                   

[1mGPU[0m
  Use GPU:            1                   GPU:                0                   
  Use Multi GPU:      0                   Devices:            0,1,2,3             

[1mDe-stationary Projector Params[0m
  P Hidden Dims:      128, 128            P Hidden Layers:    2                   

Use GPU: cuda:0
🚀 Lazy Loading: TimesNet ...
>>>>>>>start training : long_term_forecast_LBv2_electricity_TimesNet_1440_s2021_TimesNet_custom_ftM_sl1440_ll48_pl96_dm256_nh8_el2_dl1_df512_expand2_dc4_fc3_ebtimeF_dtTrue_Exp_0>>>>>>>>>>>>>>>>>>>>>>>>>>
train window subsample: keep 15437/16877 windows (max_train_windows=15437)
train 15437
val 2537
test 5165
	iters: 100, epoch: 1 | loss: 0.2618518
	speed: 2.0790s/iter; left time: 9835.9806s
	iters: 200, epoch: 1 | loss: 0.2109333
	speed: 2.0640s/iter; left time: 9558.1651s
	iters: 300, epoch: 1 | loss: 0.1614184
	speed: 2.0665s/iter; left time: 9363.1365s
	iters: 400, epoch: 1 | loss: 0.1362757
	speed: 2.0679s/iter; left time: 9163.0515s
Epoch: 1 cost time: 997.7325406074524
Epoch: 1, Steps: 483 | Train Loss: 0.2181364 Vali Loss: 0.1676220 Test Loss: 0.1967132
Validation loss decreased (inf --> 0.167622).  Saving model ...
Updating learning rate to 0.0001
	iters: 100, epoch: 2 | loss: 0.1053903
	speed: 5.7016s/iter; left time: 24220.4219s
	iters: 200, epoch: 2 | loss: 0.0912428
	speed: 2.0691s/iter; left time: 8582.8267s
	iters: 300, epoch: 2 | loss: 0.0849953
	speed: 2.0694s/iter; left time: 8377.0748s
	iters: 400, epoch: 2 | loss: 0.0784470
	speed: 2.0695s/iter; left time: 8170.4853s
Epoch: 2 cost time: 998.3099818229675
Epoch: 2, Steps: 483 | Train Loss: 0.0908049 Vali Loss: 0.1872575 Test Loss: 0.2108949
EarlyStopping counter: 1 out of 3
Updating learning rate to 5e-05
	iters: 100, epoch: 3 | loss: 0.0696668
	speed: 5.6992s/iter; left time: 21457.4093s
	iters: 200, epoch: 3 | loss: 0.0708291
	speed: 2.0668s/iter; left time: 7574.7000s
	iters: 300, epoch: 3 | loss: 0.0632719
	speed: 2.0655s/iter; left time: 7363.6796s
	iters: 400, epoch: 3 | loss: 0.0608992
	speed: 2.0647s/iter; left time: 7154.2488s
Epoch: 3 cost time: 996.5688526630402
Epoch: 3, Steps: 483 | Train Loss: 0.0674377 Vali Loss: 0.1958681 Test Loss: 0.2214936
EarlyStopping counter: 2 out of 3
Updating learning rate to 2.5e-05
	iters: 100, epoch: 4 | loss: 0.0608382
	speed: 5.6887s/iter; left time: 18670.4358s
	iters: 200, epoch: 4 | loss: 0.0582217
	speed: 2.0648s/iter; left time: 6570.0527s
	iters: 300, epoch: 4 | loss: 0.0607748
	speed: 2.0643s/iter; left time: 6362.0222s
	iters: 400, epoch: 4 | loss: 0.0564061
	speed: 2.0644s/iter; left time: 6156.1651s
Epoch: 4 cost time: 996.0843284130096
Epoch: 4, Steps: 483 | Train Loss: 0.0591920 Vali Loss: 0.1986743 Test Loss: 0.2263100
EarlyStopping counter: 3 out of 3
Early stopping
>>>>>>>testing : long_term_forecast_LBv2_electricity_TimesNet_1440_s2021_TimesNet_custom_ftM_sl1440_ll48_pl96_dm256_nh8_el2_dl1_df512_expand2_dc4_fc3_ebtimeF_dtTrue_Exp_0<<<<<<<<<<<<<<<<<<<<<<<<<<<<<<<<<
test 5165
test shape: (5165, 96, 321) (5165, 96, 321)
test shape: (5165, 96, 321) (5165, 96, 321)
mse:0.1965278536081314, mae:0.30376550555229187, dtw:Not calculated
