Using GPU
Args in experiment:
[1mBasic Config[0m
  Task Name:          long_term_forecast  Is Training:        1                   
  Model ID:           LBv2_electricity_DLinear_2880_s2021Model:              DLinear             

[1mData Loader[0m
  Data:               custom              Root Path:          ./dataset/electricity/
  Data Path:          electricity.csv     Features:           M                   
  Target:             OT                  Freq:               h                   
  Checkpoints:        ./checkpoints/      

[1mForecasting Task[0m
  Seq Len:            2880                Label Len:          48                  
  Pred Len:           96                  Seasonal Patterns:  Monthly             
  Inverse:            0                   

[1mModel Parameters[0m
  Top k:              5                   Num Kernels:        6                   
  Enc In:             321                 Dec In:             321                 
  C Out:              321                 d model:            512                 
  n heads:            8                   e layers:           3                   
  d layers:           1                   d FF:               512                 
  Moving Avg:         25                  Factor:             3                   
  Distil:             1                   Dropout:            0.1                 
  Embed:              timeF               Activation:         gelu                

[1mRun Parameters[0m
  Num Workers:        2                   Itr:                1                   
  Train Epochs:       10                  Batch Size:         16                  
  Patience:           3                   Learning Rate:      0.0005              
  Des:                Exp                 Loss:               MSE                 
  Lradj:              type1               Use Amp:            0                   

[1mGPU[0m
  Use GPU:            1                   GPU:                0                   
  Use Multi GPU:      0                   Devices:            0,1,2,3             

[1mDe-stationary Projector Params[0m
  P Hidden Dims:      128, 128            P Hidden Layers:    2                   

Use GPU: cuda:0
🚀 Lazy Loading: DLinear ...
>>>>>>>start training : long_term_forecast_LBv2_electricity_DLinear_2880_s2021_DLinear_custom_ftM_sl2880_ll48_pl96_dm512_nh8_el3_dl1_df512_expand2_dc4_fc3_ebtimeF_dtTrue_Exp_0>>>>>>>>>>>>>>>>>>>>>>>>>>
train 15437
val 2537
test 5165
	iters: 100, epoch: 1 | loss: 0.2093790
	speed: 0.0861s/iter; left time: 822.1538s
	iters: 200, epoch: 1 | loss: 0.1550496
	speed: 0.0672s/iter; left time: 635.4273s
	iters: 300, epoch: 1 | loss: 0.1353715
	speed: 0.0674s/iter; left time: 630.6829s
	iters: 400, epoch: 1 | loss: 0.1319295
	speed: 0.0678s/iter; left time: 627.2202s
	iters: 500, epoch: 1 | loss: 0.1647559
	speed: 0.0694s/iter; left time: 635.0239s
	iters: 600, epoch: 1 | loss: 0.1250392
	speed: 0.0692s/iter; left time: 626.0509s
	iters: 700, epoch: 1 | loss: 0.1482906
	speed: 0.0692s/iter; left time: 619.8345s
	iters: 800, epoch: 1 | loss: 0.1284164
	speed: 0.0700s/iter; left time: 619.2876s
	iters: 900, epoch: 1 | loss: 0.1473518
	speed: 0.0693s/iter; left time: 606.4665s
Epoch: 1 cost time: 66.87964105606079
Epoch: 1, Steps: 965 | Train Loss: 0.1547551 Vali Loss: 0.1206145 Test Loss: 0.1401625
Validation loss decreased (inf --> 0.120615).  Saving model ...
Updating learning rate to 0.0005
	iters: 100, epoch: 2 | loss: 0.1113451
	speed: 0.4812s/iter; left time: 4131.4484s
	iters: 200, epoch: 2 | loss: 0.1366313
	speed: 0.0695s/iter; left time: 589.5852s
	iters: 300, epoch: 2 | loss: 0.1298084
	speed: 0.0692s/iter; left time: 580.7235s
	iters: 400, epoch: 2 | loss: 0.1389897
	speed: 0.0686s/iter; left time: 568.7431s
	iters: 500, epoch: 2 | loss: 0.1170063
	speed: 0.0680s/iter; left time: 556.6972s
	iters: 600, epoch: 2 | loss: 0.1436497
	speed: 0.0678s/iter; left time: 548.1636s
	iters: 700, epoch: 2 | loss: 0.1263224
	speed: 0.0673s/iter; left time: 537.3061s
	iters: 800, epoch: 2 | loss: 0.1840124
	speed: 0.0681s/iter; left time: 537.1373s
	iters: 900, epoch: 2 | loss: 0.1298901
	speed: 0.0684s/iter; left time: 532.6244s
Epoch: 2 cost time: 66.29365229606628
Epoch: 2, Steps: 965 | Train Loss: 0.1436547 Vali Loss: 0.1216167 Test Loss: 0.1406737
EarlyStopping counter: 1 out of 3
Updating learning rate to 0.00025
	iters: 100, epoch: 3 | loss: 0.1333947
	speed: 0.4262s/iter; left time: 3248.0360s
	iters: 200, epoch: 3 | loss: 0.1441050
	speed: 0.0618s/iter; left time: 464.9704s
	iters: 300, epoch: 3 | loss: 0.1138111
	speed: 0.0604s/iter; left time: 448.5531s
	iters: 400, epoch: 3 | loss: 0.1626634
	speed: 0.0600s/iter; left time: 439.2670s
	iters: 500, epoch: 3 | loss: 0.1175204
	speed: 0.0582s/iter; left time: 420.1954s
	iters: 600, epoch: 3 | loss: 0.1184291
	speed: 0.0585s/iter; left time: 416.4907s
	iters: 700, epoch: 3 | loss: 0.1083412
	speed: 0.0589s/iter; left time: 413.7853s
	iters: 800, epoch: 3 | loss: 0.1135667
	speed: 0.0589s/iter; left time: 407.3174s
	iters: 900, epoch: 3 | loss: 0.1955426
	speed: 0.0583s/iter; left time: 397.7150s
Epoch: 3 cost time: 57.89837598800659
Epoch: 3, Steps: 965 | Train Loss: 0.1333102 Vali Loss: 0.1208217 Test Loss: 0.1401782
EarlyStopping counter: 2 out of 3
Updating learning rate to 0.000125
	iters: 100, epoch: 4 | loss: 0.1641152
	speed: 0.4335s/iter; left time: 2885.1740s
	iters: 200, epoch: 4 | loss: 0.1423425
	speed: 0.0556s/iter; left time: 364.5262s
	iters: 300, epoch: 4 | loss: 0.1075174
	speed: 0.0543s/iter; left time: 350.3450s
	iters: 400, epoch: 4 | loss: 0.1213654
	speed: 0.0544s/iter; left time: 345.7403s
	iters: 500, epoch: 4 | loss: 0.1515379
	speed: 0.0547s/iter; left time: 341.9009s
	iters: 600, epoch: 4 | loss: 0.1772431
	speed: 0.0555s/iter; left time: 341.4601s
	iters: 700, epoch: 4 | loss: 0.1092380
	speed: 0.0542s/iter; left time: 327.9772s
	iters: 800, epoch: 4 | loss: 0.1191149
	speed: 0.0542s/iter; left time: 323.1066s
	iters: 900, epoch: 4 | loss: 0.1513404
	speed: 0.0550s/iter; left time: 322.2926s
Epoch: 4 cost time: 53.35404443740845
Epoch: 4, Steps: 965 | Train Loss: 0.1303136 Vali Loss: 0.1138250 Test Loss: 0.1332565
Validation loss decreased (0.120615 --> 0.113825).  Saving model ...
Updating learning rate to 6.25e-05
	iters: 100, epoch: 5 | loss: 0.1599573
	speed: 0.4358s/iter; left time: 2480.1561s
	iters: 200, epoch: 5 | loss: 0.1896625
	speed: 0.0606s/iter; left time: 338.7100s
	iters: 300, epoch: 5 | loss: 0.1241959
	speed: 0.0587s/iter; left time: 322.4007s
	iters: 400, epoch: 5 | loss: 0.1239834
	speed: 0.0590s/iter; left time: 318.1501s
	iters: 500, epoch: 5 | loss: 0.1345929
	speed: 0.0588s/iter; left time: 310.9853s
	iters: 600, epoch: 5 | loss: 0.1077854
	speed: 0.0587s/iter; left time: 304.8519s
	iters: 700, epoch: 5 | loss: 0.1237379
	speed: 0.0580s/iter; left time: 295.2058s
	iters: 800, epoch: 5 | loss: 0.1480564
	speed: 0.0583s/iter; left time: 290.9326s
	iters: 900, epoch: 5 | loss: 0.1166731
	speed: 0.0585s/iter; left time: 286.0815s
Epoch: 5 cost time: 57.17780947685242
Epoch: 5, Steps: 965 | Train Loss: 0.1281025 Vali Loss: 0.1113452 Test Loss: 0.1312982
Validation loss decreased (0.113825 --> 0.111345).  Saving model ...
Updating learning rate to 3.125e-05
	iters: 100, epoch: 6 | loss: 0.1443661
	speed: 0.4208s/iter; left time: 1988.5275s
	iters: 200, epoch: 6 | loss: 0.1043844
	speed: 0.0552s/iter; left time: 255.3154s
	iters: 300, epoch: 6 | loss: 0.1197515
	speed: 0.0561s/iter; left time: 253.9353s
	iters: 400, epoch: 6 | loss: 0.1088469
	speed: 0.0564s/iter; left time: 249.7764s
	iters: 500, epoch: 6 | loss: 0.1089878
	speed: 0.0574s/iter; left time: 248.3522s
	iters: 600, epoch: 6 | loss: 0.1105833
	speed: 0.0561s/iter; left time: 237.0088s
	iters: 700, epoch: 6 | loss: 0.1232339
	speed: 0.0590s/iter; left time: 243.5265s
	iters: 800, epoch: 6 | loss: 0.1165864
	speed: 0.0589s/iter; left time: 237.2817s
	iters: 900, epoch: 6 | loss: 0.1347283
	speed: 0.0573s/iter; left time: 225.0568s
Epoch: 6 cost time: 55.36318325996399
Epoch: 6, Steps: 965 | Train Loss: 0.1271444 Vali Loss: 0.1108726 Test Loss: 0.1306210
Validation loss decreased (0.111345 --> 0.110873).  Saving model ...
Updating learning rate to 1.5625e-05
	iters: 100, epoch: 7 | loss: 0.1182605
	speed: 0.4308s/iter; left time: 1620.3464s
	iters: 200, epoch: 7 | loss: 0.1238703
	speed: 0.0602s/iter; left time: 220.2523s
	iters: 300, epoch: 7 | loss: 0.1221465
	speed: 0.0595s/iter; left time: 212.0541s
	iters: 400, epoch: 7 | loss: 0.1120702
	speed: 0.0587s/iter; left time: 203.1789s
	iters: 500, epoch: 7 | loss: 0.1144238
	speed: 0.0603s/iter; left time: 202.5418s
	iters: 600, epoch: 7 | loss: 0.1297219
	speed: 0.0588s/iter; left time: 191.6336s
	iters: 700, epoch: 7 | loss: 0.1378590
	speed: 0.0589s/iter; left time: 186.2906s
	iters: 800, epoch: 7 | loss: 0.1584114
	speed: 0.0577s/iter; left time: 176.5034s
	iters: 900, epoch: 7 | loss: 0.1173977
	speed: 0.0590s/iter; left time: 174.6547s
Epoch: 7 cost time: 57.225921630859375
Epoch: 7, Steps: 965 | Train Loss: 0.1265218 Vali Loss: 0.1101639 Test Loss: 0.1295440
Validation loss decreased (0.110873 --> 0.110164).  Saving model ...
Updating learning rate to 7.8125e-06
	iters: 100, epoch: 8 | loss: 0.1057981
	speed: 0.4271s/iter; left time: 1194.0508s
	iters: 200, epoch: 8 | loss: 0.1044875
	speed: 0.0578s/iter; left time: 155.7169s
	iters: 300, epoch: 8 | loss: 0.1282188
	speed: 0.0592s/iter; left time: 153.8014s
	iters: 400, epoch: 8 | loss: 0.1283784
	speed: 0.0606s/iter; left time: 151.3178s
	iters: 500, epoch: 8 | loss: 0.1102752
	speed: 0.0603s/iter; left time: 144.4575s
	iters: 600, epoch: 8 | loss: 0.1095183
	speed: 0.0588s/iter; left time: 134.9751s
	iters: 700, epoch: 8 | loss: 0.0921364
	speed: 0.0590s/iter; left time: 129.6044s
	iters: 800, epoch: 8 | loss: 0.1030954
	speed: 0.0601s/iter; left time: 126.0380s
	iters: 900, epoch: 8 | loss: 0.1219307
	speed: 0.0588s/iter; left time: 117.3219s
Epoch: 8 cost time: 57.32188892364502
Epoch: 8, Steps: 965 | Train Loss: 0.1261570 Vali Loss: 0.1096611 Test Loss: 0.1293347
Validation loss decreased (0.110164 --> 0.109661).  Saving model ...
Updating learning rate to 3.90625e-06
	iters: 100, epoch: 9 | loss: 0.1161066
	speed: 0.4492s/iter; left time: 822.4874s
	iters: 200, epoch: 9 | loss: 0.1525465
	speed: 0.0593s/iter; left time: 102.5711s
	iters: 300, epoch: 9 | loss: 0.1170126
	speed: 0.0600s/iter; left time: 97.8818s
	iters: 400, epoch: 9 | loss: 0.1045060
	speed: 0.0593s/iter; left time: 90.8555s
	iters: 500, epoch: 9 | loss: 0.1036762
	speed: 0.0579s/iter; left time: 82.8249s
	iters: 600, epoch: 9 | loss: 0.1479995
	speed: 0.0584s/iter; left time: 77.7817s
	iters: 700, epoch: 9 | loss: 0.1407728
	speed: 0.0560s/iter; left time: 68.9853s
	iters: 800, epoch: 9 | loss: 0.1105804
	speed: 0.0559s/iter; left time: 63.2511s
	iters: 900, epoch: 9 | loss: 0.1389079
	speed: 0.0550s/iter; left time: 56.7537s
Epoch: 9 cost time: 56.21184682846069
Epoch: 9, Steps: 965 | Train Loss: 0.1259936 Vali Loss: 0.1096309 Test Loss: 0.1292229
Validation loss decreased (0.109661 --> 0.109631).  Saving model ...
Updating learning rate to 1.953125e-06
	iters: 100, epoch: 10 | loss: 0.1496407
	speed: 0.4409s/iter; left time: 381.7823s
	iters: 200, epoch: 10 | loss: 0.1148544
	speed: 0.0575s/iter; left time: 44.0150s
	iters: 300, epoch: 10 | loss: 0.1162730
	speed: 0.0567s/iter; left time: 37.7902s
	iters: 400, epoch: 10 | loss: 0.1152364
	speed: 0.0557s/iter; left time: 31.5448s
	iters: 500, epoch: 10 | loss: 0.1073477
	speed: 0.0562s/iter; left time: 26.2123s
	iters: 600, epoch: 10 | loss: 0.1170315
	speed: 0.0571s/iter; left time: 20.9046s
	iters: 700, epoch: 10 | loss: 0.1299261
	speed: 0.0568s/iter; left time: 15.1040s
	iters: 800, epoch: 10 | loss: 0.1380047
	speed: 0.0567s/iter; left time: 9.4124s
	iters: 900, epoch: 10 | loss: 0.0956356
	speed: 0.0569s/iter; left time: 3.7567s
Epoch: 10 cost time: 55.06678867340088
Epoch: 10, Steps: 965 | Train Loss: 0.1258838 Vali Loss: 0.1095453 Test Loss: 0.1290762
Validation loss decreased (0.109631 --> 0.109545).  Saving model ...
Updating learning rate to 9.765625e-07
>>>>>>>testing : long_term_forecast_LBv2_electricity_DLinear_2880_s2021_DLinear_custom_ftM_sl2880_ll48_pl96_dm512_nh8_el3_dl1_df512_expand2_dc4_fc3_ebtimeF_dtTrue_Exp_0<<<<<<<<<<<<<<<<<<<<<<<<<<<<<<<<<
test 5165
test shape: (5165, 96, 321) (5165, 96, 321)
test shape: (5165, 96, 321) (5165, 96, 321)
mse:0.12905597686767578, mae:0.22688278555870056, dtw:Not calculated
