Using GPU
Args in experiment:
[1mBasic Config[0m
  Task Name:          long_term_forecast  Is Training:        1                   
  Model ID:           LBv2_electricity_TimesNet_720_s2023Model:              TimesNet            

[1mData Loader[0m
  Data:               custom              Root Path:          ./dataset/electricity/
  Data Path:          electricity.csv     Features:           M                   
  Target:             OT                  Freq:               h                   
  Checkpoints:        ./checkpoints/      

[1mForecasting Task[0m
  Seq Len:            720                 Label Len:          48                  
  Pred Len:           96                  Seasonal Patterns:  Monthly             
  Inverse:            0                   

[1mModel Parameters[0m
  Top k:              5                   Num Kernels:        6                   
  Enc In:             321                 Dec In:             321                 
  C Out:              321                 d model:            256                 
  n heads:            8                   e layers:           2                   
  d layers:           1                   d FF:               512                 
  Moving Avg:         25                  Factor:             3                   
  Distil:             1                   Dropout:            0.1                 
  Embed:              timeF               Activation:         gelu                

[1mRun Parameters[0m
  Num Workers:        10                  Itr:                1                   
  Train Epochs:       10                  Batch Size:         32                  
  Patience:           3                   Learning Rate:      0.0001              
  Des:                Exp                 Loss:               MSE                 
  Lradj:              type1               Use Amp:            0                   

[1mGPU[0m
  Use GPU:            1                   GPU:                0                   
  Use Multi GPU:      0                   Devices:            0,1,2,3             

[1mDe-stationary Projector Params[0m
  P Hidden Dims:      128, 128            P Hidden Layers:    2                   

Use GPU: cuda:0
🚀 Lazy Loading: TimesNet ...
>>>>>>>start training : long_term_forecast_LBv2_electricity_TimesNet_720_s2023_TimesNet_custom_ftM_sl720_ll48_pl96_dm256_nh8_el2_dl1_df512_expand2_dc4_fc3_ebtimeF_dtTrue_Exp_0>>>>>>>>>>>>>>>>>>>>>>>>>>
train window subsample: keep 15437/17597 windows (max_train_windows=15437)
train 15437
val 2537
test 5165
	iters: 100, epoch: 1 | loss: 0.2584669
	speed: 1.1219s/iter; left time: 5307.5420s
	iters: 200, epoch: 1 | loss: 0.2646067
	speed: 1.1112s/iter; left time: 5146.0453s
	iters: 300, epoch: 1 | loss: 0.2145096
	speed: 1.1129s/iter; left time: 5042.6556s
	iters: 400, epoch: 1 | loss: 0.1759629
	speed: 1.1135s/iter; left time: 4934.0678s
Epoch: 1 cost time: 537.1193416118622
Epoch: 1, Steps: 483 | Train Loss: 0.2495779 Vali Loss: 0.1536585 Test Loss: 0.1879032
Validation loss decreased (inf --> 0.153658).  Saving model ...
Updating learning rate to 0.0001
	iters: 100, epoch: 2 | loss: 0.1480519
	speed: 3.0700s/iter; left time: 13041.4743s
	iters: 200, epoch: 2 | loss: 0.1406733
	speed: 1.1179s/iter; left time: 4637.1850s
	iters: 300, epoch: 2 | loss: 0.1145418
	speed: 1.1190s/iter; left time: 4529.5680s
	iters: 400, epoch: 2 | loss: 0.1071801
	speed: 1.1171s/iter; left time: 4410.3272s
Epoch: 2 cost time: 539.1781747341156
Epoch: 2, Steps: 483 | Train Loss: 0.1284725 Vali Loss: 0.1545086 Test Loss: 0.1883046
EarlyStopping counter: 1 out of 3
Updating learning rate to 5e-05
	iters: 100, epoch: 3 | loss: 0.1049507
	speed: 3.0640s/iter; left time: 11536.0833s
	iters: 200, epoch: 3 | loss: 0.0961597
	speed: 1.1136s/iter; left time: 4081.2877s
	iters: 300, epoch: 3 | loss: 0.0913040
	speed: 1.1109s/iter; left time: 3960.2859s
	iters: 400, epoch: 3 | loss: 0.0875208
	speed: 1.1119s/iter; left time: 3852.6515s
Epoch: 3 cost time: 536.7784814834595
Epoch: 3, Steps: 483 | Train Loss: 0.0929191 Vali Loss: 0.1575051 Test Loss: 0.1905695
EarlyStopping counter: 2 out of 3
Updating learning rate to 2.5e-05
	iters: 100, epoch: 4 | loss: 0.0799337
	speed: 3.0530s/iter; left time: 10019.7968s
	iters: 200, epoch: 4 | loss: 0.0750783
	speed: 1.1094s/iter; left time: 3530.1791s
	iters: 300, epoch: 4 | loss: 0.0786353
	speed: 1.1096s/iter; left time: 3419.7985s
	iters: 400, epoch: 4 | loss: 0.0758141
	speed: 1.1088s/iter; left time: 3306.5768s
Epoch: 4 cost time: 535.2715926170349
Epoch: 4, Steps: 483 | Train Loss: 0.0802286 Vali Loss: 0.1609681 Test Loss: 0.1987706
EarlyStopping counter: 3 out of 3
Early stopping
>>>>>>>testing : long_term_forecast_LBv2_electricity_TimesNet_720_s2023_TimesNet_custom_ftM_sl720_ll48_pl96_dm256_nh8_el2_dl1_df512_expand2_dc4_fc3_ebtimeF_dtTrue_Exp_0<<<<<<<<<<<<<<<<<<<<<<<<<<<<<<<<<
test 5165
test shape: (5165, 96, 321) (5165, 96, 321)
test shape: (5165, 96, 321) (5165, 96, 321)
mse:0.1876799464225769, mae:0.2918813228607178, dtw:Not calculated
