Using GPU
Args in experiment:
[1mBasic Config[0m
  Task Name:          long_term_forecast  Is Training:        1                   
  Model ID:           LBv2_electricity_iTransformer_1440_s2022Model:              iTransformer        

[1mData Loader[0m
  Data:               custom              Root Path:          ./dataset/electricity/
  Data Path:          electricity.csv     Features:           M                   
  Target:             OT                  Freq:               h                   
  Checkpoints:        ./checkpoints/      

[1mForecasting Task[0m
  Seq Len:            1440                Label Len:          48                  
  Pred Len:           96                  Seasonal Patterns:  Monthly             
  Inverse:            0                   

[1mModel Parameters[0m
  Top k:              5                   Num Kernels:        6                   
  Enc In:             321                 Dec In:             321                 
  C Out:              321                 d model:            512                 
  n heads:            8                   e layers:           3                   
  d layers:           1                   d FF:               512                 
  Moving Avg:         25                  Factor:             3                   
  Distil:             1                   Dropout:            0.1                 
  Embed:              timeF               Activation:         gelu                

[1mRun Parameters[0m
  Num Workers:        2                   Itr:                1                   
  Train Epochs:       10                  Batch Size:         16                  
  Patience:           3                   Learning Rate:      0.0005              
  Des:                Exp                 Loss:               MSE                 
  Lradj:              type1               Use Amp:            0                   

[1mGPU[0m
  Use GPU:            1                   GPU:                0                   
  Use Multi GPU:      0                   Devices:            0,1,2,3             

[1mDe-stationary Projector Params[0m
  P Hidden Dims:      128, 128            P Hidden Layers:    2                   

Use GPU: cuda:0
🚀 Lazy Loading: iTransformer ...
>>>>>>>start training : long_term_forecast_LBv2_electricity_iTransformer_1440_s2022_iTransformer_custom_ftM_sl1440_ll48_pl96_dm512_nh8_el3_dl1_df512_expand2_dc4_fc3_ebtimeF_dtTrue_Exp_0>>>>>>>>>>>>>>>>>>>>>>>>>>
train window subsample: keep 15437/16877 windows (max_train_windows=15437)
train 15437
val 2537
test 5165
	iters: 100, epoch: 1 | loss: 0.1960623
	speed: 0.1399s/iter; left time: 1336.2953s
	iters: 200, epoch: 1 | loss: 0.1451263
	speed: 0.1207s/iter; left time: 1140.5549s
	iters: 300, epoch: 1 | loss: 0.1453549
	speed: 0.1211s/iter; left time: 1132.2978s
	iters: 400, epoch: 1 | loss: 0.1420062
	speed: 0.1213s/iter; left time: 1122.0489s
	iters: 500, epoch: 1 | loss: 0.1415260
	speed: 0.1214s/iter; left time: 1110.9262s
	iters: 600, epoch: 1 | loss: 0.1509543
	speed: 0.1210s/iter; left time: 1095.2321s
	iters: 700, epoch: 1 | loss: 0.1490919
	speed: 0.1201s/iter; left time: 1074.8828s
	iters: 800, epoch: 1 | loss: 0.1138981
	speed: 0.1206s/iter; left time: 1067.5512s
	iters: 900, epoch: 1 | loss: 0.1228556
	speed: 0.1207s/iter; left time: 1056.4433s
Epoch: 1 cost time: 117.39903020858765
Epoch: 1, Steps: 965 | Train Loss: 0.1635135 Vali Loss: 0.1212535 Test Loss: 0.1409404
Validation loss decreased (inf --> 0.121253).  Saving model ...
Updating learning rate to 0.0005
	iters: 100, epoch: 2 | loss: 0.1505357
	speed: 0.5416s/iter; left time: 4649.7891s
	iters: 200, epoch: 2 | loss: 0.1582256
	speed: 0.1209s/iter; left time: 1025.5642s
	iters: 300, epoch: 2 | loss: 0.1538237
	speed: 0.1216s/iter; left time: 1019.8716s
	iters: 400, epoch: 2 | loss: 0.1346399
	speed: 0.1213s/iter; left time: 1004.9226s
	iters: 500, epoch: 2 | loss: 0.1653511
	speed: 0.1210s/iter; left time: 990.3594s
	iters: 600, epoch: 2 | loss: 0.1191337
	speed: 0.1220s/iter; left time: 986.2647s
	iters: 700, epoch: 2 | loss: 0.1294024
	speed: 0.1218s/iter; left time: 973.0208s
	iters: 800, epoch: 2 | loss: 0.1540510
	speed: 0.1216s/iter; left time: 959.0257s
	iters: 900, epoch: 2 | loss: 0.1238247
	speed: 0.1212s/iter; left time: 943.9380s
Epoch: 2 cost time: 117.1944854259491
Epoch: 2, Steps: 965 | Train Loss: 0.1333439 Vali Loss: 0.1187358 Test Loss: 0.1368114
Validation loss decreased (0.121253 --> 0.118736).  Saving model ...
Updating learning rate to 0.00025
	iters: 100, epoch: 3 | loss: 0.1102607
	speed: 0.5419s/iter; left time: 4129.8051s
	iters: 200, epoch: 3 | loss: 0.1361125
	speed: 0.1210s/iter; left time: 909.9935s
	iters: 300, epoch: 3 | loss: 0.1049410
	speed: 0.1213s/iter; left time: 900.0888s
	iters: 400, epoch: 3 | loss: 0.1072302
	speed: 0.1214s/iter; left time: 889.0238s
	iters: 500, epoch: 3 | loss: 0.1328774
	speed: 0.1214s/iter; left time: 876.6545s
	iters: 600, epoch: 3 | loss: 0.1182161
	speed: 0.1212s/iter; left time: 862.9814s
	iters: 700, epoch: 3 | loss: 0.1060353
	speed: 0.1213s/iter; left time: 851.5781s
	iters: 800, epoch: 3 | loss: 0.1301482
	speed: 0.1213s/iter; left time: 839.6597s
	iters: 900, epoch: 3 | loss: 0.1163510
	speed: 0.1211s/iter; left time: 826.1729s
Epoch: 3 cost time: 117.20795273780823
Epoch: 3, Steps: 965 | Train Loss: 0.1142638 Vali Loss: 0.1134336 Test Loss: 0.1314633
Validation loss decreased (0.118736 --> 0.113434).  Saving model ...
Updating learning rate to 0.000125
	iters: 100, epoch: 4 | loss: 0.1150939
	speed: 0.5418s/iter; left time: 3606.1151s
	iters: 200, epoch: 4 | loss: 0.1052512
	speed: 0.1212s/iter; left time: 794.7391s
	iters: 300, epoch: 4 | loss: 0.1069715
	speed: 0.1210s/iter; left time: 781.0486s
	iters: 400, epoch: 4 | loss: 0.1037700
	speed: 0.1224s/iter; left time: 777.8344s
	iters: 500, epoch: 4 | loss: 0.1048414
	speed: 0.1232s/iter; left time: 770.6780s
	iters: 600, epoch: 4 | loss: 0.1032471
	speed: 0.1208s/iter; left time: 743.6727s
	iters: 700, epoch: 4 | loss: 0.0972852
	speed: 0.1215s/iter; left time: 735.5679s
	iters: 800, epoch: 4 | loss: 0.1070609
	speed: 0.1225s/iter; left time: 729.6459s
	iters: 900, epoch: 4 | loss: 0.0989747
	speed: 0.1221s/iter; left time: 715.0918s
Epoch: 4 cost time: 117.60569167137146
Epoch: 4, Steps: 965 | Train Loss: 0.1054791 Vali Loss: 0.1114945 Test Loss: 0.1301891
Validation loss decreased (0.113434 --> 0.111494).  Saving model ...
Updating learning rate to 6.25e-05
	iters: 100, epoch: 5 | loss: 0.1214567
	speed: 0.5436s/iter; left time: 3093.8284s
	iters: 200, epoch: 5 | loss: 0.0979219
	speed: 0.1223s/iter; left time: 684.0161s
	iters: 300, epoch: 5 | loss: 0.1142005
	speed: 0.1220s/iter; left time: 669.7363s
	iters: 400, epoch: 5 | loss: 0.1092764
	speed: 0.1223s/iter; left time: 659.3078s
	iters: 500, epoch: 5 | loss: 0.1079150
	speed: 0.1223s/iter; left time: 646.9806s
	iters: 600, epoch: 5 | loss: 0.0969098
	speed: 0.1216s/iter; left time: 631.3346s
	iters: 700, epoch: 5 | loss: 0.1165570
	speed: 0.1225s/iter; left time: 623.6431s
	iters: 800, epoch: 5 | loss: 0.0969995
	speed: 0.1223s/iter; left time: 610.6387s
	iters: 900, epoch: 5 | loss: 0.0931411
	speed: 0.1211s/iter; left time: 592.3323s
Epoch: 5 cost time: 117.76012873649597
Epoch: 5, Steps: 965 | Train Loss: 0.1015293 Vali Loss: 0.1116256 Test Loss: 0.1305953
EarlyStopping counter: 1 out of 3
Updating learning rate to 3.125e-05
	iters: 100, epoch: 6 | loss: 0.0971810
	speed: 0.5375s/iter; left time: 2540.3442s
	iters: 200, epoch: 6 | loss: 0.0968024
	speed: 0.1205s/iter; left time: 557.6426s
	iters: 300, epoch: 6 | loss: 0.0924686
	speed: 0.1204s/iter; left time: 544.9918s
	iters: 400, epoch: 6 | loss: 0.0928236
	speed: 0.1202s/iter; left time: 532.1674s
	iters: 500, epoch: 6 | loss: 0.1033814
	speed: 0.1206s/iter; left time: 521.8719s
	iters: 600, epoch: 6 | loss: 0.0918938
	speed: 0.1211s/iter; left time: 511.9661s
	iters: 700, epoch: 6 | loss: 0.0920078
	speed: 0.1200s/iter; left time: 495.0650s
	iters: 800, epoch: 6 | loss: 0.1016042
	speed: 0.1204s/iter; left time: 484.7209s
	iters: 900, epoch: 6 | loss: 0.1001696
	speed: 0.1197s/iter; left time: 470.1012s
Epoch: 6 cost time: 116.18841886520386
Epoch: 6, Steps: 965 | Train Loss: 0.0995235 Vali Loss: 0.1108604 Test Loss: 0.1308926
Validation loss decreased (0.111494 --> 0.110860).  Saving model ...
Updating learning rate to 1.5625e-05
	iters: 100, epoch: 7 | loss: 0.0965479
	speed: 0.5416s/iter; left time: 2037.1406s
	iters: 200, epoch: 7 | loss: 0.0933739
	speed: 0.1222s/iter; left time: 447.5034s
	iters: 300, epoch: 7 | loss: 0.0979623
	speed: 0.1217s/iter; left time: 433.4713s
	iters: 400, epoch: 7 | loss: 0.0991967
	speed: 0.1220s/iter; left time: 422.2745s
	iters: 500, epoch: 7 | loss: 0.0916951
	speed: 0.1221s/iter; left time: 410.3311s
	iters: 600, epoch: 7 | loss: 0.1025605
	speed: 0.1217s/iter; left time: 396.7657s
	iters: 700, epoch: 7 | loss: 0.0931911
	speed: 0.1214s/iter; left time: 383.6185s
	iters: 800, epoch: 7 | loss: 0.0914334
	speed: 0.1229s/iter; left time: 376.2751s
	iters: 900, epoch: 7 | loss: 0.1069294
	speed: 0.1216s/iter; left time: 360.0366s
Epoch: 7 cost time: 117.76076197624207
Epoch: 7, Steps: 965 | Train Loss: 0.0984956 Vali Loss: 0.1111613 Test Loss: 0.1309533
EarlyStopping counter: 1 out of 3
Updating learning rate to 7.8125e-06
	iters: 100, epoch: 8 | loss: 0.0930318
	speed: 0.5439s/iter; left time: 1520.6582s
	iters: 200, epoch: 8 | loss: 0.1015029
	speed: 0.1215s/iter; left time: 327.6108s
	iters: 300, epoch: 8 | loss: 0.1013642
	speed: 0.1217s/iter; left time: 316.0366s
	iters: 400, epoch: 8 | loss: 0.1007405
	speed: 0.1223s/iter; left time: 305.2545s
	iters: 500, epoch: 8 | loss: 0.0885653
	speed: 0.1218s/iter; left time: 291.8464s
	iters: 600, epoch: 8 | loss: 0.0932204
	speed: 0.1219s/iter; left time: 279.8681s
	iters: 700, epoch: 8 | loss: 0.0956119
	speed: 0.1215s/iter; left time: 266.7211s
	iters: 800, epoch: 8 | loss: 0.0915110
	speed: 0.1203s/iter; left time: 252.0708s
	iters: 900, epoch: 8 | loss: 0.0978703
	speed: 0.1216s/iter; left time: 242.6428s
Epoch: 8 cost time: 117.49694061279297
Epoch: 8, Steps: 965 | Train Loss: 0.0979445 Vali Loss: 0.1109193 Test Loss: 0.1308122
EarlyStopping counter: 2 out of 3
Updating learning rate to 3.90625e-06
	iters: 100, epoch: 9 | loss: 0.0982323
	speed: 0.5448s/iter; left time: 997.6122s
	iters: 200, epoch: 9 | loss: 0.1001457
	speed: 0.1210s/iter; left time: 209.5103s
	iters: 300, epoch: 9 | loss: 0.0886857
	speed: 0.1215s/iter; left time: 198.2366s
	iters: 400, epoch: 9 | loss: 0.0927958
	speed: 0.1215s/iter; left time: 186.0163s
	iters: 500, epoch: 9 | loss: 0.0968323
	speed: 0.1221s/iter; left time: 174.7126s
	iters: 600, epoch: 9 | loss: 0.0995144
	speed: 0.1219s/iter; left time: 162.2742s
	iters: 700, epoch: 9 | loss: 0.0941923
	speed: 0.1208s/iter; left time: 148.7118s
	iters: 800, epoch: 9 | loss: 0.0938981
	speed: 0.1215s/iter; left time: 137.4169s
	iters: 900, epoch: 9 | loss: 0.1036501
	speed: 0.1215s/iter; left time: 125.2424s
Epoch: 9 cost time: 117.39280080795288
Epoch: 9, Steps: 965 | Train Loss: 0.0976455 Vali Loss: 0.1110871 Test Loss: 0.1309598
EarlyStopping counter: 3 out of 3
Early stopping
>>>>>>>testing : long_term_forecast_LBv2_electricity_iTransformer_1440_s2022_iTransformer_custom_ftM_sl1440_ll48_pl96_dm512_nh8_el3_dl1_df512_expand2_dc4_fc3_ebtimeF_dtTrue_Exp_0<<<<<<<<<<<<<<<<<<<<<<<<<<<<<<<<<
test 5165
test shape: (5165, 96, 321) (5165, 96, 321)
test shape: (5165, 96, 321) (5165, 96, 321)
mse:0.13087478280067444, mae:0.227572500705719, dtw:Not calculated
