Using GPU
Args in experiment:
[1mBasic Config[0m
  Task Name:          long_term_forecast  Is Training:        1                   
  Model ID:           LBv2_ETTh2_PatchTST_96_s2022Model:              PatchTST            

[1mData Loader[0m
  Data:               ETTh2               Root Path:          ./dataset/ETT-small/
  Data Path:          ETTh2.csv           Features:           M                   
  Target:             OT                  Freq:               h                   
  Checkpoints:        ./checkpoints/      

[1mForecasting Task[0m
  Seq Len:            96                  Label Len:          48                  
  Pred Len:           96                  Seasonal Patterns:  Monthly             
  Inverse:            0                   

[1mModel Parameters[0m
  Top k:              5                   Num Kernels:        6                   
  Enc In:             7                   Dec In:             7                   
  C Out:              7                   d model:            512                 
  n heads:            4                   e layers:           3                   
  d layers:           1                   d FF:               2048                
  Moving Avg:         25                  Factor:             3                   
  Distil:             1                   Dropout:            0.1                 
  Embed:              timeF               Activation:         gelu                

[1mRun Parameters[0m
  Num Workers:        2                   Itr:                1                   
  Train Epochs:       10                  Batch Size:         32                  
  Patience:           3                   Learning Rate:      0.0001              
  Des:                Exp                 Loss:               MSE                 
  Lradj:              type1               Use Amp:            0                   

[1mGPU[0m
  Use GPU:            1                   GPU:                0                   
  Use Multi GPU:      0                   Devices:            0,1,2,3             

[1mDe-stationary Projector Params[0m
  P Hidden Dims:      128, 128            P Hidden Layers:    2                   

Use GPU: cuda:0
🚀 Lazy Loading: PatchTST ...
>>>>>>>start training : long_term_forecast_LBv2_ETTh2_PatchTST_96_s2022_PatchTST_ETTh2_ftM_sl96_ll48_pl96_dm512_nh4_el3_dl1_df2048_expand2_dc4_fc3_ebtimeF_dtTrue_Exp_0>>>>>>>>>>>>>>>>>>>>>>>>>>
train window subsample: keep 5665/8449 windows (max_train_windows=5665)
train 5665
val 2785
test 2785
	iters: 100, epoch: 1 | loss: 0.4801593
	speed: 0.0303s/iter; left time: 51.0082s
Epoch: 1 cost time: 2.8247156143188477
Epoch: 1, Steps: 178 | Train Loss: 0.4611747 Vali Loss: 0.2214533 Test Loss: 0.2913381
Validation loss decreased (inf --> 0.221453).  Saving model ...
Updating learning rate to 0.0001
	iters: 100, epoch: 2 | loss: 0.2605273
	speed: 0.0367s/iter; left time: 55.0971s
Epoch: 2 cost time: 2.395339250564575
Epoch: 2, Steps: 178 | Train Loss: 0.4245230 Vali Loss: 0.2202730 Test Loss: 0.2895137
Validation loss decreased (0.221453 --> 0.220273).  Saving model ...
Updating learning rate to 5e-05
	iters: 100, epoch: 3 | loss: 0.4618426
	speed: 0.0365s/iter; left time: 48.3310s
Epoch: 3 cost time: 2.3984949588775635
Epoch: 3, Steps: 178 | Train Loss: 0.3885940 Vali Loss: 0.2214075 Test Loss: 0.3008503
EarlyStopping counter: 1 out of 3
Updating learning rate to 2.5e-05
	iters: 100, epoch: 4 | loss: 0.3767408
	speed: 0.0360s/iter; left time: 41.2999s
Epoch: 4 cost time: 2.403477668762207
Epoch: 4, Steps: 178 | Train Loss: 0.3752654 Vali Loss: 0.2215344 Test Loss: 0.3009576
EarlyStopping counter: 2 out of 3
Updating learning rate to 1.25e-05
	iters: 100, epoch: 5 | loss: 0.3740946
	speed: 0.0362s/iter; left time: 35.0491s
Epoch: 5 cost time: 2.4023141860961914
Epoch: 5, Steps: 178 | Train Loss: 0.3629182 Vali Loss: 0.2256150 Test Loss: 0.2939880
EarlyStopping counter: 3 out of 3
Early stopping
>>>>>>>testing : long_term_forecast_LBv2_ETTh2_PatchTST_96_s2022_PatchTST_ETTh2_ftM_sl96_ll48_pl96_dm512_nh4_el3_dl1_df2048_expand2_dc4_fc3_ebtimeF_dtTrue_Exp_0<<<<<<<<<<<<<<<<<<<<<<<<<<<<<<<<<
test 2785
test shape: (2785, 96, 7) (2785, 96, 7)
test shape: (2785, 96, 7) (2785, 96, 7)
mse:0.29183658957481384, mae:0.3434292674064636, dtw:Not calculated
