Using GPU
Args in experiment:
[1mBasic Config[0m
  Task Name:          long_term_forecast  Is Training:        1                   
  Model ID:           LBv2_ETTh2_TimesNet_96_s2022Model:              TimesNet            

[1mData Loader[0m
  Data:               ETTh2               Root Path:          ./dataset/ETT-small/
  Data Path:          ETTh2.csv           Features:           M                   
  Target:             OT                  Freq:               h                   
  Checkpoints:        ./checkpoints/      

[1mForecasting Task[0m
  Seq Len:            96                  Label Len:          48                  
  Pred Len:           96                  Seasonal Patterns:  Monthly             
  Inverse:            0                   

[1mModel Parameters[0m
  Top k:              5                   Num Kernels:        6                   
  Enc In:             7                   Dec In:             7                   
  C Out:              7                   d model:            32                  
  n heads:            8                   e layers:           2                   
  d layers:           1                   d FF:               32                  
  Moving Avg:         25                  Factor:             3                   
  Distil:             1                   Dropout:            0.1                 
  Embed:              timeF               Activation:         gelu                

[1mRun Parameters[0m
  Num Workers:        2                   Itr:                1                   
  Train Epochs:       10                  Batch Size:         32                  
  Patience:           3                   Learning Rate:      0.0001              
  Des:                Exp                 Loss:               MSE                 
  Lradj:              type1               Use Amp:            0                   

[1mGPU[0m
  Use GPU:            1                   GPU:                0                   
  Use Multi GPU:      0                   Devices:            0,1,2,3             

[1mDe-stationary Projector Params[0m
  P Hidden Dims:      128, 128            P Hidden Layers:    2                   

Use GPU: cuda:0
🚀 Lazy Loading: TimesNet ...
>>>>>>>start training : long_term_forecast_LBv2_ETTh2_TimesNet_96_s2022_TimesNet_ETTh2_ftM_sl96_ll48_pl96_dm32_nh8_el2_dl1_df32_expand2_dc4_fc3_ebtimeF_dtTrue_Exp_0>>>>>>>>>>>>>>>>>>>>>>>>>>
train window subsample: keep 5665/8449 windows (max_train_windows=5665)
train 5665
val 2785
test 2785
	iters: 100, epoch: 1 | loss: 0.7292864
	speed: 0.0625s/iter; left time: 105.0061s
Epoch: 1 cost time: 7.820709943771362
Epoch: 1, Steps: 178 | Train Loss: 0.5118165 Vali Loss: 0.2554130 Test Loss: 0.3715730
Validation loss decreased (inf --> 0.255413).  Saving model ...
Updating learning rate to 0.0001
	iters: 100, epoch: 2 | loss: 0.3804873
	speed: 0.0834s/iter; left time: 125.2911s
Epoch: 2 cost time: 6.172513246536255
Epoch: 2, Steps: 178 | Train Loss: 0.3955186 Vali Loss: 0.2426746 Test Loss: 0.3395149
Validation loss decreased (0.255413 --> 0.242675).  Saving model ...
Updating learning rate to 5e-05
	iters: 100, epoch: 3 | loss: 0.4503085
	speed: 0.0835s/iter; left time: 110.5760s
Epoch: 3 cost time: 6.143024444580078
Epoch: 3, Steps: 178 | Train Loss: 0.3565802 Vali Loss: 0.2396601 Test Loss: 0.3285549
Validation loss decreased (0.242675 --> 0.239660).  Saving model ...
Updating learning rate to 2.5e-05
	iters: 100, epoch: 4 | loss: 0.3434742
	speed: 0.0816s/iter; left time: 93.6044s
Epoch: 4 cost time: 6.06013035774231
Epoch: 4, Steps: 178 | Train Loss: 0.3485875 Vali Loss: 0.2448512 Test Loss: 0.3271012
EarlyStopping counter: 1 out of 3
Updating learning rate to 1.25e-05
	iters: 100, epoch: 5 | loss: 0.4292270
	speed: 0.0806s/iter; left time: 78.0900s
Epoch: 5 cost time: 6.0118794441223145
Epoch: 5, Steps: 178 | Train Loss: 0.3412860 Vali Loss: 0.2403437 Test Loss: 0.3236812
EarlyStopping counter: 2 out of 3
Updating learning rate to 6.25e-06
	iters: 100, epoch: 6 | loss: 0.5371390
	speed: 0.0810s/iter; left time: 64.0469s
Epoch: 6 cost time: 6.064403533935547
Epoch: 6, Steps: 178 | Train Loss: 0.3378397 Vali Loss: 0.2422851 Test Loss: 0.3232278
EarlyStopping counter: 3 out of 3
Early stopping
>>>>>>>testing : long_term_forecast_LBv2_ETTh2_TimesNet_96_s2022_TimesNet_ETTh2_ftM_sl96_ll48_pl96_dm32_nh8_el2_dl1_df32_expand2_dc4_fc3_ebtimeF_dtTrue_Exp_0<<<<<<<<<<<<<<<<<<<<<<<<<<<<<<<<<
test 2785
test shape: (2785, 96, 7) (2785, 96, 7)
test shape: (2785, 96, 7) (2785, 96, 7)
mse:0.33066514134407043, mae:0.3700888156890869, dtw:Not calculated
