Using GPU
Args in experiment:
[1mBasic Config[0m
  Task Name:          long_term_forecast  Is Training:        1                   
  Model ID:           LBv2_ETTh1_TimesNet_2880_s2023Model:              TimesNet            

[1mData Loader[0m
  Data:               ETTh1               Root Path:          ./dataset/ETT-small/
  Data Path:          ETTh1.csv           Features:           M                   
  Target:             OT                  Freq:               h                   
  Checkpoints:        ./checkpoints/      

[1mForecasting Task[0m
  Seq Len:            2880                Label Len:          48                  
  Pred Len:           96                  Seasonal Patterns:  Monthly             
  Inverse:            0                   

[1mModel Parameters[0m
  Top k:              5                   Num Kernels:        6                   
  Enc In:             7                   Dec In:             7                   
  C Out:              7                   d model:            16                  
  n heads:            8                   e layers:           2                   
  d layers:           1                   d FF:               32                  
  Moving Avg:         25                  Factor:             3                   
  Distil:             1                   Dropout:            0.1                 
  Embed:              timeF               Activation:         gelu                

[1mRun Parameters[0m
  Num Workers:        2                   Itr:                1                   
  Train Epochs:       10                  Batch Size:         32                  
  Patience:           3                   Learning Rate:      0.0001              
  Des:                Exp                 Loss:               MSE                 
  Lradj:              type1               Use Amp:            0                   

[1mGPU[0m
  Use GPU:            1                   GPU:                0                   
  Use Multi GPU:      0                   Devices:            0,1,2,3             

[1mDe-stationary Projector Params[0m
  P Hidden Dims:      128, 128            P Hidden Layers:    2                   

Use GPU: cuda:0
🚀 Lazy Loading: TimesNet ...
>>>>>>>start training : long_term_forecast_LBv2_ETTh1_TimesNet_2880_s2023_TimesNet_ETTh1_ftM_sl2880_ll48_pl96_dm16_nh8_el2_dl1_df32_expand2_dc4_fc3_ebtimeF_dtTrue_Exp_0>>>>>>>>>>>>>>>>>>>>>>>>>>
train 5665
val 2785
test 2785
	iters: 100, epoch: 1 | loss: 0.4747233
	speed: 0.1403s/iter; left time: 235.8138s
Epoch: 1 cost time: 22.6410870552063
Epoch: 1, Steps: 178 | Train Loss: 0.5595147 Vali Loss: 1.2895229 Test Loss: 1.2178718
Validation loss decreased (inf --> 1.289523).  Saving model ...
Updating learning rate to 0.0001
	iters: 100, epoch: 2 | loss: 0.3757620
	speed: 0.2898s/iter; left time: 435.5851s
Epoch: 2 cost time: 21.974103450775146
Epoch: 2, Steps: 178 | Train Loss: 0.3792972 Vali Loss: 1.3845108 Test Loss: 1.3366999
EarlyStopping counter: 1 out of 3
Updating learning rate to 5e-05
	iters: 100, epoch: 3 | loss: 0.3482333
	speed: 0.2895s/iter; left time: 383.6146s
Epoch: 3 cost time: 22.03480887413025
Epoch: 3, Steps: 178 | Train Loss: 0.3371867 Vali Loss: 1.3711466 Test Loss: 1.3821410
EarlyStopping counter: 2 out of 3
Updating learning rate to 2.5e-05
	iters: 100, epoch: 4 | loss: 0.3215044
	speed: 0.2900s/iter; left time: 332.6626s
Epoch: 4 cost time: 22.036812782287598
Epoch: 4, Steps: 178 | Train Loss: 0.3200797 Vali Loss: 1.3766692 Test Loss: 1.4509192
EarlyStopping counter: 3 out of 3
Early stopping
>>>>>>>testing : long_term_forecast_LBv2_ETTh1_TimesNet_2880_s2023_TimesNet_ETTh1_ftM_sl2880_ll48_pl96_dm16_nh8_el2_dl1_df32_expand2_dc4_fc3_ebtimeF_dtTrue_Exp_0<<<<<<<<<<<<<<<<<<<<<<<<<<<<<<<<<
test 2785
test shape: (2785, 96, 7) (2785, 96, 7)
test shape: (2785, 96, 7) (2785, 96, 7)
mse:1.2170190811157227, mae:0.8644205927848816, dtw:Not calculated
