Using GPU
Args in experiment:
[1mBasic Config[0m
  Task Name:          long_term_forecast  Is Training:        1                   
  Model ID:           LBv2_ETTh2_DLinear_1440_s2023Model:              DLinear             

[1mData Loader[0m
  Data:               ETTh2               Root Path:          ./dataset/ETT-small/
  Data Path:          ETTh2.csv           Features:           M                   
  Target:             OT                  Freq:               h                   
  Checkpoints:        ./checkpoints/      

[1mForecasting Task[0m
  Seq Len:            1440                Label Len:          48                  
  Pred Len:           96                  Seasonal Patterns:  Monthly             
  Inverse:            0                   

[1mModel Parameters[0m
  Top k:              5                   Num Kernels:        6                   
  Enc In:             7                   Dec In:             7                   
  C Out:              7                   d model:            128                 
  n heads:            8                   e layers:           2                   
  d layers:           1                   d FF:               128                 
  Moving Avg:         25                  Factor:             3                   
  Distil:             1                   Dropout:            0.1                 
  Embed:              timeF               Activation:         gelu                

[1mRun Parameters[0m
  Num Workers:        2                   Itr:                1                   
  Train Epochs:       10                  Batch Size:         32                  
  Patience:           3                   Learning Rate:      0.0001              
  Des:                Exp                 Loss:               MSE                 
  Lradj:              type1               Use Amp:            0                   

[1mGPU[0m
  Use GPU:            1                   GPU:                0                   
  Use Multi GPU:      0                   Devices:            0,1,2,3             

[1mDe-stationary Projector Params[0m
  P Hidden Dims:      128, 128            P Hidden Layers:    2                   

Use GPU: cuda:0
🚀 Lazy Loading: DLinear ...
>>>>>>>start training : long_term_forecast_LBv2_ETTh2_DLinear_1440_s2023_DLinear_ETTh2_ftM_sl1440_ll48_pl96_dm128_nh8_el2_dl1_df128_expand2_dc4_fc3_ebtimeF_dtTrue_Exp_0>>>>>>>>>>>>>>>>>>>>>>>>>>
train window subsample: keep 5665/7105 windows (max_train_windows=5665)
train 5665
val 2785
test 2785
	iters: 100, epoch: 1 | loss: 0.2768145
	speed: 0.0183s/iter; left time: 30.7970s
Epoch: 1 cost time: 0.8568239212036133
Epoch: 1, Steps: 178 | Train Loss: 0.5049709 Vali Loss: 0.2770487 Test Loss: 0.3612224
Validation loss decreased (inf --> 0.277049).  Saving model ...
Updating learning rate to 0.0001
	iters: 100, epoch: 2 | loss: 0.3980232
	speed: 0.0126s/iter; left time: 18.9820s
Epoch: 2 cost time: 0.6576244831085205
Epoch: 2, Steps: 178 | Train Loss: 0.4383134 Vali Loss: 0.2698745 Test Loss: 0.3805904
Validation loss decreased (0.277049 --> 0.269875).  Saving model ...
Updating learning rate to 5e-05
	iters: 100, epoch: 3 | loss: 0.4500219
	speed: 0.0131s/iter; left time: 17.3041s
Epoch: 3 cost time: 0.6847760677337646
Epoch: 3, Steps: 178 | Train Loss: 0.4172765 Vali Loss: 0.2549494 Test Loss: 0.3337737
Validation loss decreased (0.269875 --> 0.254949).  Saving model ...
Updating learning rate to 2.5e-05
	iters: 100, epoch: 4 | loss: 0.1838211
	speed: 0.0131s/iter; left time: 14.9699s
Epoch: 4 cost time: 0.6696915626525879
Epoch: 4, Steps: 178 | Train Loss: 0.4102656 Vali Loss: 0.2490266 Test Loss: 0.3281572
Validation loss decreased (0.254949 --> 0.249027).  Saving model ...
Updating learning rate to 1.25e-05
	iters: 100, epoch: 5 | loss: 0.9041499
	speed: 0.0131s/iter; left time: 12.7261s
Epoch: 5 cost time: 0.7000091075897217
Epoch: 5, Steps: 178 | Train Loss: 0.4073751 Vali Loss: 0.2464736 Test Loss: 0.3221880
Validation loss decreased (0.249027 --> 0.246474).  Saving model ...
Updating learning rate to 6.25e-06
	iters: 100, epoch: 6 | loss: 0.2286709
	speed: 0.0132s/iter; left time: 10.4294s
Epoch: 6 cost time: 0.6828470230102539
Epoch: 6, Steps: 178 | Train Loss: 0.4057698 Vali Loss: 0.2520996 Test Loss: 0.3293832
EarlyStopping counter: 1 out of 3
Updating learning rate to 3.125e-06
	iters: 100, epoch: 7 | loss: 0.5016648
	speed: 0.0131s/iter; left time: 8.0046s
Epoch: 7 cost time: 0.6806411743164062
Epoch: 7, Steps: 178 | Train Loss: 0.4049117 Vali Loss: 0.2544077 Test Loss: 0.3353182
EarlyStopping counter: 2 out of 3
Updating learning rate to 1.5625e-06
	iters: 100, epoch: 8 | loss: 0.1659631
	speed: 0.0128s/iter; left time: 5.5760s
Epoch: 8 cost time: 0.6653237342834473
Epoch: 8, Steps: 178 | Train Loss: 0.4044491 Vali Loss: 0.2490753 Test Loss: 0.3311412
EarlyStopping counter: 3 out of 3
Early stopping
>>>>>>>testing : long_term_forecast_LBv2_ETTh2_DLinear_1440_s2023_DLinear_ETTh2_ftM_sl1440_ll48_pl96_dm128_nh8_el2_dl1_df128_expand2_dc4_fc3_ebtimeF_dtTrue_Exp_0<<<<<<<<<<<<<<<<<<<<<<<<<<<<<<<<<
test 2785
test shape: (2785, 96, 7) (2785, 96, 7)
test shape: (2785, 96, 7) (2785, 96, 7)
mse:0.3242036998271942, mae:0.3859652876853943, dtw:Not calculated
