Using GPU
Args in experiment:
[1mBasic Config[0m
  Task Name:          long_term_forecast  Is Training:        1                   
  Model ID:           LBv2_ETTh1_DLinear_1440_s2021Model:              DLinear             

[1mData Loader[0m
  Data:               ETTh1               Root Path:          ./dataset/ETT-small/
  Data Path:          ETTh1.csv           Features:           M                   
  Target:             OT                  Freq:               h                   
  Checkpoints:        ./checkpoints/      

[1mForecasting Task[0m
  Seq Len:            1440                Label Len:          48                  
  Pred Len:           96                  Seasonal Patterns:  Monthly             
  Inverse:            0                   

[1mModel Parameters[0m
  Top k:              5                   Num Kernels:        6                   
  Enc In:             7                   Dec In:             7                   
  C Out:              7                   d model:            128                 
  n heads:            8                   e layers:           2                   
  d layers:           1                   d FF:               128                 
  Moving Avg:         25                  Factor:             3                   
  Distil:             1                   Dropout:            0.1                 
  Embed:              timeF               Activation:         gelu                

[1mRun Parameters[0m
  Num Workers:        2                   Itr:                1                   
  Train Epochs:       10                  Batch Size:         32                  
  Patience:           3                   Learning Rate:      0.0001              
  Des:                Exp                 Loss:               MSE                 
  Lradj:              type1               Use Amp:            0                   

[1mGPU[0m
  Use GPU:            1                   GPU:                0                   
  Use Multi GPU:      0                   Devices:            0,1,2,3             

[1mDe-stationary Projector Params[0m
  P Hidden Dims:      128, 128            P Hidden Layers:    2                   

Use GPU: cuda:0
🚀 Lazy Loading: DLinear ...
>>>>>>>start training : long_term_forecast_LBv2_ETTh1_DLinear_1440_s2021_DLinear_ETTh1_ftM_sl1440_ll48_pl96_dm128_nh8_el2_dl1_df128_expand2_dc4_fc3_ebtimeF_dtTrue_Exp_0>>>>>>>>>>>>>>>>>>>>>>>>>>
train window subsample: keep 5665/7105 windows (max_train_windows=5665)
train 5665
val 2785
test 2785
	iters: 100, epoch: 1 | loss: 0.3965208
	speed: 0.0182s/iter; left time: 30.5397s
Epoch: 1 cost time: 0.8359975814819336
Epoch: 1, Steps: 178 | Train Loss: 0.3850148 Vali Loss: 0.8097021 Test Loss: 0.3799909
Validation loss decreased (inf --> 0.809702).  Saving model ...
Updating learning rate to 0.0001
	iters: 100, epoch: 2 | loss: 0.3740622
	speed: 0.0129s/iter; left time: 19.4574s
Epoch: 2 cost time: 0.6827070713043213
Epoch: 2, Steps: 178 | Train Loss: 0.3330675 Vali Loss: 0.7372747 Test Loss: 0.3760002
Validation loss decreased (0.809702 --> 0.737275).  Saving model ...
Updating learning rate to 5e-05
	iters: 100, epoch: 3 | loss: 0.2764344
	speed: 0.0141s/iter; left time: 18.6568s
Epoch: 3 cost time: 0.7654862403869629
Epoch: 3, Steps: 178 | Train Loss: 0.3233704 Vali Loss: 0.7376997 Test Loss: 0.3734910
EarlyStopping counter: 1 out of 3
Updating learning rate to 2.5e-05
	iters: 100, epoch: 4 | loss: 0.3913631
	speed: 0.0150s/iter; left time: 17.2203s
Epoch: 4 cost time: 0.7607135772705078
Epoch: 4, Steps: 178 | Train Loss: 0.3197132 Vali Loss: 0.7294189 Test Loss: 0.3715036
Validation loss decreased (0.737275 --> 0.729419).  Saving model ...
Updating learning rate to 1.25e-05
	iters: 100, epoch: 5 | loss: 0.3769230
	speed: 0.0147s/iter; left time: 14.1982s
Epoch: 5 cost time: 0.7581830024719238
Epoch: 5, Steps: 178 | Train Loss: 0.3159047 Vali Loss: 0.7385479 Test Loss: 0.3698689
EarlyStopping counter: 1 out of 3
Updating learning rate to 6.25e-06
	iters: 100, epoch: 6 | loss: 0.2945988
	speed: 0.0147s/iter; left time: 11.6176s
Epoch: 6 cost time: 0.7348253726959229
Epoch: 6, Steps: 178 | Train Loss: 0.3148561 Vali Loss: 0.7317277 Test Loss: 0.3701313
EarlyStopping counter: 2 out of 3
Updating learning rate to 3.125e-06
	iters: 100, epoch: 7 | loss: 0.3419343
	speed: 0.0148s/iter; left time: 9.0537s
Epoch: 7 cost time: 0.7587447166442871
Epoch: 7, Steps: 178 | Train Loss: 0.3141523 Vali Loss: 0.7276323 Test Loss: 0.3699860
Validation loss decreased (0.729419 --> 0.727632).  Saving model ...
Updating learning rate to 1.5625e-06
	iters: 100, epoch: 8 | loss: 0.3257378
	speed: 0.0149s/iter; left time: 6.4855s
Epoch: 8 cost time: 0.7396335601806641
Epoch: 8, Steps: 178 | Train Loss: 0.3144628 Vali Loss: 0.7299211 Test Loss: 0.3700021
EarlyStopping counter: 1 out of 3
Updating learning rate to 7.8125e-07
	iters: 100, epoch: 9 | loss: 0.2911441
	speed: 0.0143s/iter; left time: 3.6623s
Epoch: 9 cost time: 0.7410528659820557
Epoch: 9, Steps: 178 | Train Loss: 0.3151047 Vali Loss: 0.7320914 Test Loss: 0.3699250
EarlyStopping counter: 2 out of 3
Updating learning rate to 3.90625e-07
	iters: 100, epoch: 10 | loss: 0.3468138
	speed: 0.0151s/iter; left time: 1.1895s
Epoch: 10 cost time: 0.7540452480316162
Epoch: 10, Steps: 178 | Train Loss: 0.3153171 Vali Loss: 0.7415121 Test Loss: 0.3699644
EarlyStopping counter: 3 out of 3
Early stopping
>>>>>>>testing : long_term_forecast_LBv2_ETTh1_DLinear_1440_s2021_DLinear_ETTh1_ftM_sl1440_ll48_pl96_dm128_nh8_el2_dl1_df128_expand2_dc4_fc3_ebtimeF_dtTrue_Exp_0<<<<<<<<<<<<<<<<<<<<<<<<<<<<<<<<<
test 2785
test shape: (2785, 96, 7) (2785, 96, 7)
test shape: (2785, 96, 7) (2785, 96, 7)
mse:0.3682842254638672, mae:0.4006519019603729, dtw:Not calculated
