Using GPU
Args in experiment:
[1mBasic Config[0m
  Task Name:          long_term_forecast  Is Training:        1                   
  Model ID:           LBv2_ETTh2_DLinear_1440_s2021Model:              DLinear             

[1mData Loader[0m
  Data:               ETTh2               Root Path:          ./dataset/ETT-small/
  Data Path:          ETTh2.csv           Features:           M                   
  Target:             OT                  Freq:               h                   
  Checkpoints:        ./checkpoints/      

[1mForecasting Task[0m
  Seq Len:            1440                Label Len:          48                  
  Pred Len:           96                  Seasonal Patterns:  Monthly             
  Inverse:            0                   

[1mModel Parameters[0m
  Top k:              5                   Num Kernels:        6                   
  Enc In:             7                   Dec In:             7                   
  C Out:              7                   d model:            128                 
  n heads:            8                   e layers:           2                   
  d layers:           1                   d FF:               128                 
  Moving Avg:         25                  Factor:             3                   
  Distil:             1                   Dropout:            0.1                 
  Embed:              timeF               Activation:         gelu                

[1mRun Parameters[0m
  Num Workers:        2                   Itr:                1                   
  Train Epochs:       10                  Batch Size:         32                  
  Patience:           3                   Learning Rate:      0.0001              
  Des:                Exp                 Loss:               MSE                 
  Lradj:              type1               Use Amp:            0                   

[1mGPU[0m
  Use GPU:            1                   GPU:                0                   
  Use Multi GPU:      0                   Devices:            0,1,2,3             

[1mDe-stationary Projector Params[0m
  P Hidden Dims:      128, 128            P Hidden Layers:    2                   

Use GPU: cuda:0
🚀 Lazy Loading: DLinear ...
>>>>>>>start training : long_term_forecast_LBv2_ETTh2_DLinear_1440_s2021_DLinear_ETTh2_ftM_sl1440_ll48_pl96_dm128_nh8_el2_dl1_df128_expand2_dc4_fc3_ebtimeF_dtTrue_Exp_0>>>>>>>>>>>>>>>>>>>>>>>>>>
train window subsample: keep 5665/7105 windows (max_train_windows=5665)
train 5665
val 2785
test 2785
	iters: 100, epoch: 1 | loss: 0.2632183
	speed: 0.0241s/iter; left time: 40.5170s
Epoch: 1 cost time: 1.8630361557006836
Epoch: 1, Steps: 178 | Train Loss: 0.4997899 Vali Loss: 0.2749365 Test Loss: 0.3789213
Validation loss decreased (inf --> 0.274937).  Saving model ...
Updating learning rate to 0.0001
	iters: 100, epoch: 2 | loss: 0.4899400
	speed: 0.0337s/iter; left time: 50.6498s
Epoch: 2 cost time: 1.6153178215026855
Epoch: 2, Steps: 178 | Train Loss: 0.4328207 Vali Loss: 0.2418167 Test Loss: 0.2968966
Validation loss decreased (0.274937 --> 0.241817).  Saving model ...
Updating learning rate to 5e-05
	iters: 100, epoch: 3 | loss: 0.2854491
	speed: 0.0339s/iter; left time: 44.8624s
Epoch: 3 cost time: 1.6321663856506348
Epoch: 3, Steps: 178 | Train Loss: 0.4160355 Vali Loss: 0.2586041 Test Loss: 0.3540982
EarlyStopping counter: 1 out of 3
Updating learning rate to 2.5e-05
	iters: 100, epoch: 4 | loss: 0.4337157
	speed: 0.0338s/iter; left time: 38.8177s
Epoch: 4 cost time: 1.6165556907653809
Epoch: 4, Steps: 178 | Train Loss: 0.4090683 Vali Loss: 0.2510652 Test Loss: 0.3318511
EarlyStopping counter: 2 out of 3
Updating learning rate to 1.25e-05
	iters: 100, epoch: 5 | loss: 0.4349163
	speed: 0.0338s/iter; left time: 32.7371s
Epoch: 5 cost time: 1.6220712661743164
Epoch: 5, Steps: 178 | Train Loss: 0.4056919 Vali Loss: 0.2475858 Test Loss: 0.3285464
EarlyStopping counter: 3 out of 3
Early stopping
>>>>>>>testing : long_term_forecast_LBv2_ETTh2_DLinear_1440_s2021_DLinear_ETTh2_ftM_sl1440_ll48_pl96_dm128_nh8_el2_dl1_df128_expand2_dc4_fc3_ebtimeF_dtTrue_Exp_0<<<<<<<<<<<<<<<<<<<<<<<<<<<<<<<<<
test 2785
test shape: (2785, 96, 7) (2785, 96, 7)
test shape: (2785, 96, 7) (2785, 96, 7)
mse:0.2984108030796051, mae:0.36601319909095764, dtw:Not calculated
