Using GPU
Args in experiment:
[1mBasic Config[0m
  Task Name:          long_term_forecast  Is Training:        1                   
  Model ID:           LBv2_ETTh1_TimesNet_336_s2021Model:              TimesNet            

[1mData Loader[0m
  Data:               ETTh1               Root Path:          ./dataset/ETT-small/
  Data Path:          ETTh1.csv           Features:           M                   
  Target:             OT                  Freq:               h                   
  Checkpoints:        ./checkpoints/      

[1mForecasting Task[0m
  Seq Len:            336                 Label Len:          48                  
  Pred Len:           96                  Seasonal Patterns:  Monthly             
  Inverse:            0                   

[1mModel Parameters[0m
  Top k:              5                   Num Kernels:        6                   
  Enc In:             7                   Dec In:             7                   
  C Out:              7                   d model:            16                  
  n heads:            8                   e layers:           2                   
  d layers:           1                   d FF:               32                  
  Moving Avg:         25                  Factor:             3                   
  Distil:             1                   Dropout:            0.1                 
  Embed:              timeF               Activation:         gelu                

[1mRun Parameters[0m
  Num Workers:        10                  Itr:                1                   
  Train Epochs:       10                  Batch Size:         32                  
  Patience:           3                   Learning Rate:      0.0001              
  Des:                Exp                 Loss:               MSE                 
  Lradj:              type1               Use Amp:            0                   

[1mGPU[0m
  Use GPU:            1                   GPU:                0                   
  Use Multi GPU:      0                   Devices:            0,1,2,3             

[1mDe-stationary Projector Params[0m
  P Hidden Dims:      128, 128            P Hidden Layers:    2                   

Use GPU: cuda:0
🚀 Lazy Loading: TimesNet ...
>>>>>>>start training : long_term_forecast_LBv2_ETTh1_TimesNet_336_s2021_TimesNet_ETTh1_ftM_sl336_ll48_pl96_dm16_nh8_el2_dl1_df32_expand2_dc4_fc3_ebtimeF_dtTrue_Exp_0>>>>>>>>>>>>>>>>>>>>>>>>>>
train window subsample: keep 5665/8209 windows (max_train_windows=5665)
train 5665
val 2785
test 2785
	iters: 100, epoch: 1 | loss: 0.5058086
	speed: 0.5384s/iter; left time: 905.0288s
Epoch: 1 cost time: 74.0055685043335
Epoch: 1, Steps: 178 | Train Loss: 0.5309845 Vali Loss: 0.9989982 Test Loss: 0.4499954
Validation loss decreased (inf --> 0.998998).  Saving model ...
Updating learning rate to 0.0001
	iters: 100, epoch: 2 | loss: 0.3691813
	speed: 1.2456s/iter; left time: 1872.0938s
Epoch: 2 cost time: 64.24457931518555
Epoch: 2, Steps: 178 | Train Loss: 0.3801324 Vali Loss: 0.8800637 Test Loss: 0.4264464
Validation loss decreased (0.998998 --> 0.880064).  Saving model ...
Updating learning rate to 5e-05
	iters: 100, epoch: 3 | loss: 0.3784840
	speed: 1.2798s/iter; left time: 1695.7082s
Epoch: 3 cost time: 66.66216349601746
Epoch: 3, Steps: 178 | Train Loss: 0.3475445 Vali Loss: 0.8625674 Test Loss: 0.4235710
Validation loss decreased (0.880064 --> 0.862567).  Saving model ...
Updating learning rate to 2.5e-05
	iters: 100, epoch: 4 | loss: 0.2742370
	speed: 1.2659s/iter; left time: 1451.9480s
Epoch: 4 cost time: 63.17219305038452
Epoch: 4, Steps: 178 | Train Loss: 0.3376323 Vali Loss: 0.8663014 Test Loss: 0.4253201
EarlyStopping counter: 1 out of 3
Updating learning rate to 1.25e-05
	iters: 100, epoch: 5 | loss: 0.3861420
	speed: 1.2139s/iter; left time: 1176.2419s
Epoch: 5 cost time: 61.853933572769165
Epoch: 5, Steps: 178 | Train Loss: 0.3330535 Vali Loss: 0.8505597 Test Loss: 0.4196995
Validation loss decreased (0.862567 --> 0.850560).  Saving model ...
Updating learning rate to 6.25e-06
	iters: 100, epoch: 6 | loss: 0.4187115
	speed: 1.1207s/iter; left time: 886.4698s
Epoch: 6 cost time: 58.25510859489441
Epoch: 6, Steps: 178 | Train Loss: 0.3300335 Vali Loss: 0.8528548 Test Loss: 0.4219573
EarlyStopping counter: 1 out of 3
Updating learning rate to 3.125e-06
	iters: 100, epoch: 7 | loss: 0.2893681
	speed: 1.1782s/iter; left time: 722.2406s
Epoch: 7 cost time: 63.13149118423462
Epoch: 7, Steps: 178 | Train Loss: 0.3297015 Vali Loss: 0.8463239 Test Loss: 0.4212243
Validation loss decreased (0.850560 --> 0.846324).  Saving model ...
Updating learning rate to 1.5625e-06
	iters: 100, epoch: 8 | loss: 0.2995544
	speed: 1.1480s/iter; left time: 499.3629s
Epoch: 8 cost time: 61.10382437705994
Epoch: 8, Steps: 178 | Train Loss: 0.3298868 Vali Loss: 0.8811942 Test Loss: 0.4201494
EarlyStopping counter: 1 out of 3
Updating learning rate to 7.8125e-07
	iters: 100, epoch: 9 | loss: 0.3033830
	speed: 1.2132s/iter; left time: 311.7847s
Epoch: 9 cost time: 62.144524335861206
Epoch: 9, Steps: 178 | Train Loss: 0.3284101 Vali Loss: 0.8491391 Test Loss: 0.4201491
EarlyStopping counter: 2 out of 3
Updating learning rate to 3.90625e-07
	iters: 100, epoch: 10 | loss: 0.3597131
	speed: 1.2530s/iter; left time: 98.9862s
Epoch: 10 cost time: 65.23521256446838
Epoch: 10, Steps: 178 | Train Loss: 0.3279782 Vali Loss: 0.8548513 Test Loss: 0.4201914
EarlyStopping counter: 3 out of 3
Early stopping
>>>>>>>testing : long_term_forecast_LBv2_ETTh1_TimesNet_336_s2021_TimesNet_ETTh1_ftM_sl336_ll48_pl96_dm16_nh8_el2_dl1_df32_expand2_dc4_fc3_ebtimeF_dtTrue_Exp_0<<<<<<<<<<<<<<<<<<<<<<<<<<<<<<<<<
test 2785
test shape: (2785, 96, 7) (2785, 96, 7)
test shape: (2785, 96, 7) (2785, 96, 7)
mse:0.4201986789703369, mae:0.4387529194355011, dtw:Not calculated
