Using GPU
Args in experiment:
[1mBasic Config[0m
  Task Name:          long_term_forecast  Is Training:        1                   
  Model ID:           LBv2_ETTh2_iTransformer_96_s2022Model:              iTransformer        

[1mData Loader[0m
  Data:               ETTh2               Root Path:          ./dataset/ETT-small/
  Data Path:          ETTh2.csv           Features:           M                   
  Target:             OT                  Freq:               h                   
  Checkpoints:        ./checkpoints/      

[1mForecasting Task[0m
  Seq Len:            96                  Label Len:          48                  
  Pred Len:           96                  Seasonal Patterns:  Monthly             
  Inverse:            0                   

[1mModel Parameters[0m
  Top k:              5                   Num Kernels:        6                   
  Enc In:             7                   Dec In:             7                   
  C Out:              7                   d model:            128                 
  n heads:            8                   e layers:           2                   
  d layers:           1                   d FF:               128                 
  Moving Avg:         25                  Factor:             3                   
  Distil:             1                   Dropout:            0.1                 
  Embed:              timeF               Activation:         gelu                

[1mRun Parameters[0m
  Num Workers:        2                   Itr:                1                   
  Train Epochs:       10                  Batch Size:         32                  
  Patience:           3                   Learning Rate:      0.0001              
  Des:                Exp                 Loss:               MSE                 
  Lradj:              type1               Use Amp:            0                   

[1mGPU[0m
  Use GPU:            1                   GPU:                0                   
  Use Multi GPU:      0                   Devices:            0,1,2,3             

[1mDe-stationary Projector Params[0m
  P Hidden Dims:      128, 128            P Hidden Layers:    2                   

Use GPU: cuda:0
🚀 Lazy Loading: iTransformer ...
>>>>>>>start training : long_term_forecast_LBv2_ETTh2_iTransformer_96_s2022_iTransformer_ETTh2_ftM_sl96_ll48_pl96_dm128_nh8_el2_dl1_df128_expand2_dc4_fc3_ebtimeF_dtTrue_Exp_0>>>>>>>>>>>>>>>>>>>>>>>>>>
train window subsample: keep 5665/8449 windows (max_train_windows=5665)
train 5665
val 2785
test 2785
	iters: 100, epoch: 1 | loss: 0.5304258
	speed: 0.0228s/iter; left time: 38.2859s
Epoch: 1 cost time: 1.6015167236328125
Epoch: 1, Steps: 178 | Train Loss: 0.4989546 Vali Loss: 0.2391375 Test Loss: 0.3125313
Validation loss decreased (inf --> 0.239138).  Saving model ...
Updating learning rate to 0.0001
	iters: 100, epoch: 2 | loss: 0.5061724
	speed: 0.0188s/iter; left time: 28.3274s
Epoch: 2 cost time: 1.195950984954834
Epoch: 2, Steps: 178 | Train Loss: 0.4410761 Vali Loss: 0.2231998 Test Loss: 0.3003524
Validation loss decreased (0.239138 --> 0.223200).  Saving model ...
Updating learning rate to 5e-05
	iters: 100, epoch: 3 | loss: 0.2966010
	speed: 0.0188s/iter; left time: 24.8792s
Epoch: 3 cost time: 1.1879932880401611
Epoch: 3, Steps: 178 | Train Loss: 0.4246362 Vali Loss: 0.2205493 Test Loss: 0.2978516
Validation loss decreased (0.223200 --> 0.220549).  Saving model ...
Updating learning rate to 2.5e-05
	iters: 100, epoch: 4 | loss: 0.6910524
	speed: 0.0186s/iter; left time: 21.3167s
Epoch: 4 cost time: 1.1863651275634766
Epoch: 4, Steps: 178 | Train Loss: 0.4168409 Vali Loss: 0.2200416 Test Loss: 0.2966996
Validation loss decreased (0.220549 --> 0.220042).  Saving model ...
Updating learning rate to 1.25e-05
	iters: 100, epoch: 5 | loss: 0.2062246
	speed: 0.0187s/iter; left time: 18.0824s
Epoch: 5 cost time: 1.2017958164215088
Epoch: 5, Steps: 178 | Train Loss: 0.4132708 Vali Loss: 0.2266018 Test Loss: 0.2969632
EarlyStopping counter: 1 out of 3
Updating learning rate to 6.25e-06
	iters: 100, epoch: 6 | loss: 0.2828276
	speed: 0.0187s/iter; left time: 14.7694s
Epoch: 6 cost time: 1.172668218612671
Epoch: 6, Steps: 178 | Train Loss: 0.4114073 Vali Loss: 0.2283749 Test Loss: 0.2967391
EarlyStopping counter: 2 out of 3
Updating learning rate to 3.125e-06
	iters: 100, epoch: 7 | loss: 0.3633581
	speed: 0.0183s/iter; left time: 11.2273s
Epoch: 7 cost time: 1.2042913436889648
Epoch: 7, Steps: 178 | Train Loss: 0.4137648 Vali Loss: 0.2217859 Test Loss: 0.2966776
EarlyStopping counter: 3 out of 3
Early stopping
>>>>>>>testing : long_term_forecast_LBv2_ETTh2_iTransformer_96_s2022_iTransformer_ETTh2_ftM_sl96_ll48_pl96_dm128_nh8_el2_dl1_df128_expand2_dc4_fc3_ebtimeF_dtTrue_Exp_0<<<<<<<<<<<<<<<<<<<<<<<<<<<<<<<<<
test 2785
test shape: (2785, 96, 7) (2785, 96, 7)
test shape: (2785, 96, 7) (2785, 96, 7)
mse:0.29877519607543945, mae:0.3496105670928955, dtw:Not calculated
