Using GPU
Args in experiment:
[1mBasic Config[0m
  Task Name:          long_term_forecast  Is Training:        1                   
  Model ID:           LBv2_ETTh1_DLinear_2880_s2023Model:              DLinear             

[1mData Loader[0m
  Data:               ETTh1               Root Path:          ./dataset/ETT-small/
  Data Path:          ETTh1.csv           Features:           M                   
  Target:             OT                  Freq:               h                   
  Checkpoints:        ./checkpoints/      

[1mForecasting Task[0m
  Seq Len:            2880                Label Len:          48                  
  Pred Len:           96                  Seasonal Patterns:  Monthly             
  Inverse:            0                   

[1mModel Parameters[0m
  Top k:              5                   Num Kernels:        6                   
  Enc In:             7                   Dec In:             7                   
  C Out:              7                   d model:            128                 
  n heads:            8                   e layers:           2                   
  d layers:           1                   d FF:               128                 
  Moving Avg:         25                  Factor:             3                   
  Distil:             1                   Dropout:            0.1                 
  Embed:              timeF               Activation:         gelu                

[1mRun Parameters[0m
  Num Workers:        2                   Itr:                1                   
  Train Epochs:       10                  Batch Size:         32                  
  Patience:           3                   Learning Rate:      0.0001              
  Des:                Exp                 Loss:               MSE                 
  Lradj:              type1               Use Amp:            0                   

[1mGPU[0m
  Use GPU:            1                   GPU:                0                   
  Use Multi GPU:      0                   Devices:            0,1,2,3             

[1mDe-stationary Projector Params[0m
  P Hidden Dims:      128, 128            P Hidden Layers:    2                   

Use GPU: cuda:0
🚀 Lazy Loading: DLinear ...
>>>>>>>start training : long_term_forecast_LBv2_ETTh1_DLinear_2880_s2023_DLinear_ETTh1_ftM_sl2880_ll48_pl96_dm128_nh8_el2_dl1_df128_expand2_dc4_fc3_ebtimeF_dtTrue_Exp_0>>>>>>>>>>>>>>>>>>>>>>>>>>
train 5665
val 2785
test 2785
	iters: 100, epoch: 1 | loss: 0.3127820
	speed: 0.0187s/iter; left time: 31.3858s
Epoch: 1 cost time: 0.9937708377838135
Epoch: 1, Steps: 178 | Train Loss: 0.3857896 Vali Loss: 0.7988256 Test Loss: 0.4001940
Validation loss decreased (inf --> 0.798826).  Saving model ...
Updating learning rate to 0.0001
	iters: 100, epoch: 2 | loss: 0.3095520
	speed: 0.0163s/iter; left time: 24.5086s
Epoch: 2 cost time: 0.8837981224060059
Epoch: 2, Steps: 178 | Train Loss: 0.3196663 Vali Loss: 0.7518503 Test Loss: 0.4040728
Validation loss decreased (0.798826 --> 0.751850).  Saving model ...
Updating learning rate to 5e-05
	iters: 100, epoch: 3 | loss: 0.2921121
	speed: 0.0173s/iter; left time: 22.9266s
Epoch: 3 cost time: 0.9080417156219482
Epoch: 3, Steps: 178 | Train Loss: 0.3010938 Vali Loss: 0.7391885 Test Loss: 0.3954362
Validation loss decreased (0.751850 --> 0.739188).  Saving model ...
Updating learning rate to 2.5e-05
	iters: 100, epoch: 4 | loss: 0.3144005
	speed: 0.0177s/iter; left time: 20.3352s
Epoch: 4 cost time: 0.8967692852020264
Epoch: 4, Steps: 178 | Train Loss: 0.2951622 Vali Loss: 0.7397510 Test Loss: 0.3887715
EarlyStopping counter: 1 out of 3
Updating learning rate to 1.25e-05
	iters: 100, epoch: 5 | loss: 0.2476122
	speed: 0.0174s/iter; left time: 16.8178s
Epoch: 5 cost time: 0.8924541473388672
Epoch: 5, Steps: 178 | Train Loss: 0.2920438 Vali Loss: 0.7494846 Test Loss: 0.3906964
EarlyStopping counter: 2 out of 3
Updating learning rate to 6.25e-06
	iters: 100, epoch: 6 | loss: 0.3247652
	speed: 0.0175s/iter; left time: 13.8349s
Epoch: 6 cost time: 0.9009606838226318
Epoch: 6, Steps: 178 | Train Loss: 0.2907493 Vali Loss: 0.7438759 Test Loss: 0.3913267
EarlyStopping counter: 3 out of 3
Early stopping
>>>>>>>testing : long_term_forecast_LBv2_ETTh1_DLinear_2880_s2023_DLinear_ETTh1_ftM_sl2880_ll48_pl96_dm128_nh8_el2_dl1_df128_expand2_dc4_fc3_ebtimeF_dtTrue_Exp_0<<<<<<<<<<<<<<<<<<<<<<<<<<<<<<<<<
test 2785
test shape: (2785, 96, 7) (2785, 96, 7)
test shape: (2785, 96, 7) (2785, 96, 7)
mse:0.39313650131225586, mae:0.42781081795692444, dtw:Not calculated
