Using GPU
Args in experiment:
[1mBasic Config[0m
  Task Name:          long_term_forecast  Is Training:        1                   
  Model ID:           LBv2_ETTh2_DLinear_336_s2021Model:              DLinear             

[1mData Loader[0m
  Data:               ETTh2               Root Path:          ./dataset/ETT-small/
  Data Path:          ETTh2.csv           Features:           M                   
  Target:             OT                  Freq:               h                   
  Checkpoints:        ./checkpoints/      

[1mForecasting Task[0m
  Seq Len:            336                 Label Len:          48                  
  Pred Len:           96                  Seasonal Patterns:  Monthly             
  Inverse:            0                   

[1mModel Parameters[0m
  Top k:              5                   Num Kernels:        6                   
  Enc In:             7                   Dec In:             7                   
  C Out:              7                   d model:            128                 
  n heads:            8                   e layers:           2                   
  d layers:           1                   d FF:               128                 
  Moving Avg:         25                  Factor:             3                   
  Distil:             1                   Dropout:            0.1                 
  Embed:              timeF               Activation:         gelu                

[1mRun Parameters[0m
  Num Workers:        10                  Itr:                1                   
  Train Epochs:       10                  Batch Size:         32                  
  Patience:           3                   Learning Rate:      0.0001              
  Des:                Exp                 Loss:               MSE                 
  Lradj:              type1               Use Amp:            0                   

[1mGPU[0m
  Use GPU:            1                   GPU:                0                   
  Use Multi GPU:      0                   Devices:            0,1,2,3             

[1mDe-stationary Projector Params[0m
  P Hidden Dims:      128, 128            P Hidden Layers:    2                   

Use GPU: cuda:0
🚀 Lazy Loading: DLinear ...
>>>>>>>start training : long_term_forecast_LBv2_ETTh2_DLinear_336_s2021_DLinear_ETTh2_ftM_sl336_ll48_pl96_dm128_nh8_el2_dl1_df128_expand2_dc4_fc3_ebtimeF_dtTrue_Exp_0>>>>>>>>>>>>>>>>>>>>>>>>>>
train window subsample: keep 5665/8209 windows (max_train_windows=5665)
train 5665
val 2785
test 2785
	iters: 100, epoch: 1 | loss: 0.4508446
	speed: 0.4648s/iter; left time: 781.3961s
Epoch: 1 cost time: 64.47451210021973
Epoch: 1, Steps: 178 | Train Loss: 0.4674390 Vali Loss: 0.2579391 Test Loss: 0.3513872
Validation loss decreased (inf --> 0.257939).  Saving model ...
Updating learning rate to 0.0001
	iters: 100, epoch: 2 | loss: 0.6643673
	speed: 1.2457s/iter; left time: 1872.3332s
Epoch: 2 cost time: 62.25443124771118
Epoch: 2, Steps: 178 | Train Loss: 0.4277614 Vali Loss: 0.2369463 Test Loss: 0.3077016
Validation loss decreased (0.257939 --> 0.236946).  Saving model ...
Updating learning rate to 5e-05
	iters: 100, epoch: 3 | loss: 0.2504099
	speed: 1.2511s/iter; left time: 1657.7348s
Epoch: 3 cost time: 63.32610535621643
Epoch: 3, Steps: 178 | Train Loss: 0.4108868 Vali Loss: 0.2411481 Test Loss: 0.3209555
EarlyStopping counter: 1 out of 3
Updating learning rate to 2.5e-05
	iters: 100, epoch: 4 | loss: 0.4034319
	speed: 1.2983s/iter; left time: 1489.1777s
Epoch: 4 cost time: 65.37890267372131
Epoch: 4, Steps: 178 | Train Loss: 0.4083214 Vali Loss: 0.2382670 Test Loss: 0.3222913
EarlyStopping counter: 2 out of 3
Updating learning rate to 1.25e-05
	iters: 100, epoch: 5 | loss: 0.5426889
	speed: 1.2969s/iter; left time: 1256.7148s
Epoch: 5 cost time: 63.74994874000549
Epoch: 5, Steps: 178 | Train Loss: 0.4056281 Vali Loss: 0.2342472 Test Loss: 0.3123383
Validation loss decreased (0.236946 --> 0.234247).  Saving model ...
Updating learning rate to 6.25e-06
	iters: 100, epoch: 6 | loss: 0.2003407
	speed: 1.3171s/iter; left time: 1041.8362s
Epoch: 6 cost time: 63.11467504501343
Epoch: 6, Steps: 178 | Train Loss: 0.4095317 Vali Loss: 0.2349144 Test Loss: 0.3155962
EarlyStopping counter: 1 out of 3
Updating learning rate to 3.125e-06
	iters: 100, epoch: 7 | loss: 0.2751010
	speed: 1.2370s/iter; left time: 758.2820s
Epoch: 7 cost time: 66.50398111343384
Epoch: 7, Steps: 178 | Train Loss: 0.4036069 Vali Loss: 0.2349350 Test Loss: 0.3138053
EarlyStopping counter: 2 out of 3
Updating learning rate to 1.5625e-06
	iters: 100, epoch: 8 | loss: 0.3048873
	speed: 1.3352s/iter; left time: 580.7936s
Epoch: 8 cost time: 64.12704372406006
Epoch: 8, Steps: 178 | Train Loss: 0.4029817 Vali Loss: 0.2384570 Test Loss: 0.3136426
EarlyStopping counter: 3 out of 3
Early stopping
>>>>>>>testing : long_term_forecast_LBv2_ETTh2_DLinear_336_s2021_DLinear_ETTh2_ftM_sl336_ll48_pl96_dm128_nh8_el2_dl1_df128_expand2_dc4_fc3_ebtimeF_dtTrue_Exp_0<<<<<<<<<<<<<<<<<<<<<<<<<<<<<<<<<
test 2785
test shape: (2785, 96, 7) (2785, 96, 7)
test shape: (2785, 96, 7) (2785, 96, 7)
mse:0.3143024146556854, mae:0.3762871325016022, dtw:Not calculated
