Using GPU
Args in experiment:
[1mBasic Config[0m
  Task Name:          long_term_forecast  Is Training:        1                   
  Model ID:           LBv2_ETTh1_iTransformer_1440_s2023Model:              iTransformer        

[1mData Loader[0m
  Data:               ETTh1               Root Path:          ./dataset/ETT-small/
  Data Path:          ETTh1.csv           Features:           M                   
  Target:             OT                  Freq:               h                   
  Checkpoints:        ./checkpoints/      

[1mForecasting Task[0m
  Seq Len:            1440                Label Len:          48                  
  Pred Len:           96                  Seasonal Patterns:  Monthly             
  Inverse:            0                   

[1mModel Parameters[0m
  Top k:              5                   Num Kernels:        6                   
  Enc In:             7                   Dec In:             7                   
  C Out:              7                   d model:            128                 
  n heads:            8                   e layers:           2                   
  d layers:           1                   d FF:               128                 
  Moving Avg:         25                  Factor:             3                   
  Distil:             1                   Dropout:            0.1                 
  Embed:              timeF               Activation:         gelu                

[1mRun Parameters[0m
  Num Workers:        2                   Itr:                1                   
  Train Epochs:       10                  Batch Size:         32                  
  Patience:           3                   Learning Rate:      0.0001              
  Des:                Exp                 Loss:               MSE                 
  Lradj:              type1               Use Amp:            0                   

[1mGPU[0m
  Use GPU:            1                   GPU:                0                   
  Use Multi GPU:      0                   Devices:            0,1,2,3             

[1mDe-stationary Projector Params[0m
  P Hidden Dims:      128, 128            P Hidden Layers:    2                   

Use GPU: cuda:0
🚀 Lazy Loading: iTransformer ...
>>>>>>>start training : long_term_forecast_LBv2_ETTh1_iTransformer_1440_s2023_iTransformer_ETTh1_ftM_sl1440_ll48_pl96_dm128_nh8_el2_dl1_df128_expand2_dc4_fc3_ebtimeF_dtTrue_Exp_0>>>>>>>>>>>>>>>>>>>>>>>>>>
train window subsample: keep 5665/7105 windows (max_train_windows=5665)
train 5665
val 2785
test 2785
	iters: 100, epoch: 1 | loss: 0.4558450
	speed: 0.0242s/iter; left time: 40.7086s
Epoch: 1 cost time: 1.6941068172454834
Epoch: 1, Steps: 178 | Train Loss: 0.4976239 Vali Loss: 0.8713022 Test Loss: 0.4128839
Validation loss decreased (inf --> 0.871302).  Saving model ...
Updating learning rate to 0.0001
	iters: 100, epoch: 2 | loss: 0.3680303
	speed: 0.0216s/iter; left time: 32.4063s
Epoch: 2 cost time: 1.3850841522216797
Epoch: 2, Steps: 178 | Train Loss: 0.3855634 Vali Loss: 0.8071931 Test Loss: 0.4019420
Validation loss decreased (0.871302 --> 0.807193).  Saving model ...
Updating learning rate to 5e-05
	iters: 100, epoch: 3 | loss: 0.3546718
	speed: 0.0220s/iter; left time: 29.1527s
Epoch: 3 cost time: 1.3521411418914795
Epoch: 3, Steps: 178 | Train Loss: 0.3578624 Vali Loss: 0.8103057 Test Loss: 0.4058237
EarlyStopping counter: 1 out of 3
Updating learning rate to 2.5e-05
	iters: 100, epoch: 4 | loss: 0.4092880
	speed: 0.0222s/iter; left time: 25.4283s
Epoch: 4 cost time: 1.3863625526428223
Epoch: 4, Steps: 178 | Train Loss: 0.3467218 Vali Loss: 0.8128285 Test Loss: 0.4031983
EarlyStopping counter: 2 out of 3
Updating learning rate to 1.25e-05
	iters: 100, epoch: 5 | loss: 0.3373773
	speed: 0.0222s/iter; left time: 21.5316s
Epoch: 5 cost time: 1.3738799095153809
Epoch: 5, Steps: 178 | Train Loss: 0.3414561 Vali Loss: 0.8086743 Test Loss: 0.4044318
EarlyStopping counter: 3 out of 3
Early stopping
>>>>>>>testing : long_term_forecast_LBv2_ETTh1_iTransformer_1440_s2023_iTransformer_ETTh1_ftM_sl1440_ll48_pl96_dm128_nh8_el2_dl1_df128_expand2_dc4_fc3_ebtimeF_dtTrue_Exp_0<<<<<<<<<<<<<<<<<<<<<<<<<<<<<<<<<
test 2785
test shape: (2785, 96, 7) (2785, 96, 7)
test shape: (2785, 96, 7) (2785, 96, 7)
mse:0.40137243270874023, mae:0.4320451021194458, dtw:Not calculated
