Using GPU
Args in experiment:
[1mBasic Config[0m
  Task Name:          long_term_forecast  Is Training:        1                   
  Model ID:           LBv2_ETTh1_iTransformer_336_s2022Model:              iTransformer        

[1mData Loader[0m
  Data:               ETTh1               Root Path:          ./dataset/ETT-small/
  Data Path:          ETTh1.csv           Features:           M                   
  Target:             OT                  Freq:               h                   
  Checkpoints:        ./checkpoints/      

[1mForecasting Task[0m
  Seq Len:            336                 Label Len:          48                  
  Pred Len:           96                  Seasonal Patterns:  Monthly             
  Inverse:            0                   

[1mModel Parameters[0m
  Top k:              5                   Num Kernels:        6                   
  Enc In:             7                   Dec In:             7                   
  C Out:              7                   d model:            128                 
  n heads:            8                   e layers:           2                   
  d layers:           1                   d FF:               128                 
  Moving Avg:         25                  Factor:             3                   
  Distil:             1                   Dropout:            0.1                 
  Embed:              timeF               Activation:         gelu                

[1mRun Parameters[0m
  Num Workers:        2                   Itr:                1                   
  Train Epochs:       10                  Batch Size:         32                  
  Patience:           3                   Learning Rate:      0.0001              
  Des:                Exp                 Loss:               MSE                 
  Lradj:              type1               Use Amp:            0                   

[1mGPU[0m
  Use GPU:            1                   GPU:                0                   
  Use Multi GPU:      0                   Devices:            0,1,2,3             

[1mDe-stationary Projector Params[0m
  P Hidden Dims:      128, 128            P Hidden Layers:    2                   

Use GPU: cuda:0
🚀 Lazy Loading: iTransformer ...
>>>>>>>start training : long_term_forecast_LBv2_ETTh1_iTransformer_336_s2022_iTransformer_ETTh1_ftM_sl336_ll48_pl96_dm128_nh8_el2_dl1_df128_expand2_dc4_fc3_ebtimeF_dtTrue_Exp_0>>>>>>>>>>>>>>>>>>>>>>>>>>
train window subsample: keep 5665/8209 windows (max_train_windows=5665)
train 5665
val 2785
test 2785
	iters: 100, epoch: 1 | loss: 0.3890365
	speed: 0.0226s/iter; left time: 37.9935s
Epoch: 1 cost time: 1.5991859436035156
Epoch: 1, Steps: 178 | Train Loss: 0.4848300 Vali Loss: 0.7827433 Test Loss: 0.4361963
Validation loss decreased (inf --> 0.782743).  Saving model ...
Updating learning rate to 0.0001
	iters: 100, epoch: 2 | loss: 0.3822910
	speed: 0.0192s/iter; left time: 28.9113s
Epoch: 2 cost time: 1.2426393032073975
Epoch: 2, Steps: 178 | Train Loss: 0.3917890 Vali Loss: 0.7248180 Test Loss: 0.4095295
Validation loss decreased (0.782743 --> 0.724818).  Saving model ...
Updating learning rate to 5e-05
	iters: 100, epoch: 3 | loss: 0.3685395
	speed: 0.0189s/iter; left time: 25.0943s
Epoch: 3 cost time: 1.2146086692810059
Epoch: 3, Steps: 178 | Train Loss: 0.3778133 Vali Loss: 0.7183060 Test Loss: 0.4057781
Validation loss decreased (0.724818 --> 0.718306).  Saving model ...
Updating learning rate to 2.5e-05
	iters: 100, epoch: 4 | loss: 0.3334156
	speed: 0.0194s/iter; left time: 22.2268s
Epoch: 4 cost time: 1.218425989151001
Epoch: 4, Steps: 178 | Train Loss: 0.3698629 Vali Loss: 0.7151229 Test Loss: 0.4031537
Validation loss decreased (0.718306 --> 0.715123).  Saving model ...
Updating learning rate to 1.25e-05
	iters: 100, epoch: 5 | loss: 0.3300681
	speed: 0.0189s/iter; left time: 18.3588s
Epoch: 5 cost time: 1.236555576324463
Epoch: 5, Steps: 178 | Train Loss: 0.3667648 Vali Loss: 0.7099124 Test Loss: 0.4031094
Validation loss decreased (0.715123 --> 0.709912).  Saving model ...
Updating learning rate to 6.25e-06
	iters: 100, epoch: 6 | loss: 0.3772157
	speed: 0.0193s/iter; left time: 15.2724s
Epoch: 6 cost time: 1.2183682918548584
Epoch: 6, Steps: 178 | Train Loss: 0.3648761 Vali Loss: 0.7176237 Test Loss: 0.4025744
EarlyStopping counter: 1 out of 3
Updating learning rate to 3.125e-06
	iters: 100, epoch: 7 | loss: 0.3911625
	speed: 0.0191s/iter; left time: 11.7044s
Epoch: 7 cost time: 1.2336399555206299
Epoch: 7, Steps: 178 | Train Loss: 0.3645642 Vali Loss: 0.7186416 Test Loss: 0.4024285
EarlyStopping counter: 2 out of 3
Updating learning rate to 1.5625e-06
	iters: 100, epoch: 8 | loss: 0.3730244
	speed: 0.0190s/iter; left time: 8.2550s
Epoch: 8 cost time: 1.2272679805755615
Epoch: 8, Steps: 178 | Train Loss: 0.3643190 Vali Loss: 0.7213311 Test Loss: 0.4023389
EarlyStopping counter: 3 out of 3
Early stopping
>>>>>>>testing : long_term_forecast_LBv2_ETTh1_iTransformer_336_s2022_iTransformer_ETTh1_ftM_sl336_ll48_pl96_dm128_nh8_el2_dl1_df128_expand2_dc4_fc3_ebtimeF_dtTrue_Exp_0<<<<<<<<<<<<<<<<<<<<<<<<<<<<<<<<<
test 2785
test shape: (2785, 96, 7) (2785, 96, 7)
test shape: (2785, 96, 7) (2785, 96, 7)
mse:0.4020253121852875, mae:0.42119792103767395, dtw:Not calculated
