Using GPU
Args in experiment:
[1mBasic Config[0m
  Task Name:          long_term_forecast  Is Training:        1                   
  Model ID:           LBv2_ETTh1_TimesNet_2880_s2021Model:              TimesNet            

[1mData Loader[0m
  Data:               ETTh1               Root Path:          ./dataset/ETT-small/
  Data Path:          ETTh1.csv           Features:           M                   
  Target:             OT                  Freq:               h                   
  Checkpoints:        ./checkpoints/      

[1mForecasting Task[0m
  Seq Len:            2880                Label Len:          48                  
  Pred Len:           96                  Seasonal Patterns:  Monthly             
  Inverse:            0                   

[1mModel Parameters[0m
  Top k:              5                   Num Kernels:        6                   
  Enc In:             7                   Dec In:             7                   
  C Out:              7                   d model:            16                  
  n heads:            8                   e layers:           2                   
  d layers:           1                   d FF:               32                  
  Moving Avg:         25                  Factor:             3                   
  Distil:             1                   Dropout:            0.1                 
  Embed:              timeF               Activation:         gelu                

[1mRun Parameters[0m
  Num Workers:        2                   Itr:                1                   
  Train Epochs:       10                  Batch Size:         32                  
  Patience:           3                   Learning Rate:      0.0001              
  Des:                Exp                 Loss:               MSE                 
  Lradj:              type1               Use Amp:            0                   

[1mGPU[0m
  Use GPU:            1                   GPU:                0                   
  Use Multi GPU:      0                   Devices:            0,1,2,3             

[1mDe-stationary Projector Params[0m
  P Hidden Dims:      128, 128            P Hidden Layers:    2                   

Use GPU: cuda:0
🚀 Lazy Loading: TimesNet ...
>>>>>>>start training : long_term_forecast_LBv2_ETTh1_TimesNet_2880_s2021_TimesNet_ETTh1_ftM_sl2880_ll48_pl96_dm16_nh8_el2_dl1_df32_expand2_dc4_fc3_ebtimeF_dtTrue_Exp_0>>>>>>>>>>>>>>>>>>>>>>>>>>
train 5665
val 2785
test 2785
	iters: 100, epoch: 1 | loss: 0.5093634
	speed: 0.1556s/iter; left time: 261.6309s
Epoch: 1 cost time: 25.134361505508423
Epoch: 1, Steps: 178 | Train Loss: 0.6380968 Vali Loss: 1.5124705 Test Loss: 0.9819134
Validation loss decreased (inf --> 1.512471).  Saving model ...
Updating learning rate to 0.0001
	iters: 100, epoch: 2 | loss: 0.3978742
	speed: 0.3259s/iter; left time: 489.8902s
Epoch: 2 cost time: 25.03916597366333
Epoch: 2, Steps: 178 | Train Loss: 0.4040094 Vali Loss: 1.3682785 Test Loss: 0.9641488
Validation loss decreased (1.512471 --> 1.368279).  Saving model ...
Updating learning rate to 5e-05
	iters: 100, epoch: 3 | loss: 0.3476149
	speed: 0.3356s/iter; left time: 444.6613s
Epoch: 3 cost time: 25.845303773880005
Epoch: 3, Steps: 178 | Train Loss: 0.3505990 Vali Loss: 1.3951187 Test Loss: 1.0383031
EarlyStopping counter: 1 out of 3
Updating learning rate to 2.5e-05
	iters: 100, epoch: 4 | loss: 0.3007738
	speed: 0.3344s/iter; left time: 383.6085s
Epoch: 4 cost time: 25.965587377548218
Epoch: 4, Steps: 178 | Train Loss: 0.3298995 Vali Loss: 1.4218432 Test Loss: 1.0915279
EarlyStopping counter: 2 out of 3
Updating learning rate to 1.25e-05
	iters: 100, epoch: 5 | loss: 0.2958812
	speed: 0.3351s/iter; left time: 324.7494s
Epoch: 5 cost time: 25.90135359764099
Epoch: 5, Steps: 178 | Train Loss: 0.3184961 Vali Loss: 1.4287507 Test Loss: 1.1099193
EarlyStopping counter: 3 out of 3
Early stopping
>>>>>>>testing : long_term_forecast_LBv2_ETTh1_TimesNet_2880_s2021_TimesNet_ETTh1_ftM_sl2880_ll48_pl96_dm16_nh8_el2_dl1_df32_expand2_dc4_fc3_ebtimeF_dtTrue_Exp_0<<<<<<<<<<<<<<<<<<<<<<<<<<<<<<<<<
test 2785
test shape: (2785, 96, 7) (2785, 96, 7)
test shape: (2785, 96, 7) (2785, 96, 7)
mse:0.9644225239753723, mae:0.7410117387771606, dtw:Not calculated
