Using GPU
Args in experiment:
[1mBasic Config[0m
  Task Name:          long_term_forecast  Is Training:        1                   
  Model ID:           LBv2_ETTh2_PatchTST_1440_s2021Model:              PatchTST            

[1mData Loader[0m
  Data:               ETTh2               Root Path:          ./dataset/ETT-small/
  Data Path:          ETTh2.csv           Features:           M                   
  Target:             OT                  Freq:               h                   
  Checkpoints:        ./checkpoints/      

[1mForecasting Task[0m
  Seq Len:            1440                Label Len:          48                  
  Pred Len:           96                  Seasonal Patterns:  Monthly             
  Inverse:            0                   

[1mModel Parameters[0m
  Top k:              5                   Num Kernels:        6                   
  Enc In:             7                   Dec In:             7                   
  C Out:              7                   d model:            512                 
  n heads:            4                   e layers:           3                   
  d layers:           1                   d FF:               2048                
  Moving Avg:         25                  Factor:             3                   
  Distil:             1                   Dropout:            0.1                 
  Embed:              timeF               Activation:         gelu                

[1mRun Parameters[0m
  Num Workers:        2                   Itr:                1                   
  Train Epochs:       10                  Batch Size:         32                  
  Patience:           3                   Learning Rate:      0.0001              
  Des:                Exp                 Loss:               MSE                 
  Lradj:              type1               Use Amp:            0                   

[1mGPU[0m
  Use GPU:            1                   GPU:                0                   
  Use Multi GPU:      0                   Devices:            0,1,2,3             

[1mDe-stationary Projector Params[0m
  P Hidden Dims:      128, 128            P Hidden Layers:    2                   

Use GPU: cuda:0
🚀 Lazy Loading: PatchTST ...
>>>>>>>start training : long_term_forecast_LBv2_ETTh2_PatchTST_1440_s2021_PatchTST_ETTh2_ftM_sl1440_ll48_pl96_dm512_nh4_el3_dl1_df2048_expand2_dc4_fc3_ebtimeF_dtTrue_Exp_0>>>>>>>>>>>>>>>>>>>>>>>>>>
train window subsample: keep 5665/7105 windows (max_train_windows=5665)
train 5665
val 2785
test 2785
	iters: 100, epoch: 1 | loss: 0.2714778
	speed: 0.3756s/iter; left time: 631.3944s
Epoch: 1 cost time: 64.1230993270874
Epoch: 1, Steps: 178 | Train Loss: 0.6503924 Vali Loss: 0.3614517 Test Loss: 0.3407140
Validation loss decreased (inf --> 0.361452).  Saving model ...
Updating learning rate to 0.0001
	iters: 100, epoch: 2 | loss: 0.4708943
	speed: 0.8497s/iter; left time: 1277.1399s
Epoch: 2 cost time: 63.55158543586731
Epoch: 2, Steps: 178 | Train Loss: 0.3640948 Vali Loss: 0.3737928 Test Loss: 0.3387926
EarlyStopping counter: 1 out of 3
Updating learning rate to 5e-05
	iters: 100, epoch: 3 | loss: 0.2421877
	speed: 0.8493s/iter; left time: 1125.3763s
Epoch: 3 cost time: 63.348366022109985
Epoch: 3, Steps: 178 | Train Loss: 0.2710227 Vali Loss: 0.3796670 Test Loss: 0.3508026
EarlyStopping counter: 2 out of 3
Updating learning rate to 2.5e-05
	iters: 100, epoch: 4 | loss: 0.1710116
	speed: 0.8366s/iter; left time: 959.5801s
Epoch: 4 cost time: 62.256996870040894
Epoch: 4, Steps: 178 | Train Loss: 0.2407764 Vali Loss: 0.3734995 Test Loss: 0.3545976
EarlyStopping counter: 3 out of 3
Early stopping
>>>>>>>testing : long_term_forecast_LBv2_ETTh2_PatchTST_1440_s2021_PatchTST_ETTh2_ftM_sl1440_ll48_pl96_dm512_nh4_el3_dl1_df2048_expand2_dc4_fc3_ebtimeF_dtTrue_Exp_0<<<<<<<<<<<<<<<<<<<<<<<<<<<<<<<<<
test 2785
test shape: (2785, 96, 7) (2785, 96, 7)
test shape: (2785, 96, 7) (2785, 96, 7)
mse:0.3409728407859802, mae:0.39755162596702576, dtw:Not calculated
