Using GPU
Args in experiment:
[1mBasic Config[0m
  Task Name:          long_term_forecast  Is Training:        1                   
  Model ID:           LBv2_ETTh1_PatchTST_336_s2022Model:              PatchTST            

[1mData Loader[0m
  Data:               ETTh1               Root Path:          ./dataset/ETT-small/
  Data Path:          ETTh1.csv           Features:           M                   
  Target:             OT                  Freq:               h                   
  Checkpoints:        ./checkpoints/      

[1mForecasting Task[0m
  Seq Len:            336                 Label Len:          48                  
  Pred Len:           96                  Seasonal Patterns:  Monthly             
  Inverse:            0                   

[1mModel Parameters[0m
  Top k:              5                   Num Kernels:        6                   
  Enc In:             7                   Dec In:             7                   
  C Out:              7                   d model:            512                 
  n heads:            2                   e layers:           1                   
  d layers:           1                   d FF:               2048                
  Moving Avg:         25                  Factor:             3                   
  Distil:             1                   Dropout:            0.1                 
  Embed:              timeF               Activation:         gelu                

[1mRun Parameters[0m
  Num Workers:        2                   Itr:                1                   
  Train Epochs:       10                  Batch Size:         32                  
  Patience:           3                   Learning Rate:      0.0001              
  Des:                Exp                 Loss:               MSE                 
  Lradj:              type1               Use Amp:            0                   

[1mGPU[0m
  Use GPU:            1                   GPU:                0                   
  Use Multi GPU:      0                   Devices:            0,1,2,3             

[1mDe-stationary Projector Params[0m
  P Hidden Dims:      128, 128            P Hidden Layers:    2                   

Use GPU: cuda:0
🚀 Lazy Loading: PatchTST ...
>>>>>>>start training : long_term_forecast_LBv2_ETTh1_PatchTST_336_s2022_PatchTST_ETTh1_ftM_sl336_ll48_pl96_dm512_nh2_el1_dl1_df2048_expand2_dc4_fc3_ebtimeF_dtTrue_Exp_0>>>>>>>>>>>>>>>>>>>>>>>>>>
train window subsample: keep 5665/8209 windows (max_train_windows=5665)
train 5665
val 2785
test 2785
	iters: 100, epoch: 1 | loss: 0.4577674
	speed: 0.0286s/iter; left time: 48.0453s
Epoch: 1 cost time: 2.4716882705688477
Epoch: 1, Steps: 178 | Train Loss: 0.4396381 Vali Loss: 0.9109241 Test Loss: 0.4693665
Validation loss decreased (inf --> 0.910924).  Saving model ...
Updating learning rate to 0.0001
	iters: 100, epoch: 2 | loss: 0.3652407
	speed: 0.0318s/iter; left time: 47.7442s
Epoch: 2 cost time: 2.002424478530884
Epoch: 2, Steps: 178 | Train Loss: 0.4082338 Vali Loss: 0.7863492 Test Loss: 0.4210221
Validation loss decreased (0.910924 --> 0.786349).  Saving model ...
Updating learning rate to 5e-05
	iters: 100, epoch: 3 | loss: 0.4085004
	speed: 0.0313s/iter; left time: 41.5092s
Epoch: 3 cost time: 1.970991849899292
Epoch: 3, Steps: 178 | Train Loss: 0.3758221 Vali Loss: 0.7122320 Test Loss: 0.3988242
Validation loss decreased (0.786349 --> 0.712232).  Saving model ...
Updating learning rate to 2.5e-05
	iters: 100, epoch: 4 | loss: 0.3223777
	speed: 0.0317s/iter; left time: 36.3767s
Epoch: 4 cost time: 1.9965505599975586
Epoch: 4, Steps: 178 | Train Loss: 0.3610784 Vali Loss: 0.6954627 Test Loss: 0.3874796
Validation loss decreased (0.712232 --> 0.695463).  Saving model ...
Updating learning rate to 1.25e-05
	iters: 100, epoch: 5 | loss: 0.3779860
	speed: 0.0317s/iter; left time: 30.7558s
Epoch: 5 cost time: 1.9746692180633545
Epoch: 5, Steps: 178 | Train Loss: 0.3548682 Vali Loss: 0.7049717 Test Loss: 0.3866866
EarlyStopping counter: 1 out of 3
Updating learning rate to 6.25e-06
	iters: 100, epoch: 6 | loss: 0.3416874
	speed: 0.0311s/iter; left time: 24.6030s
Epoch: 6 cost time: 1.9717841148376465
Epoch: 6, Steps: 178 | Train Loss: 0.3509763 Vali Loss: 0.7000831 Test Loss: 0.3829140
EarlyStopping counter: 2 out of 3
Updating learning rate to 3.125e-06
	iters: 100, epoch: 7 | loss: 0.3311016
	speed: 0.0310s/iter; left time: 19.0236s
Epoch: 7 cost time: 1.9820752143859863
Epoch: 7, Steps: 178 | Train Loss: 0.3490717 Vali Loss: 0.7039844 Test Loss: 0.3838322
EarlyStopping counter: 3 out of 3
Early stopping
>>>>>>>testing : long_term_forecast_LBv2_ETTh1_PatchTST_336_s2022_PatchTST_ETTh1_ftM_sl336_ll48_pl96_dm512_nh2_el1_dl1_df2048_expand2_dc4_fc3_ebtimeF_dtTrue_Exp_0<<<<<<<<<<<<<<<<<<<<<<<<<<<<<<<<<
test 2785
test shape: (2785, 96, 7) (2785, 96, 7)
test shape: (2785, 96, 7) (2785, 96, 7)
mse:0.3866218626499176, mae:0.40619957447052, dtw:Not calculated
