Using GPU
Args in experiment:
[1mBasic Config[0m
  Task Name:          long_term_forecast  Is Training:        1                   
  Model ID:           LBv2_ETTh1_DLinear_336_s2021Model:              DLinear             

[1mData Loader[0m
  Data:               ETTh1               Root Path:          ./dataset/ETT-small/
  Data Path:          ETTh1.csv           Features:           M                   
  Target:             OT                  Freq:               h                   
  Checkpoints:        ./checkpoints/      

[1mForecasting Task[0m
  Seq Len:            336                 Label Len:          48                  
  Pred Len:           96                  Seasonal Patterns:  Monthly             
  Inverse:            0                   

[1mModel Parameters[0m
  Top k:              5                   Num Kernels:        6                   
  Enc In:             7                   Dec In:             7                   
  C Out:              7                   d model:            128                 
  n heads:            8                   e layers:           2                   
  d layers:           1                   d FF:               128                 
  Moving Avg:         25                  Factor:             3                   
  Distil:             1                   Dropout:            0.1                 
  Embed:              timeF               Activation:         gelu                

[1mRun Parameters[0m
  Num Workers:        10                  Itr:                1                   
  Train Epochs:       10                  Batch Size:         32                  
  Patience:           3                   Learning Rate:      0.0001              
  Des:                Exp                 Loss:               MSE                 
  Lradj:              type1               Use Amp:            0                   

[1mGPU[0m
  Use GPU:            1                   GPU:                0                   
  Use Multi GPU:      0                   Devices:            0,1,2,3             

[1mDe-stationary Projector Params[0m
  P Hidden Dims:      128, 128            P Hidden Layers:    2                   

Use GPU: cuda:0
🚀 Lazy Loading: DLinear ...
>>>>>>>start training : long_term_forecast_LBv2_ETTh1_DLinear_336_s2021_DLinear_ETTh1_ftM_sl336_ll48_pl96_dm128_nh8_el2_dl1_df128_expand2_dc4_fc3_ebtimeF_dtTrue_Exp_0>>>>>>>>>>>>>>>>>>>>>>>>>>
train window subsample: keep 5665/8209 windows (max_train_windows=5665)
train 5665
val 2785
test 2785
	iters: 100, epoch: 1 | loss: 0.4308020
	speed: 0.4308s/iter; left time: 724.2123s
Epoch: 1 cost time: 59.10829186439514
Epoch: 1, Steps: 178 | Train Loss: 0.4181207 Vali Loss: 0.7405398 Test Loss: 0.4049836
Validation loss decreased (inf --> 0.740540).  Saving model ...
Updating learning rate to 0.0001
	iters: 100, epoch: 2 | loss: 0.3485672
	speed: 1.1564s/iter; left time: 1738.1113s
Epoch: 2 cost time: 59.81274199485779
Epoch: 2, Steps: 178 | Train Loss: 0.3610538 Vali Loss: 0.6974388 Test Loss: 0.3894087
Validation loss decreased (0.740540 --> 0.697439).  Saving model ...
Updating learning rate to 5e-05
	iters: 100, epoch: 3 | loss: 0.2892489
	speed: 1.2095s/iter; left time: 1602.6478s
Epoch: 3 cost time: 60.51875185966492
Epoch: 3, Steps: 178 | Train Loss: 0.3504156 Vali Loss: 0.6851154 Test Loss: 0.3843640
Validation loss decreased (0.697439 --> 0.685115).  Saving model ...
Updating learning rate to 2.5e-05
	iters: 100, epoch: 4 | loss: 0.3426455
	speed: 1.2230s/iter; left time: 1402.7698s
Epoch: 4 cost time: 60.73442459106445
Epoch: 4, Steps: 178 | Train Loss: 0.3469548 Vali Loss: 0.6776991 Test Loss: 0.3832294
Validation loss decreased (0.685115 --> 0.677699).  Saving model ...
Updating learning rate to 1.25e-05
	iters: 100, epoch: 5 | loss: 0.3649818
	speed: 1.1881s/iter; left time: 1151.2484s
Epoch: 5 cost time: 58.758373975753784
Epoch: 5, Steps: 178 | Train Loss: 0.3465402 Vali Loss: 0.6759028 Test Loss: 0.3820444
Validation loss decreased (0.677699 --> 0.675903).  Saving model ...
Updating learning rate to 6.25e-06
	iters: 100, epoch: 6 | loss: 0.2851872
	speed: 1.1408s/iter; left time: 902.3483s
Epoch: 6 cost time: 59.06106662750244
Epoch: 6, Steps: 178 | Train Loss: 0.3461837 Vali Loss: 0.6754003 Test Loss: 0.3818948
Validation loss decreased (0.675903 --> 0.675400).  Saving model ...
Updating learning rate to 3.125e-06
	iters: 100, epoch: 7 | loss: 0.4250269
	speed: 1.1910s/iter; left time: 730.0770s
Epoch: 7 cost time: 58.6629843711853
Epoch: 7, Steps: 178 | Train Loss: 0.3460606 Vali Loss: 0.6801509 Test Loss: 0.3818904
EarlyStopping counter: 1 out of 3
Updating learning rate to 1.5625e-06
	iters: 100, epoch: 8 | loss: 0.3711730
	speed: 1.1973s/iter; left time: 520.8332s
Epoch: 8 cost time: 61.370699882507324
Epoch: 8, Steps: 178 | Train Loss: 0.3445900 Vali Loss: 0.6718222 Test Loss: 0.3817998
Validation loss decreased (0.675400 --> 0.671822).  Saving model ...
Updating learning rate to 7.8125e-07
	iters: 100, epoch: 9 | loss: 0.3627517
	speed: 1.2076s/iter; left time: 310.3600s
Epoch: 9 cost time: 60.72180533409119
Epoch: 9, Steps: 178 | Train Loss: 0.3447285 Vali Loss: 0.6745752 Test Loss: 0.3817352
EarlyStopping counter: 1 out of 3
Updating learning rate to 3.90625e-07
	iters: 100, epoch: 10 | loss: 0.3591329
	speed: 1.1964s/iter; left time: 94.5135s
Epoch: 10 cost time: 59.650468826293945
Epoch: 10, Steps: 178 | Train Loss: 0.3448939 Vali Loss: 0.6810222 Test Loss: 0.3816985
EarlyStopping counter: 2 out of 3
Updating learning rate to 1.953125e-07
>>>>>>>testing : long_term_forecast_LBv2_ETTh1_DLinear_336_s2021_DLinear_ETTh1_ftM_sl336_ll48_pl96_dm128_nh8_el2_dl1_df128_expand2_dc4_fc3_ebtimeF_dtTrue_Exp_0<<<<<<<<<<<<<<<<<<<<<<<<<<<<<<<<<
test 2785
test shape: (2785, 96, 7) (2785, 96, 7)
test shape: (2785, 96, 7) (2785, 96, 7)
mse:0.38050171732902527, mae:0.40376394987106323, dtw:Not calculated
