Using GPU
Args in experiment:
[1mBasic Config[0m
  Task Name:          long_term_forecast  Is Training:        1                   
  Model ID:           LBv2_ETTh2_DLinear_336_s2022Model:              DLinear             

[1mData Loader[0m
  Data:               ETTh2               Root Path:          ./dataset/ETT-small/
  Data Path:          ETTh2.csv           Features:           M                   
  Target:             OT                  Freq:               h                   
  Checkpoints:        ./checkpoints/      

[1mForecasting Task[0m
  Seq Len:            336                 Label Len:          48                  
  Pred Len:           96                  Seasonal Patterns:  Monthly             
  Inverse:            0                   

[1mModel Parameters[0m
  Top k:              5                   Num Kernels:        6                   
  Enc In:             7                   Dec In:             7                   
  C Out:              7                   d model:            128                 
  n heads:            8                   e layers:           2                   
  d layers:           1                   d FF:               128                 
  Moving Avg:         25                  Factor:             3                   
  Distil:             1                   Dropout:            0.1                 
  Embed:              timeF               Activation:         gelu                

[1mRun Parameters[0m
  Num Workers:        2                   Itr:                1                   
  Train Epochs:       10                  Batch Size:         32                  
  Patience:           3                   Learning Rate:      0.0001              
  Des:                Exp                 Loss:               MSE                 
  Lradj:              type1               Use Amp:            0                   

[1mGPU[0m
  Use GPU:            1                   GPU:                0                   
  Use Multi GPU:      0                   Devices:            0,1,2,3             

[1mDe-stationary Projector Params[0m
  P Hidden Dims:      128, 128            P Hidden Layers:    2                   

Use GPU: cuda:0
🚀 Lazy Loading: DLinear ...
>>>>>>>start training : long_term_forecast_LBv2_ETTh2_DLinear_336_s2022_DLinear_ETTh2_ftM_sl336_ll48_pl96_dm128_nh8_el2_dl1_df128_expand2_dc4_fc3_ebtimeF_dtTrue_Exp_0>>>>>>>>>>>>>>>>>>>>>>>>>>
train window subsample: keep 5665/8209 windows (max_train_windows=5665)
train 5665
val 2785
test 2785
	iters: 100, epoch: 1 | loss: 0.3461896
	speed: 0.0168s/iter; left time: 28.3140s
Epoch: 1 cost time: 0.6976525783538818
Epoch: 1, Steps: 178 | Train Loss: 0.4676389 Vali Loss: 0.2451671 Test Loss: 0.3160869
Validation loss decreased (inf --> 0.245167).  Saving model ...
Updating learning rate to 0.0001
	iters: 100, epoch: 2 | loss: 0.2777698
	speed: 0.0093s/iter; left time: 13.9950s
Epoch: 2 cost time: 0.4822092056274414
Epoch: 2, Steps: 178 | Train Loss: 0.4285843 Vali Loss: 0.2393414 Test Loss: 0.3129758
Validation loss decreased (0.245167 --> 0.239341).  Saving model ...
Updating learning rate to 5e-05
	iters: 100, epoch: 3 | loss: 0.5637949
	speed: 0.0094s/iter; left time: 12.4323s
Epoch: 3 cost time: 0.4932842254638672
Epoch: 3, Steps: 178 | Train Loss: 0.4123805 Vali Loss: 0.2400885 Test Loss: 0.3246769
EarlyStopping counter: 1 out of 3
Updating learning rate to 2.5e-05
	iters: 100, epoch: 4 | loss: 0.6257541
	speed: 0.0093s/iter; left time: 10.6974s
Epoch: 4 cost time: 0.49303579330444336
Epoch: 4, Steps: 178 | Train Loss: 0.4061667 Vali Loss: 0.2351533 Test Loss: 0.3081666
Validation loss decreased (0.239341 --> 0.235153).  Saving model ...
Updating learning rate to 1.25e-05
	iters: 100, epoch: 5 | loss: 0.4466971
	speed: 0.0097s/iter; left time: 9.3960s
Epoch: 5 cost time: 0.4985511302947998
Epoch: 5, Steps: 178 | Train Loss: 0.4049482 Vali Loss: 0.2333815 Test Loss: 0.3103683
Validation loss decreased (0.235153 --> 0.233382).  Saving model ...
Updating learning rate to 6.25e-06
	iters: 100, epoch: 6 | loss: 0.3093887
	speed: 0.0099s/iter; left time: 7.8220s
Epoch: 6 cost time: 0.5382978916168213
Epoch: 6, Steps: 178 | Train Loss: 0.4034401 Vali Loss: 0.2347924 Test Loss: 0.3160319
EarlyStopping counter: 1 out of 3
Updating learning rate to 3.125e-06
	iters: 100, epoch: 7 | loss: 0.4895333
	speed: 0.0102s/iter; left time: 6.2702s
Epoch: 7 cost time: 0.5615353584289551
Epoch: 7, Steps: 178 | Train Loss: 0.4034561 Vali Loss: 0.2343341 Test Loss: 0.3147800
EarlyStopping counter: 2 out of 3
Updating learning rate to 1.5625e-06
	iters: 100, epoch: 8 | loss: 0.2896774
	speed: 0.0097s/iter; left time: 4.2393s
Epoch: 8 cost time: 0.5060946941375732
Epoch: 8, Steps: 178 | Train Loss: 0.4050639 Vali Loss: 0.2350438 Test Loss: 0.3143313
EarlyStopping counter: 3 out of 3
Early stopping
>>>>>>>testing : long_term_forecast_LBv2_ETTh2_DLinear_336_s2022_DLinear_ETTh2_ftM_sl336_ll48_pl96_dm128_nh8_el2_dl1_df128_expand2_dc4_fc3_ebtimeF_dtTrue_Exp_0<<<<<<<<<<<<<<<<<<<<<<<<<<<<<<<<<
test 2785
test shape: (2785, 96, 7) (2785, 96, 7)
test shape: (2785, 96, 7) (2785, 96, 7)
mse:0.3123070299625397, mae:0.37451210618019104, dtw:Not calculated
