Using GPU
Args in experiment:
[1mBasic Config[0m
  Task Name:          long_term_forecast  Is Training:        1                   
  Model ID:           LBv2_ETTh2_iTransformer_1440_s2023Model:              iTransformer        

[1mData Loader[0m
  Data:               ETTh2               Root Path:          ./dataset/ETT-small/
  Data Path:          ETTh2.csv           Features:           M                   
  Target:             OT                  Freq:               h                   
  Checkpoints:        ./checkpoints/      

[1mForecasting Task[0m
  Seq Len:            1440                Label Len:          48                  
  Pred Len:           96                  Seasonal Patterns:  Monthly             
  Inverse:            0                   

[1mModel Parameters[0m
  Top k:              5                   Num Kernels:        6                   
  Enc In:             7                   Dec In:             7                   
  C Out:              7                   d model:            128                 
  n heads:            8                   e layers:           2                   
  d layers:           1                   d FF:               128                 
  Moving Avg:         25                  Factor:             3                   
  Distil:             1                   Dropout:            0.1                 
  Embed:              timeF               Activation:         gelu                

[1mRun Parameters[0m
  Num Workers:        2                   Itr:                1                   
  Train Epochs:       10                  Batch Size:         32                  
  Patience:           3                   Learning Rate:      0.0001              
  Des:                Exp                 Loss:               MSE                 
  Lradj:              type1               Use Amp:            0                   

[1mGPU[0m
  Use GPU:            1                   GPU:                0                   
  Use Multi GPU:      0                   Devices:            0,1,2,3             

[1mDe-stationary Projector Params[0m
  P Hidden Dims:      128, 128            P Hidden Layers:    2                   

Use GPU: cuda:0
🚀 Lazy Loading: iTransformer ...
>>>>>>>start training : long_term_forecast_LBv2_ETTh2_iTransformer_1440_s2023_iTransformer_ETTh2_ftM_sl1440_ll48_pl96_dm128_nh8_el2_dl1_df128_expand2_dc4_fc3_ebtimeF_dtTrue_Exp_0>>>>>>>>>>>>>>>>>>>>>>>>>>
train window subsample: keep 5665/7105 windows (max_train_windows=5665)
train 5665
val 2785
test 2785
	iters: 100, epoch: 1 | loss: 0.3808598
	speed: 0.0235s/iter; left time: 39.4823s
Epoch: 1 cost time: 1.6930184364318848
Epoch: 1, Steps: 178 | Train Loss: 0.5785012 Vali Loss: 0.3405510 Test Loss: 0.3235914
Validation loss decreased (inf --> 0.340551).  Saving model ...
Updating learning rate to 0.0001
	iters: 100, epoch: 2 | loss: 0.3287869
	speed: 0.0211s/iter; left time: 31.7618s
Epoch: 2 cost time: 1.3241965770721436
Epoch: 2, Steps: 178 | Train Loss: 0.4206463 Vali Loss: 0.3527101 Test Loss: 0.3392054
EarlyStopping counter: 1 out of 3
Updating learning rate to 5e-05
	iters: 100, epoch: 3 | loss: 0.3161610
	speed: 0.0218s/iter; left time: 28.9320s
Epoch: 3 cost time: 1.344012975692749
Epoch: 3, Steps: 178 | Train Loss: 0.3457898 Vali Loss: 0.3598392 Test Loss: 0.3479753
EarlyStopping counter: 2 out of 3
Updating learning rate to 2.5e-05
	iters: 100, epoch: 4 | loss: 0.4418595
	speed: 0.0212s/iter; left time: 24.2865s
Epoch: 4 cost time: 1.3304088115692139
Epoch: 4, Steps: 178 | Train Loss: 0.3280822 Vali Loss: 0.3839955 Test Loss: 0.3508948
EarlyStopping counter: 3 out of 3
Early stopping
>>>>>>>testing : long_term_forecast_LBv2_ETTh2_iTransformer_1440_s2023_iTransformer_ETTh2_ftM_sl1440_ll48_pl96_dm128_nh8_el2_dl1_df128_expand2_dc4_fc3_ebtimeF_dtTrue_Exp_0<<<<<<<<<<<<<<<<<<<<<<<<<<<<<<<<<
test 2785
test shape: (2785, 96, 7) (2785, 96, 7)
test shape: (2785, 96, 7) (2785, 96, 7)
mse:0.3254792094230652, mae:0.3853779137134552, dtw:Not calculated
