Using GPU
Args in experiment:
[1mBasic Config[0m
  Task Name:          long_term_forecast  Is Training:        1                   
  Model ID:           LBv2_ETTh1_PatchTST_336_s2023Model:              PatchTST            

[1mData Loader[0m
  Data:               ETTh1               Root Path:          ./dataset/ETT-small/
  Data Path:          ETTh1.csv           Features:           M                   
  Target:             OT                  Freq:               h                   
  Checkpoints:        ./checkpoints/      

[1mForecasting Task[0m
  Seq Len:            336                 Label Len:          48                  
  Pred Len:           96                  Seasonal Patterns:  Monthly             
  Inverse:            0                   

[1mModel Parameters[0m
  Top k:              5                   Num Kernels:        6                   
  Enc In:             7                   Dec In:             7                   
  C Out:              7                   d model:            512                 
  n heads:            2                   e layers:           1                   
  d layers:           1                   d FF:               2048                
  Moving Avg:         25                  Factor:             3                   
  Distil:             1                   Dropout:            0.1                 
  Embed:              timeF               Activation:         gelu                

[1mRun Parameters[0m
  Num Workers:        2                   Itr:                1                   
  Train Epochs:       10                  Batch Size:         32                  
  Patience:           3                   Learning Rate:      0.0001              
  Des:                Exp                 Loss:               MSE                 
  Lradj:              type1               Use Amp:            0                   

[1mGPU[0m
  Use GPU:            1                   GPU:                0                   
  Use Multi GPU:      0                   Devices:            0,1,2,3             

[1mDe-stationary Projector Params[0m
  P Hidden Dims:      128, 128            P Hidden Layers:    2                   

Use GPU: cuda:0
🚀 Lazy Loading: PatchTST ...
>>>>>>>start training : long_term_forecast_LBv2_ETTh1_PatchTST_336_s2023_PatchTST_ETTh1_ftM_sl336_ll48_pl96_dm512_nh2_el1_dl1_df2048_expand2_dc4_fc3_ebtimeF_dtTrue_Exp_0>>>>>>>>>>>>>>>>>>>>>>>>>>
train window subsample: keep 5665/8209 windows (max_train_windows=5665)
train 5665
val 2785
test 2785
	iters: 100, epoch: 1 | loss: 0.3790587
	speed: 0.0280s/iter; left time: 47.0466s
Epoch: 1 cost time: 2.4107227325439453
Epoch: 1, Steps: 178 | Train Loss: 0.4396927 Vali Loss: 0.7885883 Test Loss: 0.4345236
Validation loss decreased (inf --> 0.788588).  Saving model ...
Updating learning rate to 0.0001
	iters: 100, epoch: 2 | loss: 0.4029228
	speed: 0.0319s/iter; left time: 48.0099s
Epoch: 2 cost time: 1.999873161315918
Epoch: 2, Steps: 178 | Train Loss: 0.4086159 Vali Loss: 0.8158870 Test Loss: 0.4495179
EarlyStopping counter: 1 out of 3
Updating learning rate to 5e-05
	iters: 100, epoch: 3 | loss: 0.3835587
	speed: 0.0315s/iter; left time: 41.7105s
Epoch: 3 cost time: 1.9924097061157227
Epoch: 3, Steps: 178 | Train Loss: 0.3783971 Vali Loss: 0.7268695 Test Loss: 0.4021684
Validation loss decreased (0.788588 --> 0.726869).  Saving model ...
Updating learning rate to 2.5e-05
	iters: 100, epoch: 4 | loss: 0.3862285
	speed: 0.0320s/iter; left time: 36.6834s
Epoch: 4 cost time: 1.981752872467041
Epoch: 4, Steps: 178 | Train Loss: 0.3604140 Vali Loss: 0.6938997 Test Loss: 0.3915432
Validation loss decreased (0.726869 --> 0.693900).  Saving model ...
Updating learning rate to 1.25e-05
	iters: 100, epoch: 5 | loss: 0.2690577
	speed: 0.0318s/iter; left time: 30.8226s
Epoch: 5 cost time: 1.9883854389190674
Epoch: 5, Steps: 178 | Train Loss: 0.3529814 Vali Loss: 0.6915884 Test Loss: 0.4026509
Validation loss decreased (0.693900 --> 0.691588).  Saving model ...
Updating learning rate to 6.25e-06
	iters: 100, epoch: 6 | loss: 0.4094692
	speed: 0.0317s/iter; left time: 25.0902s
Epoch: 6 cost time: 1.9842889308929443
Epoch: 6, Steps: 178 | Train Loss: 0.3478901 Vali Loss: 0.6846014 Test Loss: 0.3902863
Validation loss decreased (0.691588 --> 0.684601).  Saving model ...
Updating learning rate to 3.125e-06
	iters: 100, epoch: 7 | loss: 0.3552736
	speed: 0.0317s/iter; left time: 19.4536s
Epoch: 7 cost time: 1.9914915561676025
Epoch: 7, Steps: 178 | Train Loss: 0.3452711 Vali Loss: 0.6915319 Test Loss: 0.3905048
EarlyStopping counter: 1 out of 3
Updating learning rate to 1.5625e-06
	iters: 100, epoch: 8 | loss: 0.3132321
	speed: 0.0318s/iter; left time: 13.8129s
Epoch: 8 cost time: 1.9944322109222412
Epoch: 8, Steps: 178 | Train Loss: 0.3495340 Vali Loss: 0.6873532 Test Loss: 0.3906705
EarlyStopping counter: 2 out of 3
Updating learning rate to 7.8125e-07
	iters: 100, epoch: 9 | loss: 0.3038707
	speed: 0.0315s/iter; left time: 8.1051s
Epoch: 9 cost time: 1.9894559383392334
Epoch: 9, Steps: 178 | Train Loss: 0.3451386 Vali Loss: 0.6895388 Test Loss: 0.3899799
EarlyStopping counter: 3 out of 3
Early stopping
>>>>>>>testing : long_term_forecast_LBv2_ETTh1_PatchTST_336_s2023_PatchTST_ETTh1_ftM_sl336_ll48_pl96_dm512_nh2_el1_dl1_df2048_expand2_dc4_fc3_ebtimeF_dtTrue_Exp_0<<<<<<<<<<<<<<<<<<<<<<<<<<<<<<<<<
test 2785
test shape: (2785, 96, 7) (2785, 96, 7)
test shape: (2785, 96, 7) (2785, 96, 7)
mse:0.3894244432449341, mae:0.41179513931274414, dtw:Not calculated
