Using GPU
Args in experiment:
[1mBasic Config[0m
  Task Name:          long_term_forecast  Is Training:        1                   
  Model ID:           LBv2_ETTh2_iTransformer_2880_s2021Model:              iTransformer        

[1mData Loader[0m
  Data:               ETTh2               Root Path:          ./dataset/ETT-small/
  Data Path:          ETTh2.csv           Features:           M                   
  Target:             OT                  Freq:               h                   
  Checkpoints:        ./checkpoints/      

[1mForecasting Task[0m
  Seq Len:            2880                Label Len:          48                  
  Pred Len:           96                  Seasonal Patterns:  Monthly             
  Inverse:            0                   

[1mModel Parameters[0m
  Top k:              5                   Num Kernels:        6                   
  Enc In:             7                   Dec In:             7                   
  C Out:              7                   d model:            128                 
  n heads:            8                   e layers:           2                   
  d layers:           1                   d FF:               128                 
  Moving Avg:         25                  Factor:             3                   
  Distil:             1                   Dropout:            0.1                 
  Embed:              timeF               Activation:         gelu                

[1mRun Parameters[0m
  Num Workers:        2                   Itr:                1                   
  Train Epochs:       10                  Batch Size:         32                  
  Patience:           3                   Learning Rate:      0.0001              
  Des:                Exp                 Loss:               MSE                 
  Lradj:              type1               Use Amp:            0                   

[1mGPU[0m
  Use GPU:            1                   GPU:                0                   
  Use Multi GPU:      0                   Devices:            0,1,2,3             

[1mDe-stationary Projector Params[0m
  P Hidden Dims:      128, 128            P Hidden Layers:    2                   

Use GPU: cuda:0
🚀 Lazy Loading: iTransformer ...
>>>>>>>start training : long_term_forecast_LBv2_ETTh2_iTransformer_2880_s2021_iTransformer_ETTh2_ftM_sl2880_ll48_pl96_dm128_nh8_el2_dl1_df128_expand2_dc4_fc3_ebtimeF_dtTrue_Exp_0>>>>>>>>>>>>>>>>>>>>>>>>>>
train 5665
val 2785
test 2785
	iters: 100, epoch: 1 | loss: 0.3265912
	speed: 0.0290s/iter; left time: 48.7781s
Epoch: 1 cost time: 2.5162370204925537
Epoch: 1, Steps: 178 | Train Loss: 0.7112779 Vali Loss: 0.6266039 Test Loss: 0.4340186
Validation loss decreased (inf --> 0.626604).  Saving model ...
Updating learning rate to 0.0001
	iters: 100, epoch: 2 | loss: 0.2583086
	speed: 0.0406s/iter; left time: 60.9586s
Epoch: 2 cost time: 2.0135841369628906
Epoch: 2, Steps: 178 | Train Loss: 0.4241795 Vali Loss: 0.8281615 Test Loss: 0.4881447
EarlyStopping counter: 1 out of 3
Updating learning rate to 5e-05
	iters: 100, epoch: 3 | loss: 0.2200155
	speed: 0.0414s/iter; left time: 54.8096s
Epoch: 3 cost time: 2.0295567512512207
Epoch: 3, Steps: 178 | Train Loss: 0.3518572 Vali Loss: 0.8358970 Test Loss: 0.4896827
EarlyStopping counter: 2 out of 3
Updating learning rate to 2.5e-05
	iters: 100, epoch: 4 | loss: 0.1850467
	speed: 0.0470s/iter; left time: 53.8538s
Epoch: 4 cost time: 2.028982162475586
Epoch: 4, Steps: 178 | Train Loss: 0.3304667 Vali Loss: 0.8683466 Test Loss: 0.4667676
EarlyStopping counter: 3 out of 3
Early stopping
>>>>>>>testing : long_term_forecast_LBv2_ETTh2_iTransformer_2880_s2021_iTransformer_ETTh2_ftM_sl2880_ll48_pl96_dm128_nh8_el2_dl1_df128_expand2_dc4_fc3_ebtimeF_dtTrue_Exp_0<<<<<<<<<<<<<<<<<<<<<<<<<<<<<<<<<
test 2785
test shape: (2785, 96, 7) (2785, 96, 7)
test shape: (2785, 96, 7) (2785, 96, 7)
mse:0.43635231256484985, mae:0.4742048978805542, dtw:Not calculated
