Using GPU
Args in experiment:
[1mBasic Config[0m
  Task Name:          long_term_forecast  Is Training:        1                   
  Model ID:           LBv2_ETTh1_PatchTST_96_s2021Model:              PatchTST            

[1mData Loader[0m
  Data:               ETTh1               Root Path:          ./dataset/ETT-small/
  Data Path:          ETTh1.csv           Features:           M                   
  Target:             OT                  Freq:               h                   
  Checkpoints:        ./checkpoints/      

[1mForecasting Task[0m
  Seq Len:            96                  Label Len:          48                  
  Pred Len:           96                  Seasonal Patterns:  Monthly             
  Inverse:            0                   

[1mModel Parameters[0m
  Top k:              5                   Num Kernels:        6                   
  Enc In:             7                   Dec In:             7                   
  C Out:              7                   d model:            512                 
  n heads:            2                   e layers:           1                   
  d layers:           1                   d FF:               2048                
  Moving Avg:         25                  Factor:             3                   
  Distil:             1                   Dropout:            0.1                 
  Embed:              timeF               Activation:         gelu                

[1mRun Parameters[0m
  Num Workers:        10                  Itr:                1                   
  Train Epochs:       10                  Batch Size:         32                  
  Patience:           3                   Learning Rate:      0.0001              
  Des:                Exp                 Loss:               MSE                 
  Lradj:              type1               Use Amp:            0                   

[1mGPU[0m
  Use GPU:            1                   GPU:                0                   
  Use Multi GPU:      0                   Devices:            0,1,2,3             

[1mDe-stationary Projector Params[0m
  P Hidden Dims:      128, 128            P Hidden Layers:    2                   

Use GPU: cuda:0
🚀 Lazy Loading: PatchTST ...
>>>>>>>start training : long_term_forecast_LBv2_ETTh1_PatchTST_96_s2021_PatchTST_ETTh1_ftM_sl96_ll48_pl96_dm512_nh2_el1_dl1_df2048_expand2_dc4_fc3_ebtimeF_dtTrue_Exp_0>>>>>>>>>>>>>>>>>>>>>>>>>>
train window subsample: keep 5665/8449 windows (max_train_windows=5665)
train 5665
val 2785
test 2785
	iters: 100, epoch: 1 | loss: 0.4477293
	speed: 0.1013s/iter; left time: 170.2386s
Epoch: 1 cost time: 7.450174808502197
Epoch: 1, Steps: 178 | Train Loss: 0.4184818 Vali Loss: 0.7080570 Test Loss: 0.4070627
Validation loss decreased (inf --> 0.708057).  Saving model ...
Updating learning rate to 0.0001
	iters: 100, epoch: 2 | loss: 0.3799979
	speed: 0.1218s/iter; left time: 183.0499s
Epoch: 2 cost time: 5.382821083068848
Epoch: 2, Steps: 178 | Train Loss: 0.3935192 Vali Loss: 0.7193154 Test Loss: 0.3981321
EarlyStopping counter: 1 out of 3
Updating learning rate to 5e-05
	iters: 100, epoch: 3 | loss: 0.3267688
	speed: 0.1061s/iter; left time: 140.5805s
Epoch: 3 cost time: 6.036135911941528
Epoch: 3, Steps: 178 | Train Loss: 0.3799538 Vali Loss: 0.6989081 Test Loss: 0.3888823
Validation loss decreased (0.708057 --> 0.698908).  Saving model ...
Updating learning rate to 2.5e-05
	iters: 100, epoch: 4 | loss: 0.3134207
	speed: 0.1160s/iter; left time: 133.0566s
Epoch: 4 cost time: 5.8814921379089355
Epoch: 4, Steps: 178 | Train Loss: 0.3740674 Vali Loss: 0.6855126 Test Loss: 0.3857377
Validation loss decreased (0.698908 --> 0.685513).  Saving model ...
Updating learning rate to 1.25e-05
	iters: 100, epoch: 5 | loss: 0.4185307
	speed: 0.1152s/iter; left time: 111.6211s
Epoch: 5 cost time: 6.370953321456909
Epoch: 5, Steps: 178 | Train Loss: 0.3723321 Vali Loss: 0.6929621 Test Loss: 0.3842709
EarlyStopping counter: 1 out of 3
Updating learning rate to 6.25e-06
	iters: 100, epoch: 6 | loss: 0.2971232
	speed: 0.1080s/iter; left time: 85.4362s
Epoch: 6 cost time: 5.7733893394470215
Epoch: 6, Steps: 178 | Train Loss: 0.3693980 Vali Loss: 0.6898562 Test Loss: 0.3822664
EarlyStopping counter: 2 out of 3
Updating learning rate to 3.125e-06
	iters: 100, epoch: 7 | loss: 0.2999297
	speed: 0.1180s/iter; left time: 72.3437s
Epoch: 7 cost time: 6.217897415161133
Epoch: 7, Steps: 178 | Train Loss: 0.3694299 Vali Loss: 0.6888924 Test Loss: 0.3812900
EarlyStopping counter: 3 out of 3
Early stopping
>>>>>>>testing : long_term_forecast_LBv2_ETTh1_PatchTST_96_s2021_PatchTST_ETTh1_ftM_sl96_ll48_pl96_dm512_nh2_el1_dl1_df2048_expand2_dc4_fc3_ebtimeF_dtTrue_Exp_0<<<<<<<<<<<<<<<<<<<<<<<<<<<<<<<<<
test 2785
test shape: (2785, 96, 7) (2785, 96, 7)
test shape: (2785, 96, 7) (2785, 96, 7)
mse:0.3849656879901886, mae:0.4000340700149536, dtw:Not calculated
