Using GPU
Args in experiment:
[1mBasic Config[0m
  Task Name:          long_term_forecast  Is Training:        1                   
  Model ID:           LBv2_ETTh1_PatchTST_96_s2023Model:              PatchTST            

[1mData Loader[0m
  Data:               ETTh1               Root Path:          ./dataset/ETT-small/
  Data Path:          ETTh1.csv           Features:           M                   
  Target:             OT                  Freq:               h                   
  Checkpoints:        ./checkpoints/      

[1mForecasting Task[0m
  Seq Len:            96                  Label Len:          48                  
  Pred Len:           96                  Seasonal Patterns:  Monthly             
  Inverse:            0                   

[1mModel Parameters[0m
  Top k:              5                   Num Kernels:        6                   
  Enc In:             7                   Dec In:             7                   
  C Out:              7                   d model:            512                 
  n heads:            2                   e layers:           1                   
  d layers:           1                   d FF:               2048                
  Moving Avg:         25                  Factor:             3                   
  Distil:             1                   Dropout:            0.1                 
  Embed:              timeF               Activation:         gelu                

[1mRun Parameters[0m
  Num Workers:        2                   Itr:                1                   
  Train Epochs:       10                  Batch Size:         32                  
  Patience:           3                   Learning Rate:      0.0001              
  Des:                Exp                 Loss:               MSE                 
  Lradj:              type1               Use Amp:            0                   

[1mGPU[0m
  Use GPU:            1                   GPU:                0                   
  Use Multi GPU:      0                   Devices:            0,1,2,3             

[1mDe-stationary Projector Params[0m
  P Hidden Dims:      128, 128            P Hidden Layers:    2                   

Use GPU: cuda:0
🚀 Lazy Loading: PatchTST ...
>>>>>>>start training : long_term_forecast_LBv2_ETTh1_PatchTST_96_s2023_PatchTST_ETTh1_ftM_sl96_ll48_pl96_dm512_nh2_el1_dl1_df2048_expand2_dc4_fc3_ebtimeF_dtTrue_Exp_0>>>>>>>>>>>>>>>>>>>>>>>>>>
train window subsample: keep 5665/8449 windows (max_train_windows=5665)
train 5665
val 2785
test 2785
	iters: 100, epoch: 1 | loss: 0.4025128
	speed: 0.0218s/iter; left time: 36.7125s
Epoch: 1 cost time: 1.4043848514556885
Epoch: 1, Steps: 178 | Train Loss: 0.4207475 Vali Loss: 0.7282308 Test Loss: 0.4119358
Validation loss decreased (inf --> 0.728231).  Saving model ...
Updating learning rate to 0.0001
	iters: 100, epoch: 2 | loss: 0.4784672
	speed: 0.0172s/iter; left time: 25.8817s
Epoch: 2 cost time: 0.9989955425262451
Epoch: 2, Steps: 178 | Train Loss: 0.3934823 Vali Loss: 0.7365293 Test Loss: 0.4059197
EarlyStopping counter: 1 out of 3
Updating learning rate to 5e-05
	iters: 100, epoch: 3 | loss: 0.4885961
	speed: 0.0167s/iter; left time: 22.1446s
Epoch: 3 cost time: 0.9827449321746826
Epoch: 3, Steps: 178 | Train Loss: 0.3795641 Vali Loss: 0.6892206 Test Loss: 0.3885146
Validation loss decreased (0.728231 --> 0.689221).  Saving model ...
Updating learning rate to 2.5e-05
	iters: 100, epoch: 4 | loss: 0.4249263
	speed: 0.0168s/iter; left time: 19.3075s
Epoch: 4 cost time: 0.9742324352264404
Epoch: 4, Steps: 178 | Train Loss: 0.3730310 Vali Loss: 0.6834991 Test Loss: 0.3839327
Validation loss decreased (0.689221 --> 0.683499).  Saving model ...
Updating learning rate to 1.25e-05
	iters: 100, epoch: 5 | loss: 0.3669090
	speed: 0.0170s/iter; left time: 16.4928s
Epoch: 5 cost time: 0.9781913757324219
Epoch: 5, Steps: 178 | Train Loss: 0.3714631 Vali Loss: 0.6977859 Test Loss: 0.3827328
EarlyStopping counter: 1 out of 3
Updating learning rate to 6.25e-06
	iters: 100, epoch: 6 | loss: 0.3677905
	speed: 0.0164s/iter; left time: 13.0100s
Epoch: 6 cost time: 0.9810969829559326
Epoch: 6, Steps: 178 | Train Loss: 0.3685311 Vali Loss: 0.7189498 Test Loss: 0.3811147
EarlyStopping counter: 2 out of 3
Updating learning rate to 3.125e-06
	iters: 100, epoch: 7 | loss: 0.3057030
	speed: 0.0165s/iter; left time: 10.1417s
Epoch: 7 cost time: 0.970057487487793
Epoch: 7, Steps: 178 | Train Loss: 0.3671252 Vali Loss: 0.6935650 Test Loss: 0.3804332
EarlyStopping counter: 3 out of 3
Early stopping
>>>>>>>testing : long_term_forecast_LBv2_ETTh1_PatchTST_96_s2023_PatchTST_ETTh1_ftM_sl96_ll48_pl96_dm512_nh2_el1_dl1_df2048_expand2_dc4_fc3_ebtimeF_dtTrue_Exp_0<<<<<<<<<<<<<<<<<<<<<<<<<<<<<<<<<
test 2785
test shape: (2785, 96, 7) (2785, 96, 7)
test shape: (2785, 96, 7) (2785, 96, 7)
mse:0.3836447298526764, mae:0.4002325236797333, dtw:Not calculated
