Using GPU
Args in experiment:
[1mBasic Config[0m
  Task Name:          long_term_forecast  Is Training:        1                   
  Model ID:           LBv2_ETTh1_TimesNet_96_s2021Model:              TimesNet            

[1mData Loader[0m
  Data:               ETTh1               Root Path:          ./dataset/ETT-small/
  Data Path:          ETTh1.csv           Features:           M                   
  Target:             OT                  Freq:               h                   
  Checkpoints:        ./checkpoints/      

[1mForecasting Task[0m
  Seq Len:            96                  Label Len:          48                  
  Pred Len:           96                  Seasonal Patterns:  Monthly             
  Inverse:            0                   

[1mModel Parameters[0m
  Top k:              5                   Num Kernels:        6                   
  Enc In:             7                   Dec In:             7                   
  C Out:              7                   d model:            16                  
  n heads:            8                   e layers:           2                   
  d layers:           1                   d FF:               32                  
  Moving Avg:         25                  Factor:             3                   
  Distil:             1                   Dropout:            0.1                 
  Embed:              timeF               Activation:         gelu                

[1mRun Parameters[0m
  Num Workers:        10                  Itr:                1                   
  Train Epochs:       10                  Batch Size:         32                  
  Patience:           3                   Learning Rate:      0.0001              
  Des:                Exp                 Loss:               MSE                 
  Lradj:              type1               Use Amp:            0                   

[1mGPU[0m
  Use GPU:            1                   GPU:                0                   
  Use Multi GPU:      0                   Devices:            0,1,2,3             

[1mDe-stationary Projector Params[0m
  P Hidden Dims:      128, 128            P Hidden Layers:    2                   

Use GPU: cuda:0
🚀 Lazy Loading: TimesNet ...
>>>>>>>start training : long_term_forecast_LBv2_ETTh1_TimesNet_96_s2021_TimesNet_ETTh1_ftM_sl96_ll48_pl96_dm16_nh8_el2_dl1_df32_expand2_dc4_fc3_ebtimeF_dtTrue_Exp_0>>>>>>>>>>>>>>>>>>>>>>>>>>
train window subsample: keep 5665/8449 windows (max_train_windows=5665)
train 5665
val 2785
test 2785
	iters: 100, epoch: 1 | loss: 0.4953188
	speed: 0.2375s/iter; left time: 399.2714s
Epoch: 1 cost time: 27.25956964492798
Epoch: 1, Steps: 178 | Train Loss: 0.5370761 Vali Loss: 0.8571716 Test Loss: 0.4678195
Validation loss decreased (inf --> 0.857172).  Saving model ...
Updating learning rate to 0.0001
	iters: 100, epoch: 2 | loss: 0.4098686
	speed: 0.3498s/iter; left time: 525.7752s
Epoch: 2 cost time: 23.110794067382812
Epoch: 2, Steps: 178 | Train Loss: 0.4098784 Vali Loss: 0.8236630 Test Loss: 0.4111432
Validation loss decreased (0.857172 --> 0.823663).  Saving model ...
Updating learning rate to 5e-05
	iters: 100, epoch: 3 | loss: 0.4042288
	speed: 0.3763s/iter; left time: 498.5615s
Epoch: 3 cost time: 23.042094945907593
Epoch: 3, Steps: 178 | Train Loss: 0.3939631 Vali Loss: 0.8261889 Test Loss: 0.4019759
EarlyStopping counter: 1 out of 3
Updating learning rate to 2.5e-05
	iters: 100, epoch: 4 | loss: 0.4057454
	speed: 0.3655s/iter; left time: 419.2016s
Epoch: 4 cost time: 22.165836095809937
Epoch: 4, Steps: 178 | Train Loss: 0.3864897 Vali Loss: 0.8067407 Test Loss: 0.3981214
Validation loss decreased (0.823663 --> 0.806741).  Saving model ...
Updating learning rate to 1.25e-05
	iters: 100, epoch: 5 | loss: 0.4504872
	speed: 0.3602s/iter; left time: 348.9981s
Epoch: 5 cost time: 23.428595066070557
Epoch: 5, Steps: 178 | Train Loss: 0.3841284 Vali Loss: 0.8004743 Test Loss: 0.3965299
Validation loss decreased (0.806741 --> 0.800474).  Saving model ...
Updating learning rate to 6.25e-06
	iters: 100, epoch: 6 | loss: 0.3914959
	speed: 0.3971s/iter; left time: 314.0882s
Epoch: 6 cost time: 25.224852085113525
Epoch: 6, Steps: 178 | Train Loss: 0.3827459 Vali Loss: 0.8025951 Test Loss: 0.3955457
EarlyStopping counter: 1 out of 3
Updating learning rate to 3.125e-06
	iters: 100, epoch: 7 | loss: 0.3262313
	speed: 0.3666s/iter; left time: 224.7271s
Epoch: 7 cost time: 23.175835609436035
Epoch: 7, Steps: 178 | Train Loss: 0.3820153 Vali Loss: 0.7946526 Test Loss: 0.3952722
Validation loss decreased (0.800474 --> 0.794653).  Saving model ...
Updating learning rate to 1.5625e-06
	iters: 100, epoch: 8 | loss: 0.3596311
	speed: 0.3779s/iter; left time: 164.3868s
Epoch: 8 cost time: 26.896211624145508
Epoch: 8, Steps: 178 | Train Loss: 0.3804375 Vali Loss: 0.7973978 Test Loss: 0.3951001
EarlyStopping counter: 1 out of 3
Updating learning rate to 7.8125e-07
	iters: 100, epoch: 9 | loss: 0.3695504
	speed: 0.4074s/iter; left time: 104.7017s
Epoch: 9 cost time: 26.977197885513306
Epoch: 9, Steps: 178 | Train Loss: 0.3805464 Vali Loss: 0.8061642 Test Loss: 0.3950017
EarlyStopping counter: 2 out of 3
Updating learning rate to 3.90625e-07
	iters: 100, epoch: 10 | loss: 0.3371260
	speed: 0.4455s/iter; left time: 35.1915s
Epoch: 10 cost time: 31.107365131378174
Epoch: 10, Steps: 178 | Train Loss: 0.3801641 Vali Loss: 0.7942554 Test Loss: 0.3949552
Validation loss decreased (0.794653 --> 0.794255).  Saving model ...
Updating learning rate to 1.953125e-07
>>>>>>>testing : long_term_forecast_LBv2_ETTh1_TimesNet_96_s2021_TimesNet_ETTh1_ftM_sl96_ll48_pl96_dm16_nh8_el2_dl1_df32_expand2_dc4_fc3_ebtimeF_dtTrue_Exp_0<<<<<<<<<<<<<<<<<<<<<<<<<<<<<<<<<
test 2785
test shape: (2785, 96, 7) (2785, 96, 7)
test shape: (2785, 96, 7) (2785, 96, 7)
mse:0.39416536688804626, mae:0.4160594940185547, dtw:Not calculated
