Using GPU
Args in experiment:
[1mBasic Config[0m
  Task Name:          long_term_forecast  Is Training:        1                   
  Model ID:           LBv2_ETTh2_DLinear_720_s2021Model:              DLinear             

[1mData Loader[0m
  Data:               ETTh2               Root Path:          ./dataset/ETT-small/
  Data Path:          ETTh2.csv           Features:           M                   
  Target:             OT                  Freq:               h                   
  Checkpoints:        ./checkpoints/      

[1mForecasting Task[0m
  Seq Len:            720                 Label Len:          48                  
  Pred Len:           96                  Seasonal Patterns:  Monthly             
  Inverse:            0                   

[1mModel Parameters[0m
  Top k:              5                   Num Kernels:        6                   
  Enc In:             7                   Dec In:             7                   
  C Out:              7                   d model:            128                 
  n heads:            8                   e layers:           2                   
  d layers:           1                   d FF:               128                 
  Moving Avg:         25                  Factor:             3                   
  Distil:             1                   Dropout:            0.1                 
  Embed:              timeF               Activation:         gelu                

[1mRun Parameters[0m
  Num Workers:        2                   Itr:                1                   
  Train Epochs:       10                  Batch Size:         32                  
  Patience:           3                   Learning Rate:      0.0001              
  Des:                Exp                 Loss:               MSE                 
  Lradj:              type1               Use Amp:            0                   

[1mGPU[0m
  Use GPU:            1                   GPU:                0                   
  Use Multi GPU:      0                   Devices:            0,1,2,3             

[1mDe-stationary Projector Params[0m
  P Hidden Dims:      128, 128            P Hidden Layers:    2                   

Use GPU: cuda:0
🚀 Lazy Loading: DLinear ...
>>>>>>>start training : long_term_forecast_LBv2_ETTh2_DLinear_720_s2021_DLinear_ETTh2_ftM_sl720_ll48_pl96_dm128_nh8_el2_dl1_df128_expand2_dc4_fc3_ebtimeF_dtTrue_Exp_0>>>>>>>>>>>>>>>>>>>>>>>>>>
train window subsample: keep 5665/7825 windows (max_train_windows=5665)
train 5665
val 2785
test 2785
	iters: 100, epoch: 1 | loss: 0.4243183
	speed: 0.0304s/iter; left time: 51.1166s
Epoch: 1 cost time: 2.6467740535736084
Epoch: 1, Steps: 178 | Train Loss: 0.4776768 Vali Loss: 0.2564218 Test Loss: 0.3390340
Validation loss decreased (inf --> 0.256422).  Saving model ...
Updating learning rate to 0.0001
	iters: 100, epoch: 2 | loss: 0.2332452
	speed: 0.0461s/iter; left time: 69.2812s
Epoch: 2 cost time: 2.285330295562744
Epoch: 2, Steps: 178 | Train Loss: 0.4269255 Vali Loss: 0.2463289 Test Loss: 0.3250182
Validation loss decreased (0.256422 --> 0.246329).  Saving model ...
Updating learning rate to 5e-05
	iters: 100, epoch: 3 | loss: 0.7745014
	speed: 0.0459s/iter; left time: 60.8211s
Epoch: 3 cost time: 2.2844743728637695
Epoch: 3, Steps: 178 | Train Loss: 0.4114969 Vali Loss: 0.2413549 Test Loss: 0.3242018
Validation loss decreased (0.246329 --> 0.241355).  Saving model ...
Updating learning rate to 2.5e-05
	iters: 100, epoch: 4 | loss: 0.3265000
	speed: 0.0467s/iter; left time: 53.5115s
Epoch: 4 cost time: 2.4205942153930664
Epoch: 4, Steps: 178 | Train Loss: 0.4060437 Vali Loss: 0.2349662 Test Loss: 0.3120427
Validation loss decreased (0.241355 --> 0.234966).  Saving model ...
Updating learning rate to 1.25e-05
	iters: 100, epoch: 5 | loss: 0.2335514
	speed: 0.0513s/iter; left time: 49.7473s
Epoch: 5 cost time: 2.544440746307373
Epoch: 5, Steps: 178 | Train Loss: 0.4043630 Vali Loss: 0.2395848 Test Loss: 0.3237650
EarlyStopping counter: 1 out of 3
Updating learning rate to 6.25e-06
	iters: 100, epoch: 6 | loss: 0.4038867
	speed: 0.0515s/iter; left time: 40.7008s
Epoch: 6 cost time: 2.5453741550445557
Epoch: 6, Steps: 178 | Train Loss: 0.4048253 Vali Loss: 0.2357633 Test Loss: 0.3153938
EarlyStopping counter: 2 out of 3
Updating learning rate to 3.125e-06
	iters: 100, epoch: 7 | loss: 0.2601963
	speed: 0.0515s/iter; left time: 31.5444s
Epoch: 7 cost time: 2.5555198192596436
Epoch: 7, Steps: 178 | Train Loss: 0.4034433 Vali Loss: 0.2391754 Test Loss: 0.3207058
EarlyStopping counter: 3 out of 3
Early stopping
>>>>>>>testing : long_term_forecast_LBv2_ETTh2_DLinear_720_s2021_DLinear_ETTh2_ftM_sl720_ll48_pl96_dm128_nh8_el2_dl1_df128_expand2_dc4_fc3_ebtimeF_dtTrue_Exp_0<<<<<<<<<<<<<<<<<<<<<<<<<<<<<<<<<
test 2785
test shape: (2785, 96, 7) (2785, 96, 7)
test shape: (2785, 96, 7) (2785, 96, 7)
mse:0.3139877915382385, mae:0.37760859727859497, dtw:Not calculated
