Using GPU
Args in experiment:
[1mBasic Config[0m
  Task Name:          long_term_forecast  Is Training:        1                   
  Model ID:           LBv2_ETTh1_TimesNet_96_s2022Model:              TimesNet            

[1mData Loader[0m
  Data:               ETTh1               Root Path:          ./dataset/ETT-small/
  Data Path:          ETTh1.csv           Features:           M                   
  Target:             OT                  Freq:               h                   
  Checkpoints:        ./checkpoints/      

[1mForecasting Task[0m
  Seq Len:            96                  Label Len:          48                  
  Pred Len:           96                  Seasonal Patterns:  Monthly             
  Inverse:            0                   

[1mModel Parameters[0m
  Top k:              5                   Num Kernels:        6                   
  Enc In:             7                   Dec In:             7                   
  C Out:              7                   d model:            16                  
  n heads:            8                   e layers:           2                   
  d layers:           1                   d FF:               32                  
  Moving Avg:         25                  Factor:             3                   
  Distil:             1                   Dropout:            0.1                 
  Embed:              timeF               Activation:         gelu                

[1mRun Parameters[0m
  Num Workers:        2                   Itr:                1                   
  Train Epochs:       10                  Batch Size:         32                  
  Patience:           3                   Learning Rate:      0.0001              
  Des:                Exp                 Loss:               MSE                 
  Lradj:              type1               Use Amp:            0                   

[1mGPU[0m
  Use GPU:            1                   GPU:                0                   
  Use Multi GPU:      0                   Devices:            0,1,2,3             

[1mDe-stationary Projector Params[0m
  P Hidden Dims:      128, 128            P Hidden Layers:    2                   

Use GPU: cuda:0
🚀 Lazy Loading: TimesNet ...
>>>>>>>start training : long_term_forecast_LBv2_ETTh1_TimesNet_96_s2022_TimesNet_ETTh1_ftM_sl96_ll48_pl96_dm16_nh8_el2_dl1_df32_expand2_dc4_fc3_ebtimeF_dtTrue_Exp_0>>>>>>>>>>>>>>>>>>>>>>>>>>
train window subsample: keep 5665/8449 windows (max_train_windows=5665)
train 5665
val 2785
test 2785
	iters: 100, epoch: 1 | loss: 0.4883750
	speed: 0.0528s/iter; left time: 88.7749s
Epoch: 1 cost time: 6.7385993003845215
Epoch: 1, Steps: 178 | Train Loss: 0.5271444 Vali Loss: 0.8702604 Test Loss: 0.4810244
Validation loss decreased (inf --> 0.870260).  Saving model ...
Updating learning rate to 0.0001
	iters: 100, epoch: 2 | loss: 0.3935102
	speed: 0.0800s/iter; left time: 120.1899s
Epoch: 2 cost time: 5.72026515007019
Epoch: 2, Steps: 178 | Train Loss: 0.4211068 Vali Loss: 0.8362083 Test Loss: 0.4427614
Validation loss decreased (0.870260 --> 0.836208).  Saving model ...
Updating learning rate to 5e-05
	iters: 100, epoch: 3 | loss: 0.4232820
	speed: 0.0778s/iter; left time: 103.0914s
Epoch: 3 cost time: 5.682506561279297
Epoch: 3, Steps: 178 | Train Loss: 0.4049703 Vali Loss: 0.8235705 Test Loss: 0.4337434
Validation loss decreased (0.836208 --> 0.823570).  Saving model ...
Updating learning rate to 2.5e-05
	iters: 100, epoch: 4 | loss: 0.3449206
	speed: 0.0780s/iter; left time: 89.5039s
Epoch: 4 cost time: 5.7360780239105225
Epoch: 4, Steps: 178 | Train Loss: 0.3998106 Vali Loss: 0.8258205 Test Loss: 0.4310850
EarlyStopping counter: 1 out of 3
Updating learning rate to 1.25e-05
	iters: 100, epoch: 5 | loss: 0.4166778
	speed: 0.0788s/iter; left time: 76.3600s
Epoch: 5 cost time: 5.716608285903931
Epoch: 5, Steps: 178 | Train Loss: 0.3975734 Vali Loss: 0.8285701 Test Loss: 0.4305396
EarlyStopping counter: 2 out of 3
Updating learning rate to 6.25e-06
	iters: 100, epoch: 6 | loss: 0.3442317
	speed: 0.0784s/iter; left time: 62.0318s
Epoch: 6 cost time: 5.773139715194702
Epoch: 6, Steps: 178 | Train Loss: 0.3964663 Vali Loss: 0.8162920 Test Loss: 0.4289111
Validation loss decreased (0.823570 --> 0.816292).  Saving model ...
Updating learning rate to 3.125e-06
	iters: 100, epoch: 7 | loss: 0.3823312
	speed: 0.0792s/iter; left time: 48.5597s
Epoch: 7 cost time: 5.808017015457153
Epoch: 7, Steps: 178 | Train Loss: 0.3973202 Vali Loss: 0.8132509 Test Loss: 0.4284376
Validation loss decreased (0.816292 --> 0.813251).  Saving model ...
Updating learning rate to 1.5625e-06
	iters: 100, epoch: 8 | loss: 0.3237461
	speed: 0.0796s/iter; left time: 34.6167s
Epoch: 8 cost time: 5.753753185272217
Epoch: 8, Steps: 178 | Train Loss: 0.3947674 Vali Loss: 0.8302317 Test Loss: 0.4283471
EarlyStopping counter: 1 out of 3
Updating learning rate to 7.8125e-07
	iters: 100, epoch: 9 | loss: 0.3550486
	speed: 0.0787s/iter; left time: 20.2273s
Epoch: 9 cost time: 5.770828008651733
Epoch: 9, Steps: 178 | Train Loss: 0.3959233 Vali Loss: 0.8257090 Test Loss: 0.4283168
EarlyStopping counter: 2 out of 3
Updating learning rate to 3.90625e-07
	iters: 100, epoch: 10 | loss: 0.3384120
	speed: 0.0783s/iter; left time: 6.1836s
Epoch: 10 cost time: 5.685792922973633
Epoch: 10, Steps: 178 | Train Loss: 0.3955476 Vali Loss: 0.8121035 Test Loss: 0.4282433
Validation loss decreased (0.813251 --> 0.812103).  Saving model ...
Updating learning rate to 1.953125e-07
>>>>>>>testing : long_term_forecast_LBv2_ETTh1_TimesNet_96_s2022_TimesNet_ETTh1_ftM_sl96_ll48_pl96_dm16_nh8_el2_dl1_df32_expand2_dc4_fc3_ebtimeF_dtTrue_Exp_0<<<<<<<<<<<<<<<<<<<<<<<<<<<<<<<<<
test 2785
test shape: (2785, 96, 7) (2785, 96, 7)
test shape: (2785, 96, 7) (2785, 96, 7)
mse:0.427280068397522, mae:0.43777206540107727, dtw:Not calculated
