Using GPU
Args in experiment:
[1mBasic Config[0m
  Task Name:          long_term_forecast  Is Training:        1                   
  Model ID:           LBv2_ETTh2_iTransformer_336_s2021Model:              iTransformer        

[1mData Loader[0m
  Data:               ETTh2               Root Path:          ./dataset/ETT-small/
  Data Path:          ETTh2.csv           Features:           M                   
  Target:             OT                  Freq:               h                   
  Checkpoints:        ./checkpoints/      

[1mForecasting Task[0m
  Seq Len:            336                 Label Len:          48                  
  Pred Len:           96                  Seasonal Patterns:  Monthly             
  Inverse:            0                   

[1mModel Parameters[0m
  Top k:              5                   Num Kernels:        6                   
  Enc In:             7                   Dec In:             7                   
  C Out:              7                   d model:            128                 
  n heads:            8                   e layers:           2                   
  d layers:           1                   d FF:               128                 
  Moving Avg:         25                  Factor:             3                   
  Distil:             1                   Dropout:            0.1                 
  Embed:              timeF               Activation:         gelu                

[1mRun Parameters[0m
  Num Workers:        10                  Itr:                1                   
  Train Epochs:       10                  Batch Size:         32                  
  Patience:           3                   Learning Rate:      0.0001              
  Des:                Exp                 Loss:               MSE                 
  Lradj:              type1               Use Amp:            0                   

[1mGPU[0m
  Use GPU:            1                   GPU:                0                   
  Use Multi GPU:      0                   Devices:            0,1,2,3             

[1mDe-stationary Projector Params[0m
  P Hidden Dims:      128, 128            P Hidden Layers:    2                   

Use GPU: cuda:0
🚀 Lazy Loading: iTransformer ...
>>>>>>>start training : long_term_forecast_LBv2_ETTh2_iTransformer_336_s2021_iTransformer_ETTh2_ftM_sl336_ll48_pl96_dm128_nh8_el2_dl1_df128_expand2_dc4_fc3_ebtimeF_dtTrue_Exp_0>>>>>>>>>>>>>>>>>>>>>>>>>>
train window subsample: keep 5665/8209 windows (max_train_windows=5665)
train 5665
val 2785
test 2785
	iters: 100, epoch: 1 | loss: 0.8999594
	speed: 0.4750s/iter; left time: 798.4308s
Epoch: 1 cost time: 67.55489206314087
Epoch: 1, Steps: 178 | Train Loss: 0.5087188 Vali Loss: 0.2483538 Test Loss: 0.3081234
Validation loss decreased (inf --> 0.248354).  Saving model ...
Updating learning rate to 0.0001
	iters: 100, epoch: 2 | loss: 0.3503521
	speed: 1.3169s/iter; left time: 1979.2640s
Epoch: 2 cost time: 65.4405996799469
Epoch: 2, Steps: 178 | Train Loss: 0.4265159 Vali Loss: 0.2369705 Test Loss: 0.3030366
Validation loss decreased (0.248354 --> 0.236971).  Saving model ...
Updating learning rate to 5e-05
	iters: 100, epoch: 3 | loss: 0.2588791
	speed: 1.3494s/iter; left time: 1787.9813s
Epoch: 3 cost time: 68.07650184631348
Epoch: 3, Steps: 178 | Train Loss: 0.4023780 Vali Loss: 0.2315328 Test Loss: 0.3022446
Validation loss decreased (0.236971 --> 0.231533).  Saving model ...
Updating learning rate to 2.5e-05
	iters: 100, epoch: 4 | loss: 0.3214203
	speed: 1.3274s/iter; left time: 1522.5051s
Epoch: 4 cost time: 66.78476357460022
Epoch: 4, Steps: 178 | Train Loss: 0.3883553 Vali Loss: 0.2313614 Test Loss: 0.3042766
Validation loss decreased (0.231533 --> 0.231361).  Saving model ...
Updating learning rate to 1.25e-05
	iters: 100, epoch: 5 | loss: 0.3503166
	speed: 1.3148s/iter; left time: 1274.0750s
Epoch: 5 cost time: 67.70239686965942
Epoch: 5, Steps: 178 | Train Loss: 0.3816015 Vali Loss: 0.2328804 Test Loss: 0.3058724
EarlyStopping counter: 1 out of 3
Updating learning rate to 6.25e-06
	iters: 100, epoch: 6 | loss: 0.4139828
	speed: 1.3096s/iter; left time: 1035.9114s
Epoch: 6 cost time: 65.88656663894653
Epoch: 6, Steps: 178 | Train Loss: 0.3775718 Vali Loss: 0.2328207 Test Loss: 0.3067865
EarlyStopping counter: 2 out of 3
Updating learning rate to 3.125e-06
	iters: 100, epoch: 7 | loss: 0.3703280
	speed: 1.3283s/iter; left time: 814.2684s
Epoch: 7 cost time: 66.68556094169617
Epoch: 7, Steps: 178 | Train Loss: 0.3764572 Vali Loss: 0.2345312 Test Loss: 0.3074087
EarlyStopping counter: 3 out of 3
Early stopping
>>>>>>>testing : long_term_forecast_LBv2_ETTh2_iTransformer_336_s2021_iTransformer_ETTh2_ftM_sl336_ll48_pl96_dm128_nh8_el2_dl1_df128_expand2_dc4_fc3_ebtimeF_dtTrue_Exp_0<<<<<<<<<<<<<<<<<<<<<<<<<<<<<<<<<
test 2785
test shape: (2785, 96, 7) (2785, 96, 7)
test shape: (2785, 96, 7) (2785, 96, 7)
mse:0.30565106868743896, mae:0.3613698482513428, dtw:Not calculated
