Using GPU
Args in experiment:
[1mBasic Config[0m
  Task Name:          long_term_forecast  Is Training:        1                   
  Model ID:           LBv2_ETTh1_iTransformer_2880_s2023Model:              iTransformer        

[1mData Loader[0m
  Data:               ETTh1               Root Path:          ./dataset/ETT-small/
  Data Path:          ETTh1.csv           Features:           M                   
  Target:             OT                  Freq:               h                   
  Checkpoints:        ./checkpoints/      

[1mForecasting Task[0m
  Seq Len:            2880                Label Len:          48                  
  Pred Len:           96                  Seasonal Patterns:  Monthly             
  Inverse:            0                   

[1mModel Parameters[0m
  Top k:              5                   Num Kernels:        6                   
  Enc In:             7                   Dec In:             7                   
  C Out:              7                   d model:            128                 
  n heads:            8                   e layers:           2                   
  d layers:           1                   d FF:               128                 
  Moving Avg:         25                  Factor:             3                   
  Distil:             1                   Dropout:            0.1                 
  Embed:              timeF               Activation:         gelu                

[1mRun Parameters[0m
  Num Workers:        2                   Itr:                1                   
  Train Epochs:       10                  Batch Size:         32                  
  Patience:           3                   Learning Rate:      0.0001              
  Des:                Exp                 Loss:               MSE                 
  Lradj:              type1               Use Amp:            0                   

[1mGPU[0m
  Use GPU:            1                   GPU:                0                   
  Use Multi GPU:      0                   Devices:            0,1,2,3             

[1mDe-stationary Projector Params[0m
  P Hidden Dims:      128, 128            P Hidden Layers:    2                   

Use GPU: cuda:0
🚀 Lazy Loading: iTransformer ...
>>>>>>>start training : long_term_forecast_LBv2_ETTh1_iTransformer_2880_s2023_iTransformer_ETTh1_ftM_sl2880_ll48_pl96_dm128_nh8_el2_dl1_df128_expand2_dc4_fc3_ebtimeF_dtTrue_Exp_0>>>>>>>>>>>>>>>>>>>>>>>>>>
train 5665
val 2785
test 2785
	iters: 100, epoch: 1 | loss: 0.4859360
	speed: 0.0246s/iter; left time: 41.3429s
Epoch: 1 cost time: 1.9080777168273926
Epoch: 1, Steps: 178 | Train Loss: 0.5587922 Vali Loss: 0.8966133 Test Loss: 0.4310366
Validation loss decreased (inf --> 0.896613).  Saving model ...
Updating learning rate to 0.0001
	iters: 100, epoch: 2 | loss: 0.4107833
	speed: 0.0256s/iter; left time: 38.4204s
Epoch: 2 cost time: 1.5422441959381104
Epoch: 2, Steps: 178 | Train Loss: 0.3809918 Vali Loss: 0.8400255 Test Loss: 0.4425566
Validation loss decreased (0.896613 --> 0.840026).  Saving model ...
Updating learning rate to 5e-05
	iters: 100, epoch: 3 | loss: 0.3507122
	speed: 0.0259s/iter; left time: 34.3048s
Epoch: 3 cost time: 1.6262636184692383
Epoch: 3, Steps: 178 | Train Loss: 0.3344592 Vali Loss: 0.8471908 Test Loss: 0.4533105
EarlyStopping counter: 1 out of 3
Updating learning rate to 2.5e-05
	iters: 100, epoch: 4 | loss: 0.3672436
	speed: 0.0273s/iter; left time: 31.3225s
Epoch: 4 cost time: 1.6575658321380615
Epoch: 4, Steps: 178 | Train Loss: 0.3182854 Vali Loss: 0.8366321 Test Loss: 0.4625581
Validation loss decreased (0.840026 --> 0.836632).  Saving model ...
Updating learning rate to 1.25e-05
	iters: 100, epoch: 5 | loss: 0.2897681
	speed: 0.0273s/iter; left time: 26.4875s
Epoch: 5 cost time: 1.6827917098999023
Epoch: 5, Steps: 178 | Train Loss: 0.3122406 Vali Loss: 0.8363804 Test Loss: 0.4666132
Validation loss decreased (0.836632 --> 0.836380).  Saving model ...
Updating learning rate to 6.25e-06
	iters: 100, epoch: 6 | loss: 0.3066227
	speed: 0.0272s/iter; left time: 21.5237s
Epoch: 6 cost time: 1.6631197929382324
Epoch: 6, Steps: 178 | Train Loss: 0.3080100 Vali Loss: 0.8371564 Test Loss: 0.4693540
EarlyStopping counter: 1 out of 3
Updating learning rate to 3.125e-06
	iters: 100, epoch: 7 | loss: 0.3262290
	speed: 0.0262s/iter; left time: 16.0421s
Epoch: 7 cost time: 1.5579941272735596
Epoch: 7, Steps: 178 | Train Loss: 0.3068245 Vali Loss: 0.8376476 Test Loss: 0.4696237
EarlyStopping counter: 2 out of 3
Updating learning rate to 1.5625e-06
	iters: 100, epoch: 8 | loss: 0.3121396
	speed: 0.0250s/iter; left time: 10.8649s
Epoch: 8 cost time: 1.5251033306121826
Epoch: 8, Steps: 178 | Train Loss: 0.3057965 Vali Loss: 0.8526552 Test Loss: 0.4702690
EarlyStopping counter: 3 out of 3
Early stopping
>>>>>>>testing : long_term_forecast_LBv2_ETTh1_iTransformer_2880_s2023_iTransformer_ETTh1_ftM_sl2880_ll48_pl96_dm128_nh8_el2_dl1_df128_expand2_dc4_fc3_ebtimeF_dtTrue_Exp_0<<<<<<<<<<<<<<<<<<<<<<<<<<<<<<<<<
test 2785
test shape: (2785, 96, 7) (2785, 96, 7)
test shape: (2785, 96, 7) (2785, 96, 7)
mse:0.4653657078742981, mae:0.4754551351070404, dtw:Not calculated
