Using GPU
Args in experiment:
[1mBasic Config[0m
  Task Name:          long_term_forecast  Is Training:        1                   
  Model ID:           LBv2_ETTh2_PatchTST_336_s2021Model:              PatchTST            

[1mData Loader[0m
  Data:               ETTh2               Root Path:          ./dataset/ETT-small/
  Data Path:          ETTh2.csv           Features:           M                   
  Target:             OT                  Freq:               h                   
  Checkpoints:        ./checkpoints/      

[1mForecasting Task[0m
  Seq Len:            336                 Label Len:          48                  
  Pred Len:           96                  Seasonal Patterns:  Monthly             
  Inverse:            0                   

[1mModel Parameters[0m
  Top k:              5                   Num Kernels:        6                   
  Enc In:             7                   Dec In:             7                   
  C Out:              7                   d model:            512                 
  n heads:            4                   e layers:           3                   
  d layers:           1                   d FF:               2048                
  Moving Avg:         25                  Factor:             3                   
  Distil:             1                   Dropout:            0.1                 
  Embed:              timeF               Activation:         gelu                

[1mRun Parameters[0m
  Num Workers:        10                  Itr:                1                   
  Train Epochs:       10                  Batch Size:         32                  
  Patience:           3                   Learning Rate:      0.0001              
  Des:                Exp                 Loss:               MSE                 
  Lradj:              type1               Use Amp:            0                   

[1mGPU[0m
  Use GPU:            1                   GPU:                0                   
  Use Multi GPU:      0                   Devices:            0,1,2,3             

[1mDe-stationary Projector Params[0m
  P Hidden Dims:      128, 128            P Hidden Layers:    2                   

Use GPU: cuda:0
🚀 Lazy Loading: PatchTST ...
>>>>>>>start training : long_term_forecast_LBv2_ETTh2_PatchTST_336_s2021_PatchTST_ETTh2_ftM_sl336_ll48_pl96_dm512_nh4_el3_dl1_df2048_expand2_dc4_fc3_ebtimeF_dtTrue_Exp_0>>>>>>>>>>>>>>>>>>>>>>>>>>
train window subsample: keep 5665/8209 windows (max_train_windows=5665)
train 5665
val 2785
test 2785
	iters: 100, epoch: 1 | loss: 0.3908649
	speed: 0.4276s/iter; left time: 718.8148s
Epoch: 1 cost time: 59.10955834388733
Epoch: 1, Steps: 178 | Train Loss: 0.4746897 Vali Loss: 0.2468029 Test Loss: 0.3260203
Validation loss decreased (inf --> 0.246803).  Saving model ...
Updating learning rate to 0.0001
	iters: 100, epoch: 2 | loss: 0.5490201
	speed: 1.1232s/iter; left time: 1688.2284s
Epoch: 2 cost time: 58.66889953613281
Epoch: 2, Steps: 178 | Train Loss: 0.4024870 Vali Loss: 0.2559901 Test Loss: 0.3528350
EarlyStopping counter: 1 out of 3
Updating learning rate to 5e-05
	iters: 100, epoch: 3 | loss: 0.3846173
	speed: 1.1894s/iter; left time: 1575.9738s
Epoch: 3 cost time: 59.915587186813354
Epoch: 3, Steps: 178 | Train Loss: 0.3392321 Vali Loss: 0.2264671 Test Loss: 0.3121373
Validation loss decreased (0.246803 --> 0.226467).  Saving model ...
Updating learning rate to 2.5e-05
	iters: 100, epoch: 4 | loss: 0.4598569
	speed: 1.1751s/iter; left time: 1347.8450s
Epoch: 4 cost time: 60.64721441268921
Epoch: 4, Steps: 178 | Train Loss: 0.3057661 Vali Loss: 0.2172681 Test Loss: 0.3081478
Validation loss decreased (0.226467 --> 0.217268).  Saving model ...
Updating learning rate to 1.25e-05
	iters: 100, epoch: 5 | loss: 0.3573547
	speed: 1.2409s/iter; left time: 1202.4521s
Epoch: 5 cost time: 63.7998902797699
Epoch: 5, Steps: 178 | Train Loss: 0.2988009 Vali Loss: 0.2263170 Test Loss: 0.3195794
EarlyStopping counter: 1 out of 3
Updating learning rate to 6.25e-06
	iters: 100, epoch: 6 | loss: 0.3243857
	speed: 1.1785s/iter; left time: 932.1781s
Epoch: 6 cost time: 57.747578620910645
Epoch: 6, Steps: 178 | Train Loss: 0.2876782 Vali Loss: 0.2193714 Test Loss: 0.3111733
EarlyStopping counter: 2 out of 3
Updating learning rate to 3.125e-06
	iters: 100, epoch: 7 | loss: 0.3497140
	speed: 1.1912s/iter; left time: 730.1868s
Epoch: 7 cost time: 62.1698112487793
Epoch: 7, Steps: 178 | Train Loss: 0.2847170 Vali Loss: 0.2238892 Test Loss: 0.3182315
EarlyStopping counter: 3 out of 3
Early stopping
>>>>>>>testing : long_term_forecast_LBv2_ETTh2_PatchTST_336_s2021_PatchTST_ETTh2_ftM_sl336_ll48_pl96_dm512_nh4_el3_dl1_df2048_expand2_dc4_fc3_ebtimeF_dtTrue_Exp_0<<<<<<<<<<<<<<<<<<<<<<<<<<<<<<<<<
test 2785
test shape: (2785, 96, 7) (2785, 96, 7)
test shape: (2785, 96, 7) (2785, 96, 7)
mse:0.3092532753944397, mae:0.36161112785339355, dtw:Not calculated
