Using GPU
Args in experiment:
[1mBasic Config[0m
  Task Name:          long_term_forecast  Is Training:        1                   
  Model ID:           LBv2_ETTh2_DLinear_336_s2023Model:              DLinear             

[1mData Loader[0m
  Data:               ETTh2               Root Path:          ./dataset/ETT-small/
  Data Path:          ETTh2.csv           Features:           M                   
  Target:             OT                  Freq:               h                   
  Checkpoints:        ./checkpoints/      

[1mForecasting Task[0m
  Seq Len:            336                 Label Len:          48                  
  Pred Len:           96                  Seasonal Patterns:  Monthly             
  Inverse:            0                   

[1mModel Parameters[0m
  Top k:              5                   Num Kernels:        6                   
  Enc In:             7                   Dec In:             7                   
  C Out:              7                   d model:            128                 
  n heads:            8                   e layers:           2                   
  d layers:           1                   d FF:               128                 
  Moving Avg:         25                  Factor:             3                   
  Distil:             1                   Dropout:            0.1                 
  Embed:              timeF               Activation:         gelu                

[1mRun Parameters[0m
  Num Workers:        2                   Itr:                1                   
  Train Epochs:       10                  Batch Size:         32                  
  Patience:           3                   Learning Rate:      0.0001              
  Des:                Exp                 Loss:               MSE                 
  Lradj:              type1               Use Amp:            0                   

[1mGPU[0m
  Use GPU:            1                   GPU:                0                   
  Use Multi GPU:      0                   Devices:            0,1,2,3             

[1mDe-stationary Projector Params[0m
  P Hidden Dims:      128, 128            P Hidden Layers:    2                   

Use GPU: cuda:0
🚀 Lazy Loading: DLinear ...
>>>>>>>start training : long_term_forecast_LBv2_ETTh2_DLinear_336_s2023_DLinear_ETTh2_ftM_sl336_ll48_pl96_dm128_nh8_el2_dl1_df128_expand2_dc4_fc3_ebtimeF_dtTrue_Exp_0>>>>>>>>>>>>>>>>>>>>>>>>>>
train window subsample: keep 5665/8209 windows (max_train_windows=5665)
train 5665
val 2785
test 2785
	iters: 100, epoch: 1 | loss: 0.4017261
	speed: 0.0172s/iter; left time: 28.8718s
Epoch: 1 cost time: 0.7074947357177734
Epoch: 1, Steps: 178 | Train Loss: 0.4645154 Vali Loss: 0.2692854 Test Loss: 0.3594314
Validation loss decreased (inf --> 0.269285).  Saving model ...
Updating learning rate to 0.0001
	iters: 100, epoch: 2 | loss: 0.3306295
	speed: 0.0097s/iter; left time: 14.6060s
Epoch: 2 cost time: 0.513695240020752
Epoch: 2, Steps: 178 | Train Loss: 0.4226662 Vali Loss: 0.2382074 Test Loss: 0.3157663
Validation loss decreased (0.269285 --> 0.238207).  Saving model ...
Updating learning rate to 5e-05
	iters: 100, epoch: 3 | loss: 0.4554003
	speed: 0.0100s/iter; left time: 13.2356s
Epoch: 3 cost time: 0.5223495960235596
Epoch: 3, Steps: 178 | Train Loss: 0.4105752 Vali Loss: 0.2376979 Test Loss: 0.3174517
Validation loss decreased (0.238207 --> 0.237698).  Saving model ...
Updating learning rate to 2.5e-05
	iters: 100, epoch: 4 | loss: 0.4793197
	speed: 0.0098s/iter; left time: 11.2717s
Epoch: 4 cost time: 0.5321528911590576
Epoch: 4, Steps: 178 | Train Loss: 0.4055296 Vali Loss: 0.2350923 Test Loss: 0.3145415
Validation loss decreased (0.237698 --> 0.235092).  Saving model ...
Updating learning rate to 1.25e-05
	iters: 100, epoch: 5 | loss: 0.4656705
	speed: 0.0100s/iter; left time: 9.6715s
Epoch: 5 cost time: 0.5324461460113525
Epoch: 5, Steps: 178 | Train Loss: 0.4032978 Vali Loss: 0.2358516 Test Loss: 0.3171763
EarlyStopping counter: 1 out of 3
Updating learning rate to 6.25e-06
	iters: 100, epoch: 6 | loss: 0.9065089
	speed: 0.0098s/iter; left time: 7.7848s
Epoch: 6 cost time: 0.5352404117584229
Epoch: 6, Steps: 178 | Train Loss: 0.4026355 Vali Loss: 0.2363195 Test Loss: 0.3130886
EarlyStopping counter: 2 out of 3
Updating learning rate to 3.125e-06
	iters: 100, epoch: 7 | loss: 0.3478374
	speed: 0.0100s/iter; left time: 6.1563s
Epoch: 7 cost time: 0.5263798236846924
Epoch: 7, Steps: 178 | Train Loss: 0.4019273 Vali Loss: 0.2360068 Test Loss: 0.3137454
EarlyStopping counter: 3 out of 3
Early stopping
>>>>>>>testing : long_term_forecast_LBv2_ETTh2_DLinear_336_s2023_DLinear_ETTh2_ftM_sl336_ll48_pl96_dm128_nh8_el2_dl1_df128_expand2_dc4_fc3_ebtimeF_dtTrue_Exp_0<<<<<<<<<<<<<<<<<<<<<<<<<<<<<<<<<
test 2785
test shape: (2785, 96, 7) (2785, 96, 7)
test shape: (2785, 96, 7) (2785, 96, 7)
mse:0.3165196180343628, mae:0.37766167521476746, dtw:Not calculated
