Using GPU
Args in experiment:
[1mBasic Config[0m
  Task Name:          long_term_forecast  Is Training:        1                   
  Model ID:           LBv2_ETTh1_DLinear_336_s2023Model:              DLinear             

[1mData Loader[0m
  Data:               ETTh1               Root Path:          ./dataset/ETT-small/
  Data Path:          ETTh1.csv           Features:           M                   
  Target:             OT                  Freq:               h                   
  Checkpoints:        ./checkpoints/      

[1mForecasting Task[0m
  Seq Len:            336                 Label Len:          48                  
  Pred Len:           96                  Seasonal Patterns:  Monthly             
  Inverse:            0                   

[1mModel Parameters[0m
  Top k:              5                   Num Kernels:        6                   
  Enc In:             7                   Dec In:             7                   
  C Out:              7                   d model:            128                 
  n heads:            8                   e layers:           2                   
  d layers:           1                   d FF:               128                 
  Moving Avg:         25                  Factor:             3                   
  Distil:             1                   Dropout:            0.1                 
  Embed:              timeF               Activation:         gelu                

[1mRun Parameters[0m
  Num Workers:        2                   Itr:                1                   
  Train Epochs:       10                  Batch Size:         32                  
  Patience:           3                   Learning Rate:      0.0001              
  Des:                Exp                 Loss:               MSE                 
  Lradj:              type1               Use Amp:            0                   

[1mGPU[0m
  Use GPU:            1                   GPU:                0                   
  Use Multi GPU:      0                   Devices:            0,1,2,3             

[1mDe-stationary Projector Params[0m
  P Hidden Dims:      128, 128            P Hidden Layers:    2                   

Use GPU: cuda:0
🚀 Lazy Loading: DLinear ...
>>>>>>>start training : long_term_forecast_LBv2_ETTh1_DLinear_336_s2023_DLinear_ETTh1_ftM_sl336_ll48_pl96_dm128_nh8_el2_dl1_df128_expand2_dc4_fc3_ebtimeF_dtTrue_Exp_0>>>>>>>>>>>>>>>>>>>>>>>>>>
train window subsample: keep 5665/8209 windows (max_train_windows=5665)
train 5665
val 2785
test 2785
	iters: 100, epoch: 1 | loss: 0.3714695
	speed: 0.0169s/iter; left time: 28.4741s
Epoch: 1 cost time: 0.7121286392211914
Epoch: 1, Steps: 178 | Train Loss: 0.4073545 Vali Loss: 0.7141471 Test Loss: 0.4074146
Validation loss decreased (inf --> 0.714147).  Saving model ...
Updating learning rate to 0.0001
	iters: 100, epoch: 2 | loss: 0.4257497
	speed: 0.0101s/iter; left time: 15.1699s
Epoch: 2 cost time: 0.519716739654541
Epoch: 2, Steps: 178 | Train Loss: 0.3587778 Vali Loss: 0.6924831 Test Loss: 0.3888170
Validation loss decreased (0.714147 --> 0.692483).  Saving model ...
Updating learning rate to 5e-05
	iters: 100, epoch: 3 | loss: 0.3387176
	speed: 0.0100s/iter; left time: 13.2424s
Epoch: 3 cost time: 0.523104190826416
Epoch: 3, Steps: 178 | Train Loss: 0.3510077 Vali Loss: 0.6789373 Test Loss: 0.3836951
Validation loss decreased (0.692483 --> 0.678937).  Saving model ...
Updating learning rate to 2.5e-05
	iters: 100, epoch: 4 | loss: 0.4501765
	speed: 0.0100s/iter; left time: 11.5238s
Epoch: 4 cost time: 0.5187239646911621
Epoch: 4, Steps: 178 | Train Loss: 0.3470343 Vali Loss: 0.6864607 Test Loss: 0.3824173
EarlyStopping counter: 1 out of 3
Updating learning rate to 1.25e-05
	iters: 100, epoch: 5 | loss: 0.3462976
	speed: 0.0099s/iter; left time: 9.5907s
Epoch: 5 cost time: 0.5284433364868164
Epoch: 5, Steps: 178 | Train Loss: 0.3448822 Vali Loss: 0.6695026 Test Loss: 0.3817567
Validation loss decreased (0.678937 --> 0.669503).  Saving model ...
Updating learning rate to 6.25e-06
	iters: 100, epoch: 6 | loss: 0.3890491
	speed: 0.0101s/iter; left time: 7.9684s
Epoch: 6 cost time: 0.5298810005187988
Epoch: 6, Steps: 178 | Train Loss: 0.3459571 Vali Loss: 0.6678652 Test Loss: 0.3811310
Validation loss decreased (0.669503 --> 0.667865).  Saving model ...
Updating learning rate to 3.125e-06
	iters: 100, epoch: 7 | loss: 0.3259456
	speed: 0.0102s/iter; left time: 6.2654s
Epoch: 7 cost time: 0.5103890895843506
Epoch: 7, Steps: 178 | Train Loss: 0.3438526 Vali Loss: 0.6722165 Test Loss: 0.3808225
EarlyStopping counter: 1 out of 3
Updating learning rate to 1.5625e-06
	iters: 100, epoch: 8 | loss: 0.2905830
	speed: 0.0097s/iter; left time: 4.2171s
Epoch: 8 cost time: 0.5092854499816895
Epoch: 8, Steps: 178 | Train Loss: 0.3449971 Vali Loss: 0.6691928 Test Loss: 0.3807990
EarlyStopping counter: 2 out of 3
Updating learning rate to 7.8125e-07
	iters: 100, epoch: 9 | loss: 0.3465336
	speed: 0.0099s/iter; left time: 2.5436s
Epoch: 9 cost time: 0.5153787136077881
Epoch: 9, Steps: 178 | Train Loss: 0.3443590 Vali Loss: 0.6712047 Test Loss: 0.3807649
EarlyStopping counter: 3 out of 3
Early stopping
>>>>>>>testing : long_term_forecast_LBv2_ETTh1_DLinear_336_s2023_DLinear_ETTh1_ftM_sl336_ll48_pl96_dm128_nh8_el2_dl1_df128_expand2_dc4_fc3_ebtimeF_dtTrue_Exp_0<<<<<<<<<<<<<<<<<<<<<<<<<<<<<<<<<
test 2785
test shape: (2785, 96, 7) (2785, 96, 7)
test shape: (2785, 96, 7) (2785, 96, 7)
mse:0.37979304790496826, mae:0.4031135141849518, dtw:Not calculated
