Using GPU
Args in experiment:
[1mBasic Config[0m
  Task Name:          long_term_forecast  Is Training:        1                   
  Model ID:           LBv2_ETTh1_iTransformer_336_s2023Model:              iTransformer        

[1mData Loader[0m
  Data:               ETTh1               Root Path:          ./dataset/ETT-small/
  Data Path:          ETTh1.csv           Features:           M                   
  Target:             OT                  Freq:               h                   
  Checkpoints:        ./checkpoints/      

[1mForecasting Task[0m
  Seq Len:            336                 Label Len:          48                  
  Pred Len:           96                  Seasonal Patterns:  Monthly             
  Inverse:            0                   

[1mModel Parameters[0m
  Top k:              5                   Num Kernels:        6                   
  Enc In:             7                   Dec In:             7                   
  C Out:              7                   d model:            128                 
  n heads:            8                   e layers:           2                   
  d layers:           1                   d FF:               128                 
  Moving Avg:         25                  Factor:             3                   
  Distil:             1                   Dropout:            0.1                 
  Embed:              timeF               Activation:         gelu                

[1mRun Parameters[0m
  Num Workers:        2                   Itr:                1                   
  Train Epochs:       10                  Batch Size:         32                  
  Patience:           3                   Learning Rate:      0.0001              
  Des:                Exp                 Loss:               MSE                 
  Lradj:              type1               Use Amp:            0                   

[1mGPU[0m
  Use GPU:            1                   GPU:                0                   
  Use Multi GPU:      0                   Devices:            0,1,2,3             

[1mDe-stationary Projector Params[0m
  P Hidden Dims:      128, 128            P Hidden Layers:    2                   

Use GPU: cuda:0
🚀 Lazy Loading: iTransformer ...
>>>>>>>start training : long_term_forecast_LBv2_ETTh1_iTransformer_336_s2023_iTransformer_ETTh1_ftM_sl336_ll48_pl96_dm128_nh8_el2_dl1_df128_expand2_dc4_fc3_ebtimeF_dtTrue_Exp_0>>>>>>>>>>>>>>>>>>>>>>>>>>
train window subsample: keep 5665/8209 windows (max_train_windows=5665)
train 5665
val 2785
test 2785
	iters: 100, epoch: 1 | loss: 0.4324941
	speed: 0.0228s/iter; left time: 38.3347s
Epoch: 1 cost time: 1.577528715133667
Epoch: 1, Steps: 178 | Train Loss: 0.4839617 Vali Loss: 0.7870961 Test Loss: 0.4370419
Validation loss decreased (inf --> 0.787096).  Saving model ...
Updating learning rate to 0.0001
	iters: 100, epoch: 2 | loss: 0.3710709
	speed: 0.0198s/iter; left time: 29.7923s
Epoch: 2 cost time: 1.295708417892456
Epoch: 2, Steps: 178 | Train Loss: 0.3928413 Vali Loss: 0.7294862 Test Loss: 0.4111414
Validation loss decreased (0.787096 --> 0.729486).  Saving model ...
Updating learning rate to 5e-05
	iters: 100, epoch: 3 | loss: 0.3518837
	speed: 0.0200s/iter; left time: 26.4856s
Epoch: 3 cost time: 1.2564191818237305
Epoch: 3, Steps: 178 | Train Loss: 0.3754675 Vali Loss: 0.7178818 Test Loss: 0.4060131
Validation loss decreased (0.729486 --> 0.717882).  Saving model ...
Updating learning rate to 2.5e-05
	iters: 100, epoch: 4 | loss: 0.3534638
	speed: 0.0196s/iter; left time: 22.4812s
Epoch: 4 cost time: 1.2348105907440186
Epoch: 4, Steps: 178 | Train Loss: 0.3708081 Vali Loss: 0.7161432 Test Loss: 0.4034690
Validation loss decreased (0.717882 --> 0.716143).  Saving model ...
Updating learning rate to 1.25e-05
	iters: 100, epoch: 5 | loss: 0.3536534
	speed: 0.0194s/iter; left time: 18.7534s
Epoch: 5 cost time: 1.228050708770752
Epoch: 5, Steps: 178 | Train Loss: 0.3760454 Vali Loss: 0.7096429 Test Loss: 0.4034541
Validation loss decreased (0.716143 --> 0.709643).  Saving model ...
Updating learning rate to 6.25e-06
	iters: 100, epoch: 6 | loss: 0.3796657
	speed: 0.0194s/iter; left time: 15.3366s
Epoch: 6 cost time: 1.2397682666778564
Epoch: 6, Steps: 178 | Train Loss: 0.3663733 Vali Loss: 0.7100586 Test Loss: 0.4036277
EarlyStopping counter: 1 out of 3
Updating learning rate to 3.125e-06
	iters: 100, epoch: 7 | loss: 0.3342392
	speed: 0.0197s/iter; left time: 12.0603s
Epoch: 7 cost time: 1.2452528476715088
Epoch: 7, Steps: 178 | Train Loss: 0.3652140 Vali Loss: 0.7255691 Test Loss: 0.4034269
EarlyStopping counter: 2 out of 3
Updating learning rate to 1.5625e-06
	iters: 100, epoch: 8 | loss: 0.4139381
	speed: 0.0191s/iter; left time: 8.3198s
Epoch: 8 cost time: 1.2428712844848633
Epoch: 8, Steps: 178 | Train Loss: 0.3650991 Vali Loss: 0.7089074 Test Loss: 0.4033550
Validation loss decreased (0.709643 --> 0.708907).  Saving model ...
Updating learning rate to 7.8125e-07
	iters: 100, epoch: 9 | loss: 0.3694007
	speed: 0.0201s/iter; left time: 5.1563s
Epoch: 9 cost time: 1.325716257095337
Epoch: 9, Steps: 178 | Train Loss: 0.3648713 Vali Loss: 0.7087230 Test Loss: 0.4033172
Validation loss decreased (0.708907 --> 0.708723).  Saving model ...
Updating learning rate to 3.90625e-07
	iters: 100, epoch: 10 | loss: 0.4347029
	speed: 0.0203s/iter; left time: 1.6015s
Epoch: 10 cost time: 1.2563846111297607
Epoch: 10, Steps: 178 | Train Loss: 0.3650260 Vali Loss: 0.7077083 Test Loss: 0.4032996
Validation loss decreased (0.708723 --> 0.707708).  Saving model ...
Updating learning rate to 1.953125e-07
>>>>>>>testing : long_term_forecast_LBv2_ETTh1_iTransformer_336_s2023_iTransformer_ETTh1_ftM_sl336_ll48_pl96_dm128_nh8_el2_dl1_df128_expand2_dc4_fc3_ebtimeF_dtTrue_Exp_0<<<<<<<<<<<<<<<<<<<<<<<<<<<<<<<<<
test 2785
test shape: (2785, 96, 7) (2785, 96, 7)
test shape: (2785, 96, 7) (2785, 96, 7)
mse:0.40218815207481384, mae:0.4208354353904724, dtw:Not calculated
