Using GPU
Args in experiment:
[1mBasic Config[0m
  Task Name:          long_term_forecast  Is Training:        1                   
  Model ID:           LBv2_ETTm2_iTransformer_2880_s2021Model:              iTransformer        

[1mData Loader[0m
  Data:               ETTm2               Root Path:          ./dataset/ETT-small/
  Data Path:          ETTm2.csv           Features:           M                   
  Target:             OT                  Freq:               h                   
  Checkpoints:        ./checkpoints/      

[1mForecasting Task[0m
  Seq Len:            2880                Label Len:          48                  
  Pred Len:           96                  Seasonal Patterns:  Monthly             
  Inverse:            0                   

[1mModel Parameters[0m
  Top k:              5                   Num Kernels:        6                   
  Enc In:             7                   Dec In:             7                   
  C Out:              7                   d model:            128                 
  n heads:            8                   e layers:           2                   
  d layers:           1                   d FF:               128                 
  Moving Avg:         25                  Factor:             3                   
  Distil:             1                   Dropout:            0.1                 
  Embed:              timeF               Activation:         gelu                

[1mRun Parameters[0m
  Num Workers:        2                   Itr:                1                   
  Train Epochs:       10                  Batch Size:         32                  
  Patience:           3                   Learning Rate:      0.0001              
  Des:                Exp                 Loss:               MSE                 
  Lradj:              type1               Use Amp:            0                   

[1mGPU[0m
  Use GPU:            1                   GPU:                0                   
  Use Multi GPU:      0                   Devices:            0,1,2,3             

[1mDe-stationary Projector Params[0m
  P Hidden Dims:      128, 128            P Hidden Layers:    2                   

Use GPU: cuda:0
🚀 Lazy Loading: iTransformer ...
>>>>>>>start training : long_term_forecast_LBv2_ETTm2_iTransformer_2880_s2021_iTransformer_ETTm2_ftM_sl2880_ll48_pl96_dm128_nh8_el2_dl1_df128_expand2_dc4_fc3_ebtimeF_dtTrue_Exp_0>>>>>>>>>>>>>>>>>>>>>>>>>>
train 31585
val 11425
test 11425
	iters: 100, epoch: 1 | loss: 0.3105347
	speed: 0.0330s/iter; left time: 322.4706s
	iters: 200, epoch: 1 | loss: 0.1574783
	speed: 0.0145s/iter; left time: 139.9582s
	iters: 300, epoch: 1 | loss: 0.3011727
	speed: 0.0145s/iter; left time: 139.2674s
	iters: 400, epoch: 1 | loss: 0.1622688
	speed: 0.0144s/iter; left time: 136.5240s
	iters: 500, epoch: 1 | loss: 0.2318152
	speed: 0.0147s/iter; left time: 137.5422s
	iters: 600, epoch: 1 | loss: 0.1656026
	speed: 0.0145s/iter; left time: 134.8413s
	iters: 700, epoch: 1 | loss: 0.1633054
	speed: 0.0145s/iter; left time: 133.1714s
	iters: 800, epoch: 1 | loss: 0.1737279
	speed: 0.0144s/iter; left time: 130.3255s
	iters: 900, epoch: 1 | loss: 0.2276075
	speed: 0.0144s/iter; left time: 129.5346s
Epoch: 1 cost time: 15.001542568206787
Epoch: 1, Steps: 988 | Train Loss: 0.2552939 Vali Loss: 0.1462903 Test Loss: 0.1909926
Validation loss decreased (inf --> 0.146290).  Saving model ...
Updating learning rate to 0.0001
	iters: 100, epoch: 2 | loss: 0.1661896
	speed: 0.1301s/iter; left time: 1144.2055s
	iters: 200, epoch: 2 | loss: 0.1230943
	speed: 0.0145s/iter; left time: 126.2230s
	iters: 300, epoch: 2 | loss: 0.1083626
	speed: 0.0145s/iter; left time: 125.0169s
	iters: 400, epoch: 2 | loss: 0.1889438
	speed: 0.0143s/iter; left time: 121.8348s
	iters: 500, epoch: 2 | loss: 0.1756098
	speed: 0.0145s/iter; left time: 122.0755s
	iters: 600, epoch: 2 | loss: 0.1765384
	speed: 0.0146s/iter; left time: 120.7823s
	iters: 700, epoch: 2 | loss: 0.1350177
	speed: 0.0146s/iter; left time: 119.5651s
	iters: 800, epoch: 2 | loss: 0.1337749
	speed: 0.0146s/iter; left time: 118.4518s
	iters: 900, epoch: 2 | loss: 0.0973164
	speed: 0.0145s/iter; left time: 115.8939s
Epoch: 2 cost time: 14.46066689491272
Epoch: 2, Steps: 988 | Train Loss: 0.1563113 Vali Loss: 0.1512119 Test Loss: 0.2032792
EarlyStopping counter: 1 out of 3
Updating learning rate to 5e-05
	iters: 100, epoch: 3 | loss: 0.0993429
	speed: 0.1313s/iter; left time: 1025.1788s
	iters: 200, epoch: 3 | loss: 0.1109463
	speed: 0.0146s/iter; left time: 112.2279s
	iters: 300, epoch: 3 | loss: 0.1079303
	speed: 0.0146s/iter; left time: 110.9444s
	iters: 400, epoch: 3 | loss: 0.0976972
	speed: 0.0146s/iter; left time: 109.3940s
	iters: 500, epoch: 3 | loss: 0.0839142
	speed: 0.0146s/iter; left time: 108.0472s
	iters: 600, epoch: 3 | loss: 0.1216405
	speed: 0.0146s/iter; left time: 106.3402s
	iters: 700, epoch: 3 | loss: 0.1216187
	speed: 0.0145s/iter; left time: 104.5345s
	iters: 800, epoch: 3 | loss: 0.1320706
	speed: 0.0146s/iter; left time: 103.3901s
	iters: 900, epoch: 3 | loss: 0.1259565
	speed: 0.0145s/iter; left time: 101.7526s
Epoch: 3 cost time: 14.493578910827637
Epoch: 3, Steps: 988 | Train Loss: 0.1308751 Vali Loss: 0.1478753 Test Loss: 0.2094396
EarlyStopping counter: 2 out of 3
Updating learning rate to 2.5e-05
	iters: 100, epoch: 4 | loss: 0.1113660
	speed: 0.1326s/iter; left time: 903.9034s
	iters: 200, epoch: 4 | loss: 0.1089085
	speed: 0.0146s/iter; left time: 98.2795s
	iters: 300, epoch: 4 | loss: 0.0997481
	speed: 0.0146s/iter; left time: 96.3476s
	iters: 400, epoch: 4 | loss: 0.0951464
	speed: 0.0146s/iter; left time: 95.4109s
	iters: 500, epoch: 4 | loss: 0.0869893
	speed: 0.0146s/iter; left time: 93.8319s
	iters: 600, epoch: 4 | loss: 0.0932876
	speed: 0.0148s/iter; left time: 93.5758s
	iters: 700, epoch: 4 | loss: 0.1087010
	speed: 0.0146s/iter; left time: 90.9067s
	iters: 800, epoch: 4 | loss: 0.0906852
	speed: 0.0144s/iter; left time: 88.3559s
	iters: 900, epoch: 4 | loss: 0.0912665
	speed: 0.0147s/iter; left time: 88.2125s
Epoch: 4 cost time: 14.535800695419312
Epoch: 4, Steps: 988 | Train Loss: 0.1224399 Vali Loss: 0.1468492 Test Loss: 0.2110323
EarlyStopping counter: 3 out of 3
Early stopping
>>>>>>>testing : long_term_forecast_LBv2_ETTm2_iTransformer_2880_s2021_iTransformer_ETTm2_ftM_sl2880_ll48_pl96_dm128_nh8_el2_dl1_df128_expand2_dc4_fc3_ebtimeF_dtTrue_Exp_0<<<<<<<<<<<<<<<<<<<<<<<<<<<<<<<<<
test 11425
test shape: (11425, 96, 7) (11425, 96, 7)
test shape: (11425, 96, 7) (11425, 96, 7)
mse:0.19127942621707916, mae:0.2874326705932617, dtw:Not calculated
