Using GPU
Args in experiment:
[1mBasic Config[0m
  Task Name:          long_term_forecast  Is Training:        1                   
  Model ID:           LBv2_ETTm2_PatchTST_96_s2021Model:              PatchTST            

[1mData Loader[0m
  Data:               ETTm2               Root Path:          ./dataset/ETT-small/
  Data Path:          ETTm2.csv           Features:           M                   
  Target:             OT                  Freq:               h                   
  Checkpoints:        ./checkpoints/      

[1mForecasting Task[0m
  Seq Len:            96                  Label Len:          48                  
  Pred Len:           96                  Seasonal Patterns:  Monthly             
  Inverse:            0                   

[1mModel Parameters[0m
  Top k:              5                   Num Kernels:        6                   
  Enc In:             7                   Dec In:             7                   
  C Out:              7                   d model:            512                 
  n heads:            16                  e layers:           3                   
  d layers:           1                   d FF:               2048                
  Moving Avg:         25                  Factor:             3                   
  Distil:             1                   Dropout:            0.1                 
  Embed:              timeF               Activation:         gelu                

[1mRun Parameters[0m
  Num Workers:        10                  Itr:                1                   
  Train Epochs:       10                  Batch Size:         32                  
  Patience:           3                   Learning Rate:      0.0001              
  Des:                Exp                 Loss:               MSE                 
  Lradj:              type1               Use Amp:            0                   

[1mGPU[0m
  Use GPU:            1                   GPU:                0                   
  Use Multi GPU:      0                   Devices:            0,1,2,3             

[1mDe-stationary Projector Params[0m
  P Hidden Dims:      128, 128            P Hidden Layers:    2                   

Use GPU: cuda:0
🚀 Lazy Loading: PatchTST ...
>>>>>>>start training : long_term_forecast_LBv2_ETTm2_PatchTST_96_s2021_PatchTST_ETTm2_ftM_sl96_ll48_pl96_dm512_nh16_el3_dl1_df2048_expand2_dc4_fc3_ebtimeF_dtTrue_Exp_0>>>>>>>>>>>>>>>>>>>>>>>>>>
train window subsample: keep 31585/34369 windows (max_train_windows=31585)
train 31585
val 11425
test 11425
	iters: 100, epoch: 1 | loss: 0.2903542
	speed: 0.1275s/iter; left time: 1246.8965s
	iters: 200, epoch: 1 | loss: 0.1670711
	speed: 0.0481s/iter; left time: 465.3409s
	iters: 300, epoch: 1 | loss: 0.1253755
	speed: 0.0435s/iter; left time: 416.6724s
	iters: 400, epoch: 1 | loss: 0.2209390
	speed: 0.0328s/iter; left time: 310.8365s
	iters: 500, epoch: 1 | loss: 0.1955081
	speed: 0.0409s/iter; left time: 383.3581s
	iters: 600, epoch: 1 | loss: 0.1743241
	speed: 0.0378s/iter; left time: 350.9732s
	iters: 700, epoch: 1 | loss: 0.2414834
	speed: 0.0468s/iter; left time: 429.4936s
	iters: 800, epoch: 1 | loss: 0.1343559
	speed: 0.0471s/iter; left time: 427.7564s
	iters: 900, epoch: 1 | loss: 0.1362432
	speed: 0.0442s/iter; left time: 397.2970s
Epoch: 1 cost time: 44.53558349609375
Epoch: 1, Steps: 988 | Train Loss: 0.2429416 Vali Loss: 0.1302520 Test Loss: 0.1867247
Validation loss decreased (inf --> 0.130252).  Saving model ...
Updating learning rate to 0.0001
	iters: 100, epoch: 2 | loss: 0.4408726
	speed: 0.3349s/iter; left time: 2945.1047s
	iters: 200, epoch: 2 | loss: 0.1923223
	speed: 0.0506s/iter; left time: 439.5590s
	iters: 300, epoch: 2 | loss: 0.2313369
	speed: 0.0577s/iter; left time: 496.1535s
	iters: 400, epoch: 2 | loss: 0.1878084
	speed: 0.0449s/iter; left time: 381.0943s
	iters: 500, epoch: 2 | loss: 0.2205772
	speed: 0.0553s/iter; left time: 464.4357s
	iters: 600, epoch: 2 | loss: 0.1733861
	speed: 0.0463s/iter; left time: 384.1022s
	iters: 700, epoch: 2 | loss: 0.1673612
	speed: 0.0526s/iter; left time: 430.5708s
	iters: 800, epoch: 2 | loss: 0.1559605
	speed: 0.0550s/iter; left time: 445.2765s
	iters: 900, epoch: 2 | loss: 0.1592906
	speed: 0.0492s/iter; left time: 392.8692s
Epoch: 2 cost time: 51.97030305862427
Epoch: 2, Steps: 988 | Train Loss: 0.2293706 Vali Loss: 0.1336826 Test Loss: 0.1848289
EarlyStopping counter: 1 out of 3
Updating learning rate to 5e-05
	iters: 100, epoch: 3 | loss: 0.3304490
	speed: 0.3290s/iter; left time: 2568.2352s
	iters: 200, epoch: 3 | loss: 0.1636992
	speed: 0.0508s/iter; left time: 391.0485s
	iters: 300, epoch: 3 | loss: 0.7000386
	speed: 0.0499s/iter; left time: 379.1810s
	iters: 400, epoch: 3 | loss: 0.1534920
	speed: 0.0489s/iter; left time: 366.7018s
	iters: 500, epoch: 3 | loss: 0.2389159
	speed: 0.0504s/iter; left time: 373.3915s
	iters: 600, epoch: 3 | loss: 0.1857662
	speed: 0.0574s/iter; left time: 419.4913s
	iters: 700, epoch: 3 | loss: 0.1486894
	speed: 0.0573s/iter; left time: 412.6861s
	iters: 800, epoch: 3 | loss: 0.2600446
	speed: 0.0420s/iter; left time: 298.2449s
	iters: 900, epoch: 3 | loss: 0.2425172
	speed: 0.0502s/iter; left time: 351.4073s
Epoch: 3 cost time: 50.802388429641724
Epoch: 3, Steps: 988 | Train Loss: 0.2156052 Vali Loss: 0.1324814 Test Loss: 0.1851022
EarlyStopping counter: 2 out of 3
Updating learning rate to 2.5e-05
	iters: 100, epoch: 4 | loss: 0.1275576
	speed: 0.3744s/iter; left time: 2552.1455s
	iters: 200, epoch: 4 | loss: 0.4993840
	speed: 0.0609s/iter; left time: 409.0686s
	iters: 300, epoch: 4 | loss: 0.1793512
	speed: 0.0624s/iter; left time: 412.7866s
	iters: 400, epoch: 4 | loss: 0.1334384
	speed: 0.0565s/iter; left time: 368.2763s
	iters: 500, epoch: 4 | loss: 0.2654038
	speed: 0.0538s/iter; left time: 345.0919s
	iters: 600, epoch: 4 | loss: 0.2744457
	speed: 0.0605s/iter; left time: 382.1817s
	iters: 700, epoch: 4 | loss: 0.3050060
	speed: 0.0554s/iter; left time: 344.3953s
	iters: 800, epoch: 4 | loss: 0.1653378
	speed: 0.0542s/iter; left time: 331.2393s
	iters: 900, epoch: 4 | loss: 0.1464623
	speed: 0.0472s/iter; left time: 283.9092s
Epoch: 4 cost time: 56.844443559646606
Epoch: 4, Steps: 988 | Train Loss: 0.2054130 Vali Loss: 0.1321243 Test Loss: 0.1854848
EarlyStopping counter: 3 out of 3
Early stopping
>>>>>>>testing : long_term_forecast_LBv2_ETTm2_PatchTST_96_s2021_PatchTST_ETTm2_ftM_sl96_ll48_pl96_dm512_nh16_el3_dl1_df2048_expand2_dc4_fc3_ebtimeF_dtTrue_Exp_0<<<<<<<<<<<<<<<<<<<<<<<<<<<<<<<<<
test 11425
test shape: (11425, 96, 7) (11425, 96, 7)
test shape: (11425, 96, 7) (11425, 96, 7)
mse:0.18700596690177917, mae:0.26788800954818726, dtw:Not calculated
