Using GPU
Args in experiment:
[1mBasic Config[0m
  Task Name:          long_term_forecast  Is Training:        1                   
  Model ID:           LBv2_ETTm2_PatchTST_1440_s2022Model:              PatchTST            

[1mData Loader[0m
  Data:               ETTm2               Root Path:          ./dataset/ETT-small/
  Data Path:          ETTm2.csv           Features:           M                   
  Target:             OT                  Freq:               h                   
  Checkpoints:        ./checkpoints/      

[1mForecasting Task[0m
  Seq Len:            1440                Label Len:          48                  
  Pred Len:           96                  Seasonal Patterns:  Monthly             
  Inverse:            0                   

[1mModel Parameters[0m
  Top k:              5                   Num Kernels:        6                   
  Enc In:             7                   Dec In:             7                   
  C Out:              7                   d model:            512                 
  n heads:            16                  e layers:           3                   
  d layers:           1                   d FF:               2048                
  Moving Avg:         25                  Factor:             3                   
  Distil:             1                   Dropout:            0.1                 
  Embed:              timeF               Activation:         gelu                

[1mRun Parameters[0m
  Num Workers:        2                   Itr:                1                   
  Train Epochs:       10                  Batch Size:         32                  
  Patience:           3                   Learning Rate:      0.0001              
  Des:                Exp                 Loss:               MSE                 
  Lradj:              type1               Use Amp:            0                   

[1mGPU[0m
  Use GPU:            1                   GPU:                0                   
  Use Multi GPU:      0                   Devices:            0,1,2,3             

[1mDe-stationary Projector Params[0m
  P Hidden Dims:      128, 128            P Hidden Layers:    2                   

Use GPU: cuda:0
🚀 Lazy Loading: PatchTST ...
>>>>>>>start training : long_term_forecast_LBv2_ETTm2_PatchTST_1440_s2022_PatchTST_ETTm2_ftM_sl1440_ll48_pl96_dm512_nh16_el3_dl1_df2048_expand2_dc4_fc3_ebtimeF_dtTrue_Exp_0>>>>>>>>>>>>>>>>>>>>>>>>>>
train window subsample: keep 31585/33025 windows (max_train_windows=31585)
train 31585
val 11425
test 11425
	iters: 100, epoch: 1 | loss: 0.4539681
	speed: 0.4416s/iter; left time: 4319.1619s
	iters: 200, epoch: 1 | loss: 0.4010482
	speed: 0.4402s/iter; left time: 4261.1040s
	iters: 300, epoch: 1 | loss: 0.2455993
	speed: 0.4461s/iter; left time: 4274.0738s
	iters: 400, epoch: 1 | loss: 0.2417463
	speed: 0.4454s/iter; left time: 4222.6205s
	iters: 500, epoch: 1 | loss: 0.4055770
	speed: 0.4459s/iter; left time: 4183.4496s
	iters: 600, epoch: 1 | loss: 0.2887378
	speed: 0.4426s/iter; left time: 4107.8492s
	iters: 700, epoch: 1 | loss: 0.3020925
	speed: 0.4263s/iter; left time: 3914.1269s
	iters: 800, epoch: 1 | loss: 0.1962219
	speed: 0.4404s/iter; left time: 3999.1327s
	iters: 900, epoch: 1 | loss: 0.2948507
	speed: 0.4069s/iter; left time: 3654.1115s
Epoch: 1 cost time: 425.85413098335266
Epoch: 1, Steps: 988 | Train Loss: 0.3036250 Vali Loss: 0.1491690 Test Loss: 0.2081783
Validation loss decreased (inf --> 0.149169).  Saving model ...
Updating learning rate to 0.0001
	iters: 100, epoch: 2 | loss: 0.2476291
	speed: 1.4032s/iter; left time: 12338.1971s
	iters: 200, epoch: 2 | loss: 0.2301152
	speed: 0.3089s/iter; left time: 2684.9024s
	iters: 300, epoch: 2 | loss: 0.2200633
	speed: 0.4030s/iter; left time: 3462.9036s
	iters: 400, epoch: 2 | loss: 0.1939815
	speed: 0.4439s/iter; left time: 3770.0955s
	iters: 500, epoch: 2 | loss: 0.2125431
	speed: 0.4434s/iter; left time: 3721.5596s
	iters: 600, epoch: 2 | loss: 0.1787069
	speed: 0.4357s/iter; left time: 3612.9056s
	iters: 700, epoch: 2 | loss: 0.2083517
	speed: 0.4226s/iter; left time: 3462.1619s
	iters: 800, epoch: 2 | loss: 0.1750646
	speed: 0.3771s/iter; left time: 3051.8045s
	iters: 900, epoch: 2 | loss: 0.2208841
	speed: 0.2907s/iter; left time: 2323.2038s
Epoch: 2 cost time: 366.15571784973145
Epoch: 2, Steps: 988 | Train Loss: 0.2092400 Vali Loss: 0.1381704 Test Loss: 0.1884338
Validation loss decreased (0.149169 --> 0.138170).  Saving model ...
Updating learning rate to 5e-05
	iters: 100, epoch: 3 | loss: 0.1563016
	speed: 1.1314s/iter; left time: 8830.5430s
	iters: 200, epoch: 3 | loss: 0.1349872
	speed: 0.2789s/iter; left time: 2148.7889s
	iters: 300, epoch: 3 | loss: 0.1279025
	speed: 0.3312s/iter; left time: 2518.4534s
	iters: 400, epoch: 3 | loss: 0.1980459
	speed: 0.3322s/iter; left time: 2493.0002s
	iters: 500, epoch: 3 | loss: 0.1540689
	speed: 0.3009s/iter; left time: 2228.5241s
	iters: 600, epoch: 3 | loss: 0.1397423
	speed: 0.2911s/iter; left time: 2126.2587s
	iters: 700, epoch: 3 | loss: 0.2003769
	speed: 0.2910s/iter; left time: 2096.3640s
	iters: 800, epoch: 3 | loss: 0.1201396
	speed: 0.2902s/iter; left time: 2061.9795s
	iters: 900, epoch: 3 | loss: 0.1627509
	speed: 0.2897s/iter; left time: 2029.5347s
Epoch: 3 cost time: 289.94476985931396
Epoch: 3, Steps: 988 | Train Loss: 0.1733435 Vali Loss: 0.1392619 Test Loss: 0.1931104
EarlyStopping counter: 1 out of 3
Updating learning rate to 2.5e-05
	iters: 100, epoch: 4 | loss: 0.1725406
	speed: 1.1441s/iter; left time: 7799.4563s
	iters: 200, epoch: 4 | loss: 0.1720513
	speed: 0.3080s/iter; left time: 2069.0831s
	iters: 300, epoch: 4 | loss: 0.1474568
	speed: 0.3088s/iter; left time: 2043.1446s
	iters: 400, epoch: 4 | loss: 0.2266350
	speed: 0.3081s/iter; left time: 2007.8517s
	iters: 500, epoch: 4 | loss: 0.2779873
	speed: 0.3086s/iter; left time: 1980.4095s
	iters: 600, epoch: 4 | loss: 0.1624307
	speed: 0.2990s/iter; left time: 1888.9949s
	iters: 700, epoch: 4 | loss: 0.0967337
	speed: 0.2920s/iter; left time: 1815.5700s
	iters: 800, epoch: 4 | loss: 0.1102157
	speed: 0.2920s/iter; left time: 1786.3341s
	iters: 900, epoch: 4 | loss: 0.1665725
	speed: 0.2689s/iter; left time: 1617.7499s
Epoch: 4 cost time: 291.0633659362793
Epoch: 4, Steps: 988 | Train Loss: 0.1568635 Vali Loss: 0.1458597 Test Loss: 0.2060568
EarlyStopping counter: 2 out of 3
Updating learning rate to 1.25e-05
	iters: 100, epoch: 5 | loss: 0.1314500
	speed: 1.1518s/iter; left time: 6713.7499s
	iters: 200, epoch: 5 | loss: 0.2235831
	speed: 0.4486s/iter; left time: 2570.2500s
	iters: 300, epoch: 5 | loss: 0.1190862
	speed: 0.4487s/iter; left time: 2525.8041s
	iters: 400, epoch: 5 | loss: 0.1247920
	speed: 0.4487s/iter; left time: 2481.0487s
	iters: 500, epoch: 5 | loss: 0.1423799
	speed: 0.4489s/iter; left time: 2437.1470s
	iters: 600, epoch: 5 | loss: 0.1242009
	speed: 0.4487s/iter; left time: 2391.2920s
	iters: 700, epoch: 5 | loss: 0.1105072
	speed: 0.4489s/iter; left time: 2347.4734s
	iters: 800, epoch: 5 | loss: 0.1711140
	speed: 0.4237s/iter; left time: 2173.2216s
	iters: 900, epoch: 5 | loss: 0.1893182
	speed: 0.4112s/iter; left time: 2068.0510s
Epoch: 5 cost time: 418.94206953048706
Epoch: 5, Steps: 988 | Train Loss: 0.1479407 Vali Loss: 0.1493076 Test Loss: 0.2090979
EarlyStopping counter: 3 out of 3
Early stopping
>>>>>>>testing : long_term_forecast_LBv2_ETTm2_PatchTST_1440_s2022_PatchTST_ETTm2_ftM_sl1440_ll48_pl96_dm512_nh16_el3_dl1_df2048_expand2_dc4_fc3_ebtimeF_dtTrue_Exp_0<<<<<<<<<<<<<<<<<<<<<<<<<<<<<<<<<
test 11425
test shape: (11425, 96, 7) (11425, 96, 7)
test shape: (11425, 96, 7) (11425, 96, 7)
mse:0.18850372731685638, mae:0.2834410071372986, dtw:Not calculated
