Using GPU
Args in experiment:
[1mBasic Config[0m
  Task Name:          long_term_forecast  Is Training:        1                   
  Model ID:           LBv2_ETTm2_DLinear_1440_s2022Model:              DLinear             

[1mData Loader[0m
  Data:               ETTm2               Root Path:          ./dataset/ETT-small/
  Data Path:          ETTm2.csv           Features:           M                   
  Target:             OT                  Freq:               h                   
  Checkpoints:        ./checkpoints/      

[1mForecasting Task[0m
  Seq Len:            1440                Label Len:          48                  
  Pred Len:           96                  Seasonal Patterns:  Monthly             
  Inverse:            0                   

[1mModel Parameters[0m
  Top k:              5                   Num Kernels:        6                   
  Enc In:             7                   Dec In:             7                   
  C Out:              7                   d model:            128                 
  n heads:            8                   e layers:           2                   
  d layers:           1                   d FF:               128                 
  Moving Avg:         25                  Factor:             3                   
  Distil:             1                   Dropout:            0.1                 
  Embed:              timeF               Activation:         gelu                

[1mRun Parameters[0m
  Num Workers:        2                   Itr:                1                   
  Train Epochs:       10                  Batch Size:         32                  
  Patience:           3                   Learning Rate:      0.0001              
  Des:                Exp                 Loss:               MSE                 
  Lradj:              type1               Use Amp:            0                   

[1mGPU[0m
  Use GPU:            1                   GPU:                0                   
  Use Multi GPU:      0                   Devices:            0,1,2,3             

[1mDe-stationary Projector Params[0m
  P Hidden Dims:      128, 128            P Hidden Layers:    2                   

Use GPU: cuda:0
🚀 Lazy Loading: DLinear ...
>>>>>>>start training : long_term_forecast_LBv2_ETTm2_DLinear_1440_s2022_DLinear_ETTm2_ftM_sl1440_ll48_pl96_dm128_nh8_el2_dl1_df128_expand2_dc4_fc3_ebtimeF_dtTrue_Exp_0>>>>>>>>>>>>>>>>>>>>>>>>>>
train window subsample: keep 31585/33025 windows (max_train_windows=31585)
train 31585
val 11425
test 11425
	iters: 100, epoch: 1 | loss: 0.2856971
	speed: 0.0265s/iter; left time: 259.0655s
	iters: 200, epoch: 1 | loss: 0.1380560
	speed: 0.0090s/iter; left time: 87.2083s
	iters: 300, epoch: 1 | loss: 0.1604583
	speed: 0.0088s/iter; left time: 84.6748s
	iters: 400, epoch: 1 | loss: 0.1688474
	speed: 0.0091s/iter; left time: 86.1261s
	iters: 500, epoch: 1 | loss: 0.1661275
	speed: 0.0092s/iter; left time: 86.6714s
	iters: 600, epoch: 1 | loss: 0.1810881
	speed: 0.0089s/iter; left time: 82.9458s
	iters: 700, epoch: 1 | loss: 0.2571340
	speed: 0.0091s/iter; left time: 83.2643s
	iters: 800, epoch: 1 | loss: 0.1825457
	speed: 0.0089s/iter; left time: 80.4698s
	iters: 900, epoch: 1 | loss: 0.2116671
	speed: 0.0093s/iter; left time: 83.4082s
Epoch: 1 cost time: 9.269240140914917
Epoch: 1, Steps: 988 | Train Loss: 0.2376802 Vali Loss: 0.1204269 Test Loss: 0.1786510
Validation loss decreased (inf --> 0.120427).  Saving model ...
Updating learning rate to 0.0001
	iters: 100, epoch: 2 | loss: 0.2955136
	speed: 0.0854s/iter; left time: 750.5797s
	iters: 200, epoch: 2 | loss: 0.2838695
	speed: 0.0091s/iter; left time: 79.1583s
	iters: 300, epoch: 2 | loss: 0.2083688
	speed: 0.0091s/iter; left time: 78.2130s
	iters: 400, epoch: 2 | loss: 0.2234652
	speed: 0.0091s/iter; left time: 77.4201s
	iters: 500, epoch: 2 | loss: 0.1228795
	speed: 0.0092s/iter; left time: 77.4614s
	iters: 600, epoch: 2 | loss: 0.1862711
	speed: 0.0091s/iter; left time: 75.7335s
	iters: 700, epoch: 2 | loss: 0.1661402
	speed: 0.0091s/iter; left time: 74.4771s
	iters: 800, epoch: 2 | loss: 0.2998961
	speed: 0.0091s/iter; left time: 73.7612s
	iters: 900, epoch: 2 | loss: 0.2213814
	speed: 0.0091s/iter; left time: 72.8505s
Epoch: 2 cost time: 9.10313367843628
Epoch: 2, Steps: 988 | Train Loss: 0.2090497 Vali Loss: 0.1134529 Test Loss: 0.1638729
Validation loss decreased (0.120427 --> 0.113453).  Saving model ...
Updating learning rate to 5e-05
	iters: 100, epoch: 3 | loss: 0.3119017
	speed: 0.0861s/iter; left time: 672.2340s
	iters: 200, epoch: 3 | loss: 0.1513089
	speed: 0.0091s/iter; left time: 70.1443s
	iters: 300, epoch: 3 | loss: 0.3070738
	speed: 0.0091s/iter; left time: 69.3746s
	iters: 400, epoch: 3 | loss: 0.1708782
	speed: 0.0092s/iter; left time: 69.0055s
	iters: 500, epoch: 3 | loss: 0.2464607
	speed: 0.0091s/iter; left time: 67.1177s
	iters: 600, epoch: 3 | loss: 0.3601297
	speed: 0.0090s/iter; left time: 66.0995s
	iters: 700, epoch: 3 | loss: 0.3039651
	speed: 0.0091s/iter; left time: 65.4751s
	iters: 800, epoch: 3 | loss: 0.1858019
	speed: 0.0090s/iter; left time: 64.0167s
	iters: 900, epoch: 3 | loss: 0.1916274
	speed: 0.0091s/iter; left time: 63.8518s
Epoch: 3 cost time: 9.047556161880493
Epoch: 3, Steps: 988 | Train Loss: 0.2032839 Vali Loss: 0.1143806 Test Loss: 0.1611893
EarlyStopping counter: 1 out of 3
Updating learning rate to 2.5e-05
	iters: 100, epoch: 4 | loss: 0.1207516
	speed: 0.0854s/iter; left time: 582.3679s
	iters: 200, epoch: 4 | loss: 0.5423530
	speed: 0.0091s/iter; left time: 61.3175s
	iters: 300, epoch: 4 | loss: 0.2788837
	speed: 0.0091s/iter; left time: 60.0545s
	iters: 400, epoch: 4 | loss: 0.4652105
	speed: 0.0090s/iter; left time: 58.8316s
	iters: 500, epoch: 4 | loss: 0.1924398
	speed: 0.0091s/iter; left time: 58.1707s
	iters: 600, epoch: 4 | loss: 0.3088754
	speed: 0.0092s/iter; left time: 57.9617s
	iters: 700, epoch: 4 | loss: 0.3920422
	speed: 0.0091s/iter; left time: 56.7275s
	iters: 800, epoch: 4 | loss: 0.2525930
	speed: 0.0091s/iter; left time: 55.4485s
	iters: 900, epoch: 4 | loss: 0.2488681
	speed: 0.0091s/iter; left time: 54.7620s
Epoch: 4 cost time: 9.079105377197266
Epoch: 4, Steps: 988 | Train Loss: 0.2012443 Vali Loss: 0.1152825 Test Loss: 0.1661523
EarlyStopping counter: 2 out of 3
Updating learning rate to 1.25e-05
	iters: 100, epoch: 5 | loss: 0.1282397
	speed: 0.0859s/iter; left time: 500.5680s
	iters: 200, epoch: 5 | loss: 0.1349403
	speed: 0.0079s/iter; left time: 45.1264s
	iters: 300, epoch: 5 | loss: 0.1169149
	speed: 0.0072s/iter; left time: 40.2889s
	iters: 400, epoch: 5 | loss: 0.1816412
	speed: 0.0072s/iter; left time: 39.6007s
	iters: 500, epoch: 5 | loss: 0.1109731
	speed: 0.0072s/iter; left time: 39.1467s
	iters: 600, epoch: 5 | loss: 0.2770945
	speed: 0.0072s/iter; left time: 38.6067s
	iters: 700, epoch: 5 | loss: 0.5037411
	speed: 0.0072s/iter; left time: 37.5787s
	iters: 800, epoch: 5 | loss: 0.2362444
	speed: 0.0072s/iter; left time: 36.8542s
	iters: 900, epoch: 5 | loss: 0.4928588
	speed: 0.0072s/iter; left time: 36.2223s
Epoch: 5 cost time: 7.441318035125732
Epoch: 5, Steps: 988 | Train Loss: 0.2003301 Vali Loss: 0.1132048 Test Loss: 0.1598819
Validation loss decreased (0.113453 --> 0.113205).  Saving model ...
Updating learning rate to 6.25e-06
	iters: 100, epoch: 6 | loss: 0.2557428
	speed: 0.0733s/iter; left time: 355.0537s
	iters: 200, epoch: 6 | loss: 0.4005257
	speed: 0.0072s/iter; left time: 34.2899s
	iters: 300, epoch: 6 | loss: 0.0879479
	speed: 0.0072s/iter; left time: 33.2166s
	iters: 400, epoch: 6 | loss: 0.1792917
	speed: 0.0073s/iter; left time: 33.0348s
	iters: 500, epoch: 6 | loss: 0.1406218
	speed: 0.0072s/iter; left time: 31.8693s
	iters: 600, epoch: 6 | loss: 0.0897128
	speed: 0.0072s/iter; left time: 31.3111s
	iters: 700, epoch: 6 | loss: 0.1015008
	speed: 0.0070s/iter; left time: 29.6891s
	iters: 800, epoch: 6 | loss: 0.1477197
	speed: 0.0071s/iter; left time: 29.5809s
	iters: 900, epoch: 6 | loss: 0.1367565
	speed: 0.0071s/iter; left time: 28.8797s
Epoch: 6 cost time: 7.164436340332031
Epoch: 6, Steps: 988 | Train Loss: 0.1991515 Vali Loss: 0.1149365 Test Loss: 0.1633769
EarlyStopping counter: 1 out of 3
Updating learning rate to 3.125e-06
	iters: 100, epoch: 7 | loss: 0.1769215
	speed: 0.0744s/iter; left time: 286.7966s
	iters: 200, epoch: 7 | loss: 0.1222846
	speed: 0.0071s/iter; left time: 26.7262s
	iters: 300, epoch: 7 | loss: 0.1020565
	speed: 0.0072s/iter; left time: 26.2422s
	iters: 400, epoch: 7 | loss: 0.4584886
	speed: 0.0072s/iter; left time: 25.5953s
	iters: 500, epoch: 7 | loss: 0.0910813
	speed: 0.0071s/iter; left time: 24.5040s
	iters: 600, epoch: 7 | loss: 0.1494690
	speed: 0.0072s/iter; left time: 24.0671s
	iters: 700, epoch: 7 | loss: 0.1146362
	speed: 0.0071s/iter; left time: 23.1616s
	iters: 800, epoch: 7 | loss: 0.1320422
	speed: 0.0072s/iter; left time: 22.7193s
	iters: 900, epoch: 7 | loss: 0.1746064
	speed: 0.0071s/iter; left time: 21.7763s
Epoch: 7 cost time: 7.156291723251343
Epoch: 7, Steps: 988 | Train Loss: 0.1988597 Vali Loss: 0.1142578 Test Loss: 0.1624675
EarlyStopping counter: 2 out of 3
Updating learning rate to 1.5625e-06
	iters: 100, epoch: 8 | loss: 0.1752530
	speed: 0.0743s/iter; left time: 212.7544s
	iters: 200, epoch: 8 | loss: 0.0889257
	speed: 0.0072s/iter; left time: 20.0267s
	iters: 300, epoch: 8 | loss: 0.2866956
	speed: 0.0072s/iter; left time: 19.1059s
	iters: 400, epoch: 8 | loss: 0.1212455
	speed: 0.0066s/iter; left time: 16.9418s
	iters: 500, epoch: 8 | loss: 0.2284796
	speed: 0.0068s/iter; left time: 16.6539s
	iters: 600, epoch: 8 | loss: 0.1726163
	speed: 0.0069s/iter; left time: 16.3419s
	iters: 700, epoch: 8 | loss: 0.1977935
	speed: 0.0068s/iter; left time: 15.4590s
	iters: 800, epoch: 8 | loss: 0.1952865
	speed: 0.0070s/iter; left time: 15.1114s
	iters: 900, epoch: 8 | loss: 0.3361330
	speed: 0.0085s/iter; left time: 17.6023s
Epoch: 8 cost time: 7.267154216766357
Epoch: 8, Steps: 988 | Train Loss: 0.1987762 Vali Loss: 0.1148134 Test Loss: 0.1641320
EarlyStopping counter: 3 out of 3
Early stopping
>>>>>>>testing : long_term_forecast_LBv2_ETTm2_DLinear_1440_s2022_DLinear_ETTm2_ftM_sl1440_ll48_pl96_dm128_nh8_el2_dl1_df128_expand2_dc4_fc3_ebtimeF_dtTrue_Exp_0<<<<<<<<<<<<<<<<<<<<<<<<<<<<<<<<<
test 11425
test shape: (11425, 96, 7) (11425, 96, 7)
test shape: (11425, 96, 7) (11425, 96, 7)
mse:0.1599988490343094, mae:0.25593578815460205, dtw:Not calculated
