Using GPU
Args in experiment:
[1mBasic Config[0m
  Task Name:          long_term_forecast  Is Training:        1                   
  Model ID:           LBv2_ETTm1_PatchTST_1440_s2022Model:              PatchTST            

[1mData Loader[0m
  Data:               ETTm1               Root Path:          ./dataset/ETT-small/
  Data Path:          ETTm1.csv           Features:           M                   
  Target:             OT                  Freq:               h                   
  Checkpoints:        ./checkpoints/      

[1mForecasting Task[0m
  Seq Len:            1440                Label Len:          48                  
  Pred Len:           96                  Seasonal Patterns:  Monthly             
  Inverse:            0                   

[1mModel Parameters[0m
  Top k:              5                   Num Kernels:        6                   
  Enc In:             7                   Dec In:             7                   
  C Out:              7                   d model:            512                 
  n heads:            2                   e layers:           1                   
  d layers:           1                   d FF:               2048                
  Moving Avg:         25                  Factor:             3                   
  Distil:             1                   Dropout:            0.1                 
  Embed:              timeF               Activation:         gelu                

[1mRun Parameters[0m
  Num Workers:        2                   Itr:                1                   
  Train Epochs:       10                  Batch Size:         32                  
  Patience:           3                   Learning Rate:      0.0001              
  Des:                Exp                 Loss:               MSE                 
  Lradj:              type1               Use Amp:            0                   

[1mGPU[0m
  Use GPU:            1                   GPU:                0                   
  Use Multi GPU:      0                   Devices:            0,1,2,3             

[1mDe-stationary Projector Params[0m
  P Hidden Dims:      128, 128            P Hidden Layers:    2                   

Use GPU: cuda:0
🚀 Lazy Loading: PatchTST ...
>>>>>>>start training : long_term_forecast_LBv2_ETTm1_PatchTST_1440_s2022_PatchTST_ETTm1_ftM_sl1440_ll48_pl96_dm512_nh2_el1_dl1_df2048_expand2_dc4_fc3_ebtimeF_dtTrue_Exp_0>>>>>>>>>>>>>>>>>>>>>>>>>>
train window subsample: keep 31585/33025 windows (max_train_windows=31585)
train 31585
val 11425
test 11425
	iters: 100, epoch: 1 | loss: 0.3167452
	speed: 0.1384s/iter; left time: 1353.9344s
	iters: 200, epoch: 1 | loss: 0.3978197
	speed: 0.1195s/iter; left time: 1157.1167s
	iters: 300, epoch: 1 | loss: 0.4182723
	speed: 0.1194s/iter; left time: 1144.4018s
	iters: 400, epoch: 1 | loss: 0.3575264
	speed: 0.1195s/iter; left time: 1132.5788s
	iters: 500, epoch: 1 | loss: 0.2984818
	speed: 0.1194s/iter; left time: 1120.0785s
	iters: 600, epoch: 1 | loss: 0.3462387
	speed: 0.1194s/iter; left time: 1108.5127s
	iters: 700, epoch: 1 | loss: 0.3536658
	speed: 0.1195s/iter; left time: 1096.8102s
	iters: 800, epoch: 1 | loss: 0.3496131
	speed: 0.1195s/iter; left time: 1084.8070s
	iters: 900, epoch: 1 | loss: 0.3629269
	speed: 0.1195s/iter; left time: 1073.0777s
Epoch: 1 cost time: 118.65809655189514
Epoch: 1, Steps: 988 | Train Loss: 0.3839446 Vali Loss: 0.7083153 Test Loss: 0.4995211
Validation loss decreased (inf --> 0.708315).  Saving model ...
Updating learning rate to 0.0001
	iters: 100, epoch: 2 | loss: 0.3585466
	speed: 0.5338s/iter; left time: 4694.1089s
	iters: 200, epoch: 2 | loss: 0.3324154
	speed: 0.1194s/iter; left time: 1038.2859s
	iters: 300, epoch: 2 | loss: 0.3453501
	speed: 0.1153s/iter; left time: 990.3928s
	iters: 400, epoch: 2 | loss: 0.3034059
	speed: 0.1085s/iter; left time: 921.1258s
	iters: 500, epoch: 2 | loss: 0.3377702
	speed: 0.1087s/iter; left time: 912.3065s
	iters: 600, epoch: 2 | loss: 0.2866387
	speed: 0.1085s/iter; left time: 899.5438s
	iters: 700, epoch: 2 | loss: 0.2976703
	speed: 0.1086s/iter; left time: 889.5839s
	iters: 800, epoch: 2 | loss: 0.2875675
	speed: 0.1084s/iter; left time: 877.3383s
	iters: 900, epoch: 2 | loss: 0.2972476
	speed: 0.1091s/iter; left time: 871.7224s
Epoch: 2 cost time: 110.13420796394348
Epoch: 2, Steps: 988 | Train Loss: 0.3204396 Vali Loss: 0.5372301 Test Loss: 0.3947214
Validation loss decreased (0.708315 --> 0.537230).  Saving model ...
Updating learning rate to 5e-05
	iters: 100, epoch: 3 | loss: 0.2607357
	speed: 0.4869s/iter; left time: 3800.6309s
	iters: 200, epoch: 3 | loss: 0.2492472
	speed: 0.1081s/iter; left time: 832.5896s
	iters: 300, epoch: 3 | loss: 0.2679732
	speed: 0.1078s/iter; left time: 820.0246s
	iters: 400, epoch: 3 | loss: 0.2696047
	speed: 0.0968s/iter; left time: 726.1592s
	iters: 500, epoch: 3 | loss: 0.2963501
	speed: 0.0835s/iter; left time: 618.6470s
	iters: 600, epoch: 3 | loss: 0.2434881
	speed: 0.0836s/iter; left time: 610.7391s
	iters: 700, epoch: 3 | loss: 0.2613979
	speed: 0.0834s/iter; left time: 601.2050s
	iters: 800, epoch: 3 | loss: 0.2547559
	speed: 0.0837s/iter; left time: 594.3733s
	iters: 900, epoch: 3 | loss: 0.2530651
	speed: 0.0834s/iter; left time: 584.2971s
Epoch: 3 cost time: 91.1015374660492
Epoch: 3, Steps: 988 | Train Loss: 0.2556195 Vali Loss: 0.5035254 Test Loss: 0.3620008
Validation loss decreased (0.537230 --> 0.503525).  Saving model ...
Updating learning rate to 2.5e-05
	iters: 100, epoch: 4 | loss: 0.2159782
	speed: 0.3827s/iter; left time: 2608.8498s
	iters: 200, epoch: 4 | loss: 0.2118535
	speed: 0.0835s/iter; left time: 561.0886s
	iters: 300, epoch: 4 | loss: 0.2188629
	speed: 0.0836s/iter; left time: 552.8902s
	iters: 400, epoch: 4 | loss: 0.1863545
	speed: 0.0835s/iter; left time: 544.3432s
	iters: 500, epoch: 4 | loss: 0.1927468
	speed: 0.0817s/iter; left time: 524.2664s
	iters: 600, epoch: 4 | loss: 0.2331099
	speed: 0.0815s/iter; left time: 515.0534s
	iters: 700, epoch: 4 | loss: 0.2066996
	speed: 0.0814s/iter; left time: 506.0896s
	iters: 800, epoch: 4 | loss: 0.2199138
	speed: 0.0817s/iter; left time: 499.7618s
	iters: 900, epoch: 4 | loss: 0.2074248
	speed: 0.0815s/iter; left time: 490.4043s
Epoch: 4 cost time: 81.40482115745544
Epoch: 4, Steps: 988 | Train Loss: 0.2273505 Vali Loss: 0.4870373 Test Loss: 0.3552271
Validation loss decreased (0.503525 --> 0.487037).  Saving model ...
Updating learning rate to 1.25e-05
	iters: 100, epoch: 5 | loss: 0.2437022
	speed: 0.3738s/iter; left time: 2179.1565s
	iters: 200, epoch: 5 | loss: 0.2338689
	speed: 0.0958s/iter; left time: 548.6479s
	iters: 300, epoch: 5 | loss: 0.2048437
	speed: 0.1218s/iter; left time: 685.4174s
	iters: 400, epoch: 5 | loss: 0.2354832
	speed: 0.1212s/iter; left time: 670.2871s
	iters: 500, epoch: 5 | loss: 0.2215163
	speed: 0.1209s/iter; left time: 656.1195s
	iters: 600, epoch: 5 | loss: 0.1941619
	speed: 0.1212s/iter; left time: 645.9843s
	iters: 700, epoch: 5 | loss: 0.2250073
	speed: 0.1210s/iter; left time: 632.8274s
	iters: 800, epoch: 5 | loss: 0.1981118
	speed: 0.1208s/iter; left time: 619.4768s
	iters: 900, epoch: 5 | loss: 0.1875077
	speed: 0.1211s/iter; left time: 608.8850s
Epoch: 5 cost time: 113.20853042602539
Epoch: 5, Steps: 988 | Train Loss: 0.2124821 Vali Loss: 0.4654214 Test Loss: 0.3410554
Validation loss decreased (0.487037 --> 0.465421).  Saving model ...
Updating learning rate to 6.25e-06
	iters: 100, epoch: 6 | loss: 0.1864493
	speed: 0.5408s/iter; left time: 2618.0173s
	iters: 200, epoch: 6 | loss: 0.2005581
	speed: 0.1211s/iter; left time: 574.0498s
	iters: 300, epoch: 6 | loss: 0.1664115
	speed: 0.1211s/iter; left time: 562.2484s
	iters: 400, epoch: 6 | loss: 0.2241220
	speed: 0.1214s/iter; left time: 551.1618s
	iters: 500, epoch: 6 | loss: 0.1887598
	speed: 0.1209s/iter; left time: 536.7763s
	iters: 600, epoch: 6 | loss: 0.2043732
	speed: 0.1212s/iter; left time: 525.9168s
	iters: 700, epoch: 6 | loss: 0.2031099
	speed: 0.1209s/iter; left time: 512.6543s
	iters: 800, epoch: 6 | loss: 0.2048064
	speed: 0.1211s/iter; left time: 501.3641s
	iters: 900, epoch: 6 | loss: 0.2087203
	speed: 0.1208s/iter; left time: 488.3305s
Epoch: 6 cost time: 119.58295130729675
Epoch: 6, Steps: 988 | Train Loss: 0.2044226 Vali Loss: 0.4621839 Test Loss: 0.3435090
Validation loss decreased (0.465421 --> 0.462184).  Saving model ...
Updating learning rate to 3.125e-06
	iters: 100, epoch: 7 | loss: 0.2306854
	speed: 0.5414s/iter; left time: 2086.0093s
	iters: 200, epoch: 7 | loss: 0.1784950
	speed: 0.1210s/iter; left time: 454.1440s
	iters: 300, epoch: 7 | loss: 0.2602234
	speed: 0.1213s/iter; left time: 442.9830s
	iters: 400, epoch: 7 | loss: 0.2187892
	speed: 0.1213s/iter; left time: 431.0976s
	iters: 500, epoch: 7 | loss: 0.2218875
	speed: 0.1212s/iter; left time: 418.4141s
	iters: 600, epoch: 7 | loss: 0.1910930
	speed: 0.1180s/iter; left time: 395.5690s
	iters: 700, epoch: 7 | loss: 0.1796735
	speed: 0.1203s/iter; left time: 391.4226s
	iters: 800, epoch: 7 | loss: 0.2213365
	speed: 0.1203s/iter; left time: 379.4005s
	iters: 900, epoch: 7 | loss: 0.1727564
	speed: 0.1203s/iter; left time: 367.1743s
Epoch: 7 cost time: 119.71028804779053
Epoch: 7, Steps: 988 | Train Loss: 0.2003179 Vali Loss: 0.4602207 Test Loss: 0.3390236
Validation loss decreased (0.462184 --> 0.460221).  Saving model ...
Updating learning rate to 1.5625e-06
	iters: 100, epoch: 8 | loss: 0.1849882
	speed: 0.5865s/iter; left time: 1680.1903s
	iters: 200, epoch: 8 | loss: 0.2076580
	speed: 0.1329s/iter; left time: 367.5028s
	iters: 300, epoch: 8 | loss: 0.2194414
	speed: 0.1326s/iter; left time: 353.3569s
	iters: 400, epoch: 8 | loss: 0.2233498
	speed: 0.1315s/iter; left time: 337.1895s
	iters: 500, epoch: 8 | loss: 0.1879286
	speed: 0.1250s/iter; left time: 308.1261s
	iters: 600, epoch: 8 | loss: 0.1925666
	speed: 0.1204s/iter; left time: 284.8431s
	iters: 700, epoch: 8 | loss: 0.2187431
	speed: 0.1203s/iter; left time: 272.5735s
	iters: 800, epoch: 8 | loss: 0.1719985
	speed: 0.1206s/iter; left time: 261.1290s
	iters: 900, epoch: 8 | loss: 0.1995528
	speed: 0.1204s/iter; left time: 248.5726s
Epoch: 8 cost time: 123.34708833694458
Epoch: 8, Steps: 988 | Train Loss: 0.1981923 Vali Loss: 0.4553668 Test Loss: 0.3400600
Validation loss decreased (0.460221 --> 0.455367).  Saving model ...
Updating learning rate to 7.8125e-07
	iters: 100, epoch: 9 | loss: 0.2007228
	speed: 0.3755s/iter; left time: 704.8206s
	iters: 200, epoch: 9 | loss: 0.1985404
	speed: 0.0730s/iter; left time: 129.7783s
	iters: 300, epoch: 9 | loss: 0.1854585
	speed: 0.0723s/iter; left time: 121.3081s
	iters: 400, epoch: 9 | loss: 0.1833452
	speed: 0.0733s/iter; left time: 115.6601s
	iters: 500, epoch: 9 | loss: 0.1593625
	speed: 0.0734s/iter; left time: 108.3443s
	iters: 600, epoch: 9 | loss: 0.2200236
	speed: 0.0733s/iter; left time: 100.9260s
	iters: 700, epoch: 9 | loss: 0.2119904
	speed: 0.0735s/iter; left time: 93.8664s
	iters: 800, epoch: 9 | loss: 0.2233006
	speed: 0.0735s/iter; left time: 86.5527s
	iters: 900, epoch: 9 | loss: 0.1851641
	speed: 0.0749s/iter; left time: 80.6753s
Epoch: 9 cost time: 73.23867654800415
Epoch: 9, Steps: 988 | Train Loss: 0.1969694 Vali Loss: 0.4545874 Test Loss: 0.3370029
Validation loss decreased (0.455367 --> 0.454587).  Saving model ...
Updating learning rate to 3.90625e-07
	iters: 100, epoch: 10 | loss: 0.1993806
	speed: 0.3733s/iter; left time: 331.8562s
	iters: 200, epoch: 10 | loss: 0.1972053
	speed: 0.0813s/iter; left time: 64.1774s
	iters: 300, epoch: 10 | loss: 0.1965097
	speed: 0.0816s/iter; left time: 56.2198s
	iters: 400, epoch: 10 | loss: 0.1759793
	speed: 0.0812s/iter; left time: 47.8356s
	iters: 500, epoch: 10 | loss: 0.2148117
	speed: 0.0830s/iter; left time: 40.5717s
	iters: 600, epoch: 10 | loss: 0.1660462
	speed: 0.0868s/iter; left time: 33.7611s
	iters: 700, epoch: 10 | loss: 0.1796933
	speed: 0.0859s/iter; left time: 24.8159s
	iters: 800, epoch: 10 | loss: 0.2069570
	speed: 0.0865s/iter; left time: 16.3548s
	iters: 900, epoch: 10 | loss: 0.1900298
	speed: 0.0862s/iter; left time: 7.6728s
Epoch: 10 cost time: 83.04196524620056
Epoch: 10, Steps: 988 | Train Loss: 0.1959968 Vali Loss: 0.4546750 Test Loss: 0.3404235
EarlyStopping counter: 1 out of 3
Updating learning rate to 1.953125e-07
>>>>>>>testing : long_term_forecast_LBv2_ETTm1_PatchTST_1440_s2022_PatchTST_ETTm1_ftM_sl1440_ll48_pl96_dm512_nh2_el1_dl1_df2048_expand2_dc4_fc3_ebtimeF_dtTrue_Exp_0<<<<<<<<<<<<<<<<<<<<<<<<<<<<<<<<<
test 11425
test shape: (11425, 96, 7) (11425, 96, 7)
test shape: (11425, 96, 7) (11425, 96, 7)
mse:0.33737555146217346, mae:0.3805336654186249, dtw:Not calculated
