Using GPU
Args in experiment:
[1mBasic Config[0m
  Task Name:          long_term_forecast  Is Training:        1                   
  Model ID:           LBv2_ETTm1_TimesNet_96_s2023Model:              TimesNet            

[1mData Loader[0m
  Data:               ETTm1               Root Path:          ./dataset/ETT-small/
  Data Path:          ETTm1.csv           Features:           M                   
  Target:             OT                  Freq:               h                   
  Checkpoints:        ./checkpoints/      

[1mForecasting Task[0m
  Seq Len:            96                  Label Len:          48                  
  Pred Len:           96                  Seasonal Patterns:  Monthly             
  Inverse:            0                   

[1mModel Parameters[0m
  Top k:              5                   Num Kernels:        6                   
  Enc In:             7                   Dec In:             7                   
  C Out:              7                   d model:            64                  
  n heads:            8                   e layers:           2                   
  d layers:           1                   d FF:               64                  
  Moving Avg:         25                  Factor:             3                   
  Distil:             1                   Dropout:            0.1                 
  Embed:              timeF               Activation:         gelu                

[1mRun Parameters[0m
  Num Workers:        2                   Itr:                1                   
  Train Epochs:       10                  Batch Size:         32                  
  Patience:           3                   Learning Rate:      0.0001              
  Des:                Exp                 Loss:               MSE                 
  Lradj:              type1               Use Amp:            0                   

[1mGPU[0m
  Use GPU:            1                   GPU:                0                   
  Use Multi GPU:      0                   Devices:            0,1,2,3             

[1mDe-stationary Projector Params[0m
  P Hidden Dims:      128, 128            P Hidden Layers:    2                   

Use GPU: cuda:0
🚀 Lazy Loading: TimesNet ...
>>>>>>>start training : long_term_forecast_LBv2_ETTm1_TimesNet_96_s2023_TimesNet_ETTm1_ftM_sl96_ll48_pl96_dm64_nh8_el2_dl1_df64_expand2_dc4_fc3_ebtimeF_dtTrue_Exp_0>>>>>>>>>>>>>>>>>>>>>>>>>>
train window subsample: keep 31585/34369 windows (max_train_windows=31585)
train 31585
val 11425
test 11425
	iters: 100, epoch: 1 | loss: 0.3526687
	speed: 0.1186s/iter; left time: 1160.3641s
	iters: 200, epoch: 1 | loss: 0.3246494
	speed: 0.0977s/iter; left time: 945.5404s
	iters: 300, epoch: 1 | loss: 0.3425053
	speed: 0.0967s/iter; left time: 926.2527s
	iters: 400, epoch: 1 | loss: 0.2549026
	speed: 0.0912s/iter; left time: 864.7560s
	iters: 500, epoch: 1 | loss: 0.2579127
	speed: 0.0892s/iter; left time: 836.8802s
	iters: 600, epoch: 1 | loss: 0.2116221
	speed: 0.0893s/iter; left time: 828.9901s
	iters: 700, epoch: 1 | loss: 0.3012917
	speed: 0.0889s/iter; left time: 816.2769s
	iters: 800, epoch: 1 | loss: 0.3141798
	speed: 0.0894s/iter; left time: 811.9177s
	iters: 900, epoch: 1 | loss: 0.2884352
	speed: 0.0897s/iter; left time: 805.1642s
Epoch: 1 cost time: 91.90573263168335
Epoch: 1, Steps: 988 | Train Loss: 0.2987155 Vali Loss: 0.4052076 Test Loss: 0.3289985
Validation loss decreased (inf --> 0.405208).  Saving model ...
Updating learning rate to 0.0001
	iters: 100, epoch: 2 | loss: 0.2608722
	speed: 0.4406s/iter; left time: 3873.8651s
	iters: 200, epoch: 2 | loss: 0.2671469
	speed: 0.0895s/iter; left time: 777.7625s
	iters: 300, epoch: 2 | loss: 0.2627096
	speed: 0.0888s/iter; left time: 762.7336s
	iters: 400, epoch: 2 | loss: 0.2253569
	speed: 0.0897s/iter; left time: 762.1458s
	iters: 500, epoch: 2 | loss: 0.2055687
	speed: 0.0901s/iter; left time: 756.6103s
	iters: 600, epoch: 2 | loss: 0.2249397
	speed: 0.0900s/iter; left time: 746.6495s
	iters: 700, epoch: 2 | loss: 0.2761090
	speed: 0.0903s/iter; left time: 739.6088s
	iters: 800, epoch: 2 | loss: 0.2148231
	speed: 0.0912s/iter; left time: 738.0136s
	iters: 900, epoch: 2 | loss: 0.2589237
	speed: 0.0903s/iter; left time: 721.7927s
Epoch: 2 cost time: 89.54924845695496
Epoch: 2, Steps: 988 | Train Loss: 0.2448789 Vali Loss: 0.3957510 Test Loss: 0.3278006
Validation loss decreased (0.405208 --> 0.395751).  Saving model ...
Updating learning rate to 5e-05
	iters: 100, epoch: 3 | loss: 0.2570494
	speed: 0.4758s/iter; left time: 3713.9793s
	iters: 200, epoch: 3 | loss: 0.2260776
	speed: 0.0986s/iter; left time: 759.8124s
	iters: 300, epoch: 3 | loss: 0.1754834
	speed: 0.0975s/iter; left time: 741.4999s
	iters: 400, epoch: 3 | loss: 0.1977693
	speed: 0.0980s/iter; left time: 735.1931s
	iters: 500, epoch: 3 | loss: 0.2271929
	speed: 0.0981s/iter; left time: 726.1483s
	iters: 600, epoch: 3 | loss: 0.2069895
	speed: 0.0978s/iter; left time: 714.1779s
	iters: 700, epoch: 3 | loss: 0.2490738
	speed: 0.0977s/iter; left time: 703.5910s
	iters: 800, epoch: 3 | loss: 0.2532457
	speed: 0.0980s/iter; left time: 696.3048s
	iters: 900, epoch: 3 | loss: 0.2187116
	speed: 0.0981s/iter; left time: 687.1588s
Epoch: 3 cost time: 96.81562352180481
Epoch: 3, Steps: 988 | Train Loss: 0.2233377 Vali Loss: 0.4140436 Test Loss: 0.3467422
EarlyStopping counter: 1 out of 3
Updating learning rate to 2.5e-05
	iters: 100, epoch: 4 | loss: 0.1814518
	speed: 0.4764s/iter; left time: 3247.6330s
	iters: 200, epoch: 4 | loss: 0.2060351
	speed: 0.0982s/iter; left time: 659.6677s
	iters: 300, epoch: 4 | loss: 0.1883052
	speed: 0.0987s/iter; left time: 653.1168s
	iters: 400, epoch: 4 | loss: 0.2341433
	speed: 0.0981s/iter; left time: 639.4983s
	iters: 500, epoch: 4 | loss: 0.1762070
	speed: 0.0979s/iter; left time: 628.5191s
	iters: 600, epoch: 4 | loss: 0.1985893
	speed: 0.0983s/iter; left time: 620.8091s
	iters: 700, epoch: 4 | loss: 0.2159436
	speed: 0.0987s/iter; left time: 613.8802s
	iters: 800, epoch: 4 | loss: 0.2369800
	speed: 0.0986s/iter; left time: 602.9125s
	iters: 900, epoch: 4 | loss: 0.2256171
	speed: 0.0986s/iter; left time: 593.5439s
Epoch: 4 cost time: 97.25206589698792
Epoch: 4, Steps: 988 | Train Loss: 0.2131484 Vali Loss: 0.4105713 Test Loss: 0.3530788
EarlyStopping counter: 2 out of 3
Updating learning rate to 1.25e-05
	iters: 100, epoch: 5 | loss: 0.1924270
	speed: 0.4777s/iter; left time: 2784.7834s
	iters: 200, epoch: 5 | loss: 0.2826404
	speed: 0.0989s/iter; left time: 566.6220s
	iters: 300, epoch: 5 | loss: 0.2030459
	speed: 0.0985s/iter; left time: 554.6169s
	iters: 400, epoch: 5 | loss: 0.1702485
	speed: 0.0982s/iter; left time: 542.9009s
	iters: 500, epoch: 5 | loss: 0.1822601
	speed: 0.0985s/iter; left time: 534.7998s
	iters: 600, epoch: 5 | loss: 0.1711338
	speed: 0.0987s/iter; left time: 525.9193s
	iters: 700, epoch: 5 | loss: 0.1827735
	speed: 0.0986s/iter; left time: 515.4768s
	iters: 800, epoch: 5 | loss: 0.1917313
	speed: 0.0986s/iter; left time: 505.5737s
	iters: 900, epoch: 5 | loss: 0.1971796
	speed: 0.0986s/iter; left time: 495.7658s
Epoch: 5 cost time: 97.43250513076782
Epoch: 5, Steps: 988 | Train Loss: 0.2075780 Vali Loss: 0.4094552 Test Loss: 0.3557920
EarlyStopping counter: 3 out of 3
Early stopping
>>>>>>>testing : long_term_forecast_LBv2_ETTm1_TimesNet_96_s2023_TimesNet_ETTm1_ftM_sl96_ll48_pl96_dm64_nh8_el2_dl1_df64_expand2_dc4_fc3_ebtimeF_dtTrue_Exp_0<<<<<<<<<<<<<<<<<<<<<<<<<<<<<<<<<
test 11425
test shape: (11425, 96, 7) (11425, 96, 7)
test shape: (11425, 96, 7) (11425, 96, 7)
mse:0.3284381330013275, mae:0.3717914819717407, dtw:Not calculated
