Using GPU
Args in experiment:
[1mBasic Config[0m
  Task Name:          long_term_forecast  Is Training:        1                   
  Model ID:           LBv2_ETTm2_iTransformer_96_s2023Model:              iTransformer        

[1mData Loader[0m
  Data:               ETTm2               Root Path:          ./dataset/ETT-small/
  Data Path:          ETTm2.csv           Features:           M                   
  Target:             OT                  Freq:               h                   
  Checkpoints:        ./checkpoints/      

[1mForecasting Task[0m
  Seq Len:            96                  Label Len:          48                  
  Pred Len:           96                  Seasonal Patterns:  Monthly             
  Inverse:            0                   

[1mModel Parameters[0m
  Top k:              5                   Num Kernels:        6                   
  Enc In:             7                   Dec In:             7                   
  C Out:              7                   d model:            128                 
  n heads:            8                   e layers:           2                   
  d layers:           1                   d FF:               128                 
  Moving Avg:         25                  Factor:             3                   
  Distil:             1                   Dropout:            0.1                 
  Embed:              timeF               Activation:         gelu                

[1mRun Parameters[0m
  Num Workers:        2                   Itr:                1                   
  Train Epochs:       10                  Batch Size:         32                  
  Patience:           3                   Learning Rate:      0.0001              
  Des:                Exp                 Loss:               MSE                 
  Lradj:              type1               Use Amp:            0                   

[1mGPU[0m
  Use GPU:            1                   GPU:                0                   
  Use Multi GPU:      0                   Devices:            0,1,2,3             

[1mDe-stationary Projector Params[0m
  P Hidden Dims:      128, 128            P Hidden Layers:    2                   

Use GPU: cuda:0
🚀 Lazy Loading: iTransformer ...
>>>>>>>start training : long_term_forecast_LBv2_ETTm2_iTransformer_96_s2023_iTransformer_ETTm2_ftM_sl96_ll48_pl96_dm128_nh8_el2_dl1_df128_expand2_dc4_fc3_ebtimeF_dtTrue_Exp_0>>>>>>>>>>>>>>>>>>>>>>>>>>
train window subsample: keep 31585/34369 windows (max_train_windows=31585)
train 31585
val 11425
test 11425
	iters: 100, epoch: 1 | loss: 0.2328091
	speed: 0.0327s/iter; left time: 320.1242s
	iters: 200, epoch: 1 | loss: 0.1416882
	speed: 0.0148s/iter; left time: 143.6365s
	iters: 300, epoch: 1 | loss: 0.1746342
	speed: 0.0149s/iter; left time: 142.5278s
	iters: 400, epoch: 1 | loss: 0.4593687
	speed: 0.0149s/iter; left time: 140.8891s
	iters: 500, epoch: 1 | loss: 0.4337619
	speed: 0.0150s/iter; left time: 140.5134s
	iters: 600, epoch: 1 | loss: 0.2543155
	speed: 0.0147s/iter; left time: 136.7580s
	iters: 700, epoch: 1 | loss: 0.4056377
	speed: 0.0150s/iter; left time: 137.7620s
	iters: 800, epoch: 1 | loss: 0.1194361
	speed: 0.0149s/iter; left time: 135.2283s
	iters: 900, epoch: 1 | loss: 0.2301822
	speed: 0.0149s/iter; left time: 133.5616s
Epoch: 1 cost time: 15.29516863822937
Epoch: 1, Steps: 988 | Train Loss: 0.2522355 Vali Loss: 0.1349404 Test Loss: 0.1850036
Validation loss decreased (inf --> 0.134940).  Saving model ...
Updating learning rate to 0.0001
	iters: 100, epoch: 2 | loss: 0.2073930
	speed: 0.1309s/iter; left time: 1150.8682s
	iters: 200, epoch: 2 | loss: 0.2127915
	speed: 0.0149s/iter; left time: 129.6757s
	iters: 300, epoch: 2 | loss: 0.1874308
	speed: 0.0148s/iter; left time: 127.1367s
	iters: 400, epoch: 2 | loss: 0.4987461
	speed: 0.0151s/iter; left time: 128.3018s
	iters: 500, epoch: 2 | loss: 0.2161410
	speed: 0.0147s/iter; left time: 123.5981s
	iters: 600, epoch: 2 | loss: 0.1563218
	speed: 0.0150s/iter; left time: 124.3810s
	iters: 700, epoch: 2 | loss: 0.2453059
	speed: 0.0150s/iter; left time: 122.5267s
	iters: 800, epoch: 2 | loss: 0.1388048
	speed: 0.0150s/iter; left time: 121.2319s
	iters: 900, epoch: 2 | loss: 0.1159736
	speed: 0.0148s/iter; left time: 118.0180s
Epoch: 2 cost time: 14.785154581069946
Epoch: 2, Steps: 988 | Train Loss: 0.2259952 Vali Loss: 0.1357142 Test Loss: 0.1851067
EarlyStopping counter: 1 out of 3
Updating learning rate to 5e-05
	iters: 100, epoch: 3 | loss: 0.1500338
	speed: 0.1303s/iter; left time: 1016.7037s
	iters: 200, epoch: 3 | loss: 0.1551476
	speed: 0.0148s/iter; left time: 113.9051s
	iters: 300, epoch: 3 | loss: 0.1991139
	speed: 0.0151s/iter; left time: 114.4688s
	iters: 400, epoch: 3 | loss: 0.1813361
	speed: 0.0147s/iter; left time: 110.3723s
	iters: 500, epoch: 3 | loss: 0.7172893
	speed: 0.0149s/iter; left time: 110.2465s
	iters: 600, epoch: 3 | loss: 0.1342323
	speed: 0.0148s/iter; left time: 107.9094s
	iters: 700, epoch: 3 | loss: 0.2558587
	speed: 0.0150s/iter; left time: 107.8524s
	iters: 800, epoch: 3 | loss: 0.3529714
	speed: 0.0148s/iter; left time: 105.0473s
	iters: 900, epoch: 3 | loss: 0.1710786
	speed: 0.0149s/iter; left time: 104.6523s
Epoch: 3 cost time: 14.765842199325562
Epoch: 3, Steps: 988 | Train Loss: 0.2158136 Vali Loss: 0.1358839 Test Loss: 0.1856483
EarlyStopping counter: 2 out of 3
Updating learning rate to 2.5e-05
	iters: 100, epoch: 4 | loss: 0.1623660
	speed: 0.1295s/iter; left time: 882.8207s
	iters: 200, epoch: 4 | loss: 0.4769072
	speed: 0.0148s/iter; left time: 99.6385s
	iters: 300, epoch: 4 | loss: 0.2095913
	speed: 0.0149s/iter; left time: 98.4064s
	iters: 400, epoch: 4 | loss: 0.2396776
	speed: 0.0150s/iter; left time: 97.9419s
	iters: 500, epoch: 4 | loss: 0.1300708
	speed: 0.0148s/iter; left time: 94.9580s
	iters: 600, epoch: 4 | loss: 0.3028258
	speed: 0.0149s/iter; left time: 93.9154s
	iters: 700, epoch: 4 | loss: 0.2044859
	speed: 0.0148s/iter; left time: 92.0048s
	iters: 800, epoch: 4 | loss: 0.4576133
	speed: 0.0150s/iter; left time: 91.9534s
	iters: 900, epoch: 4 | loss: 0.3336836
	speed: 0.0148s/iter; left time: 88.9304s
Epoch: 4 cost time: 14.772890329360962
Epoch: 4, Steps: 988 | Train Loss: 0.2117062 Vali Loss: 0.1362432 Test Loss: 0.1844137
EarlyStopping counter: 3 out of 3
Early stopping
>>>>>>>testing : long_term_forecast_LBv2_ETTm2_iTransformer_96_s2023_iTransformer_ETTm2_ftM_sl96_ll48_pl96_dm128_nh8_el2_dl1_df128_expand2_dc4_fc3_ebtimeF_dtTrue_Exp_0<<<<<<<<<<<<<<<<<<<<<<<<<<<<<<<<<
test 11425
test shape: (11425, 96, 7) (11425, 96, 7)
test shape: (11425, 96, 7) (11425, 96, 7)
mse:0.1852978765964508, mae:0.2722098231315613, dtw:Not calculated
