Using GPU
Args in experiment:
[1mBasic Config[0m
  Task Name:          long_term_forecast  Is Training:        1                   
  Model ID:           LBv2_ETTm1_iTransformer_2880_s2023Model:              iTransformer        

[1mData Loader[0m
  Data:               ETTm1               Root Path:          ./dataset/ETT-small/
  Data Path:          ETTm1.csv           Features:           M                   
  Target:             OT                  Freq:               h                   
  Checkpoints:        ./checkpoints/      

[1mForecasting Task[0m
  Seq Len:            2880                Label Len:          48                  
  Pred Len:           96                  Seasonal Patterns:  Monthly             
  Inverse:            0                   

[1mModel Parameters[0m
  Top k:              5                   Num Kernels:        6                   
  Enc In:             7                   Dec In:             7                   
  C Out:              7                   d model:            128                 
  n heads:            8                   e layers:           2                   
  d layers:           1                   d FF:               128                 
  Moving Avg:         25                  Factor:             3                   
  Distil:             1                   Dropout:            0.1                 
  Embed:              timeF               Activation:         gelu                

[1mRun Parameters[0m
  Num Workers:        2                   Itr:                1                   
  Train Epochs:       10                  Batch Size:         32                  
  Patience:           3                   Learning Rate:      0.0001              
  Des:                Exp                 Loss:               MSE                 
  Lradj:              type1               Use Amp:            0                   

[1mGPU[0m
  Use GPU:            1                   GPU:                0                   
  Use Multi GPU:      0                   Devices:            0,1,2,3             

[1mDe-stationary Projector Params[0m
  P Hidden Dims:      128, 128            P Hidden Layers:    2                   

Use GPU: cuda:0
🚀 Lazy Loading: iTransformer ...
>>>>>>>start training : long_term_forecast_LBv2_ETTm1_iTransformer_2880_s2023_iTransformer_ETTm1_ftM_sl2880_ll48_pl96_dm128_nh8_el2_dl1_df128_expand2_dc4_fc3_ebtimeF_dtTrue_Exp_0>>>>>>>>>>>>>>>>>>>>>>>>>>
train 31585
val 11425
test 11425
	iters: 100, epoch: 1 | loss: 0.3638517
	speed: 0.0241s/iter; left time: 235.5311s
	iters: 200, epoch: 1 | loss: 0.3555841
	speed: 0.0082s/iter; left time: 79.2165s
	iters: 300, epoch: 1 | loss: 0.3183170
	speed: 0.0083s/iter; left time: 79.1897s
	iters: 400, epoch: 1 | loss: 0.3162084
	speed: 0.0082s/iter; left time: 77.2812s
	iters: 500, epoch: 1 | loss: 0.3055403
	speed: 0.0082s/iter; left time: 76.6380s
	iters: 600, epoch: 1 | loss: 0.2794977
	speed: 0.0082s/iter; left time: 76.2292s
	iters: 700, epoch: 1 | loss: 0.2371845
	speed: 0.0082s/iter; left time: 75.5152s
	iters: 800, epoch: 1 | loss: 0.2561106
	speed: 0.0082s/iter; left time: 74.4745s
	iters: 900, epoch: 1 | loss: 0.2514798
	speed: 0.0082s/iter; left time: 73.6898s
Epoch: 1 cost time: 8.520520448684692
Epoch: 1, Steps: 988 | Train Loss: 0.2994607 Vali Loss: 0.4855526 Test Loss: 0.3403060
Validation loss decreased (inf --> 0.485553).  Saving model ...
Updating learning rate to 0.0001
	iters: 100, epoch: 2 | loss: 0.2469949
	speed: 0.0539s/iter; left time: 473.9490s
	iters: 200, epoch: 2 | loss: 0.2281987
	speed: 0.0088s/iter; left time: 76.5177s
	iters: 300, epoch: 2 | loss: 0.2052268
	speed: 0.0088s/iter; left time: 75.7066s
	iters: 400, epoch: 2 | loss: 0.2334111
	speed: 0.0086s/iter; left time: 73.3226s
	iters: 500, epoch: 2 | loss: 0.2204959
	speed: 0.0086s/iter; left time: 72.2802s
	iters: 600, epoch: 2 | loss: 0.2053708
	speed: 0.0086s/iter; left time: 71.0327s
	iters: 700, epoch: 2 | loss: 0.1901499
	speed: 0.0086s/iter; left time: 70.0755s
	iters: 800, epoch: 2 | loss: 0.2151485
	speed: 0.0085s/iter; left time: 68.9840s
	iters: 900, epoch: 2 | loss: 0.2112876
	speed: 0.0086s/iter; left time: 68.3779s
Epoch: 2 cost time: 8.598712921142578
Epoch: 2, Steps: 988 | Train Loss: 0.2143798 Vali Loss: 0.4998591 Test Loss: 0.3534747
EarlyStopping counter: 1 out of 3
Updating learning rate to 5e-05
	iters: 100, epoch: 3 | loss: 0.1910805
	speed: 0.0563s/iter; left time: 439.3664s
	iters: 200, epoch: 3 | loss: 0.2181111
	speed: 0.0085s/iter; left time: 65.6129s
	iters: 300, epoch: 3 | loss: 0.2019779
	speed: 0.0085s/iter; left time: 64.8846s
	iters: 400, epoch: 3 | loss: 0.1468894
	speed: 0.0081s/iter; left time: 60.7069s
	iters: 500, epoch: 3 | loss: 0.2034854
	speed: 0.0081s/iter; left time: 60.1350s
	iters: 600, epoch: 3 | loss: 0.1763712
	speed: 0.0081s/iter; left time: 59.1077s
	iters: 700, epoch: 3 | loss: 0.1984237
	speed: 0.0080s/iter; left time: 57.9675s
	iters: 800, epoch: 3 | loss: 0.1761370
	speed: 0.0082s/iter; left time: 58.0350s
	iters: 900, epoch: 3 | loss: 0.1711554
	speed: 0.0080s/iter; left time: 56.3343s
Epoch: 3 cost time: 8.199381589889526
Epoch: 3, Steps: 988 | Train Loss: 0.1817817 Vali Loss: 0.4991157 Test Loss: 0.3527935
EarlyStopping counter: 2 out of 3
Updating learning rate to 2.5e-05
	iters: 100, epoch: 4 | loss: 0.1526039
	speed: 0.0514s/iter; left time: 350.5940s
	iters: 200, epoch: 4 | loss: 0.1533517
	speed: 0.0080s/iter; left time: 53.8558s
	iters: 300, epoch: 4 | loss: 0.1675944
	speed: 0.0081s/iter; left time: 53.4370s
	iters: 400, epoch: 4 | loss: 0.1838046
	speed: 0.0080s/iter; left time: 52.4321s
	iters: 500, epoch: 4 | loss: 0.1567325
	speed: 0.0081s/iter; left time: 52.1305s
	iters: 600, epoch: 4 | loss: 0.1912977
	speed: 0.0082s/iter; left time: 51.6076s
	iters: 700, epoch: 4 | loss: 0.1697939
	speed: 0.0082s/iter; left time: 50.9859s
	iters: 800, epoch: 4 | loss: 0.1608992
	speed: 0.0082s/iter; left time: 50.2898s
	iters: 900, epoch: 4 | loss: 0.1844123
	speed: 0.0082s/iter; left time: 49.5398s
Epoch: 4 cost time: 8.106608390808105
Epoch: 4, Steps: 988 | Train Loss: 0.1700906 Vali Loss: 0.4974660 Test Loss: 0.3557340
EarlyStopping counter: 3 out of 3
Early stopping
>>>>>>>testing : long_term_forecast_LBv2_ETTm1_iTransformer_2880_s2023_iTransformer_ETTm1_ftM_sl2880_ll48_pl96_dm128_nh8_el2_dl1_df128_expand2_dc4_fc3_ebtimeF_dtTrue_Exp_0<<<<<<<<<<<<<<<<<<<<<<<<<<<<<<<<<
test 11425
test shape: (11425, 96, 7) (11425, 96, 7)
test shape: (11425, 96, 7) (11425, 96, 7)
mse:0.3403864800930023, mae:0.38750553131103516, dtw:Not calculated
