Using GPU
Args in experiment:
[1mBasic Config[0m
  Task Name:          long_term_forecast  Is Training:        1                   
  Model ID:           LBv2_ETTm1_PatchTST_720_s2022Model:              PatchTST            

[1mData Loader[0m
  Data:               ETTm1               Root Path:          ./dataset/ETT-small/
  Data Path:          ETTm1.csv           Features:           M                   
  Target:             OT                  Freq:               h                   
  Checkpoints:        ./checkpoints/      

[1mForecasting Task[0m
  Seq Len:            720                 Label Len:          48                  
  Pred Len:           96                  Seasonal Patterns:  Monthly             
  Inverse:            0                   

[1mModel Parameters[0m
  Top k:              5                   Num Kernels:        6                   
  Enc In:             7                   Dec In:             7                   
  C Out:              7                   d model:            512                 
  n heads:            2                   e layers:           1                   
  d layers:           1                   d FF:               2048                
  Moving Avg:         25                  Factor:             3                   
  Distil:             1                   Dropout:            0.1                 
  Embed:              timeF               Activation:         gelu                

[1mRun Parameters[0m
  Num Workers:        2                   Itr:                1                   
  Train Epochs:       10                  Batch Size:         32                  
  Patience:           3                   Learning Rate:      0.0001              
  Des:                Exp                 Loss:               MSE                 
  Lradj:              type1               Use Amp:            0                   

[1mGPU[0m
  Use GPU:            1                   GPU:                0                   
  Use Multi GPU:      0                   Devices:            0,1,2,3             

[1mDe-stationary Projector Params[0m
  P Hidden Dims:      128, 128            P Hidden Layers:    2                   

Use GPU: cuda:0
🚀 Lazy Loading: PatchTST ...
>>>>>>>start training : long_term_forecast_LBv2_ETTm1_PatchTST_720_s2022_PatchTST_ETTm1_ftM_sl720_ll48_pl96_dm512_nh2_el1_dl1_df2048_expand2_dc4_fc3_ebtimeF_dtTrue_Exp_0>>>>>>>>>>>>>>>>>>>>>>>>>>
train window subsample: keep 31585/33745 windows (max_train_windows=31585)
train 31585
val 11425
test 11425
	iters: 100, epoch: 1 | loss: 0.3654448
	speed: 0.1009s/iter; left time: 986.7638s
	iters: 200, epoch: 1 | loss: 0.3503014
	speed: 0.0833s/iter; left time: 806.7952s
	iters: 300, epoch: 1 | loss: 0.2868751
	speed: 0.0825s/iter; left time: 790.1100s
	iters: 400, epoch: 1 | loss: 0.2680046
	speed: 0.0832s/iter; left time: 789.1881s
	iters: 500, epoch: 1 | loss: 0.3105130
	speed: 0.0830s/iter; left time: 778.6076s
	iters: 600, epoch: 1 | loss: 0.3328991
	speed: 0.0831s/iter; left time: 771.2001s
	iters: 700, epoch: 1 | loss: 0.2993600
	speed: 0.0826s/iter; left time: 758.4915s
	iters: 800, epoch: 1 | loss: 0.3104216
	speed: 0.0832s/iter; left time: 755.5402s
	iters: 900, epoch: 1 | loss: 0.3459395
	speed: 0.0833s/iter; left time: 747.9005s
Epoch: 1 cost time: 82.63502335548401
Epoch: 1, Steps: 988 | Train Loss: 0.3373975 Vali Loss: 0.5029455 Test Loss: 0.3653962
Validation loss decreased (inf --> 0.502946).  Saving model ...
Updating learning rate to 0.0001
	iters: 100, epoch: 2 | loss: 0.2824768
	speed: 0.4378s/iter; left time: 3849.8159s
	iters: 200, epoch: 2 | loss: 0.2747418
	speed: 0.0833s/iter; left time: 724.3649s
	iters: 300, epoch: 2 | loss: 0.2417520
	speed: 0.0825s/iter; left time: 708.7652s
	iters: 400, epoch: 2 | loss: 0.2730161
	speed: 0.0834s/iter; left time: 708.4082s
	iters: 500, epoch: 2 | loss: 0.2788308
	speed: 0.0830s/iter; left time: 696.7050s
	iters: 600, epoch: 2 | loss: 0.2986250
	speed: 0.0832s/iter; left time: 690.1147s
	iters: 700, epoch: 2 | loss: 0.2586302
	speed: 0.0827s/iter; left time: 677.4844s
	iters: 800, epoch: 2 | loss: 0.3093495
	speed: 0.0832s/iter; left time: 672.9667s
	iters: 900, epoch: 2 | loss: 0.3036864
	speed: 0.0675s/iter; left time: 539.2206s
Epoch: 2 cost time: 78.6379508972168
Epoch: 2, Steps: 988 | Train Loss: 0.2933389 Vali Loss: 0.6285465 Test Loss: 0.4451799
EarlyStopping counter: 1 out of 3
Updating learning rate to 5e-05
	iters: 100, epoch: 3 | loss: 0.2354055
	speed: 0.3213s/iter; left time: 2507.5717s
	iters: 200, epoch: 3 | loss: 0.2392847
	speed: 0.0559s/iter; left time: 430.8874s
	iters: 300, epoch: 3 | loss: 0.2297336
	speed: 0.0559s/iter; left time: 424.7596s
	iters: 400, epoch: 3 | loss: 0.2703048
	speed: 0.0559s/iter; left time: 419.6376s
	iters: 500, epoch: 3 | loss: 0.2817417
	speed: 0.0559s/iter; left time: 413.8446s
	iters: 600, epoch: 3 | loss: 0.2473451
	speed: 0.0559s/iter; left time: 408.6870s
	iters: 700, epoch: 3 | loss: 0.2956784
	speed: 0.0554s/iter; left time: 399.1446s
	iters: 800, epoch: 3 | loss: 0.2322805
	speed: 0.0556s/iter; left time: 394.8929s
	iters: 900, epoch: 3 | loss: 0.2502814
	speed: 0.0556s/iter; left time: 389.7010s
Epoch: 3 cost time: 55.562092781066895
Epoch: 3, Steps: 988 | Train Loss: 0.2550447 Vali Loss: 0.4474277 Test Loss: 0.3304122
Validation loss decreased (0.502946 --> 0.447428).  Saving model ...
Updating learning rate to 2.5e-05
	iters: 100, epoch: 4 | loss: 0.2643373
	speed: 0.2881s/iter; left time: 1964.2506s
	iters: 200, epoch: 4 | loss: 0.2072952
	speed: 0.0543s/iter; left time: 364.9870s
	iters: 300, epoch: 4 | loss: 0.2514119
	speed: 0.0547s/iter; left time: 361.9409s
	iters: 400, epoch: 4 | loss: 0.2242023
	speed: 0.0533s/iter; left time: 347.4649s
	iters: 500, epoch: 4 | loss: 0.2230008
	speed: 0.0436s/iter; left time: 279.8391s
	iters: 600, epoch: 4 | loss: 0.2170035
	speed: 0.0435s/iter; left time: 274.8878s
	iters: 700, epoch: 4 | loss: 0.2317896
	speed: 0.0437s/iter; left time: 271.4262s
	iters: 800, epoch: 4 | loss: 0.2289441
	speed: 0.0436s/iter; left time: 266.9278s
	iters: 900, epoch: 4 | loss: 0.2315607
	speed: 0.0436s/iter; left time: 262.0955s
Epoch: 4 cost time: 47.359275341033936
Epoch: 4, Steps: 988 | Train Loss: 0.2371386 Vali Loss: 0.4270646 Test Loss: 0.3104168
Validation loss decreased (0.447428 --> 0.427065).  Saving model ...
Updating learning rate to 1.25e-05
	iters: 100, epoch: 5 | loss: 0.2184589
	speed: 0.2315s/iter; left time: 1349.2713s
	iters: 200, epoch: 5 | loss: 0.2411342
	speed: 0.0436s/iter; left time: 249.9812s
	iters: 300, epoch: 5 | loss: 0.2219073
	speed: 0.0436s/iter; left time: 245.2320s
	iters: 400, epoch: 5 | loss: 0.2569988
	speed: 0.0435s/iter; left time: 240.5993s
	iters: 500, epoch: 5 | loss: 0.2342315
	speed: 0.0437s/iter; left time: 237.0598s
	iters: 600, epoch: 5 | loss: 0.2097753
	speed: 0.0437s/iter; left time: 233.0330s
	iters: 700, epoch: 5 | loss: 0.2232057
	speed: 0.0528s/iter; left time: 276.3191s
	iters: 800, epoch: 5 | loss: 0.1949759
	speed: 0.0627s/iter; left time: 321.5452s
	iters: 900, epoch: 5 | loss: 0.2004511
	speed: 0.0626s/iter; left time: 314.9981s
Epoch: 5 cost time: 49.55807399749756
Epoch: 5, Steps: 988 | Train Loss: 0.2279191 Vali Loss: 0.4194171 Test Loss: 0.3126682
Validation loss decreased (0.427065 --> 0.419417).  Saving model ...
Updating learning rate to 6.25e-06
	iters: 100, epoch: 6 | loss: 0.2361988
	speed: 0.3270s/iter; left time: 1582.8414s
	iters: 200, epoch: 6 | loss: 0.2237694
	speed: 0.0628s/iter; left time: 297.7912s
	iters: 300, epoch: 6 | loss: 0.2344622
	speed: 0.0628s/iter; left time: 291.3247s
	iters: 400, epoch: 6 | loss: 0.2068779
	speed: 0.0628s/iter; left time: 285.3482s
	iters: 500, epoch: 6 | loss: 0.2405815
	speed: 0.0629s/iter; left time: 279.2897s
	iters: 600, epoch: 6 | loss: 0.2123019
	speed: 0.0628s/iter; left time: 272.7610s
	iters: 700, epoch: 6 | loss: 0.2201128
	speed: 0.0628s/iter; left time: 266.1259s
	iters: 800, epoch: 6 | loss: 0.2073013
	speed: 0.0628s/iter; left time: 260.0623s
	iters: 900, epoch: 6 | loss: 0.2000853
	speed: 0.0626s/iter; left time: 252.9663s
Epoch: 6 cost time: 62.02062797546387
Epoch: 6, Steps: 988 | Train Loss: 0.2230268 Vali Loss: 0.4175193 Test Loss: 0.3093488
Validation loss decreased (0.419417 --> 0.417519).  Saving model ...
Updating learning rate to 3.125e-06
	iters: 100, epoch: 7 | loss: 0.2089502
	speed: 0.3266s/iter; left time: 1258.5748s
	iters: 200, epoch: 7 | loss: 0.2141176
	speed: 0.0627s/iter; left time: 235.3456s
	iters: 300, epoch: 7 | loss: 0.2207582
	speed: 0.0628s/iter; left time: 229.4434s
	iters: 400, epoch: 7 | loss: 0.2096408
	speed: 0.0628s/iter; left time: 223.0983s
	iters: 500, epoch: 7 | loss: 0.2464871
	speed: 0.0626s/iter; left time: 216.2957s
	iters: 600, epoch: 7 | loss: 0.2629978
	speed: 0.0627s/iter; left time: 210.1507s
	iters: 700, epoch: 7 | loss: 0.2280330
	speed: 0.0627s/iter; left time: 204.1232s
	iters: 800, epoch: 7 | loss: 0.2233602
	speed: 0.0627s/iter; left time: 197.7648s
	iters: 900, epoch: 7 | loss: 0.2249448
	speed: 0.0626s/iter; left time: 191.1178s
Epoch: 7 cost time: 62.00438475608826
Epoch: 7, Steps: 988 | Train Loss: 0.2204063 Vali Loss: 0.4222896 Test Loss: 0.3078842
EarlyStopping counter: 1 out of 3
Updating learning rate to 1.5625e-06
	iters: 100, epoch: 8 | loss: 0.2293819
	speed: 0.3258s/iter; left time: 933.4504s
	iters: 200, epoch: 8 | loss: 0.1971633
	speed: 0.0626s/iter; left time: 173.1402s
	iters: 300, epoch: 8 | loss: 0.2189778
	speed: 0.0628s/iter; left time: 167.2563s
	iters: 400, epoch: 8 | loss: 0.2658734
	speed: 0.0628s/iter; left time: 161.0843s
	iters: 500, epoch: 8 | loss: 0.2043285
	speed: 0.0686s/iter; left time: 169.0324s
	iters: 600, epoch: 8 | loss: 0.2110987
	speed: 0.0705s/iter; left time: 166.6920s
	iters: 700, epoch: 8 | loss: 0.1867575
	speed: 0.0672s/iter; left time: 152.2345s
	iters: 800, epoch: 8 | loss: 0.2157841
	speed: 0.0672s/iter; left time: 145.4005s
	iters: 900, epoch: 8 | loss: 0.2553187
	speed: 0.0706s/iter; left time: 145.6887s
Epoch: 8 cost time: 65.63409209251404
Epoch: 8, Steps: 988 | Train Loss: 0.2184919 Vali Loss: 0.4201252 Test Loss: 0.3077923
EarlyStopping counter: 2 out of 3
Updating learning rate to 7.8125e-07
	iters: 100, epoch: 9 | loss: 0.2445683
	speed: 0.3568s/iter; left time: 669.7130s
	iters: 200, epoch: 9 | loss: 0.2592347
	speed: 0.0695s/iter; left time: 123.4779s
	iters: 300, epoch: 9 | loss: 0.2160223
	speed: 0.0704s/iter; left time: 118.1352s
	iters: 400, epoch: 9 | loss: 0.1856349
	speed: 0.0668s/iter; left time: 105.4150s
	iters: 500, epoch: 9 | loss: 0.2280266
	speed: 0.0673s/iter; left time: 99.3812s
	iters: 600, epoch: 9 | loss: 0.2040516
	speed: 0.0705s/iter; left time: 97.0849s
	iters: 700, epoch: 9 | loss: 0.2044029
	speed: 0.0688s/iter; left time: 87.9111s
	iters: 800, epoch: 9 | loss: 0.1807006
	speed: 0.0638s/iter; left time: 75.0743s
	iters: 900, epoch: 9 | loss: 0.2122966
	speed: 0.0631s/iter; left time: 67.9694s
Epoch: 9 cost time: 66.3006501197815
Epoch: 9, Steps: 988 | Train Loss: 0.2180638 Vali Loss: 0.4180123 Test Loss: 0.3085776
EarlyStopping counter: 3 out of 3
Early stopping
>>>>>>>testing : long_term_forecast_LBv2_ETTm1_PatchTST_720_s2022_PatchTST_ETTm1_ftM_sl720_ll48_pl96_dm512_nh2_el1_dl1_df2048_expand2_dc4_fc3_ebtimeF_dtTrue_Exp_0<<<<<<<<<<<<<<<<<<<<<<<<<<<<<<<<<
test 11425
test shape: (11425, 96, 7) (11425, 96, 7)
test shape: (11425, 96, 7) (11425, 96, 7)
mse:0.30914270877838135, mae:0.3639082610607147, dtw:Not calculated
