Using GPU
Args in experiment:
[1mBasic Config[0m
  Task Name:          long_term_forecast  Is Training:        1                   
  Model ID:           LBv2_ETTm1_iTransformer_2880_s2021Model:              iTransformer        

[1mData Loader[0m
  Data:               ETTm1               Root Path:          ./dataset/ETT-small/
  Data Path:          ETTm1.csv           Features:           M                   
  Target:             OT                  Freq:               h                   
  Checkpoints:        ./checkpoints/      

[1mForecasting Task[0m
  Seq Len:            2880                Label Len:          48                  
  Pred Len:           96                  Seasonal Patterns:  Monthly             
  Inverse:            0                   

[1mModel Parameters[0m
  Top k:              5                   Num Kernels:        6                   
  Enc In:             7                   Dec In:             7                   
  C Out:              7                   d model:            128                 
  n heads:            8                   e layers:           2                   
  d layers:           1                   d FF:               128                 
  Moving Avg:         25                  Factor:             3                   
  Distil:             1                   Dropout:            0.1                 
  Embed:              timeF               Activation:         gelu                

[1mRun Parameters[0m
  Num Workers:        2                   Itr:                1                   
  Train Epochs:       10                  Batch Size:         32                  
  Patience:           3                   Learning Rate:      0.0001              
  Des:                Exp                 Loss:               MSE                 
  Lradj:              type1               Use Amp:            0                   

[1mGPU[0m
  Use GPU:            1                   GPU:                0                   
  Use Multi GPU:      0                   Devices:            0,1,2,3             

[1mDe-stationary Projector Params[0m
  P Hidden Dims:      128, 128            P Hidden Layers:    2                   

Use GPU: cuda:0
🚀 Lazy Loading: iTransformer ...
>>>>>>>start training : long_term_forecast_LBv2_ETTm1_iTransformer_2880_s2021_iTransformer_ETTm1_ftM_sl2880_ll48_pl96_dm128_nh8_el2_dl1_df128_expand2_dc4_fc3_ebtimeF_dtTrue_Exp_0>>>>>>>>>>>>>>>>>>>>>>>>>>
train 31585
val 11425
test 11425
	iters: 100, epoch: 1 | loss: 0.3511958
	speed: 0.0403s/iter; left time: 394.5118s
	iters: 200, epoch: 1 | loss: 0.3350250
	speed: 0.0216s/iter; left time: 209.0093s
	iters: 300, epoch: 1 | loss: 0.3141406
	speed: 0.0217s/iter; left time: 207.7418s
	iters: 400, epoch: 1 | loss: 0.2557334
	speed: 0.0215s/iter; left time: 203.7129s
	iters: 500, epoch: 1 | loss: 0.2565839
	speed: 0.0215s/iter; left time: 202.0953s
	iters: 600, epoch: 1 | loss: 0.2348666
	speed: 0.0215s/iter; left time: 199.9877s
	iters: 700, epoch: 1 | loss: 0.2502730
	speed: 0.0215s/iter; left time: 197.3562s
	iters: 800, epoch: 1 | loss: 0.2927506
	speed: 0.0217s/iter; left time: 197.0144s
	iters: 900, epoch: 1 | loss: 0.2737321
	speed: 0.0214s/iter; left time: 192.2216s
Epoch: 1 cost time: 22.02696681022644
Epoch: 1, Steps: 988 | Train Loss: 0.2994590 Vali Loss: 0.4633321 Test Loss: 0.3418873
Validation loss decreased (inf --> 0.463332).  Saving model ...
Updating learning rate to 0.0001
	iters: 100, epoch: 2 | loss: 0.2348620
	speed: 0.1906s/iter; left time: 1676.1640s
	iters: 200, epoch: 2 | loss: 0.2458590
	speed: 0.0213s/iter; left time: 184.9308s
	iters: 300, epoch: 2 | loss: 0.2390914
	speed: 0.0215s/iter; left time: 184.3501s
	iters: 400, epoch: 2 | loss: 0.2211963
	speed: 0.0213s/iter; left time: 181.0858s
	iters: 500, epoch: 2 | loss: 0.2128565
	speed: 0.0213s/iter; left time: 179.1600s
	iters: 600, epoch: 2 | loss: 0.1911471
	speed: 0.0213s/iter; left time: 176.6851s
	iters: 700, epoch: 2 | loss: 0.1957048
	speed: 0.0214s/iter; left time: 175.1812s
	iters: 800, epoch: 2 | loss: 0.2018145
	speed: 0.0213s/iter; left time: 172.7343s
	iters: 900, epoch: 2 | loss: 0.2018764
	speed: 0.0213s/iter; left time: 170.5565s
Epoch: 2 cost time: 21.225860118865967
Epoch: 2, Steps: 988 | Train Loss: 0.2135233 Vali Loss: 0.4858760 Test Loss: 0.3588047
EarlyStopping counter: 1 out of 3
Updating learning rate to 5e-05
	iters: 100, epoch: 3 | loss: 0.1793203
	speed: 0.1885s/iter; left time: 1471.0300s
	iters: 200, epoch: 3 | loss: 0.1864840
	speed: 0.0213s/iter; left time: 164.3141s
	iters: 300, epoch: 3 | loss: 0.1723784
	speed: 0.0214s/iter; left time: 162.7193s
	iters: 400, epoch: 3 | loss: 0.1874048
	speed: 0.0214s/iter; left time: 160.3831s
	iters: 500, epoch: 3 | loss: 0.1585812
	speed: 0.0213s/iter; left time: 157.6989s
	iters: 600, epoch: 3 | loss: 0.1765822
	speed: 0.0213s/iter; left time: 155.8110s
	iters: 700, epoch: 3 | loss: 0.1786495
	speed: 0.0215s/iter; left time: 154.7825s
	iters: 800, epoch: 3 | loss: 0.1865769
	speed: 0.0213s/iter; left time: 151.1204s
	iters: 900, epoch: 3 | loss: 0.1589676
	speed: 0.0211s/iter; left time: 148.0298s
Epoch: 3 cost time: 21.159335613250732
Epoch: 3, Steps: 988 | Train Loss: 0.1788658 Vali Loss: 0.4776146 Test Loss: 0.3512059
EarlyStopping counter: 2 out of 3
Updating learning rate to 2.5e-05
	iters: 100, epoch: 4 | loss: 0.1466851
	speed: 0.1893s/iter; left time: 1290.5155s
	iters: 200, epoch: 4 | loss: 0.1772202
	speed: 0.0206s/iter; left time: 138.5977s
	iters: 300, epoch: 4 | loss: 0.1676752
	speed: 0.0206s/iter; left time: 136.4644s
	iters: 400, epoch: 4 | loss: 0.1511136
	speed: 0.0207s/iter; left time: 134.7811s
	iters: 500, epoch: 4 | loss: 0.1649571
	speed: 0.0203s/iter; left time: 130.0612s
	iters: 600, epoch: 4 | loss: 0.1532639
	speed: 0.0203s/iter; left time: 128.1528s
	iters: 700, epoch: 4 | loss: 0.1622276
	speed: 0.0201s/iter; left time: 125.0117s
	iters: 800, epoch: 4 | loss: 0.1576073
	speed: 0.0201s/iter; left time: 123.2291s
	iters: 900, epoch: 4 | loss: 0.1630846
	speed: 0.0203s/iter; left time: 122.3383s
Epoch: 4 cost time: 20.282655954360962
Epoch: 4, Steps: 988 | Train Loss: 0.1667749 Vali Loss: 0.4759675 Test Loss: 0.3551977
EarlyStopping counter: 3 out of 3
Early stopping
>>>>>>>testing : long_term_forecast_LBv2_ETTm1_iTransformer_2880_s2021_iTransformer_ETTm1_ftM_sl2880_ll48_pl96_dm128_nh8_el2_dl1_df128_expand2_dc4_fc3_ebtimeF_dtTrue_Exp_0<<<<<<<<<<<<<<<<<<<<<<<<<<<<<<<<<
test 11425
test shape: (11425, 96, 7) (11425, 96, 7)
test shape: (11425, 96, 7) (11425, 96, 7)
mse:0.3419405519962311, mae:0.38829416036605835, dtw:Not calculated
