Using GPU
Args in experiment:
[1mBasic Config[0m
  Task Name:          long_term_forecast  Is Training:        1                   
  Model ID:           LBv2_ETTm1_DLinear_96_s2023Model:              DLinear             

[1mData Loader[0m
  Data:               ETTm1               Root Path:          ./dataset/ETT-small/
  Data Path:          ETTm1.csv           Features:           M                   
  Target:             OT                  Freq:               h                   
  Checkpoints:        ./checkpoints/      

[1mForecasting Task[0m
  Seq Len:            96                  Label Len:          48                  
  Pred Len:           96                  Seasonal Patterns:  Monthly             
  Inverse:            0                   

[1mModel Parameters[0m
  Top k:              5                   Num Kernels:        6                   
  Enc In:             7                   Dec In:             7                   
  C Out:              7                   d model:            128                 
  n heads:            8                   e layers:           2                   
  d layers:           1                   d FF:               128                 
  Moving Avg:         25                  Factor:             3                   
  Distil:             1                   Dropout:            0.1                 
  Embed:              timeF               Activation:         gelu                

[1mRun Parameters[0m
  Num Workers:        2                   Itr:                1                   
  Train Epochs:       10                  Batch Size:         32                  
  Patience:           3                   Learning Rate:      0.0001              
  Des:                Exp                 Loss:               MSE                 
  Lradj:              type1               Use Amp:            0                   

[1mGPU[0m
  Use GPU:            1                   GPU:                0                   
  Use Multi GPU:      0                   Devices:            0,1,2,3             

[1mDe-stationary Projector Params[0m
  P Hidden Dims:      128, 128            P Hidden Layers:    2                   

Use GPU: cuda:0
🚀 Lazy Loading: DLinear ...
>>>>>>>start training : long_term_forecast_LBv2_ETTm1_DLinear_96_s2023_DLinear_ETTm1_ftM_sl96_ll48_pl96_dm128_nh8_el2_dl1_df128_expand2_dc4_fc3_ebtimeF_dtTrue_Exp_0>>>>>>>>>>>>>>>>>>>>>>>>>>
train window subsample: keep 31585/34369 windows (max_train_windows=31585)
train 31585
val 11425
test 11425
	iters: 100, epoch: 1 | loss: 0.3897101
	speed: 0.0288s/iter; left time: 281.5695s
	iters: 200, epoch: 1 | loss: 0.3421201
	speed: 0.0139s/iter; left time: 134.5069s
	iters: 300, epoch: 1 | loss: 0.3737244
	speed: 0.0138s/iter; left time: 132.0676s
	iters: 400, epoch: 1 | loss: 0.3664860
	speed: 0.0138s/iter; left time: 130.8092s
	iters: 500, epoch: 1 | loss: 0.4031752
	speed: 0.0138s/iter; left time: 129.4856s
	iters: 600, epoch: 1 | loss: 0.3875058
	speed: 0.0139s/iter; left time: 128.8496s
	iters: 700, epoch: 1 | loss: 0.3561150
	speed: 0.0138s/iter; left time: 127.1224s
	iters: 800, epoch: 1 | loss: 0.2902803
	speed: 0.0138s/iter; left time: 125.4056s
	iters: 900, epoch: 1 | loss: 0.3235354
	speed: 0.0137s/iter; left time: 123.4783s
Epoch: 1 cost time: 13.97437858581543
Epoch: 1, Steps: 988 | Train Loss: 0.3619215 Vali Loss: 0.4090007 Test Loss: 0.3579240
Validation loss decreased (inf --> 0.409001).  Saving model ...
Updating learning rate to 0.0001
	iters: 100, epoch: 2 | loss: 0.3554782
	speed: 0.1267s/iter; left time: 1114.2802s
	iters: 200, epoch: 2 | loss: 0.2600560
	speed: 0.0138s/iter; left time: 119.8771s
	iters: 300, epoch: 2 | loss: 0.3469171
	speed: 0.0139s/iter; left time: 119.6225s
	iters: 400, epoch: 2 | loss: 0.3565843
	speed: 0.0139s/iter; left time: 117.8275s
	iters: 500, epoch: 2 | loss: 0.3429502
	speed: 0.0138s/iter; left time: 115.5075s
	iters: 600, epoch: 2 | loss: 0.3575149
	speed: 0.0138s/iter; left time: 114.4169s
	iters: 700, epoch: 2 | loss: 0.3372357
	speed: 0.0139s/iter; left time: 113.7624s
	iters: 800, epoch: 2 | loss: 0.3373707
	speed: 0.0138s/iter; left time: 111.3757s
	iters: 900, epoch: 2 | loss: 0.3159875
	speed: 0.0138s/iter; left time: 110.0727s
Epoch: 2 cost time: 13.720123291015625
Epoch: 2, Steps: 988 | Train Loss: 0.3351369 Vali Loss: 0.3999781 Test Loss: 0.3475300
Validation loss decreased (0.409001 --> 0.399978).  Saving model ...
Updating learning rate to 5e-05
	iters: 100, epoch: 3 | loss: 0.3085540
	speed: 0.1266s/iter; left time: 987.8826s
	iters: 200, epoch: 3 | loss: 0.3176040
	speed: 0.0138s/iter; left time: 106.1920s
	iters: 300, epoch: 3 | loss: 0.3735551
	speed: 0.0138s/iter; left time: 105.1081s
	iters: 400, epoch: 3 | loss: 0.3216587
	speed: 0.0139s/iter; left time: 104.3532s
	iters: 500, epoch: 3 | loss: 0.3423574
	speed: 0.0138s/iter; left time: 101.9358s
	iters: 600, epoch: 3 | loss: 0.3364181
	speed: 0.0138s/iter; left time: 100.4661s
	iters: 700, epoch: 3 | loss: 0.3421528
	speed: 0.0138s/iter; left time: 99.7410s
	iters: 800, epoch: 3 | loss: 0.3251484
	speed: 0.0139s/iter; left time: 98.5604s
	iters: 900, epoch: 3 | loss: 0.3656299
	speed: 0.0139s/iter; left time: 97.3889s
Epoch: 3 cost time: 13.723751306533813
Epoch: 3, Steps: 988 | Train Loss: 0.3329007 Vali Loss: 0.3971711 Test Loss: 0.3453023
Validation loss decreased (0.399978 --> 0.397171).  Saving model ...
Updating learning rate to 2.5e-05
	iters: 100, epoch: 4 | loss: 0.3139600
	speed: 0.1266s/iter; left time: 862.9391s
	iters: 200, epoch: 4 | loss: 0.3089198
	speed: 0.0139s/iter; left time: 93.1065s
	iters: 300, epoch: 4 | loss: 0.4015825
	speed: 0.0138s/iter; left time: 91.3165s
	iters: 400, epoch: 4 | loss: 0.3819072
	speed: 0.0139s/iter; left time: 90.3978s
	iters: 500, epoch: 4 | loss: 0.3181800
	speed: 0.0139s/iter; left time: 89.1229s
	iters: 600, epoch: 4 | loss: 0.3224425
	speed: 0.0139s/iter; left time: 87.7552s
	iters: 700, epoch: 4 | loss: 0.3556101
	speed: 0.0138s/iter; left time: 85.9340s
	iters: 800, epoch: 4 | loss: 0.3649055
	speed: 0.0139s/iter; left time: 84.7386s
	iters: 900, epoch: 4 | loss: 0.3089798
	speed: 0.0138s/iter; left time: 83.3354s
Epoch: 4 cost time: 13.75900912284851
Epoch: 4, Steps: 988 | Train Loss: 0.3324505 Vali Loss: 0.3975978 Test Loss: 0.3453413
EarlyStopping counter: 1 out of 3
Updating learning rate to 1.25e-05
	iters: 100, epoch: 5 | loss: 0.2850136
	speed: 0.1264s/iter; left time: 736.7903s
	iters: 200, epoch: 5 | loss: 0.2761171
	speed: 0.0139s/iter; left time: 79.5278s
	iters: 300, epoch: 5 | loss: 0.2722301
	speed: 0.0139s/iter; left time: 78.0261s
	iters: 400, epoch: 5 | loss: 0.2729472
	speed: 0.0138s/iter; left time: 76.2447s
	iters: 500, epoch: 5 | loss: 0.3244707
	speed: 0.0138s/iter; left time: 74.8525s
	iters: 600, epoch: 5 | loss: 0.3146287
	speed: 0.0127s/iter; left time: 67.6102s
	iters: 700, epoch: 5 | loss: 0.2923475
	speed: 0.0129s/iter; left time: 67.2891s
	iters: 800, epoch: 5 | loss: 0.3181354
	speed: 0.0127s/iter; left time: 65.3811s
	iters: 900, epoch: 5 | loss: 0.3006383
	speed: 0.0129s/iter; left time: 64.9058s
Epoch: 5 cost time: 13.246631860733032
Epoch: 5, Steps: 988 | Train Loss: 0.3318435 Vali Loss: 0.3972425 Test Loss: 0.3450836
EarlyStopping counter: 2 out of 3
Updating learning rate to 6.25e-06
	iters: 100, epoch: 6 | loss: 0.3099611
	speed: 0.1189s/iter; left time: 575.7830s
	iters: 200, epoch: 6 | loss: 0.2728232
	speed: 0.0129s/iter; left time: 61.1322s
	iters: 300, epoch: 6 | loss: 0.2702470
	speed: 0.0130s/iter; left time: 60.1938s
	iters: 400, epoch: 6 | loss: 0.4204863
	speed: 0.0130s/iter; left time: 58.8709s
	iters: 500, epoch: 6 | loss: 0.3536458
	speed: 0.0131s/iter; left time: 58.0823s
	iters: 600, epoch: 6 | loss: 0.3233784
	speed: 0.0122s/iter; left time: 52.8901s
	iters: 700, epoch: 6 | loss: 0.3020961
	speed: 0.0130s/iter; left time: 55.0011s
	iters: 800, epoch: 6 | loss: 0.2955607
	speed: 0.0130s/iter; left time: 53.7286s
	iters: 900, epoch: 6 | loss: 0.4026805
	speed: 0.0130s/iter; left time: 52.6353s
Epoch: 6 cost time: 12.808839797973633
Epoch: 6, Steps: 988 | Train Loss: 0.3318294 Vali Loss: 0.3972042 Test Loss: 0.3449748
EarlyStopping counter: 3 out of 3
Early stopping
>>>>>>>testing : long_term_forecast_LBv2_ETTm1_DLinear_96_s2023_DLinear_ETTm1_ftM_sl96_ll48_pl96_dm128_nh8_el2_dl1_df128_expand2_dc4_fc3_ebtimeF_dtTrue_Exp_0<<<<<<<<<<<<<<<<<<<<<<<<<<<<<<<<<
test 11425
test shape: (11425, 96, 7) (11425, 96, 7)
test shape: (11425, 96, 7) (11425, 96, 7)
mse:0.3460170030593872, mae:0.37229442596435547, dtw:Not calculated
