Using GPU
Args in experiment:
[1mBasic Config[0m
  Task Name:          long_term_forecast  Is Training:        1                   
  Model ID:           LBv2_ETTm2_TimesNet_2880_s2021Model:              TimesNet            

[1mData Loader[0m
  Data:               ETTm2               Root Path:          ./dataset/ETT-small/
  Data Path:          ETTm2.csv           Features:           M                   
  Target:             OT                  Freq:               h                   
  Checkpoints:        ./checkpoints/      

[1mForecasting Task[0m
  Seq Len:            2880                Label Len:          48                  
  Pred Len:           96                  Seasonal Patterns:  Monthly             
  Inverse:            0                   

[1mModel Parameters[0m
  Top k:              5                   Num Kernels:        6                   
  Enc In:             7                   Dec In:             7                   
  C Out:              7                   d model:            32                  
  n heads:            8                   e layers:           2                   
  d layers:           1                   d FF:               32                  
  Moving Avg:         25                  Factor:             3                   
  Distil:             1                   Dropout:            0.1                 
  Embed:              timeF               Activation:         gelu                

[1mRun Parameters[0m
  Num Workers:        2                   Itr:                1                   
  Train Epochs:       10                  Batch Size:         32                  
  Patience:           3                   Learning Rate:      0.0001              
  Des:                Exp                 Loss:               MSE                 
  Lradj:              type1               Use Amp:            0                   

[1mGPU[0m
  Use GPU:            1                   GPU:                0                   
  Use Multi GPU:      0                   Devices:            0,1,2,3             

[1mDe-stationary Projector Params[0m
  P Hidden Dims:      128, 128            P Hidden Layers:    2                   

Use GPU: cuda:0
🚀 Lazy Loading: TimesNet ...
>>>>>>>start training : long_term_forecast_LBv2_ETTm2_TimesNet_2880_s2021_TimesNet_ETTm2_ftM_sl2880_ll48_pl96_dm32_nh8_el2_dl1_df32_expand2_dc4_fc3_ebtimeF_dtTrue_Exp_0>>>>>>>>>>>>>>>>>>>>>>>>>>
train 31585
val 11425
test 11425
	iters: 100, epoch: 1 | loss: 0.4123704
	speed: 0.7702s/iter; left time: 7533.1194s
	iters: 200, epoch: 1 | loss: 0.3211838
	speed: 0.7543s/iter; left time: 7302.7524s
	iters: 300, epoch: 1 | loss: 0.2387155
	speed: 0.7566s/iter; left time: 7248.6307s
	iters: 400, epoch: 1 | loss: 0.1693893
	speed: 0.7557s/iter; left time: 7164.5691s
	iters: 500, epoch: 1 | loss: 0.1826872
	speed: 0.7533s/iter; left time: 7066.5123s
	iters: 600, epoch: 1 | loss: 0.1678105
	speed: 0.7547s/iter; left time: 7004.1185s
	iters: 700, epoch: 1 | loss: 0.1673675
	speed: 0.7531s/iter; left time: 6913.7642s
	iters: 800, epoch: 1 | loss: 0.2386820
	speed: 0.7473s/iter; left time: 6785.8352s
	iters: 900, epoch: 1 | loss: 0.1375712
	speed: 0.7378s/iter; left time: 6626.3619s
Epoch: 1 cost time: 740.4120788574219
Epoch: 1, Steps: 988 | Train Loss: 0.2699876 Vali Loss: 0.1489488 Test Loss: 0.1946063
Validation loss decreased (inf --> 0.148949).  Saving model ...
Updating learning rate to 0.0001
	iters: 100, epoch: 2 | loss: 0.1681512
	speed: 2.9313s/iter; left time: 25775.0539s
	iters: 200, epoch: 2 | loss: 0.2431665
	speed: 0.7544s/iter; left time: 6558.3708s
	iters: 300, epoch: 2 | loss: 0.1438193
	speed: 0.7991s/iter; left time: 6866.6110s
	iters: 400, epoch: 2 | loss: 0.1270991
	speed: 0.8129s/iter; left time: 6904.0685s
	iters: 500, epoch: 2 | loss: 0.1502679
	speed: 0.7804s/iter; left time: 6550.2084s
	iters: 600, epoch: 2 | loss: 0.1910434
	speed: 0.7536s/iter; left time: 6249.5676s
	iters: 700, epoch: 2 | loss: 0.1695680
	speed: 0.7481s/iter; left time: 6128.9919s
	iters: 800, epoch: 2 | loss: 0.1205981
	speed: 0.6387s/iter; left time: 5169.2067s
	iters: 900, epoch: 2 | loss: 0.1358854
	speed: 0.5370s/iter; left time: 4292.5177s
Epoch: 2 cost time: 706.2689802646637
Epoch: 2, Steps: 988 | Train Loss: 0.1819808 Vali Loss: 0.1625517 Test Loss: 0.1950410
EarlyStopping counter: 1 out of 3
Updating learning rate to 5e-05
	iters: 100, epoch: 3 | loss: 0.1646363
	speed: 2.0896s/iter; left time: 16309.3643s
	iters: 200, epoch: 3 | loss: 0.1499911
	speed: 0.5187s/iter; left time: 3996.3237s
	iters: 300, epoch: 3 | loss: 0.1492170
	speed: 0.5314s/iter; left time: 4041.2349s
	iters: 400, epoch: 3 | loss: 0.1778720
	speed: 0.5311s/iter; left time: 3986.2249s
	iters: 500, epoch: 3 | loss: 0.1169869
	speed: 0.6571s/iter; left time: 4866.1321s
	iters: 600, epoch: 3 | loss: 0.1877163
	speed: 0.7145s/iter; left time: 5219.1750s
	iters: 700, epoch: 3 | loss: 0.2156714
	speed: 0.7146s/iter; left time: 5148.7158s
	iters: 800, epoch: 3 | loss: 0.1193033
	speed: 0.7076s/iter; left time: 5027.6052s
	iters: 900, epoch: 3 | loss: 0.1647958
	speed: 0.7077s/iter; left time: 4957.7353s
Epoch: 3 cost time: 623.5317709445953
Epoch: 3, Steps: 988 | Train Loss: 0.1572953 Vali Loss: 0.1677318 Test Loss: 0.2017578
EarlyStopping counter: 2 out of 3
Updating learning rate to 2.5e-05
	iters: 100, epoch: 4 | loss: 0.1125361
	speed: 2.8311s/iter; left time: 19299.7194s
	iters: 200, epoch: 4 | loss: 0.1056456
	speed: 0.6666s/iter; left time: 4477.4435s
	iters: 300, epoch: 4 | loss: 0.1135317
	speed: 0.7320s/iter; left time: 4843.8765s
	iters: 400, epoch: 4 | loss: 0.0840551
	speed: 0.6768s/iter; left time: 4410.7355s
	iters: 500, epoch: 4 | loss: 0.0887480
	speed: 0.7217s/iter; left time: 4630.9076s
	iters: 600, epoch: 4 | loss: 0.1522137
	speed: 0.7202s/iter; left time: 4549.3358s
	iters: 700, epoch: 4 | loss: 0.1028017
	speed: 0.6923s/iter; left time: 4303.7926s
	iters: 800, epoch: 4 | loss: 0.1078442
	speed: 0.7395s/iter; left time: 4523.5393s
	iters: 900, epoch: 4 | loss: 0.1582522
	speed: 0.6634s/iter; left time: 3991.7782s
Epoch: 4 cost time: 684.3411588668823
Epoch: 4, Steps: 988 | Train Loss: 0.1452284 Vali Loss: 0.1762783 Test Loss: 0.2042706
EarlyStopping counter: 3 out of 3
Early stopping
>>>>>>>testing : long_term_forecast_LBv2_ETTm2_TimesNet_2880_s2021_TimesNet_ETTm2_ftM_sl2880_ll48_pl96_dm32_nh8_el2_dl1_df32_expand2_dc4_fc3_ebtimeF_dtTrue_Exp_0<<<<<<<<<<<<<<<<<<<<<<<<<<<<<<<<<
test 11425
test shape: (11425, 96, 7) (11425, 96, 7)
test shape: (11425, 96, 7) (11425, 96, 7)
mse:0.19438429176807404, mae:0.2923850417137146, dtw:Not calculated
