Using GPU
Args in experiment:
[1mBasic Config[0m
  Task Name:          long_term_forecast  Is Training:        1                   
  Model ID:           LBv2_ETTm1_DLinear_720_s2023Model:              DLinear             

[1mData Loader[0m
  Data:               ETTm1               Root Path:          ./dataset/ETT-small/
  Data Path:          ETTm1.csv           Features:           M                   
  Target:             OT                  Freq:               h                   
  Checkpoints:        ./checkpoints/      

[1mForecasting Task[0m
  Seq Len:            720                 Label Len:          48                  
  Pred Len:           96                  Seasonal Patterns:  Monthly             
  Inverse:            0                   

[1mModel Parameters[0m
  Top k:              5                   Num Kernels:        6                   
  Enc In:             7                   Dec In:             7                   
  C Out:              7                   d model:            128                 
  n heads:            8                   e layers:           2                   
  d layers:           1                   d FF:               128                 
  Moving Avg:         25                  Factor:             3                   
  Distil:             1                   Dropout:            0.1                 
  Embed:              timeF               Activation:         gelu                

[1mRun Parameters[0m
  Num Workers:        2                   Itr:                1                   
  Train Epochs:       10                  Batch Size:         32                  
  Patience:           3                   Learning Rate:      0.0001              
  Des:                Exp                 Loss:               MSE                 
  Lradj:              type1               Use Amp:            0                   

[1mGPU[0m
  Use GPU:            1                   GPU:                0                   
  Use Multi GPU:      0                   Devices:            0,1,2,3             

[1mDe-stationary Projector Params[0m
  P Hidden Dims:      128, 128            P Hidden Layers:    2                   

Use GPU: cuda:0
🚀 Lazy Loading: DLinear ...
>>>>>>>start training : long_term_forecast_LBv2_ETTm1_DLinear_720_s2023_DLinear_ETTm1_ftM_sl720_ll48_pl96_dm128_nh8_el2_dl1_df128_expand2_dc4_fc3_ebtimeF_dtTrue_Exp_0>>>>>>>>>>>>>>>>>>>>>>>>>>
train window subsample: keep 31585/33745 windows (max_train_windows=31585)
train 31585
val 11425
test 11425
	iters: 100, epoch: 1 | loss: 0.3008363
	speed: 0.0176s/iter; left time: 172.1502s
	iters: 200, epoch: 1 | loss: 0.2614809
	speed: 0.0029s/iter; left time: 28.4026s
	iters: 300, epoch: 1 | loss: 0.2614262
	speed: 0.0029s/iter; left time: 27.8949s
	iters: 400, epoch: 1 | loss: 0.2388555
	speed: 0.0030s/iter; left time: 28.0994s
	iters: 500, epoch: 1 | loss: 0.2813226
	speed: 0.0030s/iter; left time: 28.2496s
	iters: 600, epoch: 1 | loss: 0.3241740
	speed: 0.0030s/iter; left time: 28.1361s
	iters: 700, epoch: 1 | loss: 0.2944115
	speed: 0.0031s/iter; left time: 28.5226s
	iters: 800, epoch: 1 | loss: 0.2197475
	speed: 0.0030s/iter; left time: 27.3652s
	iters: 900, epoch: 1 | loss: 0.2895074
	speed: 0.0029s/iter; left time: 26.4698s
Epoch: 1 cost time: 3.2115046977996826
Epoch: 1, Steps: 988 | Train Loss: 0.2798879 Vali Loss: 0.3947077 Test Loss: 0.3132000
Validation loss decreased (inf --> 0.394708).  Saving model ...
Updating learning rate to 0.0001
	iters: 100, epoch: 2 | loss: 0.2160565
	speed: 0.0241s/iter; left time: 212.0651s
	iters: 200, epoch: 2 | loss: 0.2081844
	speed: 0.0029s/iter; left time: 25.1228s
	iters: 300, epoch: 2 | loss: 0.3052435
	speed: 0.0029s/iter; left time: 24.7337s
	iters: 400, epoch: 2 | loss: 0.2200247
	speed: 0.0029s/iter; left time: 24.8016s
	iters: 500, epoch: 2 | loss: 0.2607299
	speed: 0.0029s/iter; left time: 24.3387s
	iters: 600, epoch: 2 | loss: 0.2213562
	speed: 0.0029s/iter; left time: 24.2597s
	iters: 700, epoch: 2 | loss: 0.2807450
	speed: 0.0028s/iter; left time: 22.8689s
	iters: 800, epoch: 2 | loss: 0.2017873
	speed: 0.0028s/iter; left time: 22.7178s
	iters: 900, epoch: 2 | loss: 0.2626018
	speed: 0.0029s/iter; left time: 23.3719s
Epoch: 2 cost time: 2.9470088481903076
Epoch: 2, Steps: 988 | Train Loss: 0.2619820 Vali Loss: 0.3862328 Test Loss: 0.3085361
Validation loss decreased (0.394708 --> 0.386233).  Saving model ...
Updating learning rate to 5e-05
	iters: 100, epoch: 3 | loss: 0.2867636
	speed: 0.0243s/iter; left time: 189.5372s
	iters: 200, epoch: 3 | loss: 0.2253805
	speed: 0.0030s/iter; left time: 22.9300s
	iters: 300, epoch: 3 | loss: 0.2174690
	speed: 0.0029s/iter; left time: 22.2331s
	iters: 400, epoch: 3 | loss: 0.2353431
	speed: 0.0030s/iter; left time: 22.3614s
	iters: 500, epoch: 3 | loss: 0.2098164
	speed: 0.0029s/iter; left time: 21.7224s
	iters: 600, epoch: 3 | loss: 0.3637896
	speed: 0.0029s/iter; left time: 21.2420s
	iters: 700, epoch: 3 | loss: 0.2413618
	speed: 0.0029s/iter; left time: 21.0443s
	iters: 800, epoch: 3 | loss: 0.2461684
	speed: 0.0028s/iter; left time: 20.1336s
	iters: 900, epoch: 3 | loss: 0.1984659
	speed: 0.0029s/iter; left time: 20.1680s
Epoch: 3 cost time: 2.947951316833496
Epoch: 3, Steps: 988 | Train Loss: 0.2590734 Vali Loss: 0.3943528 Test Loss: 0.3064316
EarlyStopping counter: 1 out of 3
Updating learning rate to 2.5e-05
	iters: 100, epoch: 4 | loss: 0.2293028
	speed: 0.0245s/iter; left time: 167.2801s
	iters: 200, epoch: 4 | loss: 0.2934696
	speed: 0.0029s/iter; left time: 19.4860s
	iters: 300, epoch: 4 | loss: 0.2565809
	speed: 0.0029s/iter; left time: 19.1927s
	iters: 400, epoch: 4 | loss: 0.3183073
	speed: 0.0029s/iter; left time: 19.1413s
	iters: 500, epoch: 4 | loss: 0.2323530
	speed: 0.0029s/iter; left time: 18.3544s
	iters: 600, epoch: 4 | loss: 0.3487709
	speed: 0.0029s/iter; left time: 18.2589s
	iters: 700, epoch: 4 | loss: 0.2100490
	speed: 0.0029s/iter; left time: 17.7927s
	iters: 800, epoch: 4 | loss: 0.2456537
	speed: 0.0028s/iter; left time: 17.3314s
	iters: 900, epoch: 4 | loss: 0.3089548
	speed: 0.0029s/iter; left time: 17.1627s
Epoch: 4 cost time: 2.9178545475006104
Epoch: 4, Steps: 988 | Train Loss: 0.2581130 Vali Loss: 0.3884764 Test Loss: 0.3061599
EarlyStopping counter: 2 out of 3
Updating learning rate to 1.25e-05
	iters: 100, epoch: 5 | loss: 0.3277356
	speed: 0.0236s/iter; left time: 137.3844s
	iters: 200, epoch: 5 | loss: 0.2327123
	speed: 0.0029s/iter; left time: 16.5143s
	iters: 300, epoch: 5 | loss: 0.2118692
	speed: 0.0029s/iter; left time: 16.2972s
	iters: 400, epoch: 5 | loss: 0.2569911
	speed: 0.0029s/iter; left time: 15.9788s
	iters: 500, epoch: 5 | loss: 0.3177201
	speed: 0.0029s/iter; left time: 15.6869s
	iters: 600, epoch: 5 | loss: 0.2521366
	speed: 0.0029s/iter; left time: 15.2085s
	iters: 700, epoch: 5 | loss: 0.2342885
	speed: 0.0029s/iter; left time: 15.0484s
	iters: 800, epoch: 5 | loss: 0.3045248
	speed: 0.0029s/iter; left time: 14.7991s
	iters: 900, epoch: 5 | loss: 0.3675026
	speed: 0.0028s/iter; left time: 14.1321s
Epoch: 5 cost time: 2.9206576347351074
Epoch: 5, Steps: 988 | Train Loss: 0.2579161 Vali Loss: 0.3873494 Test Loss: 0.3056013
EarlyStopping counter: 3 out of 3
Early stopping
>>>>>>>testing : long_term_forecast_LBv2_ETTm1_DLinear_720_s2023_DLinear_ETTm1_ftM_sl720_ll48_pl96_dm128_nh8_el2_dl1_df128_expand2_dc4_fc3_ebtimeF_dtTrue_Exp_0<<<<<<<<<<<<<<<<<<<<<<<<<<<<<<<<<
test 11425
test shape: (11425, 96, 7) (11425, 96, 7)
test shape: (11425, 96, 7) (11425, 96, 7)
mse:0.3090516924858093, mae:0.35227683186531067, dtw:Not calculated
