Using GPU
Args in experiment:
[1mBasic Config[0m
  Task Name:          long_term_forecast  Is Training:        1                   
  Model ID:           LBv2_exchange_rate_DLinear_2880_s2023Model:              DLinear             

[1mData Loader[0m
  Data:               custom              Root Path:          ./dataset/exchange_rate/
  Data Path:          exchange_rate.csv   Features:           M                   
  Target:             OT                  Freq:               h                   
  Checkpoints:        ./checkpoints/      

[1mForecasting Task[0m
  Seq Len:            2880                Label Len:          48                  
  Pred Len:           96                  Seasonal Patterns:  Monthly             
  Inverse:            0                   

[1mModel Parameters[0m
  Top k:              5                   Num Kernels:        6                   
  Enc In:             8                   Dec In:             8                   
  C Out:              8                   d model:            128                 
  n heads:            8                   e layers:           2                   
  d layers:           1                   d FF:               128                 
  Moving Avg:         25                  Factor:             3                   
  Distil:             1                   Dropout:            0.1                 
  Embed:              timeF               Activation:         gelu                

[1mRun Parameters[0m
  Num Workers:        2                   Itr:                1                   
  Train Epochs:       10                  Batch Size:         32                  
  Patience:           3                   Learning Rate:      0.0001              
  Des:                Exp                 Loss:               MSE                 
  Lradj:              type1               Use Amp:            0                   

[1mGPU[0m
  Use GPU:            1                   GPU:                0                   
  Use Multi GPU:      0                   Devices:            0,1,2,3             

[1mDe-stationary Projector Params[0m
  P Hidden Dims:      128, 128            P Hidden Layers:    2                   

Use GPU: cuda:0
🚀 Lazy Loading: DLinear ...
>>>>>>>start training : long_term_forecast_LBv2_exchange_rate_DLinear_2880_s2023_DLinear_custom_ftM_sl2880_ll48_pl96_dm128_nh8_el2_dl1_df128_expand2_dc4_fc3_ebtimeF_dtTrue_Exp_0>>>>>>>>>>>>>>>>>>>>>>>>>>
train 2336
val 665
test 1422
Epoch: 1 cost time: 0.5710246562957764
Epoch: 1, Steps: 73 | Train Loss: 0.3711154 Vali Loss: 0.8338724 Test Loss: 1.1918343
Validation loss decreased (inf --> 0.833872).  Saving model ...
Updating learning rate to 0.0001
Epoch: 2 cost time: 0.3877568244934082
Epoch: 2, Steps: 73 | Train Loss: 0.2205764 Vali Loss: 0.5382620 Test Loss: 0.7210724
Validation loss decreased (0.833872 --> 0.538262).  Saving model ...
Updating learning rate to 5e-05
Epoch: 3 cost time: 0.38324594497680664
Epoch: 3, Steps: 73 | Train Loss: 0.1876945 Vali Loss: 0.5291901 Test Loss: 0.8419092
Validation loss decreased (0.538262 --> 0.529190).  Saving model ...
Updating learning rate to 2.5e-05
Epoch: 4 cost time: 0.3881094455718994
Epoch: 4, Steps: 73 | Train Loss: 0.1761934 Vali Loss: 0.4773685 Test Loss: 0.7213463
Validation loss decreased (0.529190 --> 0.477368).  Saving model ...
Updating learning rate to 1.25e-05
Epoch: 5 cost time: 0.38357067108154297
Epoch: 5, Steps: 73 | Train Loss: 0.1708491 Vali Loss: 0.5014711 Test Loss: 0.6375437
EarlyStopping counter: 1 out of 3
Updating learning rate to 6.25e-06
Epoch: 6 cost time: 0.3825397491455078
Epoch: 6, Steps: 73 | Train Loss: 0.1682554 Vali Loss: 0.4565648 Test Loss: 0.6269290
Validation loss decreased (0.477368 --> 0.456565).  Saving model ...
Updating learning rate to 3.125e-06
Epoch: 7 cost time: 0.3842287063598633
Epoch: 7, Steps: 73 | Train Loss: 0.1672978 Vali Loss: 0.4901760 Test Loss: 0.6388380
EarlyStopping counter: 1 out of 3
Updating learning rate to 1.5625e-06
Epoch: 8 cost time: 0.3867661952972412
Epoch: 8, Steps: 73 | Train Loss: 0.1665435 Vali Loss: 0.4862295 Test Loss: 0.6349622
EarlyStopping counter: 2 out of 3
Updating learning rate to 7.8125e-07
Epoch: 9 cost time: 0.3849661350250244
Epoch: 9, Steps: 73 | Train Loss: 0.1661591 Vali Loss: 0.4800063 Test Loss: 0.6296745
EarlyStopping counter: 3 out of 3
Early stopping
>>>>>>>testing : long_term_forecast_LBv2_exchange_rate_DLinear_2880_s2023_DLinear_custom_ftM_sl2880_ll48_pl96_dm128_nh8_el2_dl1_df128_expand2_dc4_fc3_ebtimeF_dtTrue_Exp_0<<<<<<<<<<<<<<<<<<<<<<<<<<<<<<<<<
test 1422
test shape: (1422, 96, 8) (1422, 96, 8)
test shape: (1422, 96, 8) (1422, 96, 8)
mse:0.6254959106445312, mae:0.6370836496353149, dtw:Not calculated
