Using GPU
Args in experiment:
[1mBasic Config[0m
  Task Name:          long_term_forecast  Is Training:        1                   
  Model ID:           LBv2_exchange_rate_DLinear_336_s2021Model:              DLinear             

[1mData Loader[0m
  Data:               custom              Root Path:          ./dataset/exchange_rate/
  Data Path:          exchange_rate.csv   Features:           M                   
  Target:             OT                  Freq:               h                   
  Checkpoints:        ./checkpoints/      

[1mForecasting Task[0m
  Seq Len:            336                 Label Len:          48                  
  Pred Len:           96                  Seasonal Patterns:  Monthly             
  Inverse:            0                   

[1mModel Parameters[0m
  Top k:              5                   Num Kernels:        6                   
  Enc In:             8                   Dec In:             8                   
  C Out:              8                   d model:            128                 
  n heads:            8                   e layers:           2                   
  d layers:           1                   d FF:               128                 
  Moving Avg:         25                  Factor:             3                   
  Distil:             1                   Dropout:            0.1                 
  Embed:              timeF               Activation:         gelu                

[1mRun Parameters[0m
  Num Workers:        10                  Itr:                1                   
  Train Epochs:       10                  Batch Size:         32                  
  Patience:           3                   Learning Rate:      0.0001              
  Des:                Exp                 Loss:               MSE                 
  Lradj:              type1               Use Amp:            0                   

[1mGPU[0m
  Use GPU:            1                   GPU:                0                   
  Use Multi GPU:      0                   Devices:            0,1,2,3             

[1mDe-stationary Projector Params[0m
  P Hidden Dims:      128, 128            P Hidden Layers:    2                   

Use GPU: cuda:0
🚀 Lazy Loading: DLinear ...
>>>>>>>start training : long_term_forecast_LBv2_exchange_rate_DLinear_336_s2021_DLinear_custom_ftM_sl336_ll48_pl96_dm128_nh8_el2_dl1_df128_expand2_dc4_fc3_ebtimeF_dtTrue_Exp_0>>>>>>>>>>>>>>>>>>>>>>>>>>
train window subsample: keep 2336/4880 windows (max_train_windows=2336)
train 2336
val 665
test 1422
Epoch: 1 cost time: 42.428831338882446
Epoch: 1, Steps: 73 | Train Loss: 0.2684016 Vali Loss: 0.3155781 Test Loss: 0.1462637
Validation loss decreased (inf --> 0.315578).  Saving model ...
Updating learning rate to 0.0001
Epoch: 2 cost time: 41.556623458862305
Epoch: 2, Steps: 73 | Train Loss: 0.1921580 Vali Loss: 0.3242798 Test Loss: 0.1466682
EarlyStopping counter: 1 out of 3
Updating learning rate to 5e-05
Epoch: 3 cost time: 40.650521993637085
Epoch: 3, Steps: 73 | Train Loss: 0.1768950 Vali Loss: 0.2915775 Test Loss: 0.1316088
Validation loss decreased (0.315578 --> 0.291578).  Saving model ...
Updating learning rate to 2.5e-05
Epoch: 4 cost time: 38.58614659309387
Epoch: 4, Steps: 73 | Train Loss: 0.1711535 Vali Loss: 0.2678984 Test Loss: 0.1226416
Validation loss decreased (0.291578 --> 0.267898).  Saving model ...
Updating learning rate to 1.25e-05
Epoch: 5 cost time: 33.52269458770752
Epoch: 5, Steps: 73 | Train Loss: 0.1686891 Vali Loss: 0.2564298 Test Loss: 0.1185644
Validation loss decreased (0.267898 --> 0.256430).  Saving model ...
Updating learning rate to 6.25e-06
Epoch: 6 cost time: 33.235249757766724
Epoch: 6, Steps: 73 | Train Loss: 0.1674665 Vali Loss: 0.2616208 Test Loss: 0.1197721
EarlyStopping counter: 1 out of 3
Updating learning rate to 3.125e-06
Epoch: 7 cost time: 33.70232033729553
Epoch: 7, Steps: 73 | Train Loss: 0.1668481 Vali Loss: 0.2617305 Test Loss: 0.1197170
EarlyStopping counter: 2 out of 3
Updating learning rate to 1.5625e-06
Epoch: 8 cost time: 34.19114542007446
Epoch: 8, Steps: 73 | Train Loss: 0.1665172 Vali Loss: 0.2602847 Test Loss: 0.1192201
EarlyStopping counter: 3 out of 3
Early stopping
>>>>>>>testing : long_term_forecast_LBv2_exchange_rate_DLinear_336_s2021_DLinear_custom_ftM_sl336_ll48_pl96_dm128_nh8_el2_dl1_df128_expand2_dc4_fc3_ebtimeF_dtTrue_Exp_0<<<<<<<<<<<<<<<<<<<<<<<<<<<<<<<<<
test 1422
test shape: (1422, 96, 8) (1422, 96, 8)
test shape: (1422, 96, 8) (1422, 96, 8)
mse:0.11846813559532166, mae:0.2625666856765747, dtw:Not calculated
