Using GPU
Args in experiment:
[1mBasic Config[0m
  Task Name:          long_term_forecast  Is Training:        1                   
  Model ID:           LBv2_exchange_rate_iTransformer_336_s2023Model:              iTransformer        

[1mData Loader[0m
  Data:               custom              Root Path:          ./dataset/exchange_rate/
  Data Path:          exchange_rate.csv   Features:           M                   
  Target:             OT                  Freq:               h                   
  Checkpoints:        ./checkpoints/      

[1mForecasting Task[0m
  Seq Len:            336                 Label Len:          48                  
  Pred Len:           96                  Seasonal Patterns:  Monthly             
  Inverse:            0                   

[1mModel Parameters[0m
  Top k:              5                   Num Kernels:        6                   
  Enc In:             8                   Dec In:             8                   
  C Out:              8                   d model:            128                 
  n heads:            8                   e layers:           2                   
  d layers:           1                   d FF:               128                 
  Moving Avg:         25                  Factor:             3                   
  Distil:             1                   Dropout:            0.1                 
  Embed:              timeF               Activation:         gelu                

[1mRun Parameters[0m
  Num Workers:        2                   Itr:                1                   
  Train Epochs:       10                  Batch Size:         32                  
  Patience:           3                   Learning Rate:      0.0001              
  Des:                Exp                 Loss:               MSE                 
  Lradj:              type1               Use Amp:            0                   

[1mGPU[0m
  Use GPU:            1                   GPU:                0                   
  Use Multi GPU:      0                   Devices:            0,1,2,3             

[1mDe-stationary Projector Params[0m
  P Hidden Dims:      128, 128            P Hidden Layers:    2                   

Use GPU: cuda:0
🚀 Lazy Loading: iTransformer ...
>>>>>>>start training : long_term_forecast_LBv2_exchange_rate_iTransformer_336_s2023_iTransformer_custom_ftM_sl336_ll48_pl96_dm128_nh8_el2_dl1_df128_expand2_dc4_fc3_ebtimeF_dtTrue_Exp_0>>>>>>>>>>>>>>>>>>>>>>>>>>
train window subsample: keep 2336/4880 windows (max_train_windows=2336)
train 2336
val 665
test 1422
Epoch: 1 cost time: 0.9327073097229004
Epoch: 1, Steps: 73 | Train Loss: 0.2782927 Vali Loss: 0.1871511 Test Loss: 0.1492785
Validation loss decreased (inf --> 0.187151).  Saving model ...
Updating learning rate to 0.0001
Epoch: 2 cost time: 0.5398542881011963
Epoch: 2, Steps: 73 | Train Loss: 0.1803016 Vali Loss: 0.1562338 Test Loss: 0.1241005
Validation loss decreased (0.187151 --> 0.156234).  Saving model ...
Updating learning rate to 5e-05
Epoch: 3 cost time: 0.5372860431671143
Epoch: 3, Steps: 73 | Train Loss: 0.1575927 Vali Loss: 0.1518560 Test Loss: 0.1160492
Validation loss decreased (0.156234 --> 0.151856).  Saving model ...
Updating learning rate to 2.5e-05
Epoch: 4 cost time: 0.5580055713653564
Epoch: 4, Steps: 73 | Train Loss: 0.1506866 Vali Loss: 0.1512573 Test Loss: 0.1139112
Validation loss decreased (0.151856 --> 0.151257).  Saving model ...
Updating learning rate to 1.25e-05
Epoch: 5 cost time: 0.5315911769866943
Epoch: 5, Steps: 73 | Train Loss: 0.1482989 Vali Loss: 0.1503333 Test Loss: 0.1120500
Validation loss decreased (0.151257 --> 0.150333).  Saving model ...
Updating learning rate to 6.25e-06
Epoch: 6 cost time: 0.5568206310272217
Epoch: 6, Steps: 73 | Train Loss: 0.1464653 Vali Loss: 0.1503544 Test Loss: 0.1111748
EarlyStopping counter: 1 out of 3
Updating learning rate to 3.125e-06
Epoch: 7 cost time: 0.5468487739562988
Epoch: 7, Steps: 73 | Train Loss: 0.1455179 Vali Loss: 0.1497275 Test Loss: 0.1108921
Validation loss decreased (0.150333 --> 0.149727).  Saving model ...
Updating learning rate to 1.5625e-06
Epoch: 8 cost time: 0.568840742111206
Epoch: 8, Steps: 73 | Train Loss: 0.1456532 Vali Loss: 0.1501068 Test Loss: 0.1108006
EarlyStopping counter: 1 out of 3
Updating learning rate to 7.8125e-07
Epoch: 9 cost time: 0.5278983116149902
Epoch: 9, Steps: 73 | Train Loss: 0.1453707 Vali Loss: 0.1499760 Test Loss: 0.1107218
EarlyStopping counter: 2 out of 3
Updating learning rate to 3.90625e-07
Epoch: 10 cost time: 0.5398349761962891
Epoch: 10, Steps: 73 | Train Loss: 0.1453815 Vali Loss: 0.1499618 Test Loss: 0.1106733
EarlyStopping counter: 3 out of 3
Early stopping
>>>>>>>testing : long_term_forecast_LBv2_exchange_rate_iTransformer_336_s2023_iTransformer_custom_ftM_sl336_ll48_pl96_dm128_nh8_el2_dl1_df128_expand2_dc4_fc3_ebtimeF_dtTrue_Exp_0<<<<<<<<<<<<<<<<<<<<<<<<<<<<<<<<<
test 1422
test shape: (1422, 96, 8) (1422, 96, 8)
test shape: (1422, 96, 8) (1422, 96, 8)
mse:0.11072086542844772, mae:0.23814083635807037, dtw:Not calculated
