Using GPU
Args in experiment:
[1mBasic Config[0m
  Task Name:          long_term_forecast  Is Training:        1                   
  Model ID:           LBv2_exchange_rate_DLinear_720_s2022Model:              DLinear             

[1mData Loader[0m
  Data:               custom              Root Path:          ./dataset/exchange_rate/
  Data Path:          exchange_rate.csv   Features:           M                   
  Target:             OT                  Freq:               h                   
  Checkpoints:        ./checkpoints/      

[1mForecasting Task[0m
  Seq Len:            720                 Label Len:          48                  
  Pred Len:           96                  Seasonal Patterns:  Monthly             
  Inverse:            0                   

[1mModel Parameters[0m
  Top k:              5                   Num Kernels:        6                   
  Enc In:             8                   Dec In:             8                   
  C Out:              8                   d model:            128                 
  n heads:            8                   e layers:           2                   
  d layers:           1                   d FF:               128                 
  Moving Avg:         25                  Factor:             3                   
  Distil:             1                   Dropout:            0.1                 
  Embed:              timeF               Activation:         gelu                

[1mRun Parameters[0m
  Num Workers:        2                   Itr:                1                   
  Train Epochs:       10                  Batch Size:         32                  
  Patience:           3                   Learning Rate:      0.0001              
  Des:                Exp                 Loss:               MSE                 
  Lradj:              type1               Use Amp:            0                   

[1mGPU[0m
  Use GPU:            1                   GPU:                0                   
  Use Multi GPU:      0                   Devices:            0,1,2,3             

[1mDe-stationary Projector Params[0m
  P Hidden Dims:      128, 128            P Hidden Layers:    2                   

Use GPU: cuda:0
🚀 Lazy Loading: DLinear ...
>>>>>>>start training : long_term_forecast_LBv2_exchange_rate_DLinear_720_s2022_DLinear_custom_ftM_sl720_ll48_pl96_dm128_nh8_el2_dl1_df128_expand2_dc4_fc3_ebtimeF_dtTrue_Exp_0>>>>>>>>>>>>>>>>>>>>>>>>>>
train window subsample: keep 2336/4496 windows (max_train_windows=2336)
train 2336
val 665
test 1422
Epoch: 1 cost time: 0.48624753952026367
Epoch: 1, Steps: 73 | Train Loss: 0.3166750 Vali Loss: 0.6134982 Test Loss: 0.3647765
Validation loss decreased (inf --> 0.613498).  Saving model ...
Updating learning rate to 0.0001
Epoch: 2 cost time: 0.2931046485900879
Epoch: 2, Steps: 73 | Train Loss: 0.2092122 Vali Loss: 0.3512260 Test Loss: 0.1769389
Validation loss decreased (0.613498 --> 0.351226).  Saving model ...
Updating learning rate to 5e-05
Epoch: 3 cost time: 0.3018157482147217
Epoch: 3, Steps: 73 | Train Loss: 0.1843652 Vali Loss: 0.4211024 Test Loss: 0.2376935
EarlyStopping counter: 1 out of 3
Updating learning rate to 2.5e-05
Epoch: 4 cost time: 0.28748583793640137
Epoch: 4, Steps: 73 | Train Loss: 0.1771345 Vali Loss: 0.3292027 Test Loss: 0.1676282
Validation loss decreased (0.351226 --> 0.329203).  Saving model ...
Updating learning rate to 1.25e-05
Epoch: 5 cost time: 0.283174991607666
Epoch: 5, Steps: 73 | Train Loss: 0.1731671 Vali Loss: 0.3321779 Test Loss: 0.1723363
EarlyStopping counter: 1 out of 3
Updating learning rate to 6.25e-06
Epoch: 6 cost time: 0.2815871238708496
Epoch: 6, Steps: 73 | Train Loss: 0.1715766 Vali Loss: 0.2943654 Test Loss: 0.1467232
Validation loss decreased (0.329203 --> 0.294365).  Saving model ...
Updating learning rate to 3.125e-06
Epoch: 7 cost time: 0.2917754650115967
Epoch: 7, Steps: 73 | Train Loss: 0.1707128 Vali Loss: 0.3018283 Test Loss: 0.1512640
EarlyStopping counter: 1 out of 3
Updating learning rate to 1.5625e-06
Epoch: 8 cost time: 0.31373023986816406
Epoch: 8, Steps: 73 | Train Loss: 0.1702467 Vali Loss: 0.3039528 Test Loss: 0.1532512
EarlyStopping counter: 2 out of 3
Updating learning rate to 7.8125e-07
Epoch: 9 cost time: 0.28867053985595703
Epoch: 9, Steps: 73 | Train Loss: 0.1700182 Vali Loss: 0.3036935 Test Loss: 0.1528070
EarlyStopping counter: 3 out of 3
Early stopping
>>>>>>>testing : long_term_forecast_LBv2_exchange_rate_DLinear_720_s2022_DLinear_custom_ftM_sl720_ll48_pl96_dm128_nh8_el2_dl1_df128_expand2_dc4_fc3_ebtimeF_dtTrue_Exp_0<<<<<<<<<<<<<<<<<<<<<<<<<<<<<<<<<
test 1422
test shape: (1422, 96, 8) (1422, 96, 8)
test shape: (1422, 96, 8) (1422, 96, 8)
mse:0.14694300293922424, mae:0.29655998945236206, dtw:Not calculated
