Using GPU
Args in experiment:
[1mBasic Config[0m
  Task Name:          long_term_forecast  Is Training:        1                   
  Model ID:           LBv2_exchange_rate_iTransformer_720_s2022Model:              iTransformer        

[1mData Loader[0m
  Data:               custom              Root Path:          ./dataset/exchange_rate/
  Data Path:          exchange_rate.csv   Features:           M                   
  Target:             OT                  Freq:               h                   
  Checkpoints:        ./checkpoints/      

[1mForecasting Task[0m
  Seq Len:            720                 Label Len:          48                  
  Pred Len:           96                  Seasonal Patterns:  Monthly             
  Inverse:            0                   

[1mModel Parameters[0m
  Top k:              5                   Num Kernels:        6                   
  Enc In:             8                   Dec In:             8                   
  C Out:              8                   d model:            128                 
  n heads:            8                   e layers:           2                   
  d layers:           1                   d FF:               128                 
  Moving Avg:         25                  Factor:             3                   
  Distil:             1                   Dropout:            0.1                 
  Embed:              timeF               Activation:         gelu                

[1mRun Parameters[0m
  Num Workers:        2                   Itr:                1                   
  Train Epochs:       10                  Batch Size:         32                  
  Patience:           3                   Learning Rate:      0.0001              
  Des:                Exp                 Loss:               MSE                 
  Lradj:              type1               Use Amp:            0                   

[1mGPU[0m
  Use GPU:            1                   GPU:                0                   
  Use Multi GPU:      0                   Devices:            0,1,2,3             

[1mDe-stationary Projector Params[0m
  P Hidden Dims:      128, 128            P Hidden Layers:    2                   

Use GPU: cuda:0
🚀 Lazy Loading: iTransformer ...
>>>>>>>start training : long_term_forecast_LBv2_exchange_rate_iTransformer_720_s2022_iTransformer_custom_ftM_sl720_ll48_pl96_dm128_nh8_el2_dl1_df128_expand2_dc4_fc3_ebtimeF_dtTrue_Exp_0>>>>>>>>>>>>>>>>>>>>>>>>>>
train window subsample: keep 2336/4496 windows (max_train_windows=2336)
train 2336
val 665
test 1422
Epoch: 1 cost time: 1.0906941890716553
Epoch: 1, Steps: 73 | Train Loss: 0.4094716 Vali Loss: 0.2396247 Test Loss: 0.2047829
Validation loss decreased (inf --> 0.239625).  Saving model ...
Updating learning rate to 0.0001
Epoch: 2 cost time: 0.7912745475769043
Epoch: 2, Steps: 73 | Train Loss: 0.2186070 Vali Loss: 0.1957618 Test Loss: 0.1392539
Validation loss decreased (0.239625 --> 0.195762).  Saving model ...
Updating learning rate to 5e-05
Epoch: 3 cost time: 0.7532422542572021
Epoch: 3, Steps: 73 | Train Loss: 0.1691392 Vali Loss: 0.1800269 Test Loss: 0.1289961
Validation loss decreased (0.195762 --> 0.180027).  Saving model ...
Updating learning rate to 2.5e-05
Epoch: 4 cost time: 0.7761318683624268
Epoch: 4, Steps: 73 | Train Loss: 0.1560560 Vali Loss: 0.1777969 Test Loss: 0.1239520
Validation loss decreased (0.180027 --> 0.177797).  Saving model ...
Updating learning rate to 1.25e-05
Epoch: 5 cost time: 0.7639257907867432
Epoch: 5, Steps: 73 | Train Loss: 0.1505085 Vali Loss: 0.1803660 Test Loss: 0.1219043
EarlyStopping counter: 1 out of 3
Updating learning rate to 6.25e-06
Epoch: 6 cost time: 0.7142984867095947
Epoch: 6, Steps: 73 | Train Loss: 0.1481348 Vali Loss: 0.1801265 Test Loss: 0.1213841
EarlyStopping counter: 2 out of 3
Updating learning rate to 3.125e-06
Epoch: 7 cost time: 0.7726645469665527
Epoch: 7, Steps: 73 | Train Loss: 0.1466359 Vali Loss: 0.1803304 Test Loss: 0.1212232
EarlyStopping counter: 3 out of 3
Early stopping
>>>>>>>testing : long_term_forecast_LBv2_exchange_rate_iTransformer_720_s2022_iTransformer_custom_ftM_sl720_ll48_pl96_dm128_nh8_el2_dl1_df128_expand2_dc4_fc3_ebtimeF_dtTrue_Exp_0<<<<<<<<<<<<<<<<<<<<<<<<<<<<<<<<<
test 1422
test shape: (1422, 96, 8) (1422, 96, 8)
test shape: (1422, 96, 8) (1422, 96, 8)
mse:0.12309151142835617, mae:0.25582537055015564, dtw:Not calculated
