Using GPU
Args in experiment:
[1mBasic Config[0m
  Task Name:          long_term_forecast  Is Training:        1                   
  Model ID:           LBv2_exchange_rate_PatchTST_2880_s2023Model:              PatchTST            

[1mData Loader[0m
  Data:               custom              Root Path:          ./dataset/exchange_rate/
  Data Path:          exchange_rate.csv   Features:           M                   
  Target:             OT                  Freq:               h                   
  Checkpoints:        ./checkpoints/      

[1mForecasting Task[0m
  Seq Len:            2880                Label Len:          48                  
  Pred Len:           96                  Seasonal Patterns:  Monthly             
  Inverse:            0                   

[1mModel Parameters[0m
  Top k:              5                   Num Kernels:        6                   
  Enc In:             8                   Dec In:             8                   
  C Out:              8                   d model:            512                 
  n heads:            8                   e layers:           2                   
  d layers:           1                   d FF:               2048                
  Moving Avg:         25                  Factor:             3                   
  Distil:             1                   Dropout:            0.1                 
  Embed:              timeF               Activation:         gelu                

[1mRun Parameters[0m
  Num Workers:        2                   Itr:                1                   
  Train Epochs:       10                  Batch Size:         32                  
  Patience:           3                   Learning Rate:      0.0001              
  Des:                Exp                 Loss:               MSE                 
  Lradj:              type1               Use Amp:            0                   

[1mGPU[0m
  Use GPU:            1                   GPU:                0                   
  Use Multi GPU:      0                   Devices:            0,1,2,3             

[1mDe-stationary Projector Params[0m
  P Hidden Dims:      128, 128            P Hidden Layers:    2                   

Use GPU: cuda:0
🚀 Lazy Loading: PatchTST ...
>>>>>>>start training : long_term_forecast_LBv2_exchange_rate_PatchTST_2880_s2023_PatchTST_custom_ftM_sl2880_ll48_pl96_dm512_nh8_el2_dl1_df2048_expand2_dc4_fc3_ebtimeF_dtTrue_Exp_0>>>>>>>>>>>>>>>>>>>>>>>>>>
train 2336
val 665
test 1422
Epoch: 1 cost time: 14.53747010231018
Epoch: 1, Steps: 73 | Train Loss: 3.1193108 Vali Loss: 0.6417547 Test Loss: 0.4314408
Validation loss decreased (inf --> 0.641755).  Saving model ...
Updating learning rate to 0.0001
Epoch: 2 cost time: 14.129969596862793
Epoch: 2, Steps: 73 | Train Loss: 0.3142894 Vali Loss: 0.6701338 Test Loss: 0.3888126
EarlyStopping counter: 1 out of 3
Updating learning rate to 5e-05
Epoch: 3 cost time: 14.125007152557373
Epoch: 3, Steps: 73 | Train Loss: 0.2631621 Vali Loss: 0.5320928 Test Loss: 0.3721611
Validation loss decreased (0.641755 --> 0.532093).  Saving model ...
Updating learning rate to 2.5e-05
Epoch: 4 cost time: 14.132843971252441
Epoch: 4, Steps: 73 | Train Loss: 0.2391173 Vali Loss: 0.5139106 Test Loss: 0.3414617
Validation loss decreased (0.532093 --> 0.513911).  Saving model ...
Updating learning rate to 1.25e-05
Epoch: 5 cost time: 14.141039371490479
Epoch: 5, Steps: 73 | Train Loss: 0.2313673 Vali Loss: 0.5077894 Test Loss: 0.3254571
Validation loss decreased (0.513911 --> 0.507789).  Saving model ...
Updating learning rate to 6.25e-06
Epoch: 6 cost time: 14.156762599945068
Epoch: 6, Steps: 73 | Train Loss: 0.2276417 Vali Loss: 0.4901686 Test Loss: 0.3406886
Validation loss decreased (0.507789 --> 0.490169).  Saving model ...
Updating learning rate to 3.125e-06
Epoch: 7 cost time: 14.158300876617432
Epoch: 7, Steps: 73 | Train Loss: 0.2260317 Vali Loss: 0.5047912 Test Loss: 0.3192232
EarlyStopping counter: 1 out of 3
Updating learning rate to 1.5625e-06
Epoch: 8 cost time: 14.150834083557129
Epoch: 8, Steps: 73 | Train Loss: 0.2253928 Vali Loss: 0.4862235 Test Loss: 0.3351742
Validation loss decreased (0.490169 --> 0.486224).  Saving model ...
Updating learning rate to 7.8125e-07
Epoch: 9 cost time: 14.159493684768677
Epoch: 9, Steps: 73 | Train Loss: 0.2248285 Vali Loss: 0.4927920 Test Loss: 0.3399286
EarlyStopping counter: 1 out of 3
Updating learning rate to 3.90625e-07
Epoch: 10 cost time: 14.168360710144043
Epoch: 10, Steps: 73 | Train Loss: 0.2243260 Vali Loss: 0.4961613 Test Loss: 0.3332009
EarlyStopping counter: 2 out of 3
Updating learning rate to 1.953125e-07
>>>>>>>testing : long_term_forecast_LBv2_exchange_rate_PatchTST_2880_s2023_PatchTST_custom_ftM_sl2880_ll48_pl96_dm512_nh8_el2_dl1_df2048_expand2_dc4_fc3_ebtimeF_dtTrue_Exp_0<<<<<<<<<<<<<<<<<<<<<<<<<<<<<<<<<
test 1422
test shape: (1422, 96, 8) (1422, 96, 8)
test shape: (1422, 96, 8) (1422, 96, 8)
mse:0.33069175481796265, mae:0.4347361624240875, dtw:Not calculated
