Using GPU
Args in experiment:
[1mBasic Config[0m
  Task Name:          long_term_forecast  Is Training:        1                   
  Model ID:           LBv2_exchange_rate_PatchTST_336_s2021Model:              PatchTST            

[1mData Loader[0m
  Data:               custom              Root Path:          ./dataset/exchange_rate/
  Data Path:          exchange_rate.csv   Features:           M                   
  Target:             OT                  Freq:               h                   
  Checkpoints:        ./checkpoints/      

[1mForecasting Task[0m
  Seq Len:            336                 Label Len:          48                  
  Pred Len:           96                  Seasonal Patterns:  Monthly             
  Inverse:            0                   

[1mModel Parameters[0m
  Top k:              5                   Num Kernels:        6                   
  Enc In:             8                   Dec In:             8                   
  C Out:              8                   d model:            512                 
  n heads:            8                   e layers:           2                   
  d layers:           1                   d FF:               2048                
  Moving Avg:         25                  Factor:             3                   
  Distil:             1                   Dropout:            0.1                 
  Embed:              timeF               Activation:         gelu                

[1mRun Parameters[0m
  Num Workers:        10                  Itr:                1                   
  Train Epochs:       10                  Batch Size:         32                  
  Patience:           3                   Learning Rate:      0.0001              
  Des:                Exp                 Loss:               MSE                 
  Lradj:              type1               Use Amp:            0                   

[1mGPU[0m
  Use GPU:            1                   GPU:                0                   
  Use Multi GPU:      0                   Devices:            0,1,2,3             

[1mDe-stationary Projector Params[0m
  P Hidden Dims:      128, 128            P Hidden Layers:    2                   

Use GPU: cuda:0
🚀 Lazy Loading: PatchTST ...
>>>>>>>start training : long_term_forecast_LBv2_exchange_rate_PatchTST_336_s2021_PatchTST_custom_ftM_sl336_ll48_pl96_dm512_nh8_el2_dl1_df2048_expand2_dc4_fc3_ebtimeF_dtTrue_Exp_0>>>>>>>>>>>>>>>>>>>>>>>>>>
train window subsample: keep 2336/4880 windows (max_train_windows=2336)
train 2336
val 665
test 1422
Epoch: 1 cost time: 43.0574517250061
Epoch: 1, Steps: 73 | Train Loss: 0.1993466 Vali Loss: 0.1678989 Test Loss: 0.0829154
Validation loss decreased (inf --> 0.167899).  Saving model ...
Updating learning rate to 0.0001
Epoch: 2 cost time: 40.1641321182251
Epoch: 2, Steps: 73 | Train Loss: 0.1601620 Vali Loss: 0.1513842 Test Loss: 0.0940812
Validation loss decreased (0.167899 --> 0.151384).  Saving model ...
Updating learning rate to 5e-05
Epoch: 3 cost time: 39.56347584724426
Epoch: 3, Steps: 73 | Train Loss: 0.1483943 Vali Loss: 0.1563687 Test Loss: 0.0823696
EarlyStopping counter: 1 out of 3
Updating learning rate to 2.5e-05
Epoch: 4 cost time: 39.88883709907532
Epoch: 4, Steps: 73 | Train Loss: 0.1444944 Vali Loss: 0.1562950 Test Loss: 0.0962411
EarlyStopping counter: 2 out of 3
Updating learning rate to 1.25e-05
Epoch: 5 cost time: 38.73055839538574
Epoch: 5, Steps: 73 | Train Loss: 0.1428100 Vali Loss: 0.1517444 Test Loss: 0.0851684
EarlyStopping counter: 3 out of 3
Early stopping
>>>>>>>testing : long_term_forecast_LBv2_exchange_rate_PatchTST_336_s2021_PatchTST_custom_ftM_sl336_ll48_pl96_dm512_nh8_el2_dl1_df2048_expand2_dc4_fc3_ebtimeF_dtTrue_Exp_0<<<<<<<<<<<<<<<<<<<<<<<<<<<<<<<<<
test 1422
test shape: (1422, 96, 8) (1422, 96, 8)
test shape: (1422, 96, 8) (1422, 96, 8)
mse:0.09359515458345413, mae:0.22124245762825012, dtw:Not calculated
