2026-09-16 11:41:50 scheduler start: 44 jobs on GPUs [4, 5, 6, 7]
2026-09-16 11:41:50 GPU4 START logs/ehs_v2/traffic_TimesNet_sl2880_s2021.log
2026-09-16 11:41:50 GPU5 START logs/ehs_v2/traffic_TimesNet_sl1440_s2021.log
2026-09-16 11:41:50 GPU6 START logs/ehs_v2/traffic_TimesNet_sl720_s2021.log
2026-09-16 11:41:50 GPU7 START logs/ehs_v2/electricity_TimesNet_sl2880_s2021.log
2026-09-16 12:45:10 GPU6 DONE(ok) attempt=1 rc=0 63.3min logs/ehs_v2/traffic_TimesNet_sl720_s2021.log
2026-09-16 12:45:10 GPU6 START logs/ehs_v2/electricity_TimesNet_sl1440_s2021.log
2026-09-16 14:12:41 GPU6 DONE(ok) attempt=1 rc=0 87.5min logs/ehs_v2/electricity_TimesNet_sl1440_s2021.log
2026-09-16 14:12:41 GPU6 START logs/ehs_v2/electricity_TimesNet_sl720_s2022.log
2026-09-16 14:28:08 GPU7 DONE(ok) attempt=1 rc=0 166.3min logs/ehs_v2/electricity_TimesNet_sl2880_s2021.log
2026-09-16 14:28:08 GPU7 START logs/ehs_v2/traffic_PatchTST_sl2880_s2021.log
2026-09-16 14:28:27 GPU7 DONE(oom) attempt=1 rc=1 0.3min logs/ehs_v2/traffic_PatchTST_sl2880_s2021.log
2026-09-16 14:28:27 GPU7 OOM -> retry with --batch_size 2: logs/ehs_v2/traffic_PatchTST_sl2880_s2021.log
2026-09-16 14:45:33 GPU5 DONE(ok) attempt=1 rc=0 183.7min logs/ehs_v2/traffic_TimesNet_sl1440_s2021.log
2026-09-16 14:45:33 GPU5 START logs/ehs_v2/traffic_PatchTST_sl1440_s2021.log
2026-09-16 15:02:13 GPU4 DONE(ok) attempt=1 rc=0 200.4min logs/ehs_v2/traffic_TimesNet_sl2880_s2021.log
2026-09-16 15:02:13 GPU4 START logs/ehs_v2/traffic_PatchTST_sl720_s2021.log
2026-09-16 15:06:09 GPU6 DONE(ok) attempt=1 rc=0 53.5min logs/ehs_v2/electricity_TimesNet_sl720_s2022.log
2026-09-16 15:06:09 GPU6 START logs/ehs_v2/traffic_PatchTST_sl336_s2021.log
2026-09-16 16:44:29 GPU6 DONE(ok) attempt=1 rc=0 98.3min logs/ehs_v2/traffic_PatchTST_sl336_s2021.log
2026-09-16 16:44:29 GPU6 START logs/ehs_v2/electricity_PatchTST_sl2880_s2021.log
2026-09-16 16:44:44 GPU6 DONE(oom) attempt=1 rc=1 0.2min logs/ehs_v2/electricity_PatchTST_sl2880_s2021.log
2026-09-16 16:44:44 GPU6 OOM -> retry with --batch_size 4: logs/ehs_v2/electricity_PatchTST_sl2880_s2021.log
2026-09-16 18:21:59 GPU4 DONE(ok) attempt=1 rc=0 199.8min logs/ehs_v2/traffic_PatchTST_sl720_s2021.log
2026-09-16 18:21:59 GPU4 START logs/ehs_v2/electricity_PatchTST_sl1440_s2021.log
2026-09-16 22:03:11 GPU5 DONE(ok) attempt=1 rc=0 437.6min logs/ehs_v2/traffic_PatchTST_sl1440_s2021.log
2026-09-16 22:03:11 GPU5 START logs/ehs_v2/electricity_PatchTST_sl720_s2021.log
2026-09-16 23:54:34 GPU4 DONE(ok) attempt=1 rc=0 332.6min logs/ehs_v2/electricity_PatchTST_sl1440_s2021.log
2026-09-16 23:54:34 GPU4 START logs/ehs_v2/traffic_TimesNet_sl2880_s2022.log
2026-09-17 00:52:52 GPU5 DONE(ok) attempt=1 rc=0 169.7min logs/ehs_v2/electricity_PatchTST_sl720_s2021.log
2026-09-17 00:52:52 GPU5 START logs/ehs_v2/traffic_TimesNet_sl1440_s2022.log
2026-09-17 02:13:51 GPU7 DONE(ok) attempt=2 rc=0 705.4min logs/ehs_v2/traffic_PatchTST_sl2880_s2021.log
2026-09-17 02:13:51 GPU7 START logs/ehs_v2/traffic_TimesNet_sl720_s2022.log
2026-09-17 02:29:43 GPU6 DONE(ok) attempt=2 rc=0 585.0min logs/ehs_v2/electricity_PatchTST_sl2880_s2021.log
2026-09-17 02:29:43 GPU6 START logs/ehs_v2/electricity_TimesNet_sl2880_s2022.log
2026-09-17 02:38:48 GPU5 DONE(ok) attempt=1 rc=0 105.9min logs/ehs_v2/traffic_TimesNet_sl1440_s2022.log
2026-09-17 02:38:48 GPU5 START logs/ehs_v2/electricity_TimesNet_sl1440_s2022.log
2026-09-17 03:12:44 GPU4 DONE(ok) attempt=1 rc=0 198.2min logs/ehs_v2/traffic_TimesNet_sl2880_s2022.log
2026-09-17 03:12:44 GPU4 START logs/ehs_v2/traffic_PatchTST_sl2880_s2022.log
2026-09-17 03:12:56 GPU4 DONE(oom) attempt=1 rc=1 0.2min logs/ehs_v2/traffic_PatchTST_sl2880_s2022.log
2026-09-17 03:12:56 GPU4 OOM -> retry with --batch_size 2: logs/ehs_v2/traffic_PatchTST_sl2880_s2022.log
2026-09-17 03:48:10 GPU7 DONE(ok) attempt=1 rc=0 94.3min logs/ehs_v2/traffic_TimesNet_sl720_s2022.log
2026-09-17 03:48:10 GPU7 START logs/ehs_v2/traffic_PatchTST_sl1440_s2022.log
2026-09-17 04:05:57 GPU5 DONE(ok) attempt=1 rc=0 87.1min logs/ehs_v2/electricity_TimesNet_sl1440_s2022.log
2026-09-17 04:05:57 GPU5 START logs/ehs_v2/traffic_PatchTST_sl720_s2022.log
2026-09-17 05:13:13 GPU6 DONE(ok) attempt=1 rc=0 163.5min logs/ehs_v2/electricity_TimesNet_sl2880_s2022.log
2026-09-17 05:13:13 GPU6 START logs/ehs_v2/traffic_PatchTST_sl336_s2022.log
2026-09-17 06:51:17 GPU6 DONE(ok) attempt=1 rc=0 98.1min logs/ehs_v2/traffic_PatchTST_sl336_s2022.log
2026-09-17 06:51:17 GPU6 START logs/ehs_v2/electricity_PatchTST_sl2880_s2022.log
2026-09-17 06:51:27 GPU6 DONE(oom) attempt=1 rc=1 0.2min logs/ehs_v2/electricity_PatchTST_sl2880_s2022.log
2026-09-17 06:51:27 GPU6 OOM -> retry with --batch_size 4: logs/ehs_v2/electricity_PatchTST_sl2880_s2022.log
2026-09-17 07:24:44 GPU5 DONE(ok) attempt=1 rc=0 198.8min logs/ehs_v2/traffic_PatchTST_sl720_s2022.log
2026-09-17 07:24:44 GPU5 START logs/ehs_v2/electricity_PatchTST_sl1440_s2022.log
2026-09-17 11:13:55 scheduler start: 20 queued jobs on GPUs [5]
2026-09-17 11:13:55 GPU5 START logs/ehs_v2/electricity_PatchTST_sl336_s2022.log
2026-09-17 15:41:50 GPU7 RERUN elec_PT_2880_s2023 bs4 (manual, after dup-kill casualty)
2026-09-17 19:51:28 manual takeover of q_gpu03 tail: traffic_PT_336_s2023@gpu4, elec_PT_720_s2023@gpu5, elec_PT_336_s2023@gpu6 (old scheduler 3122669 killed)
2026-09-17 22:58:35 elec_PT_2880_s2023 moved GPU7(shared)->GPU4(dedicated) bs4, restarted from scratch
