Using GPU
Args in experiment:
[1mBasic Config[0m
  Task Name:          long_term_forecast  Is Training:        1                   
  Model ID:           LBv2_traffic_TimesNet_336_s2021Model:              TimesNet            

[1mData Loader[0m
  Data:               custom              Root Path:          ./dataset/traffic/  
  Data Path:          traffic.csv         Features:           M                   
  Target:             OT                  Freq:               h                   
  Checkpoints:        ./checkpoints/      

[1mForecasting Task[0m
  Seq Len:            336                 Label Len:          48                  
  Pred Len:           96                  Seasonal Patterns:  Monthly             
  Inverse:            0                   

[1mModel Parameters[0m
  Top k:              5                   Num Kernels:        6                   
  Enc In:             862                 Dec In:             862                 
  C Out:              862                 d model:            512                 
  n heads:            8                   e layers:           2                   
  d layers:           1                   d FF:               512                 
  Moving Avg:         25                  Factor:             3                   
  Distil:             1                   Dropout:            0.1                 
  Embed:              timeF               Activation:         gelu                

[1mRun Parameters[0m
  Num Workers:        2                   Itr:                1                   
  Train Epochs:       10                  Batch Size:         32                  
  Patience:           3                   Learning Rate:      0.0001              
  Des:                Exp                 Loss:               MSE                 
  Lradj:              type1               Use Amp:            0                   

[1mGPU[0m
  Use GPU:            1                   GPU:                0                   
  Use Multi GPU:      0                   Devices:            0,1,2,3             

[1mDe-stationary Projector Params[0m
  P Hidden Dims:      128, 128            P Hidden Layers:    2                   

Use GPU: cuda:0
🚀 Lazy Loading: TimesNet ...
>>>>>>>start training : long_term_forecast_LBv2_traffic_TimesNet_336_s2021_TimesNet_custom_ftM_sl336_ll48_pl96_dm512_nh8_el2_dl1_df512_expand2_dc4_fc3_ebtimeF_dtTrue_Exp_0>>>>>>>>>>>>>>>>>>>>>>>>>>
train window subsample: keep 9305/11849 windows (max_train_windows=9305)
train 9305
val 1661
test 3413
	iters: 100, epoch: 1 | loss: 0.3652225
	speed: 4.1883s/iter; left time: 11773.3945s
	iters: 200, epoch: 1 | loss: 0.3093763
	speed: 5.4169s/iter; left time: 14685.3277s
Epoch: 1 cost time: 1386.0124170780182
Epoch: 1, Steps: 291 | Train Loss: 0.3796744 Vali Loss: 0.4526842 Test Loss: 0.6195329
Validation loss decreased (inf --> 0.452684).  Saving model ...
Updating learning rate to 0.0001
	iters: 100, epoch: 2 | loss: 0.2447834
	speed: 11.0431s/iter; left time: 27828.5520s
	iters: 200, epoch: 2 | loss: 0.2349588
	speed: 5.8252s/iter; left time: 14097.0063s
Epoch: 2 cost time: 1567.1396660804749
Epoch: 2, Steps: 291 | Train Loss: 0.2489537 Vali Loss: 0.4461757 Test Loss: 0.6092313
Validation loss decreased (0.452684 --> 0.446176).  Saving model ...
Updating learning rate to 5e-05
	iters: 100, epoch: 3 | loss: 0.2442833
	speed: 12.9996s/iter; left time: 28976.0077s
	iters: 200, epoch: 3 | loss: 0.2372403
	speed: 4.0096s/iter; left time: 8536.3774s
Epoch: 3 cost time: 1293.1519377231598
Epoch: 3, Steps: 291 | Train Loss: 0.2326576 Vali Loss: 0.4307441 Test Loss: 0.5975063
Validation loss decreased (0.446176 --> 0.430744).  Saving model ...
Updating learning rate to 2.5e-05
	iters: 100, epoch: 4 | loss: 0.2396345
	speed: 13.6632s/iter; left time: 26479.3055s
	iters: 200, epoch: 4 | loss: 0.2396725
	speed: 5.6730s/iter; left time: 10426.8856s
Epoch: 4 cost time: 1649.2440803050995
Epoch: 4, Steps: 291 | Train Loss: 0.2245783 Vali Loss: 0.4397144 Test Loss: 0.5996115
EarlyStopping counter: 1 out of 3
Updating learning rate to 1.25e-05
	iters: 100, epoch: 5 | loss: 0.2013797
	speed: 13.2949s/iter; left time: 21896.7560s
	iters: 200, epoch: 5 | loss: 0.2161307
	speed: 5.8667s/iter; left time: 9075.7643s
Epoch: 5 cost time: 1651.797369003296
Epoch: 5, Steps: 291 | Train Loss: 0.2185798 Vali Loss: 0.4362465 Test Loss: 0.5951372
EarlyStopping counter: 2 out of 3
Updating learning rate to 6.25e-06
	iters: 100, epoch: 6 | loss: 0.2076530
	speed: 11.2545s/iter; left time: 15261.0844s
	iters: 200, epoch: 6 | loss: 0.2083065
	speed: 3.7297s/iter; left time: 4684.4681s
Epoch: 6 cost time: 1068.1871557235718
Epoch: 6, Steps: 291 | Train Loss: 0.2153445 Vali Loss: 0.4373145 Test Loss: 0.5963905
EarlyStopping counter: 3 out of 3
Early stopping
>>>>>>>testing : long_term_forecast_LBv2_traffic_TimesNet_336_s2021_TimesNet_custom_ftM_sl336_ll48_pl96_dm512_nh8_el2_dl1_df512_expand2_dc4_fc3_ebtimeF_dtTrue_Exp_0<<<<<<<<<<<<<<<<<<<<<<<<<<<<<<<<<
test 3413
test shape: (3413, 96, 862) (3413, 96, 862)
test shape: (3413, 96, 862) (3413, 96, 862)
mse:0.5975813269615173, mae:0.3212311863899231, dtw:Not calculated
