Using GPU
Args in experiment:
[1mBasic Config[0m
  Task Name:          long_term_forecast  Is Training:        1                   
  Model ID:           LBv2_traffic_TimesNet_336_s2022Model:              TimesNet            

[1mData Loader[0m
  Data:               custom              Root Path:          ./dataset/traffic/  
  Data Path:          traffic.csv         Features:           M                   
  Target:             OT                  Freq:               h                   
  Checkpoints:        ./checkpoints/      

[1mForecasting Task[0m
  Seq Len:            336                 Label Len:          48                  
  Pred Len:           96                  Seasonal Patterns:  Monthly             
  Inverse:            0                   

[1mModel Parameters[0m
  Top k:              5                   Num Kernels:        6                   
  Enc In:             862                 Dec In:             862                 
  C Out:              862                 d model:            512                 
  n heads:            8                   e layers:           2                   
  d layers:           1                   d FF:               512                 
  Moving Avg:         25                  Factor:             3                   
  Distil:             1                   Dropout:            0.1                 
  Embed:              timeF               Activation:         gelu                

[1mRun Parameters[0m
  Num Workers:        10                  Itr:                1                   
  Train Epochs:       10                  Batch Size:         32                  
  Patience:           3                   Learning Rate:      0.0001              
  Des:                Exp                 Loss:               MSE                 
  Lradj:              type1               Use Amp:            0                   

[1mGPU[0m
  Use GPU:            1                   GPU:                0                   
  Use Multi GPU:      0                   Devices:            0,1,2,3             

[1mDe-stationary Projector Params[0m
  P Hidden Dims:      128, 128            P Hidden Layers:    2                   

Use GPU: cuda:0
🚀 Lazy Loading: TimesNet ...
>>>>>>>start training : long_term_forecast_LBv2_traffic_TimesNet_336_s2022_TimesNet_custom_ftM_sl336_ll48_pl96_dm512_nh8_el2_dl1_df512_expand2_dc4_fc3_ebtimeF_dtTrue_Exp_0>>>>>>>>>>>>>>>>>>>>>>>>>>
train window subsample: keep 9305/11849 windows (max_train_windows=9305)
train 9305
val 1661
test 3413
	iters: 100, epoch: 1 | loss: 0.3274225
	speed: 1.2329s/iter; left time: 3465.5780s
	iters: 200, epoch: 1 | loss: 0.2599618
	speed: 1.2286s/iter; left time: 3330.6188s
Epoch: 1 cost time: 355.89451909065247
Epoch: 1, Steps: 291 | Train Loss: 0.3411145 Vali Loss: 0.4445974 Test Loss: 0.6145754
Validation loss decreased (inf --> 0.444597).  Saving model ...
Updating learning rate to 0.0001
	iters: 100, epoch: 2 | loss: 0.2174702
	speed: 3.0949s/iter; left time: 7799.1404s
	iters: 200, epoch: 2 | loss: 0.2232974
	speed: 1.2176s/iter; left time: 2946.6519s
Epoch: 2 cost time: 353.81369519233704
Epoch: 2, Steps: 291 | Train Loss: 0.2186584 Vali Loss: 0.4234012 Test Loss: 0.5998860
Validation loss decreased (0.444597 --> 0.423401).  Saving model ...
Updating learning rate to 5e-05
	iters: 100, epoch: 3 | loss: 0.2009343
	speed: 3.0829s/iter; left time: 6871.8909s
	iters: 200, epoch: 3 | loss: 0.1931979
	speed: 1.2100s/iter; left time: 2575.9848s
Epoch: 3 cost time: 352.0599615573883
Epoch: 3, Steps: 291 | Train Loss: 0.2017528 Vali Loss: 0.4308993 Test Loss: 0.6020723
EarlyStopping counter: 1 out of 3
Updating learning rate to 2.5e-05
	iters: 100, epoch: 4 | loss: 0.1918420
	speed: 3.0618s/iter; left time: 5933.7993s
	iters: 200, epoch: 4 | loss: 0.1987670
	speed: 1.2156s/iter; left time: 2234.2610s
Epoch: 4 cost time: 353.31909942626953
Epoch: 4, Steps: 291 | Train Loss: 0.1959753 Vali Loss: 0.4231950 Test Loss: 0.5974817
Validation loss decreased (0.423401 --> 0.423195).  Saving model ...
Updating learning rate to 1.25e-05
	iters: 100, epoch: 5 | loss: 0.1714220
	speed: 3.0849s/iter; left time: 5080.7931s
	iters: 200, epoch: 5 | loss: 0.2057941
	speed: 1.2137s/iter; left time: 1877.5886s
Epoch: 5 cost time: 353.10438776016235
Epoch: 5, Steps: 291 | Train Loss: 0.1923095 Vali Loss: 0.4242564 Test Loss: 0.5991851
EarlyStopping counter: 1 out of 3
Updating learning rate to 6.25e-06
	iters: 100, epoch: 6 | loss: 0.1942965
	speed: 3.0685s/iter; left time: 4160.8928s
	iters: 200, epoch: 6 | loss: 0.1790350
	speed: 1.2122s/iter; left time: 1522.4894s
Epoch: 6 cost time: 352.4809510707855
Epoch: 6, Steps: 291 | Train Loss: 0.1902323 Vali Loss: 0.4225623 Test Loss: 0.5995704
Validation loss decreased (0.423195 --> 0.422562).  Saving model ...
Updating learning rate to 3.125e-06
	iters: 100, epoch: 7 | loss: 0.1842543
	speed: 3.0798s/iter; left time: 3280.0098s
	iters: 200, epoch: 7 | loss: 0.1881045
	speed: 1.2138s/iter; left time: 1171.3462s
Epoch: 7 cost time: 352.6874613761902
Epoch: 7, Steps: 291 | Train Loss: 0.1890272 Vali Loss: 0.4233874 Test Loss: 0.6002378
EarlyStopping counter: 1 out of 3
Updating learning rate to 1.5625e-06
	iters: 100, epoch: 8 | loss: 0.1832515
	speed: 3.0577s/iter; left time: 2366.6890s
	iters: 200, epoch: 8 | loss: 0.1744923
	speed: 1.2098s/iter; left time: 815.4335s
Epoch: 8 cost time: 351.8005759716034
Epoch: 8, Steps: 291 | Train Loss: 0.1883561 Vali Loss: 0.4233382 Test Loss: 0.6014600
EarlyStopping counter: 2 out of 3
Updating learning rate to 7.8125e-07
	iters: 100, epoch: 9 | loss: 0.1829566
	speed: 3.0612s/iter; left time: 1478.5669s
	iters: 200, epoch: 9 | loss: 0.1875610
	speed: 1.2100s/iter; left time: 463.4346s
Epoch: 9 cost time: 351.8734042644501
Epoch: 9, Steps: 291 | Train Loss: 0.1879855 Vali Loss: 0.4235195 Test Loss: 0.6016414
EarlyStopping counter: 3 out of 3
Early stopping
>>>>>>>testing : long_term_forecast_LBv2_traffic_TimesNet_336_s2022_TimesNet_custom_ftM_sl336_ll48_pl96_dm512_nh8_el2_dl1_df512_expand2_dc4_fc3_ebtimeF_dtTrue_Exp_0<<<<<<<<<<<<<<<<<<<<<<<<<<<<<<<<<
test 3413
test shape: (3413, 96, 862) (3413, 96, 862)
test shape: (3413, 96, 862) (3413, 96, 862)
mse:0.5997340679168701, mae:0.3186980187892914, dtw:Not calculated
