Using GPU
Args in experiment:
[1mBasic Config[0m
  Task Name:          long_term_forecast  Is Training:        1                   
  Model ID:           LBv2_traffic_DLinear_2880_s2022Model:              DLinear             

[1mData Loader[0m
  Data:               custom              Root Path:          ./dataset/traffic/  
  Data Path:          traffic.csv         Features:           M                   
  Target:             OT                  Freq:               h                   
  Checkpoints:        ./checkpoints/      

[1mForecasting Task[0m
  Seq Len:            2880                Label Len:          48                  
  Pred Len:           96                  Seasonal Patterns:  Monthly             
  Inverse:            0                   

[1mModel Parameters[0m
  Top k:              5                   Num Kernels:        6                   
  Enc In:             862                 Dec In:             862                 
  C Out:              862                 d model:            512                 
  n heads:            8                   e layers:           3                   
  d layers:           1                   d FF:               512                 
  Moving Avg:         25                  Factor:             3                   
  Distil:             1                   Dropout:            0.1                 
  Embed:              timeF               Activation:         gelu                

[1mRun Parameters[0m
  Num Workers:        2                   Itr:                1                   
  Train Epochs:       10                  Batch Size:         16                  
  Patience:           3                   Learning Rate:      0.0005              
  Des:                Exp                 Loss:               MSE                 
  Lradj:              type1               Use Amp:            0                   

[1mGPU[0m
  Use GPU:            1                   GPU:                0                   
  Use Multi GPU:      0                   Devices:            0,1,2,3             

[1mDe-stationary Projector Params[0m
  P Hidden Dims:      128, 128            P Hidden Layers:    2                   

Use GPU: cuda:0
🚀 Lazy Loading: DLinear ...
>>>>>>>start training : long_term_forecast_LBv2_traffic_DLinear_2880_s2022_DLinear_custom_ftM_sl2880_ll48_pl96_dm512_nh8_el3_dl1_df512_expand2_dc4_fc3_ebtimeF_dtTrue_Exp_0>>>>>>>>>>>>>>>>>>>>>>>>>>
train 9305
val 1661
test 3413
	iters: 100, epoch: 1 | loss: 0.2098909
	speed: 0.1407s/iter; left time: 804.7797s
	iters: 200, epoch: 1 | loss: 0.2559191
	speed: 0.1218s/iter; left time: 684.6125s
	iters: 300, epoch: 1 | loss: 0.2385615
	speed: 0.1282s/iter; left time: 707.6624s
	iters: 400, epoch: 1 | loss: 0.2576509
	speed: 0.1475s/iter; left time: 799.7457s
	iters: 500, epoch: 1 | loss: 0.2528173
	speed: 0.1373s/iter; left time: 730.5137s
Epoch: 1 cost time: 77.17820477485657
Epoch: 1, Steps: 582 | Train Loss: 0.2659293 Vali Loss: 0.3435063 Test Loss: 0.4115608
Validation loss decreased (inf --> 0.343506).  Saving model ...
Updating learning rate to 0.0005
	iters: 100, epoch: 2 | loss: 0.2605825
	speed: 0.6804s/iter; left time: 3496.5520s
	iters: 200, epoch: 2 | loss: 0.2533042
	speed: 0.1328s/iter; left time: 669.2812s
	iters: 300, epoch: 2 | loss: 0.2560829
	speed: 0.1347s/iter; left time: 665.0381s
	iters: 400, epoch: 2 | loss: 0.2989156
	speed: 0.1365s/iter; left time: 660.3787s
	iters: 500, epoch: 2 | loss: 0.2931897
	speed: 0.1382s/iter; left time: 654.8182s
Epoch: 2 cost time: 79.21528315544128
Epoch: 2, Steps: 582 | Train Loss: 0.2488223 Vali Loss: 0.3391783 Test Loss: 0.4064916
Validation loss decreased (0.343506 --> 0.339178).  Saving model ...
Updating learning rate to 0.00025
	iters: 100, epoch: 3 | loss: 0.2186080
	speed: 0.6875s/iter; left time: 3133.0200s
	iters: 200, epoch: 3 | loss: 0.2200570
	speed: 0.1352s/iter; left time: 602.4043s
	iters: 300, epoch: 3 | loss: 0.2198042
	speed: 0.1352s/iter; left time: 588.9024s
	iters: 400, epoch: 3 | loss: 0.2205649
	speed: 0.1343s/iter; left time: 571.5370s
	iters: 500, epoch: 3 | loss: 0.2162223
	speed: 0.1355s/iter; left time: 563.2703s
Epoch: 3 cost time: 79.06747174263
Epoch: 3, Steps: 582 | Train Loss: 0.2351364 Vali Loss: 0.3263753 Test Loss: 0.3922418
Validation loss decreased (0.339178 --> 0.326375).  Saving model ...
Updating learning rate to 0.000125
	iters: 100, epoch: 4 | loss: 0.2402907
	speed: 0.6917s/iter; left time: 2749.3696s
	iters: 200, epoch: 4 | loss: 0.2529266
	speed: 0.1366s/iter; left time: 529.4865s
	iters: 300, epoch: 4 | loss: 0.2073240
	speed: 0.1368s/iter; left time: 516.5477s
	iters: 400, epoch: 4 | loss: 0.2172674
	speed: 0.1371s/iter; left time: 503.6605s
	iters: 500, epoch: 4 | loss: 0.2349220
	speed: 0.1333s/iter; left time: 476.6121s
Epoch: 4 cost time: 79.44609546661377
Epoch: 4, Steps: 582 | Train Loss: 0.2296716 Vali Loss: 0.3216948 Test Loss: 0.3849052
Validation loss decreased (0.326375 --> 0.321695).  Saving model ...
Updating learning rate to 6.25e-05
	iters: 100, epoch: 5 | loss: 0.2138231
	speed: 0.6828s/iter; left time: 2316.8320s
	iters: 200, epoch: 5 | loss: 0.2001434
	speed: 0.1355s/iter; left time: 446.2478s
	iters: 300, epoch: 5 | loss: 0.2243768
	speed: 0.1352s/iter; left time: 431.5917s
	iters: 400, epoch: 5 | loss: 0.2349678
	speed: 0.1362s/iter; left time: 421.3285s
	iters: 500, epoch: 5 | loss: 0.1988847
	speed: 0.1352s/iter; left time: 404.5527s
Epoch: 5 cost time: 79.49934959411621
Epoch: 5, Steps: 582 | Train Loss: 0.2271068 Vali Loss: 0.3181847 Test Loss: 0.3806330
Validation loss decreased (0.321695 --> 0.318185).  Saving model ...
Updating learning rate to 3.125e-05
	iters: 100, epoch: 6 | loss: 0.1899240
	speed: 0.7322s/iter; left time: 2058.3326s
	iters: 200, epoch: 6 | loss: 0.1968803
	speed: 0.1439s/iter; left time: 390.2038s
	iters: 300, epoch: 6 | loss: 0.2053057
	speed: 0.1439s/iter; left time: 375.7154s
	iters: 400, epoch: 6 | loss: 0.2143232
	speed: 0.1439s/iter; left time: 361.2217s
	iters: 500, epoch: 6 | loss: 0.2033069
	speed: 0.1443s/iter; left time: 347.8550s
Epoch: 6 cost time: 83.82837867736816
Epoch: 6, Steps: 582 | Train Loss: 0.2258045 Vali Loss: 0.3166683 Test Loss: 0.3787535
Validation loss decreased (0.318185 --> 0.316668).  Saving model ...
Updating learning rate to 1.5625e-05
	iters: 100, epoch: 7 | loss: 0.1959699
	speed: 0.7962s/iter; left time: 1774.6207s
	iters: 200, epoch: 7 | loss: 0.2025965
	speed: 0.1503s/iter; left time: 319.9565s
	iters: 300, epoch: 7 | loss: 0.2207205
	speed: 0.1495s/iter; left time: 303.3939s
	iters: 400, epoch: 7 | loss: 0.2263502
	speed: 0.1456s/iter; left time: 280.8806s
	iters: 500, epoch: 7 | loss: 0.2190086
	speed: 0.1454s/iter; left time: 265.8704s
Epoch: 7 cost time: 87.62542581558228
Epoch: 7, Steps: 582 | Train Loss: 0.2249711 Vali Loss: 0.3166017 Test Loss: 0.3791462
Validation loss decreased (0.316668 --> 0.316602).  Saving model ...
Updating learning rate to 7.8125e-06
	iters: 100, epoch: 8 | loss: 0.2646192
	speed: 0.7669s/iter; left time: 1263.0765s
	iters: 200, epoch: 8 | loss: 0.2324680
	speed: 0.1493s/iter; left time: 230.9688s
	iters: 300, epoch: 8 | loss: 0.2344875
	speed: 0.1457s/iter; left time: 210.8594s
	iters: 400, epoch: 8 | loss: 0.1994995
	speed: 0.1488s/iter; left time: 200.4708s
	iters: 500, epoch: 8 | loss: 0.2383049
	speed: 0.1461s/iter; left time: 182.2485s
Epoch: 8 cost time: 86.39530348777771
Epoch: 8, Steps: 582 | Train Loss: 0.2245825 Vali Loss: 0.3160879 Test Loss: 0.3781802
Validation loss decreased (0.316602 --> 0.316088).  Saving model ...
Updating learning rate to 3.90625e-06
	iters: 100, epoch: 9 | loss: 0.2121954
	speed: 0.7604s/iter; left time: 809.7979s
	iters: 200, epoch: 9 | loss: 0.2011425
	speed: 0.1540s/iter; left time: 148.5687s
	iters: 300, epoch: 9 | loss: 0.2153494
	speed: 0.1542s/iter; left time: 133.4157s
	iters: 400, epoch: 9 | loss: 0.2282494
	speed: 0.1494s/iter; left time: 114.2704s
	iters: 500, epoch: 9 | loss: 0.2270388
	speed: 0.1518s/iter; left time: 100.9205s
Epoch: 9 cost time: 89.04482316970825
Epoch: 9, Steps: 582 | Train Loss: 0.2243579 Vali Loss: 0.3158407 Test Loss: 0.3781475
Validation loss decreased (0.316088 --> 0.315841).  Saving model ...
Updating learning rate to 1.953125e-06
	iters: 100, epoch: 10 | loss: 0.2424561
	speed: 0.7752s/iter; left time: 374.4367s
	iters: 200, epoch: 10 | loss: 0.1924433
	speed: 0.1552s/iter; left time: 59.4431s
	iters: 300, epoch: 10 | loss: 0.2259667
	speed: 0.1555s/iter; left time: 44.0170s
	iters: 400, epoch: 10 | loss: 0.2432611
	speed: 0.1538s/iter; left time: 28.1523s
	iters: 500, epoch: 10 | loss: 0.2855812
	speed: 0.1546s/iter; left time: 12.8346s
Epoch: 10 cost time: 90.11655902862549
Epoch: 10, Steps: 582 | Train Loss: 0.2242365 Vali Loss: 0.3157390 Test Loss: 0.3778799
Validation loss decreased (0.315841 --> 0.315739).  Saving model ...
Updating learning rate to 9.765625e-07
>>>>>>>testing : long_term_forecast_LBv2_traffic_DLinear_2880_s2022_DLinear_custom_ftM_sl2880_ll48_pl96_dm512_nh8_el3_dl1_df512_expand2_dc4_fc3_ebtimeF_dtTrue_Exp_0<<<<<<<<<<<<<<<<<<<<<<<<<<<<<<<<<
test 3413
test shape: (3413, 96, 862) (3413, 96, 862)
test shape: (3413, 96, 862) (3413, 96, 862)
mse:0.378080815076828, mae:0.2672269940376282, dtw:Not calculated
