Using GPU
Args in experiment:
[1mBasic Config[0m
  Task Name:          long_term_forecast  Is Training:        1                   
  Model ID:           LBv2_weather_PatchTST_1440_s2021Model:              PatchTST            

[1mData Loader[0m
  Data:               custom              Root Path:          ./dataset/weather/  
  Data Path:          weather.csv         Features:           M                   
  Target:             OT                  Freq:               h                   
  Checkpoints:        ./checkpoints/      

[1mForecasting Task[0m
  Seq Len:            1440                Label Len:          48                  
  Pred Len:           96                  Seasonal Patterns:  Monthly             
  Inverse:            0                   

[1mModel Parameters[0m
  Top k:              5                   Num Kernels:        6                   
  Enc In:             21                  Dec In:             21                  
  C Out:              21                  d model:            512                 
  n heads:            4                   e layers:           2                   
  d layers:           1                   d FF:               2048                
  Moving Avg:         25                  Factor:             3                   
  Distil:             1                   Dropout:            0.1                 
  Embed:              timeF               Activation:         gelu                

[1mRun Parameters[0m
  Num Workers:        2                   Itr:                1                   
  Train Epochs:       10                  Batch Size:         32                  
  Patience:           3                   Learning Rate:      0.0001              
  Des:                Exp                 Loss:               MSE                 
  Lradj:              type1               Use Amp:            0                   

[1mGPU[0m
  Use GPU:            1                   GPU:                0                   
  Use Multi GPU:      0                   Devices:            0,1,2,3             

[1mDe-stationary Projector Params[0m
  P Hidden Dims:      128, 128            P Hidden Layers:    2                   

Use GPU: cuda:0
🚀 Lazy Loading: PatchTST ...
>>>>>>>start training : long_term_forecast_LBv2_weather_PatchTST_1440_s2021_PatchTST_custom_ftM_sl1440_ll48_pl96_dm512_nh4_el2_dl1_df2048_expand2_dc4_fc3_ebtimeF_dtTrue_Exp_0>>>>>>>>>>>>>>>>>>>>>>>>>>
train window subsample: keep 33912/35352 windows (max_train_windows=33912)
train 33912
val 5175
test 10444
	iters: 100, epoch: 1 | loss: 1.2005229
	speed: 0.8798s/iter; left time: 9238.5083s
	iters: 200, epoch: 1 | loss: 0.3711866
	speed: 0.8716s/iter; left time: 9065.4777s
	iters: 300, epoch: 1 | loss: 0.3476013
	speed: 0.8816s/iter; left time: 9081.0897s
	iters: 400, epoch: 1 | loss: 0.4994065
	speed: 0.8904s/iter; left time: 9082.5916s
	iters: 500, epoch: 1 | loss: 0.3300947
	speed: 0.8872s/iter; left time: 8961.5618s
	iters: 600, epoch: 1 | loss: 0.4399647
	speed: 0.8521s/iter; left time: 8521.4136s
	iters: 700, epoch: 1 | loss: 0.3567889
	speed: 1.0091s/iter; left time: 9991.2918s
	iters: 800, epoch: 1 | loss: 0.4397455
	speed: 1.0893s/iter; left time: 10676.6004s
	iters: 900, epoch: 1 | loss: 0.3802773
	speed: 1.0962s/iter; left time: 10633.8729s
	iters: 1000, epoch: 1 | loss: 0.3980589
	speed: 1.0997s/iter; left time: 10558.1636s
Epoch: 1 cost time: 1020.3026494979858
Epoch: 1, Steps: 1060 | Train Loss: 0.5250625 Vali Loss: 0.4436401 Test Loss: 0.1789588
Validation loss decreased (inf --> 0.443640).  Saving model ...
Updating learning rate to 0.0001
	iters: 100, epoch: 2 | loss: 0.3111830
	speed: 3.4230s/iter; left time: 32316.4610s
	iters: 200, epoch: 2 | loss: 0.4015626
	speed: 0.9003s/iter; left time: 8409.3726s
	iters: 300, epoch: 2 | loss: 0.4239826
	speed: 0.8959s/iter; left time: 8279.0011s
	iters: 400, epoch: 2 | loss: 0.3372460
	speed: 1.0441s/iter; left time: 9544.3783s
	iters: 500, epoch: 2 | loss: 0.5334060
	speed: 1.0383s/iter; left time: 9387.5520s
	iters: 600, epoch: 2 | loss: 0.3659858
	speed: 0.8851s/iter; left time: 7913.2873s
	iters: 700, epoch: 2 | loss: 0.3586679
	speed: 0.9047s/iter; left time: 7998.5958s
	iters: 800, epoch: 2 | loss: 0.3941556
	speed: 0.9356s/iter; left time: 8178.0269s
	iters: 900, epoch: 2 | loss: 0.3789548
	speed: 0.9373s/iter; left time: 8099.6172s
	iters: 1000, epoch: 2 | loss: 0.4888638
	speed: 0.9032s/iter; left time: 7714.0275s
Epoch: 2 cost time: 996.4742329120636
Epoch: 2, Steps: 1060 | Train Loss: 0.4707876 Vali Loss: 0.4196157 Test Loss: 0.1734943
Validation loss decreased (0.443640 --> 0.419616).  Saving model ...
Updating learning rate to 5e-05
	iters: 100, epoch: 3 | loss: 0.3562495
	speed: 2.9517s/iter; left time: 24738.2800s
	iters: 200, epoch: 3 | loss: 0.4186831
	speed: 0.9024s/iter; left time: 7472.9736s
	iters: 300, epoch: 3 | loss: 0.4494300
	speed: 0.8599s/iter; left time: 7034.9651s
	iters: 400, epoch: 3 | loss: 0.3195093
	speed: 0.8267s/iter; left time: 6680.1683s
	iters: 500, epoch: 3 | loss: 0.4012038
	speed: 0.8873s/iter; left time: 7081.6281s
	iters: 600, epoch: 3 | loss: 0.3128185
	speed: 0.8876s/iter; left time: 6994.8749s
	iters: 700, epoch: 3 | loss: 0.2943967
	speed: 0.8936s/iter; left time: 6952.9726s
	iters: 800, epoch: 3 | loss: 0.3668491
	speed: 0.9026s/iter; left time: 6932.5940s
	iters: 900, epoch: 3 | loss: 0.3501121
	speed: 0.9668s/iter; left time: 7329.1179s
	iters: 1000, epoch: 3 | loss: 0.2564889
	speed: 1.1336s/iter; left time: 8480.3586s
Epoch: 3 cost time: 983.3286435604095
Epoch: 3, Steps: 1060 | Train Loss: 0.4302477 Vali Loss: 0.3894034 Test Loss: 0.1556777
Validation loss decreased (0.419616 --> 0.389403).  Saving model ...
Updating learning rate to 2.5e-05
	iters: 100, epoch: 4 | loss: 0.5406780
	speed: 3.6275s/iter; left time: 26556.9342s
	iters: 200, epoch: 4 | loss: 0.2712221
	speed: 1.1314s/iter; left time: 8169.8200s
	iters: 300, epoch: 4 | loss: 0.3349108
	speed: 1.3344s/iter; left time: 9502.4511s
	iters: 400, epoch: 4 | loss: 0.4512625
	speed: 1.3535s/iter; left time: 9502.6839s
	iters: 500, epoch: 4 | loss: 0.2441942
	speed: 1.3464s/iter; left time: 9318.1306s
	iters: 600, epoch: 4 | loss: 0.5858603
	speed: 1.3501s/iter; left time: 9208.7961s
	iters: 700, epoch: 4 | loss: 0.3303992
	speed: 1.3533s/iter; left time: 9095.8564s
	iters: 800, epoch: 4 | loss: 0.2237466
	speed: 1.3532s/iter; left time: 8959.2386s
	iters: 900, epoch: 4 | loss: 0.2605086
	speed: 1.4663s/iter; left time: 9561.9599s
	iters: 1000, epoch: 4 | loss: 0.3305534
	speed: 1.4241s/iter; left time: 9144.2450s
Epoch: 4 cost time: 1400.738359451294
Epoch: 4, Steps: 1060 | Train Loss: 0.4120154 Vali Loss: 0.3926135 Test Loss: 0.1570737
EarlyStopping counter: 1 out of 3
Updating learning rate to 1.25e-05
	iters: 100, epoch: 5 | loss: 0.2592288
	speed: 3.9095s/iter; left time: 24477.6328s
	iters: 200, epoch: 5 | loss: 0.3444412
	speed: 0.9015s/iter; left time: 5553.9455s
	iters: 300, epoch: 5 | loss: 0.3257587
	speed: 0.9294s/iter; left time: 5632.9457s
	iters: 400, epoch: 5 | loss: 0.2974499
	speed: 1.0925s/iter; left time: 6512.1001s
	iters: 500, epoch: 5 | loss: 0.2927444
	speed: 1.0774s/iter; left time: 6314.7783s
	iters: 600, epoch: 5 | loss: 0.3812554
	speed: 1.0770s/iter; left time: 6204.6240s
	iters: 700, epoch: 5 | loss: 0.2509097
	speed: 1.0691s/iter; left time: 6052.3013s
	iters: 800, epoch: 5 | loss: 0.2641197
	speed: 1.1511s/iter; left time: 6401.0021s
	iters: 900, epoch: 5 | loss: 0.4341944
	speed: 1.1956s/iter; left time: 6529.4082s
	iters: 1000, epoch: 5 | loss: 0.2584130
	speed: 1.1674s/iter; left time: 6258.6925s
Epoch: 5 cost time: 1137.248257637024
Epoch: 5, Steps: 1060 | Train Loss: 0.4012488 Vali Loss: 0.3927324 Test Loss: 0.1578680
EarlyStopping counter: 2 out of 3
Updating learning rate to 6.25e-06
	iters: 100, epoch: 6 | loss: 0.2708029
	speed: 3.8892s/iter; left time: 20227.9574s
	iters: 200, epoch: 6 | loss: 0.2551893
	speed: 1.2097s/iter; left time: 6170.4489s
	iters: 300, epoch: 6 | loss: 0.2721009
	speed: 1.2507s/iter; left time: 6254.6607s
	iters: 400, epoch: 6 | loss: 1.2440943
	speed: 1.2690s/iter; left time: 6219.5643s
	iters: 500, epoch: 6 | loss: 0.3060051
	speed: 1.1405s/iter; left time: 5475.6566s
	iters: 600, epoch: 6 | loss: 0.4294965
	speed: 1.0433s/iter; left time: 4904.4197s
	iters: 700, epoch: 6 | loss: 0.4623499
	speed: 1.2188s/iter; left time: 5607.4935s
	iters: 800, epoch: 6 | loss: 0.4003394
	speed: 1.2910s/iter; left time: 5810.9904s
	iters: 900, epoch: 6 | loss: 0.2328129
	speed: 1.2453s/iter; left time: 5480.6130s
	iters: 1000, epoch: 6 | loss: 0.2413523
	speed: 1.3685s/iter; left time: 5885.7109s
Epoch: 6 cost time: 1305.2243740558624
Epoch: 6, Steps: 1060 | Train Loss: 0.3950205 Vali Loss: 0.3946280 Test Loss: 0.1586302
EarlyStopping counter: 3 out of 3
Early stopping
>>>>>>>testing : long_term_forecast_LBv2_weather_PatchTST_1440_s2021_PatchTST_custom_ftM_sl1440_ll48_pl96_dm512_nh4_el2_dl1_df2048_expand2_dc4_fc3_ebtimeF_dtTrue_Exp_0<<<<<<<<<<<<<<<<<<<<<<<<<<<<<<<<<
test 10444
test shape: (10444, 96, 21) (10444, 96, 21)
test shape: (10444, 96, 21) (10444, 96, 21)
mse:0.15586243569850922, mae:0.21579833328723907, dtw:Not calculated
