Using GPU
Args in experiment:
[1mBasic Config[0m
  Task Name:          long_term_forecast  Is Training:        1                   
  Model ID:           LBv2_weather_TimesNet_96_s2022Model:              TimesNet            

[1mData Loader[0m
  Data:               custom              Root Path:          ./dataset/weather/  
  Data Path:          weather.csv         Features:           M                   
  Target:             OT                  Freq:               h                   
  Checkpoints:        ./checkpoints/      

[1mForecasting Task[0m
  Seq Len:            96                  Label Len:          48                  
  Pred Len:           96                  Seasonal Patterns:  Monthly             
  Inverse:            0                   

[1mModel Parameters[0m
  Top k:              5                   Num Kernels:        6                   
  Enc In:             21                  Dec In:             21                  
  C Out:              21                  d model:            32                  
  n heads:            8                   e layers:           2                   
  d layers:           1                   d FF:               32                  
  Moving Avg:         25                  Factor:             3                   
  Distil:             1                   Dropout:            0.1                 
  Embed:              timeF               Activation:         gelu                

[1mRun Parameters[0m
  Num Workers:        2                   Itr:                1                   
  Train Epochs:       10                  Batch Size:         32                  
  Patience:           3                   Learning Rate:      0.0001              
  Des:                Exp                 Loss:               MSE                 
  Lradj:              type1               Use Amp:            0                   

[1mGPU[0m
  Use GPU:            1                   GPU:                0                   
  Use Multi GPU:      0                   Devices:            0,1,2,3             

[1mDe-stationary Projector Params[0m
  P Hidden Dims:      128, 128            P Hidden Layers:    2                   

Use GPU: cuda:0
🚀 Lazy Loading: TimesNet ...
>>>>>>>start training : long_term_forecast_LBv2_weather_TimesNet_96_s2022_TimesNet_custom_ftM_sl96_ll48_pl96_dm32_nh8_el2_dl1_df32_expand2_dc4_fc3_ebtimeF_dtTrue_Exp_0>>>>>>>>>>>>>>>>>>>>>>>>>>
train window subsample: keep 33912/36696 windows (max_train_windows=33912)
train 33912
val 5175
test 10444
	iters: 100, epoch: 1 | loss: 0.4220676
	speed: 0.3071s/iter; left time: 3224.8885s
	iters: 200, epoch: 1 | loss: 0.4629073
	speed: 0.2439s/iter; left time: 2536.3417s
	iters: 300, epoch: 1 | loss: 0.3276191
	speed: 0.2461s/iter; left time: 2534.9730s
	iters: 400, epoch: 1 | loss: 0.5755444
	speed: 0.2480s/iter; left time: 2529.7763s
	iters: 500, epoch: 1 | loss: 0.2774764
	speed: 0.2415s/iter; left time: 2439.6983s
	iters: 600, epoch: 1 | loss: 0.3773496
	speed: 0.2409s/iter; left time: 2409.2763s
	iters: 700, epoch: 1 | loss: 0.3550006
	speed: 0.2482s/iter; left time: 2457.5191s
	iters: 800, epoch: 1 | loss: 0.3568209
	speed: 0.2478s/iter; left time: 2428.6509s
	iters: 900, epoch: 1 | loss: 0.4446621
	speed: 0.2458s/iter; left time: 2384.3868s
	iters: 1000, epoch: 1 | loss: 0.3302003
	speed: 0.2427s/iter; left time: 2330.5933s
Epoch: 1 cost time: 264.580171585083
Epoch: 1, Steps: 1060 | Train Loss: 0.4948122 Vali Loss: 0.4284876 Test Loss: 0.1804689
Validation loss decreased (inf --> 0.428488).  Saving model ...
Updating learning rate to 0.0001
	iters: 100, epoch: 2 | loss: 0.3145403
	speed: 1.0432s/iter; left time: 9849.0353s
	iters: 200, epoch: 2 | loss: 1.3208176
	speed: 0.2451s/iter; left time: 2289.5095s
	iters: 300, epoch: 2 | loss: 0.2919489
	speed: 0.2446s/iter; left time: 2260.7473s
	iters: 400, epoch: 2 | loss: 0.3144388
	speed: 0.2432s/iter; left time: 2223.1260s
	iters: 500, epoch: 2 | loss: 0.4670808
	speed: 0.2412s/iter; left time: 2180.2810s
	iters: 600, epoch: 2 | loss: 0.2357184
	speed: 0.2310s/iter; left time: 2065.5235s
	iters: 700, epoch: 2 | loss: 0.2564742
	speed: 0.2367s/iter; left time: 2092.5474s
	iters: 800, epoch: 2 | loss: 0.2630157
	speed: 0.2408s/iter; left time: 2104.9792s
	iters: 900, epoch: 2 | loss: 0.2509858
	speed: 0.2390s/iter; left time: 2065.2737s
	iters: 1000, epoch: 2 | loss: 0.2881408
	speed: 0.2360s/iter; left time: 2015.8422s
Epoch: 2 cost time: 254.5971658229828
Epoch: 2, Steps: 1060 | Train Loss: 0.4177941 Vali Loss: 0.4154448 Test Loss: 0.1761286
Validation loss decreased (0.428488 --> 0.415445).  Saving model ...
Updating learning rate to 5e-05
	iters: 100, epoch: 3 | loss: 0.2854883
	speed: 1.0160s/iter; left time: 8514.8771s
	iters: 200, epoch: 3 | loss: 0.3295039
	speed: 0.2378s/iter; left time: 1968.8141s
	iters: 300, epoch: 3 | loss: 0.2845253
	speed: 0.2374s/iter; left time: 1942.3083s
	iters: 400, epoch: 3 | loss: 0.2899568
	speed: 0.2380s/iter; left time: 1923.0855s
	iters: 500, epoch: 3 | loss: 0.3434059
	speed: 0.2417s/iter; left time: 1928.6642s
	iters: 600, epoch: 3 | loss: 0.2280613
	speed: 0.2426s/iter; left time: 1911.7847s
	iters: 700, epoch: 3 | loss: 0.2547600
	speed: 0.2352s/iter; left time: 1830.4534s
	iters: 800, epoch: 3 | loss: 0.2670282
	speed: 0.2422s/iter; left time: 1860.0932s
	iters: 900, epoch: 3 | loss: 0.2804358
	speed: 0.2449s/iter; left time: 1856.8495s
	iters: 1000, epoch: 3 | loss: 0.2490601
	speed: 0.2467s/iter; left time: 1845.7550s
Epoch: 3 cost time: 255.00815081596375
Epoch: 3, Steps: 1060 | Train Loss: 0.3989903 Vali Loss: 0.4110318 Test Loss: 0.1749469
Validation loss decreased (0.415445 --> 0.411032).  Saving model ...
Updating learning rate to 2.5e-05
	iters: 100, epoch: 4 | loss: 0.3031283
	speed: 1.1372s/iter; left time: 8325.2294s
	iters: 200, epoch: 4 | loss: 0.2433276
	speed: 0.2583s/iter; left time: 1865.1106s
	iters: 300, epoch: 4 | loss: 0.4001384
	speed: 0.2465s/iter; left time: 1755.2709s
	iters: 400, epoch: 4 | loss: 0.3841858
	speed: 0.2351s/iter; left time: 1650.9149s
	iters: 500, epoch: 4 | loss: 1.2564272
	speed: 0.2446s/iter; left time: 1692.5631s
	iters: 600, epoch: 4 | loss: 0.2695505
	speed: 0.2360s/iter; left time: 1609.4854s
	iters: 700, epoch: 4 | loss: 0.4055850
	speed: 0.2219s/iter; left time: 1491.2566s
	iters: 800, epoch: 4 | loss: 0.2764045
	speed: 0.2182s/iter; left time: 1444.4533s
	iters: 900, epoch: 4 | loss: 0.2984320
	speed: 0.2172s/iter; left time: 1416.6730s
	iters: 1000, epoch: 4 | loss: 0.2272580
	speed: 0.2196s/iter; left time: 1409.8865s
Epoch: 4 cost time: 249.7018575668335
Epoch: 4, Steps: 1060 | Train Loss: 0.3908982 Vali Loss: 0.4100796 Test Loss: 0.1757355
Validation loss decreased (0.411032 --> 0.410080).  Saving model ...
Updating learning rate to 1.25e-05
	iters: 100, epoch: 5 | loss: 0.2971122
	speed: 0.9175s/iter; left time: 5744.5698s
	iters: 200, epoch: 5 | loss: 0.2271173
	speed: 0.2133s/iter; left time: 1314.3835s
	iters: 300, epoch: 5 | loss: 0.3260475
	speed: 0.2580s/iter; left time: 1563.8571s
	iters: 400, epoch: 5 | loss: 0.2933674
	speed: 0.2590s/iter; left time: 1543.8175s
	iters: 500, epoch: 5 | loss: 0.8450364
	speed: 0.2601s/iter; left time: 1524.5967s
	iters: 600, epoch: 5 | loss: 0.2436202
	speed: 0.2597s/iter; left time: 1495.9689s
	iters: 700, epoch: 5 | loss: 0.2828415
	speed: 0.2598s/iter; left time: 1470.6710s
	iters: 800, epoch: 5 | loss: 1.0686938
	speed: 0.2591s/iter; left time: 1440.7927s
	iters: 900, epoch: 5 | loss: 0.3803828
	speed: 0.2613s/iter; left time: 1427.1049s
	iters: 1000, epoch: 5 | loss: 0.2597569
	speed: 0.2593s/iter; left time: 1390.2129s
Epoch: 5 cost time: 266.2122392654419
Epoch: 5, Steps: 1060 | Train Loss: 0.3869377 Vali Loss: 0.4130198 Test Loss: 0.1754154
EarlyStopping counter: 1 out of 3
Updating learning rate to 6.25e-06
	iters: 100, epoch: 6 | loss: 0.5414397
	speed: 1.0996s/iter; left time: 5719.0090s
	iters: 200, epoch: 6 | loss: 0.2957672
	speed: 0.2610s/iter; left time: 1331.3908s
	iters: 300, epoch: 6 | loss: 0.4487339
	speed: 0.2603s/iter; left time: 1301.9880s
	iters: 400, epoch: 6 | loss: 0.2670688
	speed: 0.2594s/iter; left time: 1271.2633s
	iters: 500, epoch: 6 | loss: 0.3948416
	speed: 0.2736s/iter; left time: 1313.3395s
	iters: 600, epoch: 6 | loss: 0.3576911
	speed: 0.2948s/iter; left time: 1385.8088s
	iters: 700, epoch: 6 | loss: 0.3005650
	speed: 0.2926s/iter; left time: 1346.3536s
	iters: 800, epoch: 6 | loss: 0.2803044
	speed: 0.2939s/iter; left time: 1322.9032s
	iters: 900, epoch: 6 | loss: 0.4121115
	speed: 0.2935s/iter; left time: 1291.7472s
	iters: 1000, epoch: 6 | loss: 0.2449554
	speed: 0.2945s/iter; left time: 1266.5063s
Epoch: 6 cost time: 295.94859433174133
Epoch: 6, Steps: 1060 | Train Loss: 0.3850634 Vali Loss: 0.4105375 Test Loss: 0.1757960
EarlyStopping counter: 2 out of 3
Updating learning rate to 3.125e-06
	iters: 100, epoch: 7 | loss: 0.4508169
	speed: 1.3214s/iter; left time: 5472.0273s
	iters: 200, epoch: 7 | loss: 0.2563350
	speed: 0.3150s/iter; left time: 1272.7270s
	iters: 300, epoch: 7 | loss: 0.3849520
	speed: 0.3177s/iter; left time: 1251.9667s
	iters: 400, epoch: 7 | loss: 0.3471694
	speed: 0.3153s/iter; left time: 1211.1912s
	iters: 500, epoch: 7 | loss: 0.2863293
	speed: 0.3146s/iter; left time: 1177.0760s
	iters: 600, epoch: 7 | loss: 0.2986369
	speed: 0.3158s/iter; left time: 1149.8550s
	iters: 700, epoch: 7 | loss: 0.1996326
	speed: 0.2940s/iter; left time: 1040.9182s
	iters: 800, epoch: 7 | loss: 0.3526872
	speed: 0.2767s/iter; left time: 952.1219s
	iters: 900, epoch: 7 | loss: 0.2279253
	speed: 0.2698s/iter; left time: 901.2490s
	iters: 1000, epoch: 7 | loss: 0.5403659
	speed: 0.2736s/iter; left time: 886.8398s
Epoch: 7 cost time: 316.76332807540894
Epoch: 7, Steps: 1060 | Train Loss: 0.3840817 Vali Loss: 0.4117856 Test Loss: 0.1763538
EarlyStopping counter: 3 out of 3
Early stopping
>>>>>>>testing : long_term_forecast_LBv2_weather_TimesNet_96_s2022_TimesNet_custom_ftM_sl96_ll48_pl96_dm32_nh8_el2_dl1_df32_expand2_dc4_fc3_ebtimeF_dtTrue_Exp_0<<<<<<<<<<<<<<<<<<<<<<<<<<<<<<<<<
test 10444
test shape: (10444, 96, 21) (10444, 96, 21)
test shape: (10444, 96, 21) (10444, 96, 21)
mse:0.17598570883274078, mae:0.22524961829185486, dtw:Not calculated
