Using GPU
Args in experiment:
[1mBasic Config[0m
  Task Name:          long_term_forecast  Is Training:        1                   
  Model ID:           LBv2_weather_DLinear_2880_s2022Model:              DLinear             

[1mData Loader[0m
  Data:               custom              Root Path:          ./dataset/weather/  
  Data Path:          weather.csv         Features:           M                   
  Target:             OT                  Freq:               h                   
  Checkpoints:        ./checkpoints/      

[1mForecasting Task[0m
  Seq Len:            2880                Label Len:          48                  
  Pred Len:           96                  Seasonal Patterns:  Monthly             
  Inverse:            0                   

[1mModel Parameters[0m
  Top k:              5                   Num Kernels:        6                   
  Enc In:             21                  Dec In:             21                  
  C Out:              21                  d model:            512                 
  n heads:            8                   e layers:           3                   
  d layers:           1                   d FF:               512                 
  Moving Avg:         25                  Factor:             3                   
  Distil:             1                   Dropout:            0.1                 
  Embed:              timeF               Activation:         gelu                

[1mRun Parameters[0m
  Num Workers:        2                   Itr:                1                   
  Train Epochs:       10                  Batch Size:         32                  
  Patience:           3                   Learning Rate:      0.0001              
  Des:                Exp                 Loss:               MSE                 
  Lradj:              type1               Use Amp:            0                   

[1mGPU[0m
  Use GPU:            1                   GPU:                0                   
  Use Multi GPU:      0                   Devices:            0,1,2,3             

[1mDe-stationary Projector Params[0m
  P Hidden Dims:      128, 128            P Hidden Layers:    2                   

Use GPU: cuda:0
🚀 Lazy Loading: DLinear ...
>>>>>>>start training : long_term_forecast_LBv2_weather_DLinear_2880_s2022_DLinear_custom_ftM_sl2880_ll48_pl96_dm512_nh8_el3_dl1_df512_expand2_dc4_fc3_ebtimeF_dtTrue_Exp_0>>>>>>>>>>>>>>>>>>>>>>>>>>
train 33912
val 5175
test 10444
	iters: 100, epoch: 1 | loss: 0.3973128
	speed: 0.0513s/iter; left time: 538.5783s
	iters: 200, epoch: 1 | loss: 0.5047965
	speed: 0.0346s/iter; left time: 360.0003s
	iters: 300, epoch: 1 | loss: 0.3008964
	speed: 0.0347s/iter; left time: 357.7951s
	iters: 400, epoch: 1 | loss: 0.2776878
	speed: 0.0343s/iter; left time: 350.1656s
	iters: 500, epoch: 1 | loss: 0.4145130
	speed: 0.0346s/iter; left time: 349.7913s
	iters: 600, epoch: 1 | loss: 0.4289353
	speed: 0.0348s/iter; left time: 347.7423s
	iters: 700, epoch: 1 | loss: 0.3031850
	speed: 0.0344s/iter; left time: 340.1344s
	iters: 800, epoch: 1 | loss: 0.2358798
	speed: 0.0347s/iter; left time: 340.3703s
	iters: 900, epoch: 1 | loss: 0.3193894
	speed: 0.0345s/iter; left time: 335.1691s
	iters: 1000, epoch: 1 | loss: 0.5012875
	speed: 0.0346s/iter; left time: 332.6619s
Epoch: 1 cost time: 37.128718852996826
Epoch: 1, Steps: 1060 | Train Loss: 0.4485070 Vali Loss: 0.4076810 Test Loss: 0.1693126
Validation loss decreased (inf --> 0.407681).  Saving model ...
Updating learning rate to 0.0001
	iters: 100, epoch: 2 | loss: 0.2749518
	speed: 0.2247s/iter; left time: 2121.3118s
	iters: 200, epoch: 2 | loss: 0.2752620
	speed: 0.0329s/iter; left time: 306.9076s
	iters: 300, epoch: 2 | loss: 0.3363485
	speed: 0.0326s/iter; left time: 301.0667s
	iters: 400, epoch: 2 | loss: 0.2925264
	speed: 0.0326s/iter; left time: 298.0542s
	iters: 500, epoch: 2 | loss: 0.2515779
	speed: 0.0327s/iter; left time: 296.0811s
	iters: 600, epoch: 2 | loss: 0.4633849
	speed: 0.0341s/iter; left time: 304.4758s
	iters: 700, epoch: 2 | loss: 1.5002565
	speed: 0.0347s/iter; left time: 306.4890s
	iters: 800, epoch: 2 | loss: 0.2794044
	speed: 0.0345s/iter; left time: 301.3327s
	iters: 900, epoch: 2 | loss: 1.2473305
	speed: 0.0345s/iter; left time: 298.3008s
	iters: 1000, epoch: 2 | loss: 0.3917214
	speed: 0.0344s/iter; left time: 294.2012s
Epoch: 2 cost time: 35.76979684829712
Epoch: 2, Steps: 1060 | Train Loss: 0.4346828 Vali Loss: 0.3998374 Test Loss: 0.1653903
Validation loss decreased (0.407681 --> 0.399837).  Saving model ...
Updating learning rate to 5e-05
	iters: 100, epoch: 3 | loss: 0.2669543
	speed: 0.2263s/iter; left time: 1896.6943s
	iters: 200, epoch: 3 | loss: 0.3543655
	speed: 0.0346s/iter; left time: 286.5129s
	iters: 300, epoch: 3 | loss: 0.5083309
	speed: 0.0347s/iter; left time: 283.4807s
	iters: 400, epoch: 3 | loss: 0.3563918
	speed: 0.0343s/iter; left time: 277.2181s
	iters: 500, epoch: 3 | loss: 0.3687085
	speed: 0.0347s/iter; left time: 277.0087s
	iters: 600, epoch: 3 | loss: 0.3653071
	speed: 0.0336s/iter; left time: 264.5525s
	iters: 700, epoch: 3 | loss: 0.3011020
	speed: 0.0328s/iter; left time: 255.0425s
	iters: 800, epoch: 3 | loss: 0.3967554
	speed: 0.0325s/iter; left time: 249.8378s
	iters: 900, epoch: 3 | loss: 1.1949732
	speed: 0.0328s/iter; left time: 248.5304s
	iters: 1000, epoch: 3 | loss: 0.5452961
	speed: 0.0329s/iter; left time: 246.0599s
Epoch: 3 cost time: 35.79907751083374
Epoch: 3, Steps: 1060 | Train Loss: 0.4300932 Vali Loss: 0.4001702 Test Loss: 0.1709936
EarlyStopping counter: 1 out of 3
Updating learning rate to 2.5e-05
	iters: 100, epoch: 4 | loss: 0.3283873
	speed: 0.2251s/iter; left time: 1647.7870s
	iters: 200, epoch: 4 | loss: 0.5118024
	speed: 0.0344s/iter; left time: 248.3266s
	iters: 300, epoch: 4 | loss: 1.2478881
	speed: 0.0347s/iter; left time: 247.1208s
	iters: 400, epoch: 4 | loss: 0.3508715
	speed: 0.0343s/iter; left time: 241.1050s
	iters: 500, epoch: 4 | loss: 0.3255171
	speed: 0.0345s/iter; left time: 239.1079s
	iters: 600, epoch: 4 | loss: 0.2693483
	speed: 0.0343s/iter; left time: 233.8676s
	iters: 700, epoch: 4 | loss: 0.3456878
	speed: 0.0346s/iter; left time: 232.3410s
	iters: 800, epoch: 4 | loss: 0.3573258
	speed: 0.0345s/iter; left time: 228.3025s
	iters: 900, epoch: 4 | loss: 0.3081906
	speed: 0.0346s/iter; left time: 225.8823s
	iters: 1000, epoch: 4 | loss: 0.4736323
	speed: 0.0346s/iter; left time: 222.3904s
Epoch: 4 cost time: 36.684566497802734
Epoch: 4, Steps: 1060 | Train Loss: 0.4280218 Vali Loss: 0.4009376 Test Loss: 0.1678214
EarlyStopping counter: 2 out of 3
Updating learning rate to 1.25e-05
	iters: 100, epoch: 5 | loss: 0.3165238
	speed: 0.2172s/iter; left time: 1359.8414s
	iters: 200, epoch: 5 | loss: 0.4409178
	speed: 0.0345s/iter; left time: 212.3701s
	iters: 300, epoch: 5 | loss: 0.3804427
	speed: 0.0347s/iter; left time: 210.1468s
	iters: 400, epoch: 5 | loss: 0.2655709
	speed: 0.0345s/iter; left time: 205.7894s
	iters: 500, epoch: 5 | loss: 0.3637283
	speed: 0.0347s/iter; left time: 203.3562s
	iters: 600, epoch: 5 | loss: 0.3189960
	speed: 0.0346s/iter; left time: 199.2959s
	iters: 700, epoch: 5 | loss: 0.2920058
	speed: 0.0348s/iter; left time: 197.1029s
	iters: 800, epoch: 5 | loss: 0.2549215
	speed: 0.0345s/iter; left time: 191.8587s
	iters: 900, epoch: 5 | loss: 0.4499401
	speed: 0.0346s/iter; left time: 189.0149s
	iters: 1000, epoch: 5 | loss: 0.2680746
	speed: 0.0344s/iter; left time: 184.6776s
Epoch: 5 cost time: 36.757813453674316
Epoch: 5, Steps: 1060 | Train Loss: 0.4268120 Vali Loss: 0.4022671 Test Loss: 0.1668337
EarlyStopping counter: 3 out of 3
Early stopping
>>>>>>>testing : long_term_forecast_LBv2_weather_DLinear_2880_s2022_DLinear_custom_ftM_sl2880_ll48_pl96_dm512_nh8_el3_dl1_df512_expand2_dc4_fc3_ebtimeF_dtTrue_Exp_0<<<<<<<<<<<<<<<<<<<<<<<<<<<<<<<<<
test 10444
test shape: (10444, 96, 21) (10444, 96, 21)
test shape: (10444, 96, 21) (10444, 96, 21)
mse:0.16562679409980774, mae:0.22690188884735107, dtw:Not calculated
