Using GPU
Args in experiment:
[1mBasic Config[0m
  Task Name:          long_term_forecast  Is Training:        1                   
  Model ID:           LBv2_weather_PatchTST_720_s2023Model:              PatchTST            

[1mData Loader[0m
  Data:               custom              Root Path:          ./dataset/weather/  
  Data Path:          weather.csv         Features:           M                   
  Target:             OT                  Freq:               h                   
  Checkpoints:        ./checkpoints/      

[1mForecasting Task[0m
  Seq Len:            720                 Label Len:          48                  
  Pred Len:           96                  Seasonal Patterns:  Monthly             
  Inverse:            0                   

[1mModel Parameters[0m
  Top k:              5                   Num Kernels:        6                   
  Enc In:             21                  Dec In:             21                  
  C Out:              21                  d model:            512                 
  n heads:            4                   e layers:           2                   
  d layers:           1                   d FF:               2048                
  Moving Avg:         25                  Factor:             3                   
  Distil:             1                   Dropout:            0.1                 
  Embed:              timeF               Activation:         gelu                

[1mRun Parameters[0m
  Num Workers:        2                   Itr:                1                   
  Train Epochs:       10                  Batch Size:         32                  
  Patience:           3                   Learning Rate:      0.0001              
  Des:                Exp                 Loss:               MSE                 
  Lradj:              type1               Use Amp:            0                   

[1mGPU[0m
  Use GPU:            1                   GPU:                0                   
  Use Multi GPU:      0                   Devices:            0,1,2,3             

[1mDe-stationary Projector Params[0m
  P Hidden Dims:      128, 128            P Hidden Layers:    2                   

Use GPU: cuda:0
🚀 Lazy Loading: PatchTST ...
>>>>>>>start training : long_term_forecast_LBv2_weather_PatchTST_720_s2023_PatchTST_custom_ftM_sl720_ll48_pl96_dm512_nh4_el2_dl1_df2048_expand2_dc4_fc3_ebtimeF_dtTrue_Exp_0>>>>>>>>>>>>>>>>>>>>>>>>>>
train window subsample: keep 33912/36072 windows (max_train_windows=33912)
train 33912
val 5175
test 10444
	iters: 100, epoch: 1 | loss: 0.3915201
	speed: 0.1286s/iter; left time: 1350.9402s
	iters: 200, epoch: 1 | loss: 0.3612151
	speed: 0.1131s/iter; left time: 1176.3781s
	iters: 300, epoch: 1 | loss: 0.4493507
	speed: 0.1131s/iter; left time: 1165.1363s
	iters: 400, epoch: 1 | loss: 0.3860891
	speed: 0.1131s/iter; left time: 1154.0416s
	iters: 500, epoch: 1 | loss: 0.3126991
	speed: 0.1131s/iter; left time: 1142.5917s
	iters: 600, epoch: 1 | loss: 0.3409864
	speed: 0.1131s/iter; left time: 1131.1929s
	iters: 700, epoch: 1 | loss: 0.4057433
	speed: 0.1131s/iter; left time: 1120.2359s
	iters: 800, epoch: 1 | loss: 1.2299180
	speed: 0.1131s/iter; left time: 1108.5231s
	iters: 900, epoch: 1 | loss: 0.2748242
	speed: 0.1131s/iter; left time: 1097.2295s
	iters: 1000, epoch: 1 | loss: 1.1795954
	speed: 0.1131s/iter; left time: 1086.0457s
Epoch: 1 cost time: 120.29400086402893
Epoch: 1, Steps: 1060 | Train Loss: 0.4861886 Vali Loss: 0.4015818 Test Loss: 0.1568218
Validation loss decreased (inf --> 0.401582).  Saving model ...
Updating learning rate to 0.0001
	iters: 100, epoch: 2 | loss: 0.3354628
	speed: 0.3860s/iter; left time: 3644.5874s
	iters: 200, epoch: 2 | loss: 0.3913188
	speed: 0.1131s/iter; left time: 1056.4449s
	iters: 300, epoch: 2 | loss: 0.3628387
	speed: 0.1131s/iter; left time: 1045.4273s
	iters: 400, epoch: 2 | loss: 0.2856331
	speed: 0.1132s/iter; left time: 1034.5524s
	iters: 500, epoch: 2 | loss: 0.4213767
	speed: 0.1132s/iter; left time: 1023.7550s
	iters: 600, epoch: 2 | loss: 0.2711733
	speed: 0.1131s/iter; left time: 1011.6330s
	iters: 700, epoch: 2 | loss: 0.2934205
	speed: 0.1131s/iter; left time: 999.8210s
	iters: 800, epoch: 2 | loss: 0.3276069
	speed: 0.1131s/iter; left time: 988.8148s
	iters: 900, epoch: 2 | loss: 0.3074588
	speed: 0.1131s/iter; left time: 977.7208s
	iters: 1000, epoch: 2 | loss: 0.3465054
	speed: 0.1131s/iter; left time: 966.3017s
Epoch: 2 cost time: 119.93113327026367
Epoch: 2, Steps: 1060 | Train Loss: 0.4559257 Vali Loss: 0.4065214 Test Loss: 0.1638787
EarlyStopping counter: 1 out of 3
Updating learning rate to 5e-05
	iters: 100, epoch: 3 | loss: 0.3260840
	speed: 0.3855s/iter; left time: 3231.2240s
	iters: 200, epoch: 3 | loss: 0.3713253
	speed: 0.1132s/iter; left time: 937.2591s
	iters: 300, epoch: 3 | loss: 0.2826917
	speed: 0.1132s/iter; left time: 926.0600s
	iters: 400, epoch: 3 | loss: 0.3936051
	speed: 0.1132s/iter; left time: 914.9257s
	iters: 500, epoch: 3 | loss: 0.5461317
	speed: 0.1133s/iter; left time: 903.9586s
	iters: 600, epoch: 3 | loss: 0.3194921
	speed: 0.1133s/iter; left time: 892.6019s
	iters: 700, epoch: 3 | loss: 0.2809989
	speed: 0.1132s/iter; left time: 881.0320s
	iters: 800, epoch: 3 | loss: 0.2935455
	speed: 0.1132s/iter; left time: 869.5545s
	iters: 900, epoch: 3 | loss: 0.2484087
	speed: 0.1132s/iter; left time: 858.3307s
	iters: 1000, epoch: 3 | loss: 0.3887349
	speed: 0.1132s/iter; left time: 846.8563s
Epoch: 3 cost time: 120.00199317932129
Epoch: 3, Steps: 1060 | Train Loss: 0.4271063 Vali Loss: 0.3990012 Test Loss: 0.1590288
Validation loss decreased (0.401582 --> 0.399001).  Saving model ...
Updating learning rate to 2.5e-05
	iters: 100, epoch: 4 | loss: 0.3638387
	speed: 0.3865s/iter; left time: 2829.8103s
	iters: 200, epoch: 4 | loss: 0.3426812
	speed: 0.1133s/iter; left time: 818.0024s
	iters: 300, epoch: 4 | loss: 0.3599279
	speed: 0.1132s/iter; left time: 806.0948s
	iters: 400, epoch: 4 | loss: 0.2594454
	speed: 0.1132s/iter; left time: 794.8013s
	iters: 500, epoch: 4 | loss: 0.4517668
	speed: 0.1132s/iter; left time: 783.5734s
	iters: 600, epoch: 4 | loss: 0.3264195
	speed: 0.1132s/iter; left time: 772.0131s
	iters: 700, epoch: 4 | loss: 0.3511203
	speed: 0.1132s/iter; left time: 760.6553s
	iters: 800, epoch: 4 | loss: 0.2619984
	speed: 0.1132s/iter; left time: 749.3849s
	iters: 900, epoch: 4 | loss: 0.4877461
	speed: 0.1132s/iter; left time: 737.9786s
	iters: 1000, epoch: 4 | loss: 0.2846085
	speed: 0.1132s/iter; left time: 726.7305s
Epoch: 4 cost time: 119.99636745452881
Epoch: 4, Steps: 1060 | Train Loss: 0.4137673 Vali Loss: 0.3917242 Test Loss: 0.1551387
Validation loss decreased (0.399001 --> 0.391724).  Saving model ...
Updating learning rate to 1.25e-05
	iters: 100, epoch: 5 | loss: 0.2579447
	speed: 0.3861s/iter; left time: 2417.2846s
	iters: 200, epoch: 5 | loss: 0.3699988
	speed: 0.1133s/iter; left time: 697.7597s
	iters: 300, epoch: 5 | loss: 1.2326794
	speed: 0.1132s/iter; left time: 686.2233s
	iters: 400, epoch: 5 | loss: 0.3517126
	speed: 0.1133s/iter; left time: 675.1075s
	iters: 500, epoch: 5 | loss: 0.2630906
	speed: 0.1133s/iter; left time: 663.9053s
	iters: 600, epoch: 5 | loss: 0.2888580
	speed: 0.1132s/iter; left time: 652.3442s
	iters: 700, epoch: 5 | loss: 0.4390330
	speed: 0.1132s/iter; left time: 640.9594s
	iters: 800, epoch: 5 | loss: 0.3138148
	speed: 0.1132s/iter; left time: 629.6706s
	iters: 900, epoch: 5 | loss: 0.2666802
	speed: 0.1132s/iter; left time: 618.3206s
	iters: 1000, epoch: 5 | loss: 0.2617219
	speed: 0.1132s/iter; left time: 606.9897s
Epoch: 5 cost time: 120.02780103683472
Epoch: 5, Steps: 1060 | Train Loss: 0.4051580 Vali Loss: 0.3929365 Test Loss: 0.1560225
EarlyStopping counter: 1 out of 3
Updating learning rate to 6.25e-06
	iters: 100, epoch: 6 | loss: 1.2205380
	speed: 0.3867s/iter; left time: 2011.4073s
	iters: 200, epoch: 6 | loss: 0.2908443
	speed: 0.1133s/iter; left time: 577.7803s
	iters: 300, epoch: 6 | loss: 1.1664175
	speed: 0.1133s/iter; left time: 566.5292s
	iters: 400, epoch: 6 | loss: 0.3996092
	speed: 0.1133s/iter; left time: 555.2892s
	iters: 500, epoch: 6 | loss: 0.3573582
	speed: 0.1133s/iter; left time: 544.0257s
	iters: 600, epoch: 6 | loss: 0.6446855
	speed: 0.1133s/iter; left time: 532.8067s
	iters: 700, epoch: 6 | loss: 0.4085803
	speed: 0.1133s/iter; left time: 521.1861s
	iters: 800, epoch: 6 | loss: 2.2235906
	speed: 0.1133s/iter; left time: 509.8525s
	iters: 900, epoch: 6 | loss: 0.3975270
	speed: 0.1133s/iter; left time: 498.5683s
	iters: 1000, epoch: 6 | loss: 0.3646418
	speed: 0.1133s/iter; left time: 487.2212s
Epoch: 6 cost time: 120.08433318138123
Epoch: 6, Steps: 1060 | Train Loss: 0.4008684 Vali Loss: 0.3925452 Test Loss: 0.1561317
EarlyStopping counter: 2 out of 3
Updating learning rate to 3.125e-06
	iters: 100, epoch: 7 | loss: 0.2359351
	speed: 0.3870s/iter; left time: 1602.4148s
	iters: 200, epoch: 7 | loss: 0.4045263
	speed: 0.1133s/iter; left time: 457.7437s
	iters: 300, epoch: 7 | loss: 0.4112082
	speed: 0.1133s/iter; left time: 446.3347s
	iters: 400, epoch: 7 | loss: 2.2686300
	speed: 0.1133s/iter; left time: 435.2310s
	iters: 500, epoch: 7 | loss: 0.2234745
	speed: 0.1133s/iter; left time: 423.7672s
	iters: 600, epoch: 7 | loss: 0.9812974
	speed: 0.1133s/iter; left time: 412.4301s
	iters: 700, epoch: 7 | loss: 0.3969801
	speed: 0.1133s/iter; left time: 401.2459s
	iters: 800, epoch: 7 | loss: 0.1864854
	speed: 0.1133s/iter; left time: 389.8365s
	iters: 900, epoch: 7 | loss: 0.4233593
	speed: 0.1133s/iter; left time: 378.4465s
	iters: 1000, epoch: 7 | loss: 0.2728979
	speed: 0.1133s/iter; left time: 367.1200s
Epoch: 7 cost time: 120.08142399787903
Epoch: 7, Steps: 1060 | Train Loss: 0.3982690 Vali Loss: 0.3916675 Test Loss: 0.1564868
Validation loss decreased (0.391724 --> 0.391668).  Saving model ...
Updating learning rate to 1.5625e-06
	iters: 100, epoch: 8 | loss: 0.2662315
	speed: 0.3873s/iter; left time: 1193.3164s
	iters: 200, epoch: 8 | loss: 0.2975115
	speed: 0.1133s/iter; left time: 337.7100s
	iters: 300, epoch: 8 | loss: 0.3284683
	speed: 0.1133s/iter; left time: 326.3831s
	iters: 400, epoch: 8 | loss: 0.2404577
	speed: 0.1133s/iter; left time: 315.1532s
	iters: 500, epoch: 8 | loss: 0.3290653
	speed: 0.1132s/iter; left time: 303.5351s
	iters: 600, epoch: 8 | loss: 0.2648611
	speed: 0.1132s/iter; left time: 292.2206s
	iters: 700, epoch: 8 | loss: 0.2712292
	speed: 0.1132s/iter; left time: 280.8935s
	iters: 800, epoch: 8 | loss: 0.2612493
	speed: 0.1132s/iter; left time: 269.5709s
	iters: 900, epoch: 8 | loss: 0.3748457
	speed: 0.1132s/iter; left time: 258.2522s
	iters: 1000, epoch: 8 | loss: 0.4333911
	speed: 0.1132s/iter; left time: 246.9651s
Epoch: 8 cost time: 120.04514622688293
Epoch: 8, Steps: 1060 | Train Loss: 0.3969173 Vali Loss: 0.3925690 Test Loss: 0.1556559
EarlyStopping counter: 1 out of 3
Updating learning rate to 7.8125e-07
	iters: 100, epoch: 9 | loss: 0.5326033
	speed: 0.3862s/iter; left time: 780.5635s
	iters: 200, epoch: 9 | loss: 0.1999847
	speed: 0.1132s/iter; left time: 217.4554s
	iters: 300, epoch: 9 | loss: 1.3431175
	speed: 0.1132s/iter; left time: 206.1296s
	iters: 400, epoch: 9 | loss: 0.3897787
	speed: 0.1132s/iter; left time: 194.8844s
	iters: 500, epoch: 9 | loss: 0.3286422
	speed: 0.1132s/iter; left time: 183.5104s
	iters: 600, epoch: 9 | loss: 1.1799376
	speed: 0.1132s/iter; left time: 172.2188s
	iters: 700, epoch: 9 | loss: 0.3454536
	speed: 0.1132s/iter; left time: 160.8853s
	iters: 800, epoch: 9 | loss: 1.3944660
	speed: 0.1132s/iter; left time: 149.5688s
	iters: 900, epoch: 9 | loss: 0.1911880
	speed: 0.1132s/iter; left time: 138.2742s
	iters: 1000, epoch: 9 | loss: 0.2713492
	speed: 0.1132s/iter; left time: 126.9525s
Epoch: 9 cost time: 120.02011489868164
Epoch: 9, Steps: 1060 | Train Loss: 0.3961726 Vali Loss: 0.3937263 Test Loss: 0.1565415
EarlyStopping counter: 2 out of 3
Updating learning rate to 3.90625e-07
	iters: 100, epoch: 10 | loss: 0.3166740
	speed: 0.3868s/iter; left time: 371.7582s
	iters: 200, epoch: 10 | loss: 0.2087155
	speed: 0.1133s/iter; left time: 97.5110s
	iters: 300, epoch: 10 | loss: 0.5253450
	speed: 0.1132s/iter; left time: 86.1749s
	iters: 400, epoch: 10 | loss: 0.3419334
	speed: 0.1132s/iter; left time: 74.8368s
	iters: 500, epoch: 10 | loss: 0.2768074
	speed: 0.1133s/iter; left time: 63.5573s
	iters: 600, epoch: 10 | loss: 0.3110810
	speed: 0.1133s/iter; left time: 52.2413s
	iters: 700, epoch: 10 | loss: 1.2590944
	speed: 0.1133s/iter; left time: 40.9062s
	iters: 800, epoch: 10 | loss: 0.3398533
	speed: 0.1133s/iter; left time: 29.5633s
	iters: 900, epoch: 10 | loss: 0.3123537
	speed: 0.1132s/iter; left time: 18.2285s
	iters: 1000, epoch: 10 | loss: 0.3350153
	speed: 0.1132s/iter; left time: 6.9070s
Epoch: 10 cost time: 120.05294704437256
Epoch: 10, Steps: 1060 | Train Loss: 0.3960143 Vali Loss: 0.3928435 Test Loss: 0.1562654
EarlyStopping counter: 3 out of 3
Early stopping
>>>>>>>testing : long_term_forecast_LBv2_weather_PatchTST_720_s2023_PatchTST_custom_ftM_sl720_ll48_pl96_dm512_nh4_el2_dl1_df2048_expand2_dc4_fc3_ebtimeF_dtTrue_Exp_0<<<<<<<<<<<<<<<<<<<<<<<<<<<<<<<<<
test 10444
test shape: (10444, 96, 21) (10444, 96, 21)
test shape: (10444, 96, 21) (10444, 96, 21)
mse:0.15665510296821594, mae:0.2105337679386139, dtw:Not calculated
