Using GPU
Args in experiment:
[1mBasic Config[0m
  Task Name:          long_term_forecast  Is Training:        1                   
  Model ID:           LBv2_weather_DLinear_720_s2021Model:              DLinear             

[1mData Loader[0m
  Data:               custom              Root Path:          ./dataset/weather/  
  Data Path:          weather.csv         Features:           M                   
  Target:             OT                  Freq:               h                   
  Checkpoints:        ./checkpoints/      

[1mForecasting Task[0m
  Seq Len:            720                 Label Len:          48                  
  Pred Len:           96                  Seasonal Patterns:  Monthly             
  Inverse:            0                   

[1mModel Parameters[0m
  Top k:              5                   Num Kernels:        6                   
  Enc In:             21                  Dec In:             21                  
  C Out:              21                  d model:            512                 
  n heads:            8                   e layers:           3                   
  d layers:           1                   d FF:               512                 
  Moving Avg:         25                  Factor:             3                   
  Distil:             1                   Dropout:            0.1                 
  Embed:              timeF               Activation:         gelu                

[1mRun Parameters[0m
  Num Workers:        2                   Itr:                1                   
  Train Epochs:       10                  Batch Size:         32                  
  Patience:           3                   Learning Rate:      0.0001              
  Des:                Exp                 Loss:               MSE                 
  Lradj:              type1               Use Amp:            0                   

[1mGPU[0m
  Use GPU:            1                   GPU:                0                   
  Use Multi GPU:      0                   Devices:            0,1,2,3             

[1mDe-stationary Projector Params[0m
  P Hidden Dims:      128, 128            P Hidden Layers:    2                   

Use GPU: cuda:0
🚀 Lazy Loading: DLinear ...
>>>>>>>start training : long_term_forecast_LBv2_weather_DLinear_720_s2021_DLinear_custom_ftM_sl720_ll48_pl96_dm512_nh8_el3_dl1_df512_expand2_dc4_fc3_ebtimeF_dtTrue_Exp_0>>>>>>>>>>>>>>>>>>>>>>>>>>
train window subsample: keep 33912/36072 windows (max_train_windows=33912)
train 33912
val 5175
test 10444
	iters: 100, epoch: 1 | loss: 0.3832653
	speed: 0.0243s/iter; left time: 255.2651s
	iters: 200, epoch: 1 | loss: 0.3022590
	speed: 0.0075s/iter; left time: 77.5657s
	iters: 300, epoch: 1 | loss: 0.3999113
	speed: 0.0077s/iter; left time: 78.8805s
	iters: 400, epoch: 1 | loss: 0.2499567
	speed: 0.0080s/iter; left time: 81.4439s
	iters: 500, epoch: 1 | loss: 0.2841184
	speed: 0.0075s/iter; left time: 75.6787s
	iters: 600, epoch: 1 | loss: 0.4901858
	speed: 0.0075s/iter; left time: 74.7362s
	iters: 700, epoch: 1 | loss: 0.2821770
	speed: 0.0077s/iter; left time: 75.7987s
	iters: 800, epoch: 1 | loss: 0.3645407
	speed: 0.0079s/iter; left time: 77.1847s
	iters: 900, epoch: 1 | loss: 0.4041283
	speed: 0.0079s/iter; left time: 77.0666s
	iters: 1000, epoch: 1 | loss: 0.2975465
	speed: 0.0076s/iter; left time: 72.6151s
Epoch: 1 cost time: 8.539902448654175
Epoch: 1, Steps: 1060 | Train Loss: 0.4474183 Vali Loss: 0.4093577 Test Loss: 0.1728595
Validation loss decreased (inf --> 0.409358).  Saving model ...
Updating learning rate to 0.0001
	iters: 100, epoch: 2 | loss: 0.2809869
	speed: 0.0592s/iter; left time: 559.0368s
	iters: 200, epoch: 2 | loss: 0.3225199
	speed: 0.0077s/iter; left time: 72.2666s
	iters: 300, epoch: 2 | loss: 0.3082478
	speed: 0.0076s/iter; left time: 69.9969s
	iters: 400, epoch: 2 | loss: 0.8499271
	speed: 0.0079s/iter; left time: 72.3465s
	iters: 500, epoch: 2 | loss: 0.3237567
	speed: 0.0078s/iter; left time: 70.5203s
	iters: 600, epoch: 2 | loss: 0.4046976
	speed: 0.0078s/iter; left time: 70.0835s
	iters: 700, epoch: 2 | loss: 0.3160926
	speed: 0.0080s/iter; left time: 71.0457s
	iters: 800, epoch: 2 | loss: 0.3646457
	speed: 0.0077s/iter; left time: 67.0200s
	iters: 900, epoch: 2 | loss: 0.3694099
	speed: 0.0083s/iter; left time: 71.6202s
	iters: 1000, epoch: 2 | loss: 0.3309847
	speed: 0.0093s/iter; left time: 79.7178s
Epoch: 2 cost time: 8.666388034820557
Epoch: 2, Steps: 1060 | Train Loss: 0.4333360 Vali Loss: 0.4035827 Test Loss: 0.1704244
Validation loss decreased (0.409358 --> 0.403583).  Saving model ...
Updating learning rate to 5e-05
	iters: 100, epoch: 3 | loss: 0.3391710
	speed: 0.0662s/iter; left time: 554.8530s
	iters: 200, epoch: 3 | loss: 0.3318431
	speed: 0.0093s/iter; left time: 77.2688s
	iters: 300, epoch: 3 | loss: 0.2831147
	speed: 0.0095s/iter; left time: 77.4065s
	iters: 400, epoch: 3 | loss: 0.4267267
	speed: 0.0095s/iter; left time: 77.0588s
	iters: 500, epoch: 3 | loss: 0.2832378
	speed: 0.0094s/iter; left time: 75.0728s
	iters: 600, epoch: 3 | loss: 0.3466813
	speed: 0.0095s/iter; left time: 74.9112s
	iters: 700, epoch: 3 | loss: 0.5002925
	speed: 0.0093s/iter; left time: 72.6819s
	iters: 800, epoch: 3 | loss: 0.3431719
	speed: 0.0095s/iter; left time: 73.2080s
	iters: 900, epoch: 3 | loss: 0.3539327
	speed: 0.0093s/iter; left time: 70.4422s
	iters: 1000, epoch: 3 | loss: 0.3425559
	speed: 0.0094s/iter; left time: 70.0106s
Epoch: 3 cost time: 10.061105489730835
Epoch: 3, Steps: 1060 | Train Loss: 0.4308748 Vali Loss: 0.4038877 Test Loss: 0.1687076
EarlyStopping counter: 1 out of 3
Updating learning rate to 2.5e-05
	iters: 100, epoch: 4 | loss: 0.2664767
	speed: 0.0692s/iter; left time: 506.5479s
	iters: 200, epoch: 4 | loss: 0.2934748
	speed: 0.0094s/iter; left time: 67.9866s
	iters: 300, epoch: 4 | loss: 0.2573263
	speed: 0.0094s/iter; left time: 67.0458s
	iters: 400, epoch: 4 | loss: 0.5513490
	speed: 0.0094s/iter; left time: 65.8853s
	iters: 500, epoch: 4 | loss: 0.5292110
	speed: 0.0095s/iter; left time: 66.0553s
	iters: 600, epoch: 4 | loss: 0.3376999
	speed: 0.0095s/iter; left time: 64.8451s
	iters: 700, epoch: 4 | loss: 0.4853015
	speed: 0.0093s/iter; left time: 62.5999s
	iters: 800, epoch: 4 | loss: 0.2706235
	speed: 0.0093s/iter; left time: 61.8340s
	iters: 900, epoch: 4 | loss: 0.6280233
	speed: 0.0095s/iter; left time: 61.8159s
	iters: 1000, epoch: 4 | loss: 0.2705941
	speed: 0.0093s/iter; left time: 59.8443s
Epoch: 4 cost time: 10.080525159835815
Epoch: 4, Steps: 1060 | Train Loss: 0.4299764 Vali Loss: 0.4046425 Test Loss: 0.1682215
EarlyStopping counter: 2 out of 3
Updating learning rate to 1.25e-05
	iters: 100, epoch: 5 | loss: 0.4052184
	speed: 0.0667s/iter; left time: 417.4631s
	iters: 200, epoch: 5 | loss: 0.3196610
	speed: 0.0094s/iter; left time: 57.6144s
	iters: 300, epoch: 5 | loss: 0.3168709
	speed: 0.0093s/iter; left time: 56.5063s
	iters: 400, epoch: 5 | loss: 0.4455874
	speed: 0.0094s/iter; left time: 55.9796s
	iters: 500, epoch: 5 | loss: 0.3204626
	speed: 0.0093s/iter; left time: 54.4683s
	iters: 600, epoch: 5 | loss: 0.4275085
	speed: 0.0093s/iter; left time: 53.4186s
	iters: 700, epoch: 5 | loss: 0.3857589
	speed: 0.0094s/iter; left time: 53.2963s
	iters: 800, epoch: 5 | loss: 0.2469250
	speed: 0.0093s/iter; left time: 51.8414s
	iters: 900, epoch: 5 | loss: 0.4132610
	speed: 0.0094s/iter; left time: 51.2586s
	iters: 1000, epoch: 5 | loss: 0.5388863
	speed: 0.0093s/iter; left time: 49.9081s
Epoch: 5 cost time: 10.011270761489868
Epoch: 5, Steps: 1060 | Train Loss: 0.4295666 Vali Loss: 0.4035844 Test Loss: 0.1681775
EarlyStopping counter: 3 out of 3
Early stopping
>>>>>>>testing : long_term_forecast_LBv2_weather_DLinear_720_s2021_DLinear_custom_ftM_sl720_ll48_pl96_dm512_nh8_el3_dl1_df512_expand2_dc4_fc3_ebtimeF_dtTrue_Exp_0<<<<<<<<<<<<<<<<<<<<<<<<<<<<<<<<<
test 10444
test shape: (10444, 96, 21) (10444, 96, 21)
test shape: (10444, 96, 21) (10444, 96, 21)
mse:0.1706605851650238, mae:0.23371748626232147, dtw:Not calculated
