MU_LAW=0.997822 (N*=459)
pass A val done (28s)
pass A test done (91s)
  tune h=3 hv=4: F1=0.269 P=0.166 R=0.706 trig/seq=6.38
  tune h=3 hv=6: F1=0.298 P=0.191 R=0.677 trig/seq=5.31
  tune h=3 hv=8: F1=0.310 P=0.202 R=0.669 trig/seq=4.97
  tune h=3 hv=12: F1=0.316 P=0.207 R=0.666 trig/seq=4.82
  tune h=3 hv=16: F1=0.317 P=0.208 R=0.664 trig/seq=4.79
  tune h=3 hv=1e+09: F1=0.320 P=0.211 R=0.664 trig/seq=4.72
  tune h=4 hv=4: F1=0.299 P=0.195 R=0.646 trig/seq=4.99
  tune h=4 hv=6: F1=0.353 P=0.258 R=0.561 trig/seq=3.27
  tune h=4 hv=8: F1=0.389 P=0.305 R=0.537 trig/seq=2.64
  tune h=4 hv=12: F1=0.409 P=0.336 R=0.522 trig/seq=2.33
  tune h=4 hv=16: F1=0.414 P=0.345 R=0.517 trig/seq=2.25
  tune h=4 hv=1e+09: F1=0.423 P=0.362 R=0.509 trig/seq=2.11
  tune h=5 hv=4: F1=0.303 P=0.201 R=0.617 trig/seq=4.61
  tune h=5 hv=6: F1=0.364 P=0.285 R=0.502 trig/seq=2.64
  tune h=5 hv=8: F1=0.405 P=0.364 R=0.456 trig/seq=1.88
  tune h=5 hv=12: F1=0.434 P=0.442 R=0.427 trig/seq=1.45
  tune h=5 hv=16: F1=0.440 P=0.469 R=0.414 trig/seq=1.32
  tune h=5 hv=1e+09: F1=0.445 P=0.539 R=0.378 trig/seq=1.05
  tune h=6 hv=4: F1=0.301 P=0.201 R=0.601 trig/seq=4.49
  tune h=6 hv=6: F1=0.354 P=0.286 R=0.464 trig/seq=2.43
  tune h=6 hv=8: F1=0.389 P=0.376 R=0.403 trig/seq=1.61
  tune h=6 hv=12: F1=0.413 P=0.487 R=0.358 trig/seq=1.10
  tune h=6 hv=16: F1=0.420 P=0.547 R=0.340 trig/seq=0.93
  tune h=6 hv=1e+09: F1=0.377 P=0.690 R=0.260 trig/seq=0.56
  tune h=8 hv=4: F1=0.300 P=0.200 R=0.593 trig/seq=4.44
  tune h=8 hv=6: F1=0.348 P=0.285 R=0.446 trig/seq=2.35
  tune h=8 hv=8: F1=0.377 P=0.378 R=0.375 trig/seq=1.49
  tune h=8 hv=12: F1=0.384 P=0.504 R=0.310 trig/seq=0.92
  tune h=8 hv=16: F1=0.379 P=0.585 R=0.280 trig/seq=0.72
  tune h=8 hv=1e+09: F1=0.192 P=0.865 R=0.108 trig/seq=0.19
  tune h=1e+09 hv=4: F1=0.299 P=0.200 R=0.591 trig/seq=4.44
  tune h=1e+09 hv=6: F1=0.346 P=0.285 R=0.442 trig/seq=2.33
  tune h=1e+09 hv=8: F1=0.374 P=0.378 R=0.370 trig/seq=1.47
  tune h=1e+09 hv=12: F1=0.371 P=0.500 R=0.295 trig/seq=0.88
  tune h=1e+09 hv=16: F1=0.350 P=0.573 R=0.252 trig/seq=0.66
  tune h=1e+09 hv=1e+09: F1=0.000 P=0.000 R=0.000 trig/seq=0.00
chosen: h=5 hv=1e+09 (val F1=0.445)
test detection: {'precision': 0.5362254025044723, 'recall': 0.39131853785900783, 'f1': 0.4524528301886792, 'tp': 1199, 'fp': 1037, 'fn': 1865, 'triggers': 2236, 'shocks': 3064, 'delay_mean': 13.351125938281902, 'delay_median': 9.0, 'per_type_recall': {'level': 0.47295423023578365, 'vol': 0.7526315789473684, 'trend': 0.06641123882503193, 'freq': 0.2925}, 'per_type_n': {'level': 721, 'vol': 760, 'trend': 783, 'freq': 800}, 'fa_per_shockfree_series': 0.46771037181996084, 'n_shockfree': 511, 'h': 5.0, 'hv': 1000000000.0}
arms done (402s)
Traceback (most recent call last):
  File "./analysis/e8_trigger_demo.py", line 354, in <module>
    verdict = {}
  File "./analysis/e8_trigger_demo.py", line 337, in main
    masks = region_masks(sh_t, L)
KeyError: '24-step direct'
