Using GPU
Args in experiment:
[1mBasic Config[0m
  Task Name:          long_term_forecast  Is Training:        1                   
  Model ID:           MECH_electricity_PTG_denbias_2880_s2021Model:              PatchTSTGated       

[1mData Loader[0m
  Data:               custom              Root Path:          ./dataset/electricity/
  Data Path:          electricity.csv     Features:           M                   
  Target:             OT                  Freq:               h                   
  Checkpoints:        ./checkpoints/      

[1mForecasting Task[0m
  Seq Len:            2880                Label Len:          48                  
  Pred Len:           96                  Seasonal Patterns:  Monthly             
  Inverse:            0                   

[1mModel Parameters[0m
  Top k:              5                   Num Kernels:        6                   
  Enc In:             321                 Dec In:             321                 
  C Out:              321                 d model:            512                 
  n heads:            8                   e layers:           2                   
  d layers:           1                   d FF:               2048                
  Moving Avg:         25                  Factor:             3                   
  Distil:             1                   Dropout:            0.1                 
  Embed:              timeF               Activation:         gelu                

[1mRun Parameters[0m
  Num Workers:        4                   Itr:                1                   
  Train Epochs:       10                  Batch Size:         4                   
  Patience:           3                   Learning Rate:      0.0001              
  Des:                Exp                 Loss:               MSE                 
  Lradj:              type1               Use Amp:            0                   

[1mGPU[0m
  Use GPU:            1                   GPU:                0                   
  Use Multi GPU:      0                   Devices:            0,1,2,3             

[1mDe-stationary Projector Params[0m
  P Hidden Dims:      128, 128            P Hidden Layers:    2                   

Use GPU: cuda:0
🚀 Lazy Loading: PatchTSTGated ...
>>>>>>>start training : long_term_forecast_MECH_electricity_PTG_denbias_2880_s2021_PatchTSTGated_custom_ftM_sl2880_ll48_pl96_dm512_nh8_el2_dl1_df2048_expand2_dc4_fc3_ebtimeF_dtTrue_Exp_0>>>>>>>>>>>>>>>>>>>>>>>>>>
train 15437
val 2537
test 5165
	iters: 100, epoch: 1 | loss: 0.5101315
	speed: 0.8550s/iter; left time: 32919.5548s
	iters: 200, epoch: 1 | loss: 0.5986978
	speed: 0.8304s/iter; left time: 31890.0083s
	iters: 300, epoch: 1 | loss: 0.5716823
	speed: 0.8303s/iter; left time: 31801.5126s
	iters: 400, epoch: 1 | loss: 0.5437398
	speed: 0.8306s/iter; left time: 31730.0268s
	iters: 500, epoch: 1 | loss: 0.4755140
	speed: 0.8307s/iter; left time: 31648.6174s
	iters: 600, epoch: 1 | loss: 0.5758213
	speed: 0.8307s/iter; left time: 31565.9002s
	iters: 700, epoch: 1 | loss: 0.3825009
	speed: 0.8308s/iter; left time: 31488.3988s
	iters: 800, epoch: 1 | loss: 0.3934178
	speed: 0.8308s/iter; left time: 31406.1199s
	iters: 900, epoch: 1 | loss: 0.3987497
	speed: 0.8307s/iter; left time: 31319.9170s
	iters: 1000, epoch: 1 | loss: 0.4105071
	speed: 0.8308s/iter; left time: 31240.6538s
	iters: 1100, epoch: 1 | loss: 0.4920690
	speed: 0.8305s/iter; left time: 31142.8331s
	iters: 1200, epoch: 1 | loss: 0.3046272
	speed: 0.8304s/iter; left time: 31059.3882s
	iters: 1300, epoch: 1 | loss: 0.3439824
	speed: 0.8307s/iter; left time: 30987.6122s
	iters: 1400, epoch: 1 | loss: 0.2822545
	speed: 0.8309s/iter; left time: 30909.7430s
	iters: 1500, epoch: 1 | loss: 0.3221439
	speed: 0.8309s/iter; left time: 30825.8119s
	iters: 1600, epoch: 1 | loss: 0.2758358
	speed: 0.8307s/iter; left time: 30736.9801s
	iters: 1700, epoch: 1 | loss: 0.2537181
	speed: 0.8306s/iter; left time: 30649.5573s
	iters: 1800, epoch: 1 | loss: 0.2724967
	speed: 0.8308s/iter; left time: 30574.7704s
	iters: 1900, epoch: 1 | loss: 0.2781448
	speed: 0.8308s/iter; left time: 30489.9348s
	iters: 2000, epoch: 1 | loss: 0.3570468
	speed: 0.8312s/iter; left time: 30421.0702s
	iters: 2100, epoch: 1 | loss: 0.2394544
	speed: 0.8315s/iter; left time: 30350.7384s
	iters: 2200, epoch: 1 | loss: 0.2222126
	speed: 0.8310s/iter; left time: 30247.4280s
	iters: 2300, epoch: 1 | loss: 0.2864639
	speed: 0.8310s/iter; left time: 30166.2554s
	iters: 2400, epoch: 1 | loss: 0.4174571
	speed: 0.8306s/iter; left time: 30067.6002s
	iters: 2500, epoch: 1 | loss: 0.2457797
	speed: 0.8306s/iter; left time: 29985.2086s
	iters: 2600, epoch: 1 | loss: 0.2799462
	speed: 0.8308s/iter; left time: 29910.3247s
	iters: 2700, epoch: 1 | loss: 0.2021882
	speed: 0.8310s/iter; left time: 29832.6929s
	iters: 2800, epoch: 1 | loss: 0.2510453
	speed: 0.8309s/iter; left time: 29747.6339s
	iters: 2900, epoch: 1 | loss: 0.2497903
	speed: 0.8311s/iter; left time: 29671.5700s
	iters: 3000, epoch: 1 | loss: 0.2192930
	speed: 0.8308s/iter; left time: 29575.9506s
	iters: 3100, epoch: 1 | loss: 0.2794970
	speed: 0.8306s/iter; left time: 29487.6695s
	iters: 3200, epoch: 1 | loss: 0.2253547
	speed: 0.8307s/iter; left time: 29407.5259s
	iters: 3300, epoch: 1 | loss: 0.2664173
	speed: 0.8312s/iter; left time: 29342.8065s
	iters: 3400, epoch: 1 | loss: 0.2143257
	speed: 0.8310s/iter; left time: 29250.8862s
	iters: 3500, epoch: 1 | loss: 0.2829735
	speed: 0.8309s/iter; left time: 29166.4580s
	iters: 3600, epoch: 1 | loss: 0.2508757
	speed: 0.8308s/iter; left time: 29077.7487s
	iters: 3700, epoch: 1 | loss: 0.2330343
	speed: 0.8308s/iter; left time: 28996.2011s
	iters: 3800, epoch: 1 | loss: 0.2394061
	speed: 0.8320s/iter; left time: 28954.2702s
Epoch: 1 cost time: 3207.8006563186646
Epoch: 1, Steps: 3860 | Train Loss: 0.4055593 Vali Loss: 0.1463204 Test Loss: 0.1697633
Validation loss decreased (inf --> 0.146320).  Saving model ...
Updating learning rate to 0.0001
	iters: 100, epoch: 2 | loss: 0.2585365
	speed: 6.4730s/iter; left time: 224230.1643s
	iters: 200, epoch: 2 | loss: 0.2303021
	speed: 0.8304s/iter; left time: 28684.0165s
	iters: 300, epoch: 2 | loss: 0.2376768
	speed: 0.8302s/iter; left time: 28593.5120s
	iters: 400, epoch: 2 | loss: 0.2397369
	speed: 0.8305s/iter; left time: 28521.2592s
	iters: 500, epoch: 2 | loss: 0.2752793
	speed: 0.8303s/iter; left time: 28428.7280s
	iters: 600, epoch: 2 | loss: 0.2605032
	speed: 0.8302s/iter; left time: 28344.5710s
	iters: 700, epoch: 2 | loss: 0.2787045
	speed: 0.8307s/iter; left time: 28278.9047s
	iters: 800, epoch: 2 | loss: 0.3188327
	speed: 0.8303s/iter; left time: 28182.8279s
	iters: 900, epoch: 2 | loss: 0.2517403
	speed: 0.8304s/iter; left time: 28101.5520s
	iters: 1000, epoch: 2 | loss: 0.2428437
	speed: 0.8305s/iter; left time: 28021.0765s
	iters: 1100, epoch: 2 | loss: 0.3174087
	speed: 0.8309s/iter; left time: 27952.5970s
	iters: 1200, epoch: 2 | loss: 0.2724852
	speed: 0.8304s/iter; left time: 27852.6273s
	iters: 1300, epoch: 2 | loss: 0.2766397
	speed: 0.8305s/iter; left time: 27771.2776s
	iters: 1400, epoch: 2 | loss: 0.2675712
	speed: 0.8300s/iter; left time: 27673.3369s
	iters: 1500, epoch: 2 | loss: 0.4200346
	speed: 0.8303s/iter; left time: 27598.8678s
	iters: 1600, epoch: 2 | loss: 0.2317970
	speed: 0.8310s/iter; left time: 27539.8280s
	iters: 1700, epoch: 2 | loss: 0.3364828
	speed: 0.8304s/iter; left time: 27437.0977s
	iters: 1800, epoch: 2 | loss: 0.2694531
	speed: 0.8311s/iter; left time: 27378.8449s
	iters: 1900, epoch: 2 | loss: 0.2931449
	speed: 0.8308s/iter; left time: 27285.8491s
	iters: 2000, epoch: 2 | loss: 0.2791797
	speed: 0.8310s/iter; left time: 27207.0852s
	iters: 2100, epoch: 2 | loss: 0.2555510
	speed: 0.8305s/iter; left time: 27108.2003s
	iters: 2200, epoch: 2 | loss: 0.3085889
	speed: 0.8303s/iter; left time: 27017.9320s
	iters: 2300, epoch: 2 | loss: 0.3116103
	speed: 0.8306s/iter; left time: 26945.2600s
	iters: 2400, epoch: 2 | loss: 0.2536554
	speed: 0.8303s/iter; left time: 26852.0261s
	iters: 2500, epoch: 2 | loss: 0.2480396
	speed: 0.8308s/iter; left time: 26786.1419s
	iters: 2600, epoch: 2 | loss: 0.2700129
	speed: 0.8303s/iter; left time: 26685.4945s
	iters: 2700, epoch: 2 | loss: 0.2839433
	speed: 0.8303s/iter; left time: 26604.0809s
	iters: 2800, epoch: 2 | loss: 0.2480021
	speed: 0.8304s/iter; left time: 26523.7991s
	iters: 2900, epoch: 2 | loss: 0.3186719
	speed: 0.8303s/iter; left time: 26437.8643s
	iters: 3000, epoch: 2 | loss: 0.2640536
	speed: 0.8305s/iter; left time: 26362.2162s
	iters: 3100, epoch: 2 | loss: 0.2684368
	speed: 0.8303s/iter; left time: 26270.6806s
	iters: 3200, epoch: 2 | loss: 0.2617199
	speed: 0.8302s/iter; left time: 26186.2365s
	iters: 3300, epoch: 2 | loss: 0.2637275
	speed: 0.8302s/iter; left time: 26102.4754s
	iters: 3400, epoch: 2 | loss: 0.2814753
	speed: 0.8305s/iter; left time: 26027.7528s
	iters: 3500, epoch: 2 | loss: 0.2979158
	speed: 0.8305s/iter; left time: 25946.4534s
	iters: 3600, epoch: 2 | loss: 0.2903604
	speed: 0.8323s/iter; left time: 25917.2820s
	iters: 3700, epoch: 2 | loss: 0.2695459
	speed: 0.8326s/iter; left time: 25844.7638s
	iters: 3800, epoch: 2 | loss: 0.2380470
	speed: 0.8321s/iter; left time: 25744.4807s
Epoch: 2 cost time: 3205.6739497184753
Epoch: 2, Steps: 3860 | Train Loss: 0.2772612 Vali Loss: 0.1341953 Test Loss: 0.1515138
Validation loss decreased (0.146320 --> 0.134195).  Saving model ...
Updating learning rate to 5e-05
	iters: 100, epoch: 3 | loss: 0.2548433
	speed: 6.4280s/iter; left time: 197861.5713s
	iters: 200, epoch: 3 | loss: 0.2278488
	speed: 0.8297s/iter; left time: 25456.4626s
	iters: 300, epoch: 3 | loss: 0.3805378
	speed: 0.8297s/iter; left time: 25372.2113s
	iters: 400, epoch: 3 | loss: 0.2087899
	speed: 0.8301s/iter; left time: 25302.8467s
	iters: 500, epoch: 3 | loss: 0.2246885
	speed: 0.8299s/iter; left time: 25214.5259s
	iters: 600, epoch: 3 | loss: 0.2304513
	speed: 0.8300s/iter; left time: 25132.8417s
	iters: 700, epoch: 3 | loss: 0.2484676
	speed: 0.8303s/iter; left time: 25060.3465s
	iters: 800, epoch: 3 | loss: 0.2935264
	speed: 0.8301s/iter; left time: 24970.3194s
	iters: 900, epoch: 3 | loss: 0.2231837
	speed: 0.8301s/iter; left time: 24888.5002s
	iters: 1000, epoch: 3 | loss: 0.1998569
	speed: 0.8303s/iter; left time: 24810.3012s
	iters: 1100, epoch: 3 | loss: 0.2239136
	speed: 0.8298s/iter; left time: 24712.4564s
	iters: 1200, epoch: 3 | loss: 0.2170136
	speed: 0.8299s/iter; left time: 24631.6022s
	iters: 1300, epoch: 3 | loss: 0.2337350
	speed: 0.8299s/iter; left time: 24549.3245s
	iters: 1400, epoch: 3 | loss: 0.2183972
	speed: 0.8299s/iter; left time: 24464.9036s
	iters: 1500, epoch: 3 | loss: 0.1994795
	speed: 0.8300s/iter; left time: 24385.5189s
	iters: 1600, epoch: 3 | loss: 0.2310781
	speed: 0.8302s/iter; left time: 24308.4733s
	iters: 1700, epoch: 3 | loss: 0.2453441
	speed: 0.8297s/iter; left time: 24212.5889s
	iters: 1800, epoch: 3 | loss: 0.1991102
	speed: 0.8304s/iter; left time: 24147.7827s
	iters: 1900, epoch: 3 | loss: 0.2497878
	speed: 0.8296s/iter; left time: 24041.8892s
	iters: 2000, epoch: 3 | loss: 0.2847651
	speed: 0.8297s/iter; left time: 23961.7714s
	iters: 2100, epoch: 3 | loss: 0.2463546
	speed: 0.8298s/iter; left time: 23882.8994s
	iters: 2200, epoch: 3 | loss: 0.2168449
	speed: 0.8297s/iter; left time: 23796.8897s
	iters: 2300, epoch: 3 | loss: 0.1927129
	speed: 0.8297s/iter; left time: 23714.3234s
	iters: 2400, epoch: 3 | loss: 0.2074959
	speed: 0.8293s/iter; left time: 23618.7796s
	iters: 2500, epoch: 3 | loss: 0.2304334
	speed: 0.8294s/iter; left time: 23539.0566s
	iters: 2600, epoch: 3 | loss: 0.1922456
	speed: 0.8296s/iter; left time: 23463.1956s
	iters: 2700, epoch: 3 | loss: 0.2138909
	speed: 0.8296s/iter; left time: 23378.0149s
	iters: 2800, epoch: 3 | loss: 0.2182940
	speed: 0.8295s/iter; left time: 23291.9673s
	iters: 2900, epoch: 3 | loss: 0.1849219
	speed: 0.8296s/iter; left time: 23212.8691s
	iters: 3000, epoch: 3 | loss: 0.3157615
	speed: 0.8295s/iter; left time: 23126.0031s
	iters: 3100, epoch: 3 | loss: 0.2102496
	speed: 0.8298s/iter; left time: 23052.3487s
	iters: 3200, epoch: 3 | loss: 0.2881303
	speed: 0.8294s/iter; left time: 22959.9906s
	iters: 3300, epoch: 3 | loss: 0.2384571
	speed: 0.8297s/iter; left time: 22885.2927s
	iters: 3400, epoch: 3 | loss: 0.3543959
	speed: 0.8307s/iter; left time: 22829.2063s
	iters: 3500, epoch: 3 | loss: 0.2611479
	speed: 0.8321s/iter; left time: 22784.1333s
	iters: 3600, epoch: 3 | loss: 0.2076428
	speed: 0.8307s/iter; left time: 22662.9709s
	iters: 3700, epoch: 3 | loss: 0.1984464
	speed: 0.8315s/iter; left time: 22601.0819s
	iters: 3800, epoch: 3 | loss: 0.2075845
	speed: 0.8326s/iter; left time: 22548.2562s
Epoch: 3 cost time: 3203.4509196281433
Epoch: 3, Steps: 3860 | Train Loss: 0.2378663 Vali Loss: 0.1228650 Test Loss: 0.1360954
Validation loss decreased (0.134195 --> 0.122865).  Saving model ...
Updating learning rate to 2.5e-05
	iters: 100, epoch: 4 | loss: 0.2249653
	speed: 9.1004s/iter; left time: 244991.6430s
	iters: 200, epoch: 4 | loss: 0.2019476
	speed: 0.8301s/iter; left time: 22265.2557s
	iters: 300, epoch: 4 | loss: 0.1883299
	speed: 0.8297s/iter; left time: 22170.7846s
	iters: 400, epoch: 4 | loss: 0.2115433
	speed: 0.8297s/iter; left time: 22087.1323s
	iters: 500, epoch: 4 | loss: 0.2008985
	speed: 0.8296s/iter; left time: 22001.7185s
	iters: 600, epoch: 4 | loss: 0.2048286
	speed: 0.8294s/iter; left time: 21913.8280s
	iters: 700, epoch: 4 | loss: 0.2208331
	speed: 0.8295s/iter; left time: 21832.7716s
	iters: 800, epoch: 4 | loss: 0.2187862
	speed: 0.8293s/iter; left time: 21745.9151s
	iters: 900, epoch: 4 | loss: 0.3365230
	speed: 0.8295s/iter; left time: 21667.8071s
	iters: 1000, epoch: 4 | loss: 0.1937124
	speed: 0.8292s/iter; left time: 21577.0798s
	iters: 1100, epoch: 4 | loss: 0.1888243
	speed: 0.8298s/iter; left time: 21508.1776s
	iters: 1200, epoch: 4 | loss: 0.1790197
	speed: 0.8306s/iter; left time: 21447.3410s
	iters: 1300, epoch: 4 | loss: 0.2445337
	speed: 0.8309s/iter; left time: 21371.4747s
	iters: 1400, epoch: 4 | loss: 0.1699952
	speed: 0.8299s/iter; left time: 21263.6407s
	iters: 1500, epoch: 4 | loss: 0.2465048
	speed: 0.8294s/iter; left time: 21167.2877s
	iters: 1600, epoch: 4 | loss: 0.1703368
	speed: 0.8294s/iter; left time: 21083.1813s
	iters: 1700, epoch: 4 | loss: 0.2130862
	speed: 0.8294s/iter; left time: 21001.7413s
	iters: 1800, epoch: 4 | loss: 0.2283681
	speed: 0.8294s/iter; left time: 20919.4949s
	iters: 1900, epoch: 4 | loss: 0.3409847
	speed: 0.8295s/iter; left time: 20838.1930s
	iters: 2000, epoch: 4 | loss: 0.2557437
	speed: 0.8294s/iter; left time: 20752.4104s
	iters: 2100, epoch: 4 | loss: 0.2542427
	speed: 0.8293s/iter; left time: 20666.9466s
	iters: 2200, epoch: 4 | loss: 0.2473287
	speed: 0.8295s/iter; left time: 20588.5547s
	iters: 2300, epoch: 4 | loss: 0.1943756
	speed: 0.8290s/iter; left time: 20494.2626s
	iters: 2400, epoch: 4 | loss: 0.1843264
	speed: 0.8295s/iter; left time: 20422.2590s
	iters: 2500, epoch: 4 | loss: 0.2078447
	speed: 0.8291s/iter; left time: 20331.5868s
	iters: 2600, epoch: 4 | loss: 0.1791710
	speed: 0.8295s/iter; left time: 20258.3573s
	iters: 2700, epoch: 4 | loss: 0.2059958
	speed: 0.8294s/iter; left time: 20172.6559s
	iters: 2800, epoch: 4 | loss: 0.2348179
	speed: 0.8295s/iter; left time: 20091.0654s
	iters: 2900, epoch: 4 | loss: 0.1843656
	speed: 0.8303s/iter; left time: 20027.2246s
	iters: 3000, epoch: 4 | loss: 0.2498396
	speed: 0.8301s/iter; left time: 19939.1518s
	iters: 3100, epoch: 4 | loss: 0.2498436
	speed: 0.8303s/iter; left time: 19860.6955s
	iters: 3200, epoch: 4 | loss: 0.1838101
	speed: 0.8323s/iter; left time: 19825.1440s
	iters: 3300, epoch: 4 | loss: 0.2020479
	speed: 0.8316s/iter; left time: 19725.2983s
	iters: 3400, epoch: 4 | loss: 0.2200768
	speed: 0.8314s/iter; left time: 19639.6409s
	iters: 3500, epoch: 4 | loss: 0.1776108
	speed: 0.8324s/iter; left time: 19578.9031s
	iters: 3600, epoch: 4 | loss: 0.2120487
	speed: 0.8313s/iter; left time: 19469.0045s
	iters: 3700, epoch: 4 | loss: 0.1850666
	speed: 0.8296s/iter; left time: 19347.3187s
	iters: 3800, epoch: 4 | loss: 0.2692724
	speed: 0.8301s/iter; left time: 19276.1494s
Epoch: 4 cost time: 3203.0802688598633
Epoch: 4, Steps: 3860 | Train Loss: 0.2176921 Vali Loss: 0.1144170 Test Loss: 0.1308634
Validation loss decreased (0.122865 --> 0.114417).  Saving model ...
Updating learning rate to 1.25e-05
	iters: 100, epoch: 5 | loss: 0.2809309
	speed: 6.3914s/iter; left time: 147393.0504s
	iters: 200, epoch: 5 | loss: 0.1934953
	speed: 0.8300s/iter; left time: 19057.9920s
	iters: 300, epoch: 5 | loss: 0.1583680
	speed: 0.8291s/iter; left time: 18954.7452s
	iters: 400, epoch: 5 | loss: 0.2155485
	speed: 0.8296s/iter; left time: 18882.6291s
	iters: 500, epoch: 5 | loss: 0.2473930
	speed: 0.8295s/iter; left time: 18798.4155s
	iters: 600, epoch: 5 | loss: 0.1879351
	speed: 0.8294s/iter; left time: 18713.1145s
	iters: 700, epoch: 5 | loss: 0.1987239
	speed: 0.8301s/iter; left time: 18645.0079s
	iters: 800, epoch: 5 | loss: 0.2694367
	speed: 0.8300s/iter; left time: 18559.1450s
	iters: 900, epoch: 5 | loss: 0.2619759
	speed: 0.8297s/iter; left time: 18470.6658s
	iters: 1000, epoch: 5 | loss: 0.1650530
	speed: 0.8300s/iter; left time: 18394.0568s
	iters: 1100, epoch: 5 | loss: 0.3573073
	speed: 0.8307s/iter; left time: 18325.6037s
	iters: 1200, epoch: 5 | loss: 0.1899321
	speed: 0.8301s/iter; left time: 18228.8724s
	iters: 1300, epoch: 5 | loss: 0.1849613
	speed: 0.8296s/iter; left time: 18136.2238s
	iters: 1400, epoch: 5 | loss: 0.1723809
	speed: 0.8293s/iter; left time: 18046.3296s
	iters: 1500, epoch: 5 | loss: 0.1699660
	speed: 0.8297s/iter; left time: 17971.1508s
	iters: 1600, epoch: 5 | loss: 0.2356691
	speed: 0.8293s/iter; left time: 17881.6086s
	iters: 1700, epoch: 5 | loss: 0.1860154
	speed: 0.8299s/iter; left time: 17810.2287s
	iters: 1800, epoch: 5 | loss: 0.2071768
	speed: 0.8293s/iter; left time: 17715.1210s
	iters: 1900, epoch: 5 | loss: 0.2025108
	speed: 0.8293s/iter; left time: 17632.0426s
	iters: 2000, epoch: 5 | loss: 0.2160220
	speed: 0.8296s/iter; left time: 17555.9948s
	iters: 2100, epoch: 5 | loss: 0.1856159
	speed: 0.8295s/iter; left time: 17470.0449s
	iters: 2200, epoch: 5 | loss: 0.1972303
	speed: 0.8298s/iter; left time: 17394.2714s
	iters: 2300, epoch: 5 | loss: 0.1793104
	speed: 0.8297s/iter; left time: 17308.8630s
	iters: 2400, epoch: 5 | loss: 0.2247638
	speed: 0.8293s/iter; left time: 17216.5413s
	iters: 2500, epoch: 5 | loss: 0.1811161
	speed: 0.8294s/iter; left time: 17135.9338s
	iters: 2600, epoch: 5 | loss: 0.2046766
	speed: 0.8296s/iter; left time: 17057.8508s
	iters: 2700, epoch: 5 | loss: 0.2149261
	speed: 0.8301s/iter; left time: 16983.8438s
	iters: 2800, epoch: 5 | loss: 0.2112486
	speed: 0.8303s/iter; left time: 16904.8896s
	iters: 2900, epoch: 5 | loss: 0.2032542
	speed: 0.8320s/iter; left time: 16856.6320s
	iters: 3000, epoch: 5 | loss: 0.2536519
	speed: 0.8313s/iter; left time: 16759.2819s
	iters: 3100, epoch: 5 | loss: 0.2179747
	speed: 0.8318s/iter; left time: 16686.5879s
	iters: 3200, epoch: 5 | loss: 0.2287177
	speed: 0.8314s/iter; left time: 16596.4963s
	iters: 3300, epoch: 5 | loss: 0.1788305
	speed: 0.8315s/iter; left time: 16515.3024s
	iters: 3400, epoch: 5 | loss: 0.2179284
	speed: 0.8318s/iter; left time: 16437.7727s
	iters: 3500, epoch: 5 | loss: 0.1569856
	speed: 0.8313s/iter; left time: 16344.0338s
	iters: 3600, epoch: 5 | loss: 0.2229492
	speed: 0.8307s/iter; left time: 16249.3450s
	iters: 3700, epoch: 5 | loss: 0.1906414
	speed: 0.8299s/iter; left time: 16149.8831s
	iters: 3800, epoch: 5 | loss: 0.2023578
	speed: 0.8299s/iter; left time: 16066.7602s
Epoch: 5 cost time: 3203.5167322158813
Epoch: 5, Steps: 3860 | Train Loss: 0.2090190 Vali Loss: 0.1116933 Test Loss: 0.1296736
Validation loss decreased (0.114417 --> 0.111693).  Saving model ...
Updating learning rate to 6.25e-06
	iters: 100, epoch: 6 | loss: 0.1640354
	speed: 6.3778s/iter; left time: 122459.6931s
	iters: 200, epoch: 6 | loss: 0.1793210
	speed: 0.8300s/iter; left time: 15853.4451s
	iters: 300, epoch: 6 | loss: 0.1952242
	speed: 0.8297s/iter; left time: 15765.6055s
	iters: 400, epoch: 6 | loss: 0.1973765
	speed: 0.8299s/iter; left time: 15685.2569s
	iters: 500, epoch: 6 | loss: 0.3689096
	speed: 0.8296s/iter; left time: 15596.8044s
	iters: 600, epoch: 6 | loss: 0.1959646
	speed: 0.8299s/iter; left time: 15519.4414s
	iters: 700, epoch: 6 | loss: 0.2265549
	speed: 0.8305s/iter; left time: 15448.4888s
	iters: 800, epoch: 6 | loss: 0.1938665
	speed: 0.8300s/iter; left time: 15356.5188s
	iters: 900, epoch: 6 | loss: 0.1808194
	speed: 0.8300s/iter; left time: 15272.5721s
	iters: 1000, epoch: 6 | loss: 0.1759615
	speed: 0.8301s/iter; left time: 15191.2335s
	iters: 1100, epoch: 6 | loss: 0.2208521
	speed: 0.8298s/iter; left time: 15102.8076s
	iters: 1200, epoch: 6 | loss: 0.2093955
	speed: 0.8305s/iter; left time: 15032.2222s
	iters: 1300, epoch: 6 | loss: 0.2020558
	speed: 0.8305s/iter; left time: 14949.8472s
	iters: 1400, epoch: 6 | loss: 0.1904682
	speed: 0.8307s/iter; left time: 14869.4987s
	iters: 1500, epoch: 6 | loss: 0.1930430
	speed: 0.8298s/iter; left time: 14770.9773s
	iters: 1600, epoch: 6 | loss: 0.1935250
	speed: 0.8293s/iter; left time: 14679.9721s
	iters: 1700, epoch: 6 | loss: 0.1905323
	speed: 0.8296s/iter; left time: 14601.6402s
	iters: 1800, epoch: 6 | loss: 0.1789640
	speed: 0.8296s/iter; left time: 14519.0539s
	iters: 1900, epoch: 6 | loss: 0.1717668
	speed: 0.8299s/iter; left time: 14440.3002s
	iters: 2000, epoch: 6 | loss: 0.2380758
	speed: 0.8298s/iter; left time: 14356.7092s
	iters: 2100, epoch: 6 | loss: 0.1816592
	speed: 0.8299s/iter; left time: 14274.3781s
	iters: 2200, epoch: 6 | loss: 0.1642579
	speed: 0.8299s/iter; left time: 14191.8254s
	iters: 2300, epoch: 6 | loss: 0.1793600
	speed: 0.8301s/iter; left time: 14112.1351s
	iters: 2400, epoch: 6 | loss: 0.1818690
	speed: 0.8300s/iter; left time: 14027.6963s
	iters: 2500, epoch: 6 | loss: 0.2010567
	speed: 0.8300s/iter; left time: 13944.9504s
	iters: 2600, epoch: 6 | loss: 0.1885213
	speed: 0.8300s/iter; left time: 13861.1811s
	iters: 2700, epoch: 6 | loss: 0.1971488
	speed: 0.8317s/iter; left time: 13807.0915s
	iters: 2800, epoch: 6 | loss: 0.1907546
	speed: 0.8320s/iter; left time: 13729.5896s
	iters: 2900, epoch: 6 | loss: 0.1725149
	speed: 0.8325s/iter; left time: 13653.0599s
	iters: 3000, epoch: 6 | loss: 0.2305092
	speed: 0.8314s/iter; left time: 13552.2698s
	iters: 3100, epoch: 6 | loss: 0.1970762
	speed: 0.8322s/iter; left time: 13482.7147s
	iters: 3200, epoch: 6 | loss: 0.2180702
	speed: 0.8311s/iter; left time: 13382.1835s
	iters: 3300, epoch: 6 | loss: 0.1944710
	speed: 0.8312s/iter; left time: 13299.8489s
	iters: 3400, epoch: 6 | loss: 0.2405510
	speed: 0.8299s/iter; left time: 13196.0602s
	iters: 3500, epoch: 6 | loss: 0.1845055
	speed: 0.8300s/iter; left time: 13115.5439s
	iters: 3600, epoch: 6 | loss: 0.1784053
	speed: 0.8304s/iter; left time: 13038.1734s
	iters: 3700, epoch: 6 | loss: 0.1783999
	speed: 0.8291s/iter; left time: 12934.7127s
	iters: 3800, epoch: 6 | loss: 0.2542226
	speed: 0.8296s/iter; left time: 12859.4066s
Epoch: 6 cost time: 3204.1838710308075
Epoch: 6, Steps: 3860 | Train Loss: 0.2048280 Vali Loss: 0.1125597 Test Loss: 0.1302542
EarlyStopping counter: 1 out of 3
Updating learning rate to 3.125e-06
	iters: 100, epoch: 7 | loss: 0.2008299
	speed: 6.3726s/iter; left time: 97761.5799s
	iters: 200, epoch: 7 | loss: 0.1786003
	speed: 0.8295s/iter; left time: 12642.8877s
	iters: 300, epoch: 7 | loss: 0.1643709
	speed: 0.8295s/iter; left time: 12559.1824s
	iters: 400, epoch: 7 | loss: 0.1891438
	speed: 0.8299s/iter; left time: 12483.2610s
	iters: 500, epoch: 7 | loss: 0.1584671
	speed: 0.8299s/iter; left time: 12399.9316s
	iters: 600, epoch: 7 | loss: 0.1887241
	speed: 0.8307s/iter; left time: 12328.8227s
	iters: 700, epoch: 7 | loss: 0.1974149
	speed: 0.8303s/iter; left time: 12238.8966s
	iters: 800, epoch: 7 | loss: 0.3293931
	speed: 0.8301s/iter; left time: 12153.5533s
	iters: 900, epoch: 7 | loss: 0.2235112
	speed: 0.8299s/iter; left time: 12066.8893s
	iters: 1000, epoch: 7 | loss: 0.2222112
	speed: 0.8302s/iter; left time: 11989.0268s
	iters: 1100, epoch: 7 | loss: 0.1832859
	speed: 0.8307s/iter; left time: 11913.5805s
	iters: 1200, epoch: 7 | loss: 0.1565229
	speed: 0.8303s/iter; left time: 11824.9145s
	iters: 1300, epoch: 7 | loss: 0.2439153
	speed: 0.8303s/iter; left time: 11740.9123s
	iters: 1400, epoch: 7 | loss: 0.2203155
	speed: 0.8296s/iter; left time: 11648.5193s
	iters: 1500, epoch: 7 | loss: 0.2080856
	speed: 0.8299s/iter; left time: 11569.9021s
	iters: 1600, epoch: 7 | loss: 0.1989304
	speed: 0.8308s/iter; left time: 11498.5838s
	iters: 1700, epoch: 7 | loss: 0.1831819
	speed: 0.8301s/iter; left time: 11406.9504s
	iters: 1800, epoch: 7 | loss: 0.2370450
	speed: 0.8297s/iter; left time: 11318.2594s
	iters: 1900, epoch: 7 | loss: 0.1819873
	speed: 0.8297s/iter; left time: 11234.6752s
	iters: 2000, epoch: 7 | loss: 0.1889830
	speed: 0.8299s/iter; left time: 11155.2692s
	iters: 2100, epoch: 7 | loss: 0.1948071
	speed: 0.8300s/iter; left time: 11073.6315s
	iters: 2200, epoch: 7 | loss: 0.1755379
	speed: 0.8301s/iter; left time: 10991.9729s
	iters: 2300, epoch: 7 | loss: 0.1923702
	speed: 0.8301s/iter; left time: 10908.3310s
	iters: 2400, epoch: 7 | loss: 0.1869635
	speed: 0.8305s/iter; left time: 10830.1259s
	iters: 2500, epoch: 7 | loss: 0.2420432
	speed: 0.8309s/iter; left time: 10752.7062s
	iters: 2600, epoch: 7 | loss: 0.1911771
	speed: 0.8313s/iter; left time: 10674.0978s
	iters: 2700, epoch: 7 | loss: 0.1904356
	speed: 0.8321s/iter; left time: 10601.9251s
	iters: 2800, epoch: 7 | loss: 0.2533039
	speed: 0.8310s/iter; left time: 10504.6089s
	iters: 2900, epoch: 7 | loss: 0.2155579
	speed: 0.8311s/iter; left time: 10422.8762s
	iters: 3000, epoch: 7 | loss: 0.2029785
	speed: 0.8316s/iter; left time: 10345.9750s
	iters: 3100, epoch: 7 | loss: 0.2133372
	speed: 0.8306s/iter; left time: 10250.4939s
	iters: 3200, epoch: 7 | loss: 0.2167762
	speed: 0.8305s/iter; left time: 10165.6727s
	iters: 3300, epoch: 7 | loss: 0.3190547
	speed: 0.8308s/iter; left time: 10086.7116s
	iters: 3400, epoch: 7 | loss: 0.2307701
	speed: 0.8310s/iter; left time: 10006.4289s
	iters: 3500, epoch: 7 | loss: 0.2130698
	speed: 0.8295s/iter; left time: 9905.6328s
	iters: 3600, epoch: 7 | loss: 0.1973947
	speed: 0.8298s/iter; left time: 9826.1658s
	iters: 3700, epoch: 7 | loss: 0.1931698
	speed: 0.8299s/iter; left time: 9743.4390s
	iters: 3800, epoch: 7 | loss: 0.1944792
	speed: 0.8295s/iter; left time: 9656.2035s
Epoch: 7 cost time: 3204.3081817626953
Epoch: 7, Steps: 3860 | Train Loss: 0.2027485 Vali Loss: 0.1113794 Test Loss: 0.1302146
Validation loss decreased (0.111693 --> 0.111379).  Saving model ...
Updating learning rate to 1.5625e-06
	iters: 100, epoch: 8 | loss: 0.1822042
	speed: 6.3717s/iter; left time: 73153.4837s
	iters: 200, epoch: 8 | loss: 0.1835660
	speed: 0.8302s/iter; left time: 9448.8073s
	iters: 300, epoch: 8 | loss: 0.1805194
	speed: 0.8294s/iter; left time: 9356.7081s
	iters: 400, epoch: 8 | loss: 0.1766554
	speed: 0.8296s/iter; left time: 9275.3460s
	iters: 500, epoch: 8 | loss: 0.1840541
	speed: 0.8297s/iter; left time: 9193.5243s
	iters: 600, epoch: 8 | loss: 0.2231713
	speed: 0.8302s/iter; left time: 9116.8225s
	iters: 700, epoch: 8 | loss: 0.1756458
	speed: 0.8303s/iter; left time: 9034.9463s
	iters: 800, epoch: 8 | loss: 0.3085243
	speed: 0.8303s/iter; left time: 8951.9332s
	iters: 900, epoch: 8 | loss: 0.2177933
	speed: 0.8299s/iter; left time: 8863.9330s
	iters: 1000, epoch: 8 | loss: 0.1758691
	speed: 0.8302s/iter; left time: 8784.5876s
	iters: 1100, epoch: 8 | loss: 0.1843911
	speed: 0.8310s/iter; left time: 8709.6026s
	iters: 1200, epoch: 8 | loss: 0.1799983
	speed: 0.8307s/iter; left time: 8623.0787s
	iters: 1300, epoch: 8 | loss: 0.1935106
	speed: 0.8306s/iter; left time: 8539.7273s
	iters: 1400, epoch: 8 | loss: 0.1845175
	speed: 0.8295s/iter; left time: 8445.5006s
	iters: 1500, epoch: 8 | loss: 0.1598872
	speed: 0.8298s/iter; left time: 8365.6575s
	iters: 1600, epoch: 8 | loss: 0.2029867
	speed: 0.8296s/iter; left time: 8279.7718s
	iters: 1700, epoch: 8 | loss: 0.1768332
	speed: 0.8301s/iter; left time: 8201.8459s
	iters: 1800, epoch: 8 | loss: 0.1635173
	speed: 0.8300s/iter; left time: 8117.8160s
	iters: 1900, epoch: 8 | loss: 0.1869147
	speed: 0.8299s/iter; left time: 8034.1876s
	iters: 2000, epoch: 8 | loss: 0.1603845
	speed: 0.8302s/iter; left time: 7953.9405s
	iters: 2100, epoch: 8 | loss: 0.2062247
	speed: 0.8301s/iter; left time: 7870.2303s
	iters: 2200, epoch: 8 | loss: 0.1675400
	speed: 0.8298s/iter; left time: 7783.9276s
	iters: 2300, epoch: 8 | loss: 0.1944137
	speed: 0.8309s/iter; left time: 7711.3350s
	iters: 2400, epoch: 8 | loss: 0.1742119
	speed: 0.8306s/iter; left time: 7626.1743s
	iters: 2500, epoch: 8 | loss: 0.2730415
	speed: 0.8317s/iter; left time: 7552.2538s
	iters: 2600, epoch: 8 | loss: 0.2233001
	speed: 0.8303s/iter; left time: 7457.3217s
	iters: 2700, epoch: 8 | loss: 0.2462614
	speed: 0.8306s/iter; left time: 7376.1250s
	iters: 2800, epoch: 8 | loss: 0.2797449
	speed: 0.8310s/iter; left time: 7297.1858s
	iters: 2900, epoch: 8 | loss: 0.2569725
	speed: 0.8309s/iter; left time: 7213.0028s
	iters: 3000, epoch: 8 | loss: 0.1935102
	speed: 0.8309s/iter; left time: 7129.5908s
	iters: 3100, epoch: 8 | loss: 0.2159736
	speed: 0.8300s/iter; left time: 7038.8391s
	iters: 3200, epoch: 8 | loss: 0.1612913
	speed: 0.8302s/iter; left time: 6957.7780s
	iters: 3300, epoch: 8 | loss: 0.1947716
	speed: 0.8297s/iter; left time: 6870.8647s
	iters: 3400, epoch: 8 | loss: 0.1593935
	speed: 0.8304s/iter; left time: 6793.4299s
	iters: 3500, epoch: 8 | loss: 0.2284803
	speed: 0.8305s/iter; left time: 6711.2330s
	iters: 3600, epoch: 8 | loss: 0.1707882
	speed: 0.8306s/iter; left time: 6628.7725s
	iters: 3700, epoch: 8 | loss: 0.2772320
	speed: 0.8297s/iter; left time: 6539.1223s
	iters: 3800, epoch: 8 | loss: 0.1850934
	speed: 0.8301s/iter; left time: 6459.1403s
Epoch: 8 cost time: 3204.084281206131
Epoch: 8, Steps: 3860 | Train Loss: 0.2016934 Vali Loss: 0.1108087 Test Loss: 0.1294929
Validation loss decreased (0.111379 --> 0.110809).  Saving model ...
Updating learning rate to 7.8125e-07
	iters: 100, epoch: 9 | loss: 0.2268905
	speed: 6.3764s/iter; left time: 48594.7316s
	iters: 200, epoch: 9 | loss: 0.1812971
	speed: 0.8298s/iter; left time: 6240.7198s
	iters: 300, epoch: 9 | loss: 0.1997947
	speed: 0.8295s/iter; left time: 6155.5073s
	iters: 400, epoch: 9 | loss: 0.1905654
	speed: 0.8297s/iter; left time: 6074.4668s
	iters: 500, epoch: 9 | loss: 0.1808749
	speed: 0.8297s/iter; left time: 5991.0111s
	iters: 600, epoch: 9 | loss: 0.1826181
	speed: 0.8302s/iter; left time: 5911.6226s
	iters: 700, epoch: 9 | loss: 0.1868916
	speed: 0.8299s/iter; left time: 5826.9363s
	iters: 800, epoch: 9 | loss: 0.1944884
	speed: 0.8306s/iter; left time: 5748.9085s
	iters: 900, epoch: 9 | loss: 0.2635943
	speed: 0.8298s/iter; left time: 5660.1966s
	iters: 1000, epoch: 9 | loss: 0.2065412
	speed: 0.8298s/iter; left time: 5577.2702s
	iters: 1100, epoch: 9 | loss: 0.2115707
	speed: 0.8301s/iter; left time: 5495.8487s
	iters: 1200, epoch: 9 | loss: 0.1712579
	speed: 0.8301s/iter; left time: 5413.2878s
	iters: 1300, epoch: 9 | loss: 0.1826634
	speed: 0.8302s/iter; left time: 5330.8479s
	iters: 1400, epoch: 9 | loss: 0.1516090
	speed: 0.8293s/iter; left time: 5242.0978s
	iters: 1500, epoch: 9 | loss: 0.1725522
	speed: 0.8301s/iter; left time: 5164.2883s
	iters: 1600, epoch: 9 | loss: 0.1894038
	speed: 0.8299s/iter; left time: 5079.9212s
	iters: 1700, epoch: 9 | loss: 0.1838158
	speed: 0.8296s/iter; left time: 4995.0607s
	iters: 1800, epoch: 9 | loss: 0.1962407
	speed: 0.8298s/iter; left time: 4913.0996s
	iters: 1900, epoch: 9 | loss: 0.1888383
	speed: 0.8303s/iter; left time: 4833.1077s
	iters: 2000, epoch: 9 | loss: 0.3216099
	speed: 0.8298s/iter; left time: 4747.4451s
	iters: 2100, epoch: 9 | loss: 0.3029874
	speed: 0.8303s/iter; left time: 4667.1026s
	iters: 2200, epoch: 9 | loss: 0.1565299
	speed: 0.8312s/iter; left time: 4589.1440s
	iters: 2300, epoch: 9 | loss: 0.2494748
	speed: 0.8312s/iter; left time: 4506.0763s
	iters: 2400, epoch: 9 | loss: 0.1843695
	speed: 0.8312s/iter; left time: 4422.7302s
	iters: 2500, epoch: 9 | loss: 0.1704346
	speed: 0.8308s/iter; left time: 4337.6518s
	iters: 2600, epoch: 9 | loss: 0.2037821
	speed: 0.8306s/iter; left time: 4253.6842s
	iters: 2700, epoch: 9 | loss: 0.2199108
	speed: 0.8301s/iter; left time: 4168.0381s
	iters: 2800, epoch: 9 | loss: 0.1775702
	speed: 0.8303s/iter; left time: 4085.8081s
	iters: 2900, epoch: 9 | loss: 0.1596218
	speed: 0.8304s/iter; left time: 4003.2313s
	iters: 3000, epoch: 9 | loss: 0.1719828
	speed: 0.8305s/iter; left time: 3920.7643s
	iters: 3100, epoch: 9 | loss: 0.1652922
	speed: 0.8299s/iter; left time: 3835.0441s
	iters: 3200, epoch: 9 | loss: 0.3470390
	speed: 0.8296s/iter; left time: 3750.5970s
	iters: 3300, epoch: 9 | loss: 0.2308242
	speed: 0.8302s/iter; left time: 3670.2852s
	iters: 3400, epoch: 9 | loss: 0.2115121
	speed: 0.8303s/iter; left time: 3587.9160s
	iters: 3500, epoch: 9 | loss: 0.1843751
	speed: 0.8299s/iter; left time: 3503.1112s
	iters: 3600, epoch: 9 | loss: 0.1958784
	speed: 0.8298s/iter; left time: 3419.6341s
	iters: 3700, epoch: 9 | loss: 0.3023435
	speed: 0.8300s/iter; left time: 3337.3253s
	iters: 3800, epoch: 9 | loss: 0.1715172
	speed: 0.8295s/iter; left time: 3252.3696s
Epoch: 9 cost time: 3203.6385679244995
Epoch: 9, Steps: 3860 | Train Loss: 0.2011284 Vali Loss: 0.1109927 Test Loss: 0.1294836
EarlyStopping counter: 1 out of 3
Updating learning rate to 3.90625e-07
	iters: 100, epoch: 10 | loss: 0.1893594
	speed: 6.7714s/iter; left time: 25467.1215s
	iters: 200, epoch: 10 | loss: 0.1880528
	speed: 0.9266s/iter; left time: 3392.2755s
	iters: 300, epoch: 10 | loss: 0.2051506
	speed: 1.0962s/iter; left time: 3903.5660s
	iters: 400, epoch: 10 | loss: 0.1715292
	speed: 0.9622s/iter; left time: 3330.0155s
	iters: 500, epoch: 10 | loss: 0.1922699
	speed: 0.9695s/iter; left time: 3258.6259s
	iters: 600, epoch: 10 | loss: 0.2117331
	speed: 1.0917s/iter; left time: 3559.9511s
	iters: 700, epoch: 10 | loss: 0.1679733
	speed: 0.9203s/iter; left time: 2909.0674s
	iters: 800, epoch: 10 | loss: 0.2009985
	speed: 1.0132s/iter; left time: 3101.3112s
	iters: 900, epoch: 10 | loss: 0.1999026
	speed: 1.0585s/iter; left time: 3134.1356s
	iters: 1000, epoch: 10 | loss: 0.1899002
	speed: 0.9109s/iter; left time: 2606.2238s
	iters: 1100, epoch: 10 | loss: 0.1774538
	speed: 1.0502s/iter; left time: 2899.6012s
	iters: 1200, epoch: 10 | loss: 0.2392709
	speed: 1.0208s/iter; left time: 2716.4157s
	iters: 1300, epoch: 10 | loss: 0.1818947
	speed: 0.9190s/iter; left time: 2353.5269s
	iters: 1400, epoch: 10 | loss: 0.2012897
	speed: 1.0894s/iter; left time: 2680.9830s
	iters: 1500, epoch: 10 | loss: 0.1724372
	speed: 0.9720s/iter; left time: 2294.9568s
	iters: 1600, epoch: 10 | loss: 0.1824892
	speed: 0.9544s/iter; left time: 2157.9324s
	iters: 1700, epoch: 10 | loss: 0.3434705
	speed: 1.0848s/iter; left time: 2344.3000s
	iters: 1800, epoch: 10 | loss: 0.1939683
	speed: 0.9434s/iter; left time: 1944.4147s
	iters: 1900, epoch: 10 | loss: 0.1999884
	speed: 1.0111s/iter; left time: 1982.8078s
	iters: 2000, epoch: 10 | loss: 0.1960114
	speed: 1.0654s/iter; left time: 1982.7252s
	iters: 2100, epoch: 10 | loss: 0.1976750
	speed: 0.9092s/iter; left time: 1601.1731s
	iters: 2200, epoch: 10 | loss: 0.2002347
	speed: 1.0282s/iter; left time: 1707.7613s
	iters: 2300, epoch: 10 | loss: 0.1668428
	speed: 1.0296s/iter; left time: 1607.1955s
	iters: 2400, epoch: 10 | loss: 0.1776896
	speed: 0.9079s/iter; left time: 1326.4064s
	iters: 2500, epoch: 10 | loss: 0.2163371
	speed: 1.0018s/iter; left time: 1363.5098s
	iters: 2600, epoch: 10 | loss: 0.1617275
	speed: 1.0583s/iter; left time: 1334.5221s
	iters: 2700, epoch: 10 | loss: 0.1929177
	speed: 0.9017s/iter; left time: 1046.8960s
	iters: 2800, epoch: 10 | loss: 0.2164641
	speed: 0.8980s/iter; left time: 952.8131s
	iters: 2900, epoch: 10 | loss: 0.1927143
	speed: 0.8987s/iter; left time: 863.6692s
	iters: 3000, epoch: 10 | loss: 0.2538202
	speed: 1.1888s/iter; left time: 1023.5722s
	iters: 3100, epoch: 10 | loss: 0.1764785
	speed: 1.1092s/iter; left time: 844.0854s
	iters: 3200, epoch: 10 | loss: 0.1845651
	speed: 1.0294s/iter; left time: 680.4514s
	iters: 3300, epoch: 10 | loss: 0.1757212
	speed: 1.1895s/iter; left time: 667.3259s
	iters: 3400, epoch: 10 | loss: 0.1606442
	speed: 1.0348s/iter; left time: 477.0208s
	iters: 3500, epoch: 10 | loss: 0.1535026
	speed: 1.1065s/iter; left time: 399.4310s
	iters: 3600, epoch: 10 | loss: 0.1855766
	speed: 1.1616s/iter; left time: 303.1733s
	iters: 3700, epoch: 10 | loss: 0.1926595
	speed: 1.0178s/iter; left time: 163.8664s
	iters: 3800, epoch: 10 | loss: 0.1730769
	speed: 1.1575s/iter; left time: 70.6092s
Epoch: 10 cost time: 3930.424310684204
Epoch: 10, Steps: 3860 | Train Loss: 0.2008461 Vali Loss: 0.1108145 Test Loss: 0.1292302
EarlyStopping counter: 2 out of 3
Updating learning rate to 1.953125e-07
>>>>>>>testing : long_term_forecast_MECH_electricity_PTG_denbias_2880_s2021_PatchTSTGated_custom_ftM_sl2880_ll48_pl96_dm512_nh8_el2_dl1_df2048_expand2_dc4_fc3_ebtimeF_dtTrue_Exp_0<<<<<<<<<<<<<<<<<<<<<<<<<<<<<<<<<
test 5165
test shape: (5165, 96, 321) (5165, 96, 321)
test shape: (5165, 96, 321) (5165, 96, 321)
mse:0.12945936620235443, mae:0.22454313933849335, dtw:Not calculated
