Using GPU
Args in experiment:
[1mBasic Config[0m
  Task Name:          long_term_forecast  Is Training:        1                   
  Model ID:           MECH_electricity_PTG_recmask_2880_s2022Model:              PatchTSTGated       

[1mData Loader[0m
  Data:               custom              Root Path:          ./dataset/electricity/
  Data Path:          electricity.csv     Features:           M                   
  Target:             OT                  Freq:               h                   
  Checkpoints:        ./checkpoints/      

[1mForecasting Task[0m
  Seq Len:            2880                Label Len:          48                  
  Pred Len:           96                  Seasonal Patterns:  Monthly             
  Inverse:            0                   

[1mModel Parameters[0m
  Top k:              5                   Num Kernels:        6                   
  Enc In:             321                 Dec In:             321                 
  C Out:              321                 d model:            512                 
  n heads:            8                   e layers:           2                   
  d layers:           1                   d FF:               2048                
  Moving Avg:         25                  Factor:             3                   
  Distil:             1                   Dropout:            0.1                 
  Embed:              timeF               Activation:         gelu                

[1mRun Parameters[0m
  Num Workers:        4                   Itr:                1                   
  Train Epochs:       10                  Batch Size:         4                   
  Patience:           3                   Learning Rate:      0.0001              
  Des:                Exp                 Loss:               MSE                 
  Lradj:              type1               Use Amp:            0                   

[1mGPU[0m
  Use GPU:            1                   GPU:                0                   
  Use Multi GPU:      0                   Devices:            0,1,2,3             

[1mDe-stationary Projector Params[0m
  P Hidden Dims:      128, 128            P Hidden Layers:    2                   

Use GPU: cuda:0
🚀 Lazy Loading: PatchTSTGated ...
>>>>>>>start training : long_term_forecast_MECH_electricity_PTG_recmask_2880_s2022_PatchTSTGated_custom_ftM_sl2880_ll48_pl96_dm512_nh8_el2_dl1_df2048_expand2_dc4_fc3_ebtimeF_dtTrue_Exp_0>>>>>>>>>>>>>>>>>>>>>>>>>>
train 15437
val 2537
test 5165
	iters: 100, epoch: 1 | loss: 0.5677643
	speed: 0.8214s/iter; left time: 31623.3768s
	iters: 200, epoch: 1 | loss: 0.6062558
	speed: 0.7947s/iter; left time: 30517.4448s
	iters: 300, epoch: 1 | loss: 0.5085555
	speed: 0.7954s/iter; left time: 30462.9384s
	iters: 400, epoch: 1 | loss: 0.4634003
	speed: 0.7951s/iter; left time: 30373.6102s
	iters: 500, epoch: 1 | loss: 0.4763404
	speed: 0.7952s/iter; left time: 30297.2472s
	iters: 600, epoch: 1 | loss: 0.5404648
	speed: 0.7948s/iter; left time: 30202.7338s
	iters: 700, epoch: 1 | loss: 0.4559413
	speed: 0.7953s/iter; left time: 30143.8062s
	iters: 800, epoch: 1 | loss: 0.3927788
	speed: 0.7951s/iter; left time: 30055.7418s
	iters: 900, epoch: 1 | loss: 0.4363554
	speed: 0.7949s/iter; left time: 29970.1558s
	iters: 1000, epoch: 1 | loss: 0.4405424
	speed: 0.7950s/iter; left time: 29891.2553s
	iters: 1100, epoch: 1 | loss: 0.3897878
	speed: 0.7946s/iter; left time: 29797.3867s
	iters: 1200, epoch: 1 | loss: 0.3178944
	speed: 0.7952s/iter; left time: 29742.7231s
	iters: 1300, epoch: 1 | loss: 0.2903002
	speed: 0.7947s/iter; left time: 29643.9032s
	iters: 1400, epoch: 1 | loss: 0.4062135
	speed: 0.7950s/iter; left time: 29573.5001s
	iters: 1500, epoch: 1 | loss: 0.2402281
	speed: 0.7949s/iter; left time: 29493.4399s
	iters: 1600, epoch: 1 | loss: 0.2682318
	speed: 0.7949s/iter; left time: 29413.4955s
	iters: 1700, epoch: 1 | loss: 0.2915169
	speed: 0.7956s/iter; left time: 29360.1166s
	iters: 1800, epoch: 1 | loss: 0.2642078
	speed: 0.7951s/iter; left time: 29260.4868s
	iters: 1900, epoch: 1 | loss: 0.2301755
	speed: 0.7951s/iter; left time: 29182.4165s
	iters: 2000, epoch: 1 | loss: 0.2491941
	speed: 0.7952s/iter; left time: 29106.8102s
	iters: 2100, epoch: 1 | loss: 0.2381021
	speed: 0.7959s/iter; left time: 29049.4430s
	iters: 2200, epoch: 1 | loss: 0.2451681
	speed: 0.7957s/iter; left time: 28965.7083s
	iters: 2300, epoch: 1 | loss: 0.2769273
	speed: 0.7957s/iter; left time: 28885.2571s
	iters: 2400, epoch: 1 | loss: 0.2407401
	speed: 0.7950s/iter; left time: 28781.3818s
	iters: 2500, epoch: 1 | loss: 0.2354424
	speed: 0.7952s/iter; left time: 28708.2811s
	iters: 2600, epoch: 1 | loss: 0.2830430
	speed: 0.7952s/iter; left time: 28627.0167s
	iters: 2700, epoch: 1 | loss: 0.3245574
	speed: 0.7956s/iter; left time: 28562.1665s
	iters: 2800, epoch: 1 | loss: 0.2373289
	speed: 0.7951s/iter; left time: 28465.5747s
	iters: 2900, epoch: 1 | loss: 0.2713028
	speed: 0.7950s/iter; left time: 28381.7383s
	iters: 3000, epoch: 1 | loss: 0.3869416
	speed: 0.7954s/iter; left time: 28318.4059s
	iters: 3100, epoch: 1 | loss: 0.2368000
	speed: 0.7961s/iter; left time: 28263.4254s
	iters: 3200, epoch: 1 | loss: 0.5299715
	speed: 0.7955s/iter; left time: 28161.3114s
	iters: 3300, epoch: 1 | loss: 0.2561439
	speed: 0.7949s/iter; left time: 28060.2209s
	iters: 3400, epoch: 1 | loss: 0.2376099
	speed: 0.7950s/iter; left time: 27984.7815s
	iters: 3500, epoch: 1 | loss: 0.2266811
	speed: 0.7951s/iter; left time: 27909.8415s
	iters: 3600, epoch: 1 | loss: 0.2671347
	speed: 0.7950s/iter; left time: 27826.4633s
	iters: 3700, epoch: 1 | loss: 0.2653530
	speed: 0.7951s/iter; left time: 27748.2665s
	iters: 3800, epoch: 1 | loss: 0.2365283
	speed: 0.7950s/iter; left time: 27668.4554s
Epoch: 1 cost time: 3070.491842031479
Epoch: 1, Steps: 3860 | Train Loss: 0.3913266 Vali Loss: 0.1250245 Test Loss: 0.1421542
Validation loss decreased (inf --> 0.125025).  Saving model ...
Updating learning rate to 0.0001
	iters: 100, epoch: 2 | loss: 0.3350678
	speed: 6.2166s/iter; left time: 215347.5753s
	iters: 200, epoch: 2 | loss: 0.2434295
	speed: 0.7954s/iter; left time: 27474.7984s
	iters: 300, epoch: 2 | loss: 0.2499125
	speed: 0.7951s/iter; left time: 27385.2041s
	iters: 400, epoch: 2 | loss: 0.3460531
	speed: 0.7954s/iter; left time: 27315.4326s
	iters: 500, epoch: 2 | loss: 0.2395903
	speed: 0.7948s/iter; left time: 27213.4907s
	iters: 600, epoch: 2 | loss: 0.2597665
	speed: 0.7953s/iter; left time: 27152.4893s
	iters: 700, epoch: 2 | loss: 0.2575572
	speed: 0.7951s/iter; left time: 27064.3242s
	iters: 800, epoch: 2 | loss: 0.3075258
	speed: 0.7954s/iter; left time: 26995.8279s
	iters: 900, epoch: 2 | loss: 0.2277163
	speed: 0.7956s/iter; left time: 26923.9796s
	iters: 1000, epoch: 2 | loss: 0.4305093
	speed: 0.7959s/iter; left time: 26852.8951s
	iters: 1100, epoch: 2 | loss: 0.3076510
	speed: 0.7974s/iter; left time: 26823.6990s
	iters: 1200, epoch: 2 | loss: 0.2790982
	speed: 0.7950s/iter; left time: 26666.2576s
	iters: 1300, epoch: 2 | loss: 0.3158393
	speed: 0.7951s/iter; left time: 26588.2773s
	iters: 1400, epoch: 2 | loss: 0.2447640
	speed: 0.7958s/iter; left time: 26533.1340s
	iters: 1500, epoch: 2 | loss: 0.2981656
	speed: 0.7958s/iter; left time: 26454.2914s
	iters: 1600, epoch: 2 | loss: 0.3090126
	speed: 0.7951s/iter; left time: 26350.1151s
	iters: 1700, epoch: 2 | loss: 0.3177958
	speed: 0.7968s/iter; left time: 26327.9607s
	iters: 1800, epoch: 2 | loss: 0.4026155
	speed: 0.7972s/iter; left time: 26259.6544s
	iters: 1900, epoch: 2 | loss: 0.2683501
	speed: 0.7951s/iter; left time: 26113.2595s
	iters: 2000, epoch: 2 | loss: 0.2971426
	speed: 0.7952s/iter; left time: 26034.6599s
	iters: 2100, epoch: 2 | loss: 0.2955280
	speed: 0.7956s/iter; left time: 25970.6617s
	iters: 2200, epoch: 2 | loss: 0.2570156
	speed: 0.7963s/iter; left time: 25912.3699s
	iters: 2300, epoch: 2 | loss: 0.2943434
	speed: 0.7954s/iter; left time: 25803.3443s
	iters: 2400, epoch: 2 | loss: 0.2541969
	speed: 0.7952s/iter; left time: 25717.2342s
	iters: 2500, epoch: 2 | loss: 0.2864847
	speed: 0.7953s/iter; left time: 25641.7211s
	iters: 2600, epoch: 2 | loss: 0.2807427
	speed: 0.7947s/iter; left time: 25543.0444s
	iters: 2700, epoch: 2 | loss: 0.3064773
	speed: 0.7952s/iter; left time: 25480.4679s
	iters: 2800, epoch: 2 | loss: 0.3530295
	speed: 0.7949s/iter; left time: 25388.5892s
	iters: 2900, epoch: 2 | loss: 0.2974977
	speed: 0.7961s/iter; left time: 25348.1323s
	iters: 3000, epoch: 2 | loss: 0.2661911
	speed: 0.7953s/iter; left time: 25242.4155s
	iters: 3100, epoch: 2 | loss: 0.2392592
	speed: 0.7963s/iter; left time: 25195.3869s
	iters: 3200, epoch: 2 | loss: 0.2568149
	speed: 0.7949s/iter; left time: 25070.4825s
	iters: 3300, epoch: 2 | loss: 0.2849825
	speed: 0.7951s/iter; left time: 24999.5125s
	iters: 3400, epoch: 2 | loss: 0.2869080
	speed: 0.7950s/iter; left time: 24916.9513s
	iters: 3500, epoch: 2 | loss: 0.2871282
	speed: 0.7955s/iter; left time: 24851.1945s
	iters: 3600, epoch: 2 | loss: 0.3170607
	speed: 0.7949s/iter; left time: 24754.5369s
	iters: 3700, epoch: 2 | loss: 0.2859441
	speed: 0.7948s/iter; left time: 24672.0770s
	iters: 3800, epoch: 2 | loss: 0.2518822
	speed: 0.7954s/iter; left time: 24611.4240s
Epoch: 2 cost time: 3070.0062839984894
Epoch: 2, Steps: 3860 | Train Loss: 0.2855140 Vali Loss: 0.1227678 Test Loss: 0.1405289
Validation loss decreased (0.125025 --> 0.122768).  Saving model ...
Updating learning rate to 5e-05
	iters: 100, epoch: 3 | loss: 0.2564724
	speed: 6.1804s/iter; left time: 190239.1341s
	iters: 200, epoch: 3 | loss: 0.3423356
	speed: 0.7950s/iter; left time: 24392.7336s
	iters: 300, epoch: 3 | loss: 0.2197302
	speed: 0.7948s/iter; left time: 24306.9037s
	iters: 400, epoch: 3 | loss: 0.2625421
	speed: 0.7946s/iter; left time: 24219.0724s
	iters: 500, epoch: 3 | loss: 0.2051699
	speed: 0.7952s/iter; left time: 24159.9764s
	iters: 600, epoch: 3 | loss: 0.2327367
	speed: 0.7946s/iter; left time: 24061.2679s
	iters: 700, epoch: 3 | loss: 0.2483158
	speed: 0.7961s/iter; left time: 24025.9543s
	iters: 800, epoch: 3 | loss: 0.2411058
	speed: 0.7943s/iter; left time: 23893.2987s
	iters: 900, epoch: 3 | loss: 0.2423204
	speed: 0.7952s/iter; left time: 23841.0051s
	iters: 1000, epoch: 3 | loss: 0.2416632
	speed: 0.7949s/iter; left time: 23753.5758s
	iters: 1100, epoch: 3 | loss: 0.2073353
	speed: 0.7957s/iter; left time: 23697.0279s
	iters: 1200, epoch: 3 | loss: 0.1917638
	speed: 0.7945s/iter; left time: 23581.8872s
	iters: 1300, epoch: 3 | loss: 0.2304046
	speed: 0.7950s/iter; left time: 23518.2790s
	iters: 1400, epoch: 3 | loss: 0.2148943
	speed: 0.7945s/iter; left time: 23421.8924s
	iters: 1500, epoch: 3 | loss: 0.2408154
	speed: 0.7953s/iter; left time: 23365.5381s
	iters: 1600, epoch: 3 | loss: 0.2342187
	speed: 0.7939s/iter; left time: 23246.6508s
	iters: 1700, epoch: 3 | loss: 0.2598738
	speed: 0.7941s/iter; left time: 23172.5440s
	iters: 1800, epoch: 3 | loss: 0.2048914
	speed: 0.7944s/iter; left time: 23100.5268s
	iters: 1900, epoch: 3 | loss: 0.2187421
	speed: 0.7935s/iter; left time: 22996.4562s
	iters: 2000, epoch: 3 | loss: 0.2828971
	speed: 0.7942s/iter; left time: 22938.0310s
	iters: 2100, epoch: 3 | loss: 0.2198657
	speed: 0.7938s/iter; left time: 22847.7835s
	iters: 2200, epoch: 3 | loss: 0.4006824
	speed: 0.7945s/iter; left time: 22785.7860s
	iters: 2300, epoch: 3 | loss: 0.2061100
	speed: 0.7946s/iter; left time: 22709.4138s
	iters: 2400, epoch: 3 | loss: 0.2386464
	speed: 0.7936s/iter; left time: 22603.7794s
	iters: 2500, epoch: 3 | loss: 0.2071728
	speed: 0.7942s/iter; left time: 22539.6235s
	iters: 2600, epoch: 3 | loss: 0.1885708
	speed: 0.7942s/iter; left time: 22461.8837s
	iters: 2700, epoch: 3 | loss: 0.2127135
	speed: 0.7935s/iter; left time: 22363.0084s
	iters: 2800, epoch: 3 | loss: 0.2801538
	speed: 0.7939s/iter; left time: 22294.5020s
	iters: 2900, epoch: 3 | loss: 0.2018695
	speed: 0.7934s/iter; left time: 22200.5585s
	iters: 3000, epoch: 3 | loss: 0.2547748
	speed: 0.7935s/iter; left time: 22122.8231s
	iters: 3100, epoch: 3 | loss: 0.2359823
	speed: 0.7936s/iter; left time: 22047.1974s
	iters: 3200, epoch: 3 | loss: 0.2092830
	speed: 0.7935s/iter; left time: 21965.4119s
	iters: 3300, epoch: 3 | loss: 0.2199461
	speed: 0.7935s/iter; left time: 21884.7196s
	iters: 3400, epoch: 3 | loss: 0.3408208
	speed: 0.7939s/iter; left time: 21817.1393s
	iters: 3500, epoch: 3 | loss: 0.2234830
	speed: 0.7933s/iter; left time: 21720.3103s
	iters: 3600, epoch: 3 | loss: 0.1970289
	speed: 0.7944s/iter; left time: 21671.4782s
	iters: 3700, epoch: 3 | loss: 0.2457132
	speed: 0.7935s/iter; left time: 21566.9591s
	iters: 3800, epoch: 3 | loss: 0.2783615
	speed: 0.7937s/iter; left time: 21495.3165s
Epoch: 3 cost time: 3065.594947576523
Epoch: 3, Steps: 3860 | Train Loss: 0.2377231 Vali Loss: 0.1141148 Test Loss: 0.1330952
Validation loss decreased (0.122768 --> 0.114115).  Saving model ...
Updating learning rate to 2.5e-05
	iters: 100, epoch: 4 | loss: 0.2244224
	speed: 6.3442s/iter; left time: 170793.1355s
	iters: 200, epoch: 4 | loss: 0.1982675
	speed: 1.7246s/iter; left time: 46254.1847s
	iters: 300, epoch: 4 | loss: 0.2284127
	speed: 1.6030s/iter; left time: 42834.5493s
	iters: 400, epoch: 4 | loss: 0.2108232
	speed: 0.7945s/iter; left time: 21150.6283s
	iters: 500, epoch: 4 | loss: 0.2321345
	speed: 0.7947s/iter; left time: 21075.0334s
	iters: 600, epoch: 4 | loss: 0.4017587
	speed: 0.7942s/iter; left time: 20984.3042s
	iters: 700, epoch: 4 | loss: 0.2230155
	speed: 0.7949s/iter; left time: 20922.2831s
	iters: 800, epoch: 4 | loss: 0.1808974
	speed: 0.7949s/iter; left time: 20842.0847s
	iters: 900, epoch: 4 | loss: 0.2411965
	speed: 0.7940s/iter; left time: 20739.9326s
	iters: 1000, epoch: 4 | loss: 0.3055240
	speed: 0.7945s/iter; left time: 20672.5593s
	iters: 1100, epoch: 4 | loss: 0.2211019
	speed: 0.7939s/iter; left time: 20579.1140s
	iters: 1200, epoch: 4 | loss: 0.1785047
	speed: 0.7938s/iter; left time: 20497.5926s
	iters: 1300, epoch: 4 | loss: 0.2862716
	speed: 0.7943s/iter; left time: 20430.3124s
	iters: 1400, epoch: 4 | loss: 0.1953573
	speed: 0.7938s/iter; left time: 20336.7937s
	iters: 1500, epoch: 4 | loss: 0.1710207
	speed: 0.7937s/iter; left time: 20256.0379s
	iters: 1600, epoch: 4 | loss: 0.2294482
	speed: 0.7954s/iter; left time: 20218.6086s
	iters: 1700, epoch: 4 | loss: 0.2178718
	speed: 0.7936s/iter; left time: 20093.7197s
	iters: 1800, epoch: 4 | loss: 0.2066739
	speed: 0.7935s/iter; left time: 20014.0261s
	iters: 1900, epoch: 4 | loss: 0.1877509
	speed: 0.7950s/iter; left time: 19970.7000s
	iters: 2000, epoch: 4 | loss: 0.1741128
	speed: 0.7948s/iter; left time: 19885.5441s
	iters: 2100, epoch: 4 | loss: 0.1966108
	speed: 0.7953s/iter; left time: 19820.9151s
	iters: 2200, epoch: 4 | loss: 0.2093766
	speed: 0.7947s/iter; left time: 19726.0319s
	iters: 2300, epoch: 4 | loss: 0.1836226
	speed: 0.7939s/iter; left time: 19625.7015s
	iters: 2400, epoch: 4 | loss: 0.1942461
	speed: 0.7941s/iter; left time: 19551.6308s
	iters: 2500, epoch: 4 | loss: 0.1777853
	speed: 0.7942s/iter; left time: 19474.2360s
	iters: 2600, epoch: 4 | loss: 0.1983324
	speed: 0.7953s/iter; left time: 19421.5946s
	iters: 2700, epoch: 4 | loss: 0.1879785
	speed: 0.7944s/iter; left time: 19321.1708s
	iters: 2800, epoch: 4 | loss: 0.2408166
	speed: 0.7937s/iter; left time: 19224.1122s
	iters: 2900, epoch: 4 | loss: 0.2120824
	speed: 0.7950s/iter; left time: 19176.6115s
	iters: 3000, epoch: 4 | loss: 0.1842935
	speed: 0.7937s/iter; left time: 19066.4661s
	iters: 3100, epoch: 4 | loss: 0.2215409
	speed: 0.7940s/iter; left time: 18993.8147s
	iters: 3200, epoch: 4 | loss: 0.2077412
	speed: 0.7937s/iter; left time: 18905.7290s
	iters: 3300, epoch: 4 | loss: 0.2317973
	speed: 0.7940s/iter; left time: 18833.5185s
	iters: 3400, epoch: 4 | loss: 0.2151714
	speed: 0.7941s/iter; left time: 18757.6956s
	iters: 3500, epoch: 4 | loss: 0.1861679
	speed: 0.7940s/iter; left time: 18676.6864s
	iters: 3600, epoch: 4 | loss: 0.2186542
	speed: 0.7937s/iter; left time: 18588.5884s
	iters: 3700, epoch: 4 | loss: 0.1807765
	speed: 0.7944s/iter; left time: 18526.0411s
	iters: 3800, epoch: 4 | loss: 0.1874731
	speed: 0.7945s/iter; left time: 18449.2737s
Epoch: 4 cost time: 3257.9462349414825
Epoch: 4, Steps: 3860 | Train Loss: 0.2177593 Vali Loss: 0.1103088 Test Loss: 0.1294065
Validation loss decreased (0.114115 --> 0.110309).  Saving model ...
Updating learning rate to 1.25e-05
	iters: 100, epoch: 5 | loss: 0.1991917
	speed: 6.1456s/iter; left time: 141724.4514s
	iters: 200, epoch: 5 | loss: 0.2215413
	speed: 0.7940s/iter; left time: 18230.2542s
	iters: 300, epoch: 5 | loss: 0.3470052
	speed: 0.7943s/iter; left time: 18157.6534s
	iters: 400, epoch: 5 | loss: 0.1882543
	speed: 0.7943s/iter; left time: 18078.4272s
	iters: 500, epoch: 5 | loss: 0.2325765
	speed: 0.7939s/iter; left time: 17989.6286s
	iters: 600, epoch: 5 | loss: 0.1926929
	speed: 0.7938s/iter; left time: 17908.2250s
	iters: 700, epoch: 5 | loss: 0.2976028
	speed: 0.7952s/iter; left time: 17860.2881s
	iters: 800, epoch: 5 | loss: 0.2655234
	speed: 0.7935s/iter; left time: 17742.5900s
	iters: 900, epoch: 5 | loss: 0.1862534
	speed: 0.7943s/iter; left time: 17681.7251s
	iters: 1000, epoch: 5 | loss: 0.1906114
	speed: 0.7939s/iter; left time: 17593.2122s
	iters: 1100, epoch: 5 | loss: 0.1920559
	speed: 0.7934s/iter; left time: 17503.6527s
	iters: 1200, epoch: 5 | loss: 0.2009421
	speed: 0.7937s/iter; left time: 17431.4219s
	iters: 1300, epoch: 5 | loss: 0.1968525
	speed: 0.7944s/iter; left time: 17365.3872s
	iters: 1400, epoch: 5 | loss: 0.1829470
	speed: 0.7933s/iter; left time: 17262.1591s
	iters: 1500, epoch: 5 | loss: 0.2059320
	speed: 0.7937s/iter; left time: 17192.3249s
	iters: 1600, epoch: 5 | loss: 0.1788516
	speed: 0.7943s/iter; left time: 17126.6606s
	iters: 1700, epoch: 5 | loss: 0.2021445
	speed: 0.7938s/iter; left time: 17035.7871s
	iters: 1800, epoch: 5 | loss: 0.1951436
	speed: 0.7938s/iter; left time: 16957.1804s
	iters: 1900, epoch: 5 | loss: 0.2059779
	speed: 0.7958s/iter; left time: 16919.6030s
	iters: 2000, epoch: 5 | loss: 0.1911990
	speed: 0.7950s/iter; left time: 16822.8634s
	iters: 2100, epoch: 5 | loss: 0.1905808
	speed: 0.7944s/iter; left time: 16731.6727s
	iters: 2200, epoch: 5 | loss: 0.1935256
	speed: 0.7947s/iter; left time: 16658.1906s
	iters: 2300, epoch: 5 | loss: 0.2442069
	speed: 0.7943s/iter; left time: 16569.3277s
	iters: 2400, epoch: 5 | loss: 0.2523347
	speed: 0.7937s/iter; left time: 16477.4546s
	iters: 2500, epoch: 5 | loss: 0.2351000
	speed: 0.7939s/iter; left time: 16403.1190s
	iters: 2600, epoch: 5 | loss: 0.1851470
	speed: 0.7948s/iter; left time: 16341.7251s
	iters: 2700, epoch: 5 | loss: 0.1790246
	speed: 0.7934s/iter; left time: 16234.4808s
	iters: 2800, epoch: 5 | loss: 0.1623601
	speed: 0.7938s/iter; left time: 16161.9545s
	iters: 2900, epoch: 5 | loss: 0.2602674
	speed: 0.7936s/iter; left time: 16079.2733s
	iters: 3000, epoch: 5 | loss: 0.2676172
	speed: 0.7965s/iter; left time: 16057.8454s
	iters: 3100, epoch: 5 | loss: 0.2035696
	speed: 0.7950s/iter; left time: 15948.1639s
	iters: 3200, epoch: 5 | loss: 0.2067687
	speed: 0.7939s/iter; left time: 15846.7047s
	iters: 3300, epoch: 5 | loss: 0.2404276
	speed: 0.7942s/iter; left time: 15774.1946s
	iters: 3400, epoch: 5 | loss: 0.2824020
	speed: 0.7938s/iter; left time: 15686.1420s
	iters: 3500, epoch: 5 | loss: 0.2052090
	speed: 0.7932s/iter; left time: 15595.8921s
	iters: 3600, epoch: 5 | loss: 0.1971303
	speed: 0.7942s/iter; left time: 15536.1308s
	iters: 3700, epoch: 5 | loss: 0.2005391
	speed: 0.7949s/iter; left time: 15470.2369s
	iters: 3800, epoch: 5 | loss: 0.2200970
	speed: 0.7951s/iter; left time: 15393.3807s
Epoch: 5 cost time: 3065.1118063926697
Epoch: 5, Steps: 3860 | Train Loss: 0.2093959 Vali Loss: 0.1090654 Test Loss: 0.1278966
Validation loss decreased (0.110309 --> 0.109065).  Saving model ...
Updating learning rate to 6.25e-06
	iters: 100, epoch: 6 | loss: 0.1901319
	speed: 6.1521s/iter; left time: 118127.2068s
	iters: 200, epoch: 6 | loss: 0.2411392
	speed: 0.7947s/iter; left time: 15179.6608s
	iters: 300, epoch: 6 | loss: 0.2486947
	speed: 0.7939s/iter; left time: 15085.0801s
	iters: 400, epoch: 6 | loss: 0.1765787
	speed: 0.7940s/iter; left time: 15007.9054s
	iters: 500, epoch: 6 | loss: 0.1959155
	speed: 0.7940s/iter; left time: 14927.8019s
	iters: 600, epoch: 6 | loss: 0.1914572
	speed: 0.7944s/iter; left time: 14855.8780s
	iters: 700, epoch: 6 | loss: 0.3307730
	speed: 0.7952s/iter; left time: 14790.6462s
	iters: 800, epoch: 6 | loss: 0.2427195
	speed: 0.7940s/iter; left time: 14689.8960s
	iters: 900, epoch: 6 | loss: 0.2275770
	speed: 0.7942s/iter; left time: 14613.4852s
	iters: 1000, epoch: 6 | loss: 0.1997136
	speed: 0.7950s/iter; left time: 14548.9243s
	iters: 1100, epoch: 6 | loss: 0.2573890
	speed: 0.7940s/iter; left time: 14451.0048s
	iters: 1200, epoch: 6 | loss: 0.2157484
	speed: 0.7938s/iter; left time: 14368.4087s
	iters: 1300, epoch: 6 | loss: 0.1994481
	speed: 0.7946s/iter; left time: 14303.7709s
	iters: 1400, epoch: 6 | loss: 0.1627379
	speed: 0.7943s/iter; left time: 14218.9362s
	iters: 1500, epoch: 6 | loss: 0.1940509
	speed: 0.7938s/iter; left time: 14130.9988s
	iters: 1600, epoch: 6 | loss: 0.1736839
	speed: 0.7947s/iter; left time: 14067.8007s
	iters: 1700, epoch: 6 | loss: 0.1944244
	speed: 0.7946s/iter; left time: 13985.1945s
	iters: 1800, epoch: 6 | loss: 0.2156317
	speed: 0.7941s/iter; left time: 13897.6084s
	iters: 1900, epoch: 6 | loss: 0.1914707
	speed: 0.7952s/iter; left time: 13837.7430s
	iters: 2000, epoch: 6 | loss: 0.2393535
	speed: 0.7941s/iter; left time: 13738.2182s
	iters: 2100, epoch: 6 | loss: 0.3166062
	speed: 0.7960s/iter; left time: 13691.4854s
	iters: 2200, epoch: 6 | loss: 0.2939498
	speed: 0.7958s/iter; left time: 13608.7577s
	iters: 2300, epoch: 6 | loss: 0.1680685
	speed: 0.7945s/iter; left time: 13507.9759s
	iters: 2400, epoch: 6 | loss: 0.1963932
	speed: 0.7949s/iter; left time: 13434.7106s
	iters: 2500, epoch: 6 | loss: 0.1770631
	speed: 0.7944s/iter; left time: 13346.1686s
	iters: 2600, epoch: 6 | loss: 0.2094210
	speed: 0.7938s/iter; left time: 13257.0531s
	iters: 2700, epoch: 6 | loss: 0.2364040
	speed: 0.7936s/iter; left time: 13175.1366s
	iters: 2800, epoch: 6 | loss: 0.2580470
	speed: 0.7942s/iter; left time: 13104.7604s
	iters: 2900, epoch: 6 | loss: 0.2147896
	speed: 0.7960s/iter; left time: 13055.8716s
	iters: 3000, epoch: 6 | loss: 0.2100286
	speed: 0.7947s/iter; left time: 12955.0921s
	iters: 3100, epoch: 6 | loss: 0.2132333
	speed: 0.7936s/iter; left time: 12857.6663s
	iters: 3200, epoch: 6 | loss: 0.2062313
	speed: 0.7954s/iter; left time: 12807.5394s
	iters: 3300, epoch: 6 | loss: 0.2480684
	speed: 0.7940s/iter; left time: 12705.2013s
	iters: 3400, epoch: 6 | loss: 0.1748187
	speed: 0.7944s/iter; left time: 12631.5214s
	iters: 3500, epoch: 6 | loss: 0.1820328
	speed: 0.7937s/iter; left time: 12541.0652s
	iters: 3600, epoch: 6 | loss: 0.1946038
	speed: 0.7944s/iter; left time: 12473.3431s
	iters: 3700, epoch: 6 | loss: 0.2577630
	speed: 0.7949s/iter; left time: 12401.9463s
	iters: 3800, epoch: 6 | loss: 0.2838154
	speed: 0.7943s/iter; left time: 12311.9894s
Epoch: 6 cost time: 3066.147702932358
Epoch: 6, Steps: 3860 | Train Loss: 0.2053722 Vali Loss: 0.1084170 Test Loss: 0.1271436
Validation loss decreased (0.109065 --> 0.108417).  Saving model ...
Updating learning rate to 3.125e-06
	iters: 100, epoch: 7 | loss: 0.2010556
	speed: 6.1450s/iter; left time: 94270.1326s
	iters: 200, epoch: 7 | loss: 0.2062153
	speed: 0.7944s/iter; left time: 12107.5419s
	iters: 300, epoch: 7 | loss: 0.2432453
	speed: 0.7968s/iter; left time: 12064.8615s
	iters: 400, epoch: 7 | loss: 0.1784545
	speed: 0.7941s/iter; left time: 11943.4728s
	iters: 500, epoch: 7 | loss: 0.1715264
	speed: 0.7939s/iter; left time: 11862.0030s
	iters: 600, epoch: 7 | loss: 0.2110575
	speed: 0.7936s/iter; left time: 11777.5153s
	iters: 700, epoch: 7 | loss: 0.1802615
	speed: 0.7943s/iter; left time: 11709.4050s
	iters: 800, epoch: 7 | loss: 0.1928442
	speed: 0.7938s/iter; left time: 11622.4227s
	iters: 900, epoch: 7 | loss: 0.1873543
	speed: 0.7940s/iter; left time: 11545.4200s
	iters: 1000, epoch: 7 | loss: 0.2076846
	speed: 0.7951s/iter; left time: 11482.0182s
	iters: 1100, epoch: 7 | loss: 0.1821142
	speed: 0.7942s/iter; left time: 11390.2593s
	iters: 1200, epoch: 7 | loss: 0.1878569
	speed: 0.7937s/iter; left time: 11303.3113s
	iters: 1300, epoch: 7 | loss: 0.2179646
	speed: 0.7938s/iter; left time: 11224.5859s
	iters: 1400, epoch: 7 | loss: 0.1852278
	speed: 0.7953s/iter; left time: 11166.3247s
	iters: 1500, epoch: 7 | loss: 0.1770002
	speed: 0.7937s/iter; left time: 11064.3208s
	iters: 1600, epoch: 7 | loss: 0.1782526
	speed: 0.7933s/iter; left time: 10980.6742s
	iters: 1700, epoch: 7 | loss: 0.1997303
	speed: 0.7938s/iter; left time: 10907.4527s
	iters: 1800, epoch: 7 | loss: 0.1711892
	speed: 0.7943s/iter; left time: 10834.8974s
	iters: 1900, epoch: 7 | loss: 0.1531039
	speed: 0.7943s/iter; left time: 10756.1884s
	iters: 2000, epoch: 7 | loss: 0.2208517
	speed: 0.7942s/iter; left time: 10675.3299s
	iters: 2100, epoch: 7 | loss: 0.1961012
	speed: 0.7946s/iter; left time: 10600.2111s
	iters: 2200, epoch: 7 | loss: 0.1739001
	speed: 0.7937s/iter; left time: 10509.1070s
	iters: 2300, epoch: 7 | loss: 0.2391979
	speed: 0.7952s/iter; left time: 10449.3428s
	iters: 2400, epoch: 7 | loss: 0.2067893
	speed: 0.7947s/iter; left time: 10363.1876s
	iters: 2500, epoch: 7 | loss: 0.2421354
	speed: 0.7946s/iter; left time: 10283.4034s
	iters: 2600, epoch: 7 | loss: 0.2247257
	speed: 0.7942s/iter; left time: 10198.4735s
	iters: 2700, epoch: 7 | loss: 0.1673035
	speed: 0.7946s/iter; left time: 10124.4357s
	iters: 2800, epoch: 7 | loss: 0.1752840
	speed: 0.7944s/iter; left time: 10041.4441s
	iters: 2900, epoch: 7 | loss: 0.1868110
	speed: 0.7942s/iter; left time: 9960.6219s
	iters: 3000, epoch: 7 | loss: 0.1900031
	speed: 0.7949s/iter; left time: 9889.8864s
	iters: 3100, epoch: 7 | loss: 0.1673015
	speed: 0.7949s/iter; left time: 9810.4713s
	iters: 3200, epoch: 7 | loss: 0.1947676
	speed: 0.7936s/iter; left time: 9714.8413s
	iters: 3300, epoch: 7 | loss: 0.1990598
	speed: 0.7944s/iter; left time: 9644.6855s
	iters: 3400, epoch: 7 | loss: 0.3561115
	speed: 0.7941s/iter; left time: 9561.5395s
	iters: 3500, epoch: 7 | loss: 0.1699278
	speed: 0.7962s/iter; left time: 9507.4459s
	iters: 3600, epoch: 7 | loss: 0.2353385
	speed: 0.7950s/iter; left time: 9413.0793s
	iters: 3700, epoch: 7 | loss: 0.1818369
	speed: 0.7942s/iter; left time: 9325.2861s
	iters: 3800, epoch: 7 | loss: 0.1862307
	speed: 0.7943s/iter; left time: 9246.8379s
Epoch: 7 cost time: 3065.949461698532
Epoch: 7, Steps: 3860 | Train Loss: 0.2033196 Vali Loss: 0.1079337 Test Loss: 0.1280467
Validation loss decreased (0.108417 --> 0.107934).  Saving model ...
Updating learning rate to 1.5625e-06
	iters: 100, epoch: 8 | loss: 0.1939082
	speed: 6.1371s/iter; left time: 70460.5908s
	iters: 200, epoch: 8 | loss: 0.1648923
	speed: 0.7945s/iter; left time: 9041.7649s
	iters: 300, epoch: 8 | loss: 0.2532983
	speed: 0.7959s/iter; left time: 8978.4768s
	iters: 400, epoch: 8 | loss: 0.2002165
	speed: 0.7940s/iter; left time: 8878.0595s
	iters: 500, epoch: 8 | loss: 0.1639909
	speed: 0.7941s/iter; left time: 8799.2491s
	iters: 600, epoch: 8 | loss: 0.1631208
	speed: 0.7945s/iter; left time: 8724.8225s
	iters: 700, epoch: 8 | loss: 0.1855611
	speed: 0.7939s/iter; left time: 8638.6028s
	iters: 800, epoch: 8 | loss: 0.1978138
	speed: 0.7947s/iter; left time: 8567.9835s
	iters: 900, epoch: 8 | loss: 0.1915744
	speed: 0.7942s/iter; left time: 8483.3581s
	iters: 1000, epoch: 8 | loss: 0.2367829
	speed: 0.7941s/iter; left time: 8401.8872s
	iters: 1100, epoch: 8 | loss: 0.2094296
	speed: 0.7947s/iter; left time: 8329.4139s
	iters: 1200, epoch: 8 | loss: 0.2097469
	speed: 0.7952s/iter; left time: 8254.9135s
	iters: 1300, epoch: 8 | loss: 0.1846651
	speed: 0.7963s/iter; left time: 8186.7418s
	iters: 1400, epoch: 8 | loss: 0.1809914
	speed: 0.7943s/iter; left time: 8086.9208s
	iters: 1500, epoch: 8 | loss: 0.1922000
	speed: 0.7945s/iter; left time: 8009.1372s
	iters: 1600, epoch: 8 | loss: 0.1606621
	speed: 0.7951s/iter; left time: 7936.0189s
	iters: 1700, epoch: 8 | loss: 0.1864706
	speed: 0.7938s/iter; left time: 7843.6066s
	iters: 1800, epoch: 8 | loss: 0.1998050
	speed: 0.7940s/iter; left time: 7766.0038s
	iters: 1900, epoch: 8 | loss: 0.1900858
	speed: 0.7936s/iter; left time: 7683.2536s
	iters: 2000, epoch: 8 | loss: 0.2094895
	speed: 0.7938s/iter; left time: 7605.2911s
	iters: 2100, epoch: 8 | loss: 0.1727107
	speed: 0.7945s/iter; left time: 7532.5525s
	iters: 2200, epoch: 8 | loss: 0.2693861
	speed: 0.7947s/iter; left time: 7455.1152s
	iters: 2300, epoch: 8 | loss: 0.2065873
	speed: 0.7946s/iter; left time: 7374.9139s
	iters: 2400, epoch: 8 | loss: 0.1862304
	speed: 0.7947s/iter; left time: 7296.2973s
	iters: 2500, epoch: 8 | loss: 0.1758730
	speed: 0.7943s/iter; left time: 7212.6474s
	iters: 2600, epoch: 8 | loss: 0.2601579
	speed: 0.7939s/iter; left time: 7129.8083s
	iters: 2700, epoch: 8 | loss: 0.2257595
	speed: 0.7950s/iter; left time: 7060.1796s
	iters: 2800, epoch: 8 | loss: 0.1966910
	speed: 0.7953s/iter; left time: 6983.8953s
	iters: 2900, epoch: 8 | loss: 0.2063686
	speed: 0.7952s/iter; left time: 6902.7130s
	iters: 3000, epoch: 8 | loss: 0.2062157
	speed: 0.7939s/iter; left time: 6812.2753s
	iters: 3100, epoch: 8 | loss: 0.1798194
	speed: 0.7940s/iter; left time: 6734.3160s
	iters: 3200, epoch: 8 | loss: 0.2746401
	speed: 0.7938s/iter; left time: 6653.0664s
	iters: 3300, epoch: 8 | loss: 0.1880095
	speed: 0.7946s/iter; left time: 6580.1687s
	iters: 3400, epoch: 8 | loss: 0.2011991
	speed: 0.7946s/iter; left time: 6500.5191s
	iters: 3500, epoch: 8 | loss: 0.2161905
	speed: 0.7941s/iter; left time: 6417.4864s
	iters: 3600, epoch: 8 | loss: 0.2114933
	speed: 0.7948s/iter; left time: 6343.2750s
	iters: 3700, epoch: 8 | loss: 0.2257118
	speed: 0.7948s/iter; left time: 6263.5966s
	iters: 3800, epoch: 8 | loss: 0.1785080
	speed: 0.7946s/iter; left time: 6183.1660s
Epoch: 8 cost time: 3066.3159375190735
Epoch: 8, Steps: 3860 | Train Loss: 0.2022536 Vali Loss: 0.1081196 Test Loss: 0.1272941
EarlyStopping counter: 1 out of 3
Updating learning rate to 7.8125e-07
	iters: 100, epoch: 9 | loss: 0.2126392
	speed: 6.1349s/iter; left time: 46754.0486s
	iters: 200, epoch: 9 | loss: 0.1895263
	speed: 0.7941s/iter; left time: 5972.4958s
	iters: 300, epoch: 9 | loss: 0.1684920
	speed: 0.7943s/iter; left time: 5894.6306s
	iters: 400, epoch: 9 | loss: 0.1888762
	speed: 0.7940s/iter; left time: 5813.2173s
	iters: 500, epoch: 9 | loss: 0.1985288
	speed: 0.7938s/iter; left time: 5731.7711s
	iters: 600, epoch: 9 | loss: 0.2087074
	speed: 0.7945s/iter; left time: 5657.2862s
	iters: 700, epoch: 9 | loss: 0.3361092
	speed: 0.7957s/iter; left time: 5586.7174s
	iters: 800, epoch: 9 | loss: 0.2448507
	speed: 0.7943s/iter; left time: 5497.1554s
	iters: 900, epoch: 9 | loss: 0.2773218
	speed: 0.7942s/iter; left time: 5417.1079s
	iters: 1000, epoch: 9 | loss: 0.1988799
	speed: 0.7944s/iter; left time: 5338.9251s
	iters: 1100, epoch: 9 | loss: 0.1802264
	speed: 0.7973s/iter; left time: 5278.7872s
	iters: 1200, epoch: 9 | loss: 0.2022275
	speed: 0.7945s/iter; left time: 5180.8719s
	iters: 1300, epoch: 9 | loss: 0.1762623
	speed: 0.7947s/iter; left time: 5103.0518s
	iters: 1400, epoch: 9 | loss: 0.1560065
	speed: 0.7949s/iter; left time: 5024.6707s
	iters: 1500, epoch: 9 | loss: 0.2516746
	speed: 0.7940s/iter; left time: 4939.3071s
	iters: 1600, epoch: 9 | loss: 0.1892376
	speed: 0.7952s/iter; left time: 4867.6183s
	iters: 1700, epoch: 9 | loss: 0.1902002
	speed: 0.7948s/iter; left time: 4785.2690s
	iters: 1800, epoch: 9 | loss: 0.1710568
	speed: 0.7938s/iter; left time: 4700.3053s
	iters: 1900, epoch: 9 | loss: 0.1740957
	speed: 0.7940s/iter; left time: 4621.8518s
	iters: 2000, epoch: 9 | loss: 0.2446540
	speed: 0.7939s/iter; left time: 4541.8860s
	iters: 2100, epoch: 9 | loss: 0.1958573
	speed: 0.7938s/iter; left time: 4461.9782s
	iters: 2200, epoch: 9 | loss: 0.1766516
	speed: 0.7937s/iter; left time: 4381.8062s
	iters: 2300, epoch: 9 | loss: 0.1944442
	speed: 0.7951s/iter; left time: 4310.0978s
	iters: 2400, epoch: 9 | loss: 0.1753372
	speed: 0.7945s/iter; left time: 4227.6599s
	iters: 2500, epoch: 9 | loss: 0.1901782
	speed: 0.7948s/iter; left time: 4149.6409s
	iters: 2600, epoch: 9 | loss: 0.1719529
	speed: 0.7943s/iter; left time: 4067.4621s
	iters: 2700, epoch: 9 | loss: 0.2127293
	speed: 0.7938s/iter; left time: 3985.8066s
	iters: 2800, epoch: 9 | loss: 0.2526715
	speed: 0.7947s/iter; left time: 3910.4848s
	iters: 2900, epoch: 9 | loss: 0.2218600
	speed: 0.7947s/iter; left time: 3831.0379s
	iters: 3000, epoch: 9 | loss: 0.2361804
	speed: 0.7952s/iter; left time: 3754.2620s
	iters: 3100, epoch: 9 | loss: 0.2159940
	speed: 0.7937s/iter; left time: 3667.6710s
	iters: 3200, epoch: 9 | loss: 0.1531492
	speed: 0.7941s/iter; left time: 3589.9014s
	iters: 3300, epoch: 9 | loss: 0.2232177
	speed: 0.7943s/iter; left time: 3511.5580s
	iters: 3400, epoch: 9 | loss: 0.2157108
	speed: 0.7937s/iter; left time: 3429.4738s
	iters: 3500, epoch: 9 | loss: 0.3003857
	speed: 0.7959s/iter; left time: 3359.5657s
	iters: 3600, epoch: 9 | loss: 0.2014635
	speed: 0.7954s/iter; left time: 3277.9157s
	iters: 3700, epoch: 9 | loss: 0.1986885
	speed: 0.7952s/iter; left time: 3197.5657s
	iters: 3800, epoch: 9 | loss: 0.1939049
	speed: 0.7948s/iter; left time: 3116.4729s
Epoch: 9 cost time: 3066.603925228119
Epoch: 9, Steps: 3860 | Train Loss: 0.2017520 Vali Loss: 0.1074458 Test Loss: 0.1269064
Validation loss decreased (0.107934 --> 0.107446).  Saving model ...
Updating learning rate to 3.90625e-07
	iters: 100, epoch: 10 | loss: 0.2187639
	speed: 6.1338s/iter; left time: 23069.1154s
	iters: 200, epoch: 10 | loss: 0.3257895
	speed: 0.7953s/iter; left time: 2911.4426s
	iters: 300, epoch: 10 | loss: 0.1707925
	speed: 0.7950s/iter; left time: 2830.8554s
	iters: 400, epoch: 10 | loss: 0.1950782
	speed: 0.7944s/iter; left time: 2749.5652s
	iters: 500, epoch: 10 | loss: 0.1622714
	speed: 0.7942s/iter; left time: 2669.3960s
	iters: 600, epoch: 10 | loss: 0.1853795
	speed: 0.7944s/iter; left time: 2590.3787s
	iters: 700, epoch: 10 | loss: 0.1895724
	speed: 0.7949s/iter; left time: 2512.6218s
	iters: 800, epoch: 10 | loss: 0.1594989
	speed: 0.7947s/iter; left time: 2432.6180s
	iters: 900, epoch: 10 | loss: 0.1833198
	speed: 0.7943s/iter; left time: 2351.9059s
	iters: 1000, epoch: 10 | loss: 0.1875165
	speed: 0.7950s/iter; left time: 2274.3941s
	iters: 1100, epoch: 10 | loss: 0.1957740
	speed: 0.7946s/iter; left time: 2193.9584s
	iters: 1200, epoch: 10 | loss: 0.2137400
	speed: 0.7950s/iter; left time: 2115.4974s
	iters: 1300, epoch: 10 | loss: 0.1906950
	speed: 0.7941s/iter; left time: 2033.5916s
	iters: 1400, epoch: 10 | loss: 0.1954940
	speed: 0.7945s/iter; left time: 1955.2017s
	iters: 1500, epoch: 10 | loss: 0.3166373
	speed: 0.7944s/iter; left time: 1875.6161s
	iters: 1600, epoch: 10 | loss: 0.2378777
	speed: 0.7947s/iter; left time: 1796.8763s
	iters: 1700, epoch: 10 | loss: 0.1690697
	speed: 0.7950s/iter; left time: 1717.9710s
	iters: 1800, epoch: 10 | loss: 0.1928586
	speed: 0.7947s/iter; left time: 1637.9471s
	iters: 1900, epoch: 10 | loss: 0.2108113
	speed: 0.7953s/iter; left time: 1559.6540s
	iters: 2000, epoch: 10 | loss: 0.1745860
	speed: 0.7961s/iter; left time: 1481.5246s
	iters: 2100, epoch: 10 | loss: 0.1753115
	speed: 0.7960s/iter; left time: 1401.8217s
	iters: 2200, epoch: 10 | loss: 0.2575144
	speed: 0.7958s/iter; left time: 1321.7745s
	iters: 2300, epoch: 10 | loss: 0.1662939
	speed: 0.7951s/iter; left time: 1241.1511s
	iters: 2400, epoch: 10 | loss: 0.1995045
	speed: 0.7967s/iter; left time: 1164.0179s
	iters: 2500, epoch: 10 | loss: 0.2201315
	speed: 0.7957s/iter; left time: 1082.8919s
	iters: 2600, epoch: 10 | loss: 0.2533188
	speed: 0.7963s/iter; left time: 1004.1161s
	iters: 2700, epoch: 10 | loss: 0.2500921
	speed: 0.7958s/iter; left time: 923.9623s
	iters: 2800, epoch: 10 | loss: 0.2350488
	speed: 0.7951s/iter; left time: 843.6538s
	iters: 2900, epoch: 10 | loss: 0.1906699
	speed: 0.7963s/iter; left time: 765.2651s
	iters: 3000, epoch: 10 | loss: 0.2746361
	speed: 0.7962s/iter; left time: 685.4950s
	iters: 3100, epoch: 10 | loss: 0.1561873
	speed: 1.6587s/iter; left time: 1262.3051s
	iters: 3200, epoch: 10 | loss: 0.3008317
	speed: 1.7097s/iter; left time: 1130.1007s
	iters: 3300, epoch: 10 | loss: 0.2107323
	speed: 1.7033s/iter; left time: 955.5622s
	iters: 3400, epoch: 10 | loss: 0.3154536
	speed: 1.7182s/iter; left time: 792.1040s
	iters: 3500, epoch: 10 | loss: 0.2029092
	speed: 1.7232s/iter; left time: 622.0918s
	iters: 3600, epoch: 10 | loss: 0.1684593
	speed: 1.7217s/iter; left time: 449.3729s
	iters: 3700, epoch: 10 | loss: 0.1783159
	speed: 1.7202s/iter; left time: 276.9479s
	iters: 3800, epoch: 10 | loss: 0.1960203
	speed: 1.7185s/iter; left time: 104.8283s
Epoch: 10 cost time: 3853.907526731491
Epoch: 10, Steps: 3860 | Train Loss: 0.2014458 Vali Loss: 0.1077205 Test Loss: 0.1273116
EarlyStopping counter: 1 out of 3
Updating learning rate to 1.953125e-07
>>>>>>>testing : long_term_forecast_MECH_electricity_PTG_recmask_2880_s2022_PatchTSTGated_custom_ftM_sl2880_ll48_pl96_dm512_nh8_el2_dl1_df2048_expand2_dc4_fc3_ebtimeF_dtTrue_Exp_0<<<<<<<<<<<<<<<<<<<<<<<<<<<<<<<<<
test 5165
test shape: (5165, 96, 321) (5165, 96, 321)
test shape: (5165, 96, 321) (5165, 96, 321)
mse:0.12687137722969055, mae:0.2241554856300354, dtw:Not calculated
