Using GPU
Args in experiment:
[1mBasic Config[0m
  Task Name:          long_term_forecast  Is Training:        1                   
  Model ID:           MECH_exchange_rate_PTG_none_1440_s2021Model:              PatchTSTGated       

[1mData Loader[0m
  Data:               custom              Root Path:          ./dataset/exchange_rate/
  Data Path:          exchange_rate.csv   Features:           M                   
  Target:             OT                  Freq:               h                   
  Checkpoints:        ./checkpoints/      

[1mForecasting Task[0m
  Seq Len:            1440                Label Len:          48                  
  Pred Len:           96                  Seasonal Patterns:  Monthly             
  Inverse:            0                   

[1mModel Parameters[0m
  Top k:              5                   Num Kernels:        6                   
  Enc In:             8                   Dec In:             8                   
  C Out:              8                   d model:            512                 
  n heads:            8                   e layers:           2                   
  d layers:           1                   d FF:               2048                
  Moving Avg:         25                  Factor:             3                   
  Distil:             1                   Dropout:            0.1                 
  Embed:              timeF               Activation:         gelu                

[1mRun Parameters[0m
  Num Workers:        4                   Itr:                1                   
  Train Epochs:       10                  Batch Size:         32                  
  Patience:           3                   Learning Rate:      0.0001              
  Des:                Exp                 Loss:               MSE                 
  Lradj:              type1               Use Amp:            0                   

[1mGPU[0m
  Use GPU:            1                   GPU:                0                   
  Use Multi GPU:      0                   Devices:            0,1,2,3             

[1mDe-stationary Projector Params[0m
  P Hidden Dims:      128, 128            P Hidden Layers:    2                   

Use GPU: cuda:0
🚀 Lazy Loading: PatchTSTGated ...
>>>>>>>start training : long_term_forecast_MECH_exchange_rate_PTG_none_1440_s2021_PatchTSTGated_custom_ftM_sl1440_ll48_pl96_dm512_nh8_el2_dl1_df2048_expand2_dc4_fc3_ebtimeF_dtTrue_Exp_0>>>>>>>>>>>>>>>>>>>>>>>>>>
train 3776
val 665
test 1422
	iters: 100, epoch: 1 | loss: 0.2643355
	speed: 0.0997s/iter; left time: 107.7225s
Epoch: 1 cost time: 9.92068076133728
Epoch: 1, Steps: 118 | Train Loss: 0.4806251 Vali Loss: 0.2752910 Test Loss: 0.1351184
Validation loss decreased (inf --> 0.275291).  Saving model ...
Updating learning rate to 0.0001
	iters: 100, epoch: 2 | loss: 0.2296776
	speed: 0.1295s/iter; left time: 124.7213s
Epoch: 2 cost time: 10.398278713226318
Epoch: 2, Steps: 118 | Train Loss: 0.2311239 Vali Loss: 0.2869705 Test Loss: 0.1874950
EarlyStopping counter: 1 out of 3
Updating learning rate to 5e-05
	iters: 100, epoch: 3 | loss: 0.1707179
	speed: 0.1427s/iter; left time: 120.5882s
Epoch: 3 cost time: 10.98476767539978
Epoch: 3, Steps: 118 | Train Loss: 0.1882289 Vali Loss: 0.2913495 Test Loss: 0.1294222
EarlyStopping counter: 2 out of 3
Updating learning rate to 2.5e-05
	iters: 100, epoch: 4 | loss: 0.1760876
	speed: 0.1502s/iter; left time: 109.2213s
Epoch: 4 cost time: 11.75889539718628
Epoch: 4, Steps: 118 | Train Loss: 0.1701459 Vali Loss: 0.2389918 Test Loss: 0.1398994
Validation loss decreased (0.275291 --> 0.238992).  Saving model ...
Updating learning rate to 1.25e-05
	iters: 100, epoch: 5 | loss: 0.1609204
	speed: 0.1703s/iter; left time: 103.6899s
Epoch: 5 cost time: 12.014532804489136
Epoch: 5, Steps: 118 | Train Loss: 0.1624134 Vali Loss: 0.2865688 Test Loss: 0.1483975
EarlyStopping counter: 1 out of 3
Updating learning rate to 6.25e-06
	iters: 100, epoch: 6 | loss: 0.1954268
	speed: 0.1677s/iter; left time: 82.3608s
Epoch: 6 cost time: 12.692476987838745
Epoch: 6, Steps: 118 | Train Loss: 0.1585337 Vali Loss: 0.2774205 Test Loss: 0.1443198
EarlyStopping counter: 2 out of 3
Updating learning rate to 3.125e-06
	iters: 100, epoch: 7 | loss: 0.1800192
	speed: 0.1585s/iter; left time: 59.1294s
Epoch: 7 cost time: 11.60194993019104
Epoch: 7, Steps: 118 | Train Loss: 0.1565741 Vali Loss: 0.2667904 Test Loss: 0.1419515
EarlyStopping counter: 3 out of 3
Early stopping
>>>>>>>testing : long_term_forecast_MECH_exchange_rate_PTG_none_1440_s2021_PatchTSTGated_custom_ftM_sl1440_ll48_pl96_dm512_nh8_el2_dl1_df2048_expand2_dc4_fc3_ebtimeF_dtTrue_Exp_0<<<<<<<<<<<<<<<<<<<<<<<<<<<<<<<<<
test 1422
test shape: (1422, 96, 8) (1422, 96, 8)
test shape: (1422, 96, 8) (1422, 96, 8)
mse:0.13732554018497467, mae:0.2732263207435608, dtw:Not calculated
