Using GPU
Args in experiment:
[1mBasic Config[0m
  Task Name:          long_term_forecast  Is Training:        1                   
  Model ID:           MECH_exchange_rate_PTG_denbias_2880_s2022Model:              PatchTSTGated       

[1mData Loader[0m
  Data:               custom              Root Path:          ./dataset/exchange_rate/
  Data Path:          exchange_rate.csv   Features:           M                   
  Target:             OT                  Freq:               h                   
  Checkpoints:        ./checkpoints/      

[1mForecasting Task[0m
  Seq Len:            2880                Label Len:          48                  
  Pred Len:           96                  Seasonal Patterns:  Monthly             
  Inverse:            0                   

[1mModel Parameters[0m
  Top k:              5                   Num Kernels:        6                   
  Enc In:             8                   Dec In:             8                   
  C Out:              8                   d model:            512                 
  n heads:            8                   e layers:           2                   
  d layers:           1                   d FF:               2048                
  Moving Avg:         25                  Factor:             3                   
  Distil:             1                   Dropout:            0.1                 
  Embed:              timeF               Activation:         gelu                

[1mRun Parameters[0m
  Num Workers:        4                   Itr:                1                   
  Train Epochs:       10                  Batch Size:         32                  
  Patience:           3                   Learning Rate:      0.0001              
  Des:                Exp                 Loss:               MSE                 
  Lradj:              type1               Use Amp:            0                   

[1mGPU[0m
  Use GPU:            1                   GPU:                0                   
  Use Multi GPU:      0                   Devices:            0,1,2,3             

[1mDe-stationary Projector Params[0m
  P Hidden Dims:      128, 128            P Hidden Layers:    2                   

Use GPU: cuda:0
🚀 Lazy Loading: PatchTSTGated ...
>>>>>>>start training : long_term_forecast_MECH_exchange_rate_PTG_denbias_2880_s2022_PatchTSTGated_custom_ftM_sl2880_ll48_pl96_dm512_nh8_el2_dl1_df2048_expand2_dc4_fc3_ebtimeF_dtTrue_Exp_0>>>>>>>>>>>>>>>>>>>>>>>>>>
train 2336
val 665
test 1422
Epoch: 1 cost time: 13.859225511550903
Epoch: 1, Steps: 73 | Train Loss: 3.1430559 Vali Loss: 0.5776541 Test Loss: 0.4669822
Validation loss decreased (inf --> 0.577654).  Saving model ...
Updating learning rate to 0.0001
Epoch: 2 cost time: 14.141867637634277
Epoch: 2, Steps: 73 | Train Loss: 0.3208498 Vali Loss: 0.4902203 Test Loss: 0.5235712
Validation loss decreased (0.577654 --> 0.490220).  Saving model ...
Updating learning rate to 5e-05
Epoch: 3 cost time: 14.71393609046936
Epoch: 3, Steps: 73 | Train Loss: 0.2648064 Vali Loss: 0.5205367 Test Loss: 0.3635278
EarlyStopping counter: 1 out of 3
Updating learning rate to 2.5e-05
Epoch: 4 cost time: 14.149578094482422
Epoch: 4, Steps: 73 | Train Loss: 0.2431302 Vali Loss: 0.5111968 Test Loss: 0.3603823
EarlyStopping counter: 2 out of 3
Updating learning rate to 1.25e-05
Epoch: 5 cost time: 13.529430866241455
Epoch: 5, Steps: 73 | Train Loss: 0.2324743 Vali Loss: 0.4637970 Test Loss: 0.4158678
Validation loss decreased (0.490220 --> 0.463797).  Saving model ...
Updating learning rate to 6.25e-06
Epoch: 6 cost time: 13.459519147872925
Epoch: 6, Steps: 73 | Train Loss: 0.2283772 Vali Loss: 0.4696236 Test Loss: 0.4019067
EarlyStopping counter: 1 out of 3
Updating learning rate to 3.125e-06
Epoch: 7 cost time: 13.211626529693604
Epoch: 7, Steps: 73 | Train Loss: 0.2256083 Vali Loss: 0.4601734 Test Loss: 0.4199068
Validation loss decreased (0.463797 --> 0.460173).  Saving model ...
Updating learning rate to 1.5625e-06
Epoch: 8 cost time: 14.132883548736572
Epoch: 8, Steps: 73 | Train Loss: 0.2242733 Vali Loss: 0.4627795 Test Loss: 0.4112217
EarlyStopping counter: 1 out of 3
Updating learning rate to 7.8125e-07
Epoch: 9 cost time: 14.732906818389893
Epoch: 9, Steps: 73 | Train Loss: 0.2247729 Vali Loss: 0.4619421 Test Loss: 0.4087332
EarlyStopping counter: 2 out of 3
Updating learning rate to 3.90625e-07
Epoch: 10 cost time: 14.703303098678589
Epoch: 10, Steps: 73 | Train Loss: 0.2232818 Vali Loss: 0.4614648 Test Loss: 0.4110399
EarlyStopping counter: 3 out of 3
Early stopping
>>>>>>>testing : long_term_forecast_MECH_exchange_rate_PTG_denbias_2880_s2022_PatchTSTGated_custom_ftM_sl2880_ll48_pl96_dm512_nh8_el2_dl1_df2048_expand2_dc4_fc3_ebtimeF_dtTrue_Exp_0<<<<<<<<<<<<<<<<<<<<<<<<<<<<<<<<<
test 1422
test shape: (1422, 96, 8) (1422, 96, 8)
test shape: (1422, 96, 8) (1422, 96, 8)
mse:0.4170372486114502, mae:0.48134905099868774, dtw:Not calculated
