Using GPU
Args in experiment:
[1mBasic Config[0m
  Task Name:          long_term_forecast  Is Training:        1                   
  Model ID:           MECH_exchange_rate_PTG_recmask_96_s2021Model:              PatchTSTGated       

[1mData Loader[0m
  Data:               custom              Root Path:          ./dataset/exchange_rate/
  Data Path:          exchange_rate.csv   Features:           M                   
  Target:             OT                  Freq:               h                   
  Checkpoints:        ./checkpoints/      

[1mForecasting Task[0m
  Seq Len:            96                  Label Len:          48                  
  Pred Len:           96                  Seasonal Patterns:  Monthly             
  Inverse:            0                   

[1mModel Parameters[0m
  Top k:              5                   Num Kernels:        6                   
  Enc In:             8                   Dec In:             8                   
  C Out:              8                   d model:            512                 
  n heads:            8                   e layers:           2                   
  d layers:           1                   d FF:               2048                
  Moving Avg:         25                  Factor:             3                   
  Distil:             1                   Dropout:            0.1                 
  Embed:              timeF               Activation:         gelu                

[1mRun Parameters[0m
  Num Workers:        4                   Itr:                1                   
  Train Epochs:       10                  Batch Size:         32                  
  Patience:           3                   Learning Rate:      0.0001              
  Des:                Exp                 Loss:               MSE                 
  Lradj:              type1               Use Amp:            0                   

[1mGPU[0m
  Use GPU:            1                   GPU:                0                   
  Use Multi GPU:      0                   Devices:            0,1,2,3             

[1mDe-stationary Projector Params[0m
  P Hidden Dims:      128, 128            P Hidden Layers:    2                   

Use GPU: cuda:0
🚀 Lazy Loading: PatchTSTGated ...
>>>>>>>start training : long_term_forecast_MECH_exchange_rate_PTG_recmask_96_s2021_PatchTSTGated_custom_ftM_sl96_ll48_pl96_dm512_nh8_el2_dl1_df2048_expand2_dc4_fc3_ebtimeF_dtTrue_Exp_0>>>>>>>>>>>>>>>>>>>>>>>>>>
train 5120
val 665
test 1422
	iters: 100, epoch: 1 | loss: 0.1090321
	speed: 0.0513s/iter; left time: 76.9351s
Epoch: 1 cost time: 4.846821308135986
Epoch: 1, Steps: 160 | Train Loss: 0.1376160 Vali Loss: 0.1307529 Test Loss: 0.0970605
Validation loss decreased (inf --> 0.130753).  Saving model ...
Updating learning rate to 0.0001
	iters: 100, epoch: 2 | loss: 0.1185830
	speed: 0.0541s/iter; left time: 72.5977s
Epoch: 2 cost time: 3.4833743572235107
Epoch: 2, Steps: 160 | Train Loss: 0.1303715 Vali Loss: 0.1462543 Test Loss: 0.0845892
EarlyStopping counter: 1 out of 3
Updating learning rate to 5e-05
	iters: 100, epoch: 3 | loss: 0.1167016
	speed: 0.0486s/iter; left time: 57.4205s
Epoch: 3 cost time: 3.5837197303771973
Epoch: 3, Steps: 160 | Train Loss: 0.1278276 Vali Loss: 0.1359903 Test Loss: 0.0885894
EarlyStopping counter: 2 out of 3
Updating learning rate to 2.5e-05
	iters: 100, epoch: 4 | loss: 0.1355884
	speed: 0.0526s/iter; left time: 53.7163s
Epoch: 4 cost time: 3.502974271774292
Epoch: 4, Steps: 160 | Train Loss: 0.1257931 Vali Loss: 0.1384313 Test Loss: 0.0854095
EarlyStopping counter: 3 out of 3
Early stopping
>>>>>>>testing : long_term_forecast_MECH_exchange_rate_PTG_recmask_96_s2021_PatchTSTGated_custom_ftM_sl96_ll48_pl96_dm512_nh8_el2_dl1_df2048_expand2_dc4_fc3_ebtimeF_dtTrue_Exp_0<<<<<<<<<<<<<<<<<<<<<<<<<<<<<<<<<
test 1422
test shape: (1422, 96, 8) (1422, 96, 8)
test shape: (1422, 96, 8) (1422, 96, 8)
mse:0.09598275274038315, mae:0.21438395977020264, dtw:Not calculated
