Using GPU
Args in experiment:
[1mBasic Config[0m
  Task Name:          long_term_forecast  Is Training:        1                   
  Model ID:           LBv2_traffic_PatchTST_2880_s2021Model:              PatchTST            

[1mData Loader[0m
  Data:               custom              Root Path:          ./dataset/traffic/  
  Data Path:          traffic.csv         Features:           M                   
  Target:             OT                  Freq:               h                   
  Checkpoints:        ./checkpoints/      

[1mForecasting Task[0m
  Seq Len:            2880                Label Len:          48                  
  Pred Len:           96                  Seasonal Patterns:  Monthly             
  Inverse:            0                   

[1mModel Parameters[0m
  Top k:              5                   Num Kernels:        6                   
  Enc In:             862                 Dec In:             862                 
  C Out:              862                 d model:            512                 
  n heads:            8                   e layers:           2                   
  d layers:           1                   d FF:               512                 
  Moving Avg:         25                  Factor:             3                   
  Distil:             1                   Dropout:            0.1                 
  Embed:              timeF               Activation:         gelu                

[1mRun Parameters[0m
  Num Workers:        10                  Itr:                1                   
  Train Epochs:       10                  Batch Size:         2                   
  Patience:           3                   Learning Rate:      0.0001              
  Des:                Exp                 Loss:               MSE                 
  Lradj:              type1               Use Amp:            0                   

[1mGPU[0m
  Use GPU:            1                   GPU:                0                   
  Use Multi GPU:      0                   Devices:            0,1,2,3             

[1mDe-stationary Projector Params[0m
  P Hidden Dims:      128, 128            P Hidden Layers:    2                   

Use GPU: cuda:0
🚀 Lazy Loading: PatchTST ...
>>>>>>>start training : long_term_forecast_LBv2_traffic_PatchTST_2880_s2021_PatchTST_custom_ftM_sl2880_ll48_pl96_dm512_nh8_el2_dl1_df512_expand2_dc4_fc3_ebtimeF_dtTrue_Exp_0>>>>>>>>>>>>>>>>>>>>>>>>>>
train 9305
val 1661
test 3413
	iters: 100, epoch: 1 | loss: 0.8948645
	speed: 1.0945s/iter; left time: 50816.6654s
	iters: 200, epoch: 1 | loss: 0.7761182
	speed: 1.0818s/iter; left time: 50122.8130s
	iters: 300, epoch: 1 | loss: 0.7483366
	speed: 1.0824s/iter; left time: 50042.6428s
	iters: 400, epoch: 1 | loss: 0.6553878
	speed: 1.0828s/iter; left time: 49950.9604s
	iters: 500, epoch: 1 | loss: 0.6803151
	speed: 1.0832s/iter; left time: 49862.1927s
	iters: 600, epoch: 1 | loss: 0.7344132
	speed: 1.0835s/iter; left time: 49765.0019s
	iters: 700, epoch: 1 | loss: 0.5716143
	speed: 1.0836s/iter; left time: 49663.8417s
	iters: 800, epoch: 1 | loss: 0.6050091
	speed: 1.0836s/iter; left time: 49553.3042s
	iters: 900, epoch: 1 | loss: 0.5173926
	speed: 1.0836s/iter; left time: 49444.7476s
	iters: 1000, epoch: 1 | loss: 0.5589670
	speed: 1.0835s/iter; left time: 49333.2743s
	iters: 1100, epoch: 1 | loss: 0.5518086
	speed: 1.0838s/iter; left time: 49239.7206s
	iters: 1200, epoch: 1 | loss: 0.4695634
	speed: 1.0837s/iter; left time: 49124.1703s
	iters: 1300, epoch: 1 | loss: 0.4962471
	speed: 1.0838s/iter; left time: 49023.3120s
	iters: 1400, epoch: 1 | loss: 0.3354237
	speed: 1.0837s/iter; left time: 48910.0957s
	iters: 1500, epoch: 1 | loss: 0.3642778
	speed: 1.0838s/iter; left time: 48804.9317s
	iters: 1600, epoch: 1 | loss: 0.4483392
	speed: 1.0837s/iter; left time: 48693.4036s
	iters: 1700, epoch: 1 | loss: 0.3731262
	speed: 1.0837s/iter; left time: 48582.8997s
	iters: 1800, epoch: 1 | loss: 0.3481683
	speed: 1.0840s/iter; left time: 48486.8573s
	iters: 1900, epoch: 1 | loss: 0.3688813
	speed: 1.0835s/iter; left time: 48359.6800s
	iters: 2000, epoch: 1 | loss: 0.3827255
	speed: 1.0837s/iter; left time: 48257.6270s
	iters: 2100, epoch: 1 | loss: 0.4880811
	speed: 1.0836s/iter; left time: 48144.3018s
	iters: 2200, epoch: 1 | loss: 0.4090465
	speed: 1.0829s/iter; left time: 48006.1099s
	iters: 2300, epoch: 1 | loss: 0.3589960
	speed: 1.0829s/iter; left time: 47896.3519s
	iters: 2400, epoch: 1 | loss: 0.3355822
	speed: 1.0829s/iter; left time: 47788.8168s
	iters: 2500, epoch: 1 | loss: 0.3568510
	speed: 1.0833s/iter; left time: 47699.4337s
	iters: 2600, epoch: 1 | loss: 0.3500413
	speed: 1.0834s/iter; left time: 47593.4182s
	iters: 2700, epoch: 1 | loss: 0.3629012
	speed: 1.0837s/iter; left time: 47497.9680s
	iters: 2800, epoch: 1 | loss: 0.3727939
	speed: 1.0837s/iter; left time: 47391.2830s
	iters: 2900, epoch: 1 | loss: 0.2942094
	speed: 1.0836s/iter; left time: 47277.7790s
	iters: 3000, epoch: 1 | loss: 0.5541101
	speed: 1.0838s/iter; left time: 47178.6834s
	iters: 3100, epoch: 1 | loss: 0.5014978
	speed: 1.0837s/iter; left time: 47065.3844s
	iters: 3200, epoch: 1 | loss: 0.3848417
	speed: 1.0837s/iter; left time: 46956.1201s
	iters: 3300, epoch: 1 | loss: 0.3747724
	speed: 1.0836s/iter; left time: 46846.6271s
	iters: 3400, epoch: 1 | loss: 0.3146796
	speed: 1.0834s/iter; left time: 46729.9878s
	iters: 3500, epoch: 1 | loss: 0.3701932
	speed: 1.0834s/iter; left time: 46621.9217s
	iters: 3600, epoch: 1 | loss: 0.3733530
	speed: 1.0835s/iter; left time: 46513.9543s
	iters: 3700, epoch: 1 | loss: 0.3514121
	speed: 1.0833s/iter; left time: 46399.7551s
	iters: 3800, epoch: 1 | loss: 0.2832855
	speed: 1.0834s/iter; left time: 46294.3901s
	iters: 3900, epoch: 1 | loss: 0.3631535
	speed: 1.0838s/iter; left time: 46203.3530s
	iters: 4000, epoch: 1 | loss: 0.3759729
	speed: 1.0835s/iter; left time: 46082.2788s
	iters: 4100, epoch: 1 | loss: 0.3865936
	speed: 1.0836s/iter; left time: 45978.5187s
	iters: 4200, epoch: 1 | loss: 0.3208471
	speed: 1.0838s/iter; left time: 45877.0889s
	iters: 4300, epoch: 1 | loss: 0.4208314
	speed: 1.0836s/iter; left time: 45760.2471s
	iters: 4400, epoch: 1 | loss: 0.3341991
	speed: 1.0838s/iter; left time: 45661.1790s
	iters: 4500, epoch: 1 | loss: 0.3009461
	speed: 1.0838s/iter; left time: 45551.7055s
	iters: 4600, epoch: 1 | loss: 0.3512655
	speed: 1.0838s/iter; left time: 45445.5923s
Epoch: 1 cost time: 5041.187330245972
Epoch: 1, Steps: 4653 | Train Loss: 0.5936884 Vali Loss: 0.3412060 Test Loss: 0.3995239
Validation loss decreased (inf --> 0.341206).  Saving model ...
Updating learning rate to 0.0001
	iters: 100, epoch: 2 | loss: 0.3269157
	speed: 10.5969s/iter; left time: 442716.6784s
	iters: 200, epoch: 2 | loss: 0.4157708
	speed: 1.0834s/iter; left time: 45155.2068s
	iters: 300, epoch: 2 | loss: 0.4858323
	speed: 1.0837s/iter; left time: 45059.0219s
	iters: 400, epoch: 2 | loss: 0.3357256
	speed: 1.0836s/iter; left time: 44947.5414s
	iters: 500, epoch: 2 | loss: 0.3939797
	speed: 1.0837s/iter; left time: 44839.6924s
	iters: 600, epoch: 2 | loss: 0.3652313
	speed: 1.0837s/iter; left time: 44734.8789s
	iters: 700, epoch: 2 | loss: 0.3911623
	speed: 1.0839s/iter; left time: 44633.4100s
	iters: 800, epoch: 2 | loss: 0.3563828
	speed: 1.0845s/iter; left time: 44547.7061s
	iters: 900, epoch: 2 | loss: 0.4684140
	speed: 1.0843s/iter; left time: 44433.4704s
	iters: 1000, epoch: 2 | loss: 0.3306769
	speed: 1.0842s/iter; left time: 44320.3421s
	iters: 1100, epoch: 2 | loss: 0.3460081
	speed: 1.0843s/iter; left time: 44214.5047s
	iters: 1200, epoch: 2 | loss: 0.3778270
	speed: 1.0840s/iter; left time: 44093.0158s
	iters: 1300, epoch: 2 | loss: 0.4188853
	speed: 1.0840s/iter; left time: 43985.9780s
	iters: 1400, epoch: 2 | loss: 0.3534681
	speed: 1.0842s/iter; left time: 43887.4428s
	iters: 1500, epoch: 2 | loss: 0.3868243
	speed: 1.0841s/iter; left time: 43775.3140s
	iters: 1600, epoch: 2 | loss: 0.3399339
	speed: 1.0841s/iter; left time: 43663.6226s
	iters: 1700, epoch: 2 | loss: 0.4438946
	speed: 1.0842s/iter; left time: 43558.9831s
	iters: 1800, epoch: 2 | loss: 0.4563300
	speed: 1.0842s/iter; left time: 43450.6121s
	iters: 1900, epoch: 2 | loss: 0.3896878
	speed: 1.0843s/iter; left time: 43348.4067s
	iters: 2000, epoch: 2 | loss: 0.4271710
	speed: 1.0842s/iter; left time: 43237.5556s
	iters: 2100, epoch: 2 | loss: 0.3757774
	speed: 1.0843s/iter; left time: 43130.7685s
	iters: 2200, epoch: 2 | loss: 0.3672239
	speed: 1.0843s/iter; left time: 43021.3481s
	iters: 2300, epoch: 2 | loss: 0.3500802
	speed: 1.0842s/iter; left time: 42910.8528s
	iters: 2400, epoch: 2 | loss: 0.4578811
	speed: 1.0845s/iter; left time: 42814.3321s
	iters: 2500, epoch: 2 | loss: 0.4450607
	speed: 1.0844s/iter; left time: 42701.3652s
	iters: 2600, epoch: 2 | loss: 0.4382271
	speed: 1.0842s/iter; left time: 42586.1857s
	iters: 2700, epoch: 2 | loss: 0.4922104
	speed: 1.0842s/iter; left time: 42478.1949s
	iters: 2800, epoch: 2 | loss: 0.4433573
	speed: 1.0843s/iter; left time: 42370.5837s
	iters: 2900, epoch: 2 | loss: 0.3986270
	speed: 1.0845s/iter; left time: 42270.5582s
	iters: 3000, epoch: 2 | loss: 0.3937921
	speed: 1.0843s/iter; left time: 42154.5346s
	iters: 3100, epoch: 2 | loss: 0.3795252
	speed: 1.0845s/iter; left time: 42053.2806s
	iters: 3200, epoch: 2 | loss: 0.3988859
	speed: 1.0845s/iter; left time: 41946.3450s
	iters: 3300, epoch: 2 | loss: 0.3804618
	speed: 1.0846s/iter; left time: 41841.0158s
	iters: 3400, epoch: 2 | loss: 0.4914305
	speed: 1.0847s/iter; left time: 41737.3094s
	iters: 3500, epoch: 2 | loss: 0.3662551
	speed: 1.0843s/iter; left time: 41614.6445s
	iters: 3600, epoch: 2 | loss: 0.4158304
	speed: 1.0843s/iter; left time: 41503.4963s
	iters: 3700, epoch: 2 | loss: 0.4140641
	speed: 1.0846s/iter; left time: 41409.1791s
	iters: 3800, epoch: 2 | loss: 0.3078495
	speed: 1.0832s/iter; left time: 41247.4795s
	iters: 3900, epoch: 2 | loss: 0.3420844
	speed: 1.0832s/iter; left time: 41137.1880s
	iters: 4000, epoch: 2 | loss: 0.4400256
	speed: 1.0832s/iter; left time: 41029.2531s
	iters: 4100, epoch: 2 | loss: 0.4753530
	speed: 1.0832s/iter; left time: 40921.3620s
	iters: 4200, epoch: 2 | loss: 0.3062583
	speed: 1.0831s/iter; left time: 40810.6250s
	iters: 4300, epoch: 2 | loss: 0.3810142
	speed: 1.0828s/iter; left time: 40689.5310s
	iters: 4400, epoch: 2 | loss: 0.4002048
	speed: 1.0830s/iter; left time: 40587.9446s
	iters: 4500, epoch: 2 | loss: 0.4521995
	speed: 1.0831s/iter; left time: 40484.2627s
	iters: 4600, epoch: 2 | loss: 0.3689318
	speed: 1.0829s/iter; left time: 40367.3510s
Epoch: 2 cost time: 5043.032730817795
Epoch: 2, Steps: 4653 | Train Loss: 0.3984302 Vali Loss: 0.3292013 Test Loss: 0.3875831
Validation loss decreased (0.341206 --> 0.329201).  Saving model ...
Updating learning rate to 5e-05
	iters: 100, epoch: 3 | loss: 0.2997310
	speed: 10.5943s/iter; left time: 393312.4559s
	iters: 200, epoch: 3 | loss: 0.4018654
	speed: 1.0832s/iter; left time: 40106.9096s
	iters: 300, epoch: 3 | loss: 0.3396589
	speed: 1.0828s/iter; left time: 39984.1583s
	iters: 400, epoch: 3 | loss: 0.3720106
	speed: 1.0826s/iter; left time: 39866.6589s
	iters: 500, epoch: 3 | loss: 0.3314758
	speed: 1.0826s/iter; left time: 39759.9734s
	iters: 600, epoch: 3 | loss: 0.3643902
	speed: 1.0829s/iter; left time: 39662.6567s
	iters: 700, epoch: 3 | loss: 0.2700404
	speed: 1.0830s/iter; left time: 39558.1313s
	iters: 800, epoch: 3 | loss: 0.3560398
	speed: 1.0829s/iter; left time: 39445.3610s
	iters: 900, epoch: 3 | loss: 0.2740451
	speed: 1.0829s/iter; left time: 39335.8917s
	iters: 1000, epoch: 3 | loss: 0.4645271
	speed: 1.0829s/iter; left time: 39228.2782s
	iters: 1100, epoch: 3 | loss: 0.3459969
	speed: 1.0825s/iter; left time: 39104.8869s
	iters: 1200, epoch: 3 | loss: 0.3033358
	speed: 1.0829s/iter; left time: 39011.4051s
	iters: 1300, epoch: 3 | loss: 0.2546768
	speed: 1.0829s/iter; left time: 38904.2602s
	iters: 1400, epoch: 3 | loss: 0.2916964
	speed: 1.0830s/iter; left time: 38800.2099s
	iters: 1500, epoch: 3 | loss: 0.4629263
	speed: 1.0828s/iter; left time: 38683.6812s
	iters: 1600, epoch: 3 | loss: 0.5412670
	speed: 1.0830s/iter; left time: 38583.4223s
	iters: 1700, epoch: 3 | loss: 0.3010586
	speed: 1.0829s/iter; left time: 38470.2242s
	iters: 1800, epoch: 3 | loss: 0.3662739
	speed: 1.0826s/iter; left time: 38351.0677s
	iters: 1900, epoch: 3 | loss: 0.4226232
	speed: 1.0828s/iter; left time: 38248.7666s
	iters: 2000, epoch: 3 | loss: 0.3268081
	speed: 1.0830s/iter; left time: 38147.3198s
	iters: 2100, epoch: 3 | loss: 0.3606107
	speed: 1.0830s/iter; left time: 38040.2843s
	iters: 2200, epoch: 3 | loss: 0.3930847
	speed: 1.0829s/iter; left time: 37926.9505s
	iters: 2300, epoch: 3 | loss: 0.3462220
	speed: 1.0828s/iter; left time: 37818.3759s
	iters: 2400, epoch: 3 | loss: 0.2798493
	speed: 1.0831s/iter; left time: 37720.0999s
	iters: 2500, epoch: 3 | loss: 0.3406824
	speed: 1.0826s/iter; left time: 37592.9498s
	iters: 2600, epoch: 3 | loss: 0.2863384
	speed: 1.0828s/iter; left time: 37491.1454s
	iters: 2700, epoch: 3 | loss: 0.3431650
	speed: 1.0829s/iter; left time: 37385.8485s
	iters: 2800, epoch: 3 | loss: 0.4079268
	speed: 1.0830s/iter; left time: 37282.2733s
	iters: 2900, epoch: 3 | loss: 0.3863231
	speed: 1.0829s/iter; left time: 37171.7522s
	iters: 3000, epoch: 3 | loss: 0.3031931
	speed: 1.0831s/iter; left time: 37067.7534s
	iters: 3100, epoch: 3 | loss: 0.2687352
	speed: 1.0829s/iter; left time: 36954.2900s
	iters: 3200, epoch: 3 | loss: 0.2961757
	speed: 1.0831s/iter; left time: 36852.8515s
	iters: 3300, epoch: 3 | loss: 0.3677938
	speed: 1.0832s/iter; left time: 36747.8333s
	iters: 3400, epoch: 3 | loss: 0.4296269
	speed: 1.0828s/iter; left time: 36626.3359s
	iters: 3500, epoch: 3 | loss: 0.3001482
	speed: 1.0830s/iter; left time: 36523.1257s
	iters: 3600, epoch: 3 | loss: 0.3529066
	speed: 1.0832s/iter; left time: 36424.2389s
	iters: 3700, epoch: 3 | loss: 0.3131328
	speed: 1.0832s/iter; left time: 36312.8220s
	iters: 3800, epoch: 3 | loss: 0.3191876
	speed: 1.0833s/iter; left time: 36210.3883s
	iters: 3900, epoch: 3 | loss: 0.3543922
	speed: 1.0833s/iter; left time: 36099.9805s
	iters: 4000, epoch: 3 | loss: 0.3914148
	speed: 1.0831s/iter; left time: 35987.1531s
	iters: 4100, epoch: 3 | loss: 0.4534837
	speed: 1.0831s/iter; left time: 35877.0693s
	iters: 4200, epoch: 3 | loss: 0.4688537
	speed: 1.0832s/iter; left time: 35771.0486s
	iters: 4300, epoch: 3 | loss: 0.3520156
	speed: 1.0832s/iter; left time: 35663.9186s
	iters: 4400, epoch: 3 | loss: 0.3115575
	speed: 1.0831s/iter; left time: 35552.1874s
	iters: 4500, epoch: 3 | loss: 0.3207389
	speed: 1.0832s/iter; left time: 35446.8693s
	iters: 4600, epoch: 3 | loss: 0.4160665
	speed: 1.0834s/iter; left time: 35346.1510s
Epoch: 3 cost time: 5038.456293344498
Epoch: 3, Steps: 4653 | Train Loss: 0.3444939 Vali Loss: 0.3196231 Test Loss: 0.3735375
Validation loss decreased (0.329201 --> 0.319623).  Saving model ...
Updating learning rate to 2.5e-05
	iters: 100, epoch: 4 | loss: 0.4420513
	speed: 10.5922s/iter; left time: 343950.7774s
	iters: 200, epoch: 4 | loss: 0.2797890
	speed: 1.0832s/iter; left time: 35066.3290s
	iters: 300, epoch: 4 | loss: 0.2736956
	speed: 1.0829s/iter; left time: 34948.0100s
	iters: 400, epoch: 4 | loss: 0.3480022
	speed: 1.0831s/iter; left time: 34846.2270s
	iters: 500, epoch: 4 | loss: 0.2820204
	speed: 1.0834s/iter; left time: 34748.0879s
	iters: 600, epoch: 4 | loss: 0.3802404
	speed: 1.0839s/iter; left time: 34653.4888s
	iters: 700, epoch: 4 | loss: 0.2949338
	speed: 1.0835s/iter; left time: 34533.9086s
	iters: 800, epoch: 4 | loss: 0.2913895
	speed: 1.0837s/iter; left time: 34430.0229s
	iters: 900, epoch: 4 | loss: 0.4338468
	speed: 1.0837s/iter; left time: 34322.5414s
	iters: 1000, epoch: 4 | loss: 0.3715032
	speed: 1.0838s/iter; left time: 34217.7448s
	iters: 1100, epoch: 4 | loss: 0.2952557
	speed: 1.0838s/iter; left time: 34110.4892s
	iters: 1200, epoch: 4 | loss: 0.2871279
	speed: 1.0840s/iter; left time: 34005.8849s
	iters: 1300, epoch: 4 | loss: 0.3526014
	speed: 1.0838s/iter; left time: 33893.0355s
	iters: 1400, epoch: 4 | loss: 0.3480256
	speed: 1.0836s/iter; left time: 33778.3690s
	iters: 1500, epoch: 4 | loss: 0.3054422
	speed: 1.0836s/iter; left time: 33670.2606s
	iters: 1600, epoch: 4 | loss: 0.3078488
	speed: 1.0838s/iter; left time: 33567.5198s
	iters: 1700, epoch: 4 | loss: 0.3050573
	speed: 1.0838s/iter; left time: 33458.6957s
	iters: 1800, epoch: 4 | loss: 0.2600843
	speed: 1.0840s/iter; left time: 33355.3902s
	iters: 1900, epoch: 4 | loss: 0.3585238
	speed: 1.0839s/iter; left time: 33243.9392s
	iters: 2000, epoch: 4 | loss: 0.2794063
	speed: 1.0832s/iter; left time: 33115.3305s
	iters: 2100, epoch: 4 | loss: 0.2935573
	speed: 1.0826s/iter; left time: 32988.8850s
	iters: 2200, epoch: 4 | loss: 0.2718510
	speed: 1.0829s/iter; left time: 32888.5293s
	iters: 2300, epoch: 4 | loss: 0.3345101
	speed: 1.0830s/iter; left time: 32784.9607s
	iters: 2400, epoch: 4 | loss: 0.3592232
	speed: 1.0829s/iter; left time: 32673.2840s
	iters: 2500, epoch: 4 | loss: 0.4108196
	speed: 1.0830s/iter; left time: 32566.8400s
	iters: 2600, epoch: 4 | loss: 0.3684325
	speed: 1.0831s/iter; left time: 32461.9934s
	iters: 2700, epoch: 4 | loss: 0.3157686
	speed: 1.0832s/iter; left time: 32357.2061s
	iters: 2800, epoch: 4 | loss: 0.2686536
	speed: 1.0831s/iter; left time: 32246.4273s
	iters: 2900, epoch: 4 | loss: 0.3000801
	speed: 1.0829s/iter; left time: 32131.7693s
	iters: 3000, epoch: 4 | loss: 0.2706222
	speed: 1.0830s/iter; left time: 32026.2696s
	iters: 3100, epoch: 4 | loss: 0.3636979
	speed: 1.0830s/iter; left time: 31918.4855s
	iters: 3200, epoch: 4 | loss: 0.3326331
	speed: 1.0830s/iter; left time: 31809.3354s
	iters: 3300, epoch: 4 | loss: 0.4013872
	speed: 1.0831s/iter; left time: 31705.2835s
	iters: 3400, epoch: 4 | loss: 0.2497174
	speed: 1.0840s/iter; left time: 31621.0599s
	iters: 3500, epoch: 4 | loss: 0.2697657
	speed: 1.0837s/iter; left time: 31504.4989s
	iters: 3600, epoch: 4 | loss: 0.2390257
	speed: 1.0837s/iter; left time: 31396.2845s
	iters: 3700, epoch: 4 | loss: 0.3289157
	speed: 1.0837s/iter; left time: 31288.3264s
	iters: 3800, epoch: 4 | loss: 0.2573655
	speed: 1.0836s/iter; left time: 31176.7031s
	iters: 3900, epoch: 4 | loss: 0.2764063
	speed: 1.0837s/iter; left time: 31070.4977s
	iters: 4000, epoch: 4 | loss: 0.3293364
	speed: 1.0836s/iter; left time: 30961.8473s
	iters: 4100, epoch: 4 | loss: 0.4283189
	speed: 1.0836s/iter; left time: 30853.3745s
	iters: 4200, epoch: 4 | loss: 0.3031621
	speed: 1.0835s/iter; left time: 30742.2717s
	iters: 4300, epoch: 4 | loss: 0.2393488
	speed: 1.0838s/iter; left time: 30642.0894s
	iters: 4400, epoch: 4 | loss: 0.4068007
	speed: 1.0837s/iter; left time: 30529.4581s
	iters: 4500, epoch: 4 | loss: 0.2359608
	speed: 1.0837s/iter; left time: 30421.2387s
	iters: 4600, epoch: 4 | loss: 0.3394901
	speed: 1.0838s/iter; left time: 30315.5300s
Epoch: 4 cost time: 5040.637653827667
Epoch: 4, Steps: 4653 | Train Loss: 0.3146848 Vali Loss: 0.3138760 Test Loss: 0.3658399
Validation loss decreased (0.319623 --> 0.313876).  Saving model ...
Updating learning rate to 1.25e-05
	iters: 100, epoch: 5 | loss: 0.2965083
	speed: 10.5986s/iter; left time: 294841.2670s
	iters: 200, epoch: 5 | loss: 0.2751755
	speed: 1.0831s/iter; left time: 30021.4079s
	iters: 300, epoch: 5 | loss: 0.2588461
	speed: 1.0833s/iter; left time: 29918.6133s
	iters: 400, epoch: 5 | loss: 0.3531008
	speed: 1.0833s/iter; left time: 29811.8334s
	iters: 500, epoch: 5 | loss: 0.2521178
	speed: 1.0832s/iter; left time: 29700.5739s
	iters: 600, epoch: 5 | loss: 0.3618100
	speed: 1.0833s/iter; left time: 29593.8376s
	iters: 700, epoch: 5 | loss: 0.2848668
	speed: 1.0836s/iter; left time: 29493.8493s
	iters: 800, epoch: 5 | loss: 0.2340803
	speed: 1.0838s/iter; left time: 29392.1725s
	iters: 900, epoch: 5 | loss: 0.2409543
	speed: 1.0844s/iter; left time: 29298.5420s
	iters: 1000, epoch: 5 | loss: 0.5756291
	speed: 1.0843s/iter; left time: 29187.9148s
	iters: 1100, epoch: 5 | loss: 0.2898814
	speed: 1.0831s/iter; left time: 29048.3779s
	iters: 1200, epoch: 5 | loss: 0.2953629
	speed: 1.0834s/iter; left time: 28947.0159s
	iters: 1300, epoch: 5 | loss: 0.2933612
	speed: 1.0833s/iter; left time: 28836.4501s
	iters: 1400, epoch: 5 | loss: 0.2493286
	speed: 1.0831s/iter; left time: 28723.8472s
	iters: 1500, epoch: 5 | loss: 0.3375610
	speed: 1.0830s/iter; left time: 28612.4591s
	iters: 1600, epoch: 5 | loss: 0.2505892
	speed: 1.0831s/iter; left time: 28505.7694s
	iters: 1700, epoch: 5 | loss: 0.3748396
	speed: 1.0833s/iter; left time: 28402.2681s
	iters: 1800, epoch: 5 | loss: 0.3213898
	speed: 1.0831s/iter; left time: 28288.9695s
	iters: 1900, epoch: 5 | loss: 0.2950654
	speed: 1.0832s/iter; left time: 28183.0111s
	iters: 2000, epoch: 5 | loss: 0.2897468
	speed: 1.0832s/iter; left time: 28075.3612s
	iters: 2100, epoch: 5 | loss: 0.3664882
	speed: 1.0830s/iter; left time: 27963.1421s
	iters: 2200, epoch: 5 | loss: 0.2465558
	speed: 1.0831s/iter; left time: 27855.2067s
	iters: 2300, epoch: 5 | loss: 0.2877454
	speed: 1.0830s/iter; left time: 27746.2757s
	iters: 2400, epoch: 5 | loss: 0.2609143
	speed: 1.0830s/iter; left time: 27637.0496s
	iters: 2500, epoch: 5 | loss: 0.2166258
	speed: 1.0829s/iter; left time: 27525.9076s
	iters: 2600, epoch: 5 | loss: 0.3594361
	speed: 1.0830s/iter; left time: 27419.5928s
	iters: 2700, epoch: 5 | loss: 0.2935068
	speed: 1.0830s/iter; left time: 27312.3854s
	iters: 2800, epoch: 5 | loss: 0.2569249
	speed: 1.0833s/iter; left time: 27211.7942s
	iters: 2900, epoch: 5 | loss: 0.3161495
	speed: 1.0832s/iter; left time: 27099.4467s
	iters: 3000, epoch: 5 | loss: 0.3446019
	speed: 1.0830s/iter; left time: 26987.7432s
	iters: 3100, epoch: 5 | loss: 0.2813173
	speed: 1.0834s/iter; left time: 26889.2142s
	iters: 3200, epoch: 5 | loss: 0.3023984
	speed: 1.0833s/iter; left time: 26779.2803s
	iters: 3300, epoch: 5 | loss: 0.3189649
	speed: 1.0832s/iter; left time: 26667.0247s
	iters: 3400, epoch: 5 | loss: 0.2663544
	speed: 1.0829s/iter; left time: 26552.3687s
	iters: 3500, epoch: 5 | loss: 0.2309385
	speed: 1.0831s/iter; left time: 26447.0679s
	iters: 3600, epoch: 5 | loss: 0.4152927
	speed: 1.0831s/iter; left time: 26340.5143s
	iters: 3700, epoch: 5 | loss: 0.2720647
	speed: 1.0832s/iter; left time: 26233.0345s
	iters: 3800, epoch: 5 | loss: 0.2649290
	speed: 1.0830s/iter; left time: 26120.9111s
	iters: 3900, epoch: 5 | loss: 0.2993607
	speed: 1.0832s/iter; left time: 26017.5700s
	iters: 4000, epoch: 5 | loss: 0.3183542
	speed: 1.0831s/iter; left time: 25907.6079s
	iters: 4100, epoch: 5 | loss: 0.2576525
	speed: 1.0829s/iter; left time: 25793.2011s
	iters: 4200, epoch: 5 | loss: 0.2361422
	speed: 1.0830s/iter; left time: 25687.5440s
	iters: 4300, epoch: 5 | loss: 0.3687020
	speed: 1.0833s/iter; left time: 25585.5794s
	iters: 4400, epoch: 5 | loss: 0.2256213
	speed: 1.0833s/iter; left time: 25477.0517s
	iters: 4500, epoch: 5 | loss: 0.2612038
	speed: 1.0828s/iter; left time: 25358.6779s
	iters: 4600, epoch: 5 | loss: 0.2874172
	speed: 1.0831s/iter; left time: 25257.7662s
Epoch: 5 cost time: 5039.505026578903
Epoch: 5, Steps: 4653 | Train Loss: 0.3027263 Vali Loss: 0.3154482 Test Loss: 0.3642863
EarlyStopping counter: 1 out of 3
Updating learning rate to 6.25e-06
	iters: 100, epoch: 6 | loss: 0.2892055
	speed: 10.5898s/iter; left time: 245323.6688s
	iters: 200, epoch: 6 | loss: 0.2262797
	speed: 1.0828s/iter; left time: 24975.5007s
	iters: 300, epoch: 6 | loss: 0.4376171
	speed: 1.0827s/iter; left time: 24866.0181s
	iters: 400, epoch: 6 | loss: 0.3268532
	speed: 1.0828s/iter; left time: 24759.3746s
	iters: 500, epoch: 6 | loss: 0.3207416
	speed: 1.0830s/iter; left time: 24654.7256s
	iters: 600, epoch: 6 | loss: 0.3010202
	speed: 1.0831s/iter; left time: 24549.4639s
	iters: 700, epoch: 6 | loss: 0.4199192
	speed: 1.0829s/iter; left time: 24437.4991s
	iters: 800, epoch: 6 | loss: 0.3017262
	speed: 1.0829s/iter; left time: 24327.5763s
	iters: 900, epoch: 6 | loss: 0.3270776
	speed: 1.0828s/iter; left time: 24217.5666s
	iters: 1000, epoch: 6 | loss: 0.2808842
	speed: 1.0829s/iter; left time: 24112.8402s
	iters: 1100, epoch: 6 | loss: 0.2789617
	speed: 1.0830s/iter; left time: 24005.9290s
	iters: 1200, epoch: 6 | loss: 0.2957563
	speed: 1.0832s/iter; left time: 23902.1600s
	iters: 1300, epoch: 6 | loss: 0.2114701
	speed: 1.0835s/iter; left time: 23799.9987s
	iters: 1400, epoch: 6 | loss: 0.2273823
	speed: 1.0831s/iter; left time: 23683.9232s
	iters: 1500, epoch: 6 | loss: 0.2368460
	speed: 1.0831s/iter; left time: 23575.2671s
	iters: 1600, epoch: 6 | loss: 0.2581523
	speed: 1.0832s/iter; left time: 23468.3626s
	iters: 1700, epoch: 6 | loss: 0.2665765
	speed: 1.0828s/iter; left time: 23350.7468s
	iters: 1800, epoch: 6 | loss: 0.4035215
	speed: 1.0829s/iter; left time: 23245.0335s
	iters: 1900, epoch: 6 | loss: 0.3076709
	speed: 1.0827s/iter; left time: 23133.8867s
	iters: 2000, epoch: 6 | loss: 0.3182348
	speed: 1.0830s/iter; left time: 23030.0197s
	iters: 2100, epoch: 6 | loss: 0.3448574
	speed: 1.0829s/iter; left time: 22920.8955s
	iters: 2200, epoch: 6 | loss: 0.3471310
	speed: 1.0828s/iter; left time: 22810.6943s
	iters: 2300, epoch: 6 | loss: 0.3547274
	speed: 1.0829s/iter; left time: 22703.6290s
	iters: 2400, epoch: 6 | loss: 0.3771379
	speed: 1.0833s/iter; left time: 22603.1668s
	iters: 2500, epoch: 6 | loss: 0.3125497
	speed: 1.0832s/iter; left time: 22493.5943s
	iters: 2600, epoch: 6 | loss: 0.2362529
	speed: 1.0829s/iter; left time: 22379.0358s
	iters: 2700, epoch: 6 | loss: 0.2745829
	speed: 1.0828s/iter; left time: 22268.0058s
	iters: 2800, epoch: 6 | loss: 0.2237438
	speed: 1.0831s/iter; left time: 22167.1912s
	iters: 2900, epoch: 6 | loss: 0.2801690
	speed: 1.0829s/iter; left time: 22054.0879s
	iters: 3000, epoch: 6 | loss: 0.2339122
	speed: 1.0828s/iter; left time: 21944.7162s
	iters: 3100, epoch: 6 | loss: 0.2841311
	speed: 1.0828s/iter; left time: 21835.7971s
	iters: 3200, epoch: 6 | loss: 0.2950848
	speed: 1.0831s/iter; left time: 21732.5029s
	iters: 3300, epoch: 6 | loss: 0.2940742
	speed: 1.0829s/iter; left time: 21620.1848s
	iters: 3400, epoch: 6 | loss: 0.2772501
	speed: 1.0830s/iter; left time: 21515.5520s
	iters: 3500, epoch: 6 | loss: 0.3304678
	speed: 1.0829s/iter; left time: 21403.7055s
	iters: 3600, epoch: 6 | loss: 0.2570812
	speed: 1.0830s/iter; left time: 21299.0576s
	iters: 3700, epoch: 6 | loss: 0.2831517
	speed: 1.0831s/iter; left time: 21191.8112s
	iters: 3800, epoch: 6 | loss: 0.3066968
	speed: 1.0830s/iter; left time: 21080.9863s
	iters: 3900, epoch: 6 | loss: 0.2618228
	speed: 1.0832s/iter; left time: 20977.7236s
	iters: 4000, epoch: 6 | loss: 0.2634283
	speed: 1.0836s/iter; left time: 20876.5289s
	iters: 4100, epoch: 6 | loss: 0.3192916
	speed: 1.0835s/iter; left time: 20766.2623s
	iters: 4200, epoch: 6 | loss: 0.4520650
	speed: 1.0832s/iter; left time: 20651.3651s
	iters: 4300, epoch: 6 | loss: 0.2744932
	speed: 1.0833s/iter; left time: 20545.0148s
	iters: 4400, epoch: 6 | loss: 0.3041238
	speed: 1.0833s/iter; left time: 20436.9184s
	iters: 4500, epoch: 6 | loss: 0.3089564
	speed: 1.0834s/iter; left time: 20331.9882s
	iters: 4600, epoch: 6 | loss: 0.3219507
	speed: 1.0835s/iter; left time: 20224.4957s
Epoch: 6 cost time: 5038.668825864792
Epoch: 6, Steps: 4653 | Train Loss: 0.2969473 Vali Loss: 0.3189933 Test Loss: 0.3656292
EarlyStopping counter: 2 out of 3
Updating learning rate to 3.125e-06
	iters: 100, epoch: 7 | loss: 0.2240173
	speed: 10.5950s/iter; left time: 196144.8288s
	iters: 200, epoch: 7 | loss: 0.3129057
	speed: 1.0836s/iter; left time: 19952.2068s
	iters: 300, epoch: 7 | loss: 0.3249385
	speed: 1.0837s/iter; left time: 19845.5812s
	iters: 400, epoch: 7 | loss: 0.3937812
	speed: 1.0838s/iter; left time: 19740.0361s
	iters: 500, epoch: 7 | loss: 0.2634471
	speed: 1.0845s/iter; left time: 19643.4747s
	iters: 600, epoch: 7 | loss: 0.3856842
	speed: 1.0845s/iter; left time: 19535.4218s
	iters: 700, epoch: 7 | loss: 0.2869795
	speed: 1.0846s/iter; left time: 19428.7903s
	iters: 800, epoch: 7 | loss: 0.2145954
	speed: 1.0834s/iter; left time: 19298.9267s
	iters: 900, epoch: 7 | loss: 0.2250687
	speed: 1.0835s/iter; left time: 19191.8211s
	iters: 1000, epoch: 7 | loss: 0.3029824
	speed: 1.0833s/iter; left time: 19079.3983s
	iters: 1100, epoch: 7 | loss: 0.2364532
	speed: 1.0836s/iter; left time: 18976.6707s
	iters: 1200, epoch: 7 | loss: 0.2661486
	speed: 1.0834s/iter; left time: 18865.7948s
	iters: 1300, epoch: 7 | loss: 0.2851950
	speed: 1.0835s/iter; left time: 18758.5467s
	iters: 1400, epoch: 7 | loss: 0.2290905
	speed: 1.0835s/iter; left time: 18650.7645s
	iters: 1500, epoch: 7 | loss: 0.2504015
	speed: 1.0833s/iter; left time: 18538.7257s
	iters: 1600, epoch: 7 | loss: 0.2903982
	speed: 1.0835s/iter; left time: 18434.3654s
	iters: 1700, epoch: 7 | loss: 0.3142894
	speed: 1.0834s/iter; left time: 18324.3095s
	iters: 1800, epoch: 7 | loss: 0.3057514
	speed: 1.0835s/iter; left time: 18216.3283s
	iters: 1900, epoch: 7 | loss: 0.3102494
	speed: 1.0836s/iter; left time: 18110.7836s
	iters: 2000, epoch: 7 | loss: 0.2740139
	speed: 1.0835s/iter; left time: 18000.9245s
	iters: 2100, epoch: 7 | loss: 0.2936589
	speed: 1.0834s/iter; left time: 17890.4123s
	iters: 2200, epoch: 7 | loss: 0.2943462
	speed: 1.0834s/iter; left time: 17782.2083s
	iters: 2300, epoch: 7 | loss: 0.3172625
	speed: 1.0837s/iter; left time: 17677.5827s
	iters: 2400, epoch: 7 | loss: 0.2491122
	speed: 1.0836s/iter; left time: 17568.9079s
	iters: 2500, epoch: 7 | loss: 0.2709033
	speed: 1.0834s/iter; left time: 17457.5970s
	iters: 2600, epoch: 7 | loss: 0.2937116
	speed: 1.0836s/iter; left time: 17351.6075s
	iters: 2700, epoch: 7 | loss: 0.3590943
	speed: 1.0835s/iter; left time: 17241.9110s
	iters: 2800, epoch: 7 | loss: 0.2526101
	speed: 1.0835s/iter; left time: 17134.0093s
	iters: 2900, epoch: 7 | loss: 0.2643631
	speed: 1.0837s/iter; left time: 17027.9925s
	iters: 3000, epoch: 7 | loss: 0.3121656
	speed: 1.0836s/iter; left time: 16918.1945s
	iters: 3100, epoch: 7 | loss: 0.2242263
	speed: 1.0836s/iter; left time: 16809.4309s
	iters: 3200, epoch: 7 | loss: 0.2956643
	speed: 1.0832s/iter; left time: 16696.1174s
	iters: 3300, epoch: 7 | loss: 0.2853991
	speed: 1.0833s/iter; left time: 16587.8377s
	iters: 3400, epoch: 7 | loss: 0.2895669
	speed: 1.0833s/iter; left time: 16480.9009s
	iters: 3500, epoch: 7 | loss: 0.2802746
	speed: 1.0835s/iter; left time: 16374.8793s
	iters: 3600, epoch: 7 | loss: 0.3131157
	speed: 1.0837s/iter; left time: 16269.8995s
	iters: 3700, epoch: 7 | loss: 0.2777098
	speed: 1.0832s/iter; left time: 16153.5720s
	iters: 3800, epoch: 7 | loss: 0.3560695
	speed: 1.0833s/iter; left time: 16046.8953s
	iters: 3900, epoch: 7 | loss: 0.4080524
	speed: 1.0835s/iter; left time: 15941.1567s
	iters: 4000, epoch: 7 | loss: 0.3765665
	speed: 1.0835s/iter; left time: 15833.6831s
	iters: 4100, epoch: 7 | loss: 0.3215970
	speed: 1.0834s/iter; left time: 15722.9011s
	iters: 4200, epoch: 7 | loss: 0.3702268
	speed: 1.0833s/iter; left time: 15614.0047s
	iters: 4300, epoch: 7 | loss: 0.1993998
	speed: 1.0835s/iter; left time: 15507.7079s
	iters: 4400, epoch: 7 | loss: 0.3510929
	speed: 1.0834s/iter; left time: 15398.8365s
	iters: 4500, epoch: 7 | loss: 0.2910805
	speed: 1.0833s/iter; left time: 15288.6729s
	iters: 4600, epoch: 7 | loss: 0.3506553
	speed: 1.0831s/iter; left time: 15176.8898s
Epoch: 7 cost time: 5041.009608507156
Epoch: 7, Steps: 4653 | Train Loss: 0.2940321 Vali Loss: 0.3155019 Test Loss: 0.3636179
EarlyStopping counter: 3 out of 3
Early stopping
>>>>>>>testing : long_term_forecast_LBv2_traffic_PatchTST_2880_s2021_PatchTST_custom_ftM_sl2880_ll48_pl96_dm512_nh8_el2_dl1_df512_expand2_dc4_fc3_ebtimeF_dtTrue_Exp_0<<<<<<<<<<<<<<<<<<<<<<<<<<<<<<<<<
test 3413
test shape: (3413, 96, 862) (3413, 96, 862)
test shape: (3413, 96, 862) (3413, 96, 862)
mse:0.36586320400238037, mae:0.26348310708999634, dtw:Not calculated
