Using GPU
Args in experiment:
[1mBasic Config[0m
  Task Name:          zero_shot_forecast  Is Training:        0                   
  Model ID:           LBtsfm_ETTm2_336    Model:              Chronos             

[1mData Loader[0m
  Data:               ETTm2               Root Path:          ./dataset/ETT-small/
  Data Path:          ETTm2.csv           Features:           M                   
  Target:             OT                  Freq:               h                   
  Checkpoints:        ./checkpoints/      

[1mModel Parameters[0m
  Top k:              5                   Num Kernels:        6                   
  Enc In:             7                   Dec In:             7                   
  C Out:              7                   d model:            512                 
  n heads:            8                   e layers:           2                   
  d layers:           1                   d FF:               2048                
  Moving Avg:         25                  Factor:             3                   
  Distil:             1                   Dropout:            0.1                 
  Embed:              timeF               Activation:         gelu                

[1mRun Parameters[0m
  Num Workers:        10                  Itr:                1                   
  Train Epochs:       10                  Batch Size:         64                  
  Patience:           3                   Learning Rate:      0.0001              
  Des:                Exp                 Loss:               MSE                 
  Lradj:              type1               Use Amp:            0                   

[1mGPU[0m
  Use GPU:            1                   GPU:                0                   
  Use Multi GPU:      0                   Devices:            0,1,2,3             

[1mDe-stationary Projector Params[0m
  P Hidden Dims:      128, 128            P Hidden Layers:    2                   

Use GPU: cuda:0
🚀 Lazy Loading: Chronos ...
Loading weights:   0%|          | 0/269 [00:00<?, ?it/s]Loading weights:   1%|          | 2/269 [00:00<00:14, 17.80it/s]Loading weights:   4%|▍         | 12/269 [00:00<00:04, 58.85it/s]Loading weights:   9%|▉         | 25/269 [00:00<00:02, 86.80it/s]Loading weights:  23%|██▎       | 61/269 [00:00<00:01, 179.75it/s]Loading weights:  36%|███▋      | 98/269 [00:00<00:00, 223.53it/s]Loading weights:  52%|█████▏    | 140/269 [00:00<00:00, 269.54it/s]Loading weights:  67%|██████▋   | 181/269 [00:00<00:00, 299.07it/s]Loading weights:  78%|███████▊  | 211/269 [00:00<00:00, 281.74it/s]Loading weights:  91%|█████████▏| 246/269 [00:01<00:00, 291.49it/s]Loading weights: 100%|██████████| 269/269 [00:01<00:00, 253.22it/s]
>>>>>>>testing : zero_shot_forecast_LBtsfm_ETTm2_336_Chronos_ETTm2_ftM_sl336_ll48_pl96_dm512_nh8_el2_dl1_df2048_expand2_dc4_fc3_ebtimeF_dtTrue_Exp_0<<<<<<<<<<<<<<<<<<<<<<<<<<<<<<<<<
test 11425
test shape: (11425, 96, 7) (11425, 96, 7)
test shape: (11425, 96, 7) (11425, 96, 7)
mse:0.18284162878990173, mae:0.2550811171531677, dtw:Not calculated
