Using GPU
Args in experiment:
[1mBasic Config[0m
  Task Name:          zero_shot_forecast  Is Training:        0                   
  Model ID:           LBtsfm_exchange_rate_336Model:              Chronos             

[1mData Loader[0m
  Data:               custom              Root Path:          ./dataset/exchange_rate/
  Data Path:          exchange_rate.csv   Features:           M                   
  Target:             OT                  Freq:               h                   
  Checkpoints:        ./checkpoints/      

[1mModel Parameters[0m
  Top k:              5                   Num Kernels:        6                   
  Enc In:             8                   Dec In:             8                   
  C Out:              8                   d model:            512                 
  n heads:            8                   e layers:           2                   
  d layers:           1                   d FF:               2048                
  Moving Avg:         25                  Factor:             3                   
  Distil:             1                   Dropout:            0.1                 
  Embed:              timeF               Activation:         gelu                

[1mRun Parameters[0m
  Num Workers:        10                  Itr:                1                   
  Train Epochs:       10                  Batch Size:         64                  
  Patience:           3                   Learning Rate:      0.0001              
  Des:                Exp                 Loss:               MSE                 
  Lradj:              type1               Use Amp:            0                   

[1mGPU[0m
  Use GPU:            1                   GPU:                0                   
  Use Multi GPU:      0                   Devices:            0,1,2,3             

[1mDe-stationary Projector Params[0m
  P Hidden Dims:      128, 128            P Hidden Layers:    2                   

Use GPU: cuda:0
🚀 Lazy Loading: Chronos ...
Loading weights:   0%|          | 0/269 [00:00<?, ?it/s]Loading weights:   0%|          | 1/269 [00:00<03:02,  1.47it/s]Loading weights:   7%|▋         | 20/269 [00:00<00:07, 33.01it/s]Loading weights:  11%|█         | 30/269 [00:00<00:05, 43.85it/s]Loading weights:  26%|██▌       | 69/269 [00:01<00:01, 104.59it/s]Loading weights:  33%|███▎      | 90/269 [00:01<00:01, 121.79it/s]Loading weights:  40%|███▉      | 107/269 [00:01<00:01, 127.04it/s]Loading weights:  51%|█████     | 137/269 [00:01<00:00, 155.65it/s]Loading weights:  63%|██████▎   | 170/269 [00:01<00:00, 192.26it/s]Loading weights:  73%|███████▎  | 197/269 [00:01<00:00, 206.50it/s]Loading weights:  82%|████████▏ | 220/269 [00:01<00:00, 200.77it/s]Loading weights:  90%|█████████ | 243/269 [00:01<00:00, 201.82it/s]Loading weights: 100%|██████████| 269/269 [00:01<00:00, 138.17it/s]
>>>>>>>testing : zero_shot_forecast_LBtsfm_exchange_rate_336_Chronos_custom_ftM_sl336_ll48_pl96_dm512_nh8_el2_dl1_df2048_expand2_dc4_fc3_ebtimeF_dtTrue_Exp_0<<<<<<<<<<<<<<<<<<<<<<<<<<<<<<<<<
test 1422
test shape: (1422, 96, 8) (1422, 96, 8)
test shape: (1422, 96, 8) (1422, 96, 8)
mse:0.10803508013486862, mae:0.22628048062324524, dtw:Not calculated
