Using GPU
Args in experiment:
[1mBasic Config[0m
  Task Name:          zero_shot_forecast  Is Training:        0                   
  Model ID:           LBtsfm_traffic_336  Model:              Chronos             

[1mData Loader[0m
  Data:               custom              Root Path:          ./dataset/traffic/  
  Data Path:          traffic.csv         Features:           M                   
  Target:             OT                  Freq:               h                   
  Checkpoints:        ./checkpoints/      

[1mModel Parameters[0m
  Top k:              5                   Num Kernels:        6                   
  Enc In:             862                 Dec In:             862                 
  C Out:              862                 d model:            512                 
  n heads:            8                   e layers:           2                   
  d layers:           1                   d FF:               2048                
  Moving Avg:         25                  Factor:             3                   
  Distil:             1                   Dropout:            0.1                 
  Embed:              timeF               Activation:         gelu                

[1mRun Parameters[0m
  Num Workers:        10                  Itr:                1                   
  Train Epochs:       10                  Batch Size:         64                  
  Patience:           3                   Learning Rate:      0.0001              
  Des:                Exp                 Loss:               MSE                 
  Lradj:              type1               Use Amp:            0                   

[1mGPU[0m
  Use GPU:            1                   GPU:                0                   
  Use Multi GPU:      0                   Devices:            0,1,2,3             

[1mDe-stationary Projector Params[0m
  P Hidden Dims:      128, 128            P Hidden Layers:    2                   

Use GPU: cuda:0
🚀 Lazy Loading: Chronos ...
Loading weights:   0%|          | 0/269 [00:00<?, ?it/s]Loading weights:   0%|          | 1/269 [00:00<01:04,  4.18it/s]Loading weights:   5%|▍         | 13/269 [00:00<00:05, 47.30it/s]Loading weights:  14%|█▍        | 38/269 [00:00<00:02, 87.14it/s]Loading weights:  22%|██▏       | 59/269 [00:00<00:01, 119.16it/s]Loading weights:  32%|███▏      | 87/269 [00:00<00:01, 143.23it/s]Loading weights:  42%|████▏     | 113/269 [00:00<00:00, 166.77it/s]Loading weights:  58%|█████▊    | 156/269 [00:01<00:00, 227.06it/s]Loading weights:  71%|███████   | 190/269 [00:01<00:00, 235.48it/s]Loading weights:  80%|███████▉  | 215/269 [00:01<00:00, 227.35it/s]Loading weights:  89%|████████▉ | 239/269 [00:01<00:00, 197.40it/s]Loading weights:  97%|█████████▋| 260/269 [00:01<00:00, 190.52it/s]Loading weights: 100%|██████████| 269/269 [00:01<00:00, 171.63it/s]
>>>>>>>testing : zero_shot_forecast_LBtsfm_traffic_336_Chronos_custom_ftM_sl336_ll48_pl96_dm512_nh8_el2_dl1_df2048_expand2_dc4_fc3_ebtimeF_dtTrue_Exp_0<<<<<<<<<<<<<<<<<<<<<<<<<<<<<<<<<
test 3413
