Loading weights:   0%|          | 0/269 [00:00<?, ?it/s]Loading weights:  18%|█▊        | 49/269 [00:00<00:00, 484.93it/s]Loading weights:  37%|███▋      | 100/269 [00:00<00:00, 495.32it/s]Loading weights:  56%|█████▌    | 150/269 [00:00<00:00, 469.72it/s]Loading weights:  76%|███████▌  | 205/269 [00:00<00:00, 482.69it/s]Loading weights: 100%|██████████| 269/269 [00:00<00:00, 527.96it/s]
[LOOP_SEATTLE_5T] L=96(eff 96): crps=0.7926 mase=2.1391 nmse=4.7066 (1s)
[LOOP_SEATTLE_5T] L=336(eff 336): crps=0.6026 mase=1.5829 nmse=1.4258 (1s)
[LOOP_SEATTLE_5T] L=720(eff 720): crps=0.5256 mase=1.4087 nmse=0.8376 (1s)
[LOOP_SEATTLE_5T] L=1440(eff 1440): crps=0.5234 mase=1.4055 nmse=0.7965 (2s)
[LOOP_SEATTLE_5T] L=2880(eff 2048): crps=0.5202 mase=1.4054 nmse=0.8048 (3s)
[LOOP_SEATTLE_5T] DONE in 8s -> scan/LOOP_SEATTLE_5T.npz
[SZ_TAXI_15T] L=96(eff 96): crps=3.0557 mase=0.9667 nmse=0.7504 (0s)
[SZ_TAXI_15T] L=336(eff 336): crps=2.7983 mase=0.8851 nmse=0.6397 (0s)
[SZ_TAXI_15T] L=720(eff 720): crps=2.6439 mase=0.8485 nmse=0.5713 (0s)
[SZ_TAXI_15T] L=1440(eff 1440): crps=2.6248 mase=0.8444 nmse=0.5611 (1s)
[SZ_TAXI_15T] L=2880(eff 2048): crps=2.6176 mase=0.8382 nmse=0.5592 (1s)
[SZ_TAXI_15T] DONE in 2s -> scan/SZ_TAXI_15T.npz
[bitbrains_rnd_5T] L=96(eff 96): crps=3.9241 mase=nan nmse=5795.5229 (0s)
[bitbrains_rnd_5T] L=336(eff 336): crps=3.3399 mase=nan nmse=197.5058 (0s)
[bitbrains_rnd_5T] L=720(eff 720): crps=3.8610 mase=nan nmse=26564.7567 (1s)
[bitbrains_rnd_5T] L=1440(eff 1440): crps=3.5280 mase=nan nmse=2118.4078 (2s)
[bitbrains_rnd_5T] L=2880(eff 2048): crps=3.5688 mase=nan nmse=45.7296 (2s)
[bitbrains_rnd_5T] DONE in 6s -> scan/bitbrains_rnd_5T.npz
[bizitobs_application] L=96(eff 96): crps=0.6457 mase=13.0894 nmse=4.4891 (0s)
[bizitobs_application] L=336(eff 336): crps=0.4443 mase=9.8976 nmse=95.1903 (0s)
[bizitobs_application] L=720(eff 720): crps=0.3541 mase=8.8056 nmse=2.2826 (0s)
[bizitobs_application] L=1440(eff 1440): crps=0.5354 mase=13.1912 nmse=4.8771 (0s)
[bizitobs_application] L=2880(eff 2048): crps=0.5751 mase=13.6808 nmse=3.5955 (0s)
[bizitobs_application] DONE in 0s -> scan/bizitobs_application.npz
[bizitobs_l2c_H] L=96(eff 96): crps=7.1227 mase=10.8128 nmse=1.5975 (0s)
[bizitobs_l2c_H] L=336(eff 336): crps=5.4557 mase=9.1444 nmse=0.7770 (0s)
[bizitobs_l2c_H] L=720(eff 720): crps=2.3424 mase=4.6124 nmse=0.3579 (0s)
[bizitobs_l2c_H] L=1440(eff 1440): crps=2.1727 mase=4.2298 nmse=0.2936 (0s)
[bizitobs_l2c_H] L=2880(eff 2048): crps=2.1739 mase=4.2130 nmse=0.2910 (0s)
[bizitobs_l2c_H] DONE in 0s -> scan/bizitobs_l2c_H.npz
[electricity_15T] L=96(eff 96): crps=1.1608 mase=2.2791 nmse=1.4733 (0s)
[electricity_15T] L=336(eff 336): crps=0.8765 mase=1.7252 nmse=1.1126 (0s)
[electricity_15T] L=720(eff 720): crps=0.8129 mase=1.5926 nmse=1.0613 (1s)
[electricity_15T] L=1440(eff 1440): crps=0.8255 mase=1.5978 nmse=1.0141 (2s)
[electricity_15T] L=2880(eff 2048): crps=0.8291 mase=1.6064 nmse=0.9504 (3s)
[electricity_15T] DONE in 8s -> scan/electricity_15T.npz
[ett1_15T] L=96(eff 96): crps=2.9781 mase=4.7742 nmse=3.0390 (0s)
[ett1_15T] L=336(eff 336): crps=1.5992 mase=2.3519 nmse=0.7054 (0s)
[ett1_15T] L=720(eff 720): crps=1.6303 mase=2.3581 nmse=0.7409 (0s)
[ett1_15T] L=1440(eff 1440): crps=1.5398 mase=2.2572 nmse=0.6765 (0s)
[ett1_15T] L=2880(eff 2048): crps=1.5339 mase=2.2362 nmse=0.6403 (0s)
[ett1_15T] DONE in 1s -> scan/ett1_15T.npz
[ett2_H] L=96(eff 96): crps=0.8125 mase=1.9279 nmse=0.8963 (0s)
[ett2_H] L=336(eff 336): crps=0.7497 mase=1.7919 nmse=0.7712 (0s)
[ett2_H] L=720(eff 720): crps=0.7333 mase=1.7819 nmse=0.7437 (0s)
[ett2_H] L=1440(eff 1440): crps=0.7339 mase=1.7726 nmse=0.7468 (0s)
[ett2_H] L=2880(eff 2048): crps=0.7296 mase=1.7548 nmse=0.7329 (0s)
[ett2_H] DONE in 1s -> scan/ett2_H.npz
[jena_weather_10T] L=96(eff 96): crps=142.5199 mase=4.3989 nmse=23940.7521 (0s)
[jena_weather_10T] L=336(eff 336): crps=53.2481 mase=4.1019 nmse=1048.5037 (0s)
[jena_weather_10T] L=720(eff 720): crps=93.4202 mase=4.1350 nmse=40232.6956 (0s)
[jena_weather_10T] L=1440(eff 1440): crps=50.3707 mase=3.9804 nmse=37292.0681 (1s)
[jena_weather_10T] L=2880(eff 2048): crps=53.7051 mase=3.9902 nmse=21496.8048 (1s)
[jena_weather_10T] DONE in 2s -> scan/jena_weather_10T.npz
[kdd_cup_2018_with_missing_H] L=96(eff 96): crps=3.7970 mase=nan nmse=0.6942 (0s)
[kdd_cup_2018_with_missing_H] L=336(eff 336): crps=2.4366 mase=nan nmse=0.4350 (0s)
[kdd_cup_2018_with_missing_H] L=720(eff 720): crps=2.1585 mase=nan nmse=0.3521 (1s)
[kdd_cup_2018_with_missing_H] L=1440(eff 1440): crps=2.1393 mase=nan nmse=0.3549 (2s)
[kdd_cup_2018_with_missing_H] L=2880(eff 2048): crps=2.1460 mase=nan nmse=0.3608 (3s)
[kdd_cup_2018_with_missing_H] DONE in 7s -> scan/kdd_cup_2018_with_missing_H.npz
[saugeenday_D] L=96(eff 96): crps=3.7012 mase=4.2671 nmse=1.6215 (0s)
[saugeenday_D] L=336(eff 336): crps=3.3213 mase=3.4496 nmse=2.0802 (0s)
[saugeenday_D] L=720(eff 720): crps=2.8155 mase=2.9269 nmse=1.6247 (0s)
[saugeenday_D] L=1440(eff 1440): crps=2.6489 mase=2.8201 nmse=1.3449 (0s)
[saugeenday_D] L=2880(eff 2048): crps=2.6582 mase=2.8359 nmse=1.3819 (0s)
[saugeenday_D] DONE in 0s -> scan/saugeenday_D.npz
[solar_10T] L=96(eff 96): crps=249.0202 mase=6.4874 nmse=3215.8405 (0s)
[solar_10T] L=336(eff 336): crps=41.3549 mase=5.2721 nmse=161.6454 (0s)
[solar_10T] L=720(eff 720): crps=52.2008 mase=3.9497 nmse=148.3599 (1s)
[solar_10T] L=1440(eff 1440): crps=56.0120 mase=4.1418 nmse=33.6663 (2s)
[solar_10T] L=2880(eff 2048): crps=54.9972 mase=4.3308 nmse=29.2674 (3s)
[solar_10T] DONE in 7s -> scan/solar_10T.npz
[hierarchical_sales_D] L=96(eff 96): crps=6.4399 mase=nan nmse=0.9369 (0s)
[hierarchical_sales_D] L=336(eff 336): crps=6.0646 mase=nan nmse=0.6883 (0s)
[hierarchical_sales_D] L=720(eff 720): crps=5.9672 mase=nan nmse=0.6525 (0s)
[hierarchical_sales_D] L=1440(eff 1440): crps=5.9779 mase=nan nmse=0.6590 (1s)
[hierarchical_sales_D] L=2880(eff 2048): crps=5.9847 mase=nan nmse=0.6634 (1s)
[hierarchical_sales_D] DONE in 2s -> scan/hierarchical_sales_D.npz
